
Thread 1 "postgres" hit Breakpoint 1, standard_planner (parse=0x55cab09a6e00, cursorOptions=256, boundParams=0x0) at planner.c:750
750		result->resultRelations = glob->resultRelations;
$1 = Query {commandType: CMD_SELECT, querySource: QSRC_ORIGINAL, queryId: 0, canSetTag: true, resultRelation: 0, hasAggs: true, hasWindowFuncs: false, hasTargetSRFs: false, hasSubLinks: false, hasDynamicFunctions: false, hasFuncsWithExecRestrictions: false, hasDistinctOn: false, hasRecursive: false, hasModifyingCTE: false, hasForUpdate: false, hasRowSecurity: false, canOptSelectLockingClause: false, override: OVERRIDING_NOT_SET, isTableValueSelect: false, parentStmtType: 0 '\000', stmt_location: 0, stmt_len: 522, expandMatViews: false} = {
  rtable = List with 1 elements = {
    0 = RangeTblEntry {rtekind: RTE_RELATION, relid: 24597, relkind: 114 'r', rellockmode: 1, security_barrier: false, jointype: JOIN_INNER, funcordinality: false, ctename: 0x0, ctelevelsup: 0, self_reference: false, enrname: 0x0, enrtuples: 0, forceDistRandom: false, lateral: false, inh: false, inFromCl: true, requiredPerms: 2, checkAsUser: 0, selectedCols: (b 13 14 15 16 17 18 19), insertedCols: 0x0, updatedCols: 0x0, extraUpdatedCols: 0x0} = {
      eref = Alias aliasname: 'lineitem' = {
        colnames = List with 16 elements = {
          0 = String[ 'l_orderkey' ],
          1 = String[ 'l_partkey' ],
          2 = String[ 'l_suppkey' ],
          3 = String[ 'l_linenumber' ],
          4 = String[ 'l_quantity' ],
          5 = String[ 'l_extendedprice' ],
          6 = String[ 'l_discount' ],
          7 = String[ 'l_tax' ],
          8 = String[ 'l_returnflag' ],
          9 = String[ 'l_linestatus' ],
          10 = String[ 'l_shipdate' ],
          11 = String[ 'l_commitdate' ],
          12 = String[ 'l_receiptdate' ],
          13 = String[ 'l_shipinstruct' ],
          14 = String[ 'l_shipmode' ],
          15 = String[ 'l_comment' ]
        }
      }
    }
  },
  targetList = List with 10 elements = {
    0 = TargetEntry {resno: 1, resname: 'l_returnflag', ressortgroupref: 1, resorigtbl: 24597, resorigcol: 9, resjunk: false} = {
      expr = Var {varno: 1, varattno: 9, vartype: 1042, vartypmod: 5, varcollid: 100, varlevelsup: 0, varnoold: 1, varoattno: 9, location: 9}
    },
    1 = TargetEntry {resno: 2, resname: 'l_linestatus', ressortgroupref: 2, resorigtbl: 24597, resorigcol: 10, resjunk: false} = {
      expr = Var {varno: 1, varattno: 10, vartype: 1042, vartypmod: 5, varcollid: 100, varlevelsup: 0, varnoold: 1, varoattno: 10, location: 25}
    },
    2 = TargetEntry {resno: 3, resname: 'sum_qty', ressortgroupref: 0, resorigtbl: 0, resorigcol: 0, resjunk: false} = {
      expr = Aggref {aggfnoid: 2114, aggtype: 1700, aggcollid: 0, inputcollid: 0, aggtranstype: 2281, aggstar: false, aggvariadic: false, aggkind: 110 'n', agglevelsup: 0, aggsplit: AGGSPLIT_SIMPLE, location: 41} = {
        aggargtypes = OidList with 1 elements = {1700},
        args = List with 1 elements = {
          0 = TargetEntry {resno: 1, resname: 0x0, ressortgroupref: 0, resorigtbl: 0, resorigcol: 0, resjunk: false} = {
            expr = Var {varno: 1, varattno: 5, vartype: 1700, vartypmod: 983046, varcollid: 0, varlevelsup: 0, varnoold: 1, varoattno: 5, location: 45}
          }
        }
      }
    },
    3 = TargetEntry {resno: 4, resname: 'sum_base_price', ressortgroupref: 0, resorigtbl: 0, resorigcol: 0, resjunk: false} = {
      expr = Aggref {aggfnoid: 2114, aggtype: 1700, aggcollid: 0, inputcollid: 0, aggtranstype: 2281, aggstar: false, aggvariadic: false, aggkind: 110 'n', agglevelsup: 0, aggsplit: AGGSPLIT_SIMPLE, location: 71} = {
        aggargtypes = OidList with 1 elements = {1700},
        args = List with 1 elements = {
          0 = TargetEntry {resno: 1, resname: 0x0, ressortgroupref: 0, resorigtbl: 0, resorigcol: 0, resjunk: false} = {
            expr = Var {varno: 1, varattno: 6, vartype: 1700, vartypmod: 983046, varcollid: 0, varlevelsup: 0, varnoold: 1, varoattno: 6, location: 75}
          }
        }
      }
    },
    4 = TargetEntry {resno: 5, resname: 'sum_disc_price', ressortgroupref: 0, resorigtbl: 0, resorigcol: 0, resjunk: false} = {
      expr = Aggref {aggfnoid: 2114, aggtype: 1700, aggcollid: 0, inputcollid: 0, aggtranstype: 2281, aggstar: false, aggvariadic: false, aggkind: 110 'n', agglevelsup: 0, aggsplit: AGGSPLIT_SIMPLE, location: 113} = {
        aggargtypes = OidList with 1 elements = {1700},
        args = List with 1 elements = {
          0 = TargetEntry {resno: 1, resname: 0x0, ressortgroupref: 0, resorigtbl: 0, resorigcol: 0, resjunk: false} = {
            expr = OpExpr {opno: 1760, opfuncid: 1726, opresulttype: 1700, opretset: false, opcollid: 0, inputcollid: 0, location: 133} = {
              args = List with 2 elements = {
                0 = Var {varno: 1, varattno: 6, vartype: 1700, vartypmod: 983046, varcollid: 0, varlevelsup: 0, varnoold: 1, varoattno: 6, location: 117},
                1 = OpExpr {opno: 1759, opfuncid: 1725, opresulttype: 1700, opretset: false, opcollid: 0, inputcollid: 0, location: 138} = {
                  args = List with 2 elements = {
                    0 = Const {consttype: 1700, consttypmod: -1, constcollid: 0, constlen: -1, constvalue: 94329034663584, constisnull: false, constbyval: false, location: -1},
                    1 = Var {varno: 1, varattno: 7, vartype: 1700, vartypmod: 983046, varcollid: 0, varlevelsup: 0, varnoold: 1, varoattno: 7, location: 140}
                  }
                }
              }
            }
          }
        }
      }
    },
    5 = TargetEntry {resno: 6, resname: 'sum_charge', ressortgroupref: 0, resorigtbl: 0, resorigcol: 0, resjunk: false} = {
      expr = Aggref {aggfnoid: 2114, aggtype: 1700, aggcollid: 0, inputcollid: 0, aggtranstype: 2281, aggstar: false, aggvariadic: false, aggkind: 110 'n', agglevelsup: 0, aggsplit: AGGSPLIT_SIMPLE, location: 174} = {
        aggargtypes = OidList with 1 elements = {1700},
        args = List with 1 elements = {
          0 = TargetEntry {resno: 1, resname: 0x0, ressortgroupref: 0, resorigtbl: 0, resorigcol: 0, resjunk: false} = {
            expr = OpExpr {opno: 1760, opfuncid: 1726, opresulttype: 1700, opretset: false, opcollid: 0, inputcollid: 0, location: 213} = {
              args = List with 2 elements = {
                0 = OpExpr {opno: 1760, opfuncid: 1726, opresulttype: 1700, opretset: false, opcollid: 0, inputcollid: 0, location: 194} = {
                  args = List with 2 elements = {
                    0 = Var {varno: 1, varattno: 6, vartype: 1700, vartypmod: 983046, varcollid: 0, varlevelsup: 0, varnoold: 1, varoattno: 6, location: 178},
                    1 = OpExpr {opno: 1759, opfuncid: 1725, opresulttype: 1700, opretset: false, opcollid: 0, inputcollid: 0, location: 199} = {
                      args = List with 2 elements = {
                        0 = Const {consttype: 1700, consttypmod: -1, constcollid: 0, constlen: -1, constvalue: 94329012056032, constisnull: false, constbyval: false, location: -1},
                        1 = Var {varno: 1, varattno: 7, vartype: 1700, vartypmod: 983046, varcollid: 0, varlevelsup: 0, varnoold: 1, varoattno: 7, location: 201}
                      }
                    }
                  }
                },
                1 = OpExpr {opno: 1758, opfuncid: 1724, opresulttype: 1700, opretset: false, opcollid: 0, inputcollid: 0, location: 218} = {
                  args = List with 2 elements = {
                    0 = Const {consttype: 1700, consttypmod: -1, constcollid: 0, constlen: -1, constvalue: 94329012056840, constisnull: false, constbyval: false, location: -1},
                    1 = Var {varno: 1, varattno: 8, vartype: 1700, vartypmod: 983046, varcollid: 0, varlevelsup: 0, varnoold: 1, varoattno: 8, location: 220}
                  }
                }
              }
            }
          }
        }
      }
    },
    6 = TargetEntry {resno: 7, resname: 'avg_qty', ressortgroupref: 0, resorigtbl: 0, resorigcol: 0, resjunk: false} = {
      expr = Aggref {aggfnoid: 2103, aggtype: 1700, aggcollid: 0, inputcollid: 0, aggtranstype: 2281, aggstar: false, aggvariadic: false, aggkind: 110 'n', agglevelsup: 0, aggsplit: AGGSPLIT_SIMPLE, location: 245} = {
        aggargtypes = OidList with 1 elements = {1700},
        args = List with 1 elements = {
          0 = TargetEntry {resno: 1, resname: 0x0, ressortgroupref: 0, resorigtbl: 0, resorigcol: 0, resjunk: false} = {
            expr = Var {varno: 1, varattno: 5, vartype: 1700, vartypmod: 983046, varcollid: 0, varlevelsup: 0, varnoold: 1, varoattno: 5, location: 249}
          }
        }
      }
    },
    7 = TargetEntry {resno: 8, resname: 'avg_price', ressortgroupref: 0, resorigtbl: 0, resorigcol: 0, resjunk: false} = {
      expr = Aggref {aggfnoid: 2103, aggtype: 1700, aggcollid: 0, inputcollid: 0, aggtranstype: 2281, aggstar: false, aggvariadic: false, aggkind: 110 'n', agglevelsup: 0, aggsplit: AGGSPLIT_SIMPLE, location: 275} = {
        aggargtypes = OidList with 1 elements = {1700},
        args = List with 1 elements = {
          0 = TargetEntry {resno: 1, resname: 0x0, ressortgroupref: 0, resorigtbl: 0, resorigcol: 0, resjunk: false} = {
            expr = Var {varno: 1, varattno: 6, vartype: 1700, vartypmod: 983046, varcollid: 0, varlevelsup: 0, varnoold: 1, varoattno: 6, location: 279}
          }
        }
      }
    },
    8 = TargetEntry {resno: 9, resname: 'avg_disc', ressortgroupref: 0, resorigtbl: 0, resorigcol: 0, resjunk: false} = {
      expr = Aggref {aggfnoid: 2103, aggtype: 1700, aggcollid: 0, inputcollid: 0, aggtranstype: 2281, aggstar: false, aggvariadic: false, aggkind: 110 'n', agglevelsup: 0, aggsplit: AGGSPLIT_SIMPLE, location: 312} = {
        aggargtypes = OidList with 1 elements = {1700},
        args = List with 1 elements = {
          0 = TargetEntry {resno: 1, resname: 0x0, ressortgroupref: 0, resorigtbl: 0, resorigcol: 0, resjunk: false} = {
            expr = Var {varno: 1, varattno: 7, vartype: 1700, vartypmod: 983046, varcollid: 0, varlevelsup: 0, varnoold: 1, varoattno: 7, location: 316}
          }
        }
      }
    },
    9 = TargetEntry {resno: 10, resname: 'count_order', ressortgroupref: 0, resorigtbl: 0, resorigcol: 0, resjunk: false} = {
      expr = Aggref {aggfnoid: 2803, aggtype: 20, aggcollid: 0, inputcollid: 0, aggtranstype: 20, aggstar: true, aggvariadic: false, aggkind: 110 'n', agglevelsup: 0, aggsplit: AGGSPLIT_SIMPLE, location: 343}
    }
  }
}
$2 = CdbMotionPath T_Motion (cost=157.58..157.58 rows=963 memo=0.00 parallel_aware=False parallel_safe=False parallel_workers=0 motionHazard=True rescannable=False sameslice_relids=(b)) is_explicit_motion: false = {
  path.parent = (b),
  path.pathtarget = PathTarget {cost: (0.00..0.00), width: 248} = {
    sortgrouprefs = [1, 2, 0, 0, 0, 0, 0, 0, 0, 0],
    exprs = List with 10 elements = {
      0 = Var {varno: 1, varattno: 9, vartype: 1042, vartypmod: 5, varcollid: 100, varlevelsup: 0, varnoold: 1, varoattno: 9, location: 9},
      1 = Var {varno: 1, varattno: 10, vartype: 1042, vartypmod: 5, varcollid: 100, varlevelsup: 0, varnoold: 1, varoattno: 10, location: 25},
      2 = Aggref {aggfnoid: 2114, aggtype: 1700, aggcollid: 0, inputcollid: 0, aggtranstype: 2281, aggstar: false, aggvariadic: false, aggkind: 110 'n', agglevelsup: 0, aggsplit: AGGSPLIT_SIMPLE, location: 41} = {
        aggargtypes = OidList with 1 elements = {1700},
        args = List with 1 elements = {
          0 = TargetEntry {resno: 1, resname: 0x0, ressortgroupref: 0, resorigtbl: 0, resorigcol: 0, resjunk: false} = {
            expr = Var {varno: 1, varattno: 5, vartype: 1700, vartypmod: 983046, varcollid: 0, varlevelsup: 0, varnoold: 1, varoattno: 5, location: 45}
          }
        }
      },
      3 = Aggref {aggfnoid: 2114, aggtype: 1700, aggcollid: 0, inputcollid: 0, aggtranstype: 2281, aggstar: false, aggvariadic: false, aggkind: 110 'n', agglevelsup: 0, aggsplit: AGGSPLIT_SIMPLE, location: 71} = {
        aggargtypes = OidList with 1 elements = {1700},
        args = List with 1 elements = {
          0 = TargetEntry {resno: 1, resname: 0x0, ressortgroupref: 0, resorigtbl: 0, resorigcol: 0, resjunk: false} = {
            expr = Var {varno: 1, varattno: 6, vartype: 1700, vartypmod: 983046, varcollid: 0, varlevelsup: 0, varnoold: 1, varoattno: 6, location: 75}
          }
        }
      },
      4 = Aggref {aggfnoid: 2114, aggtype: 1700, aggcollid: 0, inputcollid: 0, aggtranstype: 2281, aggstar: false, aggvariadic: false, aggkind: 110 'n', agglevelsup: 0, aggsplit: AGGSPLIT_SIMPLE, location: 113} = {
        aggargtypes = OidList with 1 elements = {1700},
        args = List with 1 elements = {
          0 = TargetEntry {resno: 1, resname: 0x0, ressortgroupref: 0, resorigtbl: 0, resorigcol: 0, resjunk: false} = {
            expr = OpExpr {opno: 1760, opfuncid: 1726, opresulttype: 1700, opretset: false, opcollid: 0, inputcollid: 0, location: 133} = {
              args = List with 2 elements = {
                0 = Var {varno: 1, varattno: 6, vartype: 1700, vartypmod: 983046, varcollid: 0, varlevelsup: 0, varnoold: 1, varoattno: 6, location: 117},
                1 = OpExpr {opno: 1759, opfuncid: 1725, opresulttype: 1700, opretset: false, opcollid: 0, inputcollid: 0, location: 138} = {
                  args = List with 2 elements = {
                    0 = Const {consttype: 1700, consttypmod: -1, constcollid: 0, constlen: -1, constvalue: 94329034663584, constisnull: false, constbyval: false, location: -1},
                    1 = Var {varno: 1, varattno: 7, vartype: 1700, vartypmod: 983046, varcollid: 0, varlevelsup: 0, varnoold: 1, varoattno: 7, location: 140}
                  }
                }
              }
            }
          }
        }
      },
      5 = Aggref {aggfnoid: 2114, aggtype: 1700, aggcollid: 0, inputcollid: 0, aggtranstype: 2281, aggstar: false, aggvariadic: false, aggkind: 110 'n', agglevelsup: 0, aggsplit: AGGSPLIT_SIMPLE, location: 174} = {
        aggargtypes = OidList with 1 elements = {1700},
        args = List with 1 elements = {
          0 = TargetEntry {resno: 1, resname: 0x0, ressortgroupref: 0, resorigtbl: 0, resorigcol: 0, resjunk: false} = {
            expr = OpExpr {opno: 1760, opfuncid: 1726, opresulttype: 1700, opretset: false, opcollid: 0, inputcollid: 0, location: 213} = {
              args = List with 2 elements = {
                0 = OpExpr {opno: 1760, opfuncid: 1726, opresulttype: 1700, opretset: false, opcollid: 0, inputcollid: 0, location: 194} = {
                  args = List with 2 elements = {
                    0 = Var {varno: 1, varattno: 6, vartype: 1700, vartypmod: 983046, varcollid: 0, varlevelsup: 0, varnoold: 1, varoattno: 6, location: 178},
                    1 = OpExpr {opno: 1759, opfuncid: 1725, opresulttype: 1700, opretset: false, opcollid: 0, inputcollid: 0, location: 199} = {
                      args = List with 2 elements = {
                        0 = Const {consttype: 1700, consttypmod: -1, constcollid: 0, constlen: -1, constvalue: 94329012056032, constisnull: false, constbyval: false, location: -1},
                        1 = Var {varno: 1, varattno: 7, vartype: 1700, vartypmod: 983046, varcollid: 0, varlevelsup: 0, varnoold: 1, varoattno: 7, location: 201}
                      }
                    }
                  }
                },
                1 = OpExpr {opno: 1758, opfuncid: 1724, opresulttype: 1700, opretset: false, opcollid: 0, inputcollid: 0, location: 218} = {
                  args = List with 2 elements = {
                    0 = Const {consttype: 1700, consttypmod: -1, constcollid: 0, constlen: -1, constvalue: 94329012056840, constisnull: false, constbyval: false, location: -1},
                    1 = Var {varno: 1, varattno: 8, vartype: 1700, vartypmod: 983046, varcollid: 0, varlevelsup: 0, varnoold: 1, varoattno: 8, location: 220}
                  }
                }
              }
            }
          }
        }
      },
      6 = Aggref {aggfnoid: 2103, aggtype: 1700, aggcollid: 0, inputcollid: 0, aggtranstype: 2281, aggstar: false, aggvariadic: false, aggkind: 110 'n', agglevelsup: 0, aggsplit: AGGSPLIT_SIMPLE, location: 245} = {
        aggargtypes = OidList with 1 elements = {1700},
        args = List with 1 elements = {
          0 = TargetEntry {resno: 1, resname: 0x0, ressortgroupref: 0, resorigtbl: 0, resorigcol: 0, resjunk: false} = {
            expr = Var {varno: 1, varattno: 5, vartype: 1700, vartypmod: 983046, varcollid: 0, varlevelsup: 0, varnoold: 1, varoattno: 5, location: 249}
          }
        }
      },
      7 = Aggref {aggfnoid: 2103, aggtype: 1700, aggcollid: 0, inputcollid: 0, aggtranstype: 2281, aggstar: false, aggvariadic: false, aggkind: 110 'n', agglevelsup: 0, aggsplit: AGGSPLIT_SIMPLE, location: 275} = {
        aggargtypes = OidList with 1 elements = {1700},
        args = List with 1 elements = {
          0 = TargetEntry {resno: 1, resname: 0x0, ressortgroupref: 0, resorigtbl: 0, resorigcol: 0, resjunk: false} = {
            expr = Var {varno: 1, varattno: 6, vartype: 1700, vartypmod: 983046, varcollid: 0, varlevelsup: 0, varnoold: 1, varoattno: 6, location: 279}
          }
        }
      },
      8 = Aggref {aggfnoid: 2103, aggtype: 1700, aggcollid: 0, inputcollid: 0, aggtranstype: 2281, aggstar: false, aggvariadic: false, aggkind: 110 'n', agglevelsup: 0, aggsplit: AGGSPLIT_SIMPLE, location: 312} = {
        aggargtypes = OidList with 1 elements = {1700},
        args = List with 1 elements = {
          0 = TargetEntry {resno: 1, resname: 0x0, ressortgroupref: 0, resorigtbl: 0, resorigcol: 0, resjunk: false} = {
            expr = Var {varno: 1, varattno: 7, vartype: 1700, vartypmod: 983046, varcollid: 0, varlevelsup: 0, varnoold: 1, varoattno: 7, location: 316}
          }
        }
      },
      9 = Aggref {aggfnoid: 2803, aggtype: 20, aggcollid: 0, inputcollid: 0, aggtranstype: 20, aggstar: true, aggvariadic: false, aggkind: 110 'n', agglevelsup: 0, aggsplit: AGGSPLIT_SIMPLE, location: 343}
    }
  },
  path.pathkeys = List with 2 elements = {
    0 = PathKey {pk_opfamily: 426, pk_strategy: 1, pk_nulls_first: false} = {
      pk_eclass = EquivalenceClass {ec_collation: 100, ec_relids: (b 1), ec_has_const: false, ec_has_volatile: false, ec_broken: false, ec_sortref: 1, ec_min_security: 4294967295, ec_max_security: 0} = {
        ec_opfamilies = OidList with 2 elements = {426, 2097},
        ec_members = List with 1 elements = {
          0 = EquivalenceMember {em_relids: (b 1), em_nullable_relids: (b), em_is_const: false, em_is_child: false, em_datatype: 1042} = {
            em_expr = Var {varno: 1, varattno: 9, vartype: 1042, vartypmod: 5, varcollid: 100, varlevelsup: 0, varnoold: 1, varoattno: 9, location: 9}
          }
        }
      }
    },
    1 = PathKey {pk_opfamily: 426, pk_strategy: 1, pk_nulls_first: false} = {
      pk_eclass = EquivalenceClass {ec_collation: 100, ec_relids: (b 1), ec_has_const: false, ec_has_volatile: false, ec_broken: false, ec_sortref: 2, ec_min_security: 4294967295, ec_max_security: 0} = {
        ec_opfamilies = OidList with 2 elements = {426, 2097},
        ec_members = List with 1 elements = {
          0 = EquivalenceMember {em_relids: (b 1), em_nullable_relids: (b), em_is_const: false, em_is_child: false, em_datatype: 1042} = {
            em_expr = Var {varno: 1, varattno: 10, vartype: 1042, vartypmod: 5, varcollid: 100, varlevelsup: 0, varnoold: 1, varoattno: 10, location: 25}
          }
        }
      }
    }
  },
  subpath = CdbMotionPath T_Motion (cost=143.94..157.58 rows=963 memo=0.00 parallel_aware=False parallel_safe=False parallel_workers=0 motionHazard=True rescannable=False sameslice_relids=(b)) is_explicit_motion: false = {
    path.parent = (b),
    path.pathtarget = PathTarget {cost: (0.00..0.00), width: 248} = {
      sortgrouprefs = [1, 2, 0, 0, 0, 0, 0, 0, 0, 0],
      exprs = List with 10 elements = {
        0 = Var {varno: 1, varattno: 9, vartype: 1042, vartypmod: 5, varcollid: 100, varlevelsup: 0, varnoold: 1, varoattno: 9, location: 9},
        1 = Var {varno: 1, varattno: 10, vartype: 1042, vartypmod: 5, varcollid: 100, varlevelsup: 0, varnoold: 1, varoattno: 10, location: 25},
        2 = Aggref {aggfnoid: 2114, aggtype: 1700, aggcollid: 0, inputcollid: 0, aggtranstype: 2281, aggstar: false, aggvariadic: false, aggkind: 110 'n', agglevelsup: 0, aggsplit: AGGSPLIT_SIMPLE, location: 41} = {
          aggargtypes = OidList with 1 elements = {1700},
          args = List with 1 elements = {
            0 = TargetEntry {resno: 1, resname: 0x0, ressortgroupref: 0, resorigtbl: 0, resorigcol: 0, resjunk: false} = {
              expr = Var {varno: 1, varattno: 5, vartype: 1700, vartypmod: 983046, varcollid: 0, varlevelsup: 0, varnoold: 1, varoattno: 5, location: 45}
            }
          }
        },
        3 = Aggref {aggfnoid: 2114, aggtype: 1700, aggcollid: 0, inputcollid: 0, aggtranstype: 2281, aggstar: false, aggvariadic: false, aggkind: 110 'n', agglevelsup: 0, aggsplit: AGGSPLIT_SIMPLE, location: 71} = {
          aggargtypes = OidList with 1 elements = {1700},
          args = List with 1 elements = {
            0 = TargetEntry {resno: 1, resname: 0x0, ressortgroupref: 0, resorigtbl: 0, resorigcol: 0, resjunk: false} = {
              expr = Var {varno: 1, varattno: 6, vartype: 1700, vartypmod: 983046, varcollid: 0, varlevelsup: 0, varnoold: 1, varoattno: 6, location: 75}
            }
          }
        },
        4 = Aggref {aggfnoid: 2114, aggtype: 1700, aggcollid: 0, inputcollid: 0, aggtranstype: 2281, aggstar: false, aggvariadic: false, aggkind: 110 'n', agglevelsup: 0, aggsplit: AGGSPLIT_SIMPLE, location: 113} = {
          aggargtypes = OidList with 1 elements = {1700},
          args = List with 1 elements = {
            0 = TargetEntry {resno: 1, resname: 0x0, ressortgroupref: 0, resorigtbl: 0, resorigcol: 0, resjunk: false} = {
              expr = OpExpr {opno: 1760, opfuncid: 1726, opresulttype: 1700, opretset: false, opcollid: 0, inputcollid: 0, location: 133} = {
                args = List with 2 elements = {
                  0 = Var {varno: 1, varattno: 6, vartype: 1700, vartypmod: 983046, varcollid: 0, varlevelsup: 0, varnoold: 1, varoattno: 6, location: 117},
                  1 = OpExpr {opno: 1759, opfuncid: 1725, opresulttype: 1700, opretset: false, opcollid: 0, inputcollid: 0, location: 138} = {
                    args = List with 2 elements = {
                      0 = Const {consttype: 1700, consttypmod: -1, constcollid: 0, constlen: -1, constvalue: 94329034663584, constisnull: false, constbyval: false, location: -1},
                      1 = Var {varno: 1, varattno: 7, vartype: 1700, vartypmod: 983046, varcollid: 0, varlevelsup: 0, varnoold: 1, varoattno: 7, location: 140}
                    }
                  }
                }
              }
            }
          }
        },
        5 = Aggref {aggfnoid: 2114, aggtype: 1700, aggcollid: 0, inputcollid: 0, aggtranstype: 2281, aggstar: false, aggvariadic: false, aggkind: 110 'n', agglevelsup: 0, aggsplit: AGGSPLIT_SIMPLE, location: 174} = {
          aggargtypes = OidList with 1 elements = {1700},
          args = List with 1 elements = {
            0 = TargetEntry {resno: 1, resname: 0x0, ressortgroupref: 0, resorigtbl: 0, resorigcol: 0, resjunk: false} = {
              expr = OpExpr {opno: 1760, opfuncid: 1726, opresulttype: 1700, opretset: false, opcollid: 0, inputcollid: 0, location: 213} = {
                args = List with 2 elements = {
                  0 = OpExpr {opno: 1760, opfuncid: 1726, opresulttype: 1700, opretset: false, opcollid: 0, inputcollid: 0, location: 194} = {
                    args = List with 2 elements = {
                      0 = Var {varno: 1, varattno: 6, vartype: 1700, vartypmod: 983046, varcollid: 0, varlevelsup: 0, varnoold: 1, varoattno: 6, location: 178},
                      1 = OpExpr {opno: 1759, opfuncid: 1725, opresulttype: 1700, opretset: false, opcollid: 0, inputcollid: 0, location: 199} = {
                        args = List with 2 elements = {
                          0 = Const {consttype: 1700, consttypmod: -1, constcollid: 0, constlen: -1, constvalue: 94329012056032, constisnull: false, constbyval: false, location: -1},
                          1 = Var {varno: 1, varattno: 7, vartype: 1700, vartypmod: 983046, varcollid: 0, varlevelsup: 0, varnoold: 1, varoattno: 7, location: 201}
                        }
                      }
                    }
                  },
                  1 = OpExpr {opno: 1758, opfuncid: 1724, opresulttype: 1700, opretset: false, opcollid: 0, inputcollid: 0, location: 218} = {
                    args = List with 2 elements = {
                      0 = Const {consttype: 1700, consttypmod: -1, constcollid: 0, constlen: -1, constvalue: 94329012056840, constisnull: false, constbyval: false, location: -1},
                      1 = Var {varno: 1, varattno: 8, vartype: 1700, vartypmod: 983046, varcollid: 0, varlevelsup: 0, varnoold: 1, varoattno: 8, location: 220}
                    }
                  }
                }
              }
            }
          }
        },
        6 = Aggref {aggfnoid: 2103, aggtype: 1700, aggcollid: 0, inputcollid: 0, aggtranstype: 2281, aggstar: false, aggvariadic: false, aggkind: 110 'n', agglevelsup: 0, aggsplit: AGGSPLIT_SIMPLE, location: 245} = {
          aggargtypes = OidList with 1 elements = {1700},
          args = List with 1 elements = {
            0 = TargetEntry {resno: 1, resname: 0x0, ressortgroupref: 0, resorigtbl: 0, resorigcol: 0, resjunk: false} = {
              expr = Var {varno: 1, varattno: 5, vartype: 1700, vartypmod: 983046, varcollid: 0, varlevelsup: 0, varnoold: 1, varoattno: 5, location: 249}
            }
          }
        },
        7 = Aggref {aggfnoid: 2103, aggtype: 1700, aggcollid: 0, inputcollid: 0, aggtranstype: 2281, aggstar: false, aggvariadic: false, aggkind: 110 'n', agglevelsup: 0, aggsplit: AGGSPLIT_SIMPLE, location: 275} = {
          aggargtypes = OidList with 1 elements = {1700},
          args = List with 1 elements = {
            0 = TargetEntry {resno: 1, resname: 0x0, ressortgroupref: 0, resorigtbl: 0, resorigcol: 0, resjunk: false} = {
              expr = Var {varno: 1, varattno: 6, vartype: 1700, vartypmod: 983046, varcollid: 0, varlevelsup: 0, varnoold: 1, varoattno: 6, location: 279}
            }
          }
        },
        8 = Aggref {aggfnoid: 2103, aggtype: 1700, aggcollid: 0, inputcollid: 0, aggtranstype: 2281, aggstar: false, aggvariadic: false, aggkind: 110 'n', agglevelsup: 0, aggsplit: AGGSPLIT_SIMPLE, location: 312} = {
          aggargtypes = OidList with 1 elements = {1700},
          args = List with 1 elements = {
            0 = TargetEntry {resno: 1, resname: 0x0, ressortgroupref: 0, resorigtbl: 0, resorigcol: 0, resjunk: false} = {
              expr = Var {varno: 1, varattno: 7, vartype: 1700, vartypmod: 983046, varcollid: 0, varlevelsup: 0, varnoold: 1, varoattno: 7, location: 316}
            }
          }
        },
        9 = Aggref {aggfnoid: 2803, aggtype: 20, aggcollid: 0, inputcollid: 0, aggtranstype: 20, aggstar: true, aggvariadic: false, aggkind: 110 'n', agglevelsup: 0, aggsplit: AGGSPLIT_SIMPLE, location: 343}
      }
    },
    path.pathkeys = List with 2 elements = {
      0 = PathKey {pk_opfamily: 426, pk_strategy: 1, pk_nulls_first: false} = {
        pk_eclass = EquivalenceClass {ec_collation: 100, ec_relids: (b 1), ec_has_const: false, ec_has_volatile: false, ec_broken: false, ec_sortref: 1, ec_min_security: 4294967295, ec_max_security: 0} = {
          ec_opfamilies = OidList with 2 elements = {426, 2097},
          ec_members = List with 1 elements = {
            0 = EquivalenceMember {em_relids: (b 1), em_nullable_relids: (b), em_is_const: false, em_is_child: false, em_datatype: 1042} = {
              em_expr = Var {varno: 1, varattno: 9, vartype: 1042, vartypmod: 5, varcollid: 100, varlevelsup: 0, varnoold: 1, varoattno: 9, location: 9}
            }
          }
        }
      },
      1 = PathKey {pk_opfamily: 426, pk_strategy: 1, pk_nulls_first: false} = {
        pk_eclass = EquivalenceClass {ec_collation: 100, ec_relids: (b 1), ec_has_const: false, ec_has_volatile: false, ec_broken: false, ec_sortref: 2, ec_min_security: 4294967295, ec_max_security: 0} = {
          ec_opfamilies = OidList with 2 elements = {426, 2097},
          ec_members = List with 1 elements = {
            0 = EquivalenceMember {em_relids: (b 1), em_nullable_relids: (b), em_is_const: false, em_is_child: false, em_datatype: 1042} = {
              em_expr = Var {varno: 1, varattno: 10, vartype: 1042, vartypmod: 5, varcollid: 100, varlevelsup: 0, varnoold: 1, varoattno: 10, location: 25}
            }
          }
        }
      }
    },
    subpath = SortPath T_Sort (cost=143.94..144.74 rows=321 memo=0.00 parallel_aware=False parallel_safe=False parallel_workers=0 motionHazard=False rescannable=False sameslice_relids=(b))  = {
      path.parent = (b),
      path.pathtarget = PathTarget {cost: (0.00..0.00), width: 248} = {
        sortgrouprefs = [1, 2, 0, 0, 0, 0, 0, 0, 0, 0],
        exprs = List with 10 elements = {
          0 = Var {varno: 1, varattno: 9, vartype: 1042, vartypmod: 5, varcollid: 100, varlevelsup: 0, varnoold: 1, varoattno: 9, location: 9},
          1 = Var {varno: 1, varattno: 10, vartype: 1042, vartypmod: 5, varcollid: 100, varlevelsup: 0, varnoold: 1, varoattno: 10, location: 25},
          2 = Aggref {aggfnoid: 2114, aggtype: 1700, aggcollid: 0, inputcollid: 0, aggtranstype: 2281, aggstar: false, aggvariadic: false, aggkind: 110 'n', agglevelsup: 0, aggsplit: AGGSPLIT_SIMPLE, location: 41} = {
            aggargtypes = OidList with 1 elements = {1700},
            args = List with 1 elements = {
              0 = TargetEntry {resno: 1, resname: 0x0, ressortgroupref: 0, resorigtbl: 0, resorigcol: 0, resjunk: false} = {
                expr = Var {varno: 1, varattno: 5, vartype: 1700, vartypmod: 983046, varcollid: 0, varlevelsup: 0, varnoold: 1, varoattno: 5, location: 45}
              }
            }
          },
          3 = Aggref {aggfnoid: 2114, aggtype: 1700, aggcollid: 0, inputcollid: 0, aggtranstype: 2281, aggstar: false, aggvariadic: false, aggkind: 110 'n', agglevelsup: 0, aggsplit: AGGSPLIT_SIMPLE, location: 71} = {
            aggargtypes = OidList with 1 elements = {1700},
            args = List with 1 elements = {
              0 = TargetEntry {resno: 1, resname: 0x0, ressortgroupref: 0, resorigtbl: 0, resorigcol: 0, resjunk: false} = {
                expr = Var {varno: 1, varattno: 6, vartype: 1700, vartypmod: 983046, varcollid: 0, varlevelsup: 0, varnoold: 1, varoattno: 6, location: 75}
              }
            }
          },
          4 = Aggref {aggfnoid: 2114, aggtype: 1700, aggcollid: 0, inputcollid: 0, aggtranstype: 2281, aggstar: false, aggvariadic: false, aggkind: 110 'n', agglevelsup: 0, aggsplit: AGGSPLIT_SIMPLE, location: 113} = {
            aggargtypes = OidList with 1 elements = {1700},
            args = List with 1 elements = {
              0 = TargetEntry {resno: 1, resname: 0x0, ressortgroupref: 0, resorigtbl: 0, resorigcol: 0, resjunk: false} = {
                expr = OpExpr {opno: 1760, opfuncid: 1726, opresulttype: 1700, opretset: false, opcollid: 0, inputcollid: 0, location: 133} = {
                  args = List with 2 elements = {
                    0 = Var {varno: 1, varattno: 6, vartype: 1700, vartypmod: 983046, varcollid: 0, varlevelsup: 0, varnoold: 1, varoattno: 6, location: 117},
                    1 = OpExpr {opno: 1759, opfuncid: 1725, opresulttype: 1700, opretset: false, opcollid: 0, inputcollid: 0, location: 138} = {
                      args = List with 2 elements = {
                        0 = Const {consttype: 1700, consttypmod: -1, constcollid: 0, constlen: -1, constvalue: 94329034663584, constisnull: false, constbyval: false, location: -1},
                        1 = Var {varno: 1, varattno: 7, vartype: 1700, vartypmod: 983046, varcollid: 0, varlevelsup: 0, varnoold: 1, varoattno: 7, location: 140}
                      }
                    }
                  }
                }
              }
            }
          },
          5 = Aggref {aggfnoid: 2114, aggtype: 1700, aggcollid: 0, inputcollid: 0, aggtranstype: 2281, aggstar: false, aggvariadic: false, aggkind: 110 'n', agglevelsup: 0, aggsplit: AGGSPLIT_SIMPLE, location: 174} = {
            aggargtypes = OidList with 1 elements = {1700},
            args = List with 1 elements = {
              0 = TargetEntry {resno: 1, resname: 0x0, ressortgroupref: 0, resorigtbl: 0, resorigcol: 0, resjunk: false} = {
                expr = OpExpr {opno: 1760, opfuncid: 1726, opresulttype: 1700, opretset: false, opcollid: 0, inputcollid: 0, location: 213} = {
                  args = List with 2 elements = {
                    0 = OpExpr {opno: 1760, opfuncid: 1726, opresulttype: 1700, opretset: false, opcollid: 0, inputcollid: 0, location: 194} = {
                      args = List with 2 elements = {
                        0 = Var {varno: 1, varattno: 6, vartype: 1700, vartypmod: 983046, varcollid: 0, varlevelsup: 0, varnoold: 1, varoattno: 6, location: 178},
                        1 = OpExpr {opno: 1759, opfuncid: 1725, opresulttype: 1700, opretset: false, opcollid: 0, inputcollid: 0, location: 199} = {
                          args = List with 2 elements = {
                            0 = Const {consttype: 1700, consttypmod: -1, constcollid: 0, constlen: -1, constvalue: 94329012056032, constisnull: false, constbyval: false, location: -1},
                            1 = Var {varno: 1, varattno: 7, vartype: 1700, vartypmod: 983046, varcollid: 0, varlevelsup: 0, varnoold: 1, varoattno: 7, location: 201}
                          }
                        }
                      }
                    },
                    1 = OpExpr {opno: 1758, opfuncid: 1724, opresulttype: 1700, opretset: false, opcollid: 0, inputcollid: 0, location: 218} = {
                      args = List with 2 elements = {
                        0 = Const {consttype: 1700, consttypmod: -1, constcollid: 0, constlen: -1, constvalue: 94329012056840, constisnull: false, constbyval: false, location: -1},
                        1 = Var {varno: 1, varattno: 8, vartype: 1700, vartypmod: 983046, varcollid: 0, varlevelsup: 0, varnoold: 1, varoattno: 8, location: 220}
                      }
                    }
                  }
                }
              }
            }
          },
          6 = Aggref {aggfnoid: 2103, aggtype: 1700, aggcollid: 0, inputcollid: 0, aggtranstype: 2281, aggstar: false, aggvariadic: false, aggkind: 110 'n', agglevelsup: 0, aggsplit: AGGSPLIT_SIMPLE, location: 245} = {
            aggargtypes = OidList with 1 elements = {1700},
            args = List with 1 elements = {
              0 = TargetEntry {resno: 1, resname: 0x0, ressortgroupref: 0, resorigtbl: 0, resorigcol: 0, resjunk: false} = {
                expr = Var {varno: 1, varattno: 5, vartype: 1700, vartypmod: 983046, varcollid: 0, varlevelsup: 0, varnoold: 1, varoattno: 5, location: 249}
              }
            }
          },
          7 = Aggref {aggfnoid: 2103, aggtype: 1700, aggcollid: 0, inputcollid: 0, aggtranstype: 2281, aggstar: false, aggvariadic: false, aggkind: 110 'n', agglevelsup: 0, aggsplit: AGGSPLIT_SIMPLE, location: 275} = {
            aggargtypes = OidList with 1 elements = {1700},
            args = List with 1 elements = {
              0 = TargetEntry {resno: 1, resname: 0x0, ressortgroupref: 0, resorigtbl: 0, resorigcol: 0, resjunk: false} = {
                expr = Var {varno: 1, varattno: 6, vartype: 1700, vartypmod: 983046, varcollid: 0, varlevelsup: 0, varnoold: 1, varoattno: 6, location: 279}
              }
            }
          },
          8 = Aggref {aggfnoid: 2103, aggtype: 1700, aggcollid: 0, inputcollid: 0, aggtranstype: 2281, aggstar: false, aggvariadic: false, aggkind: 110 'n', agglevelsup: 0, aggsplit: AGGSPLIT_SIMPLE, location: 312} = {
            aggargtypes = OidList with 1 elements = {1700},
            args = List with 1 elements = {
              0 = TargetEntry {resno: 1, resname: 0x0, ressortgroupref: 0, resorigtbl: 0, resorigcol: 0, resjunk: false} = {
                expr = Var {varno: 1, varattno: 7, vartype: 1700, vartypmod: 983046, varcollid: 0, varlevelsup: 0, varnoold: 1, varoattno: 7, location: 316}
              }
            }
          },
          9 = Aggref {aggfnoid: 2803, aggtype: 20, aggcollid: 0, inputcollid: 0, aggtranstype: 20, aggstar: true, aggvariadic: false, aggkind: 110 'n', agglevelsup: 0, aggsplit: AGGSPLIT_SIMPLE, location: 343}
        }
      },
      path.locus.distkey = List with 2 elements = {
        0 = DistributionKey dk_opfamily: 427 = {
          dk_eclasses = List with 1 elements = {
            0 = EquivalenceClass {ec_collation: 100, ec_relids: (b 1), ec_has_const: false, ec_has_volatile: false, ec_broken: false, ec_sortref: 1, ec_min_security: 4294967295, ec_max_security: 0} = {
              ec_opfamilies = OidList with 2 elements = {426, 2097},
              ec_members = List with 1 elements = {
                0 = EquivalenceMember {em_relids: (b 1), em_nullable_relids: (b), em_is_const: false, em_is_child: false, em_datatype: 1042} = {
                  em_expr = Var {varno: 1, varattno: 9, vartype: 1042, vartypmod: 5, varcollid: 100, varlevelsup: 0, varnoold: 1, varoattno: 9, location: 9}
                }
              }
            }
          }
        },
        1 = DistributionKey dk_opfamily: 427 = {
          dk_eclasses = List with 1 elements = {
            0 = EquivalenceClass {ec_collation: 100, ec_relids: (b 1), ec_has_const: false, ec_has_volatile: false, ec_broken: false, ec_sortref: 2, ec_min_security: 4294967295, ec_max_security: 0} = {
              ec_opfamilies = OidList with 2 elements = {426, 2097},
              ec_members = List with 1 elements = {
                0 = EquivalenceMember {em_relids: (b 1), em_nullable_relids: (b), em_is_const: false, em_is_child: false, em_datatype: 1042} = {
                  em_expr = Var {varno: 1, varattno: 10, vartype: 1042, vartypmod: 5, varcollid: 100, varlevelsup: 0, varnoold: 1, varoattno: 10, location: 25}
                }
              }
            }
          }
        }
      },
      path.pathkeys = List with 2 elements = {
        0 = PathKey {pk_opfamily: 426, pk_strategy: 1, pk_nulls_first: false} = {
          pk_eclass = EquivalenceClass {ec_collation: 100, ec_relids: (b 1), ec_has_const: false, ec_has_volatile: false, ec_broken: false, ec_sortref: 1, ec_min_security: 4294967295, ec_max_security: 0} = {
            ec_opfamilies = OidList with 2 elements = {426, 2097},
            ec_members = List with 1 elements = {
              0 = EquivalenceMember {em_relids: (b 1), em_nullable_relids: (b), em_is_const: false, em_is_child: false, em_datatype: 1042} = {
                em_expr = Var {varno: 1, varattno: 9, vartype: 1042, vartypmod: 5, varcollid: 100, varlevelsup: 0, varnoold: 1, varoattno: 9, location: 9}
              }
            }
          }
        },
        1 = PathKey {pk_opfamily: 426, pk_strategy: 1, pk_nulls_first: false} = {
          pk_eclass = EquivalenceClass {ec_collation: 100, ec_relids: (b 1), ec_has_const: false, ec_has_volatile: false, ec_broken: false, ec_sortref: 2, ec_min_security: 4294967295, ec_max_security: 0} = {
            ec_opfamilies = OidList with 2 elements = {426, 2097},
            ec_members = List with 1 elements = {
              0 = EquivalenceMember {em_relids: (b 1), em_nullable_relids: (b), em_is_const: false, em_is_child: false, em_datatype: 1042} = {
                em_expr = Var {varno: 1, varattno: 10, vartype: 1042, vartypmod: 5, varcollid: 100, varlevelsup: 0, varnoold: 1, varoattno: 10, location: 25}
              }
            }
          }
        }
      },
      subpath = AggPath T_Agg (cost=121.75..130.58 rows=321 memo=0.00 parallel_aware=False parallel_safe=False parallel_workers=0 motionHazard=False rescannable=False sameslice_relids=(b)) {aggstrategy: AGG_HASHED, aggsplit: AGGSPLIT_SIMPLE, numGroups: 321, streaming: false} = {
        path.parent = (b),
        path.pathtarget = PathTarget {cost: (0.00..0.00), width: 248} = {
          sortgrouprefs = [1, 2, 0, 0, 0, 0, 0, 0, 0, 0],
          exprs = List with 10 elements = {
            0 = Var {varno: 1, varattno: 9, vartype: 1042, vartypmod: 5, varcollid: 100, varlevelsup: 0, varnoold: 1, varoattno: 9, location: 9},
            1 = Var {varno: 1, varattno: 10, vartype: 1042, vartypmod: 5, varcollid: 100, varlevelsup: 0, varnoold: 1, varoattno: 10, location: 25},
            2 = Aggref {aggfnoid: 2114, aggtype: 1700, aggcollid: 0, inputcollid: 0, aggtranstype: 2281, aggstar: false, aggvariadic: false, aggkind: 110 'n', agglevelsup: 0, aggsplit: AGGSPLIT_SIMPLE, location: 41} = {
              aggargtypes = OidList with 1 elements = {1700},
              args = List with 1 elements = {
                0 = TargetEntry {resno: 1, resname: 0x0, ressortgroupref: 0, resorigtbl: 0, resorigcol: 0, resjunk: false} = {
                  expr = Var {varno: 1, varattno: 5, vartype: 1700, vartypmod: 983046, varcollid: 0, varlevelsup: 0, varnoold: 1, varoattno: 5, location: 45}
                }
              }
            },
            3 = Aggref {aggfnoid: 2114, aggtype: 1700, aggcollid: 0, inputcollid: 0, aggtranstype: 2281, aggstar: false, aggvariadic: false, aggkind: 110 'n', agglevelsup: 0, aggsplit: AGGSPLIT_SIMPLE, location: 71} = {
              aggargtypes = OidList with 1 elements = {1700},
              args = List with 1 elements = {
                0 = TargetEntry {resno: 1, resname: 0x0, ressortgroupref: 0, resorigtbl: 0, resorigcol: 0, resjunk: false} = {
                  expr = Var {varno: 1, varattno: 6, vartype: 1700, vartypmod: 983046, varcollid: 0, varlevelsup: 0, varnoold: 1, varoattno: 6, location: 75}
                }
              }
            },
            4 = Aggref {aggfnoid: 2114, aggtype: 1700, aggcollid: 0, inputcollid: 0, aggtranstype: 2281, aggstar: false, aggvariadic: false, aggkind: 110 'n', agglevelsup: 0, aggsplit: AGGSPLIT_SIMPLE, location: 113} = {
              aggargtypes = OidList with 1 elements = {1700},
              args = List with 1 elements = {
                0 = TargetEntry {resno: 1, resname: 0x0, ressortgroupref: 0, resorigtbl: 0, resorigcol: 0, resjunk: false} = {
                  expr = OpExpr {opno: 1760, opfuncid: 1726, opresulttype: 1700, opretset: false, opcollid: 0, inputcollid: 0, location: 133} = {
                    args = List with 2 elements = {
                      0 = Var {varno: 1, varattno: 6, vartype: 1700, vartypmod: 983046, varcollid: 0, varlevelsup: 0, varnoold: 1, varoattno: 6, location: 117},
                      1 = OpExpr {opno: 1759, opfuncid: 1725, opresulttype: 1700, opretset: false, opcollid: 0, inputcollid: 0, location: 138} = {
                        args = List with 2 elements = {
                          0 = Const {consttype: 1700, consttypmod: -1, constcollid: 0, constlen: -1, constvalue: 94329034663584, constisnull: false, constbyval: false, location: -1},
                          1 = Var {varno: 1, varattno: 7, vartype: 1700, vartypmod: 983046, varcollid: 0, varlevelsup: 0, varnoold: 1, varoattno: 7, location: 140}
                        }
                      }
                    }
                  }
                }
              }
            },
            5 = Aggref {aggfnoid: 2114, aggtype: 1700, aggcollid: 0, inputcollid: 0, aggtranstype: 2281, aggstar: false, aggvariadic: false, aggkind: 110 'n', agglevelsup: 0, aggsplit: AGGSPLIT_SIMPLE, location: 174} = {
              aggargtypes = OidList with 1 elements = {1700},
              args = List with 1 elements = {
                0 = TargetEntry {resno: 1, resname: 0x0, ressortgroupref: 0, resorigtbl: 0, resorigcol: 0, resjunk: false} = {
                  expr = OpExpr {opno: 1760, opfuncid: 1726, opresulttype: 1700, opretset: false, opcollid: 0, inputcollid: 0, location: 213} = {
                    args = List with 2 elements = {
                      0 = OpExpr {opno: 1760, opfuncid: 1726, opresulttype: 1700, opretset: false, opcollid: 0, inputcollid: 0, location: 194} = {
                        args = List with 2 elements = {
                          0 = Var {varno: 1, varattno: 6, vartype: 1700, vartypmod: 983046, varcollid: 0, varlevelsup: 0, varnoold: 1, varoattno: 6, location: 178},
                          1 = OpExpr {opno: 1759, opfuncid: 1725, opresulttype: 1700, opretset: false, opcollid: 0, inputcollid: 0, location: 199} = {
                            args = List with 2 elements = {
                              0 = Const {consttype: 1700, consttypmod: -1, constcollid: 0, constlen: -1, constvalue: 94329012056032, constisnull: false, constbyval: false, location: -1},
                              1 = Var {varno: 1, varattno: 7, vartype: 1700, vartypmod: 983046, varcollid: 0, varlevelsup: 0, varnoold: 1, varoattno: 7, location: 201}
                            }
                          }
                        }
                      },
                      1 = OpExpr {opno: 1758, opfuncid: 1724, opresulttype: 1700, opretset: false, opcollid: 0, inputcollid: 0, location: 218} = {
                        args = List with 2 elements = {
                          0 = Const {consttype: 1700, consttypmod: -1, constcollid: 0, constlen: -1, constvalue: 94329012056840, constisnull: false, constbyval: false, location: -1},
                          1 = Var {varno: 1, varattno: 8, vartype: 1700, vartypmod: 983046, varcollid: 0, varlevelsup: 0, varnoold: 1, varoattno: 8, location: 220}
                        }
                      }
                    }
                  }
                }
              }
            },
            6 = Aggref {aggfnoid: 2103, aggtype: 1700, aggcollid: 0, inputcollid: 0, aggtranstype: 2281, aggstar: false, aggvariadic: false, aggkind: 110 'n', agglevelsup: 0, aggsplit: AGGSPLIT_SIMPLE, location: 245} = {
              aggargtypes = OidList with 1 elements = {1700},
              args = List with 1 elements = {
                0 = TargetEntry {resno: 1, resname: 0x0, ressortgroupref: 0, resorigtbl: 0, resorigcol: 0, resjunk: false} = {
                  expr = Var {varno: 1, varattno: 5, vartype: 1700, vartypmod: 983046, varcollid: 0, varlevelsup: 0, varnoold: 1, varoattno: 5, location: 249}
                }
              }
            },
            7 = Aggref {aggfnoid: 2103, aggtype: 1700, aggcollid: 0, inputcollid: 0, aggtranstype: 2281, aggstar: false, aggvariadic: false, aggkind: 110 'n', agglevelsup: 0, aggsplit: AGGSPLIT_SIMPLE, location: 275} = {
              aggargtypes = OidList with 1 elements = {1700},
              args = List with 1 elements = {
                0 = TargetEntry {resno: 1, resname: 0x0, ressortgroupref: 0, resorigtbl: 0, resorigcol: 0, resjunk: false} = {
                  expr = Var {varno: 1, varattno: 6, vartype: 1700, vartypmod: 983046, varcollid: 0, varlevelsup: 0, varnoold: 1, varoattno: 6, location: 279}
                }
              }
            },
            8 = Aggref {aggfnoid: 2103, aggtype: 1700, aggcollid: 0, inputcollid: 0, aggtranstype: 2281, aggstar: false, aggvariadic: false, aggkind: 110 'n', agglevelsup: 0, aggsplit: AGGSPLIT_SIMPLE, location: 312} = {
              aggargtypes = OidList with 1 elements = {1700},
              args = List with 1 elements = {
                0 = TargetEntry {resno: 1, resname: 0x0, ressortgroupref: 0, resorigtbl: 0, resorigcol: 0, resjunk: false} = {
                  expr = Var {varno: 1, varattno: 7, vartype: 1700, vartypmod: 983046, varcollid: 0, varlevelsup: 0, varnoold: 1, varoattno: 7, location: 316}
                }
              }
            },
            9 = Aggref {aggfnoid: 2803, aggtype: 20, aggcollid: 0, inputcollid: 0, aggtranstype: 20, aggstar: true, aggvariadic: false, aggkind: 110 'n', agglevelsup: 0, aggsplit: AGGSPLIT_SIMPLE, location: 343}
          }
        },
        path.locus.distkey = List with 2 elements = {
          0 = DistributionKey dk_opfamily: 427 = {
            dk_eclasses = List with 1 elements = {
              0 = EquivalenceClass {ec_collation: 100, ec_relids: (b 1), ec_has_const: false, ec_has_volatile: false, ec_broken: false, ec_sortref: 1, ec_min_security: 4294967295, ec_max_security: 0} = {
                ec_opfamilies = OidList with 2 elements = {426, 2097},
                ec_members = List with 1 elements = {
                  0 = EquivalenceMember {em_relids: (b 1), em_nullable_relids: (b), em_is_const: false, em_is_child: false, em_datatype: 1042} = {
                    em_expr = Var {varno: 1, varattno: 9, vartype: 1042, vartypmod: 5, varcollid: 100, varlevelsup: 0, varnoold: 1, varoattno: 9, location: 9}
                  }
                }
              }
            }
          },
          1 = DistributionKey dk_opfamily: 427 = {
            dk_eclasses = List with 1 elements = {
              0 = EquivalenceClass {ec_collation: 100, ec_relids: (b 1), ec_has_const: false, ec_has_volatile: false, ec_broken: false, ec_sortref: 2, ec_min_security: 4294967295, ec_max_security: 0} = {
                ec_opfamilies = OidList with 2 elements = {426, 2097},
                ec_members = List with 1 elements = {
                  0 = EquivalenceMember {em_relids: (b 1), em_nullable_relids: (b), em_is_const: false, em_is_child: false, em_datatype: 1042} = {
                    em_expr = Var {varno: 1, varattno: 10, vartype: 1042, vartypmod: 5, varcollid: 100, varlevelsup: 0, varnoold: 1, varoattno: 10, location: 25}
                  }
                }
              }
            }
          }
        },
        subpath = CdbMotionPath T_Motion (cost=0.00..85.75 rows=900 memo=0.00 parallel_aware=False parallel_safe=False parallel_workers=0 motionHazard=True rescannable=False sameslice_relids=(b)) is_explicit_motion: false = {
          path.parent = (b 1),
          path.pathtarget = PathTarget {cost: (0.00..0.00), width: 88} = {
            sortgrouprefs = [1, 2, 0, 0, 0, 0],
            exprs = List with 6 elements = {
              0 = Var {varno: 1, varattno: 9, vartype: 1042, vartypmod: 5, varcollid: 100, varlevelsup: 0, varnoold: 1, varoattno: 9, location: 9},
              1 = Var {varno: 1, varattno: 10, vartype: 1042, vartypmod: 5, varcollid: 100, varlevelsup: 0, varnoold: 1, varoattno: 10, location: 25},
              2 = Var {varno: 1, varattno: 5, vartype: 1700, vartypmod: 983046, varcollid: 0, varlevelsup: 0, varnoold: 1, varoattno: 5, location: 45},
              3 = Var {varno: 1, varattno: 6, vartype: 1700, vartypmod: 983046, varcollid: 0, varlevelsup: 0, varnoold: 1, varoattno: 6, location: 75},
              4 = Var {varno: 1, varattno: 7, vartype: 1700, vartypmod: 983046, varcollid: 0, varlevelsup: 0, varnoold: 1, varoattno: 7, location: 140},
              5 = Var {varno: 1, varattno: 8, vartype: 1700, vartypmod: 983046, varcollid: 0, varlevelsup: 0, varnoold: 1, varoattno: 8, location: 220}
            }
          },
          path.locus.distkey = List with 2 elements = {
            0 = DistributionKey dk_opfamily: 427 = {
              dk_eclasses = List with 1 elements = {
                0 = EquivalenceClass {ec_collation: 100, ec_relids: (b 1), ec_has_const: false, ec_has_volatile: false, ec_broken: false, ec_sortref: 1, ec_min_security: 4294967295, ec_max_security: 0} = {
                  ec_opfamilies = OidList with 2 elements = {426, 2097},
                  ec_members = List with 1 elements = {
                    0 = EquivalenceMember {em_relids: (b 1), em_nullable_relids: (b), em_is_const: false, em_is_child: false, em_datatype: 1042} = {
                      em_expr = Var {varno: 1, varattno: 9, vartype: 1042, vartypmod: 5, varcollid: 100, varlevelsup: 0, varnoold: 1, varoattno: 9, location: 9}
                    }
                  }
                }
              }
            },
            1 = DistributionKey dk_opfamily: 427 = {
              dk_eclasses = List with 1 elements = {
                0 = EquivalenceClass {ec_collation: 100, ec_relids: (b 1), ec_has_const: false, ec_has_volatile: false, ec_broken: false, ec_sortref: 2, ec_min_security: 4294967295, ec_max_security: 0} = {
                  ec_opfamilies = OidList with 2 elements = {426, 2097},
                  ec_members = List with 1 elements = {
                    0 = EquivalenceMember {em_relids: (b 1), em_nullable_relids: (b), em_is_const: false, em_is_child: false, em_datatype: 1042} = {
                      em_expr = Var {varno: 1, varattno: 10, vartype: 1042, vartypmod: 5, varcollid: 100, varlevelsup: 0, varnoold: 1, varoattno: 10, location: 25}
                    }
                  }
                }
              }
            }
          },
          subpath = T_SeqScan (cost=0.00..67.75 rows=900 memo=0.00 parallel_aware=False parallel_safe=False parallel_workers=0 motionHazard=False rescannable=True sameslice_relids=(b 1)) = {
            parent = (b 1),
            pathtarget = PathTarget {cost: (0.00..0.00), width: 88} = {
              sortgrouprefs = [1, 2, 0, 0, 0, 0],
              exprs = List with 6 elements = {
                0 = Var {varno: 1, varattno: 9, vartype: 1042, vartypmod: 5, varcollid: 100, varlevelsup: 0, varnoold: 1, varoattno: 9, location: 9},
                1 = Var {varno: 1, varattno: 10, vartype: 1042, vartypmod: 5, varcollid: 100, varlevelsup: 0, varnoold: 1, varoattno: 10, location: 25},
                2 = Var {varno: 1, varattno: 5, vartype: 1700, vartypmod: 983046, varcollid: 0, varlevelsup: 0, varnoold: 1, varoattno: 5, location: 45},
                3 = Var {varno: 1, varattno: 6, vartype: 1700, vartypmod: 983046, varcollid: 0, varlevelsup: 0, varnoold: 1, varoattno: 6, location: 75},
                4 = Var {varno: 1, varattno: 7, vartype: 1700, vartypmod: 983046, varcollid: 0, varlevelsup: 0, varnoold: 1, varoattno: 7, location: 140},
                5 = Var {varno: 1, varattno: 8, vartype: 1700, vartypmod: 983046, varcollid: 0, varlevelsup: 0, varnoold: 1, varoattno: 8, location: 220}
              }
            },
            locus.distkey = List with 1 elements = {
              0 = DistributionKey dk_opfamily: 1977 = {
                dk_eclasses = List with 1 elements = {
                  0 = EquivalenceClass {ec_collation: 0, ec_relids: (b 1), ec_has_const: false, ec_has_volatile: false, ec_broken: false, ec_sortref: 0, ec_min_security: 4294967295, ec_max_security: 0} = {
                    ec_opfamilies = OidList with 1 elements = {1976},
                    ec_members = List with 1 elements = {
                      0 = EquivalenceMember {em_relids: (b 1), em_nullable_relids: (b), em_is_const: false, em_is_child: false, em_datatype: 23} = {
                        em_expr = Var {varno: 1, varattno: 1, vartype: 23, vartypmod: -1, varcollid: 0, varlevelsup: 0, varnoold: 1, varoattno: 1, location: -1}
                      }
                    }
                  }
                }
              }
            }
          }
        },
        groupClause = List with 2 elements = {
          0 = SortGroupClause {tleSortGroupRef: 1, eqop: 1054, sortop: 1058, nulls_first: false, hashable: true},
          1 = SortGroupClause {tleSortGroupRef: 2, eqop: 1054, sortop: 1058, nulls_first: false, hashable: true}
        }
      }
    }
  }
}
$3 = Motion (cost=143.94..157.58 rows=963 width=248 operatorMemKB=0 plan_id=0 parallel_aware=False parallel_safe = False) {motionType: MOTIONTYPE_GATHER, sendSorted: true, motionID: 1, numHashSegments: 0, segidColIdx: 0, numSortCols: 2} = {
  sortColIdx = [1, 2],
  sortOperators = [1058, 1058],
  collations = [100, 100],
  nullsFirst = [False, False],
  plan.targetlist = List with 10 elements = {
    0 = TargetEntry {resno: 1, resname: 'l_returnflag', ressortgroupref: 1, resorigtbl: 24597, resorigcol: 9, resjunk: false} = {
      expr = Var {varno: 65001, varattno: 1, vartype: 1042, vartypmod: 5, varcollid: 100, varlevelsup: 0, varnoold: 1, varoattno: 9, location: -1}
    },
    1 = TargetEntry {resno: 2, resname: 'l_linestatus', ressortgroupref: 2, resorigtbl: 24597, resorigcol: 10, resjunk: false} = {
      expr = Var {varno: 65001, varattno: 2, vartype: 1042, vartypmod: 5, varcollid: 100, varlevelsup: 0, varnoold: 1, varoattno: 10, location: -1}
    },
    2 = TargetEntry {resno: 3, resname: 'sum_qty', ressortgroupref: 0, resorigtbl: 0, resorigcol: 0, resjunk: false} = {
      expr = Var {varno: 65001, varattno: 3, vartype: 1700, vartypmod: -1, varcollid: 0, varlevelsup: 0, varnoold: 0, varoattno: 0, location: -1}
    },
    3 = TargetEntry {resno: 4, resname: 'sum_base_price', ressortgroupref: 0, resorigtbl: 0, resorigcol: 0, resjunk: false} = {
      expr = Var {varno: 65001, varattno: 4, vartype: 1700, vartypmod: -1, varcollid: 0, varlevelsup: 0, varnoold: 0, varoattno: 0, location: -1}
    },
    4 = TargetEntry {resno: 5, resname: 'sum_disc_price', ressortgroupref: 0, resorigtbl: 0, resorigcol: 0, resjunk: false} = {
      expr = Var {varno: 65001, varattno: 5, vartype: 1700, vartypmod: -1, varcollid: 0, varlevelsup: 0, varnoold: 0, varoattno: 0, location: -1}
    },
    5 = TargetEntry {resno: 6, resname: 'sum_charge', ressortgroupref: 0, resorigtbl: 0, resorigcol: 0, resjunk: false} = {
      expr = Var {varno: 65001, varattno: 6, vartype: 1700, vartypmod: -1, varcollid: 0, varlevelsup: 0, varnoold: 0, varoattno: 0, location: -1}
    },
    6 = TargetEntry {resno: 7, resname: 'avg_qty', ressortgroupref: 0, resorigtbl: 0, resorigcol: 0, resjunk: false} = {
      expr = Var {varno: 65001, varattno: 7, vartype: 1700, vartypmod: -1, varcollid: 0, varlevelsup: 0, varnoold: 0, varoattno: 0, location: -1}
    },
    7 = TargetEntry {resno: 8, resname: 'avg_price', ressortgroupref: 0, resorigtbl: 0, resorigcol: 0, resjunk: false} = {
      expr = Var {varno: 65001, varattno: 8, vartype: 1700, vartypmod: -1, varcollid: 0, varlevelsup: 0, varnoold: 0, varoattno: 0, location: -1}
    },
    8 = TargetEntry {resno: 9, resname: 'avg_disc', ressortgroupref: 0, resorigtbl: 0, resorigcol: 0, resjunk: false} = {
      expr = Var {varno: 65001, varattno: 9, vartype: 1700, vartypmod: -1, varcollid: 0, varlevelsup: 0, varnoold: 0, varoattno: 0, location: -1}
    },
    9 = TargetEntry {resno: 10, resname: 'count_order', ressortgroupref: 0, resorigtbl: 0, resorigcol: 0, resjunk: false} = {
      expr = Var {varno: 65001, varattno: 10, vartype: 20, vartypmod: -1, varcollid: 0, varlevelsup: 0, varnoold: 0, varoattno: 0, location: -1}
    }
  },
  plan.lefttree = Sort (cost=143.94..144.74 rows=321 width=248 operatorMemKB=0 plan_id=1 parallel_aware=False parallel_safe = False) numCols: 2 = {
    sortColIdx = [1, 2],
    sortOperators = [1058, 1058],
    collations = [100, 100],
    nullsFirst = [False, False],
    plan.targetlist = List with 10 elements = {
      0 = TargetEntry {resno: 1, resname: 'l_returnflag', ressortgroupref: 1, resorigtbl: 24597, resorigcol: 9, resjunk: false} = {
        expr = Var {varno: 65001, varattno: 1, vartype: 1042, vartypmod: 5, varcollid: 100, varlevelsup: 0, varnoold: 1, varoattno: 9, location: -1}
      },
      1 = TargetEntry {resno: 2, resname: 'l_linestatus', ressortgroupref: 2, resorigtbl: 24597, resorigcol: 10, resjunk: false} = {
        expr = Var {varno: 65001, varattno: 2, vartype: 1042, vartypmod: 5, varcollid: 100, varlevelsup: 0, varnoold: 1, varoattno: 10, location: -1}
      },
      2 = TargetEntry {resno: 3, resname: 'sum_qty', ressortgroupref: 0, resorigtbl: 0, resorigcol: 0, resjunk: false} = {
        expr = Var {varno: 65001, varattno: 3, vartype: 1700, vartypmod: -1, varcollid: 0, varlevelsup: 0, varnoold: 0, varoattno: 0, location: -1}
      },
      3 = TargetEntry {resno: 4, resname: 'sum_base_price', ressortgroupref: 0, resorigtbl: 0, resorigcol: 0, resjunk: false} = {
        expr = Var {varno: 65001, varattno: 4, vartype: 1700, vartypmod: -1, varcollid: 0, varlevelsup: 0, varnoold: 0, varoattno: 0, location: -1}
      },
      4 = TargetEntry {resno: 5, resname: 'sum_disc_price', ressortgroupref: 0, resorigtbl: 0, resorigcol: 0, resjunk: false} = {
        expr = Var {varno: 65001, varattno: 5, vartype: 1700, vartypmod: -1, varcollid: 0, varlevelsup: 0, varnoold: 0, varoattno: 0, location: -1}
      },
      5 = TargetEntry {resno: 6, resname: 'sum_charge', ressortgroupref: 0, resorigtbl: 0, resorigcol: 0, resjunk: false} = {
        expr = Var {varno: 65001, varattno: 6, vartype: 1700, vartypmod: -1, varcollid: 0, varlevelsup: 0, varnoold: 0, varoattno: 0, location: -1}
      },
      6 = TargetEntry {resno: 7, resname: 'avg_qty', ressortgroupref: 0, resorigtbl: 0, resorigcol: 0, resjunk: false} = {
        expr = Var {varno: 65001, varattno: 7, vartype: 1700, vartypmod: -1, varcollid: 0, varlevelsup: 0, varnoold: 0, varoattno: 0, location: -1}
      },
      7 = TargetEntry {resno: 8, resname: 'avg_price', ressortgroupref: 0, resorigtbl: 0, resorigcol: 0, resjunk: false} = {
        expr = Var {varno: 65001, varattno: 8, vartype: 1700, vartypmod: -1, varcollid: 0, varlevelsup: 0, varnoold: 0, varoattno: 0, location: -1}
      },
      8 = TargetEntry {resno: 9, resname: 'avg_disc', ressortgroupref: 0, resorigtbl: 0, resorigcol: 0, resjunk: false} = {
        expr = Var {varno: 65001, varattno: 9, vartype: 1700, vartypmod: -1, varcollid: 0, varlevelsup: 0, varnoold: 0, varoattno: 0, location: -1}
      },
      9 = TargetEntry {resno: 10, resname: 'count_order', ressortgroupref: 0, resorigtbl: 0, resorigcol: 0, resjunk: false} = {
        expr = Var {varno: 65001, varattno: 10, vartype: 20, vartypmod: -1, varcollid: 0, varlevelsup: 0, varnoold: 0, varoattno: 0, location: -1}
      }
    },
    plan.lefttree = Agg (cost=121.75..130.58 rows=321 width=248 operatorMemKB=0 plan_id=2 parallel_aware=False parallel_safe = False) {aggstrategy: AGG_HASHED, aggsplit: AGGSPLIT_SIMPLE, numCols: 2, numGroups: 321, aggParams: 0x0, streaming: false, agg_expr_id: 0} = {
      grpColIdx = [1, 2],
      grpOperators = [1054, 1054],
      grpCollations = [100, 100],
      plan.targetlist = List with 10 elements = {
        0 = TargetEntry {resno: 1, resname: 'l_returnflag', ressortgroupref: 1, resorigtbl: 24597, resorigcol: 9, resjunk: false} = {
          expr = Var {varno: 65001, varattno: 1, vartype: 1042, vartypmod: 5, varcollid: 100, varlevelsup: 0, varnoold: 0, varoattno: 0, location: -1}
        },
        1 = TargetEntry {resno: 2, resname: 'l_linestatus', ressortgroupref: 2, resorigtbl: 24597, resorigcol: 10, resjunk: false} = {
          expr = Var {varno: 65001, varattno: 2, vartype: 1042, vartypmod: 5, varcollid: 100, varlevelsup: 0, varnoold: 0, varoattno: 0, location: -1}
        },
        2 = TargetEntry {resno: 3, resname: 'sum_qty', ressortgroupref: 0, resorigtbl: 0, resorigcol: 0, resjunk: false} = {
          expr = Aggref {aggfnoid: 2114, aggtype: 1700, aggcollid: 0, inputcollid: 0, aggtranstype: 2281, aggstar: false, aggvariadic: false, aggkind: 110 'n', agglevelsup: 0, aggsplit: AGGSPLIT_SIMPLE, location: 41} = {
            aggargtypes = OidList with 1 elements = {1700},
            args = List with 1 elements = {
              0 = TargetEntry {resno: 1, resname: 0x0, ressortgroupref: 0, resorigtbl: 0, resorigcol: 0, resjunk: false} = {
                expr = Var {varno: 65001, varattno: 3, vartype: 1700, vartypmod: 983046, varcollid: 0, varlevelsup: 0, varnoold: 1, varoattno: 5, location: 45}
              }
            }
          }
        },
        3 = TargetEntry {resno: 4, resname: 'sum_base_price', ressortgroupref: 0, resorigtbl: 0, resorigcol: 0, resjunk: false} = {
          expr = Aggref {aggfnoid: 2114, aggtype: 1700, aggcollid: 0, inputcollid: 0, aggtranstype: 2281, aggstar: false, aggvariadic: false, aggkind: 110 'n', agglevelsup: 0, aggsplit: AGGSPLIT_SIMPLE, location: 71} = {
            aggargtypes = OidList with 1 elements = {1700},
            args = List with 1 elements = {
              0 = TargetEntry {resno: 1, resname: 0x0, ressortgroupref: 0, resorigtbl: 0, resorigcol: 0, resjunk: false} = {
                expr = Var {varno: 65001, varattno: 4, vartype: 1700, vartypmod: 983046, varcollid: 0, varlevelsup: 0, varnoold: 1, varoattno: 6, location: 75}
              }
            }
          }
        },
        4 = TargetEntry {resno: 5, resname: 'sum_disc_price', ressortgroupref: 0, resorigtbl: 0, resorigcol: 0, resjunk: false} = {
          expr = Aggref {aggfnoid: 2114, aggtype: 1700, aggcollid: 0, inputcollid: 0, aggtranstype: 2281, aggstar: false, aggvariadic: false, aggkind: 110 'n', agglevelsup: 0, aggsplit: AGGSPLIT_SIMPLE, location: 113} = {
            aggargtypes = OidList with 1 elements = {1700},
            args = List with 1 elements = {
              0 = TargetEntry {resno: 1, resname: 0x0, ressortgroupref: 0, resorigtbl: 0, resorigcol: 0, resjunk: false} = {
                expr = OpExpr {opno: 1760, opfuncid: 1726, opresulttype: 1700, opretset: false, opcollid: 0, inputcollid: 0, location: 133} = {
                  args = List with 2 elements = {
                    0 = Var {varno: 65001, varattno: 4, vartype: 1700, vartypmod: 983046, varcollid: 0, varlevelsup: 0, varnoold: 1, varoattno: 6, location: 117},
                    1 = OpExpr {opno: 1759, opfuncid: 1725, opresulttype: 1700, opretset: false, opcollid: 0, inputcollid: 0, location: 138} = {
                      args = List with 2 elements = {
                        0 = Const {consttype: 1700, consttypmod: -1, constcollid: 0, constlen: -1, constvalue: 94329034663584, constisnull: false, constbyval: false, location: -1},
                        1 = Var {varno: 65001, varattno: 5, vartype: 1700, vartypmod: 983046, varcollid: 0, varlevelsup: 0, varnoold: 1, varoattno: 7, location: 140}
                      }
                    }
                  }
                }
              }
            }
          }
        },
        5 = TargetEntry {resno: 6, resname: 'sum_charge', ressortgroupref: 0, resorigtbl: 0, resorigcol: 0, resjunk: false} = {
          expr = Aggref {aggfnoid: 2114, aggtype: 1700, aggcollid: 0, inputcollid: 0, aggtranstype: 2281, aggstar: false, aggvariadic: false, aggkind: 110 'n', agglevelsup: 0, aggsplit: AGGSPLIT_SIMPLE, location: 174} = {
            aggargtypes = OidList with 1 elements = {1700},
            args = List with 1 elements = {
              0 = TargetEntry {resno: 1, resname: 0x0, ressortgroupref: 0, resorigtbl: 0, resorigcol: 0, resjunk: false} = {
                expr = OpExpr {opno: 1760, opfuncid: 1726, opresulttype: 1700, opretset: false, opcollid: 0, inputcollid: 0, location: 213} = {
                  args = List with 2 elements = {
                    0 = OpExpr {opno: 1760, opfuncid: 1726, opresulttype: 1700, opretset: false, opcollid: 0, inputcollid: 0, location: 194} = {
                      args = List with 2 elements = {
                        0 = Var {varno: 65001, varattno: 4, vartype: 1700, vartypmod: 983046, varcollid: 0, varlevelsup: 0, varnoold: 1, varoattno: 6, location: 178},
                        1 = OpExpr {opno: 1759, opfuncid: 1725, opresulttype: 1700, opretset: false, opcollid: 0, inputcollid: 0, location: 199} = {
                          args = List with 2 elements = {
                            0 = Const {consttype: 1700, consttypmod: -1, constcollid: 0, constlen: -1, constvalue: 94329012056032, constisnull: false, constbyval: false, location: -1},
                            1 = Var {varno: 65001, varattno: 5, vartype: 1700, vartypmod: 983046, varcollid: 0, varlevelsup: 0, varnoold: 1, varoattno: 7, location: 201}
                          }
                        }
                      }
                    },
                    1 = OpExpr {opno: 1758, opfuncid: 1724, opresulttype: 1700, opretset: false, opcollid: 0, inputcollid: 0, location: 218} = {
                      args = List with 2 elements = {
                        0 = Const {consttype: 1700, consttypmod: -1, constcollid: 0, constlen: -1, constvalue: 94329012056840, constisnull: false, constbyval: false, location: -1},
                        1 = Var {varno: 65001, varattno: 6, vartype: 1700, vartypmod: 983046, varcollid: 0, varlevelsup: 0, varnoold: 1, varoattno: 8, location: 220}
                      }
                    }
                  }
                }
              }
            }
          }
        },
        6 = TargetEntry {resno: 7, resname: 'avg_qty', ressortgroupref: 0, resorigtbl: 0, resorigcol: 0, resjunk: false} = {
          expr = Aggref {aggfnoid: 2103, aggtype: 1700, aggcollid: 0, inputcollid: 0, aggtranstype: 2281, aggstar: false, aggvariadic: false, aggkind: 110 'n', agglevelsup: 0, aggsplit: AGGSPLIT_SIMPLE, location: 245} = {
            aggargtypes = OidList with 1 elements = {1700},
            args = List with 1 elements = {
              0 = TargetEntry {resno: 1, resname: 0x0, ressortgroupref: 0, resorigtbl: 0, resorigcol: 0, resjunk: false} = {
                expr = Var {varno: 65001, varattno: 3, vartype: 1700, vartypmod: 983046, varcollid: 0, varlevelsup: 0, varnoold: 1, varoattno: 5, location: 249}
              }
            }
          }
        },
        7 = TargetEntry {resno: 8, resname: 'avg_price', ressortgroupref: 0, resorigtbl: 0, resorigcol: 0, resjunk: false} = {
          expr = Aggref {aggfnoid: 2103, aggtype: 1700, aggcollid: 0, inputcollid: 0, aggtranstype: 2281, aggstar: false, aggvariadic: false, aggkind: 110 'n', agglevelsup: 0, aggsplit: AGGSPLIT_SIMPLE, location: 275} = {
            aggargtypes = OidList with 1 elements = {1700},
            args = List with 1 elements = {
              0 = TargetEntry {resno: 1, resname: 0x0, ressortgroupref: 0, resorigtbl: 0, resorigcol: 0, resjunk: false} = {
                expr = Var {varno: 65001, varattno: 4, vartype: 1700, vartypmod: 983046, varcollid: 0, varlevelsup: 0, varnoold: 1, varoattno: 6, location: 279}
              }
            }
          }
        },
        8 = TargetEntry {resno: 9, resname: 'avg_disc', ressortgroupref: 0, resorigtbl: 0, resorigcol: 0, resjunk: false} = {
          expr = Aggref {aggfnoid: 2103, aggtype: 1700, aggcollid: 0, inputcollid: 0, aggtranstype: 2281, aggstar: false, aggvariadic: false, aggkind: 110 'n', agglevelsup: 0, aggsplit: AGGSPLIT_SIMPLE, location: 312} = {
            aggargtypes = OidList with 1 elements = {1700},
            args = List with 1 elements = {
              0 = TargetEntry {resno: 1, resname: 0x0, ressortgroupref: 0, resorigtbl: 0, resorigcol: 0, resjunk: false} = {
                expr = Var {varno: 65001, varattno: 5, vartype: 1700, vartypmod: 983046, varcollid: 0, varlevelsup: 0, varnoold: 1, varoattno: 7, location: 316}
              }
            }
          }
        },
        9 = TargetEntry {resno: 10, resname: 'count_order', ressortgroupref: 0, resorigtbl: 0, resorigcol: 0, resjunk: false} = {
          expr = Aggref {aggfnoid: 2803, aggtype: 20, aggcollid: 0, inputcollid: 0, aggtranstype: 20, aggstar: true, aggvariadic: false, aggkind: 110 'n', agglevelsup: 0, aggsplit: AGGSPLIT_SIMPLE, location: 343}
        }
      },
      plan.lefttree = Motion (cost=0.00..85.75 rows=900 width=88 operatorMemKB=0 plan_id=3 parallel_aware=False parallel_safe = False) {motionType: MOTIONTYPE_HASH, sendSorted: false, motionID: 2, numHashSegments: 3, segidColIdx: 0, numSortCols: 0} = {
        hashFuncs = [1080, 1080],
        plan.targetlist = List with 6 elements = {
          0 = TargetEntry {resno: 1, resname: 0x0, ressortgroupref: 1, resorigtbl: 0, resorigcol: 0, resjunk: false} = {
            expr = Var {varno: 65001, varattno: 1, vartype: 1042, vartypmod: 5, varcollid: 100, varlevelsup: 0, varnoold: 1, varoattno: 9, location: -1}
          },
          1 = TargetEntry {resno: 2, resname: 0x0, ressortgroupref: 2, resorigtbl: 0, resorigcol: 0, resjunk: false} = {
            expr = Var {varno: 65001, varattno: 2, vartype: 1042, vartypmod: 5, varcollid: 100, varlevelsup: 0, varnoold: 1, varoattno: 10, location: -1}
          },
          2 = TargetEntry {resno: 3, resname: 0x0, ressortgroupref: 0, resorigtbl: 0, resorigcol: 0, resjunk: false} = {
            expr = Var {varno: 65001, varattno: 3, vartype: 1700, vartypmod: 983046, varcollid: 0, varlevelsup: 0, varnoold: 1, varoattno: 5, location: -1}
          },
          3 = TargetEntry {resno: 4, resname: 0x0, ressortgroupref: 0, resorigtbl: 0, resorigcol: 0, resjunk: false} = {
            expr = Var {varno: 65001, varattno: 4, vartype: 1700, vartypmod: 983046, varcollid: 0, varlevelsup: 0, varnoold: 1, varoattno: 6, location: -1}
          },
          4 = TargetEntry {resno: 5, resname: 0x0, ressortgroupref: 0, resorigtbl: 0, resorigcol: 0, resjunk: false} = {
            expr = Var {varno: 65001, varattno: 5, vartype: 1700, vartypmod: 983046, varcollid: 0, varlevelsup: 0, varnoold: 1, varoattno: 7, location: -1}
          },
          5 = TargetEntry {resno: 6, resname: 0x0, ressortgroupref: 0, resorigtbl: 0, resorigcol: 0, resjunk: false} = {
            expr = Var {varno: 65001, varattno: 6, vartype: 1700, vartypmod: 983046, varcollid: 0, varlevelsup: 0, varnoold: 1, varoattno: 8, location: -1}
          }
        },
        plan.lefttree = Scan (cost=0.00..67.75 rows=900 width=88 operatorMemKB=0 plan_id=4 parallel_aware=False parallel_safe = False) scanrelid: 1 = {
          plan.targetlist = List with 6 elements = {
            0 = TargetEntry {resno: 1, resname: 0x0, ressortgroupref: 1, resorigtbl: 0, resorigcol: 0, resjunk: false} = {
              expr = Var {varno: 1, varattno: 9, vartype: 1042, vartypmod: 5, varcollid: 100, varlevelsup: 0, varnoold: 1, varoattno: 9, location: 9}
            },
            1 = TargetEntry {resno: 2, resname: 0x0, ressortgroupref: 2, resorigtbl: 0, resorigcol: 0, resjunk: false} = {
              expr = Var {varno: 1, varattno: 10, vartype: 1042, vartypmod: 5, varcollid: 100, varlevelsup: 0, varnoold: 1, varoattno: 10, location: 25}
            },
            2 = TargetEntry {resno: 3, resname: 0x0, ressortgroupref: 0, resorigtbl: 0, resorigcol: 0, resjunk: false} = {
              expr = Var {varno: 1, varattno: 5, vartype: 1700, vartypmod: 983046, varcollid: 0, varlevelsup: 0, varnoold: 1, varoattno: 5, location: 45}
            },
            3 = TargetEntry {resno: 4, resname: 0x0, ressortgroupref: 0, resorigtbl: 0, resorigcol: 0, resjunk: false} = {
              expr = Var {varno: 1, varattno: 6, vartype: 1700, vartypmod: 983046, varcollid: 0, varlevelsup: 0, varnoold: 1, varoattno: 6, location: 75}
            },
            4 = TargetEntry {resno: 5, resname: 0x0, ressortgroupref: 0, resorigtbl: 0, resorigcol: 0, resjunk: false} = {
              expr = Var {varno: 1, varattno: 7, vartype: 1700, vartypmod: 983046, varcollid: 0, varlevelsup: 0, varnoold: 1, varoattno: 7, location: 140}
            },
            5 = TargetEntry {resno: 6, resname: 0x0, ressortgroupref: 0, resorigtbl: 0, resorigcol: 0, resjunk: false} = {
              expr = Var {varno: 1, varattno: 8, vartype: 1700, vartypmod: 983046, varcollid: 0, varlevelsup: 0, varnoold: 1, varoattno: 8, location: 220}
            }
          },
          plan.qual = List with 1 elements = {
            0 = OpExpr {opno: 2346, opfuncid: 2339, opresulttype: 16, opretset: false, opcollid: 0, inputcollid: 0, location: 402} = {
              args = List with 2 elements = {
                0 = Var {varno: 1, varattno: 11, vartype: 1082, vartypmod: -1, varcollid: 0, varlevelsup: 0, varnoold: 1, varoattno: 11, location: 391},
                1 = Const {consttype: 1114, consttypmod: -1, constcollid: 0, constlen: 8, constvalue: 18446702083309551616, constisnull: false, constbyval: true, location: -1}
              }
            }
          },
          plan.flow = Flow {flotype: FLOW_PARTITIONED, locustype: CdbLocusType_Hashed, segindex: 0, numsegments: 3}
        },
        hashExprs = List with 2 elements = {
          0 = Var {varno: 65001, varattno: 1, vartype: 1042, vartypmod: 5, varcollid: 100, varlevelsup: 0, varnoold: 1, varoattno: 9, location: 9},
          1 = Var {varno: 65001, varattno: 2, vartype: 1042, vartypmod: 5, varcollid: 100, varlevelsup: 0, varnoold: 1, varoattno: 10, location: 25}
        }
      }
    },
    plan.flow = Flow {flotype: FLOW_PARTITIONED, locustype: CdbLocusType_Hashed, segindex: 0, numsegments: 3}
  },
  plan.flow = Flow {flotype: FLOW_SINGLETON, locustype: CdbLocusType_Entry, segindex: -1, numsegments: 1}
}

Thread 1 "postgres" hit Breakpoint 1, standard_planner (parse=0x55cab090f610, cursorOptions=256, boundParams=0x0) at planner.c:750
750		result->resultRelations = glob->resultRelations;
$4 = Query {commandType: CMD_SELECT, querySource: QSRC_ORIGINAL, queryId: 0, canSetTag: true, resultRelation: 0, hasAggs: false, hasWindowFuncs: false, hasTargetSRFs: false, hasSubLinks: true, hasDynamicFunctions: false, hasFuncsWithExecRestrictions: false, hasDistinctOn: false, hasRecursive: false, hasModifyingCTE: false, hasForUpdate: false, hasRowSecurity: false, canOptSelectLockingClause: false, override: OVERRIDING_NOT_SET, isTableValueSelect: false, parentStmtType: 0 '\000', stmt_location: 0, stmt_len: 720, expandMatViews: false} = {
  rtable = List with 6 elements = {
    0 = RangeTblEntry {rtekind: RTE_RELATION, relid: 24582, relkind: 114 'r', rellockmode: 1, security_barrier: false, jointype: JOIN_INNER, funcordinality: false, ctename: 0x0, ctelevelsup: 0, self_reference: false, enrname: 0x0, enrtuples: 0, forceDistRandom: false, lateral: false, inh: false, inFromCl: true, requiredPerms: 2, checkAsUser: 0, selectedCols: (b 9 11 13 14), insertedCols: 0x0, updatedCols: 0x0, extraUpdatedCols: 0x0} = {
      eref = Alias aliasname: 'part' = {
        colnames = List with 9 elements = {
          0 = String[ 'p_partkey' ],
          1 = String[ 'p_name' ],
          2 = String[ 'p_mfgr' ],
          3 = String[ 'p_brand' ],
          4 = String[ 'p_type' ],
          5 = String[ 'p_size' ],
          6 = String[ 'p_container' ],
          7 = String[ 'p_retailprice' ],
          8 = String[ 'p_comment' ]
        }
      }
    },
    1 = RangeTblEntry {rtekind: RTE_RELATION, relid: 24585, relkind: 114 'r', rellockmode: 1, security_barrier: false, jointype: JOIN_INNER, funcordinality: false, ctename: 0x0, ctelevelsup: 0, self_reference: false, enrname: 0x0, enrtuples: 0, forceDistRandom: false, lateral: false, inh: false, inFromCl: true, requiredPerms: 2, checkAsUser: 0, selectedCols: (b 9 10 11 12 13 14 15), insertedCols: 0x0, updatedCols: 0x0, extraUpdatedCols: 0x0} = {
      eref = Alias aliasname: 'supplier' = {
        colnames = List with 7 elements = {
          0 = String[ 's_suppkey' ],
          1 = String[ 's_name' ],
          2 = String[ 's_address' ],
          3 = String[ 's_nationkey' ],
          4 = String[ 's_phone' ],
          5 = String[ 's_acctbal' ],
          6 = String[ 's_comment' ]
        }
      }
    },
    2 = RangeTblEntry {rtekind: RTE_RELATION, relid: 24588, relkind: 114 'r', rellockmode: 1, security_barrier: false, jointype: JOIN_INNER, funcordinality: false, ctename: 0x0, ctelevelsup: 0, self_reference: false, enrname: 0x0, enrtuples: 0, forceDistRandom: false, lateral: false, inh: false, inFromCl: true, requiredPerms: 2, checkAsUser: 0, selectedCols: (b 9 10 12), insertedCols: 0x0, updatedCols: 0x0, extraUpdatedCols: 0x0} = {
      eref = Alias aliasname: 'partsupp' = {
        colnames = List with 5 elements = {
          0 = String[ 'ps_partkey' ],
          1 = String[ 'ps_suppkey' ],
          2 = String[ 'ps_availqty' ],
          3 = String[ 'ps_supplycost' ],
          4 = String[ 'ps_comment' ]
        }
      }
    },
    3 = RangeTblEntry {rtekind: RTE_RELATION, relid: 24576, relkind: 114 'r', rellockmode: 1, security_barrier: false, jointype: JOIN_INNER, funcordinality: false, ctename: 0x0, ctelevelsup: 0, self_reference: false, enrname: 0x0, enrtuples: 0, forceDistRandom: false, lateral: false, inh: false, inFromCl: true, requiredPerms: 2, checkAsUser: 0, selectedCols: (b 9 10 11), insertedCols: 0x0, updatedCols: 0x0, extraUpdatedCols: 0x0} = {
      eref = Alias aliasname: 'nation' = {
        colnames = List with 4 elements = {
          0 = String[ 'n_nationkey' ],
          1 = String[ 'n_name' ],
          2 = String[ 'n_regionkey' ],
          3 = String[ 'n_comment' ]
        }
      }
    },
    4 = RangeTblEntry {rtekind: RTE_RELATION, relid: 24579, relkind: 114 'r', rellockmode: 1, security_barrier: false, jointype: JOIN_INNER, funcordinality: false, ctename: 0x0, ctelevelsup: 0, self_reference: false, enrname: 0x0, enrtuples: 0, forceDistRandom: false, lateral: false, inh: false, inFromCl: true, requiredPerms: 2, checkAsUser: 0, selectedCols: (b 9 10), insertedCols: 0x0, updatedCols: 0x0, extraUpdatedCols: 0x0} = {
      eref = Alias aliasname: 'region' = {
        colnames = List with 3 elements = {
          0 = String[ 'r_regionkey' ],
          1 = String[ 'r_name' ],
          2 = String[ 'r_comment' ]
        }
      }
    },
    5 = RangeTblEntry {rtekind: RTE_SUBQUERY, relid: 0, relkind: 0 '\000', rellockmode: 0, security_barrier: false, jointype: JOIN_INNER, funcordinality: false, ctename: 0x0, ctelevelsup: 0, self_reference: false, enrname: 0x0, enrtuples: 0, forceDistRandom: false, lateral: true, inh: false, inFromCl: false, requiredPerms: 0, checkAsUser: 0, selectedCols: 0x0, insertedCols: 0x0, updatedCols: 0x0, extraUpdatedCols: 0x0} = {
      subquery = Query {commandType: CMD_SELECT, querySource: QSRC_ORIGINAL, queryId: 0, canSetTag: true, resultRelation: 0, hasAggs: true, hasWindowFuncs: false, hasTargetSRFs: false, hasSubLinks: false, hasDynamicFunctions: false, hasFuncsWithExecRestrictions: false, hasDistinctOn: false, hasRecursive: false, hasModifyingCTE: false, hasForUpdate: false, hasRowSecurity: false, canOptSelectLockingClause: false, override: OVERRIDING_NOT_SET, isTableValueSelect: false, parentStmtType: 0 '\000', stmt_location: 0, stmt_len: 0, expandMatViews: false} = {
        rtable = List with 4 elements = {
          0 = RangeTblEntry {rtekind: RTE_RELATION, relid: 24588, relkind: 114 'r', rellockmode: 1, security_barrier: false, jointype: JOIN_INNER, funcordinality: false, ctename: 0x0, ctelevelsup: 0, self_reference: false, enrname: 0x0, enrtuples: 0, forceDistRandom: false, lateral: false, inh: true, inFromCl: true, requiredPerms: 2, checkAsUser: 0, selectedCols: (b 9 10 12), insertedCols: 0x0, updatedCols: 0x0, extraUpdatedCols: 0x0} = {
            eref = Alias aliasname: 'partsupp' = {
              colnames = List with 5 elements = {
                0 = String[ 'ps_partkey' ],
                1 = String[ 'ps_suppkey' ],
                2 = String[ 'ps_availqty' ],
                3 = String[ 'ps_supplycost' ],
                4 = String[ 'ps_comment' ]
              }
            }
          },
          1 = RangeTblEntry {rtekind: RTE_RELATION, relid: 24585, relkind: 114 'r', rellockmode: 1, security_barrier: false, jointype: JOIN_INNER, funcordinality: false, ctename: 0x0, ctelevelsup: 0, self_reference: false, enrname: 0x0, enrtuples: 0, forceDistRandom: false, lateral: false, inh: true, inFromCl: true, requiredPerms: 2, checkAsUser: 0, selectedCols: (b 9 12), insertedCols: 0x0, updatedCols: 0x0, extraUpdatedCols: 0x0} = {
            eref = Alias aliasname: 'supplier' = {
              colnames = List with 7 elements = {
                0 = String[ 's_suppkey' ],
                1 = String[ 's_name' ],
                2 = String[ 's_address' ],
                3 = String[ 's_nationkey' ],
                4 = String[ 's_phone' ],
                5 = String[ 's_acctbal' ],
                6 = String[ 's_comment' ]
              }
            }
          },
          2 = RangeTblEntry {rtekind: RTE_RELATION, relid: 24576, relkind: 114 'r', rellockmode: 1, security_barrier: false, jointype: JOIN_INNER, funcordinality: false, ctename: 0x0, ctelevelsup: 0, self_reference: false, enrname: 0x0, enrtuples: 0, forceDistRandom: false, lateral: false, inh: true, inFromCl: true, requiredPerms: 2, checkAsUser: 0, selectedCols: (b 9 11), insertedCols: 0x0, updatedCols: 0x0, extraUpdatedCols: 0x0} = {
            eref = Alias aliasname: 'nation' = {
              colnames = List with 4 elements = {
                0 = String[ 'n_nationkey' ],
                1 = String[ 'n_name' ],
                2 = String[ 'n_regionkey' ],
                3 = String[ 'n_comment' ]
              }
            }
          },
          3 = RangeTblEntry {rtekind: RTE_RELATION, relid: 24579, relkind: 114 'r', rellockmode: 1, security_barrier: false, jointype: JOIN_INNER, funcordinality: false, ctename: 0x0, ctelevelsup: 0, self_reference: false, enrname: 0x0, enrtuples: 0, forceDistRandom: false, lateral: false, inh: true, inFromCl: true, requiredPerms: 2, checkAsUser: 0, selectedCols: (b 9 10), insertedCols: 0x0, updatedCols: 0x0, extraUpdatedCols: 0x0} = {
            eref = Alias aliasname: 'region' = {
              colnames = List with 3 elements = {
                0 = String[ 'r_regionkey' ],
                1 = String[ 'r_name' ],
                2 = String[ 'r_comment' ]
              }
            }
          }
        },
        jointree = FromExpr  = {
          fromlist = List with 4 elements = {
            0 = RangeTblRef rtindex: 1,
            1 = RangeTblRef rtindex: 2,
            2 = RangeTblRef rtindex: 3,
            3 = RangeTblRef rtindex: 4
          },
          quals = BoolExpr {boolop: AND_EXPR, location: -1} = {
            args = List with 2 elements = {
              0 = BoolExpr {boolop: AND_EXPR, location: -1} = {
                args = List with 2 elements = {
                  0 = BoolExpr {boolop: AND_EXPR, location: -1} = {
                    args = List with 2 elements = {
                      0 = OpExpr {opno: 96, opfuncid: 65, opresulttype: 16, opretset: false, opcollid: 0, inputcollid: 0, location: 535} = {
                        args = List with 2 elements = {
                          0 = Var {varno: 2, varattno: 1, vartype: 23, vartypmod: -1, varcollid: 0, varlevelsup: 0, varnoold: 2, varoattno: 1, location: 525},
                          1 = Var {varno: 1, varattno: 2, vartype: 23, vartypmod: -1, varcollid: 0, varlevelsup: 0, varnoold: 1, varoattno: 2, location: 537}
                        }
                      },
                      1 = OpExpr {opno: 96, opfuncid: 65, opresulttype: 16, opretset: false, opcollid: 0, inputcollid: 0, location: 570} = {
                        args = List with 2 elements = {
                          0 = Var {varno: 2, varattno: 4, vartype: 23, vartypmod: -1, varcollid: 0, varlevelsup: 0, varnoold: 2, varoattno: 4, location: 558},
                          1 = Var {varno: 3, varattno: 1, vartype: 23, vartypmod: -1, varcollid: 0, varlevelsup: 0, varnoold: 3, varoattno: 1, location: 572}
                        }
                      }
                    }
                  },
                  1 = OpExpr {opno: 96, opfuncid: 65, opresulttype: 16, opretset: false, opcollid: 0, inputcollid: 0, location: 606} = {
                    args = List with 2 elements = {
                      0 = Var {varno: 3, varattno: 3, vartype: 23, vartypmod: -1, varcollid: 0, varlevelsup: 0, varnoold: 3, varoattno: 3, location: 594},
                      1 = Var {varno: 4, varattno: 1, vartype: 23, vartypmod: -1, varcollid: 0, varlevelsup: 0, varnoold: 4, varoattno: 1, location: 608}
                    }
                  }
                }
              },
              1 = OpExpr {opno: 1054, opfuncid: 1048, opresulttype: 16, opretset: false, opcollid: 0, inputcollid: 100, location: 637} = {
                args = List with 2 elements = {
                  0 = Var {varno: 4, varattno: 2, vartype: 1042, vartypmod: 29, varcollid: 100, varlevelsup: 0, varnoold: 4, varoattno: 2, location: 630},
                  1 = Const {consttype: 1042, consttypmod: -1, constcollid: 100, constlen: -1, constvalue: 94329034056928, constisnull: false, constbyval: false, location: 639}
                }
              }
            }
          }
        },
        targetList = List with 2 elements = {
          0 = TargetEntry {resno: 1, resname: 'csq_c0', ressortgroupref: 1, resorigtbl: 0, resorigcol: 0, resjunk: false} = {
            expr = Var {varno: 1, varattno: 1, vartype: 23, vartypmod: -1, varcollid: 0, varlevelsup: 0, varnoold: 1, varoattno: 1, location: 504}
          },
          1 = TargetEntry {resno: 2, resname: 'csq_c1', ressortgroupref: 0, resorigtbl: 0, resorigcol: 0, resjunk: false} = {
            expr = Aggref {aggfnoid: 2146, aggtype: 1700, aggcollid: 0, inputcollid: 0, aggtranstype: 0, aggstar: false, aggvariadic: false, aggkind: 110 'n', agglevelsup: 0, aggsplit: AGGSPLIT_SIMPLE, location: 389} = {
              aggargtypes = OidList with 1 elements = {1700},
              args = List with 1 elements = {
                0 = TargetEntry {resno: 1, resname: 0x0, ressortgroupref: 0, resorigtbl: 0, resorigcol: 0, resjunk: false} = {
                  expr = Var {varno: 1, varattno: 4, vartype: 1700, vartypmod: 983046, varcollid: 0, varlevelsup: 0, varnoold: 1, varoattno: 4, location: 393}
                }
              }
            }
          }
        },
        groupClause = List with 1 elements = {
          0 = SortGroupClause {tleSortGroupRef: 1, eqop: 96, sortop: 97, nulls_first: false, hashable: true}
        }
      },
      alias = Alias aliasname: 'Expr_SUBQUERY',
      eref = Alias aliasname: 'Expr_SUBQUERY' = {
        colnames = List with 2 elements = {
          0 = String[ 'csq_c0' ],
          1 = String[ 'csq_c1' ]
        }
      }
    }
  },
  targetList = List with 8 elements = {
    0 = TargetEntry {resno: 1, resname: 's_acctbal', ressortgroupref: 1, resorigtbl: 24585, resorigcol: 6, resjunk: false} = {
      expr = Var {varno: 2, varattno: 6, vartype: 1700, vartypmod: 983046, varcollid: 0, varlevelsup: 0, varnoold: 2, varoattno: 6, location: 9}
    },
    1 = TargetEntry {resno: 2, resname: 's_name', ressortgroupref: 3, resorigtbl: 24585, resorigcol: 2, resjunk: false} = {
      expr = Var {varno: 2, varattno: 2, vartype: 1042, vartypmod: 29, varcollid: 100, varlevelsup: 0, varnoold: 2, varoattno: 2, location: 22}
    },
    2 = TargetEntry {resno: 3, resname: 'n_name', ressortgroupref: 2, resorigtbl: 24576, resorigcol: 2, resjunk: false} = {
      expr = Var {varno: 4, varattno: 2, vartype: 1042, vartypmod: 29, varcollid: 100, varlevelsup: 0, varnoold: 4, varoattno: 2, location: 32}
    },
    3 = TargetEntry {resno: 4, resname: 'p_partkey', ressortgroupref: 4, resorigtbl: 24582, resorigcol: 1, resjunk: false} = {
      expr = Var {varno: 1, varattno: 1, vartype: 23, vartypmod: -1, varcollid: 0, varlevelsup: 0, varnoold: 1, varoattno: 1, location: 42}
    },
    4 = TargetEntry {resno: 5, resname: 'p_mfgr', ressortgroupref: 0, resorigtbl: 24582, resorigcol: 3, resjunk: false} = {
      expr = Var {varno: 1, varattno: 3, vartype: 1042, vartypmod: 29, varcollid: 100, varlevelsup: 0, varnoold: 1, varoattno: 3, location: 55}
    },
    5 = TargetEntry {resno: 6, resname: 's_address', ressortgroupref: 0, resorigtbl: 24585, resorigcol: 3, resjunk: false} = {
      expr = Var {varno: 2, varattno: 3, vartype: 1043, vartypmod: 44, varcollid: 100, varlevelsup: 0, varnoold: 2, varoattno: 3, location: 65}
    },
    6 = TargetEntry {resno: 7, resname: 's_phone', ressortgroupref: 0, resorigtbl: 24585, resorigcol: 5, resjunk: false} = {
      expr = Var {varno: 2, varattno: 5, vartype: 1042, vartypmod: 19, varcollid: 100, varlevelsup: 0, varnoold: 2, varoattno: 5, location: 78}
    },
    7 = TargetEntry {resno: 8, resname: 's_comment', ressortgroupref: 0, resorigtbl: 24585, resorigcol: 7, resjunk: false} = {
      expr = Var {varno: 2, varattno: 7, vartype: 1043, vartypmod: 105, varcollid: 100, varlevelsup: 0, varnoold: 2, varoattno: 7, location: 89}
    }
  }
}
$5 = CdbMotionPath T_Motion (cost=696.06..696.06 rows=7 memo=0.00 parallel_aware=False parallel_safe=False parallel_workers=0 motionHazard=False rescannable=False sameslice_relids=(b)) is_explicit_motion: false = {
  path.parent = (b),
  path.pathtarget = PathTarget {cost: (0.00..0.00), width: 716} = {
    sortgrouprefs = [1, 3, 2, 4, 0, 0, 0, 0],
    exprs = List with 8 elements = {
      0 = Var {varno: 2, varattno: 6, vartype: 1700, vartypmod: 983046, varcollid: 0, varlevelsup: 0, varnoold: 2, varoattno: 6, location: 9},
      1 = Var {varno: 2, varattno: 2, vartype: 1042, vartypmod: 29, varcollid: 100, varlevelsup: 0, varnoold: 2, varoattno: 2, location: 22},
      2 = Var {varno: 4, varattno: 2, vartype: 1042, vartypmod: 29, varcollid: 100, varlevelsup: 0, varnoold: 4, varoattno: 2, location: 32},
      3 = Var {varno: 1, varattno: 1, vartype: 23, vartypmod: -1, varcollid: 0, varlevelsup: 0, varnoold: 1, varoattno: 1, location: 42},
      4 = Var {varno: 1, varattno: 3, vartype: 1042, vartypmod: 29, varcollid: 100, varlevelsup: 0, varnoold: 1, varoattno: 3, location: 55},
      5 = Var {varno: 2, varattno: 3, vartype: 1043, vartypmod: 44, varcollid: 100, varlevelsup: 0, varnoold: 2, varoattno: 3, location: 65},
      6 = Var {varno: 2, varattno: 5, vartype: 1042, vartypmod: 19, varcollid: 100, varlevelsup: 0, varnoold: 2, varoattno: 5, location: 78},
      7 = Var {varno: 2, varattno: 7, vartype: 1043, vartypmod: 105, varcollid: 100, varlevelsup: 0, varnoold: 2, varoattno: 7, location: 89}
    }
  },
  path.pathkeys = List with 4 elements = {
    0 = PathKey {pk_opfamily: 1988, pk_strategy: 5, pk_nulls_first: true} = {
      pk_eclass = EquivalenceClass {ec_collation: 0, ec_relids: (b 2), ec_has_const: false, ec_has_volatile: false, ec_broken: false, ec_sortref: 1, ec_min_security: 4294967295, ec_max_security: 0} = {
        ec_opfamilies = OidList with 1 elements = {1988},
        ec_members = List with 1 elements = {
          0 = EquivalenceMember {em_relids: (b 2), em_nullable_relids: (b), em_is_const: false, em_is_child: false, em_datatype: 1700} = {
            em_expr = Var {varno: 2, varattno: 6, vartype: 1700, vartypmod: 983046, varcollid: 0, varlevelsup: 0, varnoold: 2, varoattno: 6, location: 9}
          }
        }
      }
    },
    1 = PathKey {pk_opfamily: 426, pk_strategy: 1, pk_nulls_first: false} = {
      pk_eclass = EquivalenceClass {ec_collation: 100, ec_relids: (b 4), ec_has_const: false, ec_has_volatile: false, ec_broken: false, ec_sortref: 2, ec_min_security: 4294967295, ec_max_security: 0} = {
        ec_opfamilies = OidList with 2 elements = {426, 2097},
        ec_members = List with 1 elements = {
          0 = EquivalenceMember {em_relids: (b 4), em_nullable_relids: (b), em_is_const: false, em_is_child: false, em_datatype: 1042} = {
            em_expr = Var {varno: 4, varattno: 2, vartype: 1042, vartypmod: 29, varcollid: 100, varlevelsup: 0, varnoold: 4, varoattno: 2, location: 32}
          }
        }
      }
    },
    2 = PathKey {pk_opfamily: 426, pk_strategy: 1, pk_nulls_first: false} = {
      pk_eclass = EquivalenceClass {ec_collation: 100, ec_relids: (b 2), ec_has_const: false, ec_has_volatile: false, ec_broken: false, ec_sortref: 3, ec_min_security: 4294967295, ec_max_security: 0} = {
        ec_opfamilies = OidList with 2 elements = {426, 2097},
        ec_members = List with 1 elements = {
          0 = EquivalenceMember {em_relids: (b 2), em_nullable_relids: (b), em_is_const: false, em_is_child: false, em_datatype: 1042} = {
            em_expr = Var {varno: 2, varattno: 2, vartype: 1042, vartypmod: 29, varcollid: 100, varlevelsup: 0, varnoold: 2, varoattno: 2, location: 22}
          }
        }
      }
    },
    3 = PathKey {pk_opfamily: 1976, pk_strategy: 1, pk_nulls_first: false} = {
      pk_eclass = EquivalenceClass {ec_collation: 0, ec_relids: (b 1 3 6), ec_has_const: false, ec_has_volatile: false, ec_broken: false, ec_sortref: 0, ec_min_security: 0, ec_max_security: 0} = {
        ec_opfamilies = OidList with 1 elements = {1976},
        ec_members = List with 3 elements = {
          0 = EquivalenceMember {em_relids: (b 1), em_nullable_relids: (b), em_is_const: false, em_is_child: false, em_datatype: 23} = {
            em_expr = Var {varno: 1, varattno: 1, vartype: 23, vartypmod: -1, varcollid: 0, varlevelsup: 0, varnoold: 1, varoattno: 1, location: 163}
          },
          1 = EquivalenceMember {em_relids: (b 3), em_nullable_relids: (b), em_is_const: false, em_is_child: false, em_datatype: 23} = {
            em_expr = Var {varno: 3, varattno: 1, vartype: 23, vartypmod: -1, varcollid: 0, varlevelsup: 0, varnoold: 3, varoattno: 1, location: 175}
          },
          2 = EquivalenceMember {em_relids: (b 6), em_nullable_relids: (b), em_is_const: false, em_is_child: false, em_datatype: 23} = {
            em_expr = Var {varno: 6, varattno: 1, vartype: 23, vartypmod: -1, varcollid: 0, varlevelsup: 0, varnoold: 6, varoattno: 1, location: 504}
          }
        },
        ec_sources = List with 2 elements = {
          0 = RestrictInfo {is_pushed_down: true, outerjoin_delayed: false, can_join: true, pseudoconstant: false, leakproof: false, security_level: 0, contain_outer_query_references: false, clause_relids: (b 1 3), required_relids: (b 1 3), outer_relids: (b), nullable_relids: (b), left_relids: (b 1), right_relids: (b 3), eval_cost: (-1.00..0.00), norm_selec: -1.0000, outer_selec: -1.0000, outer_is_left: false, hashjoinoperator: 0, left_bucketsize: -1.0000, right_bucketsize: -1.0000, left_mcvfreq: -1.0000, right_mcvfreq: -1.0000} = {
            clause = OpExpr {opno: 96, opfuncid: 65, opresulttype: 16, opretset: false, opcollid: 0, inputcollid: 0, location: 173} = {
              args = List with 2 elements = {
                0 = Var {varno: 1, varattno: 1, vartype: 23, vartypmod: -1, varcollid: 0, varlevelsup: 0, varnoold: 1, varoattno: 1, location: 163},
                1 = Var {varno: 3, varattno: 1, vartype: 23, vartypmod: -1, varcollid: 0, varlevelsup: 0, varnoold: 3, varoattno: 1, location: 175}
              }
            },
            mergeopfamilies = OidList with 1 elements = {1976},
            left_em = EquivalenceMember {em_relids: (b 1), em_nullable_relids: (b), em_is_const: false, em_is_child: false, em_datatype: 23} = {
              em_expr = Var {varno: 1, varattno: 1, vartype: 23, vartypmod: -1, varcollid: 0, varlevelsup: 0, varnoold: 1, varoattno: 1, location: 163}
            },
            right_em = EquivalenceMember {em_relids: (b 3), em_nullable_relids: (b), em_is_const: false, em_is_child: false, em_datatype: 23} = {
              em_expr = Var {varno: 3, varattno: 1, vartype: 23, vartypmod: -1, varcollid: 0, varlevelsup: 0, varnoold: 3, varoattno: 1, location: 175}
            }
          },
          1 = RestrictInfo {is_pushed_down: true, outerjoin_delayed: false, can_join: true, pseudoconstant: false, leakproof: false, security_level: 0, contain_outer_query_references: false, clause_relids: (b 1 6), required_relids: (b 1 6), outer_relids: (b), nullable_relids: (b), left_relids: (b 1), right_relids: (b 6), eval_cost: (-1.00..0.00), norm_selec: -1.0000, outer_selec: -1.0000, outer_is_left: false, hashjoinoperator: 0, left_bucketsize: -1.0000, right_bucketsize: -1.0000, left_mcvfreq: -1.0000, right_mcvfreq: -1.0000} = {
            clause = OpExpr {opno: 96, opfuncid: 65, opresulttype: 16, opretset: false, opcollid: 0, inputcollid: 0, location: 502} = {
              args = List with 2 elements = {
                0 = Var {varno: 1, varattno: 1, vartype: 23, vartypmod: -1, varcollid: 0, varlevelsup: 0, varnoold: 1, varoattno: 1, location: 492},
                1 = Var {varno: 6, varattno: 1, vartype: 23, vartypmod: -1, varcollid: 0, varlevelsup: 0, varnoold: 6, varoattno: 1, location: 504}
              }
            },
            mergeopfamilies = OidList with 1 elements = {1976},
            left_em = EquivalenceMember {em_relids: (b 1), em_nullable_relids: (b), em_is_const: false, em_is_child: false, em_datatype: 23} = {
              em_expr = Var {varno: 1, varattno: 1, vartype: 23, vartypmod: -1, varcollid: 0, varlevelsup: 0, varnoold: 1, varoattno: 1, location: 163}
            },
            right_em = EquivalenceMember {em_relids: (b 6), em_nullable_relids: (b), em_is_const: false, em_is_child: false, em_datatype: 23} = {
              em_expr = Var {varno: 6, varattno: 1, vartype: 23, vartypmod: -1, varcollid: 0, varlevelsup: 0, varnoold: 6, varoattno: 1, location: 504}
            }
          }
        },
        ec_derives = List with 4 elements = {
          0 = RestrictInfo {is_pushed_down: true, outerjoin_delayed: false, can_join: true, pseudoconstant: false, leakproof: false, security_level: 0, contain_outer_query_references: false, clause_relids: (b 1 3), required_relids: (b 1 3), outer_relids: (b), nullable_relids: (b), left_relids: (b 1), right_relids: (b 3), eval_cost: (0.00..0.00), norm_selec: 0.0010, outer_selec: -1.0000, outer_is_left: false, hashjoinoperator: 96, left_bucketsize: 0.1000, right_bucketsize: 0.1000, left_mcvfreq: 0.0000, right_mcvfreq: 0.0000} = {
            clause = OpExpr {opno: 96, opfuncid: 65, opresulttype: 16, opretset: false, opcollid: 0, inputcollid: 0, location: -1} = {
              args = List with 2 elements = {
                0 = Var {varno: 1, varattno: 1, vartype: 23, vartypmod: -1, varcollid: 0, varlevelsup: 0, varnoold: 1, varoattno: 1, location: 163},
                1 = Var {varno: 3, varattno: 1, vartype: 23, vartypmod: -1, varcollid: 0, varlevelsup: 0, varnoold: 3, varoattno: 1, location: 175}
              }
            },
            mergeopfamilies = OidList with 1 elements = {1976},
            left_em = EquivalenceMember {em_relids: (b 1), em_nullable_relids: (b), em_is_const: false, em_is_child: false, em_datatype: 23} = {
              em_expr = Var {varno: 1, varattno: 1, vartype: 23, vartypmod: -1, varcollid: 0, varlevelsup: 0, varnoold: 1, varoattno: 1, location: 163}
            },
            right_em = EquivalenceMember {em_relids: (b 3), em_nullable_relids: (b), em_is_const: false, em_is_child: false, em_datatype: 23} = {
              em_expr = Var {varno: 3, varattno: 1, vartype: 23, vartypmod: -1, varcollid: 0, varlevelsup: 0, varnoold: 3, varoattno: 1, location: 175}
            }
          },
          1 = RestrictInfo {is_pushed_down: true, outerjoin_delayed: false, can_join: true, pseudoconstant: false, leakproof: false, security_level: 0, contain_outer_query_references: false, clause_relids: (b 1 6), required_relids: (b 1 6), outer_relids: (b), nullable_relids: (b), left_relids: (b 1), right_relids: (b 6), eval_cost: (0.00..0.00), norm_selec: 0.0010, outer_selec: 0.0010, outer_is_left: true, hashjoinoperator: 96, left_bucketsize: 0.1000, right_bucketsize: 0.1000, left_mcvfreq: 0.0000, right_mcvfreq: 0.0000} = {
            clause = OpExpr {opno: 96, opfuncid: 65, opresulttype: 16, opretset: false, opcollid: 0, inputcollid: 0, location: -1} = {
              args = List with 2 elements = {
                0 = Var {varno: 1, varattno: 1, vartype: 23, vartypmod: -1, varcollid: 0, varlevelsup: 0, varnoold: 1, varoattno: 1, location: 163},
                1 = Var {varno: 6, varattno: 1, vartype: 23, vartypmod: -1, varcollid: 0, varlevelsup: 0, varnoold: 6, varoattno: 1, location: 504}
              }
            },
            mergeopfamilies = OidList with 1 elements = {1976},
            left_em = EquivalenceMember {em_relids: (b 1), em_nullable_relids: (b), em_is_const: false, em_is_child: false, em_datatype: 23} = {
              em_expr = Var {varno: 1, varattno: 1, vartype: 23, vartypmod: -1, varcollid: 0, varlevelsup: 0, varnoold: 1, varoattno: 1, location: 163}
            },
            right_em = EquivalenceMember {em_relids: (b 6), em_nullable_relids: (b), em_is_const: false, em_is_child: false, em_datatype: 23} = {
              em_expr = Var {varno: 6, varattno: 1, vartype: 23, vartypmod: -1, varcollid: 0, varlevelsup: 0, varnoold: 6, varoattno: 1, location: 504}
            }
          },
          2 = RestrictInfo {is_pushed_down: true, outerjoin_delayed: false, can_join: true, pseudoconstant: false, leakproof: false, security_level: 0, contain_outer_query_references: false, clause_relids: (b 3 6), required_relids: (b 3 6), outer_relids: (b), nullable_relids: (b), left_relids: (b 3), right_relids: (b 6), eval_cost: (0.00..0.00), norm_selec: 0.0010, outer_selec: 0.0010, outer_is_left: false, hashjoinoperator: 96, left_bucketsize: 0.1000, right_bucketsize: 0.1000, left_mcvfreq: 0.0000, right_mcvfreq: 0.0000} = {
            clause = OpExpr {opno: 96, opfuncid: 65, opresulttype: 16, opretset: false, opcollid: 0, inputcollid: 0, location: -1} = {
              args = List with 2 elements = {
                0 = Var {varno: 3, varattno: 1, vartype: 23, vartypmod: -1, varcollid: 0, varlevelsup: 0, varnoold: 3, varoattno: 1, location: 175},
                1 = Var {varno: 6, varattno: 1, vartype: 23, vartypmod: -1, varcollid: 0, varlevelsup: 0, varnoold: 6, varoattno: 1, location: 504}
              }
            },
            mergeopfamilies = OidList with 1 elements = {1976},
            left_em = EquivalenceMember {em_relids: (b 3), em_nullable_relids: (b), em_is_const: false, em_is_child: false, em_datatype: 23} = {
              em_expr = Var {varno: 3, varattno: 1, vartype: 23, vartypmod: -1, varcollid: 0, varlevelsup: 0, varnoold: 3, varoattno: 1, location: 175}
            },
            right_em = EquivalenceMember {em_relids: (b 6), em_nullable_relids: (b), em_is_const: false, em_is_child: false, em_datatype: 23} = {
              em_expr = Var {varno: 6, varattno: 1, vartype: 23, vartypmod: -1, varcollid: 0, varlevelsup: 0, varnoold: 6, varoattno: 1, location: 504}
            }
          },
          3 = RestrictInfo {is_pushed_down: true, outerjoin_delayed: false, can_join: true, pseudoconstant: false, leakproof: false, security_level: 0, contain_outer_query_references: false, clause_relids: (b 1 3), required_relids: (b 1 3), outer_relids: (b), nullable_relids: (b), left_relids: (b 3), right_relids: (b 1), eval_cost: (0.00..0.00), norm_selec: 0.0010, outer_selec: -1.0000, outer_is_left: false, hashjoinoperator: 96, left_bucketsize: 0.1000, right_bucketsize: 0.1000, left_mcvfreq: 0.0000, right_mcvfreq: 0.0000} = {
            clause = OpExpr {opno: 96, opfuncid: 65, opresulttype: 16, opretset: false, opcollid: 0, inputcollid: 0, location: -1} = {
              args = List with 2 elements = {
                0 = Var {varno: 3, varattno: 1, vartype: 23, vartypmod: -1, varcollid: 0, varlevelsup: 0, varnoold: 3, varoattno: 1, location: 175},
                1 = Var {varno: 1, varattno: 1, vartype: 23, vartypmod: -1, varcollid: 0, varlevelsup: 0, varnoold: 1, varoattno: 1, location: 163}
              }
            },
            mergeopfamilies = OidList with 1 elements = {1976},
            left_em = EquivalenceMember {em_relids: (b 3), em_nullable_relids: (b), em_is_const: false, em_is_child: false, em_datatype: 23} = {
              em_expr = Var {varno: 3, varattno: 1, vartype: 23, vartypmod: -1, varcollid: 0, varlevelsup: 0, varnoold: 3, varoattno: 1, location: 175}
            },
            right_em = EquivalenceMember {em_relids: (b 1), em_nullable_relids: (b), em_is_const: false, em_is_child: false, em_datatype: 23} = {
              em_expr = Var {varno: 1, varattno: 1, vartype: 23, vartypmod: -1, varcollid: 0, varlevelsup: 0, varnoold: 1, varoattno: 1, location: 163}
            }
          }
        }
      }
    }
  },
  subpath = LimitPath T_Limit (cost=695.96..696.06 rows=7 memo=0.00 parallel_aware=False parallel_safe=False parallel_workers=0 motionHazard=False rescannable=False sameslice_relids=(b))  = {
    path.parent = (b),
    path.pathtarget = PathTarget {cost: (0.00..0.00), width: 716} = {
      sortgrouprefs = [1, 3, 2, 4, 0, 0, 0, 0],
      exprs = List with 8 elements = {
        0 = Var {varno: 2, varattno: 6, vartype: 1700, vartypmod: 983046, varcollid: 0, varlevelsup: 0, varnoold: 2, varoattno: 6, location: 9},
        1 = Var {varno: 2, varattno: 2, vartype: 1042, vartypmod: 29, varcollid: 100, varlevelsup: 0, varnoold: 2, varoattno: 2, location: 22},
        2 = Var {varno: 4, varattno: 2, vartype: 1042, vartypmod: 29, varcollid: 100, varlevelsup: 0, varnoold: 4, varoattno: 2, location: 32},
        3 = Var {varno: 1, varattno: 1, vartype: 23, vartypmod: -1, varcollid: 0, varlevelsup: 0, varnoold: 1, varoattno: 1, location: 42},
        4 = Var {varno: 1, varattno: 3, vartype: 1042, vartypmod: 29, varcollid: 100, varlevelsup: 0, varnoold: 1, varoattno: 3, location: 55},
        5 = Var {varno: 2, varattno: 3, vartype: 1043, vartypmod: 44, varcollid: 100, varlevelsup: 0, varnoold: 2, varoattno: 3, location: 65},
        6 = Var {varno: 2, varattno: 5, vartype: 1042, vartypmod: 19, varcollid: 100, varlevelsup: 0, varnoold: 2, varoattno: 5, location: 78},
        7 = Var {varno: 2, varattno: 7, vartype: 1043, vartypmod: 105, varcollid: 100, varlevelsup: 0, varnoold: 2, varoattno: 7, location: 89}
      }
    },
    path.pathkeys = List with 4 elements = {
      0 = PathKey {pk_opfamily: 1988, pk_strategy: 5, pk_nulls_first: true} = {
        pk_eclass = EquivalenceClass {ec_collation: 0, ec_relids: (b 2), ec_has_const: false, ec_has_volatile: false, ec_broken: false, ec_sortref: 1, ec_min_security: 4294967295, ec_max_security: 0} = {
          ec_opfamilies = OidList with 1 elements = {1988},
          ec_members = List with 1 elements = {
            0 = EquivalenceMember {em_relids: (b 2), em_nullable_relids: (b), em_is_const: false, em_is_child: false, em_datatype: 1700} = {
              em_expr = Var {varno: 2, varattno: 6, vartype: 1700, vartypmod: 983046, varcollid: 0, varlevelsup: 0, varnoold: 2, varoattno: 6, location: 9}
            }
          }
        }
      },
      1 = PathKey {pk_opfamily: 426, pk_strategy: 1, pk_nulls_first: false} = {
        pk_eclass = EquivalenceClass {ec_collation: 100, ec_relids: (b 4), ec_has_const: false, ec_has_volatile: false, ec_broken: false, ec_sortref: 2, ec_min_security: 4294967295, ec_max_security: 0} = {
          ec_opfamilies = OidList with 2 elements = {426, 2097},
          ec_members = List with 1 elements = {
            0 = EquivalenceMember {em_relids: (b 4), em_nullable_relids: (b), em_is_const: false, em_is_child: false, em_datatype: 1042} = {
              em_expr = Var {varno: 4, varattno: 2, vartype: 1042, vartypmod: 29, varcollid: 100, varlevelsup: 0, varnoold: 4, varoattno: 2, location: 32}
            }
          }
        }
      },
      2 = PathKey {pk_opfamily: 426, pk_strategy: 1, pk_nulls_first: false} = {
        pk_eclass = EquivalenceClass {ec_collation: 100, ec_relids: (b 2), ec_has_const: false, ec_has_volatile: false, ec_broken: false, ec_sortref: 3, ec_min_security: 4294967295, ec_max_security: 0} = {
          ec_opfamilies = OidList with 2 elements = {426, 2097},
          ec_members = List with 1 elements = {
            0 = EquivalenceMember {em_relids: (b 2), em_nullable_relids: (b), em_is_const: false, em_is_child: false, em_datatype: 1042} = {
              em_expr = Var {varno: 2, varattno: 2, vartype: 1042, vartypmod: 29, varcollid: 100, varlevelsup: 0, varnoold: 2, varoattno: 2, location: 22}
            }
          }
        }
      },
      3 = PathKey {pk_opfamily: 1976, pk_strategy: 1, pk_nulls_first: false} = {
        pk_eclass = EquivalenceClass {ec_collation: 0, ec_relids: (b 1 3 6), ec_has_const: false, ec_has_volatile: false, ec_broken: false, ec_sortref: 0, ec_min_security: 0, ec_max_security: 0} = {
          ec_opfamilies = OidList with 1 elements = {1976},
          ec_members = List with 3 elements = {
            0 = EquivalenceMember {em_relids: (b 1), em_nullable_relids: (b), em_is_const: false, em_is_child: false, em_datatype: 23} = {
              em_expr = Var {varno: 1, varattno: 1, vartype: 23, vartypmod: -1, varcollid: 0, varlevelsup: 0, varnoold: 1, varoattno: 1, location: 163}
            },
            1 = EquivalenceMember {em_relids: (b 3), em_nullable_relids: (b), em_is_const: false, em_is_child: false, em_datatype: 23} = {
              em_expr = Var {varno: 3, varattno: 1, vartype: 23, vartypmod: -1, varcollid: 0, varlevelsup: 0, varnoold: 3, varoattno: 1, location: 175}
            },
            2 = EquivalenceMember {em_relids: (b 6), em_nullable_relids: (b), em_is_const: false, em_is_child: false, em_datatype: 23} = {
              em_expr = Var {varno: 6, varattno: 1, vartype: 23, vartypmod: -1, varcollid: 0, varlevelsup: 0, varnoold: 6, varoattno: 1, location: 504}
            }
          },
          ec_sources = List with 2 elements = {
            0 = RestrictInfo {is_pushed_down: true, outerjoin_delayed: false, can_join: true, pseudoconstant: false, leakproof: false, security_level: 0, contain_outer_query_references: false, clause_relids: (b 1 3), required_relids: (b 1 3), outer_relids: (b), nullable_relids: (b), left_relids: (b 1), right_relids: (b 3), eval_cost: (-1.00..0.00), norm_selec: -1.0000, outer_selec: -1.0000, outer_is_left: false, hashjoinoperator: 0, left_bucketsize: -1.0000, right_bucketsize: -1.0000, left_mcvfreq: -1.0000, right_mcvfreq: -1.0000} = {
              clause = OpExpr {opno: 96, opfuncid: 65, opresulttype: 16, opretset: false, opcollid: 0, inputcollid: 0, location: 173} = {
                args = List with 2 elements = {
                  0 = Var {varno: 1, varattno: 1, vartype: 23, vartypmod: -1, varcollid: 0, varlevelsup: 0, varnoold: 1, varoattno: 1, location: 163},
                  1 = Var {varno: 3, varattno: 1, vartype: 23, vartypmod: -1, varcollid: 0, varlevelsup: 0, varnoold: 3, varoattno: 1, location: 175}
                }
              },
              mergeopfamilies = OidList with 1 elements = {1976},
              left_em = EquivalenceMember {em_relids: (b 1), em_nullable_relids: (b), em_is_const: false, em_is_child: false, em_datatype: 23} = {
                em_expr = Var {varno: 1, varattno: 1, vartype: 23, vartypmod: -1, varcollid: 0, varlevelsup: 0, varnoold: 1, varoattno: 1, location: 163}
              },
              right_em = EquivalenceMember {em_relids: (b 3), em_nullable_relids: (b), em_is_const: false, em_is_child: false, em_datatype: 23} = {
                em_expr = Var {varno: 3, varattno: 1, vartype: 23, vartypmod: -1, varcollid: 0, varlevelsup: 0, varnoold: 3, varoattno: 1, location: 175}
              }
            },
            1 = RestrictInfo {is_pushed_down: true, outerjoin_delayed: false, can_join: true, pseudoconstant: false, leakproof: false, security_level: 0, contain_outer_query_references: false, clause_relids: (b 1 6), required_relids: (b 1 6), outer_relids: (b), nullable_relids: (b), left_relids: (b 1), right_relids: (b 6), eval_cost: (-1.00..0.00), norm_selec: -1.0000, outer_selec: -1.0000, outer_is_left: false, hashjoinoperator: 0, left_bucketsize: -1.0000, right_bucketsize: -1.0000, left_mcvfreq: -1.0000, right_mcvfreq: -1.0000} = {
              clause = OpExpr {opno: 96, opfuncid: 65, opresulttype: 16, opretset: false, opcollid: 0, inputcollid: 0, location: 502} = {
                args = List with 2 elements = {
                  0 = Var {varno: 1, varattno: 1, vartype: 23, vartypmod: -1, varcollid: 0, varlevelsup: 0, varnoold: 1, varoattno: 1, location: 492},
                  1 = Var {varno: 6, varattno: 1, vartype: 23, vartypmod: -1, varcollid: 0, varlevelsup: 0, varnoold: 6, varoattno: 1, location: 504}
                }
              },
              mergeopfamilies = OidList with 1 elements = {1976},
              left_em = EquivalenceMember {em_relids: (b 1), em_nullable_relids: (b), em_is_const: false, em_is_child: false, em_datatype: 23} = {
                em_expr = Var {varno: 1, varattno: 1, vartype: 23, vartypmod: -1, varcollid: 0, varlevelsup: 0, varnoold: 1, varoattno: 1, location: 163}
              },
              right_em = EquivalenceMember {em_relids: (b 6), em_nullable_relids: (b), em_is_const: false, em_is_child: false, em_datatype: 23} = {
                em_expr = Var {varno: 6, varattno: 1, vartype: 23, vartypmod: -1, varcollid: 0, varlevelsup: 0, varnoold: 6, varoattno: 1, location: 504}
              }
            }
          },
          ec_derives = List with 4 elements = {
            0 = RestrictInfo {is_pushed_down: true, outerjoin_delayed: false, can_join: true, pseudoconstant: false, leakproof: false, security_level: 0, contain_outer_query_references: false, clause_relids: (b 1 3), required_relids: (b 1 3), outer_relids: (b), nullable_relids: (b), left_relids: (b 1), right_relids: (b 3), eval_cost: (0.00..0.00), norm_selec: 0.0010, outer_selec: -1.0000, outer_is_left: false, hashjoinoperator: 96, left_bucketsize: 0.1000, right_bucketsize: 0.1000, left_mcvfreq: 0.0000, right_mcvfreq: 0.0000} = {
              clause = OpExpr {opno: 96, opfuncid: 65, opresulttype: 16, opretset: false, opcollid: 0, inputcollid: 0, location: -1} = {
                args = List with 2 elements = {
                  0 = Var {varno: 1, varattno: 1, vartype: 23, vartypmod: -1, varcollid: 0, varlevelsup: 0, varnoold: 1, varoattno: 1, location: 163},
                  1 = Var {varno: 3, varattno: 1, vartype: 23, vartypmod: -1, varcollid: 0, varlevelsup: 0, varnoold: 3, varoattno: 1, location: 175}
                }
              },
              mergeopfamilies = OidList with 1 elements = {1976},
              left_em = EquivalenceMember {em_relids: (b 1), em_nullable_relids: (b), em_is_const: false, em_is_child: false, em_datatype: 23} = {
                em_expr = Var {varno: 1, varattno: 1, vartype: 23, vartypmod: -1, varcollid: 0, varlevelsup: 0, varnoold: 1, varoattno: 1, location: 163}
              },
              right_em = EquivalenceMember {em_relids: (b 3), em_nullable_relids: (b), em_is_const: false, em_is_child: false, em_datatype: 23} = {
                em_expr = Var {varno: 3, varattno: 1, vartype: 23, vartypmod: -1, varcollid: 0, varlevelsup: 0, varnoold: 3, varoattno: 1, location: 175}
              }
            },
            1 = RestrictInfo {is_pushed_down: true, outerjoin_delayed: false, can_join: true, pseudoconstant: false, leakproof: false, security_level: 0, contain_outer_query_references: false, clause_relids: (b 1 6), required_relids: (b 1 6), outer_relids: (b), nullable_relids: (b), left_relids: (b 1), right_relids: (b 6), eval_cost: (0.00..0.00), norm_selec: 0.0010, outer_selec: 0.0010, outer_is_left: true, hashjoinoperator: 96, left_bucketsize: 0.1000, right_bucketsize: 0.1000, left_mcvfreq: 0.0000, right_mcvfreq: 0.0000} = {
              clause = OpExpr {opno: 96, opfuncid: 65, opresulttype: 16, opretset: false, opcollid: 0, inputcollid: 0, location: -1} = {
                args = List with 2 elements = {
                  0 = Var {varno: 1, varattno: 1, vartype: 23, vartypmod: -1, varcollid: 0, varlevelsup: 0, varnoold: 1, varoattno: 1, location: 163},
                  1 = Var {varno: 6, varattno: 1, vartype: 23, vartypmod: -1, varcollid: 0, varlevelsup: 0, varnoold: 6, varoattno: 1, location: 504}
                }
              },
              mergeopfamilies = OidList with 1 elements = {1976},
              left_em = EquivalenceMember {em_relids: (b 1), em_nullable_relids: (b), em_is_const: false, em_is_child: false, em_datatype: 23} = {
                em_expr = Var {varno: 1, varattno: 1, vartype: 23, vartypmod: -1, varcollid: 0, varlevelsup: 0, varnoold: 1, varoattno: 1, location: 163}
              },
              right_em = EquivalenceMember {em_relids: (b 6), em_nullable_relids: (b), em_is_const: false, em_is_child: false, em_datatype: 23} = {
                em_expr = Var {varno: 6, varattno: 1, vartype: 23, vartypmod: -1, varcollid: 0, varlevelsup: 0, varnoold: 6, varoattno: 1, location: 504}
              }
            },
            2 = RestrictInfo {is_pushed_down: true, outerjoin_delayed: false, can_join: true, pseudoconstant: false, leakproof: false, security_level: 0, contain_outer_query_references: false, clause_relids: (b 3 6), required_relids: (b 3 6), outer_relids: (b), nullable_relids: (b), left_relids: (b 3), right_relids: (b 6), eval_cost: (0.00..0.00), norm_selec: 0.0010, outer_selec: 0.0010, outer_is_left: false, hashjoinoperator: 96, left_bucketsize: 0.1000, right_bucketsize: 0.1000, left_mcvfreq: 0.0000, right_mcvfreq: 0.0000} = {
              clause = OpExpr {opno: 96, opfuncid: 65, opresulttype: 16, opretset: false, opcollid: 0, inputcollid: 0, location: -1} = {
                args = List with 2 elements = {
                  0 = Var {varno: 3, varattno: 1, vartype: 23, vartypmod: -1, varcollid: 0, varlevelsup: 0, varnoold: 3, varoattno: 1, location: 175},
                  1 = Var {varno: 6, varattno: 1, vartype: 23, vartypmod: -1, varcollid: 0, varlevelsup: 0, varnoold: 6, varoattno: 1, location: 504}
                }
              },
              mergeopfamilies = OidList with 1 elements = {1976},
              left_em = EquivalenceMember {em_relids: (b 3), em_nullable_relids: (b), em_is_const: false, em_is_child: false, em_datatype: 23} = {
                em_expr = Var {varno: 3, varattno: 1, vartype: 23, vartypmod: -1, varcollid: 0, varlevelsup: 0, varnoold: 3, varoattno: 1, location: 175}
              },
              right_em = EquivalenceMember {em_relids: (b 6), em_nullable_relids: (b), em_is_const: false, em_is_child: false, em_datatype: 23} = {
                em_expr = Var {varno: 6, varattno: 1, vartype: 23, vartypmod: -1, varcollid: 0, varlevelsup: 0, varnoold: 6, varoattno: 1, location: 504}
              }
            },
            3 = RestrictInfo {is_pushed_down: true, outerjoin_delayed: false, can_join: true, pseudoconstant: false, leakproof: false, security_level: 0, contain_outer_query_references: false, clause_relids: (b 1 3), required_relids: (b 1 3), outer_relids: (b), nullable_relids: (b), left_relids: (b 3), right_relids: (b 1), eval_cost: (0.00..0.00), norm_selec: 0.0010, outer_selec: -1.0000, outer_is_left: false, hashjoinoperator: 96, left_bucketsize: 0.1000, right_bucketsize: 0.1000, left_mcvfreq: 0.0000, right_mcvfreq: 0.0000} = {
              clause = OpExpr {opno: 96, opfuncid: 65, opresulttype: 16, opretset: false, opcollid: 0, inputcollid: 0, location: -1} = {
                args = List with 2 elements = {
                  0 = Var {varno: 3, varattno: 1, vartype: 23, vartypmod: -1, varcollid: 0, varlevelsup: 0, varnoold: 3, varoattno: 1, location: 175},
                  1 = Var {varno: 1, varattno: 1, vartype: 23, vartypmod: -1, varcollid: 0, varlevelsup: 0, varnoold: 1, varoattno: 1, location: 163}
                }
              },
              mergeopfamilies = OidList with 1 elements = {1976},
              left_em = EquivalenceMember {em_relids: (b 3), em_nullable_relids: (b), em_is_const: false, em_is_child: false, em_datatype: 23} = {
                em_expr = Var {varno: 3, varattno: 1, vartype: 23, vartypmod: -1, varcollid: 0, varlevelsup: 0, varnoold: 3, varoattno: 1, location: 175}
              },
              right_em = EquivalenceMember {em_relids: (b 1), em_nullable_relids: (b), em_is_const: false, em_is_child: false, em_datatype: 23} = {
                em_expr = Var {varno: 1, varattno: 1, vartype: 23, vartypmod: -1, varcollid: 0, varlevelsup: 0, varnoold: 1, varoattno: 1, location: 163}
              }
            }
          }
        }
      }
    },
    subpath = CdbMotionPath T_Motion (cost=695.96..696.06 rows=7 memo=0.00 parallel_aware=False parallel_safe=False parallel_workers=0 motionHazard=True rescannable=False sameslice_relids=(b)) is_explicit_motion: false = {
      path.parent = (b),
      path.pathtarget = PathTarget {cost: (0.00..0.00), width: 716} = {
        sortgrouprefs = [1, 3, 2, 4, 0, 0, 0, 0],
        exprs = List with 8 elements = {
          0 = Var {varno: 2, varattno: 6, vartype: 1700, vartypmod: 983046, varcollid: 0, varlevelsup: 0, varnoold: 2, varoattno: 6, location: 9},
          1 = Var {varno: 2, varattno: 2, vartype: 1042, vartypmod: 29, varcollid: 100, varlevelsup: 0, varnoold: 2, varoattno: 2, location: 22},
          2 = Var {varno: 4, varattno: 2, vartype: 1042, vartypmod: 29, varcollid: 100, varlevelsup: 0, varnoold: 4, varoattno: 2, location: 32},
          3 = Var {varno: 1, varattno: 1, vartype: 23, vartypmod: -1, varcollid: 0, varlevelsup: 0, varnoold: 1, varoattno: 1, location: 42},
          4 = Var {varno: 1, varattno: 3, vartype: 1042, vartypmod: 29, varcollid: 100, varlevelsup: 0, varnoold: 1, varoattno: 3, location: 55},
          5 = Var {varno: 2, varattno: 3, vartype: 1043, vartypmod: 44, varcollid: 100, varlevelsup: 0, varnoold: 2, varoattno: 3, location: 65},
          6 = Var {varno: 2, varattno: 5, vartype: 1042, vartypmod: 19, varcollid: 100, varlevelsup: 0, varnoold: 2, varoattno: 5, location: 78},
          7 = Var {varno: 2, varattno: 7, vartype: 1043, vartypmod: 105, varcollid: 100, varlevelsup: 0, varnoold: 2, varoattno: 7, location: 89}
        }
      },
      path.pathkeys = List with 4 elements = {
        0 = PathKey {pk_opfamily: 1988, pk_strategy: 5, pk_nulls_first: true} = {
          pk_eclass = EquivalenceClass {ec_collation: 0, ec_relids: (b 2), ec_has_const: false, ec_has_volatile: false, ec_broken: false, ec_sortref: 1, ec_min_security: 4294967295, ec_max_security: 0} = {
            ec_opfamilies = OidList with 1 elements = {1988},
            ec_members = List with 1 elements = {
              0 = EquivalenceMember {em_relids: (b 2), em_nullable_relids: (b), em_is_const: false, em_is_child: false, em_datatype: 1700} = {
                em_expr = Var {varno: 2, varattno: 6, vartype: 1700, vartypmod: 983046, varcollid: 0, varlevelsup: 0, varnoold: 2, varoattno: 6, location: 9}
              }
            }
          }
        },
        1 = PathKey {pk_opfamily: 426, pk_strategy: 1, pk_nulls_first: false} = {
          pk_eclass = EquivalenceClass {ec_collation: 100, ec_relids: (b 4), ec_has_const: false, ec_has_volatile: false, ec_broken: false, ec_sortref: 2, ec_min_security: 4294967295, ec_max_security: 0} = {
            ec_opfamilies = OidList with 2 elements = {426, 2097},
            ec_members = List with 1 elements = {
              0 = EquivalenceMember {em_relids: (b 4), em_nullable_relids: (b), em_is_const: false, em_is_child: false, em_datatype: 1042} = {
                em_expr = Var {varno: 4, varattno: 2, vartype: 1042, vartypmod: 29, varcollid: 100, varlevelsup: 0, varnoold: 4, varoattno: 2, location: 32}
              }
            }
          }
        },
        2 = PathKey {pk_opfamily: 426, pk_strategy: 1, pk_nulls_first: false} = {
          pk_eclass = EquivalenceClass {ec_collation: 100, ec_relids: (b 2), ec_has_const: false, ec_has_volatile: false, ec_broken: false, ec_sortref: 3, ec_min_security: 4294967295, ec_max_security: 0} = {
            ec_opfamilies = OidList with 2 elements = {426, 2097},
            ec_members = List with 1 elements = {
              0 = EquivalenceMember {em_relids: (b 2), em_nullable_relids: (b), em_is_const: false, em_is_child: false, em_datatype: 1042} = {
                em_expr = Var {varno: 2, varattno: 2, vartype: 1042, vartypmod: 29, varcollid: 100, varlevelsup: 0, varnoold: 2, varoattno: 2, location: 22}
              }
            }
          }
        },
        3 = PathKey {pk_opfamily: 1976, pk_strategy: 1, pk_nulls_first: false} = {
          pk_eclass = EquivalenceClass {ec_collation: 0, ec_relids: (b 1 3 6), ec_has_const: false, ec_has_volatile: false, ec_broken: false, ec_sortref: 0, ec_min_security: 0, ec_max_security: 0} = {
            ec_opfamilies = OidList with 1 elements = {1976},
            ec_members = List with 3 elements = {
              0 = EquivalenceMember {em_relids: (b 1), em_nullable_relids: (b), em_is_const: false, em_is_child: false, em_datatype: 23} = {
                em_expr = Var {varno: 1, varattno: 1, vartype: 23, vartypmod: -1, varcollid: 0, varlevelsup: 0, varnoold: 1, varoattno: 1, location: 163}
              },
              1 = EquivalenceMember {em_relids: (b 3), em_nullable_relids: (b), em_is_const: false, em_is_child: false, em_datatype: 23} = {
                em_expr = Var {varno: 3, varattno: 1, vartype: 23, vartypmod: -1, varcollid: 0, varlevelsup: 0, varnoold: 3, varoattno: 1, location: 175}
              },
              2 = EquivalenceMember {em_relids: (b 6), em_nullable_relids: (b), em_is_const: false, em_is_child: false, em_datatype: 23} = {
                em_expr = Var {varno: 6, varattno: 1, vartype: 23, vartypmod: -1, varcollid: 0, varlevelsup: 0, varnoold: 6, varoattno: 1, location: 504}
              }
            },
            ec_sources = List with 2 elements = {
              0 = RestrictInfo {is_pushed_down: true, outerjoin_delayed: false, can_join: true, pseudoconstant: false, leakproof: false, security_level: 0, contain_outer_query_references: false, clause_relids: (b 1 3), required_relids: (b 1 3), outer_relids: (b), nullable_relids: (b), left_relids: (b 1), right_relids: (b 3), eval_cost: (-1.00..0.00), norm_selec: -1.0000, outer_selec: -1.0000, outer_is_left: false, hashjoinoperator: 0, left_bucketsize: -1.0000, right_bucketsize: -1.0000, left_mcvfreq: -1.0000, right_mcvfreq: -1.0000} = {
                clause = OpExpr {opno: 96, opfuncid: 65, opresulttype: 16, opretset: false, opcollid: 0, inputcollid: 0, location: 173} = {
                  args = List with 2 elements = {
                    0 = Var {varno: 1, varattno: 1, vartype: 23, vartypmod: -1, varcollid: 0, varlevelsup: 0, varnoold: 1, varoattno: 1, location: 163},
                    1 = Var {varno: 3, varattno: 1, vartype: 23, vartypmod: -1, varcollid: 0, varlevelsup: 0, varnoold: 3, varoattno: 1, location: 175}
                  }
                },
                mergeopfamilies = OidList with 1 elements = {1976},
                left_em = EquivalenceMember {em_relids: (b 1), em_nullable_relids: (b), em_is_const: false, em_is_child: false, em_datatype: 23} = {
                  em_expr = Var {varno: 1, varattno: 1, vartype: 23, vartypmod: -1, varcollid: 0, varlevelsup: 0, varnoold: 1, varoattno: 1, location: 163}
                },
                right_em = EquivalenceMember {em_relids: (b 3), em_nullable_relids: (b), em_is_const: false, em_is_child: false, em_datatype: 23} = {
                  em_expr = Var {varno: 3, varattno: 1, vartype: 23, vartypmod: -1, varcollid: 0, varlevelsup: 0, varnoold: 3, varoattno: 1, location: 175}
                }
              },
              1 = RestrictInfo {is_pushed_down: true, outerjoin_delayed: false, can_join: true, pseudoconstant: false, leakproof: false, security_level: 0, contain_outer_query_references: false, clause_relids: (b 1 6), required_relids: (b 1 6), outer_relids: (b), nullable_relids: (b), left_relids: (b 1), right_relids: (b 6), eval_cost: (-1.00..0.00), norm_selec: -1.0000, outer_selec: -1.0000, outer_is_left: false, hashjoinoperator: 0, left_bucketsize: -1.0000, right_bucketsize: -1.0000, left_mcvfreq: -1.0000, right_mcvfreq: -1.0000} = {
                clause = OpExpr {opno: 96, opfuncid: 65, opresulttype: 16, opretset: false, opcollid: 0, inputcollid: 0, location: 502} = {
                  args = List with 2 elements = {
                    0 = Var {varno: 1, varattno: 1, vartype: 23, vartypmod: -1, varcollid: 0, varlevelsup: 0, varnoold: 1, varoattno: 1, location: 492},
                    1 = Var {varno: 6, varattno: 1, vartype: 23, vartypmod: -1, varcollid: 0, varlevelsup: 0, varnoold: 6, varoattno: 1, location: 504}
                  }
                },
                mergeopfamilies = OidList with 1 elements = {1976},
                left_em = EquivalenceMember {em_relids: (b 1), em_nullable_relids: (b), em_is_const: false, em_is_child: false, em_datatype: 23} = {
                  em_expr = Var {varno: 1, varattno: 1, vartype: 23, vartypmod: -1, varcollid: 0, varlevelsup: 0, varnoold: 1, varoattno: 1, location: 163}
                },
                right_em = EquivalenceMember {em_relids: (b 6), em_nullable_relids: (b), em_is_const: false, em_is_child: false, em_datatype: 23} = {
                  em_expr = Var {varno: 6, varattno: 1, vartype: 23, vartypmod: -1, varcollid: 0, varlevelsup: 0, varnoold: 6, varoattno: 1, location: 504}
                }
              }
            },
            ec_derives = List with 4 elements = {
              0 = RestrictInfo {is_pushed_down: true, outerjoin_delayed: false, can_join: true, pseudoconstant: false, leakproof: false, security_level: 0, contain_outer_query_references: false, clause_relids: (b 1 3), required_relids: (b 1 3), outer_relids: (b), nullable_relids: (b), left_relids: (b 1), right_relids: (b 3), eval_cost: (0.00..0.00), norm_selec: 0.0010, outer_selec: -1.0000, outer_is_left: false, hashjoinoperator: 96, left_bucketsize: 0.1000, right_bucketsize: 0.1000, left_mcvfreq: 0.0000, right_mcvfreq: 0.0000} = {
                clause = OpExpr {opno: 96, opfuncid: 65, opresulttype: 16, opretset: false, opcollid: 0, inputcollid: 0, location: -1} = {
                  args = List with 2 elements = {
                    0 = Var {varno: 1, varattno: 1, vartype: 23, vartypmod: -1, varcollid: 0, varlevelsup: 0, varnoold: 1, varoattno: 1, location: 163},
                    1 = Var {varno: 3, varattno: 1, vartype: 23, vartypmod: -1, varcollid: 0, varlevelsup: 0, varnoold: 3, varoattno: 1, location: 175}
                  }
                },
                mergeopfamilies = OidList with 1 elements = {1976},
                left_em = EquivalenceMember {em_relids: (b 1), em_nullable_relids: (b), em_is_const: false, em_is_child: false, em_datatype: 23} = {
                  em_expr = Var {varno: 1, varattno: 1, vartype: 23, vartypmod: -1, varcollid: 0, varlevelsup: 0, varnoold: 1, varoattno: 1, location: 163}
                },
                right_em = EquivalenceMember {em_relids: (b 3), em_nullable_relids: (b), em_is_const: false, em_is_child: false, em_datatype: 23} = {
                  em_expr = Var {varno: 3, varattno: 1, vartype: 23, vartypmod: -1, varcollid: 0, varlevelsup: 0, varnoold: 3, varoattno: 1, location: 175}
                }
              },
              1 = RestrictInfo {is_pushed_down: true, outerjoin_delayed: false, can_join: true, pseudoconstant: false, leakproof: false, security_level: 0, contain_outer_query_references: false, clause_relids: (b 1 6), required_relids: (b 1 6), outer_relids: (b), nullable_relids: (b), left_relids: (b 1), right_relids: (b 6), eval_cost: (0.00..0.00), norm_selec: 0.0010, outer_selec: 0.0010, outer_is_left: true, hashjoinoperator: 96, left_bucketsize: 0.1000, right_bucketsize: 0.1000, left_mcvfreq: 0.0000, right_mcvfreq: 0.0000} = {
                clause = OpExpr {opno: 96, opfuncid: 65, opresulttype: 16, opretset: false, opcollid: 0, inputcollid: 0, location: -1} = {
                  args = List with 2 elements = {
                    0 = Var {varno: 1, varattno: 1, vartype: 23, vartypmod: -1, varcollid: 0, varlevelsup: 0, varnoold: 1, varoattno: 1, location: 163},
                    1 = Var {varno: 6, varattno: 1, vartype: 23, vartypmod: -1, varcollid: 0, varlevelsup: 0, varnoold: 6, varoattno: 1, location: 504}
                  }
                },
                mergeopfamilies = OidList with 1 elements = {1976},
                left_em = EquivalenceMember {em_relids: (b 1), em_nullable_relids: (b), em_is_const: false, em_is_child: false, em_datatype: 23} = {
                  em_expr = Var {varno: 1, varattno: 1, vartype: 23, vartypmod: -1, varcollid: 0, varlevelsup: 0, varnoold: 1, varoattno: 1, location: 163}
                },
                right_em = EquivalenceMember {em_relids: (b 6), em_nullable_relids: (b), em_is_const: false, em_is_child: false, em_datatype: 23} = {
                  em_expr = Var {varno: 6, varattno: 1, vartype: 23, vartypmod: -1, varcollid: 0, varlevelsup: 0, varnoold: 6, varoattno: 1, location: 504}
                }
              },
              2 = RestrictInfo {is_pushed_down: true, outerjoin_delayed: false, can_join: true, pseudoconstant: false, leakproof: false, security_level: 0, contain_outer_query_references: false, clause_relids: (b 3 6), required_relids: (b 3 6), outer_relids: (b), nullable_relids: (b), left_relids: (b 3), right_relids: (b 6), eval_cost: (0.00..0.00), norm_selec: 0.0010, outer_selec: 0.0010, outer_is_left: false, hashjoinoperator: 96, left_bucketsize: 0.1000, right_bucketsize: 0.1000, left_mcvfreq: 0.0000, right_mcvfreq: 0.0000} = {
                clause = OpExpr {opno: 96, opfuncid: 65, opresulttype: 16, opretset: false, opcollid: 0, inputcollid: 0, location: -1} = {
                  args = List with 2 elements = {
                    0 = Var {varno: 3, varattno: 1, vartype: 23, vartypmod: -1, varcollid: 0, varlevelsup: 0, varnoold: 3, varoattno: 1, location: 175},
                    1 = Var {varno: 6, varattno: 1, vartype: 23, vartypmod: -1, varcollid: 0, varlevelsup: 0, varnoold: 6, varoattno: 1, location: 504}
                  }
                },
                mergeopfamilies = OidList with 1 elements = {1976},
                left_em = EquivalenceMember {em_relids: (b 3), em_nullable_relids: (b), em_is_const: false, em_is_child: false, em_datatype: 23} = {
                  em_expr = Var {varno: 3, varattno: 1, vartype: 23, vartypmod: -1, varcollid: 0, varlevelsup: 0, varnoold: 3, varoattno: 1, location: 175}
                },
                right_em = EquivalenceMember {em_relids: (b 6), em_nullable_relids: (b), em_is_const: false, em_is_child: false, em_datatype: 23} = {
                  em_expr = Var {varno: 6, varattno: 1, vartype: 23, vartypmod: -1, varcollid: 0, varlevelsup: 0, varnoold: 6, varoattno: 1, location: 504}
                }
              },
              3 = RestrictInfo {is_pushed_down: true, outerjoin_delayed: false, can_join: true, pseudoconstant: false, leakproof: false, security_level: 0, contain_outer_query_references: false, clause_relids: (b 1 3), required_relids: (b 1 3), outer_relids: (b), nullable_relids: (b), left_relids: (b 3), right_relids: (b 1), eval_cost: (0.00..0.00), norm_selec: 0.0010, outer_selec: -1.0000, outer_is_left: false, hashjoinoperator: 96, left_bucketsize: 0.1000, right_bucketsize: 0.1000, left_mcvfreq: 0.0000, right_mcvfreq: 0.0000} = {
                clause = OpExpr {opno: 96, opfuncid: 65, opresulttype: 16, opretset: false, opcollid: 0, inputcollid: 0, location: -1} = {
                  args = List with 2 elements = {
                    0 = Var {varno: 3, varattno: 1, vartype: 23, vartypmod: -1, varcollid: 0, varlevelsup: 0, varnoold: 3, varoattno: 1, location: 175},
                    1 = Var {varno: 1, varattno: 1, vartype: 23, vartypmod: -1, varcollid: 0, varlevelsup: 0, varnoold: 1, varoattno: 1, location: 163}
                  }
                },
                mergeopfamilies = OidList with 1 elements = {1976},
                left_em = EquivalenceMember {em_relids: (b 3), em_nullable_relids: (b), em_is_const: false, em_is_child: false, em_datatype: 23} = {
                  em_expr = Var {varno: 3, varattno: 1, vartype: 23, vartypmod: -1, varcollid: 0, varlevelsup: 0, varnoold: 3, varoattno: 1, location: 175}
                },
                right_em = EquivalenceMember {em_relids: (b 1), em_nullable_relids: (b), em_is_const: false, em_is_child: false, em_datatype: 23} = {
                  em_expr = Var {varno: 1, varattno: 1, vartype: 23, vartypmod: -1, varcollid: 0, varlevelsup: 0, varnoold: 1, varoattno: 1, location: 163}
                }
              }
            }
          }
        }
      },
      subpath = LimitPath T_Limit (cost=695.96..695.96 rows=2 memo=0.00 parallel_aware=False parallel_safe=False parallel_workers=0 motionHazard=False rescannable=False sameslice_relids=(b))  = {
        path.parent = (b),
        path.pathtarget = PathTarget {cost: (0.00..0.00), width: 716} = {
          sortgrouprefs = [1, 3, 2, 4, 0, 0, 0, 0],
          exprs = List with 8 elements = {
            0 = Var {varno: 2, varattno: 6, vartype: 1700, vartypmod: 983046, varcollid: 0, varlevelsup: 0, varnoold: 2, varoattno: 6, location: 9},
            1 = Var {varno: 2, varattno: 2, vartype: 1042, vartypmod: 29, varcollid: 100, varlevelsup: 0, varnoold: 2, varoattno: 2, location: 22},
            2 = Var {varno: 4, varattno: 2, vartype: 1042, vartypmod: 29, varcollid: 100, varlevelsup: 0, varnoold: 4, varoattno: 2, location: 32},
            3 = Var {varno: 1, varattno: 1, vartype: 23, vartypmod: -1, varcollid: 0, varlevelsup: 0, varnoold: 1, varoattno: 1, location: 42},
            4 = Var {varno: 1, varattno: 3, vartype: 1042, vartypmod: 29, varcollid: 100, varlevelsup: 0, varnoold: 1, varoattno: 3, location: 55},
            5 = Var {varno: 2, varattno: 3, vartype: 1043, vartypmod: 44, varcollid: 100, varlevelsup: 0, varnoold: 2, varoattno: 3, location: 65},
            6 = Var {varno: 2, varattno: 5, vartype: 1042, vartypmod: 19, varcollid: 100, varlevelsup: 0, varnoold: 2, varoattno: 5, location: 78},
            7 = Var {varno: 2, varattno: 7, vartype: 1043, vartypmod: 105, varcollid: 100, varlevelsup: 0, varnoold: 2, varoattno: 7, location: 89}
          }
        },
        path.locus.distkey = List with 1 elements = {
          0 = DistributionKey dk_opfamily: 1977 = {
            dk_eclasses = List with 1 elements = {
              0 = EquivalenceClass {ec_collation: 0, ec_relids: (b 1 3 6), ec_has_const: false, ec_has_volatile: false, ec_broken: false, ec_sortref: 0, ec_min_security: 0, ec_max_security: 0} = {
                ec_opfamilies = OidList with 1 elements = {1976},
                ec_members = List with 3 elements = {
                  0 = EquivalenceMember {em_relids: (b 1), em_nullable_relids: (b), em_is_const: false, em_is_child: false, em_datatype: 23} = {
                    em_expr = Var {varno: 1, varattno: 1, vartype: 23, vartypmod: -1, varcollid: 0, varlevelsup: 0, varnoold: 1, varoattno: 1, location: 163}
                  },
                  1 = EquivalenceMember {em_relids: (b 3), em_nullable_relids: (b), em_is_const: false, em_is_child: false, em_datatype: 23} = {
                    em_expr = Var {varno: 3, varattno: 1, vartype: 23, vartypmod: -1, varcollid: 0, varlevelsup: 0, varnoold: 3, varoattno: 1, location: 175}
                  },
                  2 = EquivalenceMember {em_relids: (b 6), em_nullable_relids: (b), em_is_const: false, em_is_child: false, em_datatype: 23} = {
                    em_expr = Var {varno: 6, varattno: 1, vartype: 23, vartypmod: -1, varcollid: 0, varlevelsup: 0, varnoold: 6, varoattno: 1, location: 504}
                  }
                },
                ec_sources = List with 2 elements = {
                  0 = RestrictInfo {is_pushed_down: true, outerjoin_delayed: false, can_join: true, pseudoconstant: false, leakproof: false, security_level: 0, contain_outer_query_references: false, clause_relids: (b 1 3), required_relids: (b 1 3), outer_relids: (b), nullable_relids: (b), left_relids: (b 1), right_relids: (b 3), eval_cost: (-1.00..0.00), norm_selec: -1.0000, outer_selec: -1.0000, outer_is_left: false, hashjoinoperator: 0, left_bucketsize: -1.0000, right_bucketsize: -1.0000, left_mcvfreq: -1.0000, right_mcvfreq: -1.0000} = {
                    clause = OpExpr {opno: 96, opfuncid: 65, opresulttype: 16, opretset: false, opcollid: 0, inputcollid: 0, location: 173} = {
                      args = List with 2 elements = {
                        0 = Var {varno: 1, varattno: 1, vartype: 23, vartypmod: -1, varcollid: 0, varlevelsup: 0, varnoold: 1, varoattno: 1, location: 163},
                        1 = Var {varno: 3, varattno: 1, vartype: 23, vartypmod: -1, varcollid: 0, varlevelsup: 0, varnoold: 3, varoattno: 1, location: 175}
                      }
                    },
                    mergeopfamilies = OidList with 1 elements = {1976},
                    left_em = EquivalenceMember {em_relids: (b 1), em_nullable_relids: (b), em_is_const: false, em_is_child: false, em_datatype: 23} = {
                      em_expr = Var {varno: 1, varattno: 1, vartype: 23, vartypmod: -1, varcollid: 0, varlevelsup: 0, varnoold: 1, varoattno: 1, location: 163}
                    },
                    right_em = EquivalenceMember {em_relids: (b 3), em_nullable_relids: (b), em_is_const: false, em_is_child: false, em_datatype: 23} = {
                      em_expr = Var {varno: 3, varattno: 1, vartype: 23, vartypmod: -1, varcollid: 0, varlevelsup: 0, varnoold: 3, varoattno: 1, location: 175}
                    }
                  },
                  1 = RestrictInfo {is_pushed_down: true, outerjoin_delayed: false, can_join: true, pseudoconstant: false, leakproof: false, security_level: 0, contain_outer_query_references: false, clause_relids: (b 1 6), required_relids: (b 1 6), outer_relids: (b), nullable_relids: (b), left_relids: (b 1), right_relids: (b 6), eval_cost: (-1.00..0.00), norm_selec: -1.0000, outer_selec: -1.0000, outer_is_left: false, hashjoinoperator: 0, left_bucketsize: -1.0000, right_bucketsize: -1.0000, left_mcvfreq: -1.0000, right_mcvfreq: -1.0000} = {
                    clause = OpExpr {opno: 96, opfuncid: 65, opresulttype: 16, opretset: false, opcollid: 0, inputcollid: 0, location: 502} = {
                      args = List with 2 elements = {
                        0 = Var {varno: 1, varattno: 1, vartype: 23, vartypmod: -1, varcollid: 0, varlevelsup: 0, varnoold: 1, varoattno: 1, location: 492},
                        1 = Var {varno: 6, varattno: 1, vartype: 23, vartypmod: -1, varcollid: 0, varlevelsup: 0, varnoold: 6, varoattno: 1, location: 504}
                      }
                    },
                    mergeopfamilies = OidList with 1 elements = {1976},
                    left_em = EquivalenceMember {em_relids: (b 1), em_nullable_relids: (b), em_is_const: false, em_is_child: false, em_datatype: 23} = {
                      em_expr = Var {varno: 1, varattno: 1, vartype: 23, vartypmod: -1, varcollid: 0, varlevelsup: 0, varnoold: 1, varoattno: 1, location: 163}
                    },
                    right_em = EquivalenceMember {em_relids: (b 6), em_nullable_relids: (b), em_is_const: false, em_is_child: false, em_datatype: 23} = {
                      em_expr = Var {varno: 6, varattno: 1, vartype: 23, vartypmod: -1, varcollid: 0, varlevelsup: 0, varnoold: 6, varoattno: 1, location: 504}
                    }
                  }
                },
                ec_derives = List with 4 elements = {
                  0 = RestrictInfo {is_pushed_down: true, outerjoin_delayed: false, can_join: true, pseudoconstant: false, leakproof: false, security_level: 0, contain_outer_query_references: false, clause_relids: (b 1 3), required_relids: (b 1 3), outer_relids: (b), nullable_relids: (b), left_relids: (b 1), right_relids: (b 3), eval_cost: (0.00..0.00), norm_selec: 0.0010, outer_selec: -1.0000, outer_is_left: false, hashjoinoperator: 96, left_bucketsize: 0.1000, right_bucketsize: 0.1000, left_mcvfreq: 0.0000, right_mcvfreq: 0.0000} = {
                    clause = OpExpr {opno: 96, opfuncid: 65, opresulttype: 16, opretset: false, opcollid: 0, inputcollid: 0, location: -1} = {
                      args = List with 2 elements = {
                        0 = Var {varno: 1, varattno: 1, vartype: 23, vartypmod: -1, varcollid: 0, varlevelsup: 0, varnoold: 1, varoattno: 1, location: 163},
                        1 = Var {varno: 3, varattno: 1, vartype: 23, vartypmod: -1, varcollid: 0, varlevelsup: 0, varnoold: 3, varoattno: 1, location: 175}
                      }
                    },
                    mergeopfamilies = OidList with 1 elements = {1976},
                    left_em = EquivalenceMember {em_relids: (b 1), em_nullable_relids: (b), em_is_const: false, em_is_child: false, em_datatype: 23} = {
                      em_expr = Var {varno: 1, varattno: 1, vartype: 23, vartypmod: -1, varcollid: 0, varlevelsup: 0, varnoold: 1, varoattno: 1, location: 163}
                    },
                    right_em = EquivalenceMember {em_relids: (b 3), em_nullable_relids: (b), em_is_const: false, em_is_child: false, em_datatype: 23} = {
                      em_expr = Var {varno: 3, varattno: 1, vartype: 23, vartypmod: -1, varcollid: 0, varlevelsup: 0, varnoold: 3, varoattno: 1, location: 175}
                    }
                  },
                  1 = RestrictInfo {is_pushed_down: true, outerjoin_delayed: false, can_join: true, pseudoconstant: false, leakproof: false, security_level: 0, contain_outer_query_references: false, clause_relids: (b 1 6), required_relids: (b 1 6), outer_relids: (b), nullable_relids: (b), left_relids: (b 1), right_relids: (b 6), eval_cost: (0.00..0.00), norm_selec: 0.0010, outer_selec: 0.0010, outer_is_left: true, hashjoinoperator: 96, left_bucketsize: 0.1000, right_bucketsize: 0.1000, left_mcvfreq: 0.0000, right_mcvfreq: 0.0000} = {
                    clause = OpExpr {opno: 96, opfuncid: 65, opresulttype: 16, opretset: false, opcollid: 0, inputcollid: 0, location: -1} = {
                      args = List with 2 elements = {
                        0 = Var {varno: 1, varattno: 1, vartype: 23, vartypmod: -1, varcollid: 0, varlevelsup: 0, varnoold: 1, varoattno: 1, location: 163},
                        1 = Var {varno: 6, varattno: 1, vartype: 23, vartypmod: -1, varcollid: 0, varlevelsup: 0, varnoold: 6, varoattno: 1, location: 504}
                      }
                    },
                    mergeopfamilies = OidList with 1 elements = {1976},
                    left_em = EquivalenceMember {em_relids: (b 1), em_nullable_relids: (b), em_is_const: false, em_is_child: false, em_datatype: 23} = {
                      em_expr = Var {varno: 1, varattno: 1, vartype: 23, vartypmod: -1, varcollid: 0, varlevelsup: 0, varnoold: 1, varoattno: 1, location: 163}
                    },
                    right_em = EquivalenceMember {em_relids: (b 6), em_nullable_relids: (b), em_is_const: false, em_is_child: false, em_datatype: 23} = {
                      em_expr = Var {varno: 6, varattno: 1, vartype: 23, vartypmod: -1, varcollid: 0, varlevelsup: 0, varnoold: 6, varoattno: 1, location: 504}
                    }
                  },
                  2 = RestrictInfo {is_pushed_down: true, outerjoin_delayed: false, can_join: true, pseudoconstant: false, leakproof: false, security_level: 0, contain_outer_query_references: false, clause_relids: (b 3 6), required_relids: (b 3 6), outer_relids: (b), nullable_relids: (b), left_relids: (b 3), right_relids: (b 6), eval_cost: (0.00..0.00), norm_selec: 0.0010, outer_selec: 0.0010, outer_is_left: false, hashjoinoperator: 96, left_bucketsize: 0.1000, right_bucketsize: 0.1000, left_mcvfreq: 0.0000, right_mcvfreq: 0.0000} = {
                    clause = OpExpr {opno: 96, opfuncid: 65, opresulttype: 16, opretset: false, opcollid: 0, inputcollid: 0, location: -1} = {
                      args = List with 2 elements = {
                        0 = Var {varno: 3, varattno: 1, vartype: 23, vartypmod: -1, varcollid: 0, varlevelsup: 0, varnoold: 3, varoattno: 1, location: 175},
                        1 = Var {varno: 6, varattno: 1, vartype: 23, vartypmod: -1, varcollid: 0, varlevelsup: 0, varnoold: 6, varoattno: 1, location: 504}
                      }
                    },
                    mergeopfamilies = OidList with 1 elements = {1976},
                    left_em = EquivalenceMember {em_relids: (b 3), em_nullable_relids: (b), em_is_const: false, em_is_child: false, em_datatype: 23} = {
                      em_expr = Var {varno: 3, varattno: 1, vartype: 23, vartypmod: -1, varcollid: 0, varlevelsup: 0, varnoold: 3, varoattno: 1, location: 175}
                    },
                    right_em = EquivalenceMember {em_relids: (b 6), em_nullable_relids: (b), em_is_const: false, em_is_child: false, em_datatype: 23} = {
                      em_expr = Var {varno: 6, varattno: 1, vartype: 23, vartypmod: -1, varcollid: 0, varlevelsup: 0, varnoold: 6, varoattno: 1, location: 504}
                    }
                  },
                  3 = RestrictInfo {is_pushed_down: true, outerjoin_delayed: false, can_join: true, pseudoconstant: false, leakproof: false, security_level: 0, contain_outer_query_references: false, clause_relids: (b 1 3), required_relids: (b 1 3), outer_relids: (b), nullable_relids: (b), left_relids: (b 3), right_relids: (b 1), eval_cost: (0.00..0.00), norm_selec: 0.0010, outer_selec: -1.0000, outer_is_left: false, hashjoinoperator: 96, left_bucketsize: 0.1000, right_bucketsize: 0.1000, left_mcvfreq: 0.0000, right_mcvfreq: 0.0000} = {
                    clause = OpExpr {opno: 96, opfuncid: 65, opresulttype: 16, opretset: false, opcollid: 0, inputcollid: 0, location: -1} = {
                      args = List with 2 elements = {
                        0 = Var {varno: 3, varattno: 1, vartype: 23, vartypmod: -1, varcollid: 0, varlevelsup: 0, varnoold: 3, varoattno: 1, location: 175},
                        1 = Var {varno: 1, varattno: 1, vartype: 23, vartypmod: -1, varcollid: 0, varlevelsup: 0, varnoold: 1, varoattno: 1, location: 163}
                      }
                    },
                    mergeopfamilies = OidList with 1 elements = {1976},
                    left_em = EquivalenceMember {em_relids: (b 3), em_nullable_relids: (b), em_is_const: false, em_is_child: false, em_datatype: 23} = {
                      em_expr = Var {varno: 3, varattno: 1, vartype: 23, vartypmod: -1, varcollid: 0, varlevelsup: 0, varnoold: 3, varoattno: 1, location: 175}
                    },
                    right_em = EquivalenceMember {em_relids: (b 1), em_nullable_relids: (b), em_is_const: false, em_is_child: false, em_datatype: 23} = {
                      em_expr = Var {varno: 1, varattno: 1, vartype: 23, vartypmod: -1, varcollid: 0, varlevelsup: 0, varnoold: 1, varoattno: 1, location: 163}
                    }
                  }
                }
              }
            }
          }
        },
        path.pathkeys = List with 4 elements = {
          0 = PathKey {pk_opfamily: 1988, pk_strategy: 5, pk_nulls_first: true} = {
            pk_eclass = EquivalenceClass {ec_collation: 0, ec_relids: (b 2), ec_has_const: false, ec_has_volatile: false, ec_broken: false, ec_sortref: 1, ec_min_security: 4294967295, ec_max_security: 0} = {
              ec_opfamilies = OidList with 1 elements = {1988},
              ec_members = List with 1 elements = {
                0 = EquivalenceMember {em_relids: (b 2), em_nullable_relids: (b), em_is_const: false, em_is_child: false, em_datatype: 1700} = {
                  em_expr = Var {varno: 2, varattno: 6, vartype: 1700, vartypmod: 983046, varcollid: 0, varlevelsup: 0, varnoold: 2, varoattno: 6, location: 9}
                }
              }
            }
          },
          1 = PathKey {pk_opfamily: 426, pk_strategy: 1, pk_nulls_first: false} = {
            pk_eclass = EquivalenceClass {ec_collation: 100, ec_relids: (b 4), ec_has_const: false, ec_has_volatile: false, ec_broken: false, ec_sortref: 2, ec_min_security: 4294967295, ec_max_security: 0} = {
              ec_opfamilies = OidList with 2 elements = {426, 2097},
              ec_members = List with 1 elements = {
                0 = EquivalenceMember {em_relids: (b 4), em_nullable_relids: (b), em_is_const: false, em_is_child: false, em_datatype: 1042} = {
                  em_expr = Var {varno: 4, varattno: 2, vartype: 1042, vartypmod: 29, varcollid: 100, varlevelsup: 0, varnoold: 4, varoattno: 2, location: 32}
                }
              }
            }
          },
          2 = PathKey {pk_opfamily: 426, pk_strategy: 1, pk_nulls_first: false} = {
            pk_eclass = EquivalenceClass {ec_collation: 100, ec_relids: (b 2), ec_has_const: false, ec_has_volatile: false, ec_broken: false, ec_sortref: 3, ec_min_security: 4294967295, ec_max_security: 0} = {
              ec_opfamilies = OidList with 2 elements = {426, 2097},
              ec_members = List with 1 elements = {
                0 = EquivalenceMember {em_relids: (b 2), em_nullable_relids: (b), em_is_const: false, em_is_child: false, em_datatype: 1042} = {
                  em_expr = Var {varno: 2, varattno: 2, vartype: 1042, vartypmod: 29, varcollid: 100, varlevelsup: 0, varnoold: 2, varoattno: 2, location: 22}
                }
              }
            }
          },
          3 = PathKey {pk_opfamily: 1976, pk_strategy: 1, pk_nulls_first: false} = {
            pk_eclass = EquivalenceClass {ec_collation: 0, ec_relids: (b 1 3 6), ec_has_const: false, ec_has_volatile: false, ec_broken: false, ec_sortref: 0, ec_min_security: 0, ec_max_security: 0} = {
              ec_opfamilies = OidList with 1 elements = {1976},
              ec_members = List with 3 elements = {
                0 = EquivalenceMember {em_relids: (b 1), em_nullable_relids: (b), em_is_const: false, em_is_child: false, em_datatype: 23} = {
                  em_expr = Var {varno: 1, varattno: 1, vartype: 23, vartypmod: -1, varcollid: 0, varlevelsup: 0, varnoold: 1, varoattno: 1, location: 163}
                },
                1 = EquivalenceMember {em_relids: (b 3), em_nullable_relids: (b), em_is_const: false, em_is_child: false, em_datatype: 23} = {
                  em_expr = Var {varno: 3, varattno: 1, vartype: 23, vartypmod: -1, varcollid: 0, varlevelsup: 0, varnoold: 3, varoattno: 1, location: 175}
                },
                2 = EquivalenceMember {em_relids: (b 6), em_nullable_relids: (b), em_is_const: false, em_is_child: false, em_datatype: 23} = {
                  em_expr = Var {varno: 6, varattno: 1, vartype: 23, vartypmod: -1, varcollid: 0, varlevelsup: 0, varnoold: 6, varoattno: 1, location: 504}
                }
              },
              ec_sources = List with 2 elements = {
                0 = RestrictInfo {is_pushed_down: true, outerjoin_delayed: false, can_join: true, pseudoconstant: false, leakproof: false, security_level: 0, contain_outer_query_references: false, clause_relids: (b 1 3), required_relids: (b 1 3), outer_relids: (b), nullable_relids: (b), left_relids: (b 1), right_relids: (b 3), eval_cost: (-1.00..0.00), norm_selec: -1.0000, outer_selec: -1.0000, outer_is_left: false, hashjoinoperator: 0, left_bucketsize: -1.0000, right_bucketsize: -1.0000, left_mcvfreq: -1.0000, right_mcvfreq: -1.0000} = {
                  clause = OpExpr {opno: 96, opfuncid: 65, opresulttype: 16, opretset: false, opcollid: 0, inputcollid: 0, location: 173} = {
                    args = List with 2 elements = {
                      0 = Var {varno: 1, varattno: 1, vartype: 23, vartypmod: -1, varcollid: 0, varlevelsup: 0, varnoold: 1, varoattno: 1, location: 163},
                      1 = Var {varno: 3, varattno: 1, vartype: 23, vartypmod: -1, varcollid: 0, varlevelsup: 0, varnoold: 3, varoattno: 1, location: 175}
                    }
                  },
                  mergeopfamilies = OidList with 1 elements = {1976},
                  left_em = EquivalenceMember {em_relids: (b 1), em_nullable_relids: (b), em_is_const: false, em_is_child: false, em_datatype: 23} = {
                    em_expr = Var {varno: 1, varattno: 1, vartype: 23, vartypmod: -1, varcollid: 0, varlevelsup: 0, varnoold: 1, varoattno: 1, location: 163}
                  },
                  right_em = EquivalenceMember {em_relids: (b 3), em_nullable_relids: (b), em_is_const: false, em_is_child: false, em_datatype: 23} = {
                    em_expr = Var {varno: 3, varattno: 1, vartype: 23, vartypmod: -1, varcollid: 0, varlevelsup: 0, varnoold: 3, varoattno: 1, location: 175}
                  }
                },
                1 = RestrictInfo {is_pushed_down: true, outerjoin_delayed: false, can_join: true, pseudoconstant: false, leakproof: false, security_level: 0, contain_outer_query_references: false, clause_relids: (b 1 6), required_relids: (b 1 6), outer_relids: (b), nullable_relids: (b), left_relids: (b 1), right_relids: (b 6), eval_cost: (-1.00..0.00), norm_selec: -1.0000, outer_selec: -1.0000, outer_is_left: false, hashjoinoperator: 0, left_bucketsize: -1.0000, right_bucketsize: -1.0000, left_mcvfreq: -1.0000, right_mcvfreq: -1.0000} = {
                  clause = OpExpr {opno: 96, opfuncid: 65, opresulttype: 16, opretset: false, opcollid: 0, inputcollid: 0, location: 502} = {
                    args = List with 2 elements = {
                      0 = Var {varno: 1, varattno: 1, vartype: 23, vartypmod: -1, varcollid: 0, varlevelsup: 0, varnoold: 1, varoattno: 1, location: 492},
                      1 = Var {varno: 6, varattno: 1, vartype: 23, vartypmod: -1, varcollid: 0, varlevelsup: 0, varnoold: 6, varoattno: 1, location: 504}
                    }
                  },
                  mergeopfamilies = OidList with 1 elements = {1976},
                  left_em = EquivalenceMember {em_relids: (b 1), em_nullable_relids: (b), em_is_const: false, em_is_child: false, em_datatype: 23} = {
                    em_expr = Var {varno: 1, varattno: 1, vartype: 23, vartypmod: -1, varcollid: 0, varlevelsup: 0, varnoold: 1, varoattno: 1, location: 163}
                  },
                  right_em = EquivalenceMember {em_relids: (b 6), em_nullable_relids: (b), em_is_const: false, em_is_child: false, em_datatype: 23} = {
                    em_expr = Var {varno: 6, varattno: 1, vartype: 23, vartypmod: -1, varcollid: 0, varlevelsup: 0, varnoold: 6, varoattno: 1, location: 504}
                  }
                }
              },
              ec_derives = List with 4 elements = {
                0 = RestrictInfo {is_pushed_down: true, outerjoin_delayed: false, can_join: true, pseudoconstant: false, leakproof: false, security_level: 0, contain_outer_query_references: false, clause_relids: (b 1 3), required_relids: (b 1 3), outer_relids: (b), nullable_relids: (b), left_relids: (b 1), right_relids: (b 3), eval_cost: (0.00..0.00), norm_selec: 0.0010, outer_selec: -1.0000, outer_is_left: false, hashjoinoperator: 96, left_bucketsize: 0.1000, right_bucketsize: 0.1000, left_mcvfreq: 0.0000, right_mcvfreq: 0.0000} = {
                  clause = OpExpr {opno: 96, opfuncid: 65, opresulttype: 16, opretset: false, opcollid: 0, inputcollid: 0, location: -1} = {
                    args = List with 2 elements = {
                      0 = Var {varno: 1, varattno: 1, vartype: 23, vartypmod: -1, varcollid: 0, varlevelsup: 0, varnoold: 1, varoattno: 1, location: 163},
                      1 = Var {varno: 3, varattno: 1, vartype: 23, vartypmod: -1, varcollid: 0, varlevelsup: 0, varnoold: 3, varoattno: 1, location: 175}
                    }
                  },
                  mergeopfamilies = OidList with 1 elements = {1976},
                  left_em = EquivalenceMember {em_relids: (b 1), em_nullable_relids: (b), em_is_const: false, em_is_child: false, em_datatype: 23} = {
                    em_expr = Var {varno: 1, varattno: 1, vartype: 23, vartypmod: -1, varcollid: 0, varlevelsup: 0, varnoold: 1, varoattno: 1, location: 163}
                  },
                  right_em = EquivalenceMember {em_relids: (b 3), em_nullable_relids: (b), em_is_const: false, em_is_child: false, em_datatype: 23} = {
                    em_expr = Var {varno: 3, varattno: 1, vartype: 23, vartypmod: -1, varcollid: 0, varlevelsup: 0, varnoold: 3, varoattno: 1, location: 175}
                  }
                },
                1 = RestrictInfo {is_pushed_down: true, outerjoin_delayed: false, can_join: true, pseudoconstant: false, leakproof: false, security_level: 0, contain_outer_query_references: false, clause_relids: (b 1 6), required_relids: (b 1 6), outer_relids: (b), nullable_relids: (b), left_relids: (b 1), right_relids: (b 6), eval_cost: (0.00..0.00), norm_selec: 0.0010, outer_selec: 0.0010, outer_is_left: true, hashjoinoperator: 96, left_bucketsize: 0.1000, right_bucketsize: 0.1000, left_mcvfreq: 0.0000, right_mcvfreq: 0.0000} = {
                  clause = OpExpr {opno: 96, opfuncid: 65, opresulttype: 16, opretset: false, opcollid: 0, inputcollid: 0, location: -1} = {
                    args = List with 2 elements = {
                      0 = Var {varno: 1, varattno: 1, vartype: 23, vartypmod: -1, varcollid: 0, varlevelsup: 0, varnoold: 1, varoattno: 1, location: 163},
                      1 = Var {varno: 6, varattno: 1, vartype: 23, vartypmod: -1, varcollid: 0, varlevelsup: 0, varnoold: 6, varoattno: 1, location: 504}
                    }
                  },
                  mergeopfamilies = OidList with 1 elements = {1976},
                  left_em = EquivalenceMember {em_relids: (b 1), em_nullable_relids: (b), em_is_const: false, em_is_child: false, em_datatype: 23} = {
                    em_expr = Var {varno: 1, varattno: 1, vartype: 23, vartypmod: -1, varcollid: 0, varlevelsup: 0, varnoold: 1, varoattno: 1, location: 163}
                  },
                  right_em = EquivalenceMember {em_relids: (b 6), em_nullable_relids: (b), em_is_const: false, em_is_child: false, em_datatype: 23} = {
                    em_expr = Var {varno: 6, varattno: 1, vartype: 23, vartypmod: -1, varcollid: 0, varlevelsup: 0, varnoold: 6, varoattno: 1, location: 504}
                  }
                },
                2 = RestrictInfo {is_pushed_down: true, outerjoin_delayed: false, can_join: true, pseudoconstant: false, leakproof: false, security_level: 0, contain_outer_query_references: false, clause_relids: (b 3 6), required_relids: (b 3 6), outer_relids: (b), nullable_relids: (b), left_relids: (b 3), right_relids: (b 6), eval_cost: (0.00..0.00), norm_selec: 0.0010, outer_selec: 0.0010, outer_is_left: false, hashjoinoperator: 96, left_bucketsize: 0.1000, right_bucketsize: 0.1000, left_mcvfreq: 0.0000, right_mcvfreq: 0.0000} = {
                  clause = OpExpr {opno: 96, opfuncid: 65, opresulttype: 16, opretset: false, opcollid: 0, inputcollid: 0, location: -1} = {
                    args = List with 2 elements = {
                      0 = Var {varno: 3, varattno: 1, vartype: 23, vartypmod: -1, varcollid: 0, varlevelsup: 0, varnoold: 3, varoattno: 1, location: 175},
                      1 = Var {varno: 6, varattno: 1, vartype: 23, vartypmod: -1, varcollid: 0, varlevelsup: 0, varnoold: 6, varoattno: 1, location: 504}
                    }
                  },
                  mergeopfamilies = OidList with 1 elements = {1976},
                  left_em = EquivalenceMember {em_relids: (b 3), em_nullable_relids: (b), em_is_const: false, em_is_child: false, em_datatype: 23} = {
                    em_expr = Var {varno: 3, varattno: 1, vartype: 23, vartypmod: -1, varcollid: 0, varlevelsup: 0, varnoold: 3, varoattno: 1, location: 175}
                  },
                  right_em = EquivalenceMember {em_relids: (b 6), em_nullable_relids: (b), em_is_const: false, em_is_child: false, em_datatype: 23} = {
                    em_expr = Var {varno: 6, varattno: 1, vartype: 23, vartypmod: -1, varcollid: 0, varlevelsup: 0, varnoold: 6, varoattno: 1, location: 504}
                  }
                },
                3 = RestrictInfo {is_pushed_down: true, outerjoin_delayed: false, can_join: true, pseudoconstant: false, leakproof: false, security_level: 0, contain_outer_query_references: false, clause_relids: (b 1 3), required_relids: (b 1 3), outer_relids: (b), nullable_relids: (b), left_relids: (b 3), right_relids: (b 1), eval_cost: (0.00..0.00), norm_selec: 0.0010, outer_selec: -1.0000, outer_is_left: false, hashjoinoperator: 96, left_bucketsize: 0.1000, right_bucketsize: 0.1000, left_mcvfreq: 0.0000, right_mcvfreq: 0.0000} = {
                  clause = OpExpr {opno: 96, opfuncid: 65, opresulttype: 16, opretset: false, opcollid: 0, inputcollid: 0, location: -1} = {
                    args = List with 2 elements = {
                      0 = Var {varno: 3, varattno: 1, vartype: 23, vartypmod: -1, varcollid: 0, varlevelsup: 0, varnoold: 3, varoattno: 1, location: 175},
                      1 = Var {varno: 1, varattno: 1, vartype: 23, vartypmod: -1, varcollid: 0, varlevelsup: 0, varnoold: 1, varoattno: 1, location: 163}
                    }
                  },
                  mergeopfamilies = OidList with 1 elements = {1976},
                  left_em = EquivalenceMember {em_relids: (b 3), em_nullable_relids: (b), em_is_const: false, em_is_child: false, em_datatype: 23} = {
                    em_expr = Var {varno: 3, varattno: 1, vartype: 23, vartypmod: -1, varcollid: 0, varlevelsup: 0, varnoold: 3, varoattno: 1, location: 175}
                  },
                  right_em = EquivalenceMember {em_relids: (b 1), em_nullable_relids: (b), em_is_const: false, em_is_child: false, em_datatype: 23} = {
                    em_expr = Var {varno: 1, varattno: 1, vartype: 23, vartypmod: -1, varcollid: 0, varlevelsup: 0, varnoold: 1, varoattno: 1, location: 163}
                  }
                }
              }
            }
          }
        },
        subpath = SortPath T_Sort (cost=695.95..695.96 rows=3 memo=0.00 parallel_aware=False parallel_safe=False parallel_workers=0 motionHazard=False rescannable=False sameslice_relids=(b))  = {
          path.parent = (b),
          path.pathtarget = PathTarget {cost: (0.00..0.00), width: 716} = {
            sortgrouprefs = [1, 3, 2, 4, 0, 0, 0, 0],
            exprs = List with 8 elements = {
              0 = Var {varno: 2, varattno: 6, vartype: 1700, vartypmod: 983046, varcollid: 0, varlevelsup: 0, varnoold: 2, varoattno: 6, location: 9},
              1 = Var {varno: 2, varattno: 2, vartype: 1042, vartypmod: 29, varcollid: 100, varlevelsup: 0, varnoold: 2, varoattno: 2, location: 22},
              2 = Var {varno: 4, varattno: 2, vartype: 1042, vartypmod: 29, varcollid: 100, varlevelsup: 0, varnoold: 4, varoattno: 2, location: 32},
              3 = Var {varno: 1, varattno: 1, vartype: 23, vartypmod: -1, varcollid: 0, varlevelsup: 0, varnoold: 1, varoattno: 1, location: 42},
              4 = Var {varno: 1, varattno: 3, vartype: 1042, vartypmod: 29, varcollid: 100, varlevelsup: 0, varnoold: 1, varoattno: 3, location: 55},
              5 = Var {varno: 2, varattno: 3, vartype: 1043, vartypmod: 44, varcollid: 100, varlevelsup: 0, varnoold: 2, varoattno: 3, location: 65},
              6 = Var {varno: 2, varattno: 5, vartype: 1042, vartypmod: 19, varcollid: 100, varlevelsup: 0, varnoold: 2, varoattno: 5, location: 78},
              7 = Var {varno: 2, varattno: 7, vartype: 1043, vartypmod: 105, varcollid: 100, varlevelsup: 0, varnoold: 2, varoattno: 7, location: 89}
            }
          },
          path.locus.distkey = List with 1 elements = {
            0 = DistributionKey dk_opfamily: 1977 = {
              dk_eclasses = List with 1 elements = {
                0 = EquivalenceClass {ec_collation: 0, ec_relids: (b 1 3 6), ec_has_const: false, ec_has_volatile: false, ec_broken: false, ec_sortref: 0, ec_min_security: 0, ec_max_security: 0} = {
                  ec_opfamilies = OidList with 1 elements = {1976},
                  ec_members = List with 3 elements = {
                    0 = EquivalenceMember {em_relids: (b 1), em_nullable_relids: (b), em_is_const: false, em_is_child: false, em_datatype: 23} = {
                      em_expr = Var {varno: 1, varattno: 1, vartype: 23, vartypmod: -1, varcollid: 0, varlevelsup: 0, varnoold: 1, varoattno: 1, location: 163}
                    },
                    1 = EquivalenceMember {em_relids: (b 3), em_nullable_relids: (b), em_is_const: false, em_is_child: false, em_datatype: 23} = {
                      em_expr = Var {varno: 3, varattno: 1, vartype: 23, vartypmod: -1, varcollid: 0, varlevelsup: 0, varnoold: 3, varoattno: 1, location: 175}
                    },
                    2 = EquivalenceMember {em_relids: (b 6), em_nullable_relids: (b), em_is_const: false, em_is_child: false, em_datatype: 23} = {
                      em_expr = Var {varno: 6, varattno: 1, vartype: 23, vartypmod: -1, varcollid: 0, varlevelsup: 0, varnoold: 6, varoattno: 1, location: 504}
                    }
                  },
                  ec_sources = List with 2 elements = {
                    0 = RestrictInfo {is_pushed_down: true, outerjoin_delayed: false, can_join: true, pseudoconstant: false, leakproof: false, security_level: 0, contain_outer_query_references: false, clause_relids: (b 1 3), required_relids: (b 1 3), outer_relids: (b), nullable_relids: (b), left_relids: (b 1), right_relids: (b 3), eval_cost: (-1.00..0.00), norm_selec: -1.0000, outer_selec: -1.0000, outer_is_left: false, hashjoinoperator: 0, left_bucketsize: -1.0000, right_bucketsize: -1.0000, left_mcvfreq: -1.0000, right_mcvfreq: -1.0000} = {
                      clause = OpExpr {opno: 96, opfuncid: 65, opresulttype: 16, opretset: false, opcollid: 0, inputcollid: 0, location: 173} = {
                        args = List with 2 elements = {
                          0 = Var {varno: 1, varattno: 1, vartype: 23, vartypmod: -1, varcollid: 0, varlevelsup: 0, varnoold: 1, varoattno: 1, location: 163},
                          1 = Var {varno: 3, varattno: 1, vartype: 23, vartypmod: -1, varcollid: 0, varlevelsup: 0, varnoold: 3, varoattno: 1, location: 175}
                        }
                      },
                      mergeopfamilies = OidList with 1 elements = {1976},
                      left_em = EquivalenceMember {em_relids: (b 1), em_nullable_relids: (b), em_is_const: false, em_is_child: false, em_datatype: 23} = {
                        em_expr = Var {varno: 1, varattno: 1, vartype: 23, vartypmod: -1, varcollid: 0, varlevelsup: 0, varnoold: 1, varoattno: 1, location: 163}
                      },
                      right_em = EquivalenceMember {em_relids: (b 3), em_nullable_relids: (b), em_is_const: false, em_is_child: false, em_datatype: 23} = {
                        em_expr = Var {varno: 3, varattno: 1, vartype: 23, vartypmod: -1, varcollid: 0, varlevelsup: 0, varnoold: 3, varoattno: 1, location: 175}
                      }
                    },
                    1 = RestrictInfo {is_pushed_down: true, outerjoin_delayed: false, can_join: true, pseudoconstant: false, leakproof: false, security_level: 0, contain_outer_query_references: false, clause_relids: (b 1 6), required_relids: (b 1 6), outer_relids: (b), nullable_relids: (b), left_relids: (b 1), right_relids: (b 6), eval_cost: (-1.00..0.00), norm_selec: -1.0000, outer_selec: -1.0000, outer_is_left: false, hashjoinoperator: 0, left_bucketsize: -1.0000, right_bucketsize: -1.0000, left_mcvfreq: -1.0000, right_mcvfreq: -1.0000} = {
                      clause = OpExpr {opno: 96, opfuncid: 65, opresulttype: 16, opretset: false, opcollid: 0, inputcollid: 0, location: 502} = {
                        args = List with 2 elements = {
                          0 = Var {varno: 1, varattno: 1, vartype: 23, vartypmod: -1, varcollid: 0, varlevelsup: 0, varnoold: 1, varoattno: 1, location: 492},
                          1 = Var {varno: 6, varattno: 1, vartype: 23, vartypmod: -1, varcollid: 0, varlevelsup: 0, varnoold: 6, varoattno: 1, location: 504}
                        }
                      },
                      mergeopfamilies = OidList with 1 elements = {1976},
                      left_em = EquivalenceMember {em_relids: (b 1), em_nullable_relids: (b), em_is_const: false, em_is_child: false, em_datatype: 23} = {
                        em_expr = Var {varno: 1, varattno: 1, vartype: 23, vartypmod: -1, varcollid: 0, varlevelsup: 0, varnoold: 1, varoattno: 1, location: 163}
                      },
                      right_em = EquivalenceMember {em_relids: (b 6), em_nullable_relids: (b), em_is_const: false, em_is_child: false, em_datatype: 23} = {
                        em_expr = Var {varno: 6, varattno: 1, vartype: 23, vartypmod: -1, varcollid: 0, varlevelsup: 0, varnoold: 6, varoattno: 1, location: 504}
                      }
                    }
                  },
                  ec_derives = List with 4 elements = {
                    0 = RestrictInfo {is_pushed_down: true, outerjoin_delayed: false, can_join: true, pseudoconstant: false, leakproof: false, security_level: 0, contain_outer_query_references: false, clause_relids: (b 1 3), required_relids: (b 1 3), outer_relids: (b), nullable_relids: (b), left_relids: (b 1), right_relids: (b 3), eval_cost: (0.00..0.00), norm_selec: 0.0010, outer_selec: -1.0000, outer_is_left: false, hashjoinoperator: 96, left_bucketsize: 0.1000, right_bucketsize: 0.1000, left_mcvfreq: 0.0000, right_mcvfreq: 0.0000} = {
                      clause = OpExpr {opno: 96, opfuncid: 65, opresulttype: 16, opretset: false, opcollid: 0, inputcollid: 0, location: -1} = {
                        args = List with 2 elements = {
                          0 = Var {varno: 1, varattno: 1, vartype: 23, vartypmod: -1, varcollid: 0, varlevelsup: 0, varnoold: 1, varoattno: 1, location: 163},
                          1 = Var {varno: 3, varattno: 1, vartype: 23, vartypmod: -1, varcollid: 0, varlevelsup: 0, varnoold: 3, varoattno: 1, location: 175}
                        }
                      },
                      mergeopfamilies = OidList with 1 elements = {1976},
                      left_em = EquivalenceMember {em_relids: (b 1), em_nullable_relids: (b), em_is_const: false, em_is_child: false, em_datatype: 23} = {
                        em_expr = Var {varno: 1, varattno: 1, vartype: 23, vartypmod: -1, varcollid: 0, varlevelsup: 0, varnoold: 1, varoattno: 1, location: 163}
                      },
                      right_em = EquivalenceMember {em_relids: (b 3), em_nullable_relids: (b), em_is_const: false, em_is_child: false, em_datatype: 23} = {
                        em_expr = Var {varno: 3, varattno: 1, vartype: 23, vartypmod: -1, varcollid: 0, varlevelsup: 0, varnoold: 3, varoattno: 1, location: 175}
                      }
                    },
                    1 = RestrictInfo {is_pushed_down: true, outerjoin_delayed: false, can_join: true, pseudoconstant: false, leakproof: false, security_level: 0, contain_outer_query_references: false, clause_relids: (b 1 6), required_relids: (b 1 6), outer_relids: (b), nullable_relids: (b), left_relids: (b 1), right_relids: (b 6), eval_cost: (0.00..0.00), norm_selec: 0.0010, outer_selec: 0.0010, outer_is_left: true, hashjoinoperator: 96, left_bucketsize: 0.1000, right_bucketsize: 0.1000, left_mcvfreq: 0.0000, right_mcvfreq: 0.0000} = {
                      clause = OpExpr {opno: 96, opfuncid: 65, opresulttype: 16, opretset: false, opcollid: 0, inputcollid: 0, location: -1} = {
                        args = List with 2 elements = {
                          0 = Var {varno: 1, varattno: 1, vartype: 23, vartypmod: -1, varcollid: 0, varlevelsup: 0, varnoold: 1, varoattno: 1, location: 163},
                          1 = Var {varno: 6, varattno: 1, vartype: 23, vartypmod: -1, varcollid: 0, varlevelsup: 0, varnoold: 6, varoattno: 1, location: 504}
                        }
                      },
                      mergeopfamilies = OidList with 1 elements = {1976},
                      left_em = EquivalenceMember {em_relids: (b 1), em_nullable_relids: (b), em_is_const: false, em_is_child: false, em_datatype: 23} = {
                        em_expr = Var {varno: 1, varattno: 1, vartype: 23, vartypmod: -1, varcollid: 0, varlevelsup: 0, varnoold: 1, varoattno: 1, location: 163}
                      },
                      right_em = EquivalenceMember {em_relids: (b 6), em_nullable_relids: (b), em_is_const: false, em_is_child: false, em_datatype: 23} = {
                        em_expr = Var {varno: 6, varattno: 1, vartype: 23, vartypmod: -1, varcollid: 0, varlevelsup: 0, varnoold: 6, varoattno: 1, location: 504}
                      }
                    },
                    2 = RestrictInfo {is_pushed_down: true, outerjoin_delayed: false, can_join: true, pseudoconstant: false, leakproof: false, security_level: 0, contain_outer_query_references: false, clause_relids: (b 3 6), required_relids: (b 3 6), outer_relids: (b), nullable_relids: (b), left_relids: (b 3), right_relids: (b 6), eval_cost: (0.00..0.00), norm_selec: 0.0010, outer_selec: 0.0010, outer_is_left: false, hashjoinoperator: 96, left_bucketsize: 0.1000, right_bucketsize: 0.1000, left_mcvfreq: 0.0000, right_mcvfreq: 0.0000} = {
                      clause = OpExpr {opno: 96, opfuncid: 65, opresulttype: 16, opretset: false, opcollid: 0, inputcollid: 0, location: -1} = {
                        args = List with 2 elements = {
                          0 = Var {varno: 3, varattno: 1, vartype: 23, vartypmod: -1, varcollid: 0, varlevelsup: 0, varnoold: 3, varoattno: 1, location: 175},
                          1 = Var {varno: 6, varattno: 1, vartype: 23, vartypmod: -1, varcollid: 0, varlevelsup: 0, varnoold: 6, varoattno: 1, location: 504}
                        }
                      },
                      mergeopfamilies = OidList with 1 elements = {1976},
                      left_em = EquivalenceMember {em_relids: (b 3), em_nullable_relids: (b), em_is_const: false, em_is_child: false, em_datatype: 23} = {
                        em_expr = Var {varno: 3, varattno: 1, vartype: 23, vartypmod: -1, varcollid: 0, varlevelsup: 0, varnoold: 3, varoattno: 1, location: 175}
                      },
                      right_em = EquivalenceMember {em_relids: (b 6), em_nullable_relids: (b), em_is_const: false, em_is_child: false, em_datatype: 23} = {
                        em_expr = Var {varno: 6, varattno: 1, vartype: 23, vartypmod: -1, varcollid: 0, varlevelsup: 0, varnoold: 6, varoattno: 1, location: 504}
                      }
                    },
                    3 = RestrictInfo {is_pushed_down: true, outerjoin_delayed: false, can_join: true, pseudoconstant: false, leakproof: false, security_level: 0, contain_outer_query_references: false, clause_relids: (b 1 3), required_relids: (b 1 3), outer_relids: (b), nullable_relids: (b), left_relids: (b 3), right_relids: (b 1), eval_cost: (0.00..0.00), norm_selec: 0.0010, outer_selec: -1.0000, outer_is_left: false, hashjoinoperator: 96, left_bucketsize: 0.1000, right_bucketsize: 0.1000, left_mcvfreq: 0.0000, right_mcvfreq: 0.0000} = {
                      clause = OpExpr {opno: 96, opfuncid: 65, opresulttype: 16, opretset: false, opcollid: 0, inputcollid: 0, location: -1} = {
                        args = List with 2 elements = {
                          0 = Var {varno: 3, varattno: 1, vartype: 23, vartypmod: -1, varcollid: 0, varlevelsup: 0, varnoold: 3, varoattno: 1, location: 175},
                          1 = Var {varno: 1, varattno: 1, vartype: 23, vartypmod: -1, varcollid: 0, varlevelsup: 0, varnoold: 1, varoattno: 1, location: 163}
                        }
                      },
                      mergeopfamilies = OidList with 1 elements = {1976},
                      left_em = EquivalenceMember {em_relids: (b 3), em_nullable_relids: (b), em_is_const: false, em_is_child: false, em_datatype: 23} = {
                        em_expr = Var {varno: 3, varattno: 1, vartype: 23, vartypmod: -1, varcollid: 0, varlevelsup: 0, varnoold: 3, varoattno: 1, location: 175}
                      },
                      right_em = EquivalenceMember {em_relids: (b 1), em_nullable_relids: (b), em_is_const: false, em_is_child: false, em_datatype: 23} = {
                        em_expr = Var {varno: 1, varattno: 1, vartype: 23, vartypmod: -1, varcollid: 0, varlevelsup: 0, varnoold: 1, varoattno: 1, location: 163}
                      }
                    }
                  }
                }
              }
            }
          },
          path.pathkeys = List with 4 elements = {
            0 = PathKey {pk_opfamily: 1988, pk_strategy: 5, pk_nulls_first: true} = {
              pk_eclass = EquivalenceClass {ec_collation: 0, ec_relids: (b 2), ec_has_const: false, ec_has_volatile: false, ec_broken: false, ec_sortref: 1, ec_min_security: 4294967295, ec_max_security: 0} = {
                ec_opfamilies = OidList with 1 elements = {1988},
                ec_members = List with 1 elements = {
                  0 = EquivalenceMember {em_relids: (b 2), em_nullable_relids: (b), em_is_const: false, em_is_child: false, em_datatype: 1700} = {
                    em_expr = Var {varno: 2, varattno: 6, vartype: 1700, vartypmod: 983046, varcollid: 0, varlevelsup: 0, varnoold: 2, varoattno: 6, location: 9}
                  }
                }
              }
            },
            1 = PathKey {pk_opfamily: 426, pk_strategy: 1, pk_nulls_first: false} = {
              pk_eclass = EquivalenceClass {ec_collation: 100, ec_relids: (b 4), ec_has_const: false, ec_has_volatile: false, ec_broken: false, ec_sortref: 2, ec_min_security: 4294967295, ec_max_security: 0} = {
                ec_opfamilies = OidList with 2 elements = {426, 2097},
                ec_members = List with 1 elements = {
                  0 = EquivalenceMember {em_relids: (b 4), em_nullable_relids: (b), em_is_const: false, em_is_child: false, em_datatype: 1042} = {
                    em_expr = Var {varno: 4, varattno: 2, vartype: 1042, vartypmod: 29, varcollid: 100, varlevelsup: 0, varnoold: 4, varoattno: 2, location: 32}
                  }
                }
              }
            },
            2 = PathKey {pk_opfamily: 426, pk_strategy: 1, pk_nulls_first: false} = {
              pk_eclass = EquivalenceClass {ec_collation: 100, ec_relids: (b 2), ec_has_const: false, ec_has_volatile: false, ec_broken: false, ec_sortref: 3, ec_min_security: 4294967295, ec_max_security: 0} = {
                ec_opfamilies = OidList with 2 elements = {426, 2097},
                ec_members = List with 1 elements = {
                  0 = EquivalenceMember {em_relids: (b 2), em_nullable_relids: (b), em_is_const: false, em_is_child: false, em_datatype: 1042} = {
                    em_expr = Var {varno: 2, varattno: 2, vartype: 1042, vartypmod: 29, varcollid: 100, varlevelsup: 0, varnoold: 2, varoattno: 2, location: 22}
                  }
                }
              }
            },
            3 = PathKey {pk_opfamily: 1976, pk_strategy: 1, pk_nulls_first: false} = {
              pk_eclass = EquivalenceClass {ec_collation: 0, ec_relids: (b 1 3 6), ec_has_const: false, ec_has_volatile: false, ec_broken: false, ec_sortref: 0, ec_min_security: 0, ec_max_security: 0} = {
                ec_opfamilies = OidList with 1 elements = {1976},
                ec_members = List with 3 elements = {
                  0 = EquivalenceMember {em_relids: (b 1), em_nullable_relids: (b), em_is_const: false, em_is_child: false, em_datatype: 23} = {
                    em_expr = Var {varno: 1, varattno: 1, vartype: 23, vartypmod: -1, varcollid: 0, varlevelsup: 0, varnoold: 1, varoattno: 1, location: 163}
                  },
                  1 = EquivalenceMember {em_relids: (b 3), em_nullable_relids: (b), em_is_const: false, em_is_child: false, em_datatype: 23} = {
                    em_expr = Var {varno: 3, varattno: 1, vartype: 23, vartypmod: -1, varcollid: 0, varlevelsup: 0, varnoold: 3, varoattno: 1, location: 175}
                  },
                  2 = EquivalenceMember {em_relids: (b 6), em_nullable_relids: (b), em_is_const: false, em_is_child: false, em_datatype: 23} = {
                    em_expr = Var {varno: 6, varattno: 1, vartype: 23, vartypmod: -1, varcollid: 0, varlevelsup: 0, varnoold: 6, varoattno: 1, location: 504}
                  }
                },
                ec_sources = List with 2 elements = {
                  0 = RestrictInfo {is_pushed_down: true, outerjoin_delayed: false, can_join: true, pseudoconstant: false, leakproof: false, security_level: 0, contain_outer_query_references: false, clause_relids: (b 1 3), required_relids: (b 1 3), outer_relids: (b), nullable_relids: (b), left_relids: (b 1), right_relids: (b 3), eval_cost: (-1.00..0.00), norm_selec: -1.0000, outer_selec: -1.0000, outer_is_left: false, hashjoinoperator: 0, left_bucketsize: -1.0000, right_bucketsize: -1.0000, left_mcvfreq: -1.0000, right_mcvfreq: -1.0000} = {
                    clause = OpExpr {opno: 96, opfuncid: 65, opresulttype: 16, opretset: false, opcollid: 0, inputcollid: 0, location: 173} = {
                      args = List with 2 elements = {
                        0 = Var {varno: 1, varattno: 1, vartype: 23, vartypmod: -1, varcollid: 0, varlevelsup: 0, varnoold: 1, varoattno: 1, location: 163},
                        1 = Var {varno: 3, varattno: 1, vartype: 23, vartypmod: -1, varcollid: 0, varlevelsup: 0, varnoold: 3, varoattno: 1, location: 175}
                      }
                    },
                    mergeopfamilies = OidList with 1 elements = {1976},
                    left_em = EquivalenceMember {em_relids: (b 1), em_nullable_relids: (b), em_is_const: false, em_is_child: false, em_datatype: 23} = {
                      em_expr = Var {varno: 1, varattno: 1, vartype: 23, vartypmod: -1, varcollid: 0, varlevelsup: 0, varnoold: 1, varoattno: 1, location: 163}
                    },
                    right_em = EquivalenceMember {em_relids: (b 3), em_nullable_relids: (b), em_is_const: false, em_is_child: false, em_datatype: 23} = {
                      em_expr = Var {varno: 3, varattno: 1, vartype: 23, vartypmod: -1, varcollid: 0, varlevelsup: 0, varnoold: 3, varoattno: 1, location: 175}
                    }
                  },
                  1 = RestrictInfo {is_pushed_down: true, outerjoin_delayed: false, can_join: true, pseudoconstant: false, leakproof: false, security_level: 0, contain_outer_query_references: false, clause_relids: (b 1 6), required_relids: (b 1 6), outer_relids: (b), nullable_relids: (b), left_relids: (b 1), right_relids: (b 6), eval_cost: (-1.00..0.00), norm_selec: -1.0000, outer_selec: -1.0000, outer_is_left: false, hashjoinoperator: 0, left_bucketsize: -1.0000, right_bucketsize: -1.0000, left_mcvfreq: -1.0000, right_mcvfreq: -1.0000} = {
                    clause = OpExpr {opno: 96, opfuncid: 65, opresulttype: 16, opretset: false, opcollid: 0, inputcollid: 0, location: 502} = {
                      args = List with 2 elements = {
                        0 = Var {varno: 1, varattno: 1, vartype: 23, vartypmod: -1, varcollid: 0, varlevelsup: 0, varnoold: 1, varoattno: 1, location: 492},
                        1 = Var {varno: 6, varattno: 1, vartype: 23, vartypmod: -1, varcollid: 0, varlevelsup: 0, varnoold: 6, varoattno: 1, location: 504}
                      }
                    },
                    mergeopfamilies = OidList with 1 elements = {1976},
                    left_em = EquivalenceMember {em_relids: (b 1), em_nullable_relids: (b), em_is_const: false, em_is_child: false, em_datatype: 23} = {
                      em_expr = Var {varno: 1, varattno: 1, vartype: 23, vartypmod: -1, varcollid: 0, varlevelsup: 0, varnoold: 1, varoattno: 1, location: 163}
                    },
                    right_em = EquivalenceMember {em_relids: (b 6), em_nullable_relids: (b), em_is_const: false, em_is_child: false, em_datatype: 23} = {
                      em_expr = Var {varno: 6, varattno: 1, vartype: 23, vartypmod: -1, varcollid: 0, varlevelsup: 0, varnoold: 6, varoattno: 1, location: 504}
                    }
                  }
                },
                ec_derives = List with 4 elements = {
                  0 = RestrictInfo {is_pushed_down: true, outerjoin_delayed: false, can_join: true, pseudoconstant: false, leakproof: false, security_level: 0, contain_outer_query_references: false, clause_relids: (b 1 3), required_relids: (b 1 3), outer_relids: (b), nullable_relids: (b), left_relids: (b 1), right_relids: (b 3), eval_cost: (0.00..0.00), norm_selec: 0.0010, outer_selec: -1.0000, outer_is_left: false, hashjoinoperator: 96, left_bucketsize: 0.1000, right_bucketsize: 0.1000, left_mcvfreq: 0.0000, right_mcvfreq: 0.0000} = {
                    clause = OpExpr {opno: 96, opfuncid: 65, opresulttype: 16, opretset: false, opcollid: 0, inputcollid: 0, location: -1} = {
                      args = List with 2 elements = {
                        0 = Var {varno: 1, varattno: 1, vartype: 23, vartypmod: -1, varcollid: 0, varlevelsup: 0, varnoold: 1, varoattno: 1, location: 163},
                        1 = Var {varno: 3, varattno: 1, vartype: 23, vartypmod: -1, varcollid: 0, varlevelsup: 0, varnoold: 3, varoattno: 1, location: 175}
                      }
                    },
                    mergeopfamilies = OidList with 1 elements = {1976},
                    left_em = EquivalenceMember {em_relids: (b 1), em_nullable_relids: (b), em_is_const: false, em_is_child: false, em_datatype: 23} = {
                      em_expr = Var {varno: 1, varattno: 1, vartype: 23, vartypmod: -1, varcollid: 0, varlevelsup: 0, varnoold: 1, varoattno: 1, location: 163}
                    },
                    right_em = EquivalenceMember {em_relids: (b 3), em_nullable_relids: (b), em_is_const: false, em_is_child: false, em_datatype: 23} = {
                      em_expr = Var {varno: 3, varattno: 1, vartype: 23, vartypmod: -1, varcollid: 0, varlevelsup: 0, varnoold: 3, varoattno: 1, location: 175}
                    }
                  },
                  1 = RestrictInfo {is_pushed_down: true, outerjoin_delayed: false, can_join: true, pseudoconstant: false, leakproof: false, security_level: 0, contain_outer_query_references: false, clause_relids: (b 1 6), required_relids: (b 1 6), outer_relids: (b), nullable_relids: (b), left_relids: (b 1), right_relids: (b 6), eval_cost: (0.00..0.00), norm_selec: 0.0010, outer_selec: 0.0010, outer_is_left: true, hashjoinoperator: 96, left_bucketsize: 0.1000, right_bucketsize: 0.1000, left_mcvfreq: 0.0000, right_mcvfreq: 0.0000} = {
                    clause = OpExpr {opno: 96, opfuncid: 65, opresulttype: 16, opretset: false, opcollid: 0, inputcollid: 0, location: -1} = {
                      args = List with 2 elements = {
                        0 = Var {varno: 1, varattno: 1, vartype: 23, vartypmod: -1, varcollid: 0, varlevelsup: 0, varnoold: 1, varoattno: 1, location: 163},
                        1 = Var {varno: 6, varattno: 1, vartype: 23, vartypmod: -1, varcollid: 0, varlevelsup: 0, varnoold: 6, varoattno: 1, location: 504}
                      }
                    },
                    mergeopfamilies = OidList with 1 elements = {1976},
                    left_em = EquivalenceMember {em_relids: (b 1), em_nullable_relids: (b), em_is_const: false, em_is_child: false, em_datatype: 23} = {
                      em_expr = Var {varno: 1, varattno: 1, vartype: 23, vartypmod: -1, varcollid: 0, varlevelsup: 0, varnoold: 1, varoattno: 1, location: 163}
                    },
                    right_em = EquivalenceMember {em_relids: (b 6), em_nullable_relids: (b), em_is_const: false, em_is_child: false, em_datatype: 23} = {
                      em_expr = Var {varno: 6, varattno: 1, vartype: 23, vartypmod: -1, varcollid: 0, varlevelsup: 0, varnoold: 6, varoattno: 1, location: 504}
                    }
                  },
                  2 = RestrictInfo {is_pushed_down: true, outerjoin_delayed: false, can_join: true, pseudoconstant: false, leakproof: false, security_level: 0, contain_outer_query_references: false, clause_relids: (b 3 6), required_relids: (b 3 6), outer_relids: (b), nullable_relids: (b), left_relids: (b 3), right_relids: (b 6), eval_cost: (0.00..0.00), norm_selec: 0.0010, outer_selec: 0.0010, outer_is_left: false, hashjoinoperator: 96, left_bucketsize: 0.1000, right_bucketsize: 0.1000, left_mcvfreq: 0.0000, right_mcvfreq: 0.0000} = {
                    clause = OpExpr {opno: 96, opfuncid: 65, opresulttype: 16, opretset: false, opcollid: 0, inputcollid: 0, location: -1} = {
                      args = List with 2 elements = {
                        0 = Var {varno: 3, varattno: 1, vartype: 23, vartypmod: -1, varcollid: 0, varlevelsup: 0, varnoold: 3, varoattno: 1, location: 175},
                        1 = Var {varno: 6, varattno: 1, vartype: 23, vartypmod: -1, varcollid: 0, varlevelsup: 0, varnoold: 6, varoattno: 1, location: 504}
                      }
                    },
                    mergeopfamilies = OidList with 1 elements = {1976},
                    left_em = EquivalenceMember {em_relids: (b 3), em_nullable_relids: (b), em_is_const: false, em_is_child: false, em_datatype: 23} = {
                      em_expr = Var {varno: 3, varattno: 1, vartype: 23, vartypmod: -1, varcollid: 0, varlevelsup: 0, varnoold: 3, varoattno: 1, location: 175}
                    },
                    right_em = EquivalenceMember {em_relids: (b 6), em_nullable_relids: (b), em_is_const: false, em_is_child: false, em_datatype: 23} = {
                      em_expr = Var {varno: 6, varattno: 1, vartype: 23, vartypmod: -1, varcollid: 0, varlevelsup: 0, varnoold: 6, varoattno: 1, location: 504}
                    }
                  },
                  3 = RestrictInfo {is_pushed_down: true, outerjoin_delayed: false, can_join: true, pseudoconstant: false, leakproof: false, security_level: 0, contain_outer_query_references: false, clause_relids: (b 1 3), required_relids: (b 1 3), outer_relids: (b), nullable_relids: (b), left_relids: (b 3), right_relids: (b 1), eval_cost: (0.00..0.00), norm_selec: 0.0010, outer_selec: -1.0000, outer_is_left: false, hashjoinoperator: 96, left_bucketsize: 0.1000, right_bucketsize: 0.1000, left_mcvfreq: 0.0000, right_mcvfreq: 0.0000} = {
                    clause = OpExpr {opno: 96, opfuncid: 65, opresulttype: 16, opretset: false, opcollid: 0, inputcollid: 0, location: -1} = {
                      args = List with 2 elements = {
                        0 = Var {varno: 3, varattno: 1, vartype: 23, vartypmod: -1, varcollid: 0, varlevelsup: 0, varnoold: 3, varoattno: 1, location: 175},
                        1 = Var {varno: 1, varattno: 1, vartype: 23, vartypmod: -1, varcollid: 0, varlevelsup: 0, varnoold: 1, varoattno: 1, location: 163}
                      }
                    },
                    mergeopfamilies = OidList with 1 elements = {1976},
                    left_em = EquivalenceMember {em_relids: (b 3), em_nullable_relids: (b), em_is_const: false, em_is_child: false, em_datatype: 23} = {
                      em_expr = Var {varno: 3, varattno: 1, vartype: 23, vartypmod: -1, varcollid: 0, varlevelsup: 0, varnoold: 3, varoattno: 1, location: 175}
                    },
                    right_em = EquivalenceMember {em_relids: (b 1), em_nullable_relids: (b), em_is_const: false, em_is_child: false, em_datatype: 23} = {
                      em_expr = Var {varno: 1, varattno: 1, vartype: 23, vartypmod: -1, varcollid: 0, varlevelsup: 0, varnoold: 1, varoattno: 1, location: 163}
                    }
                  }
                }
              }
            }
          },
          subpath = ProjectionPath T_Result (cost=631.51..695.93 rows=3 memo=0.00 parallel_aware=False parallel_safe=False parallel_workers=0 motionHazard=False rescannable=False sameslice_relids=(b)) dummypp: true = {
            path.parent = (b 1 2 3 4 5 6),
            path.pathtarget = PathTarget {cost: (0.00..0.00), width: 716} = {
              sortgrouprefs = [1, 3, 2, 4, 0, 0, 0, 0],
              exprs = List with 8 elements = {
                0 = Var {varno: 2, varattno: 6, vartype: 1700, vartypmod: 983046, varcollid: 0, varlevelsup: 0, varnoold: 2, varoattno: 6, location: 9},
                1 = Var {varno: 2, varattno: 2, vartype: 1042, vartypmod: 29, varcollid: 100, varlevelsup: 0, varnoold: 2, varoattno: 2, location: 22},
                2 = Var {varno: 4, varattno: 2, vartype: 1042, vartypmod: 29, varcollid: 100, varlevelsup: 0, varnoold: 4, varoattno: 2, location: 32},
                3 = Var {varno: 1, varattno: 1, vartype: 23, vartypmod: -1, varcollid: 0, varlevelsup: 0, varnoold: 1, varoattno: 1, location: 42},
                4 = Var {varno: 1, varattno: 3, vartype: 1042, vartypmod: 29, varcollid: 100, varlevelsup: 0, varnoold: 1, varoattno: 3, location: 55},
                5 = Var {varno: 2, varattno: 3, vartype: 1043, vartypmod: 44, varcollid: 100, varlevelsup: 0, varnoold: 2, varoattno: 3, location: 65},
                6 = Var {varno: 2, varattno: 5, vartype: 1042, vartypmod: 19, varcollid: 100, varlevelsup: 0, varnoold: 2, varoattno: 5, location: 78},
                7 = Var {varno: 2, varattno: 7, vartype: 1043, vartypmod: 105, varcollid: 100, varlevelsup: 0, varnoold: 2, varoattno: 7, location: 89}
              }
            },
            path.locus.distkey = List with 1 elements = {
              0 = DistributionKey dk_opfamily: 1977 = {
                dk_eclasses = List with 1 elements = {
                  0 = EquivalenceClass {ec_collation: 0, ec_relids: (b 1 3 6), ec_has_const: false, ec_has_volatile: false, ec_broken: false, ec_sortref: 0, ec_min_security: 0, ec_max_security: 0} = {
                    ec_opfamilies = OidList with 1 elements = {1976},
                    ec_members = List with 3 elements = {
                      0 = EquivalenceMember {em_relids: (b 1), em_nullable_relids: (b), em_is_const: false, em_is_child: false, em_datatype: 23} = {
                        em_expr = Var {varno: 1, varattno: 1, vartype: 23, vartypmod: -1, varcollid: 0, varlevelsup: 0, varnoold: 1, varoattno: 1, location: 163}
                      },
                      1 = EquivalenceMember {em_relids: (b 3), em_nullable_relids: (b), em_is_const: false, em_is_child: false, em_datatype: 23} = {
                        em_expr = Var {varno: 3, varattno: 1, vartype: 23, vartypmod: -1, varcollid: 0, varlevelsup: 0, varnoold: 3, varoattno: 1, location: 175}
                      },
                      2 = EquivalenceMember {em_relids: (b 6), em_nullable_relids: (b), em_is_const: false, em_is_child: false, em_datatype: 23} = {
                        em_expr = Var {varno: 6, varattno: 1, vartype: 23, vartypmod: -1, varcollid: 0, varlevelsup: 0, varnoold: 6, varoattno: 1, location: 504}
                      }
                    },
                    ec_sources = List with 2 elements = {
                      0 = RestrictInfo {is_pushed_down: true, outerjoin_delayed: false, can_join: true, pseudoconstant: false, leakproof: false, security_level: 0, contain_outer_query_references: false, clause_relids: (b 1 3), required_relids: (b 1 3), outer_relids: (b), nullable_relids: (b), left_relids: (b 1), right_relids: (b 3), eval_cost: (-1.00..0.00), norm_selec: -1.0000, outer_selec: -1.0000, outer_is_left: false, hashjoinoperator: 0, left_bucketsize: -1.0000, right_bucketsize: -1.0000, left_mcvfreq: -1.0000, right_mcvfreq: -1.0000} = {
                        clause = OpExpr {opno: 96, opfuncid: 65, opresulttype: 16, opretset: false, opcollid: 0, inputcollid: 0, location: 173} = {
                          args = List with 2 elements = {
                            0 = Var {varno: 1, varattno: 1, vartype: 23, vartypmod: -1, varcollid: 0, varlevelsup: 0, varnoold: 1, varoattno: 1, location: 163},
                            1 = Var {varno: 3, varattno: 1, vartype: 23, vartypmod: -1, varcollid: 0, varlevelsup: 0, varnoold: 3, varoattno: 1, location: 175}
                          }
                        },
                        mergeopfamilies = OidList with 1 elements = {1976},
                        left_em = EquivalenceMember {em_relids: (b 1), em_nullable_relids: (b), em_is_const: false, em_is_child: false, em_datatype: 23} = {
                          em_expr = Var {varno: 1, varattno: 1, vartype: 23, vartypmod: -1, varcollid: 0, varlevelsup: 0, varnoold: 1, varoattno: 1, location: 163}
                        },
                        right_em = EquivalenceMember {em_relids: (b 3), em_nullable_relids: (b), em_is_const: false, em_is_child: false, em_datatype: 23} = {
                          em_expr = Var {varno: 3, varattno: 1, vartype: 23, vartypmod: -1, varcollid: 0, varlevelsup: 0, varnoold: 3, varoattno: 1, location: 175}
                        }
                      },
                      1 = RestrictInfo {is_pushed_down: true, outerjoin_delayed: false, can_join: true, pseudoconstant: false, leakproof: false, security_level: 0, contain_outer_query_references: false, clause_relids: (b 1 6), required_relids: (b 1 6), outer_relids: (b), nullable_relids: (b), left_relids: (b 1), right_relids: (b 6), eval_cost: (-1.00..0.00), norm_selec: -1.0000, outer_selec: -1.0000, outer_is_left: false, hashjoinoperator: 0, left_bucketsize: -1.0000, right_bucketsize: -1.0000, left_mcvfreq: -1.0000, right_mcvfreq: -1.0000} = {
                        clause = OpExpr {opno: 96, opfuncid: 65, opresulttype: 16, opretset: false, opcollid: 0, inputcollid: 0, location: 502} = {
                          args = List with 2 elements = {
                            0 = Var {varno: 1, varattno: 1, vartype: 23, vartypmod: -1, varcollid: 0, varlevelsup: 0, varnoold: 1, varoattno: 1, location: 492},
                            1 = Var {varno: 6, varattno: 1, vartype: 23, vartypmod: -1, varcollid: 0, varlevelsup: 0, varnoold: 6, varoattno: 1, location: 504}
                          }
                        },
                        mergeopfamilies = OidList with 1 elements = {1976},
                        left_em = EquivalenceMember {em_relids: (b 1), em_nullable_relids: (b), em_is_const: false, em_is_child: false, em_datatype: 23} = {
                          em_expr = Var {varno: 1, varattno: 1, vartype: 23, vartypmod: -1, varcollid: 0, varlevelsup: 0, varnoold: 1, varoattno: 1, location: 163}
                        },
                        right_em = EquivalenceMember {em_relids: (b 6), em_nullable_relids: (b), em_is_const: false, em_is_child: false, em_datatype: 23} = {
                          em_expr = Var {varno: 6, varattno: 1, vartype: 23, vartypmod: -1, varcollid: 0, varlevelsup: 0, varnoold: 6, varoattno: 1, location: 504}
                        }
                      }
                    },
                    ec_derives = List with 4 elements = {
                      0 = RestrictInfo {is_pushed_down: true, outerjoin_delayed: false, can_join: true, pseudoconstant: false, leakproof: false, security_level: 0, contain_outer_query_references: false, clause_relids: (b 1 3), required_relids: (b 1 3), outer_relids: (b), nullable_relids: (b), left_relids: (b 1), right_relids: (b 3), eval_cost: (0.00..0.00), norm_selec: 0.0010, outer_selec: -1.0000, outer_is_left: false, hashjoinoperator: 96, left_bucketsize: 0.1000, right_bucketsize: 0.1000, left_mcvfreq: 0.0000, right_mcvfreq: 0.0000} = {
                        clause = OpExpr {opno: 96, opfuncid: 65, opresulttype: 16, opretset: false, opcollid: 0, inputcollid: 0, location: -1} = {
                          args = List with 2 elements = {
                            0 = Var {varno: 1, varattno: 1, vartype: 23, vartypmod: -1, varcollid: 0, varlevelsup: 0, varnoold: 1, varoattno: 1, location: 163},
                            1 = Var {varno: 3, varattno: 1, vartype: 23, vartypmod: -1, varcollid: 0, varlevelsup: 0, varnoold: 3, varoattno: 1, location: 175}
                          }
                        },
                        mergeopfamilies = OidList with 1 elements = {1976},
                        left_em = EquivalenceMember {em_relids: (b 1), em_nullable_relids: (b), em_is_const: false, em_is_child: false, em_datatype: 23} = {
                          em_expr = Var {varno: 1, varattno: 1, vartype: 23, vartypmod: -1, varcollid: 0, varlevelsup: 0, varnoold: 1, varoattno: 1, location: 163}
                        },
                        right_em = EquivalenceMember {em_relids: (b 3), em_nullable_relids: (b), em_is_const: false, em_is_child: false, em_datatype: 23} = {
                          em_expr = Var {varno: 3, varattno: 1, vartype: 23, vartypmod: -1, varcollid: 0, varlevelsup: 0, varnoold: 3, varoattno: 1, location: 175}
                        }
                      },
                      1 = RestrictInfo {is_pushed_down: true, outerjoin_delayed: false, can_join: true, pseudoconstant: false, leakproof: false, security_level: 0, contain_outer_query_references: false, clause_relids: (b 1 6), required_relids: (b 1 6), outer_relids: (b), nullable_relids: (b), left_relids: (b 1), right_relids: (b 6), eval_cost: (0.00..0.00), norm_selec: 0.0010, outer_selec: 0.0010, outer_is_left: true, hashjoinoperator: 96, left_bucketsize: 0.1000, right_bucketsize: 0.1000, left_mcvfreq: 0.0000, right_mcvfreq: 0.0000} = {
                        clause = OpExpr {opno: 96, opfuncid: 65, opresulttype: 16, opretset: false, opcollid: 0, inputcollid: 0, location: -1} = {
                          args = List with 2 elements = {
                            0 = Var {varno: 1, varattno: 1, vartype: 23, vartypmod: -1, varcollid: 0, varlevelsup: 0, varnoold: 1, varoattno: 1, location: 163},
                            1 = Var {varno: 6, varattno: 1, vartype: 23, vartypmod: -1, varcollid: 0, varlevelsup: 0, varnoold: 6, varoattno: 1, location: 504}
                          }
                        },
                        mergeopfamilies = OidList with 1 elements = {1976},
                        left_em = EquivalenceMember {em_relids: (b 1), em_nullable_relids: (b), em_is_const: false, em_is_child: false, em_datatype: 23} = {
                          em_expr = Var {varno: 1, varattno: 1, vartype: 23, vartypmod: -1, varcollid: 0, varlevelsup: 0, varnoold: 1, varoattno: 1, location: 163}
                        },
                        right_em = EquivalenceMember {em_relids: (b 6), em_nullable_relids: (b), em_is_const: false, em_is_child: false, em_datatype: 23} = {
                          em_expr = Var {varno: 6, varattno: 1, vartype: 23, vartypmod: -1, varcollid: 0, varlevelsup: 0, varnoold: 6, varoattno: 1, location: 504}
                        }
                      },
                      2 = RestrictInfo {is_pushed_down: true, outerjoin_delayed: false, can_join: true, pseudoconstant: false, leakproof: false, security_level: 0, contain_outer_query_references: false, clause_relids: (b 3 6), required_relids: (b 3 6), outer_relids: (b), nullable_relids: (b), left_relids: (b 3), right_relids: (b 6), eval_cost: (0.00..0.00), norm_selec: 0.0010, outer_selec: 0.0010, outer_is_left: false, hashjoinoperator: 96, left_bucketsize: 0.1000, right_bucketsize: 0.1000, left_mcvfreq: 0.0000, right_mcvfreq: 0.0000} = {
                        clause = OpExpr {opno: 96, opfuncid: 65, opresulttype: 16, opretset: false, opcollid: 0, inputcollid: 0, location: -1} = {
                          args = List with 2 elements = {
                            0 = Var {varno: 3, varattno: 1, vartype: 23, vartypmod: -1, varcollid: 0, varlevelsup: 0, varnoold: 3, varoattno: 1, location: 175},
                            1 = Var {varno: 6, varattno: 1, vartype: 23, vartypmod: -1, varcollid: 0, varlevelsup: 0, varnoold: 6, varoattno: 1, location: 504}
                          }
                        },
                        mergeopfamilies = OidList with 1 elements = {1976},
                        left_em = EquivalenceMember {em_relids: (b 3), em_nullable_relids: (b), em_is_const: false, em_is_child: false, em_datatype: 23} = {
                          em_expr = Var {varno: 3, varattno: 1, vartype: 23, vartypmod: -1, varcollid: 0, varlevelsup: 0, varnoold: 3, varoattno: 1, location: 175}
                        },
                        right_em = EquivalenceMember {em_relids: (b 6), em_nullable_relids: (b), em_is_const: false, em_is_child: false, em_datatype: 23} = {
                          em_expr = Var {varno: 6, varattno: 1, vartype: 23, vartypmod: -1, varcollid: 0, varlevelsup: 0, varnoold: 6, varoattno: 1, location: 504}
                        }
                      },
                      3 = RestrictInfo {is_pushed_down: true, outerjoin_delayed: false, can_join: true, pseudoconstant: false, leakproof: false, security_level: 0, contain_outer_query_references: false, clause_relids: (b 1 3), required_relids: (b 1 3), outer_relids: (b), nullable_relids: (b), left_relids: (b 3), right_relids: (b 1), eval_cost: (0.00..0.00), norm_selec: 0.0010, outer_selec: -1.0000, outer_is_left: false, hashjoinoperator: 96, left_bucketsize: 0.1000, right_bucketsize: 0.1000, left_mcvfreq: 0.0000, right_mcvfreq: 0.0000} = {
                        clause = OpExpr {opno: 96, opfuncid: 65, opresulttype: 16, opretset: false, opcollid: 0, inputcollid: 0, location: -1} = {
                          args = List with 2 elements = {
                            0 = Var {varno: 3, varattno: 1, vartype: 23, vartypmod: -1, varcollid: 0, varlevelsup: 0, varnoold: 3, varoattno: 1, location: 175},
                            1 = Var {varno: 1, varattno: 1, vartype: 23, vartypmod: -1, varcollid: 0, varlevelsup: 0, varnoold: 1, varoattno: 1, location: 163}
                          }
                        },
                        mergeopfamilies = OidList with 1 elements = {1976},
                        left_em = EquivalenceMember {em_relids: (b 3), em_nullable_relids: (b), em_is_const: false, em_is_child: false, em_datatype: 23} = {
                          em_expr = Var {varno: 3, varattno: 1, vartype: 23, vartypmod: -1, varcollid: 0, varlevelsup: 0, varnoold: 3, varoattno: 1, location: 175}
                        },
                        right_em = EquivalenceMember {em_relids: (b 1), em_nullable_relids: (b), em_is_const: false, em_is_child: false, em_datatype: 23} = {
                          em_expr = Var {varno: 1, varattno: 1, vartype: 23, vartypmod: -1, varcollid: 0, varlevelsup: 0, varnoold: 1, varoattno: 1, location: 163}
                        }
                      }
                    }
                  }
                }
              }
            },
            subpath = HashPath T_HashJoin (cost=631.51..695.93 rows=3 memo=0.00 parallel_aware=False parallel_safe=False parallel_workers=0 motionHazard=True rescannable=False sameslice_relids=(b)) {num_batches: 1, inner_rows_total: 333.33333333333331} = {
              jpath.path.parent = (b 1 2 3 4 5 6),
              jpath.path.pathtarget = PathTarget {cost: (0.00..0.00), width: 716} = {
                exprs = List with 8 elements = {
                  0 = Var {varno: 1, varattno: 1, vartype: 23, vartypmod: -1, varcollid: 0, varlevelsup: 0, varnoold: 1, varoattno: 1, location: 42},
                  1 = Var {varno: 1, varattno: 3, vartype: 1042, vartypmod: 29, varcollid: 100, varlevelsup: 0, varnoold: 1, varoattno: 3, location: 55},
                  2 = Var {varno: 2, varattno: 6, vartype: 1700, vartypmod: 983046, varcollid: 0, varlevelsup: 0, varnoold: 2, varoattno: 6, location: 9},
                  3 = Var {varno: 2, varattno: 2, vartype: 1042, vartypmod: 29, varcollid: 100, varlevelsup: 0, varnoold: 2, varoattno: 2, location: 22},
                  4 = Var {varno: 2, varattno: 3, vartype: 1043, vartypmod: 44, varcollid: 100, varlevelsup: 0, varnoold: 2, varoattno: 3, location: 65},
                  5 = Var {varno: 2, varattno: 5, vartype: 1042, vartypmod: 19, varcollid: 100, varlevelsup: 0, varnoold: 2, varoattno: 5, location: 78},
                  6 = Var {varno: 2, varattno: 7, vartype: 1043, vartypmod: 105, varcollid: 100, varlevelsup: 0, varnoold: 2, varoattno: 7, location: 89},
                  7 = Var {varno: 4, varattno: 2, vartype: 1042, vartypmod: 29, varcollid: 100, varlevelsup: 0, varnoold: 4, varoattno: 2, location: 32}
                }
              },
              jpath.path.locus.distkey = List with 1 elements = {
                0 = DistributionKey dk_opfamily: 1977 = {
                  dk_eclasses = List with 1 elements = {
                    0 = EquivalenceClass {ec_collation: 0, ec_relids: (b 1 3 6), ec_has_const: false, ec_has_volatile: false, ec_broken: false, ec_sortref: 0, ec_min_security: 0, ec_max_security: 0} = {
                      ec_opfamilies = OidList with 1 elements = {1976},
                      ec_members = List with 3 elements = {
                        0 = EquivalenceMember {em_relids: (b 1), em_nullable_relids: (b), em_is_const: false, em_is_child: false, em_datatype: 23} = {
                          em_expr = Var {varno: 1, varattno: 1, vartype: 23, vartypmod: -1, varcollid: 0, varlevelsup: 0, varnoold: 1, varoattno: 1, location: 163}
                        },
                        1 = EquivalenceMember {em_relids: (b 3), em_nullable_relids: (b), em_is_const: false, em_is_child: false, em_datatype: 23} = {
                          em_expr = Var {varno: 3, varattno: 1, vartype: 23, vartypmod: -1, varcollid: 0, varlevelsup: 0, varnoold: 3, varoattno: 1, location: 175}
                        },
                        2 = EquivalenceMember {em_relids: (b 6), em_nullable_relids: (b), em_is_const: false, em_is_child: false, em_datatype: 23} = {
                          em_expr = Var {varno: 6, varattno: 1, vartype: 23, vartypmod: -1, varcollid: 0, varlevelsup: 0, varnoold: 6, varoattno: 1, location: 504}
                        }
                      },
                      ec_sources = List with 2 elements = {
                        0 = RestrictInfo {is_pushed_down: true, outerjoin_delayed: false, can_join: true, pseudoconstant: false, leakproof: false, security_level: 0, contain_outer_query_references: false, clause_relids: (b 1 3), required_relids: (b 1 3), outer_relids: (b), nullable_relids: (b), left_relids: (b 1), right_relids: (b 3), eval_cost: (-1.00..0.00), norm_selec: -1.0000, outer_selec: -1.0000, outer_is_left: false, hashjoinoperator: 0, left_bucketsize: -1.0000, right_bucketsize: -1.0000, left_mcvfreq: -1.0000, right_mcvfreq: -1.0000} = {
                          clause = OpExpr {opno: 96, opfuncid: 65, opresulttype: 16, opretset: false, opcollid: 0, inputcollid: 0, location: 173} = {
                            args = List with 2 elements = {
                              0 = Var {varno: 1, varattno: 1, vartype: 23, vartypmod: -1, varcollid: 0, varlevelsup: 0, varnoold: 1, varoattno: 1, location: 163},
                              1 = Var {varno: 3, varattno: 1, vartype: 23, vartypmod: -1, varcollid: 0, varlevelsup: 0, varnoold: 3, varoattno: 1, location: 175}
                            }
                          },
                          mergeopfamilies = OidList with 1 elements = {1976},
                          left_em = EquivalenceMember {em_relids: (b 1), em_nullable_relids: (b), em_is_const: false, em_is_child: false, em_datatype: 23} = {
                            em_expr = Var {varno: 1, varattno: 1, vartype: 23, vartypmod: -1, varcollid: 0, varlevelsup: 0, varnoold: 1, varoattno: 1, location: 163}
                          },
                          right_em = EquivalenceMember {em_relids: (b 3), em_nullable_relids: (b), em_is_const: false, em_is_child: false, em_datatype: 23} = {
                            em_expr = Var {varno: 3, varattno: 1, vartype: 23, vartypmod: -1, varcollid: 0, varlevelsup: 0, varnoold: 3, varoattno: 1, location: 175}
                          }
                        },
                        1 = RestrictInfo {is_pushed_down: true, outerjoin_delayed: false, can_join: true, pseudoconstant: false, leakproof: false, security_level: 0, contain_outer_query_references: false, clause_relids: (b 1 6), required_relids: (b 1 6), outer_relids: (b), nullable_relids: (b), left_relids: (b 1), right_relids: (b 6), eval_cost: (-1.00..0.00), norm_selec: -1.0000, outer_selec: -1.0000, outer_is_left: false, hashjoinoperator: 0, left_bucketsize: -1.0000, right_bucketsize: -1.0000, left_mcvfreq: -1.0000, right_mcvfreq: -1.0000} = {
                          clause = OpExpr {opno: 96, opfuncid: 65, opresulttype: 16, opretset: false, opcollid: 0, inputcollid: 0, location: 502} = {
                            args = List with 2 elements = {
                              0 = Var {varno: 1, varattno: 1, vartype: 23, vartypmod: -1, varcollid: 0, varlevelsup: 0, varnoold: 1, varoattno: 1, location: 492},
                              1 = Var {varno: 6, varattno: 1, vartype: 23, vartypmod: -1, varcollid: 0, varlevelsup: 0, varnoold: 6, varoattno: 1, location: 504}
                            }
                          },
                          mergeopfamilies = OidList with 1 elements = {1976},
                          left_em = EquivalenceMember {em_relids: (b 1), em_nullable_relids: (b), em_is_const: false, em_is_child: false, em_datatype: 23} = {
                            em_expr = Var {varno: 1, varattno: 1, vartype: 23, vartypmod: -1, varcollid: 0, varlevelsup: 0, varnoold: 1, varoattno: 1, location: 163}
                          },
                          right_em = EquivalenceMember {em_relids: (b 6), em_nullable_relids: (b), em_is_const: false, em_is_child: false, em_datatype: 23} = {
                            em_expr = Var {varno: 6, varattno: 1, vartype: 23, vartypmod: -1, varcollid: 0, varlevelsup: 0, varnoold: 6, varoattno: 1, location: 504}
                          }
                        }
                      },
                      ec_derives = List with 4 elements = {
                        0 = RestrictInfo {is_pushed_down: true, outerjoin_delayed: false, can_join: true, pseudoconstant: false, leakproof: false, security_level: 0, contain_outer_query_references: false, clause_relids: (b 1 3), required_relids: (b 1 3), outer_relids: (b), nullable_relids: (b), left_relids: (b 1), right_relids: (b 3), eval_cost: (0.00..0.00), norm_selec: 0.0010, outer_selec: -1.0000, outer_is_left: false, hashjoinoperator: 96, left_bucketsize: 0.1000, right_bucketsize: 0.1000, left_mcvfreq: 0.0000, right_mcvfreq: 0.0000} = {
                          clause = OpExpr {opno: 96, opfuncid: 65, opresulttype: 16, opretset: false, opcollid: 0, inputcollid: 0, location: -1} = {
                            args = List with 2 elements = {
                              0 = Var {varno: 1, varattno: 1, vartype: 23, vartypmod: -1, varcollid: 0, varlevelsup: 0, varnoold: 1, varoattno: 1, location: 163},
                              1 = Var {varno: 3, varattno: 1, vartype: 23, vartypmod: -1, varcollid: 0, varlevelsup: 0, varnoold: 3, varoattno: 1, location: 175}
                            }
                          },
                          mergeopfamilies = OidList with 1 elements = {1976},
                          left_em = EquivalenceMember {em_relids: (b 1), em_nullable_relids: (b), em_is_const: false, em_is_child: false, em_datatype: 23} = {
                            em_expr = Var {varno: 1, varattno: 1, vartype: 23, vartypmod: -1, varcollid: 0, varlevelsup: 0, varnoold: 1, varoattno: 1, location: 163}
                          },
                          right_em = EquivalenceMember {em_relids: (b 3), em_nullable_relids: (b), em_is_const: false, em_is_child: false, em_datatype: 23} = {
                            em_expr = Var {varno: 3, varattno: 1, vartype: 23, vartypmod: -1, varcollid: 0, varlevelsup: 0, varnoold: 3, varoattno: 1, location: 175}
                          }
                        },
                        1 = RestrictInfo {is_pushed_down: true, outerjoin_delayed: false, can_join: true, pseudoconstant: false, leakproof: false, security_level: 0, contain_outer_query_references: false, clause_relids: (b 1 6), required_relids: (b 1 6), outer_relids: (b), nullable_relids: (b), left_relids: (b 1), right_relids: (b 6), eval_cost: (0.00..0.00), norm_selec: 0.0010, outer_selec: 0.0010, outer_is_left: true, hashjoinoperator: 96, left_bucketsize: 0.1000, right_bucketsize: 0.1000, left_mcvfreq: 0.0000, right_mcvfreq: 0.0000} = {
                          clause = OpExpr {opno: 96, opfuncid: 65, opresulttype: 16, opretset: false, opcollid: 0, inputcollid: 0, location: -1} = {
                            args = List with 2 elements = {
                              0 = Var {varno: 1, varattno: 1, vartype: 23, vartypmod: -1, varcollid: 0, varlevelsup: 0, varnoold: 1, varoattno: 1, location: 163},
                              1 = Var {varno: 6, varattno: 1, vartype: 23, vartypmod: -1, varcollid: 0, varlevelsup: 0, varnoold: 6, varoattno: 1, location: 504}
                            }
                          },
                          mergeopfamilies = OidList with 1 elements = {1976},
                          left_em = EquivalenceMember {em_relids: (b 1), em_nullable_relids: (b), em_is_const: false, em_is_child: false, em_datatype: 23} = {
                            em_expr = Var {varno: 1, varattno: 1, vartype: 23, vartypmod: -1, varcollid: 0, varlevelsup: 0, varnoold: 1, varoattno: 1, location: 163}
                          },
                          right_em = EquivalenceMember {em_relids: (b 6), em_nullable_relids: (b), em_is_const: false, em_is_child: false, em_datatype: 23} = {
                            em_expr = Var {varno: 6, varattno: 1, vartype: 23, vartypmod: -1, varcollid: 0, varlevelsup: 0, varnoold: 6, varoattno: 1, location: 504}
                          }
                        },
                        2 = RestrictInfo {is_pushed_down: true, outerjoin_delayed: false, can_join: true, pseudoconstant: false, leakproof: false, security_level: 0, contain_outer_query_references: false, clause_relids: (b 3 6), required_relids: (b 3 6), outer_relids: (b), nullable_relids: (b), left_relids: (b 3), right_relids: (b 6), eval_cost: (0.00..0.00), norm_selec: 0.0010, outer_selec: 0.0010, outer_is_left: false, hashjoinoperator: 96, left_bucketsize: 0.1000, right_bucketsize: 0.1000, left_mcvfreq: 0.0000, right_mcvfreq: 0.0000} = {
                          clause = OpExpr {opno: 96, opfuncid: 65, opresulttype: 16, opretset: false, opcollid: 0, inputcollid: 0, location: -1} = {
                            args = List with 2 elements = {
                              0 = Var {varno: 3, varattno: 1, vartype: 23, vartypmod: -1, varcollid: 0, varlevelsup: 0, varnoold: 3, varoattno: 1, location: 175},
                              1 = Var {varno: 6, varattno: 1, vartype: 23, vartypmod: -1, varcollid: 0, varlevelsup: 0, varnoold: 6, varoattno: 1, location: 504}
                            }
                          },
                          mergeopfamilies = OidList with 1 elements = {1976},
                          left_em = EquivalenceMember {em_relids: (b 3), em_nullable_relids: (b), em_is_const: false, em_is_child: false, em_datatype: 23} = {
                            em_expr = Var {varno: 3, varattno: 1, vartype: 23, vartypmod: -1, varcollid: 0, varlevelsup: 0, varnoold: 3, varoattno: 1, location: 175}
                          },
                          right_em = EquivalenceMember {em_relids: (b 6), em_nullable_relids: (b), em_is_const: false, em_is_child: false, em_datatype: 23} = {
                            em_expr = Var {varno: 6, varattno: 1, vartype: 23, vartypmod: -1, varcollid: 0, varlevelsup: 0, varnoold: 6, varoattno: 1, location: 504}
                          }
                        },
                        3 = RestrictInfo {is_pushed_down: true, outerjoin_delayed: false, can_join: true, pseudoconstant: false, leakproof: false, security_level: 0, contain_outer_query_references: false, clause_relids: (b 1 3), required_relids: (b 1 3), outer_relids: (b), nullable_relids: (b), left_relids: (b 3), right_relids: (b 1), eval_cost: (0.00..0.00), norm_selec: 0.0010, outer_selec: -1.0000, outer_is_left: false, hashjoinoperator: 96, left_bucketsize: 0.1000, right_bucketsize: 0.1000, left_mcvfreq: 0.0000, right_mcvfreq: 0.0000} = {
                          clause = OpExpr {opno: 96, opfuncid: 65, opresulttype: 16, opretset: false, opcollid: 0, inputcollid: 0, location: -1} = {
                            args = List with 2 elements = {
                              0 = Var {varno: 3, varattno: 1, vartype: 23, vartypmod: -1, varcollid: 0, varlevelsup: 0, varnoold: 3, varoattno: 1, location: 175},
                              1 = Var {varno: 1, varattno: 1, vartype: 23, vartypmod: -1, varcollid: 0, varlevelsup: 0, varnoold: 1, varoattno: 1, location: 163}
                            }
                          },
                          mergeopfamilies = OidList with 1 elements = {1976},
                          left_em = EquivalenceMember {em_relids: (b 3), em_nullable_relids: (b), em_is_const: false, em_is_child: false, em_datatype: 23} = {
                            em_expr = Var {varno: 3, varattno: 1, vartype: 23, vartypmod: -1, varcollid: 0, varlevelsup: 0, varnoold: 3, varoattno: 1, location: 175}
                          },
                          right_em = EquivalenceMember {em_relids: (b 1), em_nullable_relids: (b), em_is_const: false, em_is_child: false, em_datatype: 23} = {
                            em_expr = Var {varno: 1, varattno: 1, vartype: 23, vartypmod: -1, varcollid: 0, varlevelsup: 0, varnoold: 1, varoattno: 1, location: 163}
                          }
                        }
                      }
                    }
                  }
                }
              },
              jpath.outerjoinpath = CdbMotionPath T_Motion (cost=254.37..318.74 rows=3 memo=0.00 parallel_aware=False parallel_safe=False parallel_workers=0 motionHazard=True rescannable=False sameslice_relids=(b)) is_explicit_motion: false = {
                path.parent = (b 1 2 3 4 5),
                path.pathtarget = PathTarget {cost: (0.00..0.00), width: 738} = {
                  exprs = List with 10 elements = {
                    0 = Var {varno: 1, varattno: 1, vartype: 23, vartypmod: -1, varcollid: 0, varlevelsup: 0, varnoold: 1, varoattno: 1, location: 42},
                    1 = Var {varno: 1, varattno: 3, vartype: 1042, vartypmod: 29, varcollid: 100, varlevelsup: 0, varnoold: 1, varoattno: 3, location: 55},
                    2 = Var {varno: 3, varattno: 1, vartype: 23, vartypmod: -1, varcollid: 0, varlevelsup: 0, varnoold: 3, varoattno: 1, location: 175},
                    3 = Var {varno: 3, varattno: 4, vartype: 1700, vartypmod: 983046, varcollid: 0, varlevelsup: 0, varnoold: 3, varoattno: 4, location: 354},
                    4 = Var {varno: 2, varattno: 6, vartype: 1700, vartypmod: 983046, varcollid: 0, varlevelsup: 0, varnoold: 2, varoattno: 6, location: 9},
                    5 = Var {varno: 2, varattno: 2, vartype: 1042, vartypmod: 29, varcollid: 100, varlevelsup: 0, varnoold: 2, varoattno: 2, location: 22},
                    6 = Var {varno: 2, varattno: 3, vartype: 1043, vartypmod: 44, varcollid: 100, varlevelsup: 0, varnoold: 2, varoattno: 3, location: 65},
                    7 = Var {varno: 2, varattno: 5, vartype: 1042, vartypmod: 19, varcollid: 100, varlevelsup: 0, varnoold: 2, varoattno: 5, location: 78},
                    8 = Var {varno: 2, varattno: 7, vartype: 1043, vartypmod: 105, varcollid: 100, varlevelsup: 0, varnoold: 2, varoattno: 7, location: 89},
                    9 = Var {varno: 4, varattno: 2, vartype: 1042, vartypmod: 29, varcollid: 100, varlevelsup: 0, varnoold: 4, varoattno: 2, location: 32}
                  }
                },
                path.locus.distkey = List with 1 elements = {
                  0 = DistributionKey dk_opfamily: 1977 = {
                    dk_eclasses = List with 1 elements = {
                      0 = EquivalenceClass {ec_collation: 0, ec_relids: (b 1 3 6), ec_has_const: false, ec_has_volatile: false, ec_broken: false, ec_sortref: 0, ec_min_security: 0, ec_max_security: 0} = {
                        ec_opfamilies = OidList with 1 elements = {1976},
                        ec_members = List with 3 elements = {
                          0 = EquivalenceMember {em_relids: (b 1), em_nullable_relids: (b), em_is_const: false, em_is_child: false, em_datatype: 23} = {
                            em_expr = Var {varno: 1, varattno: 1, vartype: 23, vartypmod: -1, varcollid: 0, varlevelsup: 0, varnoold: 1, varoattno: 1, location: 163}
                          },
                          1 = EquivalenceMember {em_relids: (b 3), em_nullable_relids: (b), em_is_const: false, em_is_child: false, em_datatype: 23} = {
                            em_expr = Var {varno: 3, varattno: 1, vartype: 23, vartypmod: -1, varcollid: 0, varlevelsup: 0, varnoold: 3, varoattno: 1, location: 175}
                          },
                          2 = EquivalenceMember {em_relids: (b 6), em_nullable_relids: (b), em_is_const: false, em_is_child: false, em_datatype: 23} = {
                            em_expr = Var {varno: 6, varattno: 1, vartype: 23, vartypmod: -1, varcollid: 0, varlevelsup: 0, varnoold: 6, varoattno: 1, location: 504}
                          }
                        },
                        ec_sources = List with 2 elements = {
                          0 = RestrictInfo {is_pushed_down: true, outerjoin_delayed: false, can_join: true, pseudoconstant: false, leakproof: false, security_level: 0, contain_outer_query_references: false, clause_relids: (b 1 3), required_relids: (b 1 3), outer_relids: (b), nullable_relids: (b), left_relids: (b 1), right_relids: (b 3), eval_cost: (-1.00..0.00), norm_selec: -1.0000, outer_selec: -1.0000, outer_is_left: false, hashjoinoperator: 0, left_bucketsize: -1.0000, right_bucketsize: -1.0000, left_mcvfreq: -1.0000, right_mcvfreq: -1.0000} = {
                            clause = OpExpr {opno: 96, opfuncid: 65, opresulttype: 16, opretset: false, opcollid: 0, inputcollid: 0, location: 173} = {
                              args = List with 2 elements = {
                                0 = Var {varno: 1, varattno: 1, vartype: 23, vartypmod: -1, varcollid: 0, varlevelsup: 0, varnoold: 1, varoattno: 1, location: 163},
                                1 = Var {varno: 3, varattno: 1, vartype: 23, vartypmod: -1, varcollid: 0, varlevelsup: 0, varnoold: 3, varoattno: 1, location: 175}
                              }
                            },
                            mergeopfamilies = OidList with 1 elements = {1976},
                            left_em = EquivalenceMember {em_relids: (b 1), em_nullable_relids: (b), em_is_const: false, em_is_child: false, em_datatype: 23} = {
                              em_expr = Var {varno: 1, varattno: 1, vartype: 23, vartypmod: -1, varcollid: 0, varlevelsup: 0, varnoold: 1, varoattno: 1, location: 163}
                            },
                            right_em = EquivalenceMember {em_relids: (b 3), em_nullable_relids: (b), em_is_const: false, em_is_child: false, em_datatype: 23} = {
                              em_expr = Var {varno: 3, varattno: 1, vartype: 23, vartypmod: -1, varcollid: 0, varlevelsup: 0, varnoold: 3, varoattno: 1, location: 175}
                            }
                          },
                          1 = RestrictInfo {is_pushed_down: true, outerjoin_delayed: false, can_join: true, pseudoconstant: false, leakproof: false, security_level: 0, contain_outer_query_references: false, clause_relids: (b 1 6), required_relids: (b 1 6), outer_relids: (b), nullable_relids: (b), left_relids: (b 1), right_relids: (b 6), eval_cost: (-1.00..0.00), norm_selec: -1.0000, outer_selec: -1.0000, outer_is_left: false, hashjoinoperator: 0, left_bucketsize: -1.0000, right_bucketsize: -1.0000, left_mcvfreq: -1.0000, right_mcvfreq: -1.0000} = {
                            clause = OpExpr {opno: 96, opfuncid: 65, opresulttype: 16, opretset: false, opcollid: 0, inputcollid: 0, location: 502} = {
                              args = List with 2 elements = {
                                0 = Var {varno: 1, varattno: 1, vartype: 23, vartypmod: -1, varcollid: 0, varlevelsup: 0, varnoold: 1, varoattno: 1, location: 492},
                                1 = Var {varno: 6, varattno: 1, vartype: 23, vartypmod: -1, varcollid: 0, varlevelsup: 0, varnoold: 6, varoattno: 1, location: 504}
                              }
                            },
                            mergeopfamilies = OidList with 1 elements = {1976},
                            left_em = EquivalenceMember {em_relids: (b 1), em_nullable_relids: (b), em_is_const: false, em_is_child: false, em_datatype: 23} = {
                              em_expr = Var {varno: 1, varattno: 1, vartype: 23, vartypmod: -1, varcollid: 0, varlevelsup: 0, varnoold: 1, varoattno: 1, location: 163}
                            },
                            right_em = EquivalenceMember {em_relids: (b 6), em_nullable_relids: (b), em_is_const: false, em_is_child: false, em_datatype: 23} = {
                              em_expr = Var {varno: 6, varattno: 1, vartype: 23, vartypmod: -1, varcollid: 0, varlevelsup: 0, varnoold: 6, varoattno: 1, location: 504}
                            }
                          }
                        },
                        ec_derives = List with 4 elements = {
                          0 = RestrictInfo {is_pushed_down: true, outerjoin_delayed: false, can_join: true, pseudoconstant: false, leakproof: false, security_level: 0, contain_outer_query_references: false, clause_relids: (b 1 3), required_relids: (b 1 3), outer_relids: (b), nullable_relids: (b), left_relids: (b 1), right_relids: (b 3), eval_cost: (0.00..0.00), norm_selec: 0.0010, outer_selec: -1.0000, outer_is_left: false, hashjoinoperator: 96, left_bucketsize: 0.1000, right_bucketsize: 0.1000, left_mcvfreq: 0.0000, right_mcvfreq: 0.0000} = {
                            clause = OpExpr {opno: 96, opfuncid: 65, opresulttype: 16, opretset: false, opcollid: 0, inputcollid: 0, location: -1} = {
                              args = List with 2 elements = {
                                0 = Var {varno: 1, varattno: 1, vartype: 23, vartypmod: -1, varcollid: 0, varlevelsup: 0, varnoold: 1, varoattno: 1, location: 163},
                                1 = Var {varno: 3, varattno: 1, vartype: 23, vartypmod: -1, varcollid: 0, varlevelsup: 0, varnoold: 3, varoattno: 1, location: 175}
                              }
                            },
                            mergeopfamilies = OidList with 1 elements = {1976},
                            left_em = EquivalenceMember {em_relids: (b 1), em_nullable_relids: (b), em_is_const: false, em_is_child: false, em_datatype: 23} = {
                              em_expr = Var {varno: 1, varattno: 1, vartype: 23, vartypmod: -1, varcollid: 0, varlevelsup: 0, varnoold: 1, varoattno: 1, location: 163}
                            },
                            right_em = EquivalenceMember {em_relids: (b 3), em_nullable_relids: (b), em_is_const: false, em_is_child: false, em_datatype: 23} = {
                              em_expr = Var {varno: 3, varattno: 1, vartype: 23, vartypmod: -1, varcollid: 0, varlevelsup: 0, varnoold: 3, varoattno: 1, location: 175}
                            }
                          },
                          1 = RestrictInfo {is_pushed_down: true, outerjoin_delayed: false, can_join: true, pseudoconstant: false, leakproof: false, security_level: 0, contain_outer_query_references: false, clause_relids: (b 1 6), required_relids: (b 1 6), outer_relids: (b), nullable_relids: (b), left_relids: (b 1), right_relids: (b 6), eval_cost: (0.00..0.00), norm_selec: 0.0010, outer_selec: 0.0010, outer_is_left: true, hashjoinoperator: 96, left_bucketsize: 0.1000, right_bucketsize: 0.1000, left_mcvfreq: 0.0000, right_mcvfreq: 0.0000} = {
                            clause = OpExpr {opno: 96, opfuncid: 65, opresulttype: 16, opretset: false, opcollid: 0, inputcollid: 0, location: -1} = {
                              args = List with 2 elements = {
                                0 = Var {varno: 1, varattno: 1, vartype: 23, vartypmod: -1, varcollid: 0, varlevelsup: 0, varnoold: 1, varoattno: 1, location: 163},
                                1 = Var {varno: 6, varattno: 1, vartype: 23, vartypmod: -1, varcollid: 0, varlevelsup: 0, varnoold: 6, varoattno: 1, location: 504}
                              }
                            },
                            mergeopfamilies = OidList with 1 elements = {1976},
                            left_em = EquivalenceMember {em_relids: (b 1), em_nullable_relids: (b), em_is_const: false, em_is_child: false, em_datatype: 23} = {
                              em_expr = Var {varno: 1, varattno: 1, vartype: 23, vartypmod: -1, varcollid: 0, varlevelsup: 0, varnoold: 1, varoattno: 1, location: 163}
                            },
                            right_em = EquivalenceMember {em_relids: (b 6), em_nullable_relids: (b), em_is_const: false, em_is_child: false, em_datatype: 23} = {
                              em_expr = Var {varno: 6, varattno: 1, vartype: 23, vartypmod: -1, varcollid: 0, varlevelsup: 0, varnoold: 6, varoattno: 1, location: 504}
                            }
                          },
                          2 = RestrictInfo {is_pushed_down: true, outerjoin_delayed: false, can_join: true, pseudoconstant: false, leakproof: false, security_level: 0, contain_outer_query_references: false, clause_relids: (b 3 6), required_relids: (b 3 6), outer_relids: (b), nullable_relids: (b), left_relids: (b 3), right_relids: (b 6), eval_cost: (0.00..0.00), norm_selec: 0.0010, outer_selec: 0.0010, outer_is_left: false, hashjoinoperator: 96, left_bucketsize: 0.1000, right_bucketsize: 0.1000, left_mcvfreq: 0.0000, right_mcvfreq: 0.0000} = {
                            clause = OpExpr {opno: 96, opfuncid: 65, opresulttype: 16, opretset: false, opcollid: 0, inputcollid: 0, location: -1} = {
                              args = List with 2 elements = {
                                0 = Var {varno: 3, varattno: 1, vartype: 23, vartypmod: -1, varcollid: 0, varlevelsup: 0, varnoold: 3, varoattno: 1, location: 175},
                                1 = Var {varno: 6, varattno: 1, vartype: 23, vartypmod: -1, varcollid: 0, varlevelsup: 0, varnoold: 6, varoattno: 1, location: 504}
                              }
                            },
                            mergeopfamilies = OidList with 1 elements = {1976},
                            left_em = EquivalenceMember {em_relids: (b 3), em_nullable_relids: (b), em_is_const: false, em_is_child: false, em_datatype: 23} = {
                              em_expr = Var {varno: 3, varattno: 1, vartype: 23, vartypmod: -1, varcollid: 0, varlevelsup: 0, varnoold: 3, varoattno: 1, location: 175}
                            },
                            right_em = EquivalenceMember {em_relids: (b 6), em_nullable_relids: (b), em_is_const: false, em_is_child: false, em_datatype: 23} = {
                              em_expr = Var {varno: 6, varattno: 1, vartype: 23, vartypmod: -1, varcollid: 0, varlevelsup: 0, varnoold: 6, varoattno: 1, location: 504}
                            }
                          },
                          3 = RestrictInfo {is_pushed_down: true, outerjoin_delayed: false, can_join: true, pseudoconstant: false, leakproof: false, security_level: 0, contain_outer_query_references: false, clause_relids: (b 1 3), required_relids: (b 1 3), outer_relids: (b), nullable_relids: (b), left_relids: (b 3), right_relids: (b 1), eval_cost: (0.00..0.00), norm_selec: 0.0010, outer_selec: -1.0000, outer_is_left: false, hashjoinoperator: 96, left_bucketsize: 0.1000, right_bucketsize: 0.1000, left_mcvfreq: 0.0000, right_mcvfreq: 0.0000} = {
                            clause = OpExpr {opno: 96, opfuncid: 65, opresulttype: 16, opretset: false, opcollid: 0, inputcollid: 0, location: -1} = {
                              args = List with 2 elements = {
                                0 = Var {varno: 3, varattno: 1, vartype: 23, vartypmod: -1, varcollid: 0, varlevelsup: 0, varnoold: 3, varoattno: 1, location: 175},
                                1 = Var {varno: 1, varattno: 1, vartype: 23, vartypmod: -1, varcollid: 0, varlevelsup: 0, varnoold: 1, varoattno: 1, location: 163}
                              }
                            },
                            mergeopfamilies = OidList with 1 elements = {1976},
                            left_em = EquivalenceMember {em_relids: (b 3), em_nullable_relids: (b), em_is_const: false, em_is_child: false, em_datatype: 23} = {
                              em_expr = Var {varno: 3, varattno: 1, vartype: 23, vartypmod: -1, varcollid: 0, varlevelsup: 0, varnoold: 3, varoattno: 1, location: 175}
                            },
                            right_em = EquivalenceMember {em_relids: (b 1), em_nullable_relids: (b), em_is_const: false, em_is_child: false, em_datatype: 23} = {
                              em_expr = Var {varno: 1, varattno: 1, vartype: 23, vartypmod: -1, varcollid: 0, varlevelsup: 0, varnoold: 1, varoattno: 1, location: 163}
                            }
                          }
                        }
                      }
                    }
                  }
                },
                subpath = HashPath T_HashJoin (cost=254.37..318.68 rows=3 memo=0.00 parallel_aware=False parallel_safe=False parallel_workers=0 motionHazard=True rescannable=False sameslice_relids=(b 2)) {num_batches: 1, inner_rows_total: 25.462638062050143} = {
                  jpath.path.parent = (b 1 2 3 4 5),
                  jpath.path.pathtarget = PathTarget {cost: (0.00..0.00), width: 738} = {
                    exprs = List with 10 elements = {
                      0 = Var {varno: 1, varattno: 1, vartype: 23, vartypmod: -1, varcollid: 0, varlevelsup: 0, varnoold: 1, varoattno: 1, location: 42},
                      1 = Var {varno: 1, varattno: 3, vartype: 1042, vartypmod: 29, varcollid: 100, varlevelsup: 0, varnoold: 1, varoattno: 3, location: 55},
                      2 = Var {varno: 3, varattno: 1, vartype: 23, vartypmod: -1, varcollid: 0, varlevelsup: 0, varnoold: 3, varoattno: 1, location: 175},
                      3 = Var {varno: 3, varattno: 4, vartype: 1700, vartypmod: 983046, varcollid: 0, varlevelsup: 0, varnoold: 3, varoattno: 4, location: 354},
                      4 = Var {varno: 2, varattno: 6, vartype: 1700, vartypmod: 983046, varcollid: 0, varlevelsup: 0, varnoold: 2, varoattno: 6, location: 9},
                      5 = Var {varno: 2, varattno: 2, vartype: 1042, vartypmod: 29, varcollid: 100, varlevelsup: 0, varnoold: 2, varoattno: 2, location: 22},
                      6 = Var {varno: 2, varattno: 3, vartype: 1043, vartypmod: 44, varcollid: 100, varlevelsup: 0, varnoold: 2, varoattno: 3, location: 65},
                      7 = Var {varno: 2, varattno: 5, vartype: 1042, vartypmod: 19, varcollid: 100, varlevelsup: 0, varnoold: 2, varoattno: 5, location: 78},
                      8 = Var {varno: 2, varattno: 7, vartype: 1043, vartypmod: 105, varcollid: 100, varlevelsup: 0, varnoold: 2, varoattno: 7, location: 89},
                      9 = Var {varno: 4, varattno: 2, vartype: 1042, vartypmod: 29, varcollid: 100, varlevelsup: 0, varnoold: 4, varoattno: 2, location: 32}
                    }
                  },
                  jpath.path.locus.distkey = List with 1 elements = {
                    0 = DistributionKey dk_opfamily: 1977 = {
                      dk_eclasses = List with 1 elements = {
                        0 = EquivalenceClass {ec_collation: 0, ec_relids: (b 2 3), ec_has_const: false, ec_has_volatile: false, ec_broken: false, ec_sortref: 0, ec_min_security: 0, ec_max_security: 0} = {
                          ec_opfamilies = OidList with 1 elements = {1976},
                          ec_members = List with 2 elements = {
                            0 = EquivalenceMember {em_relids: (b 2), em_nullable_relids: (b), em_is_const: false, em_is_child: false, em_datatype: 23} = {
                              em_expr = Var {varno: 2, varattno: 1, vartype: 23, vartypmod: -1, varcollid: 0, varlevelsup: 0, varnoold: 2, varoattno: 1, location: 192}
                            },
                            1 = EquivalenceMember {em_relids: (b 3), em_nullable_relids: (b), em_is_const: false, em_is_child: false, em_datatype: 23} = {
                              em_expr = Var {varno: 3, varattno: 2, vartype: 23, vartypmod: -1, varcollid: 0, varlevelsup: 0, varnoold: 3, varoattno: 2, location: 204}
                            }
                          },
                          ec_sources = List with 1 elements = {
                            0 = RestrictInfo {is_pushed_down: true, outerjoin_delayed: false, can_join: true, pseudoconstant: false, leakproof: false, security_level: 0, contain_outer_query_references: false, clause_relids: (b 2 3), required_relids: (b 2 3), outer_relids: (b), nullable_relids: (b), left_relids: (b 2), right_relids: (b 3), eval_cost: (-1.00..0.00), norm_selec: -1.0000, outer_selec: -1.0000, outer_is_left: false, hashjoinoperator: 0, left_bucketsize: -1.0000, right_bucketsize: -1.0000, left_mcvfreq: -1.0000, right_mcvfreq: -1.0000} = {
                              clause = OpExpr {opno: 96, opfuncid: 65, opresulttype: 16, opretset: false, opcollid: 0, inputcollid: 0, location: 202} = {
                                args = List with 2 elements = {
                                  0 = Var {varno: 2, varattno: 1, vartype: 23, vartypmod: -1, varcollid: 0, varlevelsup: 0, varnoold: 2, varoattno: 1, location: 192},
                                  1 = Var {varno: 3, varattno: 2, vartype: 23, vartypmod: -1, varcollid: 0, varlevelsup: 0, varnoold: 3, varoattno: 2, location: 204}
                                }
                              },
                              mergeopfamilies = OidList with 1 elements = {1976},
                              left_em = EquivalenceMember {em_relids: (b 2), em_nullable_relids: (b), em_is_const: false, em_is_child: false, em_datatype: 23} = {
                                em_expr = Var {varno: 2, varattno: 1, vartype: 23, vartypmod: -1, varcollid: 0, varlevelsup: 0, varnoold: 2, varoattno: 1, location: 192}
                              },
                              right_em = EquivalenceMember {em_relids: (b 3), em_nullable_relids: (b), em_is_const: false, em_is_child: false, em_datatype: 23} = {
                                em_expr = Var {varno: 3, varattno: 2, vartype: 23, vartypmod: -1, varcollid: 0, varlevelsup: 0, varnoold: 3, varoattno: 2, location: 204}
                              }
                            }
                          },
                          ec_derives = List with 2 elements = {
                            0 = RestrictInfo {is_pushed_down: true, outerjoin_delayed: false, can_join: true, pseudoconstant: false, leakproof: false, security_level: 0, contain_outer_query_references: false, clause_relids: (b 2 3), required_relids: (b 2 3), outer_relids: (b), nullable_relids: (b), left_relids: (b 2), right_relids: (b 3), eval_cost: (0.00..0.00), norm_selec: 0.0010, outer_selec: -1.0000, outer_is_left: false, hashjoinoperator: 96, left_bucketsize: 0.1000, right_bucketsize: 0.1000, left_mcvfreq: 0.0000, right_mcvfreq: 0.0000} = {
                              clause = OpExpr {opno: 96, opfuncid: 65, opresulttype: 16, opretset: false, opcollid: 0, inputcollid: 0, location: -1} = {
                                args = List with 2 elements = {
                                  0 = Var {varno: 2, varattno: 1, vartype: 23, vartypmod: -1, varcollid: 0, varlevelsup: 0, varnoold: 2, varoattno: 1, location: 192},
                                  1 = Var {varno: 3, varattno: 2, vartype: 23, vartypmod: -1, varcollid: 0, varlevelsup: 0, varnoold: 3, varoattno: 2, location: 204}
                                }
                              },
                              mergeopfamilies = OidList with 1 elements = {1976},
                              left_em = EquivalenceMember {em_relids: (b 2), em_nullable_relids: (b), em_is_const: false, em_is_child: false, em_datatype: 23} = {
                                em_expr = Var {varno: 2, varattno: 1, vartype: 23, vartypmod: -1, varcollid: 0, varlevelsup: 0, varnoold: 2, varoattno: 1, location: 192}
                              },
                              right_em = EquivalenceMember {em_relids: (b 3), em_nullable_relids: (b), em_is_const: false, em_is_child: false, em_datatype: 23} = {
                                em_expr = Var {varno: 3, varattno: 2, vartype: 23, vartypmod: -1, varcollid: 0, varlevelsup: 0, varnoold: 3, varoattno: 2, location: 204}
                              }
                            },
                            1 = RestrictInfo {is_pushed_down: true, outerjoin_delayed: false, can_join: true, pseudoconstant: false, leakproof: false, security_level: 0, contain_outer_query_references: false, clause_relids: (b 2 3), required_relids: (b 2 3), outer_relids: (b), nullable_relids: (b), left_relids: (b 3), right_relids: (b 2), eval_cost: (0.00..0.00), norm_selec: 0.0010, outer_selec: -1.0000, outer_is_left: false, hashjoinoperator: 96, left_bucketsize: 0.1000, right_bucketsize: 0.1000, left_mcvfreq: 0.0000, right_mcvfreq: 0.0000} = {
                              clause = OpExpr {opno: 96, opfuncid: 65, opresulttype: 16, opretset: false, opcollid: 0, inputcollid: 0, location: -1} = {
                                args = List with 2 elements = {
                                  0 = Var {varno: 3, varattno: 2, vartype: 23, vartypmod: -1, varcollid: 0, varlevelsup: 0, varnoold: 3, varoattno: 2, location: 204},
                                  1 = Var {varno: 2, varattno: 1, vartype: 23, vartypmod: -1, varcollid: 0, varlevelsup: 0, varnoold: 2, varoattno: 1, location: 192}
                                }
                              },
                              mergeopfamilies = OidList with 1 elements = {1976},
                              left_em = EquivalenceMember {em_relids: (b 3), em_nullable_relids: (b), em_is_const: false, em_is_child: false, em_datatype: 23} = {
                                em_expr = Var {varno: 3, varattno: 2, vartype: 23, vartypmod: -1, varcollid: 0, varlevelsup: 0, varnoold: 3, varoattno: 2, location: 204}
                              },
                              right_em = EquivalenceMember {em_relids: (b 2), em_nullable_relids: (b), em_is_const: false, em_is_child: false, em_datatype: 23} = {
                                em_expr = Var {varno: 2, varattno: 1, vartype: 23, vartypmod: -1, varcollid: 0, varlevelsup: 0, varnoold: 2, varoattno: 1, location: 192}
                              }
                            }
                          }
                        }
                      }
                    }
                  },
                  jpath.outerjoinpath = CdbMotionPath T_Motion (cost=63.77..127.76 rows=50 memo=0.00 parallel_aware=False parallel_safe=False parallel_workers=0 motionHazard=True rescannable=False sameslice_relids=(b)) is_explicit_motion: false = {
                    path.parent = (b 4 5),
                    path.pathtarget = PathTarget {cost: (0.00..0.00), width: 108} = {
                      exprs = List with 2 elements = {
                        0 = Var {varno: 4, varattno: 2, vartype: 1042, vartypmod: 29, varcollid: 100, varlevelsup: 0, varnoold: 4, varoattno: 2, location: 32},
                        1 = Var {varno: 4, varattno: 1, vartype: 23, vartypmod: -1, varcollid: 0, varlevelsup: 0, varnoold: 4, varoattno: 1, location: 280}
                      }
                    },
                    subpath = HashPath T_HashJoin (cost=63.77..127.10 rows=17 memo=0.00 parallel_aware=False parallel_safe=False parallel_workers=0 motionHazard=True rescannable=False sameslice_relids=(b 4)) {num_batches: 1, inner_rows_total: 7.0999999999999996} = {
                      jpath.path.parent = (b 4 5),
                      jpath.path.pathtarget = PathTarget {cost: (0.00..0.00), width: 108} = {
                        exprs = List with 2 elements = {
                          0 = Var {varno: 4, varattno: 2, vartype: 1042, vartypmod: 29, varcollid: 100, varlevelsup: 0, varnoold: 4, varoattno: 2, location: 32},
                          1 = Var {varno: 4, varattno: 1, vartype: 23, vartypmod: -1, varcollid: 0, varlevelsup: 0, varnoold: 4, varoattno: 1, location: 280}
                        }
                      },
                      jpath.path.locus.distkey = List with 1 elements = {
                        0 = DistributionKey dk_opfamily: 1977 = {
                          dk_eclasses = List with 1 elements = {
                            0 = EquivalenceClass {ec_collation: 0, ec_relids: (b 2 4), ec_has_const: false, ec_has_volatile: false, ec_broken: false, ec_sortref: 0, ec_min_security: 0, ec_max_security: 0} = {
                              ec_opfamilies = OidList with 1 elements = {1976},
                              ec_members = List with 2 elements = {
                                0 = EquivalenceMember {em_relids: (b 2), em_nullable_relids: (b), em_is_const: false, em_is_child: false, em_datatype: 23} = {
                                  em_expr = Var {varno: 2, varattno: 4, vartype: 23, vartypmod: -1, varcollid: 0, varlevelsup: 0, varnoold: 2, varoattno: 4, location: 266}
                                },
                                1 = EquivalenceMember {em_relids: (b 4), em_nullable_relids: (b), em_is_const: false, em_is_child: false, em_datatype: 23} = {
                                  em_expr = Var {varno: 4, varattno: 1, vartype: 23, vartypmod: -1, varcollid: 0, varlevelsup: 0, varnoold: 4, varoattno: 1, location: 280}
                                }
                              },
                              ec_sources = List with 1 elements = {
                                0 = RestrictInfo {is_pushed_down: true, outerjoin_delayed: false, can_join: true, pseudoconstant: false, leakproof: false, security_level: 0, contain_outer_query_references: false, clause_relids: (b 2 4), required_relids: (b 2 4), outer_relids: (b), nullable_relids: (b), left_relids: (b 2), right_relids: (b 4), eval_cost: (-1.00..0.00), norm_selec: -1.0000, outer_selec: -1.0000, outer_is_left: false, hashjoinoperator: 0, left_bucketsize: -1.0000, right_bucketsize: -1.0000, left_mcvfreq: -1.0000, right_mcvfreq: -1.0000} = {
                                  clause = OpExpr {opno: 96, opfuncid: 65, opresulttype: 16, opretset: false, opcollid: 0, inputcollid: 0, location: 278} = {
                                    args = List with 2 elements = {
                                      0 = Var {varno: 2, varattno: 4, vartype: 23, vartypmod: -1, varcollid: 0, varlevelsup: 0, varnoold: 2, varoattno: 4, location: 266},
                                      1 = Var {varno: 4, varattno: 1, vartype: 23, vartypmod: -1, varcollid: 0, varlevelsup: 0, varnoold: 4, varoattno: 1, location: 280}
                                    }
                                  },
                                  mergeopfamilies = OidList with 1 elements = {1976},
                                  left_em = EquivalenceMember {em_relids: (b 2), em_nullable_relids: (b), em_is_const: false, em_is_child: false, em_datatype: 23} = {
                                    em_expr = Var {varno: 2, varattno: 4, vartype: 23, vartypmod: -1, varcollid: 0, varlevelsup: 0, varnoold: 2, varoattno: 4, location: 266}
                                  },
                                  right_em = EquivalenceMember {em_relids: (b 4), em_nullable_relids: (b), em_is_const: false, em_is_child: false, em_datatype: 23} = {
                                    em_expr = Var {varno: 4, varattno: 1, vartype: 23, vartypmod: -1, varcollid: 0, varlevelsup: 0, varnoold: 4, varoattno: 1, location: 280}
                                  }
                                }
                              },
                              ec_derives = List with 2 elements = {
                                0 = RestrictInfo {is_pushed_down: true, outerjoin_delayed: false, can_join: true, pseudoconstant: false, leakproof: false, security_level: 0, contain_outer_query_references: false, clause_relids: (b 2 4), required_relids: (b 2 4), outer_relids: (b), nullable_relids: (b), left_relids: (b 2), right_relids: (b 4), eval_cost: (0.00..0.00), norm_selec: 0.0010, outer_selec: -1.0000, outer_is_left: false, hashjoinoperator: 96, left_bucketsize: 0.1000, right_bucketsize: 0.1000, left_mcvfreq: 0.0000, right_mcvfreq: 0.0000} = {
                                  clause = OpExpr {opno: 96, opfuncid: 65, opresulttype: 16, opretset: false, opcollid: 0, inputcollid: 0, location: -1} = {
                                    args = List with 2 elements = {
                                      0 = Var {varno: 2, varattno: 4, vartype: 23, vartypmod: -1, varcollid: 0, varlevelsup: 0, varnoold: 2, varoattno: 4, location: 266},
                                      1 = Var {varno: 4, varattno: 1, vartype: 23, vartypmod: -1, varcollid: 0, varlevelsup: 0, varnoold: 4, varoattno: 1, location: 280}
                                    }
                                  },
                                  mergeopfamilies = OidList with 1 elements = {1976},
                                  left_em = EquivalenceMember {em_relids: (b 2), em_nullable_relids: (b), em_is_const: false, em_is_child: false, em_datatype: 23} = {
                                    em_expr = Var {varno: 2, varattno: 4, vartype: 23, vartypmod: -1, varcollid: 0, varlevelsup: 0, varnoold: 2, varoattno: 4, location: 266}
                                  },
                                  right_em = EquivalenceMember {em_relids: (b 4), em_nullable_relids: (b), em_is_const: false, em_is_child: false, em_datatype: 23} = {
                                    em_expr = Var {varno: 4, varattno: 1, vartype: 23, vartypmod: -1, varcollid: 0, varlevelsup: 0, varnoold: 4, varoattno: 1, location: 280}
                                  }
                                },
                                1 = RestrictInfo {is_pushed_down: true, outerjoin_delayed: false, can_join: true, pseudoconstant: false, leakproof: false, security_level: 0, contain_outer_query_references: false, clause_relids: (b 2 4), required_relids: (b 2 4), outer_relids: (b), nullable_relids: (b), left_relids: (b 4), right_relids: (b 2), eval_cost: (0.00..0.00), norm_selec: 0.0010, outer_selec: -1.0000, outer_is_left: true, hashjoinoperator: 96, left_bucketsize: 0.1000, right_bucketsize: 0.1000, left_mcvfreq: 0.0000, right_mcvfreq: 0.0000} = {
                                  clause = OpExpr {opno: 96, opfuncid: 65, opresulttype: 16, opretset: false, opcollid: 0, inputcollid: 0, location: -1} = {
                                    args = List with 2 elements = {
                                      0 = Var {varno: 4, varattno: 1, vartype: 23, vartypmod: -1, varcollid: 0, varlevelsup: 0, varnoold: 4, varoattno: 1, location: 280},
                                      1 = Var {varno: 2, varattno: 4, vartype: 23, vartypmod: -1, varcollid: 0, varlevelsup: 0, varnoold: 2, varoattno: 4, location: 266}
                                    }
                                  },
                                  mergeopfamilies = OidList with 1 elements = {1976},
                                  left_em = EquivalenceMember {em_relids: (b 4), em_nullable_relids: (b), em_is_const: false, em_is_child: false, em_datatype: 23} = {
                                    em_expr = Var {varno: 4, varattno: 1, vartype: 23, vartypmod: -1, varcollid: 0, varlevelsup: 0, varnoold: 4, varoattno: 1, location: 280}
                                  },
                                  right_em = EquivalenceMember {em_relids: (b 2), em_nullable_relids: (b), em_is_const: false, em_is_child: false, em_datatype: 23} = {
                                    em_expr = Var {varno: 2, varattno: 4, vartype: 23, vartypmod: -1, varcollid: 0, varlevelsup: 0, varnoold: 2, varoattno: 4, location: 266}
                                  }
                                }
                              }
                            }
                          }
                        }
                      },
                      jpath.outerjoinpath = T_SeqScan (cost=0.00..57.33 rows=2333 memo=0.00 parallel_aware=False parallel_safe=False parallel_workers=0 motionHazard=False rescannable=True sameslice_relids=(b 4)) = {
                        parent = (b 4),
                        pathtarget = PathTarget {cost: (0.00..0.00), width: 112} = {
                          exprs = List with 3 elements = {
                            0 = Var {varno: 4, varattno: 2, vartype: 1042, vartypmod: 29, varcollid: 100, varlevelsup: 0, varnoold: 4, varoattno: 2, location: 32},
                            1 = Var {varno: 4, varattno: 1, vartype: 23, vartypmod: -1, varcollid: 0, varlevelsup: 0, varnoold: 4, varoattno: 1, location: 280},
                            2 = Var {varno: 4, varattno: 3, vartype: 23, vartypmod: -1, varcollid: 0, varlevelsup: 0, varnoold: 4, varoattno: 3, location: 298}
                          }
                        },
                        locus.distkey = List with 1 elements = {
                          0 = DistributionKey dk_opfamily: 1977 = {
                            dk_eclasses = List with 1 elements = {
                              0 = EquivalenceClass {ec_collation: 0, ec_relids: (b 2 4), ec_has_const: false, ec_has_volatile: false, ec_broken: false, ec_sortref: 0, ec_min_security: 0, ec_max_security: 0} = {
                                ec_opfamilies = OidList with 1 elements = {1976},
                                ec_members = List with 2 elements = {
                                  0 = EquivalenceMember {em_relids: (b 2), em_nullable_relids: (b), em_is_const: false, em_is_child: false, em_datatype: 23} = {
                                    em_expr = Var {varno: 2, varattno: 4, vartype: 23, vartypmod: -1, varcollid: 0, varlevelsup: 0, varnoold: 2, varoattno: 4, location: 266}
                                  },
                                  1 = EquivalenceMember {em_relids: (b 4), em_nullable_relids: (b), em_is_const: false, em_is_child: false, em_datatype: 23} = {
                                    em_expr = Var {varno: 4, varattno: 1, vartype: 23, vartypmod: -1, varcollid: 0, varlevelsup: 0, varnoold: 4, varoattno: 1, location: 280}
                                  }
                                },
                                ec_sources = List with 1 elements = {
                                  0 = RestrictInfo {is_pushed_down: true, outerjoin_delayed: false, can_join: true, pseudoconstant: false, leakproof: false, security_level: 0, contain_outer_query_references: false, clause_relids: (b 2 4), required_relids: (b 2 4), outer_relids: (b), nullable_relids: (b), left_relids: (b 2), right_relids: (b 4), eval_cost: (-1.00..0.00), norm_selec: -1.0000, outer_selec: -1.0000, outer_is_left: false, hashjoinoperator: 0, left_bucketsize: -1.0000, right_bucketsize: -1.0000, left_mcvfreq: -1.0000, right_mcvfreq: -1.0000} = {
                                    clause = OpExpr {opno: 96, opfuncid: 65, opresulttype: 16, opretset: false, opcollid: 0, inputcollid: 0, location: 278} = {
                                      args = List with 2 elements = {
                                        0 = Var {varno: 2, varattno: 4, vartype: 23, vartypmod: -1, varcollid: 0, varlevelsup: 0, varnoold: 2, varoattno: 4, location: 266},
                                        1 = Var {varno: 4, varattno: 1, vartype: 23, vartypmod: -1, varcollid: 0, varlevelsup: 0, varnoold: 4, varoattno: 1, location: 280}
                                      }
                                    },
                                    mergeopfamilies = OidList with 1 elements = {1976},
                                    left_em = EquivalenceMember {em_relids: (b 2), em_nullable_relids: (b), em_is_const: false, em_is_child: false, em_datatype: 23} = {
                                      em_expr = Var {varno: 2, varattno: 4, vartype: 23, vartypmod: -1, varcollid: 0, varlevelsup: 0, varnoold: 2, varoattno: 4, location: 266}
                                    },
                                    right_em = EquivalenceMember {em_relids: (b 4), em_nullable_relids: (b), em_is_const: false, em_is_child: false, em_datatype: 23} = {
                                      em_expr = Var {varno: 4, varattno: 1, vartype: 23, vartypmod: -1, varcollid: 0, varlevelsup: 0, varnoold: 4, varoattno: 1, location: 280}
                                    }
                                  }
                                },
                                ec_derives = List with 2 elements = {
                                  0 = RestrictInfo {is_pushed_down: true, outerjoin_delayed: false, can_join: true, pseudoconstant: false, leakproof: false, security_level: 0, contain_outer_query_references: false, clause_relids: (b 2 4), required_relids: (b 2 4), outer_relids: (b), nullable_relids: (b), left_relids: (b 2), right_relids: (b 4), eval_cost: (0.00..0.00), norm_selec: 0.0010, outer_selec: -1.0000, outer_is_left: false, hashjoinoperator: 96, left_bucketsize: 0.1000, right_bucketsize: 0.1000, left_mcvfreq: 0.0000, right_mcvfreq: 0.0000} = {
                                    clause = OpExpr {opno: 96, opfuncid: 65, opresulttype: 16, opretset: false, opcollid: 0, inputcollid: 0, location: -1} = {
                                      args = List with 2 elements = {
                                        0 = Var {varno: 2, varattno: 4, vartype: 23, vartypmod: -1, varcollid: 0, varlevelsup: 0, varnoold: 2, varoattno: 4, location: 266},
                                        1 = Var {varno: 4, varattno: 1, vartype: 23, vartypmod: -1, varcollid: 0, varlevelsup: 0, varnoold: 4, varoattno: 1, location: 280}
                                      }
                                    },
                                    mergeopfamilies = OidList with 1 elements = {1976},
                                    left_em = EquivalenceMember {em_relids: (b 2), em_nullable_relids: (b), em_is_const: false, em_is_child: false, em_datatype: 23} = {
                                      em_expr = Var {varno: 2, varattno: 4, vartype: 23, vartypmod: -1, varcollid: 0, varlevelsup: 0, varnoold: 2, varoattno: 4, location: 266}
                                    },
                                    right_em = EquivalenceMember {em_relids: (b 4), em_nullable_relids: (b), em_is_const: false, em_is_child: false, em_datatype: 23} = {
                                      em_expr = Var {varno: 4, varattno: 1, vartype: 23, vartypmod: -1, varcollid: 0, varlevelsup: 0, varnoold: 4, varoattno: 1, location: 280}
                                    }
                                  },
                                  1 = RestrictInfo {is_pushed_down: true, outerjoin_delayed: false, can_join: true, pseudoconstant: false, leakproof: false, security_level: 0, contain_outer_query_references: false, clause_relids: (b 2 4), required_relids: (b 2 4), outer_relids: (b), nullable_relids: (b), left_relids: (b 4), right_relids: (b 2), eval_cost: (0.00..0.00), norm_selec: 0.0010, outer_selec: -1.0000, outer_is_left: true, hashjoinoperator: 96, left_bucketsize: 0.1000, right_bucketsize: 0.1000, left_mcvfreq: 0.0000, right_mcvfreq: 0.0000} = {
                                    clause = OpExpr {opno: 96, opfuncid: 65, opresulttype: 16, opretset: false, opcollid: 0, inputcollid: 0, location: -1} = {
                                      args = List with 2 elements = {
                                        0 = Var {varno: 4, varattno: 1, vartype: 23, vartypmod: -1, varcollid: 0, varlevelsup: 0, varnoold: 4, varoattno: 1, location: 280},
                                        1 = Var {varno: 2, varattno: 4, vartype: 23, vartypmod: -1, varcollid: 0, varlevelsup: 0, varnoold: 2, varoattno: 4, location: 266}
                                      }
                                    },
                                    mergeopfamilies = OidList with 1 elements = {1976},
                                    left_em = EquivalenceMember {em_relids: (b 4), em_nullable_relids: (b), em_is_const: false, em_is_child: false, em_datatype: 23} = {
                                      em_expr = Var {varno: 4, varattno: 1, vartype: 23, vartypmod: -1, varcollid: 0, varlevelsup: 0, varnoold: 4, varoattno: 1, location: 280}
                                    },
                                    right_em = EquivalenceMember {em_relids: (b 2), em_nullable_relids: (b), em_is_const: false, em_is_child: false, em_datatype: 23} = {
                                      em_expr = Var {varno: 2, varattno: 4, vartype: 23, vartypmod: -1, varcollid: 0, varlevelsup: 0, varnoold: 2, varoattno: 4, location: 266}
                                    }
                                  }
                                }
                              }
                            }
                          }
                        }
                      },
                      jpath.innerjoinpath = CdbMotionPath T_Motion (cost=0.00..63.68 rows=7 memo=0.00 parallel_aware=False parallel_safe=False parallel_workers=0 motionHazard=True rescannable=False sameslice_relids=(b)) is_explicit_motion: false = {
                        path.parent = (b 5),
                        path.pathtarget = PathTarget {cost: (0.00..0.00), width: 4} = {
                          exprs = List with 1 elements = {
                            0 = Var {varno: 5, varattno: 1, vartype: 23, vartypmod: -1, varcollid: 0, varlevelsup: 0, varnoold: 5, varoattno: 1, location: 312}
                          }
                        },
                        subpath = T_SeqScan (cost=0.00..63.58 rows=2 memo=0.00 parallel_aware=False parallel_safe=False parallel_workers=0 motionHazard=False rescannable=True sameslice_relids=(b 5)) = {
                          parent = (b 5),
                          pathtarget = PathTarget {cost: (0.00..0.00), width: 4} = {
                            exprs = List with 1 elements = {
                              0 = Var {varno: 5, varattno: 1, vartype: 23, vartypmod: -1, varcollid: 0, varlevelsup: 0, varnoold: 5, varoattno: 1, location: 312}
                            }
                          },
                          locus.distkey = List with 1 elements = {
                            0 = DistributionKey dk_opfamily: 1977 = {
                              dk_eclasses = List with 1 elements = {
                                0 = EquivalenceClass {ec_collation: 0, ec_relids: (b 4 5), ec_has_const: false, ec_has_volatile: false, ec_broken: false, ec_sortref: 0, ec_min_security: 0, ec_max_security: 0} = {
                                  ec_opfamilies = OidList with 1 elements = {1976},
                                  ec_members = List with 2 elements = {
                                    0 = EquivalenceMember {em_relids: (b 4), em_nullable_relids: (b), em_is_const: false, em_is_child: false, em_datatype: 23} = {
                                      em_expr = Var {varno: 4, varattno: 3, vartype: 23, vartypmod: -1, varcollid: 0, varlevelsup: 0, varnoold: 4, varoattno: 3, location: 298}
                                    },
                                    1 = EquivalenceMember {em_relids: (b 5), em_nullable_relids: (b), em_is_const: false, em_is_child: false, em_datatype: 23} = {
                                      em_expr = Var {varno: 5, varattno: 1, vartype: 23, vartypmod: -1, varcollid: 0, varlevelsup: 0, varnoold: 5, varoattno: 1, location: 312}
                                    }
                                  },
                                  ec_sources = List with 1 elements = {
                                    0 = RestrictInfo {is_pushed_down: true, outerjoin_delayed: false, can_join: true, pseudoconstant: false, leakproof: false, security_level: 0, contain_outer_query_references: false, clause_relids: (b 4 5), required_relids: (b 4 5), outer_relids: (b), nullable_relids: (b), left_relids: (b 4), right_relids: (b 5), eval_cost: (-1.00..0.00), norm_selec: -1.0000, outer_selec: -1.0000, outer_is_left: false, hashjoinoperator: 0, left_bucketsize: -1.0000, right_bucketsize: -1.0000, left_mcvfreq: -1.0000, right_mcvfreq: -1.0000} = {
                                      clause = OpExpr {opno: 96, opfuncid: 65, opresulttype: 16, opretset: false, opcollid: 0, inputcollid: 0, location: 310} = {
                                        args = List with 2 elements = {...}
                                      },
                                      mergeopfamilies = OidList with 1 elements = {1976},
                                      left_em = EquivalenceMember {em_relids: (b 4), em_nullable_relids: (b), em_is_const: false, em_is_child: false, em_datatype: 23} = {
                                        em_expr = Var {varno: 4, varattno: 3, vartype: 23, vartypmod: -1, varcollid: 0, varlevelsup: 0, varnoold: 4, varoattno: 3, location: 298}
                                      },
                                      right_em = EquivalenceMember {em_relids: (b 5), em_nullable_relids: (b), em_is_const: false, em_is_child: false, em_datatype: 23} = {
                                        em_expr = Var {varno: 5, varattno: 1, vartype: 23, vartypmod: -1, varcollid: 0, varlevelsup: 0, varnoold: 5, varoattno: 1, location: 312}
                                      }
                                    }
                                  },
                                  ec_derives = List with 1 elements = {
                                    0 = RestrictInfo {is_pushed_down: true, outerjoin_delayed: false, can_join: true, pseudoconstant: false, leakproof: false, security_level: 0, contain_outer_query_references: false, clause_relids: (b 4 5), required_relids: (b 4 5), outer_relids: (b), nullable_relids: (b), left_relids: (b 4), right_relids: (b 5), eval_cost: (0.00..0.00), norm_selec: 0.0010, outer_selec: -1.0000, outer_is_left: true, hashjoinoperator: 96, left_bucketsize: 0.1000, right_bucketsize: 0.1000, left_mcvfreq: 0.0000, right_mcvfreq: 0.0000} = {
                                      clause = OpExpr {opno: 96, opfuncid: 65, opresulttype: 16, opretset: false, opcollid: 0, inputcollid: 0, location: -1} = {
                                        args = List with 2 elements = {...}
                                      },
                                      mergeopfamilies = OidList with 1 elements = {1976},
                                      left_em = EquivalenceMember {em_relids: (b 4), em_nullable_relids: (b), em_is_const: false, em_is_child: false, em_datatype: 23} = {
                                        em_expr = Var {varno: 4, varattno: 3, vartype: 23, vartypmod: -1, varcollid: 0, varlevelsup: 0, varnoold: 4, varoattno: 3, location: 298}
                                      },
                                      right_em = EquivalenceMember {em_relids: (b 5), em_nullable_relids: (b), em_is_const: false, em_is_child: false, em_datatype: 23} = {
                                        em_expr = Var {varno: 5, varattno: 1, vartype: 23, vartypmod: -1, varcollid: 0, varlevelsup: 0, varnoold: 5, varoattno: 1, location: 312}
                                      }
                                    }
                                  }
                                }
                              }
                            }
                          }
                        }
                      },
                      jpath.joinrestrictinfo = List with 1 elements = {
                        0 = RestrictInfo {is_pushed_down: true, outerjoin_delayed: false, can_join: true, pseudoconstant: false, leakproof: false, security_level: 0, contain_outer_query_references: false, clause_relids: (b 4 5), required_relids: (b 4 5), outer_relids: (b), nullable_relids: (b), left_relids: (b 4), right_relids: (b 5), eval_cost: (0.00..0.00), norm_selec: 0.0010, outer_selec: -1.0000, outer_is_left: true, hashjoinoperator: 96, left_bucketsize: 0.1000, right_bucketsize: 0.1000, left_mcvfreq: 0.0000, right_mcvfreq: 0.0000} = {
                          clause = OpExpr {opno: 96, opfuncid: 65, opresulttype: 16, opretset: false, opcollid: 0, inputcollid: 0, location: -1} = {
                            args = List with 2 elements = {
                              0 = Var {varno: 4, varattno: 3, vartype: 23, vartypmod: -1, varcollid: 0, varlevelsup: 0, varnoold: 4, varoattno: 3, location: 298},
                              1 = Var {varno: 5, varattno: 1, vartype: 23, vartypmod: -1, varcollid: 0, varlevelsup: 0, varnoold: 5, varoattno: 1, location: 312}
                            }
                          },
                          mergeopfamilies = OidList with 1 elements = {1976},
                          left_em = EquivalenceMember {em_relids: (b 4), em_nullable_relids: (b), em_is_const: false, em_is_child: false, em_datatype: 23} = {
                            em_expr = Var {varno: 4, varattno: 3, vartype: 23, vartypmod: -1, varcollid: 0, varlevelsup: 0, varnoold: 4, varoattno: 3, location: 298}
                          },
                          right_em = EquivalenceMember {em_relids: (b 5), em_nullable_relids: (b), em_is_const: false, em_is_child: false, em_datatype: 23} = {
                            em_expr = Var {varno: 5, varattno: 1, vartype: 23, vartypmod: -1, varcollid: 0, varlevelsup: 0, varnoold: 5, varoattno: 1, location: 312}
                          }
                        }
                      },
                      path_hashclauses = List with 1 elements = {
                        0 = RestrictInfo {is_pushed_down: true, outerjoin_delayed: false, can_join: true, pseudoconstant: false, leakproof: false, security_level: 0, contain_outer_query_references: false, clause_relids: (b 4 5), required_relids: (b 4 5), outer_relids: (b), nullable_relids: (b), left_relids: (b 4), right_relids: (b 5), eval_cost: (0.00..0.00), norm_selec: 0.0010, outer_selec: -1.0000, outer_is_left: true, hashjoinoperator: 96, left_bucketsize: 0.1000, right_bucketsize: 0.1000, left_mcvfreq: 0.0000, right_mcvfreq: 0.0000} = {
                          clause = OpExpr {opno: 96, opfuncid: 65, opresulttype: 16, opretset: false, opcollid: 0, inputcollid: 0, location: -1} = {
                            args = List with 2 elements = {
                              0 = Var {varno: 4, varattno: 3, vartype: 23, vartypmod: -1, varcollid: 0, varlevelsup: 0, varnoold: 4, varoattno: 3, location: 298},
                              1 = Var {varno: 5, varattno: 1, vartype: 23, vartypmod: -1, varcollid: 0, varlevelsup: 0, varnoold: 5, varoattno: 1, location: 312}
                            }
                          },
                          mergeopfamilies = OidList with 1 elements = {1976},
                          left_em = EquivalenceMember {em_relids: (b 4), em_nullable_relids: (b), em_is_const: false, em_is_child: false, em_datatype: 23} = {
                            em_expr = Var {varno: 4, varattno: 3, vartype: 23, vartypmod: -1, varcollid: 0, varlevelsup: 0, varnoold: 4, varoattno: 3, location: 298}
                          },
                          right_em = EquivalenceMember {em_relids: (b 5), em_nullable_relids: (b), em_is_const: false, em_is_child: false, em_datatype: 23} = {
                            em_expr = Var {varno: 5, varattno: 1, vartype: 23, vartypmod: -1, varcollid: 0, varlevelsup: 0, varnoold: 5, varoattno: 1, location: 312}
                          }
                        }
                      }
                    }
                  },
                  jpath.innerjoinpath = HashPath T_HashJoin (cost=128.53..190.28 rows=25 memo=0.00 parallel_aware=False parallel_safe=False parallel_workers=0 motionHazard=True rescannable=False sameslice_relids=(b 2)) {num_batches: 1, inner_rows_total: 4.2437730103416902} = {
                    jpath.path.parent = (b 1 2 3),
                    jpath.path.pathtarget = PathTarget {cost: (0.00..0.00), width: 638} = {
                      exprs = List with 10 elements = {
                        0 = Var {varno: 1, varattno: 1, vartype: 23, vartypmod: -1, varcollid: 0, varlevelsup: 0, varnoold: 1, varoattno: 1, location: 42},
                        1 = Var {varno: 1, varattno: 3, vartype: 1042, vartypmod: 29, varcollid: 100, varlevelsup: 0, varnoold: 1, varoattno: 3, location: 55},
                        2 = Var {varno: 3, varattno: 1, vartype: 23, vartypmod: -1, varcollid: 0, varlevelsup: 0, varnoold: 3, varoattno: 1, location: 175},
                        3 = Var {varno: 3, varattno: 4, vartype: 1700, vartypmod: 983046, varcollid: 0, varlevelsup: 0, varnoold: 3, varoattno: 4, location: 354},
                        4 = Var {varno: 2, varattno: 6, vartype: 1700, vartypmod: 983046, varcollid: 0, varlevelsup: 0, varnoold: 2, varoattno: 6, location: 9},
                        5 = Var {varno: 2, varattno: 2, vartype: 1042, vartypmod: 29, varcollid: 100, varlevelsup: 0, varnoold: 2, varoattno: 2, location: 22},
                        6 = Var {varno: 2, varattno: 3, vartype: 1043, vartypmod: 44, varcollid: 100, varlevelsup: 0, varnoold: 2, varoattno: 3, location: 65},
                        7 = Var {varno: 2, varattno: 5, vartype: 1042, vartypmod: 19, varcollid: 100, varlevelsup: 0, varnoold: 2, varoattno: 5, location: 78},
                        8 = Var {varno: 2, varattno: 7, vartype: 1043, vartypmod: 105, varcollid: 100, varlevelsup: 0, varnoold: 2, varoattno: 7, location: 89},
                        9 = Var {varno: 2, varattno: 4, vartype: 23, vartypmod: -1, varcollid: 0, varlevelsup: 0, varnoold: 2, varoattno: 4, location: 266}
                      }
                    },
                    jpath.path.locus.distkey = List with 1 elements = {
                      0 = DistributionKey dk_opfamily: 1977 = {
                        dk_eclasses = List with 1 elements = {
                          0 = EquivalenceClass {ec_collation: 0, ec_relids: (b 2 3), ec_has_const: false, ec_has_volatile: false, ec_broken: false, ec_sortref: 0, ec_min_security: 0, ec_max_security: 0} = {
                            ec_opfamilies = OidList with 1 elements = {1976},
                            ec_members = List with 2 elements = {
                              0 = EquivalenceMember {em_relids: (b 2), em_nullable_relids: (b), em_is_const: false, em_is_child: false, em_datatype: 23} = {
                                em_expr = Var {varno: 2, varattno: 1, vartype: 23, vartypmod: -1, varcollid: 0, varlevelsup: 0, varnoold: 2, varoattno: 1, location: 192}
                              },
                              1 = EquivalenceMember {em_relids: (b 3), em_nullable_relids: (b), em_is_const: false, em_is_child: false, em_datatype: 23} = {
                                em_expr = Var {varno: 3, varattno: 2, vartype: 23, vartypmod: -1, varcollid: 0, varlevelsup: 0, varnoold: 3, varoattno: 2, location: 204}
                              }
                            },
                            ec_sources = List with 1 elements = {
                              0 = RestrictInfo {is_pushed_down: true, outerjoin_delayed: false, can_join: true, pseudoconstant: false, leakproof: false, security_level: 0, contain_outer_query_references: false, clause_relids: (b 2 3), required_relids: (b 2 3), outer_relids: (b), nullable_relids: (b), left_relids: (b 2), right_relids: (b 3), eval_cost: (-1.00..0.00), norm_selec: -1.0000, outer_selec: -1.0000, outer_is_left: false, hashjoinoperator: 0, left_bucketsize: -1.0000, right_bucketsize: -1.0000, left_mcvfreq: -1.0000, right_mcvfreq: -1.0000} = {
                                clause = OpExpr {opno: 96, opfuncid: 65, opresulttype: 16, opretset: false, opcollid: 0, inputcollid: 0, location: 202} = {
                                  args = List with 2 elements = {
                                    0 = Var {varno: 2, varattno: 1, vartype: 23, vartypmod: -1, varcollid: 0, varlevelsup: 0, varnoold: 2, varoattno: 1, location: 192},
                                    1 = Var {varno: 3, varattno: 2, vartype: 23, vartypmod: -1, varcollid: 0, varlevelsup: 0, varnoold: 3, varoattno: 2, location: 204}
                                  }
                                },
                                mergeopfamilies = OidList with 1 elements = {1976},
                                left_em = EquivalenceMember {em_relids: (b 2), em_nullable_relids: (b), em_is_const: false, em_is_child: false, em_datatype: 23} = {
                                  em_expr = Var {varno: 2, varattno: 1, vartype: 23, vartypmod: -1, varcollid: 0, varlevelsup: 0, varnoold: 2, varoattno: 1, location: 192}
                                },
                                right_em = EquivalenceMember {em_relids: (b 3), em_nullable_relids: (b), em_is_const: false, em_is_child: false, em_datatype: 23} = {
                                  em_expr = Var {varno: 3, varattno: 2, vartype: 23, vartypmod: -1, varcollid: 0, varlevelsup: 0, varnoold: 3, varoattno: 2, location: 204}
                                }
                              }
                            },
                            ec_derives = List with 2 elements = {
                              0 = RestrictInfo {is_pushed_down: true, outerjoin_delayed: false, can_join: true, pseudoconstant: false, leakproof: false, security_level: 0, contain_outer_query_references: false, clause_relids: (b 2 3), required_relids: (b 2 3), outer_relids: (b), nullable_relids: (b), left_relids: (b 2), right_relids: (b 3), eval_cost: (0.00..0.00), norm_selec: 0.0010, outer_selec: -1.0000, outer_is_left: false, hashjoinoperator: 96, left_bucketsize: 0.1000, right_bucketsize: 0.1000, left_mcvfreq: 0.0000, right_mcvfreq: 0.0000} = {
                                clause = OpExpr {opno: 96, opfuncid: 65, opresulttype: 16, opretset: false, opcollid: 0, inputcollid: 0, location: -1} = {
                                  args = List with 2 elements = {
                                    0 = Var {varno: 2, varattno: 1, vartype: 23, vartypmod: -1, varcollid: 0, varlevelsup: 0, varnoold: 2, varoattno: 1, location: 192},
                                    1 = Var {varno: 3, varattno: 2, vartype: 23, vartypmod: -1, varcollid: 0, varlevelsup: 0, varnoold: 3, varoattno: 2, location: 204}
                                  }
                                },
                                mergeopfamilies = OidList with 1 elements = {1976},
                                left_em = EquivalenceMember {em_relids: (b 2), em_nullable_relids: (b), em_is_const: false, em_is_child: false, em_datatype: 23} = {
                                  em_expr = Var {varno: 2, varattno: 1, vartype: 23, vartypmod: -1, varcollid: 0, varlevelsup: 0, varnoold: 2, varoattno: 1, location: 192}
                                },
                                right_em = EquivalenceMember {em_relids: (b 3), em_nullable_relids: (b), em_is_const: false, em_is_child: false, em_datatype: 23} = {
                                  em_expr = Var {varno: 3, varattno: 2, vartype: 23, vartypmod: -1, varcollid: 0, varlevelsup: 0, varnoold: 3, varoattno: 2, location: 204}
                                }
                              },
                              1 = RestrictInfo {is_pushed_down: true, outerjoin_delayed: false, can_join: true, pseudoconstant: false, leakproof: false, security_level: 0, contain_outer_query_references: false, clause_relids: (b 2 3), required_relids: (b 2 3), outer_relids: (b), nullable_relids: (b), left_relids: (b 3), right_relids: (b 2), eval_cost: (0.00..0.00), norm_selec: 0.0010, outer_selec: -1.0000, outer_is_left: false, hashjoinoperator: 96, left_bucketsize: 0.1000, right_bucketsize: 0.1000, left_mcvfreq: 0.0000, right_mcvfreq: 0.0000} = {
                                clause = OpExpr {opno: 96, opfuncid: 65, opresulttype: 16, opretset: false, opcollid: 0, inputcollid: 0, location: -1} = {
                                  args = List with 2 elements = {
                                    0 = Var {varno: 3, varattno: 2, vartype: 23, vartypmod: -1, varcollid: 0, varlevelsup: 0, varnoold: 3, varoattno: 2, location: 204},
                                    1 = Var {varno: 2, varattno: 1, vartype: 23, vartypmod: -1, varcollid: 0, varlevelsup: 0, varnoold: 2, varoattno: 1, location: 192}
                                  }
                                },
                                mergeopfamilies = OidList with 1 elements = {1976},
                                left_em = EquivalenceMember {em_relids: (b 3), em_nullable_relids: (b), em_is_const: false, em_is_child: false, em_datatype: 23} = {
                                  em_expr = Var {varno: 3, varattno: 2, vartype: 23, vartypmod: -1, varcollid: 0, varlevelsup: 0, varnoold: 3, varoattno: 2, location: 204}
                                },
                                right_em = EquivalenceMember {em_relids: (b 2), em_nullable_relids: (b), em_is_const: false, em_is_child: false, em_datatype: 23} = {
                                  em_expr = Var {varno: 2, varattno: 1, vartype: 23, vartypmod: -1, varcollid: 0, varlevelsup: 0, varnoold: 2, varoattno: 1, location: 192}
                                }
                              }
                            }
                          }
                        }
                      }
                    },
                    jpath.outerjoinpath = T_SeqScan (cost=0.00..54.00 rows=2000 memo=0.00 parallel_aware=False parallel_safe=False parallel_workers=0 motionHazard=False rescannable=True sameslice_relids=(b 2)) = {
                      parent = (b 2),
                      pathtarget = PathTarget {cost: (0.00..0.00), width: 512} = {
                        exprs = List with 7 elements = {
                          0 = Var {varno: 2, varattno: 6, vartype: 1700, vartypmod: 983046, varcollid: 0, varlevelsup: 0, varnoold: 2, varoattno: 6, location: 9},
                          1 = Var {varno: 2, varattno: 2, vartype: 1042, vartypmod: 29, varcollid: 100, varlevelsup: 0, varnoold: 2, varoattno: 2, location: 22},
                          2 = Var {varno: 2, varattno: 3, vartype: 1043, vartypmod: 44, varcollid: 100, varlevelsup: 0, varnoold: 2, varoattno: 3, location: 65},
                          3 = Var {varno: 2, varattno: 5, vartype: 1042, vartypmod: 19, varcollid: 100, varlevelsup: 0, varnoold: 2, varoattno: 5, location: 78},
                          4 = Var {varno: 2, varattno: 7, vartype: 1043, vartypmod: 105, varcollid: 100, varlevelsup: 0, varnoold: 2, varoattno: 7, location: 89},
                          5 = Var {varno: 2, varattno: 1, vartype: 23, vartypmod: -1, varcollid: 0, varlevelsup: 0, varnoold: 2, varoattno: 1, location: 192},
                          6 = Var {varno: 2, varattno: 4, vartype: 23, vartypmod: -1, varcollid: 0, varlevelsup: 0, varnoold: 2, varoattno: 4, location: 266}
                        }
                      },
                      locus.distkey = List with 1 elements = {
                        0 = DistributionKey dk_opfamily: 1977 = {
                          dk_eclasses = List with 1 elements = {
                            0 = EquivalenceClass {ec_collation: 0, ec_relids: (b 2 3), ec_has_const: false, ec_has_volatile: false, ec_broken: false, ec_sortref: 0, ec_min_security: 0, ec_max_security: 0} = {
                              ec_opfamilies = OidList with 1 elements = {1976},
                              ec_members = List with 2 elements = {
                                0 = EquivalenceMember {em_relids: (b 2), em_nullable_relids: (b), em_is_const: false, em_is_child: false, em_datatype: 23} = {
                                  em_expr = Var {varno: 2, varattno: 1, vartype: 23, vartypmod: -1, varcollid: 0, varlevelsup: 0, varnoold: 2, varoattno: 1, location: 192}
                                },
                                1 = EquivalenceMember {em_relids: (b 3), em_nullable_relids: (b), em_is_const: false, em_is_child: false, em_datatype: 23} = {
                                  em_expr = Var {varno: 3, varattno: 2, vartype: 23, vartypmod: -1, varcollid: 0, varlevelsup: 0, varnoold: 3, varoattno: 2, location: 204}
                                }
                              },
                              ec_sources = List with 1 elements = {
                                0 = RestrictInfo {is_pushed_down: true, outerjoin_delayed: false, can_join: true, pseudoconstant: false, leakproof: false, security_level: 0, contain_outer_query_references: false, clause_relids: (b 2 3), required_relids: (b 2 3), outer_relids: (b), nullable_relids: (b), left_relids: (b 2), right_relids: (b 3), eval_cost: (-1.00..0.00), norm_selec: -1.0000, outer_selec: -1.0000, outer_is_left: false, hashjoinoperator: 0, left_bucketsize: -1.0000, right_bucketsize: -1.0000, left_mcvfreq: -1.0000, right_mcvfreq: -1.0000} = {
                                  clause = OpExpr {opno: 96, opfuncid: 65, opresulttype: 16, opretset: false, opcollid: 0, inputcollid: 0, location: 202} = {
                                    args = List with 2 elements = {
                                      0 = Var {varno: 2, varattno: 1, vartype: 23, vartypmod: -1, varcollid: 0, varlevelsup: 0, varnoold: 2, varoattno: 1, location: 192},
                                      1 = Var {varno: 3, varattno: 2, vartype: 23, vartypmod: -1, varcollid: 0, varlevelsup: 0, varnoold: 3, varoattno: 2, location: 204}
                                    }
                                  },
                                  mergeopfamilies = OidList with 1 elements = {1976},
                                  left_em = EquivalenceMember {em_relids: (b 2), em_nullable_relids: (b), em_is_const: false, em_is_child: false, em_datatype: 23} = {
                                    em_expr = Var {varno: 2, varattno: 1, vartype: 23, vartypmod: -1, varcollid: 0, varlevelsup: 0, varnoold: 2, varoattno: 1, location: 192}
                                  },
                                  right_em = EquivalenceMember {em_relids: (b 3), em_nullable_relids: (b), em_is_const: false, em_is_child: false, em_datatype: 23} = {
                                    em_expr = Var {varno: 3, varattno: 2, vartype: 23, vartypmod: -1, varcollid: 0, varlevelsup: 0, varnoold: 3, varoattno: 2, location: 204}
                                  }
                                }
                              },
                              ec_derives = List with 2 elements = {
                                0 = RestrictInfo {is_pushed_down: true, outerjoin_delayed: false, can_join: true, pseudoconstant: false, leakproof: false, security_level: 0, contain_outer_query_references: false, clause_relids: (b 2 3), required_relids: (b 2 3), outer_relids: (b), nullable_relids: (b), left_relids: (b 2), right_relids: (b 3), eval_cost: (0.00..0.00), norm_selec: 0.0010, outer_selec: -1.0000, outer_is_left: false, hashjoinoperator: 96, left_bucketsize: 0.1000, right_bucketsize: 0.1000, left_mcvfreq: 0.0000, right_mcvfreq: 0.0000} = {
                                  clause = OpExpr {opno: 96, opfuncid: 65, opresulttype: 16, opretset: false, opcollid: 0, inputcollid: 0, location: -1} = {
                                    args = List with 2 elements = {
                                      0 = Var {varno: 2, varattno: 1, vartype: 23, vartypmod: -1, varcollid: 0, varlevelsup: 0, varnoold: 2, varoattno: 1, location: 192},
                                      1 = Var {varno: 3, varattno: 2, vartype: 23, vartypmod: -1, varcollid: 0, varlevelsup: 0, varnoold: 3, varoattno: 2, location: 204}
                                    }
                                  },
                                  mergeopfamilies = OidList with 1 elements = {1976},
                                  left_em = EquivalenceMember {em_relids: (b 2), em_nullable_relids: (b), em_is_const: false, em_is_child: false, em_datatype: 23} = {
                                    em_expr = Var {varno: 2, varattno: 1, vartype: 23, vartypmod: -1, varcollid: 0, varlevelsup: 0, varnoold: 2, varoattno: 1, location: 192}
                                  },
                                  right_em = EquivalenceMember {em_relids: (b 3), em_nullable_relids: (b), em_is_const: false, em_is_child: false, em_datatype: 23} = {
                                    em_expr = Var {varno: 3, varattno: 2, vartype: 23, vartypmod: -1, varcollid: 0, varlevelsup: 0, varnoold: 3, varoattno: 2, location: 204}
                                  }
                                },
                                1 = RestrictInfo {is_pushed_down: true, outerjoin_delayed: false, can_join: true, pseudoconstant: false, leakproof: false, security_level: 0, contain_outer_query_references: false, clause_relids: (b 2 3), required_relids: (b 2 3), outer_relids: (b), nullable_relids: (b), left_relids: (b 3), right_relids: (b 2), eval_cost: (0.00..0.00), norm_selec: 0.0010, outer_selec: -1.0000, outer_is_left: false, hashjoinoperator: 96, left_bucketsize: 0.1000, right_bucketsize: 0.1000, left_mcvfreq: 0.0000, right_mcvfreq: 0.0000} = {
                                  clause = OpExpr {opno: 96, opfuncid: 65, opresulttype: 16, opretset: false, opcollid: 0, inputcollid: 0, location: -1} = {
                                    args = List with 2 elements = {
                                      0 = Var {varno: 3, varattno: 2, vartype: 23, vartypmod: -1, varcollid: 0, varlevelsup: 0, varnoold: 3, varoattno: 2, location: 204},
                                      1 = Var {varno: 2, varattno: 1, vartype: 23, vartypmod: -1, varcollid: 0, varlevelsup: 0, varnoold: 2, varoattno: 1, location: 192}
                                    }
                                  },
                                  mergeopfamilies = OidList with 1 elements = {1976},
                                  left_em = EquivalenceMember {em_relids: (b 3), em_nullable_relids: (b), em_is_const: false, em_is_child: false, em_datatype: 23} = {
                                    em_expr = Var {varno: 3, varattno: 2, vartype: 23, vartypmod: -1, varcollid: 0, varlevelsup: 0, varnoold: 3, varoattno: 2, location: 204}
                                  },
                                  right_em = EquivalenceMember {em_relids: (b 2), em_nullable_relids: (b), em_is_const: false, em_is_child: false, em_datatype: 23} = {
                                    em_expr = Var {varno: 2, varattno: 1, vartype: 23, vartypmod: -1, varcollid: 0, varlevelsup: 0, varnoold: 2, varoattno: 1, location: 192}
                                  }
                                }
                              }
                            }
                          }
                        }
                      }
                    },
                    jpath.innerjoinpath = CdbMotionPath T_Motion (cost=66.01..128.48 rows=4 memo=0.00 parallel_aware=False parallel_safe=False parallel_workers=0 motionHazard=True rescannable=False sameslice_relids=(b)) is_explicit_motion: false = {
                      path.parent = (b 1 3),
                      path.pathtarget = PathTarget {cost: (0.00..0.00), width: 134} = {
                        exprs = List with 5 elements = {
                          0 = Var {varno: 1, varattno: 1, vartype: 23, vartypmod: -1, varcollid: 0, varlevelsup: 0, varnoold: 1, varoattno: 1, location: 42},
                          1 = Var {varno: 1, varattno: 3, vartype: 1042, vartypmod: 29, varcollid: 100, varlevelsup: 0, varnoold: 1, varoattno: 3, location: 55},
                          2 = Var {varno: 3, varattno: 1, vartype: 23, vartypmod: -1, varcollid: 0, varlevelsup: 0, varnoold: 3, varoattno: 1, location: 175},
                          3 = Var {varno: 3, varattno: 2, vartype: 23, vartypmod: -1, varcollid: 0, varlevelsup: 0, varnoold: 3, varoattno: 2, location: 204},
                          4 = Var {varno: 3, varattno: 4, vartype: 1700, vartypmod: 983046, varcollid: 0, varlevelsup: 0, varnoold: 3, varoattno: 4, location: 354}
                        }
                      },
                      path.locus.distkey = List with 1 elements = {
                        0 = DistributionKey dk_opfamily: 1977 = {
                          dk_eclasses = List with 1 elements = {
                            0 = EquivalenceClass {ec_collation: 0, ec_relids: (b 2 3), ec_has_const: false, ec_has_volatile: false, ec_broken: false, ec_sortref: 0, ec_min_security: 0, ec_max_security: 0} = {
                              ec_opfamilies = OidList with 1 elements = {1976},
                              ec_members = List with 2 elements = {
                                0 = EquivalenceMember {em_relids: (b 2), em_nullable_relids: (b), em_is_const: false, em_is_child: false, em_datatype: 23} = {
                                  em_expr = Var {varno: 2, varattno: 1, vartype: 23, vartypmod: -1, varcollid: 0, varlevelsup: 0, varnoold: 2, varoattno: 1, location: 192}
                                },
                                1 = EquivalenceMember {em_relids: (b 3), em_nullable_relids: (b), em_is_const: false, em_is_child: false, em_datatype: 23} = {
                                  em_expr = Var {varno: 3, varattno: 2, vartype: 23, vartypmod: -1, varcollid: 0, varlevelsup: 0, varnoold: 3, varoattno: 2, location: 204}
                                }
                              },
                              ec_sources = List with 1 elements = {
                                0 = RestrictInfo {is_pushed_down: true, outerjoin_delayed: false, can_join: true, pseudoconstant: false, leakproof: false, security_level: 0, contain_outer_query_references: false, clause_relids: (b 2 3), required_relids: (b 2 3), outer_relids: (b), nullable_relids: (b), left_relids: (b 2), right_relids: (b 3), eval_cost: (-1.00..0.00), norm_selec: -1.0000, outer_selec: -1.0000, outer_is_left: false, hashjoinoperator: 0, left_bucketsize: -1.0000, right_bucketsize: -1.0000, left_mcvfreq: -1.0000, right_mcvfreq: -1.0000} = {
                                  clause = OpExpr {opno: 96, opfuncid: 65, opresulttype: 16, opretset: false, opcollid: 0, inputcollid: 0, location: 202} = {
                                    args = List with 2 elements = {
                                      0 = Var {varno: 2, varattno: 1, vartype: 23, vartypmod: -1, varcollid: 0, varlevelsup: 0, varnoold: 2, varoattno: 1, location: 192},
                                      1 = Var {varno: 3, varattno: 2, vartype: 23, vartypmod: -1, varcollid: 0, varlevelsup: 0, varnoold: 3, varoattno: 2, location: 204}
                                    }
                                  },
                                  mergeopfamilies = OidList with 1 elements = {1976},
                                  left_em = EquivalenceMember {em_relids: (b 2), em_nullable_relids: (b), em_is_const: false, em_is_child: false, em_datatype: 23} = {
                                    em_expr = Var {varno: 2, varattno: 1, vartype: 23, vartypmod: -1, varcollid: 0, varlevelsup: 0, varnoold: 2, varoattno: 1, location: 192}
                                  },
                                  right_em = EquivalenceMember {em_relids: (b 3), em_nullable_relids: (b), em_is_const: false, em_is_child: false, em_datatype: 23} = {
                                    em_expr = Var {varno: 3, varattno: 2, vartype: 23, vartypmod: -1, varcollid: 0, varlevelsup: 0, varnoold: 3, varoattno: 2, location: 204}
                                  }
                                }
                              },
                              ec_derives = List with 2 elements = {
                                0 = RestrictInfo {is_pushed_down: true, outerjoin_delayed: false, can_join: true, pseudoconstant: false, leakproof: false, security_level: 0, contain_outer_query_references: false, clause_relids: (b 2 3), required_relids: (b 2 3), outer_relids: (b), nullable_relids: (b), left_relids: (b 2), right_relids: (b 3), eval_cost: (0.00..0.00), norm_selec: 0.0010, outer_selec: -1.0000, outer_is_left: false, hashjoinoperator: 96, left_bucketsize: 0.1000, right_bucketsize: 0.1000, left_mcvfreq: 0.0000, right_mcvfreq: 0.0000} = {
                                  clause = OpExpr {opno: 96, opfuncid: 65, opresulttype: 16, opretset: false, opcollid: 0, inputcollid: 0, location: -1} = {
                                    args = List with 2 elements = {
                                      0 = Var {varno: 2, varattno: 1, vartype: 23, vartypmod: -1, varcollid: 0, varlevelsup: 0, varnoold: 2, varoattno: 1, location: 192},
                                      1 = Var {varno: 3, varattno: 2, vartype: 23, vartypmod: -1, varcollid: 0, varlevelsup: 0, varnoold: 3, varoattno: 2, location: 204}
                                    }
                                  },
                                  mergeopfamilies = OidList with 1 elements = {1976},
                                  left_em = EquivalenceMember {em_relids: (b 2), em_nullable_relids: (b), em_is_const: false, em_is_child: false, em_datatype: 23} = {
                                    em_expr = Var {varno: 2, varattno: 1, vartype: 23, vartypmod: -1, varcollid: 0, varlevelsup: 0, varnoold: 2, varoattno: 1, location: 192}
                                  },
                                  right_em = EquivalenceMember {em_relids: (b 3), em_nullable_relids: (b), em_is_const: false, em_is_child: false, em_datatype: 23} = {
                                    em_expr = Var {varno: 3, varattno: 2, vartype: 23, vartypmod: -1, varcollid: 0, varlevelsup: 0, varnoold: 3, varoattno: 2, location: 204}
                                  }
                                },
                                1 = RestrictInfo {is_pushed_down: true, outerjoin_delayed: false, can_join: true, pseudoconstant: false, leakproof: false, security_level: 0, contain_outer_query_references: false, clause_relids: (b 2 3), required_relids: (b 2 3), outer_relids: (b), nullable_relids: (b), left_relids: (b 3), right_relids: (b 2), eval_cost: (0.00..0.00), norm_selec: 0.0010, outer_selec: -1.0000, outer_is_left: false, hashjoinoperator: 96, left_bucketsize: 0.1000, right_bucketsize: 0.1000, left_mcvfreq: 0.0000, right_mcvfreq: 0.0000} = {
                                  clause = OpExpr {opno: 96, opfuncid: 65, opresulttype: 16, opretset: false, opcollid: 0, inputcollid: 0, location: -1} = {
                                    args = List with 2 elements = {
                                      0 = Var {varno: 3, varattno: 2, vartype: 23, vartypmod: -1, varcollid: 0, varlevelsup: 0, varnoold: 3, varoattno: 2, location: 204},
                                      1 = Var {varno: 2, varattno: 1, vartype: 23, vartypmod: -1, varcollid: 0, varlevelsup: 0, varnoold: 2, varoattno: 1, location: 192}
                                    }
                                  },
                                  mergeopfamilies = OidList with 1 elements = {1976},
                                  left_em = EquivalenceMember {em_relids: (b 3), em_nullable_relids: (b), em_is_const: false, em_is_child: false, em_datatype: 23} = {
                                    em_expr = Var {varno: 3, varattno: 2, vartype: 23, vartypmod: -1, varcollid: 0, varlevelsup: 0, varnoold: 3, varoattno: 2, location: 204}
                                  },
                                  right_em = EquivalenceMember {em_relids: (b 2), em_nullable_relids: (b), em_is_const: false, em_is_child: false, em_datatype: 23} = {
                                    em_expr = Var {varno: 2, varattno: 1, vartype: 23, vartypmod: -1, varcollid: 0, varlevelsup: 0, varnoold: 2, varoattno: 1, location: 192}
                                  }
                                }
                              }
                            }
                          }
                        }
                      },
                      subpath = HashPath T_HashJoin (cost=66.01..128.39 rows=4 memo=0.00 parallel_aware=False parallel_safe=False parallel_workers=0 motionHazard=False rescannable=True sameslice_relids=(b 1 3)) {num_batches: 1, inner_rows_total: 1} = {
                        jpath.path.parent = (b 1 3),
                        jpath.path.pathtarget = PathTarget {cost: (0.00..0.00), width: 134} = {
                          exprs = List with 5 elements = {
                            0 = Var {varno: 1, varattno: 1, vartype: 23, vartypmod: -1, varcollid: 0, varlevelsup: 0, varnoold: 1, varoattno: 1, location: 42},
                            1 = Var {varno: 1, varattno: 3, vartype: 1042, vartypmod: 29, varcollid: 100, varlevelsup: 0, varnoold: 1, varoattno: 3, location: 55},
                            2 = Var {varno: 3, varattno: 1, vartype: 23, vartypmod: -1, varcollid: 0, varlevelsup: 0, varnoold: 3, varoattno: 1, location: 175},
                            3 = Var {varno: 3, varattno: 2, vartype: 23, vartypmod: -1, varcollid: 0, varlevelsup: 0, varnoold: 3, varoattno: 2, location: 204},
                            4 = Var {varno: 3, varattno: 4, vartype: 1700, vartypmod: 983046, varcollid: 0, varlevelsup: 0, varnoold: 3, varoattno: 4, location: 354}
                          }
                        },
                        jpath.path.locus.distkey = List with 1 elements = {
                          0 = DistributionKey dk_opfamily: 1977 = {
                            dk_eclasses = List with 1 elements = {
                              0 = EquivalenceClass {ec_collation: 0, ec_relids: (b 1 3 6), ec_has_const: false, ec_has_volatile: false, ec_broken: false, ec_sortref: 0, ec_min_security: 0, ec_max_security: 0} = {
                                ec_opfamilies = OidList with 1 elements = {1976},
                                ec_members = List with 3 elements = {
                                  0 = EquivalenceMember {em_relids: (b 1), em_nullable_relids: (b), em_is_const: false, em_is_child: false, em_datatype: 23} = {
                                    em_expr = Var {varno: 1, varattno: 1, vartype: 23, vartypmod: -1, varcollid: 0, varlevelsup: 0, varnoold: 1, varoattno: 1, location: 163}
                                  },
                                  1 = EquivalenceMember {em_relids: (b 3), em_nullable_relids: (b), em_is_const: false, em_is_child: false, em_datatype: 23} = {
                                    em_expr = Var {varno: 3, varattno: 1, vartype: 23, vartypmod: -1, varcollid: 0, varlevelsup: 0, varnoold: 3, varoattno: 1, location: 175}
                                  },
                                  2 = EquivalenceMember {em_relids: (b 6), em_nullable_relids: (b), em_is_const: false, em_is_child: false, em_datatype: 23} = {
                                    em_expr = Var {varno: 6, varattno: 1, vartype: 23, vartypmod: -1, varcollid: 0, varlevelsup: 0, varnoold: 6, varoattno: 1, location: 504}
                                  }
                                },
                                ec_sources = List with 2 elements = {
                                  0 = RestrictInfo {is_pushed_down: true, outerjoin_delayed: false, can_join: true, pseudoconstant: false, leakproof: false, security_level: 0, contain_outer_query_references: false, clause_relids: (b 1 3), required_relids: (b 1 3), outer_relids: (b), nullable_relids: (b), left_relids: (b 1), right_relids: (b 3), eval_cost: (-1.00..0.00), norm_selec: -1.0000, outer_selec: -1.0000, outer_is_left: false, hashjoinoperator: 0, left_bucketsize: -1.0000, right_bucketsize: -1.0000, left_mcvfreq: -1.0000, right_mcvfreq: -1.0000} = {
                                    clause = OpExpr {opno: 96, opfuncid: 65, opresulttype: 16, opretset: false, opcollid: 0, inputcollid: 0, location: 173} = {
                                      args = List with 2 elements = {
                                        0 = Var {varno: 1, varattno: 1, vartype: 23, vartypmod: -1, varcollid: 0, varlevelsup: 0, varnoold: 1, varoattno: 1, location: 163},
                                        1 = Var {varno: 3, varattno: 1, vartype: 23, vartypmod: -1, varcollid: 0, varlevelsup: 0, varnoold: 3, varoattno: 1, location: 175}
                                      }
                                    },
                                    mergeopfamilies = OidList with 1 elements = {1976},
                                    left_em = EquivalenceMember {em_relids: (b 1), em_nullable_relids: (b), em_is_const: false, em_is_child: false, em_datatype: 23} = {
                                      em_expr = Var {varno: 1, varattno: 1, vartype: 23, vartypmod: -1, varcollid: 0, varlevelsup: 0, varnoold: 1, varoattno: 1, location: 163}
                                    },
                                    right_em = EquivalenceMember {em_relids: (b 3), em_nullable_relids: (b), em_is_const: false, em_is_child: false, em_datatype: 23} = {
                                      em_expr = Var {varno: 3, varattno: 1, vartype: 23, vartypmod: -1, varcollid: 0, varlevelsup: 0, varnoold: 3, varoattno: 1, location: 175}
                                    }
                                  },
                                  1 = RestrictInfo {is_pushed_down: true, outerjoin_delayed: false, can_join: true, pseudoconstant: false, leakproof: false, security_level: 0, contain_outer_query_references: false, clause_relids: (b 1 6), required_relids: (b 1 6), outer_relids: (b), nullable_relids: (b), left_relids: (b 1), right_relids: (b 6), eval_cost: (-1.00..0.00), norm_selec: -1.0000, outer_selec: -1.0000, outer_is_left: false, hashjoinoperator: 0, left_bucketsize: -1.0000, right_bucketsize: -1.0000, left_mcvfreq: -1.0000, right_mcvfreq: -1.0000} = {
                                    clause = OpExpr {opno: 96, opfuncid: 65, opresulttype: 16, opretset: false, opcollid: 0, inputcollid: 0, location: 502} = {
                                      args = List with 2 elements = {
                                        0 = Var {varno: 1, varattno: 1, vartype: 23, vartypmod: -1, varcollid: 0, varlevelsup: 0, varnoold: 1, varoattno: 1, location: 492},
                                        1 = Var {varno: 6, varattno: 1, vartype: 23, vartypmod: -1, varcollid: 0, varlevelsup: 0, varnoold: 6, varoattno: 1, location: 504}
                                      }
                                    },
                                    mergeopfamilies = OidList with 1 elements = {1976},
                                    left_em = EquivalenceMember {em_relids: (b 1), em_nullable_relids: (b), em_is_const: false, em_is_child: false, em_datatype: 23} = {
                                      em_expr = Var {varno: 1, varattno: 1, vartype: 23, vartypmod: -1, varcollid: 0, varlevelsup: 0, varnoold: 1, varoattno: 1, location: 163}
                                    },
                                    right_em = EquivalenceMember {em_relids: (b 6), em_nullable_relids: (b), em_is_const: false, em_is_child: false, em_datatype: 23} = {
                                      em_expr = Var {varno: 6, varattno: 1, vartype: 23, vartypmod: -1, varcollid: 0, varlevelsup: 0, varnoold: 6, varoattno: 1, location: 504}
                                    }
                                  }
                                },
                                ec_derives = List with 4 elements = {
                                  0 = RestrictInfo {is_pushed_down: true, outerjoin_delayed: false, can_join: true, pseudoconstant: false, leakproof: false, security_level: 0, contain_outer_query_references: false, clause_relids: (b 1 3), required_relids: (b 1 3), outer_relids: (b), nullable_relids: (b), left_relids: (b 1), right_relids: (b 3), eval_cost: (0.00..0.00), norm_selec: 0.0010, outer_selec: -1.0000, outer_is_left: false, hashjoinoperator: 96, left_bucketsize: 0.1000, right_bucketsize: 0.1000, left_mcvfreq: 0.0000, right_mcvfreq: 0.0000} = {
                                    clause = OpExpr {opno: 96, opfuncid: 65, opresulttype: 16, opretset: false, opcollid: 0, inputcollid: 0, location: -1} = {
                                      args = List with 2 elements = {
                                        0 = Var {varno: 1, varattno: 1, vartype: 23, vartypmod: -1, varcollid: 0, varlevelsup: 0, varnoold: 1, varoattno: 1, location: 163},
                                        1 = Var {varno: 3, varattno: 1, vartype: 23, vartypmod: -1, varcollid: 0, varlevelsup: 0, varnoold: 3, varoattno: 1, location: 175}
                                      }
                                    },
                                    mergeopfamilies = OidList with 1 elements = {1976},
                                    left_em = EquivalenceMember {em_relids: (b 1), em_nullable_relids: (b), em_is_const: false, em_is_child: false, em_datatype: 23} = {
                                      em_expr = Var {varno: 1, varattno: 1, vartype: 23, vartypmod: -1, varcollid: 0, varlevelsup: 0, varnoold: 1, varoattno: 1, location: 163}
                                    },
                                    right_em = EquivalenceMember {em_relids: (b 3), em_nullable_relids: (b), em_is_const: false, em_is_child: false, em_datatype: 23} = {
                                      em_expr = Var {varno: 3, varattno: 1, vartype: 23, vartypmod: -1, varcollid: 0, varlevelsup: 0, varnoold: 3, varoattno: 1, location: 175}
                                    }
                                  },
                                  1 = RestrictInfo {is_pushed_down: true, outerjoin_delayed: false, can_join: true, pseudoconstant: false, leakproof: false, security_level: 0, contain_outer_query_references: false, clause_relids: (b 1 6), required_relids: (b 1 6), outer_relids: (b), nullable_relids: (b), left_relids: (b 1), right_relids: (b 6), eval_cost: (0.00..0.00), norm_selec: 0.0010, outer_selec: 0.0010, outer_is_left: true, hashjoinoperator: 96, left_bucketsize: 0.1000, right_bucketsize: 0.1000, left_mcvfreq: 0.0000, right_mcvfreq: 0.0000} = {
                                    clause = OpExpr {opno: 96, opfuncid: 65, opresulttype: 16, opretset: false, opcollid: 0, inputcollid: 0, location: -1} = {
                                      args = List with 2 elements = {
                                        0 = Var {varno: 1, varattno: 1, vartype: 23, vartypmod: -1, varcollid: 0, varlevelsup: 0, varnoold: 1, varoattno: 1, location: 163},
                                        1 = Var {varno: 6, varattno: 1, vartype: 23, vartypmod: -1, varcollid: 0, varlevelsup: 0, varnoold: 6, varoattno: 1, location: 504}
                                      }
                                    },
                                    mergeopfamilies = OidList with 1 elements = {1976},
                                    left_em = EquivalenceMember {em_relids: (b 1), em_nullable_relids: (b), em_is_const: false, em_is_child: false, em_datatype: 23} = {
                                      em_expr = Var {varno: 1, varattno: 1, vartype: 23, vartypmod: -1, varcollid: 0, varlevelsup: 0, varnoold: 1, varoattno: 1, location: 163}
                                    },
                                    right_em = EquivalenceMember {em_relids: (b 6), em_nullable_relids: (b), em_is_const: false, em_is_child: false, em_datatype: 23} = {
                                      em_expr = Var {varno: 6, varattno: 1, vartype: 23, vartypmod: -1, varcollid: 0, varlevelsup: 0, varnoold: 6, varoattno: 1, location: 504}
                                    }
                                  },
                                  2 = RestrictInfo {is_pushed_down: true, outerjoin_delayed: false, can_join: true, pseudoconstant: false, leakproof: false, security_level: 0, contain_outer_query_references: false, clause_relids: (b 3 6), required_relids: (b 3 6), outer_relids: (b), nullable_relids: (b), left_relids: (b 3), right_relids: (b 6), eval_cost: (0.00..0.00), norm_selec: 0.0010, outer_selec: 0.0010, outer_is_left: false, hashjoinoperator: 96, left_bucketsize: 0.1000, right_bucketsize: 0.1000, left_mcvfreq: 0.0000, right_mcvfreq: 0.0000} = {
                                    clause = OpExpr {opno: 96, opfuncid: 65, opresulttype: 16, opretset: false, opcollid: 0, inputcollid: 0, location: -1} = {
                                      args = List with 2 elements = {
                                        0 = Var {varno: 3, varattno: 1, vartype: 23, vartypmod: -1, varcollid: 0, varlevelsup: 0, varnoold: 3, varoattno: 1, location: 175},
                                        1 = Var {varno: 6, varattno: 1, vartype: 23, vartypmod: -1, varcollid: 0, varlevelsup: 0, varnoold: 6, varoattno: 1, location: 504}
                                      }
                                    },
                                    mergeopfamilies = OidList with 1 elements = {1976},
                                    left_em = EquivalenceMember {em_relids: (b 3), em_nullable_relids: (b), em_is_const: false, em_is_child: false, em_datatype: 23} = {
                                      em_expr = Var {varno: 3, varattno: 1, vartype: 23, vartypmod: -1, varcollid: 0, varlevelsup: 0, varnoold: 3, varoattno: 1, location: 175}
                                    },
                                    right_em = EquivalenceMember {em_relids: (b 6), em_nullable_relids: (b), em_is_const: false, em_is_child: false, em_datatype: 23} = {
                                      em_expr = Var {varno: 6, varattno: 1, vartype: 23, vartypmod: -1, varcollid: 0, varlevelsup: 0, varnoold: 6, varoattno: 1, location: 504}
                                    }
                                  },
                                  3 = RestrictInfo {is_pushed_down: true, outerjoin_delayed: false, can_join: true, pseudoconstant: false, leakproof: false, security_level: 0, contain_outer_query_references: false, clause_relids: (b 1 3), required_relids: (b 1 3), outer_relids: (b), nullable_relids: (b), left_relids: (b 3), right_relids: (b 1), eval_cost: (0.00..0.00), norm_selec: 0.0010, outer_selec: -1.0000, outer_is_left: false, hashjoinoperator: 96, left_bucketsize: 0.1000, right_bucketsize: 0.1000, left_mcvfreq: 0.0000, right_mcvfreq: 0.0000} = {
                                    clause = OpExpr {opno: 96, opfuncid: 65, opresulttype: 16, opretset: false, opcollid: 0, inputcollid: 0, location: -1} = {
                                      args = List with 2 elements = {
                                        0 = Var {varno: 3, varattno: 1, vartype: 23, vartypmod: -1, varcollid: 0, varlevelsup: 0, varnoold: 3, varoattno: 1, location: 175},
                                        1 = Var {varno: 1, varattno: 1, vartype: 23, vartypmod: -1, varcollid: 0, varlevelsup: 0, varnoold: 1, varoattno: 1, location: 163}
                                      }
                                    },
                                    mergeopfamilies = OidList with 1 elements = {1976},
                                    left_em = EquivalenceMember {em_relids: (b 3), em_nullable_relids: (b), em_is_const: false, em_is_child: false, em_datatype: 23} = {
                                      em_expr = Var {varno: 3, varattno: 1, vartype: 23, vartypmod: -1, varcollid: 0, varlevelsup: 0, varnoold: 3, varoattno: 1, location: 175}
                                    },
                                    right_em = EquivalenceMember {em_relids: (b 1), em_nullable_relids: (b), em_is_const: false, em_is_child: false, em_datatype: 23} = {
                                      em_expr = Var {varno: 1, varattno: 1, vartype: 23, vartypmod: -1, varcollid: 0, varlevelsup: 0, varnoold: 1, varoattno: 1, location: 163}
                                    }
                                  }
                                }
                              }
                            }
                          }
                        },
                        jpath.outerjoinpath = T_SeqScan (cost=0.00..56.67 rows=2267 memo=0.00 parallel_aware=False parallel_safe=False parallel_workers=0 motionHazard=False rescannable=True sameslice_relids=(b 3)) = {
                          parent = (b 3),
                          pathtarget = PathTarget {cost: (0.00..0.00), width: 26} = {
                            exprs = List with 3 elements = {
                              0 = Var {varno: 3, varattno: 1, vartype: 23, vartypmod: -1, varcollid: 0, varlevelsup: 0, varnoold: 3, varoattno: 1, location: 175},
                              1 = Var {varno: 3, varattno: 2, vartype: 23, vartypmod: -1, varcollid: 0, varlevelsup: 0, varnoold: 3, varoattno: 2, location: 204},
                              2 = Var {varno: 3, varattno: 4, vartype: 1700, vartypmod: 983046, varcollid: 0, varlevelsup: 0, varnoold: 3, varoattno: 4, location: 354}
                            }
                          },
                          locus.distkey = List with 1 elements = {
                            0 = DistributionKey dk_opfamily: 1977 = {
                              dk_eclasses = List with 1 elements = {
                                0 = EquivalenceClass {ec_collation: 0, ec_relids: (b 1 3 6), ec_has_const: false, ec_has_volatile: false, ec_broken: false, ec_sortref: 0, ec_min_security: 0, ec_max_security: 0} = {
                                  ec_opfamilies = OidList with 1 elements = {1976},
                                  ec_members = List with 3 elements = {
                                    0 = EquivalenceMember {em_relids: (b 1), em_nullable_relids: (b), em_is_const: false, em_is_child: false, em_datatype: 23} = {
                                      em_expr = Var {varno: 1, varattno: 1, vartype: 23, vartypmod: -1, varcollid: 0, varlevelsup: 0, varnoold: 1, varoattno: 1, location: 163}
                                    },
                                    1 = EquivalenceMember {em_relids: (b 3), em_nullable_relids: (b), em_is_const: false, em_is_child: false, em_datatype: 23} = {
                                      em_expr = Var {varno: 3, varattno: 1, vartype: 23, vartypmod: -1, varcollid: 0, varlevelsup: 0, varnoold: 3, varoattno: 1, location: 175}
                                    },
                                    2 = EquivalenceMember {em_relids: (b 6), em_nullable_relids: (b), em_is_const: false, em_is_child: false, em_datatype: 23} = {
                                      em_expr = Var {varno: 6, varattno: 1, vartype: 23, vartypmod: -1, varcollid: 0, varlevelsup: 0, varnoold: 6, varoattno: 1, location: 504}
                                    }
                                  },
                                  ec_sources = List with 2 elements = {
                                    0 = RestrictInfo {is_pushed_down: true, outerjoin_delayed: false, can_join: true, pseudoconstant: false, leakproof: false, security_level: 0, contain_outer_query_references: false, clause_relids: (b 1 3), required_relids: (b 1 3), outer_relids: (b), nullable_relids: (b), left_relids: (b 1), right_relids: (b 3), eval_cost: (-1.00..0.00), norm_selec: -1.0000, outer_selec: -1.0000, outer_is_left: false, hashjoinoperator: 0, left_bucketsize: -1.0000, right_bucketsize: -1.0000, left_mcvfreq: -1.0000, right_mcvfreq: -1.0000} = {
                                      clause = OpExpr {opno: 96, opfuncid: 65, opresulttype: 16, opretset: false, opcollid: 0, inputcollid: 0, location: 173} = {
                                        args = List with 2 elements = {...}
                                      },
                                      mergeopfamilies = OidList with 1 elements = {1976},
                                      left_em = EquivalenceMember {em_relids: (b 1), em_nullable_relids: (b), em_is_const: false, em_is_child: false, em_datatype: 23} = {
                                        em_expr = Var {varno: 1, varattno: 1, vartype: 23, vartypmod: -1, varcollid: 0, varlevelsup: 0, varnoold: 1, varoattno: 1, location: 163}
                                      },
                                      right_em = EquivalenceMember {em_relids: (b 3), em_nullable_relids: (b), em_is_const: false, em_is_child: false, em_datatype: 23} = {
                                        em_expr = Var {varno: 3, varattno: 1, vartype: 23, vartypmod: -1, varcollid: 0, varlevelsup: 0, varnoold: 3, varoattno: 1, location: 175}
                                      }
                                    },
                                    1 = RestrictInfo {is_pushed_down: true, outerjoin_delayed: false, can_join: true, pseudoconstant: false, leakproof: false, security_level: 0, contain_outer_query_references: false, clause_relids: (b 1 6), required_relids: (b 1 6), outer_relids: (b), nullable_relids: (b), left_relids: (b 1), right_relids: (b 6), eval_cost: (-1.00..0.00), norm_selec: -1.0000, outer_selec: -1.0000, outer_is_left: false, hashjoinoperator: 0, left_bucketsize: -1.0000, right_bucketsize: -1.0000, left_mcvfreq: -1.0000, right_mcvfreq: -1.0000} = {
                                      clause = OpExpr {opno: 96, opfuncid: 65, opresulttype: 16, opretset: false, opcollid: 0, inputcollid: 0, location: 502} = {
                                        args = List with 2 elements = {...}
                                      },
                                      mergeopfamilies = OidList with 1 elements = {1976},
                                      left_em = EquivalenceMember {em_relids: (b 1), em_nullable_relids: (b), em_is_const: false, em_is_child: false, em_datatype: 23} = {
                                        em_expr = Var {varno: 1, varattno: 1, vartype: 23, vartypmod: -1, varcollid: 0, varlevelsup: 0, varnoold: 1, varoattno: 1, location: 163}
                                      },
                                      right_em = EquivalenceMember {em_relids: (b 6), em_nullable_relids: (b), em_is_const: false, em_is_child: false, em_datatype: 23} = {
                                        em_expr = Var {varno: 6, varattno: 1, vartype: 23, vartypmod: -1, varcollid: 0, varlevelsup: 0, varnoold: 6, varoattno: 1, location: 504}
                                      }
                                    }
                                  },
                                  ec_derives = List with 4 elements = {
                                    0 = RestrictInfo {is_pushed_down: true, outerjoin_delayed: false, can_join: true, pseudoconstant: false, leakproof: false, security_level: 0, contain_outer_query_references: false, clause_relids: (b 1 3), required_relids: (b 1 3), outer_relids: (b), nullable_relids: (b), left_relids: (b 1), right_relids: (b 3), eval_cost: (0.00..0.00), norm_selec: 0.0010, outer_selec: -1.0000, outer_is_left: false, hashjoinoperator: 96, left_bucketsize: 0.1000, right_bucketsize: 0.1000, left_mcvfreq: 0.0000, right_mcvfreq: 0.0000} = {
                                      clause = OpExpr {opno: 96, opfuncid: 65, opresulttype: 16, opretset: false, opcollid: 0, inputcollid: 0, location: -1} = {
                                        args = List with 2 elements = {...}
                                      },
                                      mergeopfamilies = OidList with 1 elements = {1976},
                                      left_em = EquivalenceMember {em_relids: (b 1), em_nullable_relids: (b), em_is_const: false, em_is_child: false, em_datatype: 23} = {
                                        em_expr = Var {varno: 1, varattno: 1, vartype: 23, vartypmod: -1, varcollid: 0, varlevelsup: 0, varnoold: 1, varoattno: 1, location: 163}
                                      },
                                      right_em = EquivalenceMember {em_relids: (b 3), em_nullable_relids: (b), em_is_const: false, em_is_child: false, em_datatype: 23} = {
                                        em_expr = Var {varno: 3, varattno: 1, vartype: 23, vartypmod: -1, varcollid: 0, varlevelsup: 0, varnoold: 3, varoattno: 1, location: 175}
                                      }
                                    },
                                    1 = RestrictInfo {is_pushed_down: true, outerjoin_delayed: false, can_join: true, pseudoconstant: false, leakproof: false, security_level: 0, contain_outer_query_references: false, clause_relids: (b 1 6), required_relids: (b 1 6), outer_relids: (b), nullable_relids: (b), left_relids: (b 1), right_relids: (b 6), eval_cost: (0.00..0.00), norm_selec: 0.0010, outer_selec: 0.0010, outer_is_left: true, hashjoinoperator: 96, left_bucketsize: 0.1000, right_bucketsize: 0.1000, left_mcvfreq: 0.0000, right_mcvfreq: 0.0000} = {
                                      clause = OpExpr {opno: 96, opfuncid: 65, opresulttype: 16, opretset: false, opcollid: 0, inputcollid: 0, location: -1} = {
                                        args = List with 2 elements = {...}
                                      },
                                      mergeopfamilies = OidList with 1 elements = {1976},
                                      left_em = EquivalenceMember {em_relids: (b 1), em_nullable_relids: (b), em_is_const: false, em_is_child: false, em_datatype: 23} = {
                                        em_expr = Var {varno: 1, varattno: 1, vartype: 23, vartypmod: -1, varcollid: 0, varlevelsup: 0, varnoold: 1, varoattno: 1, location: 163}
                                      },
                                      right_em = EquivalenceMember {em_relids: (b 6), em_nullable_relids: (b), em_is_const: false, em_is_child: false, em_datatype: 23} = {
                                        em_expr = Var {varno: 6, varattno: 1, vartype: 23, vartypmod: -1, varcollid: 0, varlevelsup: 0, varnoold: 6, varoattno: 1, location: 504}
                                      }
                                    },
                                    2 = RestrictInfo {is_pushed_down: true, outerjoin_delayed: false, can_join: true, pseudoconstant: false, leakproof: false, security_level: 0, contain_outer_query_references: false, clause_relids: (b 3 6), required_relids: (b 3 6), outer_relids: (b), nullable_relids: (b), left_relids: (b 3), right_relids: (b 6), eval_cost: (0.00..0.00), norm_selec: 0.0010, outer_selec: 0.0010, outer_is_left: false, hashjoinoperator: 96, left_bucketsize: 0.1000, right_bucketsize: 0.1000, left_mcvfreq: 0.0000, right_mcvfreq: 0.0000} = {
                                      clause = OpExpr {opno: 96, opfuncid: 65, opresulttype: 16, opretset: false, opcollid: 0, inputcollid: 0, location: -1} = {
                                        args = List with 2 elements = {...}
                                      },
                                      mergeopfamilies = OidList with 1 elements = {1976},
                                      left_em = EquivalenceMember {em_relids: (b 3), em_nullable_relids: (b), em_is_const: false, em_is_child: false, em_datatype: 23} = {
                                        em_expr = Var {varno: 3, varattno: 1, vartype: 23, vartypmod: -1, varcollid: 0, varlevelsup: 0, varnoold: 3, varoattno: 1, location: 175}
                                      },
                                      right_em = EquivalenceMember {em_relids: (b 6), em_nullable_relids: (b), em_is_const: false, em_is_child: false, em_datatype: 23} = {
                                        em_expr = Var {varno: 6, varattno: 1, vartype: 23, vartypmod: -1, varcollid: 0, varlevelsup: 0, varnoold: 6, varoattno: 1, location: 504}
                                      }
                                    },
                                    3 = RestrictInfo {is_pushed_down: true, outerjoin_delayed: false, can_join: true, pseudoconstant: false, leakproof: false, security_level: 0, contain_outer_query_references: false, clause_relids: (b 1 3), required_relids: (b 1 3), outer_relids: (b), nullable_relids: (b), left_relids: (b 3), right_relids: (b 1), eval_cost: (0.00..0.00), norm_selec: 0.0010, outer_selec: -1.0000, outer_is_left: false, hashjoinoperator: 96, left_bucketsize: 0.1000, right_bucketsize: 0.1000, left_mcvfreq: 0.0000, right_mcvfreq: 0.0000} = {
                                      clause = OpExpr {opno: 96, opfuncid: 65, opresulttype: 16, opretset: false, opcollid: 0, inputcollid: 0, location: -1} = {
                                        args = List with 2 elements = {...}
                                      },
                                      mergeopfamilies = OidList with 1 elements = {1976},
                                      left_em = EquivalenceMember {em_relids: (b 3), em_nullable_relids: (b), em_is_const: false, em_is_child: false, em_datatype: 23} = {
                                        em_expr = Var {varno: 3, varattno: 1, vartype: 23, vartypmod: -1, varcollid: 0, varlevelsup: 0, varnoold: 3, varoattno: 1, location: 175}
                                      },
                                      right_em = EquivalenceMember {em_relids: (b 1), em_nullable_relids: (b), em_is_const: false, em_is_child: false, em_datatype: 23} = {
                                        em_expr = Var {varno: 1, varattno: 1, vartype: 23, vartypmod: -1, varcollid: 0, varlevelsup: 0, varnoold: 1, varoattno: 1, location: 163}
                                      }
                                    }
                                  }
                                }
                              }
                            }
                          }
                        },
                        jpath.innerjoinpath = T_SeqScan (cost=0.00..66.00 rows=1 memo=0.00 parallel_aware=False parallel_safe=False parallel_workers=0 motionHazard=False rescannable=True sameslice_relids=(b 1)) = {
                          parent = (b 1),
                          pathtarget = PathTarget {cost: (0.00..0.00), width: 108} = {
                            exprs = List with 2 elements = {
                              0 = Var {varno: 1, varattno: 1, vartype: 23, vartypmod: -1, varcollid: 0, varlevelsup: 0, varnoold: 1, varoattno: 1, location: 42},
                              1 = Var {varno: 1, varattno: 3, vartype: 1042, vartypmod: 29, varcollid: 100, varlevelsup: 0, varnoold: 1, varoattno: 3, location: 55}
                            }
                          },
                          locus.distkey = List with 1 elements = {
                            0 = DistributionKey dk_opfamily: 1977 = {
                              dk_eclasses = List with 1 elements = {
                                0 = EquivalenceClass {ec_collation: 0, ec_relids: (b 1 3 6), ec_has_const: false, ec_has_volatile: false, ec_broken: false, ec_sortref: 0, ec_min_security: 0, ec_max_security: 0} = {
                                  ec_opfamilies = OidList with 1 elements = {1976},
                                  ec_members = List with 3 elements = {
                                    0 = EquivalenceMember {em_relids: (b 1), em_nullable_relids: (b), em_is_const: false, em_is_child: false, em_datatype: 23} = {
                                      em_expr = Var {varno: 1, varattno: 1, vartype: 23, vartypmod: -1, varcollid: 0, varlevelsup: 0, varnoold: 1, varoattno: 1, location: 163}
                                    },
                                    1 = EquivalenceMember {em_relids: (b 3), em_nullable_relids: (b), em_is_const: false, em_is_child: false, em_datatype: 23} = {
                                      em_expr = Var {varno: 3, varattno: 1, vartype: 23, vartypmod: -1, varcollid: 0, varlevelsup: 0, varnoold: 3, varoattno: 1, location: 175}
                                    },
                                    2 = EquivalenceMember {em_relids: (b 6), em_nullable_relids: (b), em_is_const: false, em_is_child: false, em_datatype: 23} = {
                                      em_expr = Var {varno: 6, varattno: 1, vartype: 23, vartypmod: -1, varcollid: 0, varlevelsup: 0, varnoold: 6, varoattno: 1, location: 504}
                                    }
                                  },
                                  ec_sources = List with 2 elements = {
                                    0 = RestrictInfo {is_pushed_down: true, outerjoin_delayed: false, can_join: true, pseudoconstant: false, leakproof: false, security_level: 0, contain_outer_query_references: false, clause_relids: (b 1 3), required_relids: (b 1 3), outer_relids: (b), nullable_relids: (b), left_relids: (b 1), right_relids: (b 3), eval_cost: (-1.00..0.00), norm_selec: -1.0000, outer_selec: -1.0000, outer_is_left: false, hashjoinoperator: 0, left_bucketsize: -1.0000, right_bucketsize: -1.0000, left_mcvfreq: -1.0000, right_mcvfreq: -1.0000} = {
                                      clause = OpExpr {opno: 96, opfuncid: 65, opresulttype: 16, opretset: false, opcollid: 0, inputcollid: 0, location: 173} = {
                                        args = List with 2 elements = {...}
                                      },
                                      mergeopfamilies = OidList with 1 elements = {1976},
                                      left_em = EquivalenceMember {em_relids: (b 1), em_nullable_relids: (b), em_is_const: false, em_is_child: false, em_datatype: 23} = {
                                        em_expr = Var {varno: 1, varattno: 1, vartype: 23, vartypmod: -1, varcollid: 0, varlevelsup: 0, varnoold: 1, varoattno: 1, location: 163}
                                      },
                                      right_em = EquivalenceMember {em_relids: (b 3), em_nullable_relids: (b), em_is_const: false, em_is_child: false, em_datatype: 23} = {
                                        em_expr = Var {varno: 3, varattno: 1, vartype: 23, vartypmod: -1, varcollid: 0, varlevelsup: 0, varnoold: 3, varoattno: 1, location: 175}
                                      }
                                    },
                                    1 = RestrictInfo {is_pushed_down: true, outerjoin_delayed: false, can_join: true, pseudoconstant: false, leakproof: false, security_level: 0, contain_outer_query_references: false, clause_relids: (b 1 6), required_relids: (b 1 6), outer_relids: (b), nullable_relids: (b), left_relids: (b 1), right_relids: (b 6), eval_cost: (-1.00..0.00), norm_selec: -1.0000, outer_selec: -1.0000, outer_is_left: false, hashjoinoperator: 0, left_bucketsize: -1.0000, right_bucketsize: -1.0000, left_mcvfreq: -1.0000, right_mcvfreq: -1.0000} = {
                                      clause = OpExpr {opno: 96, opfuncid: 65, opresulttype: 16, opretset: false, opcollid: 0, inputcollid: 0, location: 502} = {
                                        args = List with 2 elements = {...}
                                      },
                                      mergeopfamilies = OidList with 1 elements = {1976},
                                      left_em = EquivalenceMember {em_relids: (b 1), em_nullable_relids: (b), em_is_const: false, em_is_child: false, em_datatype: 23} = {
                                        em_expr = Var {varno: 1, varattno: 1, vartype: 23, vartypmod: -1, varcollid: 0, varlevelsup: 0, varnoold: 1, varoattno: 1, location: 163}
                                      },
                                      right_em = EquivalenceMember {em_relids: (b 6), em_nullable_relids: (b), em_is_const: false, em_is_child: false, em_datatype: 23} = {
                                        em_expr = Var {varno: 6, varattno: 1, vartype: 23, vartypmod: -1, varcollid: 0, varlevelsup: 0, varnoold: 6, varoattno: 1, location: 504}
                                      }
                                    }
                                  },
                                  ec_derives = List with 4 elements = {
                                    0 = RestrictInfo {is_pushed_down: true, outerjoin_delayed: false, can_join: true, pseudoconstant: false, leakproof: false, security_level: 0, contain_outer_query_references: false, clause_relids: (b 1 3), required_relids: (b 1 3), outer_relids: (b), nullable_relids: (b), left_relids: (b 1), right_relids: (b 3), eval_cost: (0.00..0.00), norm_selec: 0.0010, outer_selec: -1.0000, outer_is_left: false, hashjoinoperator: 96, left_bucketsize: 0.1000, right_bucketsize: 0.1000, left_mcvfreq: 0.0000, right_mcvfreq: 0.0000} = {
                                      clause = OpExpr {opno: 96, opfuncid: 65, opresulttype: 16, opretset: false, opcollid: 0, inputcollid: 0, location: -1} = {
                                        args = List with 2 elements = {...}
                                      },
                                      mergeopfamilies = OidList with 1 elements = {1976},
                                      left_em = EquivalenceMember {em_relids: (b 1), em_nullable_relids: (b), em_is_const: false, em_is_child: false, em_datatype: 23} = {
                                        em_expr = Var {varno: 1, varattno: 1, vartype: 23, vartypmod: -1, varcollid: 0, varlevelsup: 0, varnoold: 1, varoattno: 1, location: 163}
                                      },
                                      right_em = EquivalenceMember {em_relids: (b 3), em_nullable_relids: (b), em_is_const: false, em_is_child: false, em_datatype: 23} = {
                                        em_expr = Var {varno: 3, varattno: 1, vartype: 23, vartypmod: -1, varcollid: 0, varlevelsup: 0, varnoold: 3, varoattno: 1, location: 175}
                                      }
                                    },
                                    1 = RestrictInfo {is_pushed_down: true, outerjoin_delayed: false, can_join: true, pseudoconstant: false, leakproof: false, security_level: 0, contain_outer_query_references: false, clause_relids: (b 1 6), required_relids: (b 1 6), outer_relids: (b), nullable_relids: (b), left_relids: (b 1), right_relids: (b 6), eval_cost: (0.00..0.00), norm_selec: 0.0010, outer_selec: 0.0010, outer_is_left: true, hashjoinoperator: 96, left_bucketsize: 0.1000, right_bucketsize: 0.1000, left_mcvfreq: 0.0000, right_mcvfreq: 0.0000} = {
                                      clause = OpExpr {opno: 96, opfuncid: 65, opresulttype: 16, opretset: false, opcollid: 0, inputcollid: 0, location: -1} = {
                                        args = List with 2 elements = {...}
                                      },
                                      mergeopfamilies = OidList with 1 elements = {1976},
                                      left_em = EquivalenceMember {em_relids: (b 1), em_nullable_relids: (b), em_is_const: false, em_is_child: false, em_datatype: 23} = {
                                        em_expr = Var {varno: 1, varattno: 1, vartype: 23, vartypmod: -1, varcollid: 0, varlevelsup: 0, varnoold: 1, varoattno: 1, location: 163}
                                      },
                                      right_em = EquivalenceMember {em_relids: (b 6), em_nullable_relids: (b), em_is_const: false, em_is_child: false, em_datatype: 23} = {
                                        em_expr = Var {varno: 6, varattno: 1, vartype: 23, vartypmod: -1, varcollid: 0, varlevelsup: 0, varnoold: 6, varoattno: 1, location: 504}
                                      }
                                    },
                                    2 = RestrictInfo {is_pushed_down: true, outerjoin_delayed: false, can_join: true, pseudoconstant: false, leakproof: false, security_level: 0, contain_outer_query_references: false, clause_relids: (b 3 6), required_relids: (b 3 6), outer_relids: (b), nullable_relids: (b), left_relids: (b 3), right_relids: (b 6), eval_cost: (0.00..0.00), norm_selec: 0.0010, outer_selec: 0.0010, outer_is_left: false, hashjoinoperator: 96, left_bucketsize: 0.1000, right_bucketsize: 0.1000, left_mcvfreq: 0.0000, right_mcvfreq: 0.0000} = {
                                      clause = OpExpr {opno: 96, opfuncid: 65, opresulttype: 16, opretset: false, opcollid: 0, inputcollid: 0, location: -1} = {
                                        args = List with 2 elements = {...}
                                      },
                                      mergeopfamilies = OidList with 1 elements = {1976},
                                      left_em = EquivalenceMember {em_relids: (b 3), em_nullable_relids: (b), em_is_const: false, em_is_child: false, em_datatype: 23} = {
                                        em_expr = Var {varno: 3, varattno: 1, vartype: 23, vartypmod: -1, varcollid: 0, varlevelsup: 0, varnoold: 3, varoattno: 1, location: 175}
                                      },
                                      right_em = EquivalenceMember {em_relids: (b 6), em_nullable_relids: (b), em_is_const: false, em_is_child: false, em_datatype: 23} = {
                                        em_expr = Var {varno: 6, varattno: 1, vartype: 23, vartypmod: -1, varcollid: 0, varlevelsup: 0, varnoold: 6, varoattno: 1, location: 504}
                                      }
                                    },
                                    3 = RestrictInfo {is_pushed_down: true, outerjoin_delayed: false, can_join: true, pseudoconstant: false, leakproof: false, security_level: 0, contain_outer_query_references: false, clause_relids: (b 1 3), required_relids: (b 1 3), outer_relids: (b), nullable_relids: (b), left_relids: (b 3), right_relids: (b 1), eval_cost: (0.00..0.00), norm_selec: 0.0010, outer_selec: -1.0000, outer_is_left: false, hashjoinoperator: 96, left_bucketsize: 0.1000, right_bucketsize: 0.1000, left_mcvfreq: 0.0000, right_mcvfreq: 0.0000} = {
                                      clause = OpExpr {opno: 96, opfuncid: 65, opresulttype: 16, opretset: false, opcollid: 0, inputcollid: 0, location: -1} = {
                                        args = List with 2 elements = {...}
                                      },
                                      mergeopfamilies = OidList with 1 elements = {1976},
                                      left_em = EquivalenceMember {em_relids: (b 3), em_nullable_relids: (b), em_is_const: false, em_is_child: false, em_datatype: 23} = {
                                        em_expr = Var {varno: 3, varattno: 1, vartype: 23, vartypmod: -1, varcollid: 0, varlevelsup: 0, varnoold: 3, varoattno: 1, location: 175}
                                      },
                                      right_em = EquivalenceMember {em_relids: (b 1), em_nullable_relids: (b), em_is_const: false, em_is_child: false, em_datatype: 23} = {
                                        em_expr = Var {varno: 1, varattno: 1, vartype: 23, vartypmod: -1, varcollid: 0, varlevelsup: 0, varnoold: 1, varoattno: 1, location: 163}
                                      }
                                    }
                                  }
                                }
                              }
                            }
                          }
                        },
                        jpath.joinrestrictinfo = List with 1 elements = {
                          0 = RestrictInfo {is_pushed_down: true, outerjoin_delayed: false, can_join: true, pseudoconstant: false, leakproof: false, security_level: 0, contain_outer_query_references: false, clause_relids: (b 1 3), required_relids: (b 1 3), outer_relids: (b), nullable_relids: (b), left_relids: (b 1), right_relids: (b 3), eval_cost: (0.00..0.00), norm_selec: 0.0010, outer_selec: -1.0000, outer_is_left: false, hashjoinoperator: 96, left_bucketsize: 0.1000, right_bucketsize: 0.1000, left_mcvfreq: 0.0000, right_mcvfreq: 0.0000} = {
                            clause = OpExpr {opno: 96, opfuncid: 65, opresulttype: 16, opretset: false, opcollid: 0, inputcollid: 0, location: -1} = {
                              args = List with 2 elements = {
                                0 = Var {varno: 1, varattno: 1, vartype: 23, vartypmod: -1, varcollid: 0, varlevelsup: 0, varnoold: 1, varoattno: 1, location: 163},
                                1 = Var {varno: 3, varattno: 1, vartype: 23, vartypmod: -1, varcollid: 0, varlevelsup: 0, varnoold: 3, varoattno: 1, location: 175}
                              }
                            },
                            mergeopfamilies = OidList with 1 elements = {1976},
                            left_em = EquivalenceMember {em_relids: (b 1), em_nullable_relids: (b), em_is_const: false, em_is_child: false, em_datatype: 23} = {
                              em_expr = Var {varno: 1, varattno: 1, vartype: 23, vartypmod: -1, varcollid: 0, varlevelsup: 0, varnoold: 1, varoattno: 1, location: 163}
                            },
                            right_em = EquivalenceMember {em_relids: (b 3), em_nullable_relids: (b), em_is_const: false, em_is_child: false, em_datatype: 23} = {
                              em_expr = Var {varno: 3, varattno: 1, vartype: 23, vartypmod: -1, varcollid: 0, varlevelsup: 0, varnoold: 3, varoattno: 1, location: 175}
                            }
                          }
                        },
                        path_hashclauses = List with 1 elements = {
                          0 = RestrictInfo {is_pushed_down: true, outerjoin_delayed: false, can_join: true, pseudoconstant: false, leakproof: false, security_level: 0, contain_outer_query_references: false, clause_relids: (b 1 3), required_relids: (b 1 3), outer_relids: (b), nullable_relids: (b), left_relids: (b 1), right_relids: (b 3), eval_cost: (0.00..0.00), norm_selec: 0.0010, outer_selec: -1.0000, outer_is_left: false, hashjoinoperator: 96, left_bucketsize: 0.1000, right_bucketsize: 0.1000, left_mcvfreq: 0.0000, right_mcvfreq: 0.0000} = {
                            clause = OpExpr {opno: 96, opfuncid: 65, opresulttype: 16, opretset: false, opcollid: 0, inputcollid: 0, location: -1} = {
                              args = List with 2 elements = {
                                0 = Var {varno: 1, varattno: 1, vartype: 23, vartypmod: -1, varcollid: 0, varlevelsup: 0, varnoold: 1, varoattno: 1, location: 163},
                                1 = Var {varno: 3, varattno: 1, vartype: 23, vartypmod: -1, varcollid: 0, varlevelsup: 0, varnoold: 3, varoattno: 1, location: 175}
                              }
                            },
                            mergeopfamilies = OidList with 1 elements = {1976},
                            left_em = EquivalenceMember {em_relids: (b 1), em_nullable_relids: (b), em_is_const: false, em_is_child: false, em_datatype: 23} = {
                              em_expr = Var {varno: 1, varattno: 1, vartype: 23, vartypmod: -1, varcollid: 0, varlevelsup: 0, varnoold: 1, varoattno: 1, location: 163}
                            },
                            right_em = EquivalenceMember {em_relids: (b 3), em_nullable_relids: (b), em_is_const: false, em_is_child: false, em_datatype: 23} = {
                              em_expr = Var {varno: 3, varattno: 1, vartype: 23, vartypmod: -1, varcollid: 0, varlevelsup: 0, varnoold: 3, varoattno: 1, location: 175}
                            }
                          }
                        }
                      }
                    },
                    jpath.joinrestrictinfo = List with 1 elements = {
                      0 = RestrictInfo {is_pushed_down: true, outerjoin_delayed: false, can_join: true, pseudoconstant: false, leakproof: false, security_level: 0, contain_outer_query_references: false, clause_relids: (b 2 3), required_relids: (b 2 3), outer_relids: (b), nullable_relids: (b), left_relids: (b 3), right_relids: (b 2), eval_cost: (0.00..0.00), norm_selec: 0.0010, outer_selec: -1.0000, outer_is_left: false, hashjoinoperator: 96, left_bucketsize: 0.1000, right_bucketsize: 0.1000, left_mcvfreq: 0.0000, right_mcvfreq: 0.0000} = {
                        clause = OpExpr {opno: 96, opfuncid: 65, opresulttype: 16, opretset: false, opcollid: 0, inputcollid: 0, location: -1} = {
                          args = List with 2 elements = {
                            0 = Var {varno: 3, varattno: 2, vartype: 23, vartypmod: -1, varcollid: 0, varlevelsup: 0, varnoold: 3, varoattno: 2, location: 204},
                            1 = Var {varno: 2, varattno: 1, vartype: 23, vartypmod: -1, varcollid: 0, varlevelsup: 0, varnoold: 2, varoattno: 1, location: 192}
                          }
                        },
                        mergeopfamilies = OidList with 1 elements = {1976},
                        left_em = EquivalenceMember {em_relids: (b 3), em_nullable_relids: (b), em_is_const: false, em_is_child: false, em_datatype: 23} = {
                          em_expr = Var {varno: 3, varattno: 2, vartype: 23, vartypmod: -1, varcollid: 0, varlevelsup: 0, varnoold: 3, varoattno: 2, location: 204}
                        },
                        right_em = EquivalenceMember {em_relids: (b 2), em_nullable_relids: (b), em_is_const: false, em_is_child: false, em_datatype: 23} = {
                          em_expr = Var {varno: 2, varattno: 1, vartype: 23, vartypmod: -1, varcollid: 0, varlevelsup: 0, varnoold: 2, varoattno: 1, location: 192}
                        }
                      }
                    },
                    path_hashclauses = List with 1 elements = {
                      0 = RestrictInfo {is_pushed_down: true, outerjoin_delayed: false, can_join: true, pseudoconstant: false, leakproof: false, security_level: 0, contain_outer_query_references: false, clause_relids: (b 2 3), required_relids: (b 2 3), outer_relids: (b), nullable_relids: (b), left_relids: (b 3), right_relids: (b 2), eval_cost: (0.00..0.00), norm_selec: 0.0010, outer_selec: -1.0000, outer_is_left: false, hashjoinoperator: 96, left_bucketsize: 0.1000, right_bucketsize: 0.1000, left_mcvfreq: 0.0000, right_mcvfreq: 0.0000} = {
                        clause = OpExpr {opno: 96, opfuncid: 65, opresulttype: 16, opretset: false, opcollid: 0, inputcollid: 0, location: -1} = {
                          args = List with 2 elements = {
                            0 = Var {varno: 3, varattno: 2, vartype: 23, vartypmod: -1, varcollid: 0, varlevelsup: 0, varnoold: 3, varoattno: 2, location: 204},
                            1 = Var {varno: 2, varattno: 1, vartype: 23, vartypmod: -1, varcollid: 0, varlevelsup: 0, varnoold: 2, varoattno: 1, location: 192}
                          }
                        },
                        mergeopfamilies = OidList with 1 elements = {1976},
                        left_em = EquivalenceMember {em_relids: (b 3), em_nullable_relids: (b), em_is_const: false, em_is_child: false, em_datatype: 23} = {
                          em_expr = Var {varno: 3, varattno: 2, vartype: 23, vartypmod: -1, varcollid: 0, varlevelsup: 0, varnoold: 3, varoattno: 2, location: 204}
                        },
                        right_em = EquivalenceMember {em_relids: (b 2), em_nullable_relids: (b), em_is_const: false, em_is_child: false, em_datatype: 23} = {
                          em_expr = Var {varno: 2, varattno: 1, vartype: 23, vartypmod: -1, varcollid: 0, varlevelsup: 0, varnoold: 2, varoattno: 1, location: 192}
                        }
                      }
                    }
                  },
                  jpath.joinrestrictinfo = List with 1 elements = {
                    0 = RestrictInfo {is_pushed_down: true, outerjoin_delayed: false, can_join: true, pseudoconstant: false, leakproof: false, security_level: 0, contain_outer_query_references: false, clause_relids: (b 2 4), required_relids: (b 2 4), outer_relids: (b), nullable_relids: (b), left_relids: (b 4), right_relids: (b 2), eval_cost: (0.00..0.00), norm_selec: 0.0010, outer_selec: -1.0000, outer_is_left: true, hashjoinoperator: 96, left_bucketsize: 0.1000, right_bucketsize: 0.1000, left_mcvfreq: 0.0000, right_mcvfreq: 0.0000} = {
                      clause = OpExpr {opno: 96, opfuncid: 65, opresulttype: 16, opretset: false, opcollid: 0, inputcollid: 0, location: -1} = {
                        args = List with 2 elements = {
                          0 = Var {varno: 4, varattno: 1, vartype: 23, vartypmod: -1, varcollid: 0, varlevelsup: 0, varnoold: 4, varoattno: 1, location: 280},
                          1 = Var {varno: 2, varattno: 4, vartype: 23, vartypmod: -1, varcollid: 0, varlevelsup: 0, varnoold: 2, varoattno: 4, location: 266}
                        }
                      },
                      mergeopfamilies = OidList with 1 elements = {1976},
                      left_em = EquivalenceMember {em_relids: (b 4), em_nullable_relids: (b), em_is_const: false, em_is_child: false, em_datatype: 23} = {
                        em_expr = Var {varno: 4, varattno: 1, vartype: 23, vartypmod: -1, varcollid: 0, varlevelsup: 0, varnoold: 4, varoattno: 1, location: 280}
                      },
                      right_em = EquivalenceMember {em_relids: (b 2), em_nullable_relids: (b), em_is_const: false, em_is_child: false, em_datatype: 23} = {
                        em_expr = Var {varno: 2, varattno: 4, vartype: 23, vartypmod: -1, varcollid: 0, varlevelsup: 0, varnoold: 2, varoattno: 4, location: 266}
                      }
                    }
                  },
                  path_hashclauses = List with 1 elements = {
                    0 = RestrictInfo {is_pushed_down: true, outerjoin_delayed: false, can_join: true, pseudoconstant: false, leakproof: false, security_level: 0, contain_outer_query_references: false, clause_relids: (b 2 4), required_relids: (b 2 4), outer_relids: (b), nullable_relids: (b), left_relids: (b 4), right_relids: (b 2), eval_cost: (0.00..0.00), norm_selec: 0.0010, outer_selec: -1.0000, outer_is_left: true, hashjoinoperator: 96, left_bucketsize: 0.1000, right_bucketsize: 0.1000, left_mcvfreq: 0.0000, right_mcvfreq: 0.0000} = {
                      clause = OpExpr {opno: 96, opfuncid: 65, opresulttype: 16, opretset: false, opcollid: 0, inputcollid: 0, location: -1} = {
                        args = List with 2 elements = {
                          0 = Var {varno: 4, varattno: 1, vartype: 23, vartypmod: -1, varcollid: 0, varlevelsup: 0, varnoold: 4, varoattno: 1, location: 280},
                          1 = Var {varno: 2, varattno: 4, vartype: 23, vartypmod: -1, varcollid: 0, varlevelsup: 0, varnoold: 2, varoattno: 4, location: 266}
                        }
                      },
                      mergeopfamilies = OidList with 1 elements = {1976},
                      left_em = EquivalenceMember {em_relids: (b 4), em_nullable_relids: (b), em_is_const: false, em_is_child: false, em_datatype: 23} = {
                        em_expr = Var {varno: 4, varattno: 1, vartype: 23, vartypmod: -1, varcollid: 0, varlevelsup: 0, varnoold: 4, varoattno: 1, location: 280}
                      },
                      right_em = EquivalenceMember {em_relids: (b 2), em_nullable_relids: (b), em_is_const: false, em_is_child: false, em_datatype: 23} = {
                        em_expr = Var {varno: 2, varattno: 4, vartype: 23, vartypmod: -1, varcollid: 0, varlevelsup: 0, varnoold: 2, varoattno: 4, location: 266}
                      }
                    }
                  }
                }
              },
              jpath.innerjoinpath = SubqueryScanPath T_SubqueryScan (cost=365.47..372.14 rows=333 memo=0.00 parallel_aware=False parallel_safe=False parallel_workers=0 motionHazard=False rescannable=False sameslice_relids=(b))  = {
                path.parent = (b 6),
                path.pathtarget = PathTarget {cost: (0.00..0.00), width: 36} = {
                  exprs = List with 2 elements = {
                    0 = Var {varno: 6, varattno: 2, vartype: 1700, vartypmod: -1, varcollid: 0, varlevelsup: 0, varnoold: 6, varoattno: 2, location: -1},
                    1 = Var {varno: 6, varattno: 1, vartype: 23, vartypmod: -1, varcollid: 0, varlevelsup: 0, varnoold: 6, varoattno: 1, location: 504}
                  }
                },
                path.locus.distkey = List with 1 elements = {
                  0 = DistributionKey dk_opfamily: 1977 = {
                    dk_eclasses = List with 1 elements = {
                      0 = EquivalenceClass {ec_collation: 0, ec_relids: (b 1 3 6), ec_has_const: false, ec_has_volatile: false, ec_broken: false, ec_sortref: 0, ec_min_security: 0, ec_max_security: 0} = {
                        ec_opfamilies = OidList with 1 elements = {1976},
                        ec_members = List with 3 elements = {
                          0 = EquivalenceMember {em_relids: (b 1), em_nullable_relids: (b), em_is_const: false, em_is_child: false, em_datatype: 23} = {
                            em_expr = Var {varno: 1, varattno: 1, vartype: 23, vartypmod: -1, varcollid: 0, varlevelsup: 0, varnoold: 1, varoattno: 1, location: 163}
                          },
                          1 = EquivalenceMember {em_relids: (b 3), em_nullable_relids: (b), em_is_const: false, em_is_child: false, em_datatype: 23} = {
                            em_expr = Var {varno: 3, varattno: 1, vartype: 23, vartypmod: -1, varcollid: 0, varlevelsup: 0, varnoold: 3, varoattno: 1, location: 175}
                          },
                          2 = EquivalenceMember {em_relids: (b 6), em_nullable_relids: (b), em_is_const: false, em_is_child: false, em_datatype: 23} = {
                            em_expr = Var {varno: 6, varattno: 1, vartype: 23, vartypmod: -1, varcollid: 0, varlevelsup: 0, varnoold: 6, varoattno: 1, location: 504}
                          }
                        },
                        ec_sources = List with 2 elements = {
                          0 = RestrictInfo {is_pushed_down: true, outerjoin_delayed: false, can_join: true, pseudoconstant: false, leakproof: false, security_level: 0, contain_outer_query_references: false, clause_relids: (b 1 3), required_relids: (b 1 3), outer_relids: (b), nullable_relids: (b), left_relids: (b 1), right_relids: (b 3), eval_cost: (-1.00..0.00), norm_selec: -1.0000, outer_selec: -1.0000, outer_is_left: false, hashjoinoperator: 0, left_bucketsize: -1.0000, right_bucketsize: -1.0000, left_mcvfreq: -1.0000, right_mcvfreq: -1.0000} = {
                            clause = OpExpr {opno: 96, opfuncid: 65, opresulttype: 16, opretset: false, opcollid: 0, inputcollid: 0, location: 173} = {
                              args = List with 2 elements = {
                                0 = Var {varno: 1, varattno: 1, vartype: 23, vartypmod: -1, varcollid: 0, varlevelsup: 0, varnoold: 1, varoattno: 1, location: 163},
                                1 = Var {varno: 3, varattno: 1, vartype: 23, vartypmod: -1, varcollid: 0, varlevelsup: 0, varnoold: 3, varoattno: 1, location: 175}
                              }
                            },
                            mergeopfamilies = OidList with 1 elements = {1976},
                            left_em = EquivalenceMember {em_relids: (b 1), em_nullable_relids: (b), em_is_const: false, em_is_child: false, em_datatype: 23} = {
                              em_expr = Var {varno: 1, varattno: 1, vartype: 23, vartypmod: -1, varcollid: 0, varlevelsup: 0, varnoold: 1, varoattno: 1, location: 163}
                            },
                            right_em = EquivalenceMember {em_relids: (b 3), em_nullable_relids: (b), em_is_const: false, em_is_child: false, em_datatype: 23} = {
                              em_expr = Var {varno: 3, varattno: 1, vartype: 23, vartypmod: -1, varcollid: 0, varlevelsup: 0, varnoold: 3, varoattno: 1, location: 175}
                            }
                          },
                          1 = RestrictInfo {is_pushed_down: true, outerjoin_delayed: false, can_join: true, pseudoconstant: false, leakproof: false, security_level: 0, contain_outer_query_references: false, clause_relids: (b 1 6), required_relids: (b 1 6), outer_relids: (b), nullable_relids: (b), left_relids: (b 1), right_relids: (b 6), eval_cost: (-1.00..0.00), norm_selec: -1.0000, outer_selec: -1.0000, outer_is_left: false, hashjoinoperator: 0, left_bucketsize: -1.0000, right_bucketsize: -1.0000, left_mcvfreq: -1.0000, right_mcvfreq: -1.0000} = {
                            clause = OpExpr {opno: 96, opfuncid: 65, opresulttype: 16, opretset: false, opcollid: 0, inputcollid: 0, location: 502} = {
                              args = List with 2 elements = {
                                0 = Var {varno: 1, varattno: 1, vartype: 23, vartypmod: -1, varcollid: 0, varlevelsup: 0, varnoold: 1, varoattno: 1, location: 492},
                                1 = Var {varno: 6, varattno: 1, vartype: 23, vartypmod: -1, varcollid: 0, varlevelsup: 0, varnoold: 6, varoattno: 1, location: 504}
                              }
                            },
                            mergeopfamilies = OidList with 1 elements = {1976},
                            left_em = EquivalenceMember {em_relids: (b 1), em_nullable_relids: (b), em_is_const: false, em_is_child: false, em_datatype: 23} = {
                              em_expr = Var {varno: 1, varattno: 1, vartype: 23, vartypmod: -1, varcollid: 0, varlevelsup: 0, varnoold: 1, varoattno: 1, location: 163}
                            },
                            right_em = EquivalenceMember {em_relids: (b 6), em_nullable_relids: (b), em_is_const: false, em_is_child: false, em_datatype: 23} = {
                              em_expr = Var {varno: 6, varattno: 1, vartype: 23, vartypmod: -1, varcollid: 0, varlevelsup: 0, varnoold: 6, varoattno: 1, location: 504}
                            }
                          }
                        },
                        ec_derives = List with 4 elements = {
                          0 = RestrictInfo {is_pushed_down: true, outerjoin_delayed: false, can_join: true, pseudoconstant: false, leakproof: false, security_level: 0, contain_outer_query_references: false, clause_relids: (b 1 3), required_relids: (b 1 3), outer_relids: (b), nullable_relids: (b), left_relids: (b 1), right_relids: (b 3), eval_cost: (0.00..0.00), norm_selec: 0.0010, outer_selec: -1.0000, outer_is_left: false, hashjoinoperator: 96, left_bucketsize: 0.1000, right_bucketsize: 0.1000, left_mcvfreq: 0.0000, right_mcvfreq: 0.0000} = {
                            clause = OpExpr {opno: 96, opfuncid: 65, opresulttype: 16, opretset: false, opcollid: 0, inputcollid: 0, location: -1} = {
                              args = List with 2 elements = {
                                0 = Var {varno: 1, varattno: 1, vartype: 23, vartypmod: -1, varcollid: 0, varlevelsup: 0, varnoold: 1, varoattno: 1, location: 163},
                                1 = Var {varno: 3, varattno: 1, vartype: 23, vartypmod: -1, varcollid: 0, varlevelsup: 0, varnoold: 3, varoattno: 1, location: 175}
                              }
                            },
                            mergeopfamilies = OidList with 1 elements = {1976},
                            left_em = EquivalenceMember {em_relids: (b 1), em_nullable_relids: (b), em_is_const: false, em_is_child: false, em_datatype: 23} = {
                              em_expr = Var {varno: 1, varattno: 1, vartype: 23, vartypmod: -1, varcollid: 0, varlevelsup: 0, varnoold: 1, varoattno: 1, location: 163}
                            },
                            right_em = EquivalenceMember {em_relids: (b 3), em_nullable_relids: (b), em_is_const: false, em_is_child: false, em_datatype: 23} = {
                              em_expr = Var {varno: 3, varattno: 1, vartype: 23, vartypmod: -1, varcollid: 0, varlevelsup: 0, varnoold: 3, varoattno: 1, location: 175}
                            }
                          },
                          1 = RestrictInfo {is_pushed_down: true, outerjoin_delayed: false, can_join: true, pseudoconstant: false, leakproof: false, security_level: 0, contain_outer_query_references: false, clause_relids: (b 1 6), required_relids: (b 1 6), outer_relids: (b), nullable_relids: (b), left_relids: (b 1), right_relids: (b 6), eval_cost: (0.00..0.00), norm_selec: 0.0010, outer_selec: 0.0010, outer_is_left: true, hashjoinoperator: 96, left_bucketsize: 0.1000, right_bucketsize: 0.1000, left_mcvfreq: 0.0000, right_mcvfreq: 0.0000} = {
                            clause = OpExpr {opno: 96, opfuncid: 65, opresulttype: 16, opretset: false, opcollid: 0, inputcollid: 0, location: -1} = {
                              args = List with 2 elements = {
                                0 = Var {varno: 1, varattno: 1, vartype: 23, vartypmod: -1, varcollid: 0, varlevelsup: 0, varnoold: 1, varoattno: 1, location: 163},
                                1 = Var {varno: 6, varattno: 1, vartype: 23, vartypmod: -1, varcollid: 0, varlevelsup: 0, varnoold: 6, varoattno: 1, location: 504}
                              }
                            },
                            mergeopfamilies = OidList with 1 elements = {1976},
                            left_em = EquivalenceMember {em_relids: (b 1), em_nullable_relids: (b), em_is_const: false, em_is_child: false, em_datatype: 23} = {
                              em_expr = Var {varno: 1, varattno: 1, vartype: 23, vartypmod: -1, varcollid: 0, varlevelsup: 0, varnoold: 1, varoattno: 1, location: 163}
                            },
                            right_em = EquivalenceMember {em_relids: (b 6), em_nullable_relids: (b), em_is_const: false, em_is_child: false, em_datatype: 23} = {
                              em_expr = Var {varno: 6, varattno: 1, vartype: 23, vartypmod: -1, varcollid: 0, varlevelsup: 0, varnoold: 6, varoattno: 1, location: 504}
                            }
                          },
                          2 = RestrictInfo {is_pushed_down: true, outerjoin_delayed: false, can_join: true, pseudoconstant: false, leakproof: false, security_level: 0, contain_outer_query_references: false, clause_relids: (b 3 6), required_relids: (b 3 6), outer_relids: (b), nullable_relids: (b), left_relids: (b 3), right_relids: (b 6), eval_cost: (0.00..0.00), norm_selec: 0.0010, outer_selec: 0.0010, outer_is_left: false, hashjoinoperator: 96, left_bucketsize: 0.1000, right_bucketsize: 0.1000, left_mcvfreq: 0.0000, right_mcvfreq: 0.0000} = {
                            clause = OpExpr {opno: 96, opfuncid: 65, opresulttype: 16, opretset: false, opcollid: 0, inputcollid: 0, location: -1} = {
                              args = List with 2 elements = {
                                0 = Var {varno: 3, varattno: 1, vartype: 23, vartypmod: -1, varcollid: 0, varlevelsup: 0, varnoold: 3, varoattno: 1, location: 175},
                                1 = Var {varno: 6, varattno: 1, vartype: 23, vartypmod: -1, varcollid: 0, varlevelsup: 0, varnoold: 6, varoattno: 1, location: 504}
                              }
                            },
                            mergeopfamilies = OidList with 1 elements = {1976},
                            left_em = EquivalenceMember {em_relids: (b 3), em_nullable_relids: (b), em_is_const: false, em_is_child: false, em_datatype: 23} = {
                              em_expr = Var {varno: 3, varattno: 1, vartype: 23, vartypmod: -1, varcollid: 0, varlevelsup: 0, varnoold: 3, varoattno: 1, location: 175}
                            },
                            right_em = EquivalenceMember {em_relids: (b 6), em_nullable_relids: (b), em_is_const: false, em_is_child: false, em_datatype: 23} = {
                              em_expr = Var {varno: 6, varattno: 1, vartype: 23, vartypmod: -1, varcollid: 0, varlevelsup: 0, varnoold: 6, varoattno: 1, location: 504}
                            }
                          },
                          3 = RestrictInfo {is_pushed_down: true, outerjoin_delayed: false, can_join: true, pseudoconstant: false, leakproof: false, security_level: 0, contain_outer_query_references: false, clause_relids: (b 1 3), required_relids: (b 1 3), outer_relids: (b), nullable_relids: (b), left_relids: (b 3), right_relids: (b 1), eval_cost: (0.00..0.00), norm_selec: 0.0010, outer_selec: -1.0000, outer_is_left: false, hashjoinoperator: 96, left_bucketsize: 0.1000, right_bucketsize: 0.1000, left_mcvfreq: 0.0000, right_mcvfreq: 0.0000} = {
                            clause = OpExpr {opno: 96, opfuncid: 65, opresulttype: 16, opretset: false, opcollid: 0, inputcollid: 0, location: -1} = {
                              args = List with 2 elements = {
                                0 = Var {varno: 3, varattno: 1, vartype: 23, vartypmod: -1, varcollid: 0, varlevelsup: 0, varnoold: 3, varoattno: 1, location: 175},
                                1 = Var {varno: 1, varattno: 1, vartype: 23, vartypmod: -1, varcollid: 0, varlevelsup: 0, varnoold: 1, varoattno: 1, location: 163}
                              }
                            },
                            mergeopfamilies = OidList with 1 elements = {1976},
                            left_em = EquivalenceMember {em_relids: (b 3), em_nullable_relids: (b), em_is_const: false, em_is_child: false, em_datatype: 23} = {
                              em_expr = Var {varno: 3, varattno: 1, vartype: 23, vartypmod: -1, varcollid: 0, varlevelsup: 0, varnoold: 3, varoattno: 1, location: 175}
                            },
                            right_em = EquivalenceMember {em_relids: (b 1), em_nullable_relids: (b), em_is_const: false, em_is_child: false, em_datatype: 23} = {
                              em_expr = Var {varno: 1, varattno: 1, vartype: 23, vartypmod: -1, varcollid: 0, varlevelsup: 0, varnoold: 1, varoattno: 1, location: 163}
                            }
                          }
                        }
                      }
                    }
                  }
                },
                subpath = AggPath T_Agg (cost=365.47..368.80 rows=333 memo=0.00 parallel_aware=False parallel_safe=False parallel_workers=0 motionHazard=False rescannable=False sameslice_relids=(b)) {aggstrategy: AGG_HASHED, aggsplit: AGGSPLIT_SIMPLE, numGroups: 333.33333333333331, streaming: false} = {
                  path.parent = (b),
                  path.pathtarget = PathTarget {cost: (0.00..0.00), width: 36} = {
                    sortgrouprefs = [1, 0],
                    exprs = List with 2 elements = {
                      0 = Var {varno: 1, varattno: 1, vartype: 23, vartypmod: -1, varcollid: 0, varlevelsup: 0, varnoold: 1, varoattno: 1, location: 504},
                      1 = Aggref {aggfnoid: 2146, aggtype: 1700, aggcollid: 0, inputcollid: 0, aggtranstype: 1700, aggstar: false, aggvariadic: false, aggkind: 110 'n', agglevelsup: 0, aggsplit: AGGSPLIT_SIMPLE, location: 389} = {
                        aggargtypes = OidList with 1 elements = {1700},
                        args = List with 1 elements = {
                          0 = TargetEntry {resno: 1, resname: 0x0, ressortgroupref: 0, resorigtbl: 0, resorigcol: 0, resjunk: false} = {
                            expr = Var {varno: 1, varattno: 4, vartype: 1700, vartypmod: 983046, varcollid: 0, varlevelsup: 0, varnoold: 1, varoattno: 4, location: 393}
                          }
                        }
                      }
                    }
                  },
                  path.locus.distkey = List with 1 elements = {
                    0 = DistributionKey dk_opfamily: 1977 = {
                      dk_eclasses = List with 1 elements = {
                        0 = EquivalenceClass {ec_collation: 0, ec_relids: (b 1), ec_has_const: false, ec_has_volatile: false, ec_broken: false, ec_sortref: 1, ec_min_security: 4294967295, ec_max_security: 0} = {
                          ec_opfamilies = OidList with 1 elements = {1976},
                          ec_members = List with 1 elements = {
                            0 = EquivalenceMember {em_relids: (b 1), em_nullable_relids: (b), em_is_const: false, em_is_child: false, em_datatype: 23} = {
                              em_expr = Var {varno: 1, varattno: 1, vartype: 23, vartypmod: -1, varcollid: 0, varlevelsup: 0, varnoold: 1, varoattno: 1, location: 504}
                            }
                          }
                        }
                      }
                    }
                  },
                  subpath = HashPath T_HashJoin (cost=208.51..362.09 rows=676 memo=0.00 parallel_aware=False parallel_safe=False parallel_workers=0 motionHazard=True rescannable=False sameslice_relids=(b 1)) {num_batches: 1, inner_rows_total: 298.19999999999999} = {
                    jpath.path.parent = (b 1 2 3 4),
                    jpath.path.pathtarget = PathTarget {cost: (0.00..0.00), width: 22} = {
                      sortgrouprefs = [1, 0],
                      exprs = List with 2 elements = {
                        0 = Var {varno: 1, varattno: 1, vartype: 23, vartypmod: -1, varcollid: 0, varlevelsup: 0, varnoold: 1, varoattno: 1, location: 504},
                        1 = Var {varno: 1, varattno: 4, vartype: 1700, vartypmod: 983046, varcollid: 0, varlevelsup: 0, varnoold: 1, varoattno: 4, location: 393}
                      }
                    },
                    jpath.path.locus.distkey = List with 1 elements = {
                      0 = DistributionKey dk_opfamily: 1977 = {
                        dk_eclasses = List with 1 elements = {
                          0 = EquivalenceClass {ec_collation: 0, ec_relids: (b 1), ec_has_const: false, ec_has_volatile: false, ec_broken: false, ec_sortref: 1, ec_min_security: 4294967295, ec_max_security: 0} = {
                            ec_opfamilies = OidList with 1 elements = {1976},
                            ec_members = List with 1 elements = {
                              0 = EquivalenceMember {em_relids: (b 1), em_nullable_relids: (b), em_is_const: false, em_is_child: false, em_datatype: 23} = {
                                em_expr = Var {varno: 1, varattno: 1, vartype: 23, vartypmod: -1, varcollid: 0, varlevelsup: 0, varnoold: 1, varoattno: 1, location: 504}
                              }
                            }
                          }
                        }
                      }
                    },
                    jpath.outerjoinpath = T_SeqScan (cost=0.00..56.67 rows=2267 memo=0.00 parallel_aware=False parallel_safe=False parallel_workers=0 motionHazard=False rescannable=True sameslice_relids=(b 1)) = {
                      parent = (b 1),
                      pathtarget = PathTarget {cost: (0.00..0.00), width: 26} = {
                        exprs = List with 3 elements = {
                          0 = Var {varno: 1, varattno: 1, vartype: 23, vartypmod: -1, varcollid: 0, varlevelsup: 0, varnoold: 1, varoattno: 1, location: 504},
                          1 = Var {varno: 1, varattno: 4, vartype: 1700, vartypmod: 983046, varcollid: 0, varlevelsup: 0, varnoold: 1, varoattno: 4, location: 393},
                          2 = Var {varno: 1, varattno: 2, vartype: 23, vartypmod: -1, varcollid: 0, varlevelsup: 0, varnoold: 1, varoattno: 2, location: 537}
                        }
                      },
                      locus.distkey = List with 1 elements = {
                        0 = DistributionKey dk_opfamily: 1977 = {
                          dk_eclasses = List with 1 elements = {
                            0 = EquivalenceClass {ec_collation: 0, ec_relids: (b 1), ec_has_const: false, ec_has_volatile: false, ec_broken: false, ec_sortref: 1, ec_min_security: 4294967295, ec_max_security: 0} = {
                              ec_opfamilies = OidList with 1 elements = {1976},
                              ec_members = List with 1 elements = {
                                0 = EquivalenceMember {em_relids: (b 1), em_nullable_relids: (b), em_is_const: false, em_is_child: false, em_datatype: 23} = {
                                  em_expr = Var {varno: 1, varattno: 1, vartype: 23, vartypmod: -1, varcollid: 0, varlevelsup: 0, varnoold: 1, varoattno: 1, location: 504}
                                }
                              }
                            }
                          }
                        }
                      }
                    },
                    jpath.innerjoinpath = CdbMotionPath T_Motion (cost=128.39..204.78 rows=298 memo=0.00 parallel_aware=False parallel_safe=False parallel_workers=0 motionHazard=True rescannable=False sameslice_relids=(b)) is_explicit_motion: false = {
                      path.parent = (b 2 3 4),
                      path.pathtarget = PathTarget {cost: (0.00..0.00), width: 4} = {
                        exprs = List with 1 elements = {
                          0 = Var {varno: 2, varattno: 1, vartype: 23, vartypmod: -1, varcollid: 0, varlevelsup: 0, varnoold: 2, varoattno: 1, location: 525}
                        }
                      },
                      subpath = HashPath T_HashJoin (cost=128.39..200.80 rows=99 memo=0.00 parallel_aware=False parallel_safe=False parallel_workers=0 motionHazard=True rescannable=False sameslice_relids=(b 2)) {num_batches: 1, inner_rows_total: 49.70000000000001} = {
                        jpath.path.parent = (b 2 3 4),
                        jpath.path.pathtarget = PathTarget {cost: (0.00..0.00), width: 4} = {
                          exprs = List with 1 elements = {
                            0 = Var {varno: 2, varattno: 1, vartype: 23, vartypmod: -1, varcollid: 0, varlevelsup: 0, varnoold: 2, varoattno: 1, location: 525}
                          }
                        },
                        jpath.path.locus.distkey = List with 1 elements = {
                          0 = DistributionKey dk_opfamily: 1977 = {
                            dk_eclasses = List with 1 elements = {
                              0 = EquivalenceClass {ec_collation: 0, ec_relids: (b 1 2), ec_has_const: false, ec_has_volatile: false, ec_broken: false, ec_sortref: 0, ec_min_security: 0, ec_max_security: 0} = {
                                ec_opfamilies = OidList with 1 elements = {1976},
                                ec_members = List with 2 elements = {
                                  0 = EquivalenceMember {em_relids: (b 2), em_nullable_relids: (b), em_is_const: false, em_is_child: false, em_datatype: 23} = {
                                    em_expr = Var {varno: 2, varattno: 1, vartype: 23, vartypmod: -1, varcollid: 0, varlevelsup: 0, varnoold: 2, varoattno: 1, location: 525}
                                  },
                                  1 = EquivalenceMember {em_relids: (b 1), em_nullable_relids: (b), em_is_const: false, em_is_child: false, em_datatype: 23} = {
                                    em_expr = Var {varno: 1, varattno: 2, vartype: 23, vartypmod: -1, varcollid: 0, varlevelsup: 0, varnoold: 1, varoattno: 2, location: 537}
                                  }
                                },
                                ec_sources = List with 1 elements = {
                                  0 = RestrictInfo {is_pushed_down: true, outerjoin_delayed: false, can_join: true, pseudoconstant: false, leakproof: false, security_level: 0, contain_outer_query_references: false, clause_relids: (b 1 2), required_relids: (b 1 2), outer_relids: (b), nullable_relids: (b), left_relids: (b 2), right_relids: (b 1), eval_cost: (-1.00..0.00), norm_selec: -1.0000, outer_selec: -1.0000, outer_is_left: false, hashjoinoperator: 0, left_bucketsize: -1.0000, right_bucketsize: -1.0000, left_mcvfreq: -1.0000, right_mcvfreq: -1.0000} = {
                                    clause = OpExpr {opno: 96, opfuncid: 65, opresulttype: 16, opretset: false, opcollid: 0, inputcollid: 0, location: 535} = {
                                      args = List with 2 elements = {
                                        0 = Var {varno: 2, varattno: 1, vartype: 23, vartypmod: -1, varcollid: 0, varlevelsup: 0, varnoold: 2, varoattno: 1, location: 525},
                                        1 = Var {varno: 1, varattno: 2, vartype: 23, vartypmod: -1, varcollid: 0, varlevelsup: 0, varnoold: 1, varoattno: 2, location: 537}
                                      }
                                    },
                                    mergeopfamilies = OidList with 1 elements = {1976},
                                    left_em = EquivalenceMember {em_relids: (b 2), em_nullable_relids: (b), em_is_const: false, em_is_child: false, em_datatype: 23} = {
                                      em_expr = Var {varno: 2, varattno: 1, vartype: 23, vartypmod: -1, varcollid: 0, varlevelsup: 0, varnoold: 2, varoattno: 1, location: 525}
                                    },
                                    right_em = EquivalenceMember {em_relids: (b 1), em_nullable_relids: (b), em_is_const: false, em_is_child: false, em_datatype: 23} = {
                                      em_expr = Var {varno: 1, varattno: 2, vartype: 23, vartypmod: -1, varcollid: 0, varlevelsup: 0, varnoold: 1, varoattno: 2, location: 537}
                                    }
                                  }
                                },
                                ec_derives = List with 2 elements = {
                                  0 = RestrictInfo {is_pushed_down: true, outerjoin_delayed: false, can_join: true, pseudoconstant: false, leakproof: false, security_level: 0, contain_outer_query_references: false, clause_relids: (b 1 2), required_relids: (b 1 2), outer_relids: (b), nullable_relids: (b), left_relids: (b 1), right_relids: (b 2), eval_cost: (0.00..0.00), norm_selec: 0.0010, outer_selec: -1.0000, outer_is_left: false, hashjoinoperator: 96, left_bucketsize: 0.1000, right_bucketsize: 0.1000, left_mcvfreq: 0.0000, right_mcvfreq: 0.0000} = {
                                    clause = OpExpr {opno: 96, opfuncid: 65, opresulttype: 16, opretset: false, opcollid: 0, inputcollid: 0, location: -1} = {
                                      args = List with 2 elements = {
                                        0 = Var {varno: 1, varattno: 2, vartype: 23, vartypmod: -1, varcollid: 0, varlevelsup: 0, varnoold: 1, varoattno: 2, location: 537},
                                        1 = Var {varno: 2, varattno: 1, vartype: 23, vartypmod: -1, varcollid: 0, varlevelsup: 0, varnoold: 2, varoattno: 1, location: 525}
                                      }
                                    },
                                    mergeopfamilies = OidList with 1 elements = {1976},
                                    left_em = EquivalenceMember {em_relids: (b 1), em_nullable_relids: (b), em_is_const: false, em_is_child: false, em_datatype: 23} = {
                                      em_expr = Var {varno: 1, varattno: 2, vartype: 23, vartypmod: -1, varcollid: 0, varlevelsup: 0, varnoold: 1, varoattno: 2, location: 537}
                                    },
                                    right_em = EquivalenceMember {em_relids: (b 2), em_nullable_relids: (b), em_is_const: false, em_is_child: false, em_datatype: 23} = {
                                      em_expr = Var {varno: 2, varattno: 1, vartype: 23, vartypmod: -1, varcollid: 0, varlevelsup: 0, varnoold: 2, varoattno: 1, location: 525}
                                    }
                                  },
                                  1 = RestrictInfo {is_pushed_down: true, outerjoin_delayed: false, can_join: true, pseudoconstant: false, leakproof: false, security_level: 0, contain_outer_query_references: false, clause_relids: (b 1 2), required_relids: (b 1 2), outer_relids: (b), nullable_relids: (b), left_relids: (b 2), right_relids: (b 1), eval_cost: (0.00..0.00), norm_selec: 0.0010, outer_selec: -1.0000, outer_is_left: false, hashjoinoperator: 96, left_bucketsize: 0.1000, right_bucketsize: 0.1000, left_mcvfreq: 0.0000, right_mcvfreq: 0.0000} = {
                                    clause = OpExpr {opno: 96, opfuncid: 65, opresulttype: 16, opretset: false, opcollid: 0, inputcollid: 0, location: -1} = {
                                      args = List with 2 elements = {
                                        0 = Var {varno: 2, varattno: 1, vartype: 23, vartypmod: -1, varcollid: 0, varlevelsup: 0, varnoold: 2, varoattno: 1, location: 525},
                                        1 = Var {varno: 1, varattno: 2, vartype: 23, vartypmod: -1, varcollid: 0, varlevelsup: 0, varnoold: 1, varoattno: 2, location: 537}
                                      }
                                    },
                                    mergeopfamilies = OidList with 1 elements = {1976},
                                    left_em = EquivalenceMember {em_relids: (b 2), em_nullable_relids: (b), em_is_const: false, em_is_child: false, em_datatype: 23} = {
                                      em_expr = Var {varno: 2, varattno: 1, vartype: 23, vartypmod: -1, varcollid: 0, varlevelsup: 0, varnoold: 2, varoattno: 1, location: 525}
                                    },
                                    right_em = EquivalenceMember {em_relids: (b 1), em_nullable_relids: (b), em_is_const: false, em_is_child: false, em_datatype: 23} = {
                                      em_expr = Var {varno: 1, varattno: 2, vartype: 23, vartypmod: -1, varcollid: 0, varlevelsup: 0, varnoold: 1, varoattno: 2, location: 537}
                                    }
                                  }
                                }
                              }
                            }
                          }
                        },
                        jpath.outerjoinpath = T_SeqScan (cost=0.00..54.00 rows=2000 memo=0.00 parallel_aware=False parallel_safe=False parallel_workers=0 motionHazard=False rescannable=True sameslice_relids=(b 2)) = {
                          parent = (b 2),
                          pathtarget = PathTarget {cost: (0.00..0.00), width: 8} = {
                            exprs = List with 2 elements = {
                              0 = Var {varno: 2, varattno: 1, vartype: 23, vartypmod: -1, varcollid: 0, varlevelsup: 0, varnoold: 2, varoattno: 1, location: 525},
                              1 = Var {varno: 2, varattno: 4, vartype: 23, vartypmod: -1, varcollid: 0, varlevelsup: 0, varnoold: 2, varoattno: 4, location: 558}
                            }
                          },
                          locus.distkey = List with 1 elements = {
                            0 = DistributionKey dk_opfamily: 1977 = {
                              dk_eclasses = List with 1 elements = {
                                0 = EquivalenceClass {ec_collation: 0, ec_relids: (b 1 2), ec_has_const: false, ec_has_volatile: false, ec_broken: false, ec_sortref: 0, ec_min_security: 0, ec_max_security: 0} = {
                                  ec_opfamilies = OidList with 1 elements = {1976},
                                  ec_members = List with 2 elements = {
                                    0 = EquivalenceMember {em_relids: (b 2), em_nullable_relids: (b), em_is_const: false, em_is_child: false, em_datatype: 23} = {
                                      em_expr = Var {varno: 2, varattno: 1, vartype: 23, vartypmod: -1, varcollid: 0, varlevelsup: 0, varnoold: 2, varoattno: 1, location: 525}
                                    },
                                    1 = EquivalenceMember {em_relids: (b 1), em_nullable_relids: (b), em_is_const: false, em_is_child: false, em_datatype: 23} = {
                                      em_expr = Var {varno: 1, varattno: 2, vartype: 23, vartypmod: -1, varcollid: 0, varlevelsup: 0, varnoold: 1, varoattno: 2, location: 537}
                                    }
                                  },
                                  ec_sources = List with 1 elements = {
                                    0 = RestrictInfo {is_pushed_down: true, outerjoin_delayed: false, can_join: true, pseudoconstant: false, leakproof: false, security_level: 0, contain_outer_query_references: false, clause_relids: (b 1 2), required_relids: (b 1 2), outer_relids: (b), nullable_relids: (b), left_relids: (b 2), right_relids: (b 1), eval_cost: (-1.00..0.00), norm_selec: -1.0000, outer_selec: -1.0000, outer_is_left: false, hashjoinoperator: 0, left_bucketsize: -1.0000, right_bucketsize: -1.0000, left_mcvfreq: -1.0000, right_mcvfreq: -1.0000} = {
                                      clause = OpExpr {opno: 96, opfuncid: 65, opresulttype: 16, opretset: false, opcollid: 0, inputcollid: 0, location: 535} = {
                                        args = List with 2 elements = {...}
                                      },
                                      mergeopfamilies = OidList with 1 elements = {1976},
                                      left_em = EquivalenceMember {em_relids: (b 2), em_nullable_relids: (b), em_is_const: false, em_is_child: false, em_datatype: 23} = {
                                        em_expr = Var {varno: 2, varattno: 1, vartype: 23, vartypmod: -1, varcollid: 0, varlevelsup: 0, varnoold: 2, varoattno: 1, location: 525}
                                      },
                                      right_em = EquivalenceMember {em_relids: (b 1), em_nullable_relids: (b), em_is_const: false, em_is_child: false, em_datatype: 23} = {
                                        em_expr = Var {varno: 1, varattno: 2, vartype: 23, vartypmod: -1, varcollid: 0, varlevelsup: 0, varnoold: 1, varoattno: 2, location: 537}
                                      }
                                    }
                                  },
                                  ec_derives = List with 2 elements = {
                                    0 = RestrictInfo {is_pushed_down: true, outerjoin_delayed: false, can_join: true, pseudoconstant: false, leakproof: false, security_level: 0, contain_outer_query_references: false, clause_relids: (b 1 2), required_relids: (b 1 2), outer_relids: (b), nullable_relids: (b), left_relids: (b 1), right_relids: (b 2), eval_cost: (0.00..0.00), norm_selec: 0.0010, outer_selec: -1.0000, outer_is_left: false, hashjoinoperator: 96, left_bucketsize: 0.1000, right_bucketsize: 0.1000, left_mcvfreq: 0.0000, right_mcvfreq: 0.0000} = {
                                      clause = OpExpr {opno: 96, opfuncid: 65, opresulttype: 16, opretset: false, opcollid: 0, inputcollid: 0, location: -1} = {
                                        args = List with 2 elements = {...}
                                      },
                                      mergeopfamilies = OidList with 1 elements = {1976},
                                      left_em = EquivalenceMember {em_relids: (b 1), em_nullable_relids: (b), em_is_const: false, em_is_child: false, em_datatype: 23} = {
                                        em_expr = Var {varno: 1, varattno: 2, vartype: 23, vartypmod: -1, varcollid: 0, varlevelsup: 0, varnoold: 1, varoattno: 2, location: 537}
                                      },
                                      right_em = EquivalenceMember {em_relids: (b 2), em_nullable_relids: (b), em_is_const: false, em_is_child: false, em_datatype: 23} = {
                                        em_expr = Var {varno: 2, varattno: 1, vartype: 23, vartypmod: -1, varcollid: 0, varlevelsup: 0, varnoold: 2, varoattno: 1, location: 525}
                                      }
                                    },
                                    1 = RestrictInfo {is_pushed_down: true, outerjoin_delayed: false, can_join: true, pseudoconstant: false, leakproof: false, security_level: 0, contain_outer_query_references: false, clause_relids: (b 1 2), required_relids: (b 1 2), outer_relids: (b), nullable_relids: (b), left_relids: (b 2), right_relids: (b 1), eval_cost: (0.00..0.00), norm_selec: 0.0010, outer_selec: -1.0000, outer_is_left: false, hashjoinoperator: 96, left_bucketsize: 0.1000, right_bucketsize: 0.1000, left_mcvfreq: 0.0000, right_mcvfreq: 0.0000} = {
                                      clause = OpExpr {opno: 96, opfuncid: 65, opresulttype: 16, opretset: false, opcollid: 0, inputcollid: 0, location: -1} = {
                                        args = List with 2 elements = {...}
                                      },
                                      mergeopfamilies = OidList with 1 elements = {1976},
                                      left_em = EquivalenceMember {em_relids: (b 2), em_nullable_relids: (b), em_is_const: false, em_is_child: false, em_datatype: 23} = {
                                        em_expr = Var {varno: 2, varattno: 1, vartype: 23, vartypmod: -1, varcollid: 0, varlevelsup: 0, varnoold: 2, varoattno: 1, location: 525}
                                      },
                                      right_em = EquivalenceMember {em_relids: (b 1), em_nullable_relids: (b), em_is_const: false, em_is_child: false, em_datatype: 23} = {
                                        em_expr = Var {varno: 1, varattno: 2, vartype: 23, vartypmod: -1, varcollid: 0, varlevelsup: 0, varnoold: 1, varoattno: 2, location: 537}
                                      }
                                    }
                                  }
                                }
                              }
                            }
                          }
                        },
                        jpath.innerjoinpath = CdbMotionPath T_Motion (cost=63.77..127.76 rows=50 memo=0.00 parallel_aware=False parallel_safe=False parallel_workers=0 motionHazard=True rescannable=False sameslice_relids=(b)) is_explicit_motion: false = {
                          path.parent = (b 3 4),
                          path.pathtarget = PathTarget {cost: (0.00..0.00), width: 4} = {
                            exprs = List with 1 elements = {
                              0 = Var {varno: 3, varattno: 1, vartype: 23, vartypmod: -1, varcollid: 0, varlevelsup: 0, varnoold: 3, varoattno: 1, location: 572}
                            }
                          },
                          subpath = HashPath T_HashJoin (cost=63.77..127.10 rows=17 memo=0.00 parallel_aware=False parallel_safe=False parallel_workers=0 motionHazard=True rescannable=False sameslice_relids=(b 3)) {num_batches: 1, inner_rows_total: 7.0999999999999996} = {
                            jpath.path.parent = (b 3 4),
                            jpath.path.pathtarget = PathTarget {cost: (0.00..0.00), width: 4} = {
                              exprs = List with 1 elements = {
                                0 = Var {varno: 3, varattno: 1, vartype: 23, vartypmod: -1, varcollid: 0, varlevelsup: 0, varnoold: 3, varoattno: 1, location: 572}
                              }
                            },
                            jpath.path.locus.distkey = List with 1 elements = {
                              0 = DistributionKey dk_opfamily: 1977 = {
                                dk_eclasses = List with 1 elements = {
                                  0 = EquivalenceClass {ec_collation: 0, ec_relids: (b 2 3), ec_has_const: false, ec_has_volatile: false, ec_broken: false, ec_sortref: 0, ec_min_security: 0, ec_max_security: 0} = {
                                    ec_opfamilies = OidList with 1 elements = {1976},
                                    ec_members = List with 2 elements = {
                                      0 = EquivalenceMember {em_relids: (b 2), em_nullable_relids: (b), em_is_const: false, em_is_child: false, em_datatype: 23} = {
                                        em_expr = Var {varno: 2, varattno: 4, vartype: 23, vartypmod: -1, varcollid: 0, varlevelsup: 0, varnoold: 2, varoattno: 4, location: 558}
                                      },
                                      1 = EquivalenceMember {em_relids: (b 3), em_nullable_relids: (b), em_is_const: false, em_is_child: false, em_datatype: 23} = {
                                        em_expr = Var {varno: 3, varattno: 1, vartype: 23, vartypmod: -1, varcollid: 0, varlevelsup: 0, varnoold: 3, varoattno: 1, location: 572}
                                      }
                                    },
                                    ec_sources = List with 1 elements = {
                                      0 = RestrictInfo {is_pushed_down: true, outerjoin_delayed: false, can_join: true, pseudoconstant: false, leakproof: false, security_level: 0, contain_outer_query_references: false, clause_relids: (b 2 3), required_relids: (b 2 3), outer_relids: (b), nullable_relids: (b), left_relids: (b 2), right_relids: (b 3), eval_cost: (-1.00..0.00), norm_selec: -1.0000, outer_selec: -1.0000, outer_is_left: false, hashjoinoperator: 0, left_bucketsize: -1.0000, right_bucketsize: -1.0000, left_mcvfreq: -1.0000, right_mcvfreq: -1.0000} = {
                                        clause = OpExpr {opno: 96, opfuncid: 65, opresulttype: 16, opretset: false, opcollid: 0, inputcollid: 0, location: 570} = {...},
                                        mergeopfamilies = OidList with 1 elements = {...},
                                        left_em = EquivalenceMember {em_relids: (b 2), em_nullable_relids: (b), em_is_const: false, em_is_child: false, em_datatype: 23} = {...},
                                        right_em = EquivalenceMember {em_relids: (b 3), em_nullable_relids: (b), em_is_const: false, em_is_child: false, em_datatype: 23} = {...}
                                      }
                                    },
                                    ec_derives = List with 2 elements = {
                                      0 = RestrictInfo {is_pushed_down: true, outerjoin_delayed: false, can_join: true, pseudoconstant: false, leakproof: false, security_level: 0, contain_outer_query_references: false, clause_relids: (b 2 3), required_relids: (b 2 3), outer_relids: (b), nullable_relids: (b), left_relids: (b 2), right_relids: (b 3), eval_cost: (0.00..0.00), norm_selec: 0.0010, outer_selec: -1.0000, outer_is_left: false, hashjoinoperator: 96, left_bucketsize: 0.1000, right_bucketsize: 0.1000, left_mcvfreq: 0.0000, right_mcvfreq: 0.0000} = {
                                        clause = OpExpr {opno: 96, opfuncid: 65, opresulttype: 16, opretset: false, opcollid: 0, inputcollid: 0, location: -1} = {...},
                                        mergeopfamilies = OidList with 1 elements = {...},
                                        left_em = EquivalenceMember {em_relids: (b 2), em_nullable_relids: (b), em_is_const: false, em_is_child: false, em_datatype: 23} = {...},
                                        right_em = EquivalenceMember {em_relids: (b 3), em_nullable_relids: (b), em_is_const: false, em_is_child: false, em_datatype: 23} = {...}
                                      },
                                      1 = RestrictInfo {is_pushed_down: true, outerjoin_delayed: false, can_join: true, pseudoconstant: false, leakproof: false, security_level: 0, contain_outer_query_references: false, clause_relids: (b 2 3), required_relids: (b 2 3), outer_relids: (b), nullable_relids: (b), left_relids: (b 3), right_relids: (b 2), eval_cost: (0.00..0.00), norm_selec: 0.0010, outer_selec: -1.0000, outer_is_left: false, hashjoinoperator: 96, left_bucketsize: 0.1000, right_bucketsize: 0.1000, left_mcvfreq: 0.0000, right_mcvfreq: 0.0000} = {
                                        clause = OpExpr {opno: 96, opfuncid: 65, opresulttype: 16, opretset: false, opcollid: 0, inputcollid: 0, location: -1} = {...},
                                        mergeopfamilies = OidList with 1 elements = {...},
                                        left_em = EquivalenceMember {em_relids: (b 3), em_nullable_relids: (b), em_is_const: false, em_is_child: false, em_datatype: 23} = {...},
                                        right_em = EquivalenceMember {em_relids: (b 2), em_nullable_relids: (b), em_is_const: false, em_is_child: false, em_datatype: 23} = {...}
                                      }
                                    }
                                  }
                                }
                              }
                            },
                            jpath.outerjoinpath = T_SeqScan (cost=0.00..57.33 rows=2333 memo=0.00 parallel_aware=False parallel_safe=False parallel_workers=0 motionHazard=False rescannable=True sameslice_relids=(b 3)) = {
                              parent = (b 3),
                              pathtarget = PathTarget {cost: (0.00..0.00), width: 8} = {
                                exprs = List with 2 elements = {
                                  0 = Var {varno: 3, varattno: 1, vartype: 23, vartypmod: -1, varcollid: 0, varlevelsup: 0, varnoold: 3, varoattno: 1, location: 572},
                                  1 = Var {varno: 3, varattno: 3, vartype: 23, vartypmod: -1, varcollid: 0, varlevelsup: 0, varnoold: 3, varoattno: 3, location: 594}
                                }
                              },
                              locus.distkey = List with 1 elements = {
                                0 = DistributionKey dk_opfamily: 1977 = {
                                  dk_eclasses = List with 1 elements = {
                                    0 = EquivalenceClass {ec_collation: 0, ec_relids: (b 2 3), ec_has_const: false, ec_has_volatile: false, ec_broken: false, ec_sortref: 0, ec_min_security: 0, ec_max_security: 0} = {
                                      ec_opfamilies = OidList with 1 elements = {1976},
                                      ec_members = List with 2 elements = {
                                        0 = EquivalenceMember {em_relids: (b 2), em_nullable_relids: (b), em_is_const: false, em_is_child: false, em_datatype: 23} = {...},
                                        1 = EquivalenceMember {em_relids: (b 3), em_nullable_relids: (b), em_is_const: false, em_is_child: false, em_datatype: 23} = {...}
                                      },
                                      ec_sources = List with 1 elements = {
                                        0 = RestrictInfo {is_pushed_down: true, outerjoin_delayed: false, can_join: true, pseudoconstant: false, leakproof: false, security_level: 0, contain_outer_query_references: false, clause_relids: (b 2 3), required_relids: (b 2 3), outer_relids: (b), nullable_relids: (b), left_relids: (b 2), right_relids: (b 3), eval_cost: (-1.00..0.00), norm_selec: -1.0000, outer_selec: -1.0000, outer_is_left: false, hashjoinoperator: 0, left_bucketsize: -1.0000, right_bucketsize: -1.0000, left_mcvfreq: -1.0000, right_mcvfreq: -1.0000} = {...}
                                      },
                                      ec_derives = List with 2 elements = {
                                        0 = RestrictInfo {is_pushed_down: true, outerjoin_delayed: false, can_join: true, pseudoconstant: false, leakproof: false, security_level: 0, contain_outer_query_references: false, clause_relids: (b 2 3), required_relids: (b 2 3), outer_relids: (b), nullable_relids: (b), left_relids: (b 2), right_relids: (b 3), eval_cost: (0.00..0.00), norm_selec: 0.0010, outer_selec: -1.0000, outer_is_left: false, hashjoinoperator: 96, left_bucketsize: 0.1000, right_bucketsize: 0.1000, left_mcvfreq: 0.0000, right_mcvfreq: 0.0000} = {...},
                                        1 = RestrictInfo {is_pushed_down: true, outerjoin_delayed: false, can_join: true, pseudoconstant: false, leakproof: false, security_level: 0, contain_outer_query_references: false, clause_relids: (b 2 3), required_relids: (b 2 3), outer_relids: (b), nullable_relids: (b), left_relids: (b 3), right_relids: (b 2), eval_cost: (0.00..0.00), norm_selec: 0.0010, outer_selec: -1.0000, outer_is_left: false, hashjoinoperator: 96, left_bucketsize: 0.1000, right_bucketsize: 0.1000, left_mcvfreq: 0.0000, right_mcvfreq: 0.0000} = {...}
                                      }
                                    }
                                  }
                                }
                              }
                            },
                            jpath.innerjoinpath = CdbMotionPath T_Motion (cost=0.00..63.68 rows=7 memo=0.00 parallel_aware=False parallel_safe=False parallel_workers=0 motionHazard=True rescannable=False sameslice_relids=(b)) is_explicit_motion: false = {
                              path.parent = (b 4),
                              path.pathtarget = PathTarget {cost: (0.00..0.00), width: 4} = {
                                exprs = List with 1 elements = {
                                  0 = Var {varno: 4, varattno: 1, vartype: 23, vartypmod: -1, varcollid: 0, varlevelsup: 0, varnoold: 4, varoattno: 1, location: 608}
                                }
                              },
                              subpath = T_SeqScan (cost=0.00..63.58 rows=2 memo=0.00 parallel_aware=False parallel_safe=False parallel_workers=0 motionHazard=False rescannable=True sameslice_relids=(b 4)) = {
                                parent = (b 4),
                                pathtarget = PathTarget {cost: (0.00..0.00), width: 4} = {
                                  exprs = List with 1 elements = {
                                    0 = Var {varno: 4, varattno: 1, vartype: 23, vartypmod: -1, varcollid: 0, varlevelsup: 0, varnoold: 4, varoattno: 1, location: 608}
                                  }
                                },
                                locus.distkey = List with 1 elements = {
                                  0 = DistributionKey dk_opfamily: 1977 = {
                                    dk_eclasses = List with 1 elements = {
                                      0 = EquivalenceClass {ec_collation: 0, ec_relids: (b 3 4), ec_has_const: false, ec_has_volatile: false, ec_broken: false, ec_sortref: 0, ec_min_security: 0, ec_max_security: 0} = {
                                        ec_opfamilies = OidList with 1 elements = {...},
                                        ec_members = List with 2 elements = {...},
                                        ec_sources = List with 1 elements = {...},
                                        ec_derives = List with 1 elements = {...}
                                      }
                                    }
                                  }
                                }
                              }
                            },
                            jpath.joinrestrictinfo = List with 1 elements = {
                              0 = RestrictInfo {is_pushed_down: true, outerjoin_delayed: false, can_join: true, pseudoconstant: false, leakproof: false, security_level: 0, contain_outer_query_references: false, clause_relids: (b 3 4), required_relids: (b 3 4), outer_relids: (b), nullable_relids: (b), left_relids: (b 3), right_relids: (b 4), eval_cost: (0.00..0.00), norm_selec: 0.0010, outer_selec: -1.0000, outer_is_left: true, hashjoinoperator: 96, left_bucketsize: -1.0000, right_bucketsize: 0.1000, left_mcvfreq: -1.0000, right_mcvfreq: 0.0000} = {
                                clause = OpExpr {opno: 96, opfuncid: 65, opresulttype: 16, opretset: false, opcollid: 0, inputcollid: 0, location: -1} = {
                                  args = List with 2 elements = {
                                    0 = Var {varno: 3, varattno: 3, vartype: 23, vartypmod: -1, varcollid: 0, varlevelsup: 0, varnoold: 3, varoattno: 3, location: 594},
                                    1 = Var {varno: 4, varattno: 1, vartype: 23, vartypmod: -1, varcollid: 0, varlevelsup: 0, varnoold: 4, varoattno: 1, location: 608}
                                  }
                                },
                                mergeopfamilies = OidList with 1 elements = {1976},
                                left_em = EquivalenceMember {em_relids: (b 3), em_nullable_relids: (b), em_is_const: false, em_is_child: false, em_datatype: 23} = {
                                  em_expr = Var {varno: 3, varattno: 3, vartype: 23, vartypmod: -1, varcollid: 0, varlevelsup: 0, varnoold: 3, varoattno: 3, location: 594}
                                },
                                right_em = EquivalenceMember {em_relids: (b 4), em_nullable_relids: (b), em_is_const: false, em_is_child: false, em_datatype: 23} = {
                                  em_expr = Var {varno: 4, varattno: 1, vartype: 23, vartypmod: -1, varcollid: 0, varlevelsup: 0, varnoold: 4, varoattno: 1, location: 608}
                                }
                              }
                            },
                            path_hashclauses = List with 1 elements = {
                              0 = RestrictInfo {is_pushed_down: true, outerjoin_delayed: false, can_join: true, pseudoconstant: false, leakproof: false, security_level: 0, contain_outer_query_references: false, clause_relids: (b 3 4), required_relids: (b 3 4), outer_relids: (b), nullable_relids: (b), left_relids: (b 3), right_relids: (b 4), eval_cost: (0.00..0.00), norm_selec: 0.0010, outer_selec: -1.0000, outer_is_left: true, hashjoinoperator: 96, left_bucketsize: -1.0000, right_bucketsize: 0.1000, left_mcvfreq: -1.0000, right_mcvfreq: 0.0000} = {
                                clause = OpExpr {opno: 96, opfuncid: 65, opresulttype: 16, opretset: false, opcollid: 0, inputcollid: 0, location: -1} = {
                                  args = List with 2 elements = {
                                    0 = Var {varno: 3, varattno: 3, vartype: 23, vartypmod: -1, varcollid: 0, varlevelsup: 0, varnoold: 3, varoattno: 3, location: 594},
                                    1 = Var {varno: 4, varattno: 1, vartype: 23, vartypmod: -1, varcollid: 0, varlevelsup: 0, varnoold: 4, varoattno: 1, location: 608}
                                  }
                                },
                                mergeopfamilies = OidList with 1 elements = {1976},
                                left_em = EquivalenceMember {em_relids: (b 3), em_nullable_relids: (b), em_is_const: false, em_is_child: false, em_datatype: 23} = {
                                  em_expr = Var {varno: 3, varattno: 3, vartype: 23, vartypmod: -1, varcollid: 0, varlevelsup: 0, varnoold: 3, varoattno: 3, location: 594}
                                },
                                right_em = EquivalenceMember {em_relids: (b 4), em_nullable_relids: (b), em_is_const: false, em_is_child: false, em_datatype: 23} = {
                                  em_expr = Var {varno: 4, varattno: 1, vartype: 23, vartypmod: -1, varcollid: 0, varlevelsup: 0, varnoold: 4, varoattno: 1, location: 608}
                                }
                              }
                            }
                          }
                        },
                        jpath.joinrestrictinfo = List with 1 elements = {
                          0 = RestrictInfo {is_pushed_down: true, outerjoin_delayed: false, can_join: true, pseudoconstant: false, leakproof: false, security_level: 0, contain_outer_query_references: false, clause_relids: (b 2 3), required_relids: (b 2 3), outer_relids: (b), nullable_relids: (b), left_relids: (b 3), right_relids: (b 2), eval_cost: (0.00..0.00), norm_selec: 0.0010, outer_selec: -1.0000, outer_is_left: false, hashjoinoperator: 96, left_bucketsize: 0.1000, right_bucketsize: 0.1000, left_mcvfreq: 0.0000, right_mcvfreq: 0.0000} = {
                            clause = OpExpr {opno: 96, opfuncid: 65, opresulttype: 16, opretset: false, opcollid: 0, inputcollid: 0, location: -1} = {
                              args = List with 2 elements = {
                                0 = Var {varno: 3, varattno: 1, vartype: 23, vartypmod: -1, varcollid: 0, varlevelsup: 0, varnoold: 3, varoattno: 1, location: 572},
                                1 = Var {varno: 2, varattno: 4, vartype: 23, vartypmod: -1, varcollid: 0, varlevelsup: 0, varnoold: 2, varoattno: 4, location: 558}
                              }
                            },
                            mergeopfamilies = OidList with 1 elements = {1976},
                            left_em = EquivalenceMember {em_relids: (b 3), em_nullable_relids: (b), em_is_const: false, em_is_child: false, em_datatype: 23} = {
                              em_expr = Var {varno: 3, varattno: 1, vartype: 23, vartypmod: -1, varcollid: 0, varlevelsup: 0, varnoold: 3, varoattno: 1, location: 572}
                            },
                            right_em = EquivalenceMember {em_relids: (b 2), em_nullable_relids: (b), em_is_const: false, em_is_child: false, em_datatype: 23} = {
                              em_expr = Var {varno: 2, varattno: 4, vartype: 23, vartypmod: -1, varcollid: 0, varlevelsup: 0, varnoold: 2, varoattno: 4, location: 558}
                            }
                          }
                        },
                        path_hashclauses = List with 1 elements = {
                          0 = RestrictInfo {is_pushed_down: true, outerjoin_delayed: false, can_join: true, pseudoconstant: false, leakproof: false, security_level: 0, contain_outer_query_references: false, clause_relids: (b 2 3), required_relids: (b 2 3), outer_relids: (b), nullable_relids: (b), left_relids: (b 3), right_relids: (b 2), eval_cost: (0.00..0.00), norm_selec: 0.0010, outer_selec: -1.0000, outer_is_left: false, hashjoinoperator: 96, left_bucketsize: 0.1000, right_bucketsize: 0.1000, left_mcvfreq: 0.0000, right_mcvfreq: 0.0000} = {
                            clause = OpExpr {opno: 96, opfuncid: 65, opresulttype: 16, opretset: false, opcollid: 0, inputcollid: 0, location: -1} = {
                              args = List with 2 elements = {
                                0 = Var {varno: 3, varattno: 1, vartype: 23, vartypmod: -1, varcollid: 0, varlevelsup: 0, varnoold: 3, varoattno: 1, location: 572},
                                1 = Var {varno: 2, varattno: 4, vartype: 23, vartypmod: -1, varcollid: 0, varlevelsup: 0, varnoold: 2, varoattno: 4, location: 558}
                              }
                            },
                            mergeopfamilies = OidList with 1 elements = {1976},
                            left_em = EquivalenceMember {em_relids: (b 3), em_nullable_relids: (b), em_is_const: false, em_is_child: false, em_datatype: 23} = {
                              em_expr = Var {varno: 3, varattno: 1, vartype: 23, vartypmod: -1, varcollid: 0, varlevelsup: 0, varnoold: 3, varoattno: 1, location: 572}
                            },
                            right_em = EquivalenceMember {em_relids: (b 2), em_nullable_relids: (b), em_is_const: false, em_is_child: false, em_datatype: 23} = {
                              em_expr = Var {varno: 2, varattno: 4, vartype: 23, vartypmod: -1, varcollid: 0, varlevelsup: 0, varnoold: 2, varoattno: 4, location: 558}
                            }
                          }
                        }
                      }
                    },
                    jpath.joinrestrictinfo = List with 1 elements = {
                      0 = RestrictInfo {is_pushed_down: true, outerjoin_delayed: false, can_join: true, pseudoconstant: false, leakproof: false, security_level: 0, contain_outer_query_references: false, clause_relids: (b 1 2), required_relids: (b 1 2), outer_relids: (b), nullable_relids: (b), left_relids: (b 2), right_relids: (b 1), eval_cost: (0.00..0.00), norm_selec: 0.0010, outer_selec: -1.0000, outer_is_left: false, hashjoinoperator: 96, left_bucketsize: 0.1000, right_bucketsize: 0.1000, left_mcvfreq: 0.0000, right_mcvfreq: 0.0000} = {
                        clause = OpExpr {opno: 96, opfuncid: 65, opresulttype: 16, opretset: false, opcollid: 0, inputcollid: 0, location: -1} = {
                          args = List with 2 elements = {
                            0 = Var {varno: 2, varattno: 1, vartype: 23, vartypmod: -1, varcollid: 0, varlevelsup: 0, varnoold: 2, varoattno: 1, location: 525},
                            1 = Var {varno: 1, varattno: 2, vartype: 23, vartypmod: -1, varcollid: 0, varlevelsup: 0, varnoold: 1, varoattno: 2, location: 537}
                          }
                        },
                        mergeopfamilies = OidList with 1 elements = {1976},
                        left_em = EquivalenceMember {em_relids: (b 2), em_nullable_relids: (b), em_is_const: false, em_is_child: false, em_datatype: 23} = {
                          em_expr = Var {varno: 2, varattno: 1, vartype: 23, vartypmod: -1, varcollid: 0, varlevelsup: 0, varnoold: 2, varoattno: 1, location: 525}
                        },
                        right_em = EquivalenceMember {em_relids: (b 1), em_nullable_relids: (b), em_is_const: false, em_is_child: false, em_datatype: 23} = {
                          em_expr = Var {varno: 1, varattno: 2, vartype: 23, vartypmod: -1, varcollid: 0, varlevelsup: 0, varnoold: 1, varoattno: 2, location: 537}
                        }
                      }
                    },
                    path_hashclauses = List with 1 elements = {
                      0 = RestrictInfo {is_pushed_down: true, outerjoin_delayed: false, can_join: true, pseudoconstant: false, leakproof: false, security_level: 0, contain_outer_query_references: false, clause_relids: (b 1 2), required_relids: (b 1 2), outer_relids: (b), nullable_relids: (b), left_relids: (b 2), right_relids: (b 1), eval_cost: (0.00..0.00), norm_selec: 0.0010, outer_selec: -1.0000, outer_is_left: false, hashjoinoperator: 96, left_bucketsize: 0.1000, right_bucketsize: 0.1000, left_mcvfreq: 0.0000, right_mcvfreq: 0.0000} = {
                        clause = OpExpr {opno: 96, opfuncid: 65, opresulttype: 16, opretset: false, opcollid: 0, inputcollid: 0, location: -1} = {
                          args = List with 2 elements = {
                            0 = Var {varno: 2, varattno: 1, vartype: 23, vartypmod: -1, varcollid: 0, varlevelsup: 0, varnoold: 2, varoattno: 1, location: 525},
                            1 = Var {varno: 1, varattno: 2, vartype: 23, vartypmod: -1, varcollid: 0, varlevelsup: 0, varnoold: 1, varoattno: 2, location: 537}
                          }
                        },
                        mergeopfamilies = OidList with 1 elements = {1976},
                        left_em = EquivalenceMember {em_relids: (b 2), em_nullable_relids: (b), em_is_const: false, em_is_child: false, em_datatype: 23} = {
                          em_expr = Var {varno: 2, varattno: 1, vartype: 23, vartypmod: -1, varcollid: 0, varlevelsup: 0, varnoold: 2, varoattno: 1, location: 525}
                        },
                        right_em = EquivalenceMember {em_relids: (b 1), em_nullable_relids: (b), em_is_const: false, em_is_child: false, em_datatype: 23} = {
                          em_expr = Var {varno: 1, varattno: 2, vartype: 23, vartypmod: -1, varcollid: 0, varlevelsup: 0, varnoold: 1, varoattno: 2, location: 537}
                        }
                      }
                    }
                  },
                  groupClause = List with 1 elements = {
                    0 = SortGroupClause {tleSortGroupRef: 1, eqop: 96, sortop: 97, nulls_first: false, hashable: true}
                  }
                }
              },
              jpath.joinrestrictinfo = List with 2 elements = {
                0 = RestrictInfo {is_pushed_down: true, outerjoin_delayed: false, can_join: true, pseudoconstant: false, leakproof: false, security_level: 0, contain_outer_query_references: false, clause_relids: (b 1 6), required_relids: (b 1 6), outer_relids: (b), nullable_relids: (b), left_relids: (b 1), right_relids: (b 6), eval_cost: (0.00..0.00), norm_selec: 0.0010, outer_selec: 0.0010, outer_is_left: true, hashjoinoperator: 96, left_bucketsize: 0.1000, right_bucketsize: 0.1000, left_mcvfreq: 0.0000, right_mcvfreq: 0.0000} = {
                  clause = OpExpr {opno: 96, opfuncid: 65, opresulttype: 16, opretset: false, opcollid: 0, inputcollid: 0, location: -1} = {
                    args = List with 2 elements = {
                      0 = Var {varno: 1, varattno: 1, vartype: 23, vartypmod: -1, varcollid: 0, varlevelsup: 0, varnoold: 1, varoattno: 1, location: 163},
                      1 = Var {varno: 6, varattno: 1, vartype: 23, vartypmod: -1, varcollid: 0, varlevelsup: 0, varnoold: 6, varoattno: 1, location: 504}
                    }
                  },
                  mergeopfamilies = OidList with 1 elements = {1976},
                  left_em = EquivalenceMember {em_relids: (b 1), em_nullable_relids: (b), em_is_const: false, em_is_child: false, em_datatype: 23} = {
                    em_expr = Var {varno: 1, varattno: 1, vartype: 23, vartypmod: -1, varcollid: 0, varlevelsup: 0, varnoold: 1, varoattno: 1, location: 163}
                  },
                  right_em = EquivalenceMember {em_relids: (b 6), em_nullable_relids: (b), em_is_const: false, em_is_child: false, em_datatype: 23} = {
                    em_expr = Var {varno: 6, varattno: 1, vartype: 23, vartypmod: -1, varcollid: 0, varlevelsup: 0, varnoold: 6, varoattno: 1, location: 504}
                  }
                },
                1 = RestrictInfo {is_pushed_down: true, outerjoin_delayed: false, can_join: true, pseudoconstant: false, leakproof: false, security_level: 0, contain_outer_query_references: false, clause_relids: (b 3 6), required_relids: (b 3 6), outer_relids: (b), nullable_relids: (b), left_relids: (b 3), right_relids: (b 6), eval_cost: (0.00..0.00), norm_selec: 0.0010, outer_selec: 0.0010, outer_is_left: true, hashjoinoperator: 1752, left_bucketsize: 0.1000, right_bucketsize: 0.1000, left_mcvfreq: 0.0000, right_mcvfreq: 0.0000} = {
                  clause = OpExpr {opno: 1752, opfuncid: 1718, opresulttype: 16, opretset: false, opcollid: 0, inputcollid: 0, location: -1} = {
                    args = List with 2 elements = {
                      0 = Var {varno: 3, varattno: 4, vartype: 1700, vartypmod: 983046, varcollid: 0, varlevelsup: 0, varnoold: 3, varoattno: 4, location: 354},
                      1 = Var {varno: 6, varattno: 2, vartype: 1700, vartypmod: -1, varcollid: 0, varlevelsup: 0, varnoold: 6, varoattno: 2, location: -1}
                    }
                  },
                  mergeopfamilies = OidList with 1 elements = {1988},
                  left_em = EquivalenceMember {em_relids: (b 3), em_nullable_relids: (b), em_is_const: false, em_is_child: false, em_datatype: 1700} = {
                    em_expr = Var {varno: 3, varattno: 4, vartype: 1700, vartypmod: 983046, varcollid: 0, varlevelsup: 0, varnoold: 3, varoattno: 4, location: 354}
                  },
                  right_em = EquivalenceMember {em_relids: (b 6), em_nullable_relids: (b), em_is_const: false, em_is_child: false, em_datatype: 1700} = {
                    em_expr = Var {varno: 6, varattno: 2, vartype: 1700, vartypmod: -1, varcollid: 0, varlevelsup: 0, varnoold: 6, varoattno: 2, location: -1}
                  }
                }
              },
              path_hashclauses = List with 2 elements = {
                0 = RestrictInfo {is_pushed_down: true, outerjoin_delayed: false, can_join: true, pseudoconstant: false, leakproof: false, security_level: 0, contain_outer_query_references: false, clause_relids: (b 1 6), required_relids: (b 1 6), outer_relids: (b), nullable_relids: (b), left_relids: (b 1), right_relids: (b 6), eval_cost: (0.00..0.00), norm_selec: 0.0010, outer_selec: 0.0010, outer_is_left: true, hashjoinoperator: 96, left_bucketsize: 0.1000, right_bucketsize: 0.1000, left_mcvfreq: 0.0000, right_mcvfreq: 0.0000} = {
                  clause = OpExpr {opno: 96, opfuncid: 65, opresulttype: 16, opretset: false, opcollid: 0, inputcollid: 0, location: -1} = {
                    args = List with 2 elements = {
                      0 = Var {varno: 1, varattno: 1, vartype: 23, vartypmod: -1, varcollid: 0, varlevelsup: 0, varnoold: 1, varoattno: 1, location: 163},
                      1 = Var {varno: 6, varattno: 1, vartype: 23, vartypmod: -1, varcollid: 0, varlevelsup: 0, varnoold: 6, varoattno: 1, location: 504}
                    }
                  },
                  mergeopfamilies = OidList with 1 elements = {1976},
                  left_em = EquivalenceMember {em_relids: (b 1), em_nullable_relids: (b), em_is_const: false, em_is_child: false, em_datatype: 23} = {
                    em_expr = Var {varno: 1, varattno: 1, vartype: 23, vartypmod: -1, varcollid: 0, varlevelsup: 0, varnoold: 1, varoattno: 1, location: 163}
                  },
                  right_em = EquivalenceMember {em_relids: (b 6), em_nullable_relids: (b), em_is_const: false, em_is_child: false, em_datatype: 23} = {
                    em_expr = Var {varno: 6, varattno: 1, vartype: 23, vartypmod: -1, varcollid: 0, varlevelsup: 0, varnoold: 6, varoattno: 1, location: 504}
                  }
                },
                1 = RestrictInfo {is_pushed_down: true, outerjoin_delayed: false, can_join: true, pseudoconstant: false, leakproof: false, security_level: 0, contain_outer_query_references: false, clause_relids: (b 3 6), required_relids: (b 3 6), outer_relids: (b), nullable_relids: (b), left_relids: (b 3), right_relids: (b 6), eval_cost: (0.00..0.00), norm_selec: 0.0010, outer_selec: 0.0010, outer_is_left: true, hashjoinoperator: 1752, left_bucketsize: 0.1000, right_bucketsize: 0.1000, left_mcvfreq: 0.0000, right_mcvfreq: 0.0000} = {
                  clause = OpExpr {opno: 1752, opfuncid: 1718, opresulttype: 16, opretset: false, opcollid: 0, inputcollid: 0, location: -1} = {
                    args = List with 2 elements = {
                      0 = Var {varno: 3, varattno: 4, vartype: 1700, vartypmod: 983046, varcollid: 0, varlevelsup: 0, varnoold: 3, varoattno: 4, location: 354},
                      1 = Var {varno: 6, varattno: 2, vartype: 1700, vartypmod: -1, varcollid: 0, varlevelsup: 0, varnoold: 6, varoattno: 2, location: -1}
                    }
                  },
                  mergeopfamilies = OidList with 1 elements = {1988},
                  left_em = EquivalenceMember {em_relids: (b 3), em_nullable_relids: (b), em_is_const: false, em_is_child: false, em_datatype: 1700} = {
                    em_expr = Var {varno: 3, varattno: 4, vartype: 1700, vartypmod: 983046, varcollid: 0, varlevelsup: 0, varnoold: 3, varoattno: 4, location: 354}
                  },
                  right_em = EquivalenceMember {em_relids: (b 6), em_nullable_relids: (b), em_is_const: false, em_is_child: false, em_datatype: 1700} = {
                    em_expr = Var {varno: 6, varattno: 2, vartype: 1700, vartypmod: -1, varcollid: 0, varlevelsup: 0, varnoold: 6, varoattno: 2, location: -1}
                  }
                }
              }
            }
          }
        },
        limitCount = Const {consttype: 20, consttypmod: -1, constcollid: 0, constlen: 8, constvalue: 100, constisnull: false, constbyval: true, location: -1}
      }
    },
    limitCount = Const {consttype: 20, consttypmod: -1, constcollid: 0, constlen: 8, constvalue: 100, constisnull: false, constbyval: true, location: -1}
  }
}
$6 = Limit (cost=695.96..696.06 rows=7 width=716 operatorMemKB=0 plan_id=0 parallel_aware=False parallel_safe = False)  = {
  plan.targetlist = List with 8 elements = {
    0 = TargetEntry {resno: 1, resname: 's_acctbal', ressortgroupref: 1, resorigtbl: 24585, resorigcol: 6, resjunk: false} = {
      expr = Var {varno: 65001, varattno: 1, vartype: 1700, vartypmod: 983046, varcollid: 0, varlevelsup: 0, varnoold: 2, varoattno: 6, location: -1}
    },
    1 = TargetEntry {resno: 2, resname: 's_name', ressortgroupref: 3, resorigtbl: 24585, resorigcol: 2, resjunk: false} = {
      expr = Var {varno: 65001, varattno: 2, vartype: 1042, vartypmod: 29, varcollid: 100, varlevelsup: 0, varnoold: 2, varoattno: 2, location: -1}
    },
    2 = TargetEntry {resno: 3, resname: 'n_name', ressortgroupref: 2, resorigtbl: 24576, resorigcol: 2, resjunk: false} = {
      expr = Var {varno: 65001, varattno: 3, vartype: 1042, vartypmod: 29, varcollid: 100, varlevelsup: 0, varnoold: 4, varoattno: 2, location: -1}
    },
    3 = TargetEntry {resno: 4, resname: 'p_partkey', ressortgroupref: 4, resorigtbl: 24582, resorigcol: 1, resjunk: false} = {
      expr = Var {varno: 65001, varattno: 4, vartype: 23, vartypmod: -1, varcollid: 0, varlevelsup: 0, varnoold: 1, varoattno: 1, location: -1}
    },
    4 = TargetEntry {resno: 5, resname: 'p_mfgr', ressortgroupref: 0, resorigtbl: 24582, resorigcol: 3, resjunk: false} = {
      expr = Var {varno: 65001, varattno: 5, vartype: 1042, vartypmod: 29, varcollid: 100, varlevelsup: 0, varnoold: 1, varoattno: 3, location: -1}
    },
    5 = TargetEntry {resno: 6, resname: 's_address', ressortgroupref: 0, resorigtbl: 24585, resorigcol: 3, resjunk: false} = {
      expr = Var {varno: 65001, varattno: 6, vartype: 1043, vartypmod: 44, varcollid: 100, varlevelsup: 0, varnoold: 2, varoattno: 3, location: -1}
    },
    6 = TargetEntry {resno: 7, resname: 's_phone', ressortgroupref: 0, resorigtbl: 24585, resorigcol: 5, resjunk: false} = {
      expr = Var {varno: 65001, varattno: 7, vartype: 1042, vartypmod: 19, varcollid: 100, varlevelsup: 0, varnoold: 2, varoattno: 5, location: -1}
    },
    7 = TargetEntry {resno: 8, resname: 's_comment', ressortgroupref: 0, resorigtbl: 24585, resorigcol: 7, resjunk: false} = {
      expr = Var {varno: 65001, varattno: 8, vartype: 1043, vartypmod: 105, varcollid: 100, varlevelsup: 0, varnoold: 2, varoattno: 7, location: -1}
    }
  },
  plan.lefttree = Motion (cost=695.96..696.06 rows=7 width=716 operatorMemKB=0 plan_id=1 parallel_aware=False parallel_safe = False) {motionType: MOTIONTYPE_GATHER, sendSorted: true, motionID: 1, numHashSegments: 0, segidColIdx: 0, numSortCols: 4} = {
    sortColIdx = [1, 3, 2, 4],
    sortOperators = [1756, 1058, 1058, 97],
    collations = [0, 100, 100, 0],
    nullsFirst = [True, False, False, False],
    plan.targetlist = List with 8 elements = {
      0 = TargetEntry {resno: 1, resname: 's_acctbal', ressortgroupref: 1, resorigtbl: 24585, resorigcol: 6, resjunk: false} = {
        expr = Var {varno: 65001, varattno: 1, vartype: 1700, vartypmod: 983046, varcollid: 0, varlevelsup: 0, varnoold: 2, varoattno: 6, location: -1}
      },
      1 = TargetEntry {resno: 2, resname: 's_name', ressortgroupref: 3, resorigtbl: 24585, resorigcol: 2, resjunk: false} = {
        expr = Var {varno: 65001, varattno: 2, vartype: 1042, vartypmod: 29, varcollid: 100, varlevelsup: 0, varnoold: 2, varoattno: 2, location: -1}
      },
      2 = TargetEntry {resno: 3, resname: 'n_name', ressortgroupref: 2, resorigtbl: 24576, resorigcol: 2, resjunk: false} = {
        expr = Var {varno: 65001, varattno: 3, vartype: 1042, vartypmod: 29, varcollid: 100, varlevelsup: 0, varnoold: 4, varoattno: 2, location: -1}
      },
      3 = TargetEntry {resno: 4, resname: 'p_partkey', ressortgroupref: 4, resorigtbl: 24582, resorigcol: 1, resjunk: false} = {
        expr = Var {varno: 65001, varattno: 4, vartype: 23, vartypmod: -1, varcollid: 0, varlevelsup: 0, varnoold: 1, varoattno: 1, location: -1}
      },
      4 = TargetEntry {resno: 5, resname: 'p_mfgr', ressortgroupref: 0, resorigtbl: 24582, resorigcol: 3, resjunk: false} = {
        expr = Var {varno: 65001, varattno: 5, vartype: 1042, vartypmod: 29, varcollid: 100, varlevelsup: 0, varnoold: 1, varoattno: 3, location: -1}
      },
      5 = TargetEntry {resno: 6, resname: 's_address', ressortgroupref: 0, resorigtbl: 24585, resorigcol: 3, resjunk: false} = {
        expr = Var {varno: 65001, varattno: 6, vartype: 1043, vartypmod: 44, varcollid: 100, varlevelsup: 0, varnoold: 2, varoattno: 3, location: -1}
      },
      6 = TargetEntry {resno: 7, resname: 's_phone', ressortgroupref: 0, resorigtbl: 24585, resorigcol: 5, resjunk: false} = {
        expr = Var {varno: 65001, varattno: 7, vartype: 1042, vartypmod: 19, varcollid: 100, varlevelsup: 0, varnoold: 2, varoattno: 5, location: -1}
      },
      7 = TargetEntry {resno: 8, resname: 's_comment', ressortgroupref: 0, resorigtbl: 24585, resorigcol: 7, resjunk: false} = {
        expr = Var {varno: 65001, varattno: 8, vartype: 1043, vartypmod: 105, varcollid: 100, varlevelsup: 0, varnoold: 2, varoattno: 7, location: -1}
      }
    },
    plan.lefttree = Limit (cost=695.96..695.96 rows=2 width=716 operatorMemKB=0 plan_id=2 parallel_aware=False parallel_safe = False)  = {
      plan.targetlist = List with 8 elements = {
        0 = TargetEntry {resno: 1, resname: 's_acctbal', ressortgroupref: 1, resorigtbl: 24585, resorigcol: 6, resjunk: false} = {
          expr = Var {varno: 65001, varattno: 1, vartype: 1700, vartypmod: 983046, varcollid: 0, varlevelsup: 0, varnoold: 2, varoattno: 6, location: -1}
        },
        1 = TargetEntry {resno: 2, resname: 's_name', ressortgroupref: 3, resorigtbl: 24585, resorigcol: 2, resjunk: false} = {
          expr = Var {varno: 65001, varattno: 2, vartype: 1042, vartypmod: 29, varcollid: 100, varlevelsup: 0, varnoold: 2, varoattno: 2, location: -1}
        },
        2 = TargetEntry {resno: 3, resname: 'n_name', ressortgroupref: 2, resorigtbl: 24576, resorigcol: 2, resjunk: false} = {
          expr = Var {varno: 65001, varattno: 3, vartype: 1042, vartypmod: 29, varcollid: 100, varlevelsup: 0, varnoold: 4, varoattno: 2, location: -1}
        },
        3 = TargetEntry {resno: 4, resname: 'p_partkey', ressortgroupref: 4, resorigtbl: 24582, resorigcol: 1, resjunk: false} = {
          expr = Var {varno: 65001, varattno: 4, vartype: 23, vartypmod: -1, varcollid: 0, varlevelsup: 0, varnoold: 1, varoattno: 1, location: -1}
        },
        4 = TargetEntry {resno: 5, resname: 'p_mfgr', ressortgroupref: 0, resorigtbl: 24582, resorigcol: 3, resjunk: false} = {
          expr = Var {varno: 65001, varattno: 5, vartype: 1042, vartypmod: 29, varcollid: 100, varlevelsup: 0, varnoold: 1, varoattno: 3, location: -1}
        },
        5 = TargetEntry {resno: 6, resname: 's_address', ressortgroupref: 0, resorigtbl: 24585, resorigcol: 3, resjunk: false} = {
          expr = Var {varno: 65001, varattno: 6, vartype: 1043, vartypmod: 44, varcollid: 100, varlevelsup: 0, varnoold: 2, varoattno: 3, location: -1}
        },
        6 = TargetEntry {resno: 7, resname: 's_phone', ressortgroupref: 0, resorigtbl: 24585, resorigcol: 5, resjunk: false} = {
          expr = Var {varno: 65001, varattno: 7, vartype: 1042, vartypmod: 19, varcollid: 100, varlevelsup: 0, varnoold: 2, varoattno: 5, location: -1}
        },
        7 = TargetEntry {resno: 8, resname: 's_comment', ressortgroupref: 0, resorigtbl: 24585, resorigcol: 7, resjunk: false} = {
          expr = Var {varno: 65001, varattno: 8, vartype: 1043, vartypmod: 105, varcollid: 100, varlevelsup: 0, varnoold: 2, varoattno: 7, location: -1}
        }
      },
      plan.lefttree = Sort (cost=695.95..695.96 rows=3 width=716 operatorMemKB=0 plan_id=3 parallel_aware=False parallel_safe = False) numCols: 4 = {
        sortColIdx = [1, 3, 2, 4],
        sortOperators = [1756, 1058, 1058, 97],
        collations = [0, 100, 100, 0],
        nullsFirst = [True, False, False, False],
        plan.targetlist = List with 8 elements = {
          0 = TargetEntry {resno: 1, resname: 's_acctbal', ressortgroupref: 1, resorigtbl: 24585, resorigcol: 6, resjunk: false} = {
            expr = Var {varno: 65001, varattno: 1, vartype: 1700, vartypmod: 983046, varcollid: 0, varlevelsup: 0, varnoold: 2, varoattno: 6, location: -1}
          },
          1 = TargetEntry {resno: 2, resname: 's_name', ressortgroupref: 3, resorigtbl: 24585, resorigcol: 2, resjunk: false} = {
            expr = Var {varno: 65001, varattno: 2, vartype: 1042, vartypmod: 29, varcollid: 100, varlevelsup: 0, varnoold: 2, varoattno: 2, location: -1}
          },
          2 = TargetEntry {resno: 3, resname: 'n_name', ressortgroupref: 2, resorigtbl: 24576, resorigcol: 2, resjunk: false} = {
            expr = Var {varno: 65001, varattno: 3, vartype: 1042, vartypmod: 29, varcollid: 100, varlevelsup: 0, varnoold: 4, varoattno: 2, location: -1}
          },
          3 = TargetEntry {resno: 4, resname: 'p_partkey', ressortgroupref: 4, resorigtbl: 24582, resorigcol: 1, resjunk: false} = {
            expr = Var {varno: 65001, varattno: 4, vartype: 23, vartypmod: -1, varcollid: 0, varlevelsup: 0, varnoold: 1, varoattno: 1, location: -1}
          },
          4 = TargetEntry {resno: 5, resname: 'p_mfgr', ressortgroupref: 0, resorigtbl: 24582, resorigcol: 3, resjunk: false} = {
            expr = Var {varno: 65001, varattno: 5, vartype: 1042, vartypmod: 29, varcollid: 100, varlevelsup: 0, varnoold: 1, varoattno: 3, location: -1}
          },
          5 = TargetEntry {resno: 6, resname: 's_address', ressortgroupref: 0, resorigtbl: 24585, resorigcol: 3, resjunk: false} = {
            expr = Var {varno: 65001, varattno: 6, vartype: 1043, vartypmod: 44, varcollid: 100, varlevelsup: 0, varnoold: 2, varoattno: 3, location: -1}
          },
          6 = TargetEntry {resno: 7, resname: 's_phone', ressortgroupref: 0, resorigtbl: 24585, resorigcol: 5, resjunk: false} = {
            expr = Var {varno: 65001, varattno: 7, vartype: 1042, vartypmod: 19, varcollid: 100, varlevelsup: 0, varnoold: 2, varoattno: 5, location: -1}
          },
          7 = TargetEntry {resno: 8, resname: 's_comment', ressortgroupref: 0, resorigtbl: 24585, resorigcol: 7, resjunk: false} = {
            expr = Var {varno: 65001, varattno: 8, vartype: 1043, vartypmod: 105, varcollid: 100, varlevelsup: 0, varnoold: 2, varoattno: 7, location: -1}
          }
        },
        plan.lefttree = HashJoin (cost=631.51..695.93 rows=3 width=716 operatorMemKB=0 plan_id=4 parallel_aware=False parallel_safe = False) {join.jointype: JOIN_INNER, join.inner_unique: true} = {
          join.plan.targetlist = List with 8 elements = {
            0 = TargetEntry {resno: 1, resname: 's_acctbal', ressortgroupref: 1, resorigtbl: 24585, resorigcol: 6, resjunk: false} = {
              expr = Var {varno: 65001, varattno: 5, vartype: 1700, vartypmod: 983046, varcollid: 0, varlevelsup: 0, varnoold: 2, varoattno: 6, location: 9}
            },
            1 = TargetEntry {resno: 2, resname: 's_name', ressortgroupref: 3, resorigtbl: 24585, resorigcol: 2, resjunk: false} = {
              expr = Var {varno: 65001, varattno: 6, vartype: 1042, vartypmod: 29, varcollid: 100, varlevelsup: 0, varnoold: 2, varoattno: 2, location: 22}
            },
            2 = TargetEntry {resno: 3, resname: 'n_name', ressortgroupref: 2, resorigtbl: 24576, resorigcol: 2, resjunk: false} = {
              expr = Var {varno: 65001, varattno: 10, vartype: 1042, vartypmod: 29, varcollid: 100, varlevelsup: 0, varnoold: 4, varoattno: 2, location: 32}
            },
            3 = TargetEntry {resno: 4, resname: 'p_partkey', ressortgroupref: 4, resorigtbl: 24582, resorigcol: 1, resjunk: false} = {
              expr = Var {varno: 65001, varattno: 1, vartype: 23, vartypmod: -1, varcollid: 0, varlevelsup: 0, varnoold: 1, varoattno: 1, location: 42}
            },
            4 = TargetEntry {resno: 5, resname: 'p_mfgr', ressortgroupref: 0, resorigtbl: 24582, resorigcol: 3, resjunk: false} = {
              expr = Var {varno: 65001, varattno: 2, vartype: 1042, vartypmod: 29, varcollid: 100, varlevelsup: 0, varnoold: 1, varoattno: 3, location: 55}
            },
            5 = TargetEntry {resno: 6, resname: 's_address', ressortgroupref: 0, resorigtbl: 24585, resorigcol: 3, resjunk: false} = {
              expr = Var {varno: 65001, varattno: 7, vartype: 1043, vartypmod: 44, varcollid: 100, varlevelsup: 0, varnoold: 2, varoattno: 3, location: 65}
            },
            6 = TargetEntry {resno: 7, resname: 's_phone', ressortgroupref: 0, resorigtbl: 24585, resorigcol: 5, resjunk: false} = {
              expr = Var {varno: 65001, varattno: 8, vartype: 1042, vartypmod: 19, varcollid: 100, varlevelsup: 0, varnoold: 2, varoattno: 5, location: 78}
            },
            7 = TargetEntry {resno: 8, resname: 's_comment', ressortgroupref: 0, resorigtbl: 24585, resorigcol: 7, resjunk: false} = {
              expr = Var {varno: 65001, varattno: 9, vartype: 1043, vartypmod: 105, varcollid: 100, varlevelsup: 0, varnoold: 2, varoattno: 7, location: 89}
            }
          },
          join.plan.lefttree = Motion (cost=254.37..318.74 rows=3 width=738 operatorMemKB=0 plan_id=5 parallel_aware=False parallel_safe = False) {motionType: MOTIONTYPE_HASH, sendSorted: false, motionID: 2, numHashSegments: 3, segidColIdx: 0, numSortCols: 0} = {
            hashFuncs = [450],
            plan.targetlist = List with 10 elements = {
              0 = TargetEntry {resno: 1, resname: 0x0, ressortgroupref: 0, resorigtbl: 0, resorigcol: 0, resjunk: false} = {
                expr = Var {varno: 65001, varattno: 1, vartype: 23, vartypmod: -1, varcollid: 0, varlevelsup: 0, varnoold: 1, varoattno: 1, location: -1}
              },
              1 = TargetEntry {resno: 2, resname: 0x0, ressortgroupref: 0, resorigtbl: 0, resorigcol: 0, resjunk: false} = {
                expr = Var {varno: 65001, varattno: 2, vartype: 1042, vartypmod: 29, varcollid: 100, varlevelsup: 0, varnoold: 1, varoattno: 3, location: -1}
              },
              2 = TargetEntry {resno: 3, resname: 0x0, ressortgroupref: 0, resorigtbl: 0, resorigcol: 0, resjunk: false} = {
                expr = Var {varno: 65001, varattno: 3, vartype: 23, vartypmod: -1, varcollid: 0, varlevelsup: 0, varnoold: 3, varoattno: 1, location: -1}
              },
              3 = TargetEntry {resno: 4, resname: 0x0, ressortgroupref: 0, resorigtbl: 0, resorigcol: 0, resjunk: false} = {
                expr = Var {varno: 65001, varattno: 4, vartype: 1700, vartypmod: 983046, varcollid: 0, varlevelsup: 0, varnoold: 3, varoattno: 4, location: -1}
              },
              4 = TargetEntry {resno: 5, resname: 0x0, ressortgroupref: 0, resorigtbl: 0, resorigcol: 0, resjunk: false} = {
                expr = Var {varno: 65001, varattno: 5, vartype: 1700, vartypmod: 983046, varcollid: 0, varlevelsup: 0, varnoold: 2, varoattno: 6, location: -1}
              },
              5 = TargetEntry {resno: 6, resname: 0x0, ressortgroupref: 0, resorigtbl: 0, resorigcol: 0, resjunk: false} = {
                expr = Var {varno: 65001, varattno: 6, vartype: 1042, vartypmod: 29, varcollid: 100, varlevelsup: 0, varnoold: 2, varoattno: 2, location: -1}
              },
              6 = TargetEntry {resno: 7, resname: 0x0, ressortgroupref: 0, resorigtbl: 0, resorigcol: 0, resjunk: false} = {
                expr = Var {varno: 65001, varattno: 7, vartype: 1043, vartypmod: 44, varcollid: 100, varlevelsup: 0, varnoold: 2, varoattno: 3, location: -1}
              },
              7 = TargetEntry {resno: 8, resname: 0x0, ressortgroupref: 0, resorigtbl: 0, resorigcol: 0, resjunk: false} = {
                expr = Var {varno: 65001, varattno: 8, vartype: 1042, vartypmod: 19, varcollid: 100, varlevelsup: 0, varnoold: 2, varoattno: 5, location: -1}
              },
              8 = TargetEntry {resno: 9, resname: 0x0, ressortgroupref: 0, resorigtbl: 0, resorigcol: 0, resjunk: false} = {
                expr = Var {varno: 65001, varattno: 9, vartype: 1043, vartypmod: 105, varcollid: 100, varlevelsup: 0, varnoold: 2, varoattno: 7, location: -1}
              },
              9 = TargetEntry {resno: 10, resname: 0x0, ressortgroupref: 0, resorigtbl: 0, resorigcol: 0, resjunk: false} = {
                expr = Var {varno: 65001, varattno: 10, vartype: 1042, vartypmod: 29, varcollid: 100, varlevelsup: 0, varnoold: 4, varoattno: 2, location: -1}
              }
            },
            plan.lefttree = HashJoin (cost=254.37..318.68 rows=3 width=738 operatorMemKB=0 plan_id=6 parallel_aware=False parallel_safe = False) {join.jointype: JOIN_INNER, join.inner_unique: false} = {
              join.plan.targetlist = List with 10 elements = {
                0 = TargetEntry {resno: 1, resname: 0x0, ressortgroupref: 0, resorigtbl: 0, resorigcol: 0, resjunk: false} = {
                  expr = Var {varno: 65000, varattno: 1, vartype: 23, vartypmod: -1, varcollid: 0, varlevelsup: 0, varnoold: 1, varoattno: 1, location: 42}
                },
                1 = TargetEntry {resno: 2, resname: 0x0, ressortgroupref: 0, resorigtbl: 0, resorigcol: 0, resjunk: false} = {
                  expr = Var {varno: 65000, varattno: 2, vartype: 1042, vartypmod: 29, varcollid: 100, varlevelsup: 0, varnoold: 1, varoattno: 3, location: 55}
                },
                2 = TargetEntry {resno: 3, resname: 0x0, ressortgroupref: 0, resorigtbl: 0, resorigcol: 0, resjunk: false} = {
                  expr = Var {varno: 65000, varattno: 3, vartype: 23, vartypmod: -1, varcollid: 0, varlevelsup: 0, varnoold: 3, varoattno: 1, location: 175}
                },
                3 = TargetEntry {resno: 4, resname: 0x0, ressortgroupref: 0, resorigtbl: 0, resorigcol: 0, resjunk: false} = {
                  expr = Var {varno: 65000, varattno: 4, vartype: 1700, vartypmod: 983046, varcollid: 0, varlevelsup: 0, varnoold: 3, varoattno: 4, location: 354}
                },
                4 = TargetEntry {resno: 5, resname: 0x0, ressortgroupref: 0, resorigtbl: 0, resorigcol: 0, resjunk: false} = {
                  expr = Var {varno: 65000, varattno: 5, vartype: 1700, vartypmod: 983046, varcollid: 0, varlevelsup: 0, varnoold: 2, varoattno: 6, location: 9}
                },
                5 = TargetEntry {resno: 6, resname: 0x0, ressortgroupref: 0, resorigtbl: 0, resorigcol: 0, resjunk: false} = {
                  expr = Var {varno: 65000, varattno: 6, vartype: 1042, vartypmod: 29, varcollid: 100, varlevelsup: 0, varnoold: 2, varoattno: 2, location: 22}
                },
                6 = TargetEntry {resno: 7, resname: 0x0, ressortgroupref: 0, resorigtbl: 0, resorigcol: 0, resjunk: false} = {
                  expr = Var {varno: 65000, varattno: 7, vartype: 1043, vartypmod: 44, varcollid: 100, varlevelsup: 0, varnoold: 2, varoattno: 3, location: 65}
                },
                7 = TargetEntry {resno: 8, resname: 0x0, ressortgroupref: 0, resorigtbl: 0, resorigcol: 0, resjunk: false} = {
                  expr = Var {varno: 65000, varattno: 8, vartype: 1042, vartypmod: 19, varcollid: 100, varlevelsup: 0, varnoold: 2, varoattno: 5, location: 78}
                },
                8 = TargetEntry {resno: 9, resname: 0x0, ressortgroupref: 0, resorigtbl: 0, resorigcol: 0, resjunk: false} = {
                  expr = Var {varno: 65000, varattno: 9, vartype: 1043, vartypmod: 105, varcollid: 100, varlevelsup: 0, varnoold: 2, varoattno: 7, location: 89}
                },
                9 = TargetEntry {resno: 10, resname: 0x0, ressortgroupref: 0, resorigtbl: 0, resorigcol: 0, resjunk: false} = {
                  expr = Var {varno: 65001, varattno: 1, vartype: 1042, vartypmod: 29, varcollid: 100, varlevelsup: 0, varnoold: 4, varoattno: 2, location: 32}
                }
              },
              join.plan.lefttree = Motion (cost=63.77..127.76 rows=50 width=108 operatorMemKB=0 plan_id=7 parallel_aware=False parallel_safe = False) {motionType: MOTIONTYPE_BROADCAST, sendSorted: false, motionID: 3, numHashSegments: 0, segidColIdx: 0, numSortCols: 0} = {
                plan.targetlist = List with 2 elements = {
                  0 = TargetEntry {resno: 1, resname: 0x0, ressortgroupref: 0, resorigtbl: 0, resorigcol: 0, resjunk: false} = {
                    expr = Var {varno: 65001, varattno: 1, vartype: 1042, vartypmod: 29, varcollid: 100, varlevelsup: 0, varnoold: 4, varoattno: 2, location: -1}
                  },
                  1 = TargetEntry {resno: 2, resname: 0x0, ressortgroupref: 0, resorigtbl: 0, resorigcol: 0, resjunk: false} = {
                    expr = Var {varno: 65001, varattno: 2, vartype: 23, vartypmod: -1, varcollid: 0, varlevelsup: 0, varnoold: 4, varoattno: 1, location: -1}
                  }
                },
                plan.lefttree = HashJoin (cost=63.77..127.10 rows=17 width=108 operatorMemKB=0 plan_id=8 parallel_aware=False parallel_safe = False) {join.jointype: JOIN_INNER, join.inner_unique: false} = {
                  join.plan.targetlist = List with 2 elements = {
                    0 = TargetEntry {resno: 1, resname: 0x0, ressortgroupref: 0, resorigtbl: 0, resorigcol: 0, resjunk: false} = {
                      expr = Var {varno: 65001, varattno: 2, vartype: 1042, vartypmod: 29, varcollid: 100, varlevelsup: 0, varnoold: 4, varoattno: 2, location: 32}
                    },
                    1 = TargetEntry {resno: 2, resname: 0x0, ressortgroupref: 0, resorigtbl: 0, resorigcol: 0, resjunk: false} = {
                      expr = Var {varno: 65001, varattno: 1, vartype: 23, vartypmod: -1, varcollid: 0, varlevelsup: 0, varnoold: 4, varoattno: 1, location: 280}
                    }
                  },
                  join.plan.lefttree = Scan (cost=0.00..57.33 rows=2333 width=112 operatorMemKB=0 plan_id=9 parallel_aware=False parallel_safe = False) scanrelid: 4 = {
                    plan.targetlist = List with 4 elements = {
                      0 = TargetEntry {resno: 1, resname: 0x0, ressortgroupref: 0, resorigtbl: 0, resorigcol: 0, resjunk: false} = {
                        expr = Var {varno: 4, varattno: 1, vartype: 23, vartypmod: -1, varcollid: 0, varlevelsup: 0, varnoold: 4, varoattno: 1, location: -1}
                      },
                      1 = TargetEntry {resno: 2, resname: 0x0, ressortgroupref: 0, resorigtbl: 0, resorigcol: 0, resjunk: false} = {
                        expr = Var {varno: 4, varattno: 2, vartype: 1042, vartypmod: 29, varcollid: 100, varlevelsup: 0, varnoold: 4, varoattno: 2, location: -1}
                      },
                      2 = TargetEntry {resno: 3, resname: 0x0, ressortgroupref: 0, resorigtbl: 0, resorigcol: 0, resjunk: false} = {
                        expr = Var {varno: 4, varattno: 3, vartype: 23, vartypmod: -1, varcollid: 0, varlevelsup: 0, varnoold: 4, varoattno: 3, location: -1}
                      },
                      3 = TargetEntry {resno: 4, resname: 0x0, ressortgroupref: 0, resorigtbl: 0, resorigcol: 0, resjunk: false} = {
                        expr = Var {varno: 4, varattno: 4, vartype: 1043, vartypmod: 156, varcollid: 100, varlevelsup: 0, varnoold: 4, varoattno: 4, location: -1}
                      }
                    }
                  },
                  join.plan.righttree = Hash (cost=63.68..63.68 rows=7 width=4 operatorMemKB=0 plan_id=10 parallel_aware=False parallel_safe = False) {skewTable: 24576, skewColumn: 3, skewInherit: false, rows_total: 0} = {
                    plan.targetlist = List with 1 elements = {
                      0 = TargetEntry {resno: 1, resname: 0x0, ressortgroupref: 0, resorigtbl: 0, resorigcol: 0, resjunk: false} = {
                        expr = Var {varno: 65001, varattno: 1, vartype: 23, vartypmod: -1, varcollid: 0, varlevelsup: 0, varnoold: 5, varoattno: 1, location: -1}
                      }
                    },
                    plan.lefttree = Motion (cost=0.00..63.68 rows=7 width=4 operatorMemKB=0 plan_id=11 parallel_aware=False parallel_safe = False) {motionType: MOTIONTYPE_BROADCAST, sendSorted: false, motionID: 4, numHashSegments: 0, segidColIdx: 0, numSortCols: 0} = {
                      plan.targetlist = List with 1 elements = {
                        0 = TargetEntry {resno: 1, resname: 0x0, ressortgroupref: 0, resorigtbl: 0, resorigcol: 0, resjunk: false} = {
                          expr = Var {varno: 65001, varattno: 1, vartype: 23, vartypmod: -1, varcollid: 0, varlevelsup: 0, varnoold: 5, varoattno: 1, location: -1}
                        }
                      },
                      plan.lefttree = Scan (cost=0.00..63.58 rows=2 width=4 operatorMemKB=0 plan_id=12 parallel_aware=False parallel_safe = False) scanrelid: 5 = {
                        plan.targetlist = List with 1 elements = {
                          0 = TargetEntry {resno: 1, resname: 0x0, ressortgroupref: 0, resorigtbl: 0, resorigcol: 0, resjunk: false} = {
                            expr = Var {varno: 5, varattno: 1, vartype: 23, vartypmod: -1, varcollid: 0, varlevelsup: 0, varnoold: 5, varoattno: 1, location: 312}
                          }
                        },
                        plan.qual = List with 1 elements = {
                          0 = OpExpr {opno: 1054, opfuncid: 1048, opresulttype: 16, opretset: false, opcollid: 0, inputcollid: 100, location: 337} = {
                            args = List with 2 elements = {
                              0 = Var {varno: 5, varattno: 2, vartype: 1042, vartypmod: 29, varcollid: 100, varlevelsup: 0, varnoold: 5, varoattno: 2, location: 330},
                              1 = Const {consttype: 1042, consttypmod: -1, constcollid: 100, constlen: -1, constvalue: 94329034044400, constisnull: false, constbyval: false, location: 339}
                            }
                          }
                        },
                        plan.flow = Flow {flotype: FLOW_PARTITIONED, locustype: CdbLocusType_Hashed, segindex: 0, numsegments: 3}
                      }
                    },
                    hashkeys = List with 1 elements = {
                      0 = Var {varno: 65001, varattno: 1, vartype: 23, vartypmod: -1, varcollid: 0, varlevelsup: 0, varnoold: 5, varoattno: 1, location: 312}
                    }
                  },
                  join.plan.flow = Flow {flotype: FLOW_PARTITIONED, locustype: CdbLocusType_Hashed, segindex: 0, numsegments: 3},
                  hashclauses = List with 1 elements = {
                    0 = OpExpr {opno: 96, opfuncid: 65, opresulttype: 16, opretset: false, opcollid: 0, inputcollid: 0, location: -1} = {
                      args = List with 2 elements = {
                        0 = Var {varno: 65001, varattno: 3, vartype: 23, vartypmod: -1, varcollid: 0, varlevelsup: 0, varnoold: 4, varoattno: 3, location: 298},
                        1 = Var {varno: 65000, varattno: 1, vartype: 23, vartypmod: -1, varcollid: 0, varlevelsup: 0, varnoold: 5, varoattno: 1, location: 312}
                      }
                    }
                  },
                  hashoperators = OidList with 1 elements = {96},
                  hashcollations = OidList with 1 elements = {0},
                  hashkeys = List with 1 elements = {
                    0 = Var {varno: 65001, varattno: 3, vartype: 23, vartypmod: -1, varcollid: 0, varlevelsup: 0, varnoold: 4, varoattno: 3, location: 298}
                  }
                }
              },
              join.plan.righttree = Hash (cost=190.28..190.28 rows=25 width=638 operatorMemKB=0 plan_id=13 parallel_aware=False parallel_safe = False) {skewTable: 24576, skewColumn: 1, skewInherit: false, rows_total: 0} = {
                plan.targetlist = List with 10 elements = {
                  0 = TargetEntry {resno: 1, resname: 0x0, ressortgroupref: 0, resorigtbl: 0, resorigcol: 0, resjunk: false} = {
                    expr = Var {varno: 65001, varattno: 1, vartype: 23, vartypmod: -1, varcollid: 0, varlevelsup: 0, varnoold: 1, varoattno: 1, location: -1}
                  },
                  1 = TargetEntry {resno: 2, resname: 0x0, ressortgroupref: 0, resorigtbl: 0, resorigcol: 0, resjunk: false} = {
                    expr = Var {varno: 65001, varattno: 2, vartype: 1042, vartypmod: 29, varcollid: 100, varlevelsup: 0, varnoold: 1, varoattno: 3, location: -1}
                  },
                  2 = TargetEntry {resno: 3, resname: 0x0, ressortgroupref: 0, resorigtbl: 0, resorigcol: 0, resjunk: false} = {
                    expr = Var {varno: 65001, varattno: 3, vartype: 23, vartypmod: -1, varcollid: 0, varlevelsup: 0, varnoold: 3, varoattno: 1, location: -1}
                  },
                  3 = TargetEntry {resno: 4, resname: 0x0, ressortgroupref: 0, resorigtbl: 0, resorigcol: 0, resjunk: false} = {
                    expr = Var {varno: 65001, varattno: 4, vartype: 1700, vartypmod: 983046, varcollid: 0, varlevelsup: 0, varnoold: 3, varoattno: 4, location: -1}
                  },
                  4 = TargetEntry {resno: 5, resname: 0x0, ressortgroupref: 0, resorigtbl: 0, resorigcol: 0, resjunk: false} = {
                    expr = Var {varno: 65001, varattno: 5, vartype: 1700, vartypmod: 983046, varcollid: 0, varlevelsup: 0, varnoold: 2, varoattno: 6, location: -1}
                  },
                  5 = TargetEntry {resno: 6, resname: 0x0, ressortgroupref: 0, resorigtbl: 0, resorigcol: 0, resjunk: false} = {
                    expr = Var {varno: 65001, varattno: 6, vartype: 1042, vartypmod: 29, varcollid: 100, varlevelsup: 0, varnoold: 2, varoattno: 2, location: -1}
                  },
                  6 = TargetEntry {resno: 7, resname: 0x0, ressortgroupref: 0, resorigtbl: 0, resorigcol: 0, resjunk: false} = {
                    expr = Var {varno: 65001, varattno: 7, vartype: 1043, vartypmod: 44, varcollid: 100, varlevelsup: 0, varnoold: 2, varoattno: 3, location: -1}
                  },
                  7 = TargetEntry {resno: 8, resname: 0x0, ressortgroupref: 0, resorigtbl: 0, resorigcol: 0, resjunk: false} = {
                    expr = Var {varno: 65001, varattno: 8, vartype: 1042, vartypmod: 19, varcollid: 100, varlevelsup: 0, varnoold: 2, varoattno: 5, location: -1}
                  },
                  8 = TargetEntry {resno: 9, resname: 0x0, ressortgroupref: 0, resorigtbl: 0, resorigcol: 0, resjunk: false} = {
                    expr = Var {varno: 65001, varattno: 9, vartype: 1043, vartypmod: 105, varcollid: 100, varlevelsup: 0, varnoold: 2, varoattno: 7, location: -1}
                  },
                  9 = TargetEntry {resno: 10, resname: 0x0, ressortgroupref: 0, resorigtbl: 0, resorigcol: 0, resjunk: false} = {
                    expr = Var {varno: 65001, varattno: 10, vartype: 23, vartypmod: -1, varcollid: 0, varlevelsup: 0, varnoold: 2, varoattno: 4, location: -1}
                  }
                },
                plan.lefttree = HashJoin (cost=128.53..190.28 rows=25 width=638 operatorMemKB=0 plan_id=14 parallel_aware=False parallel_safe = False) {join.jointype: JOIN_INNER, join.inner_unique: false} = {
                  join.plan.targetlist = List with 10 elements = {
                    0 = TargetEntry {resno: 1, resname: 0x0, ressortgroupref: 0, resorigtbl: 0, resorigcol: 0, resjunk: false} = {
                      expr = Var {varno: 65000, varattno: 1, vartype: 23, vartypmod: -1, varcollid: 0, varlevelsup: 0, varnoold: 1, varoattno: 1, location: 42}
                    },
                    1 = TargetEntry {resno: 2, resname: 0x0, ressortgroupref: 0, resorigtbl: 0, resorigcol: 0, resjunk: false} = {
                      expr = Var {varno: 65000, varattno: 2, vartype: 1042, vartypmod: 29, varcollid: 100, varlevelsup: 0, varnoold: 1, varoattno: 3, location: 55}
                    },
                    2 = TargetEntry {resno: 3, resname: 0x0, ressortgroupref: 0, resorigtbl: 0, resorigcol: 0, resjunk: false} = {
                      expr = Var {varno: 65000, varattno: 3, vartype: 23, vartypmod: -1, varcollid: 0, varlevelsup: 0, varnoold: 3, varoattno: 1, location: 175}
                    },
                    3 = TargetEntry {resno: 4, resname: 0x0, ressortgroupref: 0, resorigtbl: 0, resorigcol: 0, resjunk: false} = {
                      expr = Var {varno: 65000, varattno: 5, vartype: 1700, vartypmod: 983046, varcollid: 0, varlevelsup: 0, varnoold: 3, varoattno: 4, location: 354}
                    },
                    4 = TargetEntry {resno: 5, resname: 0x0, ressortgroupref: 0, resorigtbl: 0, resorigcol: 0, resjunk: false} = {
                      expr = Var {varno: 65001, varattno: 6, vartype: 1700, vartypmod: 983046, varcollid: 0, varlevelsup: 0, varnoold: 2, varoattno: 6, location: 9}
                    },
                    5 = TargetEntry {resno: 6, resname: 0x0, ressortgroupref: 0, resorigtbl: 0, resorigcol: 0, resjunk: false} = {
                      expr = Var {varno: 65001, varattno: 2, vartype: 1042, vartypmod: 29, varcollid: 100, varlevelsup: 0, varnoold: 2, varoattno: 2, location: 22}
                    },
                    6 = TargetEntry {resno: 7, resname: 0x0, ressortgroupref: 0, resorigtbl: 0, resorigcol: 0, resjunk: false} = {
                      expr = Var {varno: 65001, varattno: 3, vartype: 1043, vartypmod: 44, varcollid: 100, varlevelsup: 0, varnoold: 2, varoattno: 3, location: 65}
                    },
                    7 = TargetEntry {resno: 8, resname: 0x0, ressortgroupref: 0, resorigtbl: 0, resorigcol: 0, resjunk: false} = {
                      expr = Var {varno: 65001, varattno: 5, vartype: 1042, vartypmod: 19, varcollid: 100, varlevelsup: 0, varnoold: 2, varoattno: 5, location: 78}
                    },
                    8 = TargetEntry {resno: 9, resname: 0x0, ressortgroupref: 0, resorigtbl: 0, resorigcol: 0, resjunk: false} = {
                      expr = Var {varno: 65001, varattno: 7, vartype: 1043, vartypmod: 105, varcollid: 100, varlevelsup: 0, varnoold: 2, varoattno: 7, location: 89}
                    },
                    9 = TargetEntry {resno: 10, resname: 0x0, ressortgroupref: 0, resorigtbl: 0, resorigcol: 0, resjunk: false} = {
                      expr = Var {varno: 65001, varattno: 4, vartype: 23, vartypmod: -1, varcollid: 0, varlevelsup: 0, varnoold: 2, varoattno: 4, location: 266}
                    }
                  },
                  join.plan.lefttree = Scan (cost=0.00..54.00 rows=2000 width=512 operatorMemKB=0 plan_id=15 parallel_aware=False parallel_safe = False) scanrelid: 2 = {
                    plan.targetlist = List with 7 elements = {
                      0 = TargetEntry {resno: 1, resname: 0x0, ressortgroupref: 0, resorigtbl: 0, resorigcol: 0, resjunk: false} = {
                        expr = Var {varno: 2, varattno: 1, vartype: 23, vartypmod: -1, varcollid: 0, varlevelsup: 0, varnoold: 2, varoattno: 1, location: -1}
                      },
                      1 = TargetEntry {resno: 2, resname: 0x0, ressortgroupref: 0, resorigtbl: 0, resorigcol: 0, resjunk: false} = {
                        expr = Var {varno: 2, varattno: 2, vartype: 1042, vartypmod: 29, varcollid: 100, varlevelsup: 0, varnoold: 2, varoattno: 2, location: -1}
                      },
                      2 = TargetEntry {resno: 3, resname: 0x0, ressortgroupref: 0, resorigtbl: 0, resorigcol: 0, resjunk: false} = {
                        expr = Var {varno: 2, varattno: 3, vartype: 1043, vartypmod: 44, varcollid: 100, varlevelsup: 0, varnoold: 2, varoattno: 3, location: -1}
                      },
                      3 = TargetEntry {resno: 4, resname: 0x0, ressortgroupref: 0, resorigtbl: 0, resorigcol: 0, resjunk: false} = {
                        expr = Var {varno: 2, varattno: 4, vartype: 23, vartypmod: -1, varcollid: 0, varlevelsup: 0, varnoold: 2, varoattno: 4, location: -1}
                      },
                      4 = TargetEntry {resno: 5, resname: 0x0, ressortgroupref: 0, resorigtbl: 0, resorigcol: 0, resjunk: false} = {
                        expr = Var {varno: 2, varattno: 5, vartype: 1042, vartypmod: 19, varcollid: 100, varlevelsup: 0, varnoold: 2, varoattno: 5, location: -1}
                      },
                      5 = TargetEntry {resno: 6, resname: 0x0, ressortgroupref: 0, resorigtbl: 0, resorigcol: 0, resjunk: false} = {
                        expr = Var {varno: 2, varattno: 6, vartype: 1700, vartypmod: 983046, varcollid: 0, varlevelsup: 0, varnoold: 2, varoattno: 6, location: -1}
                      },
                      6 = TargetEntry {resno: 7, resname: 0x0, ressortgroupref: 0, resorigtbl: 0, resorigcol: 0, resjunk: false} = {
                        expr = Var {varno: 2, varattno: 7, vartype: 1043, vartypmod: 105, varcollid: 100, varlevelsup: 0, varnoold: 2, varoattno: 7, location: -1}
                      }
                    }
                  },
                  join.plan.righttree = Hash (cost=128.48..128.48 rows=4 width=134 operatorMemKB=0 plan_id=16 parallel_aware=False parallel_safe = False) {skewTable: 24585, skewColumn: 1, skewInherit: false, rows_total: 0} = {
                    plan.targetlist = List with 5 elements = {
                      0 = TargetEntry {resno: 1, resname: 0x0, ressortgroupref: 0, resorigtbl: 0, resorigcol: 0, resjunk: false} = {
                        expr = Var {varno: 65001, varattno: 1, vartype: 23, vartypmod: -1, varcollid: 0, varlevelsup: 0, varnoold: 1, varoattno: 1, location: -1}
                      },
                      1 = TargetEntry {resno: 2, resname: 0x0, ressortgroupref: 0, resorigtbl: 0, resorigcol: 0, resjunk: false} = {
                        expr = Var {varno: 65001, varattno: 2, vartype: 1042, vartypmod: 29, varcollid: 100, varlevelsup: 0, varnoold: 1, varoattno: 3, location: -1}
                      },
                      2 = TargetEntry {resno: 3, resname: 0x0, ressortgroupref: 0, resorigtbl: 0, resorigcol: 0, resjunk: false} = {
                        expr = Var {varno: 65001, varattno: 3, vartype: 23, vartypmod: -1, varcollid: 0, varlevelsup: 0, varnoold: 3, varoattno: 1, location: -1}
                      },
                      3 = TargetEntry {resno: 4, resname: 0x0, ressortgroupref: 0, resorigtbl: 0, resorigcol: 0, resjunk: false} = {
                        expr = Var {varno: 65001, varattno: 4, vartype: 23, vartypmod: -1, varcollid: 0, varlevelsup: 0, varnoold: 3, varoattno: 2, location: -1}
                      },
                      4 = TargetEntry {resno: 5, resname: 0x0, ressortgroupref: 0, resorigtbl: 0, resorigcol: 0, resjunk: false} = {
                        expr = Var {varno: 65001, varattno: 5, vartype: 1700, vartypmod: 983046, varcollid: 0, varlevelsup: 0, varnoold: 3, varoattno: 4, location: -1}
                      }
                    },
                    plan.lefttree = Motion (cost=66.01..128.48 rows=4 width=134 operatorMemKB=0 plan_id=17 parallel_aware=False parallel_safe = False) {motionType: MOTIONTYPE_HASH, sendSorted: false, motionID: 5, numHashSegments: 3, segidColIdx: 0, numSortCols: 0} = {
                      hashFuncs = [450],
                      plan.targetlist = List with 5 elements = {
                        0 = TargetEntry {resno: 1, resname: 0x0, ressortgroupref: 0, resorigtbl: 0, resorigcol: 0, resjunk: false} = {
                          expr = Var {varno: 65001, varattno: 1, vartype: 23, vartypmod: -1, varcollid: 0, varlevelsup: 0, varnoold: 1, varoattno: 1, location: -1}
                        },
                        1 = TargetEntry {resno: 2, resname: 0x0, ressortgroupref: 0, resorigtbl: 0, resorigcol: 0, resjunk: false} = {
                          expr = Var {varno: 65001, varattno: 2, vartype: 1042, vartypmod: 29, varcollid: 100, varlevelsup: 0, varnoold: 1, varoattno: 3, location: -1}
                        },
                        2 = TargetEntry {resno: 3, resname: 0x0, ressortgroupref: 0, resorigtbl: 0, resorigcol: 0, resjunk: false} = {
                          expr = Var {varno: 65001, varattno: 3, vartype: 23, vartypmod: -1, varcollid: 0, varlevelsup: 0, varnoold: 3, varoattno: 1, location: -1}
                        },
                        3 = TargetEntry {resno: 4, resname: 0x0, ressortgroupref: 0, resorigtbl: 0, resorigcol: 0, resjunk: false} = {
                          expr = Var {varno: 65001, varattno: 4, vartype: 23, vartypmod: -1, varcollid: 0, varlevelsup: 0, varnoold: 3, varoattno: 2, location: -1}
                        },
                        4 = TargetEntry {resno: 5, resname: 0x0, ressortgroupref: 0, resorigtbl: 0, resorigcol: 0, resjunk: false} = {
                          expr = Var {varno: 65001, varattno: 5, vartype: 1700, vartypmod: 983046, varcollid: 0, varlevelsup: 0, varnoold: 3, varoattno: 4, location: -1}
                        }
                      },
                      plan.lefttree = HashJoin (cost=66.01..128.39 rows=4 width=134 operatorMemKB=0 plan_id=18 parallel_aware=False parallel_safe = False) {join.jointype: JOIN_INNER, join.inner_unique: false} = {
                        join.plan.targetlist = List with 5 elements = {
                          0 = TargetEntry {resno: 1, resname: 0x0, ressortgroupref: 0, resorigtbl: 0, resorigcol: 0, resjunk: false} = {
                            expr = Var {varno: 65000, varattno: 1, vartype: 23, vartypmod: -1, varcollid: 0, varlevelsup: 0, varnoold: 1, varoattno: 1, location: 42}
                          },
                          1 = TargetEntry {resno: 2, resname: 0x0, ressortgroupref: 0, resorigtbl: 0, resorigcol: 0, resjunk: false} = {
                            expr = Var {varno: 65000, varattno: 2, vartype: 1042, vartypmod: 29, varcollid: 100, varlevelsup: 0, varnoold: 1, varoattno: 3, location: 55}
                          },
                          2 = TargetEntry {resno: 3, resname: 0x0, ressortgroupref: 0, resorigtbl: 0, resorigcol: 0, resjunk: false} = {
                            expr = Var {varno: 65001, varattno: 1, vartype: 23, vartypmod: -1, varcollid: 0, varlevelsup: 0, varnoold: 3, varoattno: 1, location: 175}
                          },
                          3 = TargetEntry {resno: 4, resname: 0x0, ressortgroupref: 0, resorigtbl: 0, resorigcol: 0, resjunk: false} = {
                            expr = Var {varno: 65001, varattno: 2, vartype: 23, vartypmod: -1, varcollid: 0, varlevelsup: 0, varnoold: 3, varoattno: 2, location: 204}
                          },
                          4 = TargetEntry {resno: 5, resname: 0x0, ressortgroupref: 0, resorigtbl: 0, resorigcol: 0, resjunk: false} = {
                            expr = Var {varno: 65001, varattno: 4, vartype: 1700, vartypmod: 983046, varcollid: 0, varlevelsup: 0, varnoold: 3, varoattno: 4, location: 354}
                          }
                        },
                        join.plan.lefttree = Scan (cost=0.00..56.67 rows=2267 width=26 operatorMemKB=0 plan_id=19 parallel_aware=False parallel_safe = False) scanrelid: 3 = {
                          plan.targetlist = List with 5 elements = {
                            0 = TargetEntry {resno: 1, resname: 0x0, ressortgroupref: 0, resorigtbl: 0, resorigcol: 0, resjunk: false} = {
                              expr = Var {varno: 3, varattno: 1, vartype: 23, vartypmod: -1, varcollid: 0, varlevelsup: 0, varnoold: 3, varoattno: 1, location: -1}
                            },
                            1 = TargetEntry {resno: 2, resname: 0x0, ressortgroupref: 0, resorigtbl: 0, resorigcol: 0, resjunk: false} = {
                              expr = Var {varno: 3, varattno: 2, vartype: 23, vartypmod: -1, varcollid: 0, varlevelsup: 0, varnoold: 3, varoattno: 2, location: -1}
                            },
                            2 = TargetEntry {resno: 3, resname: 0x0, ressortgroupref: 0, resorigtbl: 0, resorigcol: 0, resjunk: false} = {
                              expr = Var {varno: 3, varattno: 3, vartype: 23, vartypmod: -1, varcollid: 0, varlevelsup: 0, varnoold: 3, varoattno: 3, location: -1}
                            },
                            3 = TargetEntry {resno: 4, resname: 0x0, ressortgroupref: 0, resorigtbl: 0, resorigcol: 0, resjunk: false} = {
                              expr = Var {varno: 3, varattno: 4, vartype: 1700, vartypmod: 983046, varcollid: 0, varlevelsup: 0, varnoold: 3, varoattno: 4, location: -1}
                            },
                            4 = TargetEntry {resno: 5, resname: 0x0, ressortgroupref: 0, resorigtbl: 0, resorigcol: 0, resjunk: false} = {
                              expr = Var {varno: 3, varattno: 5, vartype: 1043, vartypmod: 203, varcollid: 100, varlevelsup: 0, varnoold: 3, varoattno: 5, location: -1}
                            }
                          }
                        },
                        join.plan.righttree = Hash (cost=66.00..66.00 rows=1 width=108 operatorMemKB=0 plan_id=20 parallel_aware=False parallel_safe = False) {skewTable: 24588, skewColumn: 1, skewInherit: false, rows_total: 0} = {
                          plan.targetlist = List with 2 elements = {
                            0 = TargetEntry {resno: 1, resname: 0x0, ressortgroupref: 0, resorigtbl: 0, resorigcol: 0, resjunk: false} = {
                              expr = Var {varno: 65001, varattno: 1, vartype: 23, vartypmod: -1, varcollid: 0, varlevelsup: 0, varnoold: 1, varoattno: 1, location: -1}
                            },
                            1 = TargetEntry {resno: 2, resname: 0x0, ressortgroupref: 0, resorigtbl: 0, resorigcol: 0, resjunk: false} = {
                              expr = Var {varno: 65001, varattno: 2, vartype: 1042, vartypmod: 29, varcollid: 100, varlevelsup: 0, varnoold: 1, varoattno: 3, location: -1}
                            }
                          },
                          plan.lefttree = Scan (cost=0.00..66.00 rows=1 width=108 operatorMemKB=0 plan_id=21 parallel_aware=False parallel_safe = False) scanrelid: 1 = {
                            plan.targetlist = List with 2 elements = {
                              0 = TargetEntry {resno: 1, resname: 0x0, ressortgroupref: 0, resorigtbl: 0, resorigcol: 0, resjunk: false} = {
                                expr = Var {varno: 1, varattno: 1, vartype: 23, vartypmod: -1, varcollid: 0, varlevelsup: 0, varnoold: 1, varoattno: 1, location: 42}
                              },
                              1 = TargetEntry {resno: 2, resname: 0x0, ressortgroupref: 0, resorigtbl: 0, resorigcol: 0, resjunk: false} = {
                                expr = Var {varno: 1, varattno: 3, vartype: 1042, vartypmod: 29, varcollid: 100, varlevelsup: 0, varnoold: 1, varoattno: 3, location: 55}
                              }
                            },
                            plan.qual = List with 2 elements = {
                              0 = OpExpr {opno: 1209, opfuncid: 850, opresulttype: 16, opretset: false, opcollid: 0, inputcollid: 100, location: 246} = {
                                args = List with 2 elements = {
                                  0 = RelabelType {resulttype: 25, resulttypmod: -1, resultcollid: 100, relabelformat: COERCE_IMPLICIT_CAST, location: -1} = {
                                    arg = Var {varno: 1, varattno: 5, vartype: 1043, vartypmod: 29, varcollid: 100, varlevelsup: 0, varnoold: 1, varoattno: 5, location: 239}
                                  },
                                  1 = Const {consttype: 25, consttypmod: -1, constcollid: 100, constlen: -1, constvalue: 94329034664904, constisnull: false, constbyval: false, location: 251}
                                }
                              },
                              1 = OpExpr {opno: 96, opfuncid: 65, opresulttype: 16, opretset: false, opcollid: 0, inputcollid: 0, location: 228} = {
                                args = List with 2 elements = {
                                  0 = Var {varno: 1, varattno: 6, vartype: 23, vartypmod: -1, varcollid: 0, varlevelsup: 0, varnoold: 1, varoattno: 6, location: 221},
                                  1 = Const {consttype: 23, consttypmod: -1, constcollid: 0, constlen: 4, constvalue: 15, constisnull: false, constbyval: true, location: 230}
                                }
                              }
                            }
                          },
                          hashkeys = List with 1 elements = {
                            0 = Var {varno: 65001, varattno: 1, vartype: 23, vartypmod: -1, varcollid: 0, varlevelsup: 0, varnoold: 1, varoattno: 1, location: 163}
                          }
                        },
                        join.plan.flow = Flow {flotype: FLOW_PARTITIONED, locustype: CdbLocusType_Hashed, segindex: 0, numsegments: 3},
                        hashclauses = List with 1 elements = {
                          0 = OpExpr {opno: 96, opfuncid: 65, opresulttype: 16, opretset: false, opcollid: 0, inputcollid: 0, location: -1} = {
                            args = List with 2 elements = {
                              0 = Var {varno: 65001, varattno: 1, vartype: 23, vartypmod: -1, varcollid: 0, varlevelsup: 0, varnoold: 3, varoattno: 1, location: 175},
                              1 = Var {varno: 65000, varattno: 1, vartype: 23, vartypmod: -1, varcollid: 0, varlevelsup: 0, varnoold: 1, varoattno: 1, location: 163}
                            }
                          }
                        },
                        hashoperators = OidList with 1 elements = {96},
                        hashcollations = OidList with 1 elements = {0},
                        hashkeys = List with 1 elements = {
                          0 = Var {varno: 65001, varattno: 1, vartype: 23, vartypmod: -1, varcollid: 0, varlevelsup: 0, varnoold: 3, varoattno: 1, location: 175}
                        }
                      },
                      hashExprs = List with 1 elements = {
                        0 = Var {varno: 65001, varattno: 4, vartype: 23, vartypmod: -1, varcollid: 0, varlevelsup: 0, varnoold: 3, varoattno: 2, location: 204}
                      }
                    },
                    hashkeys = List with 1 elements = {
                      0 = Var {varno: 65001, varattno: 4, vartype: 23, vartypmod: -1, varcollid: 0, varlevelsup: 0, varnoold: 3, varoattno: 2, location: 204}
                    }
                  },
                  hashclauses = List with 1 elements = {
                    0 = OpExpr {opno: 96, opfuncid: 65, opresulttype: 16, opretset: false, opcollid: 0, inputcollid: 0, location: -1} = {
                      args = List with 2 elements = {
                        0 = Var {varno: 65001, varattno: 1, vartype: 23, vartypmod: -1, varcollid: 0, varlevelsup: 0, varnoold: 2, varoattno: 1, location: 192},
                        1 = Var {varno: 65000, varattno: 4, vartype: 23, vartypmod: -1, varcollid: 0, varlevelsup: 0, varnoold: 3, varoattno: 2, location: 204}
                      }
                    }
                  },
                  hashoperators = OidList with 1 elements = {96},
                  hashcollations = OidList with 1 elements = {0},
                  hashkeys = List with 1 elements = {
                    0 = Var {varno: 65001, varattno: 1, vartype: 23, vartypmod: -1, varcollid: 0, varlevelsup: 0, varnoold: 2, varoattno: 1, location: 192}
                  }
                },
                hashkeys = List with 1 elements = {
                  0 = Var {varno: 65001, varattno: 10, vartype: 23, vartypmod: -1, varcollid: 0, varlevelsup: 0, varnoold: 2, varoattno: 4, location: 266}
                }
              },
              join.plan.flow = Flow {flotype: FLOW_PARTITIONED, locustype: CdbLocusType_Hashed, segindex: 0, numsegments: 3},
              hashclauses = List with 1 elements = {
                0 = OpExpr {opno: 96, opfuncid: 65, opresulttype: 16, opretset: false, opcollid: 0, inputcollid: 0, location: -1} = {
                  args = List with 2 elements = {
                    0 = Var {varno: 65001, varattno: 2, vartype: 23, vartypmod: -1, varcollid: 0, varlevelsup: 0, varnoold: 4, varoattno: 1, location: 280},
                    1 = Var {varno: 65000, varattno: 10, vartype: 23, vartypmod: -1, varcollid: 0, varlevelsup: 0, varnoold: 2, varoattno: 4, location: 266}
                  }
                }
              },
              hashoperators = OidList with 1 elements = {96},
              hashcollations = OidList with 1 elements = {0},
              hashkeys = List with 1 elements = {
                0 = Var {varno: 65001, varattno: 2, vartype: 23, vartypmod: -1, varcollid: 0, varlevelsup: 0, varnoold: 4, varoattno: 1, location: 280}
              }
            },
            hashExprs = List with 1 elements = {
              0 = Var {varno: 65001, varattno: 1, vartype: 23, vartypmod: -1, varcollid: 0, varlevelsup: 0, varnoold: 1, varoattno: 1, location: 42}
            }
          },
          join.plan.righttree = Hash (cost=372.14..372.14 rows=333 width=36 operatorMemKB=0 plan_id=22 parallel_aware=False parallel_safe = False) {skewTable: 0, skewColumn: 0, skewInherit: false, rows_total: 0} = {
            plan.targetlist = List with 2 elements = {
              0 = TargetEntry {resno: 1, resname: 0x0, ressortgroupref: 0, resorigtbl: 0, resorigcol: 0, resjunk: false} = {
                expr = Var {varno: 65001, varattno: 1, vartype: 1700, vartypmod: -1, varcollid: 0, varlevelsup: 0, varnoold: 6, varoattno: 2, location: -1}
              },
              1 = TargetEntry {resno: 2, resname: 0x0, ressortgroupref: 0, resorigtbl: 0, resorigcol: 0, resjunk: false} = {
                expr = Var {varno: 65001, varattno: 2, vartype: 23, vartypmod: -1, varcollid: 0, varlevelsup: 0, varnoold: 6, varoattno: 1, location: -1}
              }
            },
            plan.lefttree = SubqueryScan (cost=365.47..372.14 rows=333 width=36 operatorMemKB=0 plan_id=23 parallel_aware=False parallel_safe = False) scan.scanrelid: 6 = {
              scan.plan.targetlist = List with 2 elements = {
                0 = TargetEntry {resno: 1, resname: 0x0, ressortgroupref: 0, resorigtbl: 0, resorigcol: 0, resjunk: false} = {
                  expr = Var {varno: 6, varattno: 2, vartype: 1700, vartypmod: -1, varcollid: 0, varlevelsup: 0, varnoold: 6, varoattno: 2, location: -1}
                },
                1 = TargetEntry {resno: 2, resname: 0x0, ressortgroupref: 0, resorigtbl: 0, resorigcol: 0, resjunk: false} = {
                  expr = Var {varno: 6, varattno: 1, vartype: 23, vartypmod: -1, varcollid: 0, varlevelsup: 0, varnoold: 6, varoattno: 1, location: 504}
                }
              },
              subplan = Agg (cost=365.47..368.80 rows=333 width=36 operatorMemKB=0 plan_id=24 parallel_aware=False parallel_safe = False) {aggstrategy: AGG_HASHED, aggsplit: AGGSPLIT_SIMPLE, numCols: 1, numGroups: 333, aggParams: 0x0, streaming: false, agg_expr_id: 0} = {
                grpColIdx = [1],
                grpOperators = [96],
                grpCollations = [0],
                plan.targetlist = List with 2 elements = {
                  0 = TargetEntry {resno: 1, resname: 'csq_c0', ressortgroupref: 1, resorigtbl: 0, resorigcol: 0, resjunk: false} = {
                    expr = Var {varno: 65001, varattno: 1, vartype: 23, vartypmod: -1, varcollid: 0, varlevelsup: 0, varnoold: 0, varoattno: 0, location: -1}
                  },
                  1 = TargetEntry {resno: 2, resname: 'csq_c1', ressortgroupref: 0, resorigtbl: 0, resorigcol: 0, resjunk: false} = {
                    expr = Aggref {aggfnoid: 2146, aggtype: 1700, aggcollid: 0, inputcollid: 0, aggtranstype: 1700, aggstar: false, aggvariadic: false, aggkind: 110 'n', agglevelsup: 0, aggsplit: AGGSPLIT_SIMPLE, location: 389} = {
                      aggargtypes = OidList with 1 elements = {1700},
                      args = List with 1 elements = {
                        0 = TargetEntry {resno: 1, resname: 0x0, ressortgroupref: 0, resorigtbl: 0, resorigcol: 0, resjunk: false} = {
                          expr = Var {varno: 65001, varattno: 2, vartype: 1700, vartypmod: 983046, varcollid: 0, varlevelsup: 0, varnoold: 7, varoattno: 4, location: 393}
                        }
                      }
                    }
                  }
                },
                plan.lefttree = HashJoin (cost=208.51..362.09 rows=676 width=22 operatorMemKB=0 plan_id=25 parallel_aware=False parallel_safe = False) {join.jointype: JOIN_INNER, join.inner_unique: false} = {
                  join.plan.targetlist = List with 2 elements = {
                    0 = TargetEntry {resno: 1, resname: 0x0, ressortgroupref: 1, resorigtbl: 0, resorigcol: 0, resjunk: false} = {
                      expr = Var {varno: 65001, varattno: 1, vartype: 23, vartypmod: -1, varcollid: 0, varlevelsup: 0, varnoold: 7, varoattno: 1, location: 504}
                    },
                    1 = TargetEntry {resno: 2, resname: 0x0, ressortgroupref: 0, resorigtbl: 0, resorigcol: 0, resjunk: false} = {
                      expr = Var {varno: 65001, varattno: 4, vartype: 1700, vartypmod: 983046, varcollid: 0, varlevelsup: 0, varnoold: 7, varoattno: 4, location: 393}
                    }
                  },
                  join.plan.lefttree = Scan (cost=0.00..56.67 rows=2267 width=26 operatorMemKB=0 plan_id=26 parallel_aware=False parallel_safe = False) scanrelid: 7 = {
                    plan.targetlist = List with 5 elements = {
                      0 = TargetEntry {resno: 1, resname: 0x0, ressortgroupref: 0, resorigtbl: 0, resorigcol: 0, resjunk: false} = {
                        expr = Var {varno: 7, varattno: 1, vartype: 23, vartypmod: -1, varcollid: 0, varlevelsup: 0, varnoold: 7, varoattno: 1, location: -1}
                      },
                      1 = TargetEntry {resno: 2, resname: 0x0, ressortgroupref: 0, resorigtbl: 0, resorigcol: 0, resjunk: false} = {
                        expr = Var {varno: 7, varattno: 2, vartype: 23, vartypmod: -1, varcollid: 0, varlevelsup: 0, varnoold: 7, varoattno: 2, location: -1}
                      },
                      2 = TargetEntry {resno: 3, resname: 0x0, ressortgroupref: 0, resorigtbl: 0, resorigcol: 0, resjunk: false} = {
                        expr = Var {varno: 7, varattno: 3, vartype: 23, vartypmod: -1, varcollid: 0, varlevelsup: 0, varnoold: 7, varoattno: 3, location: -1}
                      },
                      3 = TargetEntry {resno: 4, resname: 0x0, ressortgroupref: 0, resorigtbl: 0, resorigcol: 0, resjunk: false} = {
                        expr = Var {varno: 7, varattno: 4, vartype: 1700, vartypmod: 983046, varcollid: 0, varlevelsup: 0, varnoold: 7, varoattno: 4, location: -1}
                      },
                      4 = TargetEntry {resno: 5, resname: 0x0, ressortgroupref: 0, resorigtbl: 0, resorigcol: 0, resjunk: false} = {
                        expr = Var {varno: 7, varattno: 5, vartype: 1043, vartypmod: 203, varcollid: 100, varlevelsup: 0, varnoold: 7, varoattno: 5, location: -1}
                      }
                    }
                  },
                  join.plan.righttree = Hash (cost=204.78..204.78 rows=298 width=4 operatorMemKB=0 plan_id=27 parallel_aware=False parallel_safe = False) {skewTable: 24588, skewColumn: 2, skewInherit: false, rows_total: 0} = {
                    plan.targetlist = List with 1 elements = {
                      0 = TargetEntry {resno: 1, resname: 0x0, ressortgroupref: 0, resorigtbl: 0, resorigcol: 0, resjunk: false} = {
                        expr = Var {varno: 65001, varattno: 1, vartype: 23, vartypmod: -1, varcollid: 0, varlevelsup: 0, varnoold: 8, varoattno: 1, location: -1}
                      }
                    },
                    plan.lefttree = Motion (cost=128.39..204.78 rows=298 width=4 operatorMemKB=0 plan_id=28 parallel_aware=False parallel_safe = False) {motionType: MOTIONTYPE_BROADCAST, sendSorted: false, motionID: 6, numHashSegments: 0, segidColIdx: 0, numSortCols: 0} = {
                      plan.targetlist = List with 1 elements = {
                        0 = TargetEntry {resno: 1, resname: 0x0, ressortgroupref: 0, resorigtbl: 0, resorigcol: 0, resjunk: false} = {
                          expr = Var {varno: 65001, varattno: 1, vartype: 23, vartypmod: -1, varcollid: 0, varlevelsup: 0, varnoold: 8, varoattno: 1, location: -1}
                        }
                      },
                      plan.lefttree = HashJoin (cost=128.39..200.80 rows=99 width=4 operatorMemKB=0 plan_id=29 parallel_aware=False parallel_safe = False) {join.jointype: JOIN_INNER, join.inner_unique: false} = {
                        join.plan.targetlist = List with 1 elements = {
                          0 = TargetEntry {resno: 1, resname: 0x0, ressortgroupref: 0, resorigtbl: 0, resorigcol: 0, resjunk: false} = {
                            expr = Var {varno: 65001, varattno: 1, vartype: 23, vartypmod: -1, varcollid: 0, varlevelsup: 0, varnoold: 8, varoattno: 1, location: 525}
                          }
                        },
                        join.plan.lefttree = Scan (cost=0.00..54.00 rows=2000 width=8 operatorMemKB=0 plan_id=30 parallel_aware=False parallel_safe = False) scanrelid: 8 = {
                          plan.targetlist = List with 7 elements = {
                            0 = TargetEntry {resno: 1, resname: 0x0, ressortgroupref: 0, resorigtbl: 0, resorigcol: 0, resjunk: false} = {
                              expr = Var {varno: 8, varattno: 1, vartype: 23, vartypmod: -1, varcollid: 0, varlevelsup: 0, varnoold: 8, varoattno: 1, location: -1}
                            },
                            1 = TargetEntry {resno: 2, resname: 0x0, ressortgroupref: 0, resorigtbl: 0, resorigcol: 0, resjunk: false} = {
                              expr = Var {varno: 8, varattno: 2, vartype: 1042, vartypmod: 29, varcollid: 100, varlevelsup: 0, varnoold: 8, varoattno: 2, location: -1}
                            },
                            2 = TargetEntry {resno: 3, resname: 0x0, ressortgroupref: 0, resorigtbl: 0, resorigcol: 0, resjunk: false} = {
                              expr = Var {varno: 8, varattno: 3, vartype: 1043, vartypmod: 44, varcollid: 100, varlevelsup: 0, varnoold: 8, varoattno: 3, location: -1}
                            },
                            3 = TargetEntry {resno: 4, resname: 0x0, ressortgroupref: 0, resorigtbl: 0, resorigcol: 0, resjunk: false} = {
                              expr = Var {varno: 8, varattno: 4, vartype: 23, vartypmod: -1, varcollid: 0, varlevelsup: 0, varnoold: 8, varoattno: 4, location: -1}
                            },
                            4 = TargetEntry {resno: 5, resname: 0x0, ressortgroupref: 0, resorigtbl: 0, resorigcol: 0, resjunk: false} = {
                              expr = Var {varno: 8, varattno: 5, vartype: 1042, vartypmod: 19, varcollid: 100, varlevelsup: 0, varnoold: 8, varoattno: 5, location: -1}
                            },
                            5 = TargetEntry {resno: 6, resname: 0x0, ressortgroupref: 0, resorigtbl: 0, resorigcol: 0, resjunk: false} = {
                              expr = Var {varno: 8, varattno: 6, vartype: 1700, vartypmod: 983046, varcollid: 0, varlevelsup: 0, varnoold: 8, varoattno: 6, location: -1}
                            },
                            6 = TargetEntry {resno: 7, resname: 0x0, ressortgroupref: 0, resorigtbl: 0, resorigcol: 0, resjunk: false} = {
                              expr = Var {varno: 8, varattno: 7, vartype: 1043, vartypmod: 105, varcollid: 100, varlevelsup: 0, varnoold: 8, varoattno: 7, location: -1}
                            }
                          }
                        },
                        join.plan.righttree = Hash (cost=127.76..127.76 rows=50 width=4 operatorMemKB=0 plan_id=31 parallel_aware=False parallel_safe = False) {skewTable: 24585, skewColumn: 4, skewInherit: false, rows_total: 0} = {
                          plan.targetlist = List with 1 elements = {
                            0 = TargetEntry {resno: 1, resname: 0x0, ressortgroupref: 0, resorigtbl: 0, resorigcol: 0, resjunk: false} = {
                              expr = Var {varno: 65001, varattno: 1, vartype: 23, vartypmod: -1, varcollid: 0, varlevelsup: 0, varnoold: 9, varoattno: 1, location: -1}
                            }
                          },
                          plan.lefttree = Motion (cost=63.77..127.76 rows=50 width=4 operatorMemKB=0 plan_id=32 parallel_aware=False parallel_safe = False) {motionType: MOTIONTYPE_BROADCAST, sendSorted: false, motionID: 7, numHashSegments: 0, segidColIdx: 0, numSortCols: 0} = {
                            plan.targetlist = List with 1 elements = {
                              0 = TargetEntry {resno: 1, resname: 0x0, ressortgroupref: 0, resorigtbl: 0, resorigcol: 0, resjunk: false} = {
                                expr = Var {varno: 65001, varattno: 1, vartype: 23, vartypmod: -1, varcollid: 0, varlevelsup: 0, varnoold: 9, varoattno: 1, location: -1}
                              }
                            },
                            plan.lefttree = HashJoin (cost=63.77..127.10 rows=17 width=4 operatorMemKB=0 plan_id=33 parallel_aware=False parallel_safe = False) {join.jointype: JOIN_INNER, join.inner_unique: false} = {
                              join.plan.targetlist = List with 1 elements = {
                                0 = TargetEntry {resno: 1, resname: 0x0, ressortgroupref: 0, resorigtbl: 0, resorigcol: 0, resjunk: false} = {
                                  expr = Var {varno: 65001, varattno: 1, vartype: 23, vartypmod: -1, varcollid: 0, varlevelsup: 0, varnoold: 9, varoattno: 1, location: 572}
                                }
                              },
                              join.plan.lefttree = Scan (cost=0.00..57.33 rows=2333 width=8 operatorMemKB=0 plan_id=34 parallel_aware=False parallel_safe = False) scanrelid: 9 = {
                                plan.targetlist = List with 4 elements = {
                                  0 = TargetEntry {resno: 1, resname: 0x0, ressortgroupref: 0, resorigtbl: 0, resorigcol: 0, resjunk: false} = {
                                    expr = Var {varno: 9, varattno: 1, vartype: 23, vartypmod: -1, varcollid: 0, varlevelsup: 0, varnoold: 9, varoattno: 1, location: -1}
                                  },
                                  1 = TargetEntry {resno: 2, resname: 0x0, ressortgroupref: 0, resorigtbl: 0, resorigcol: 0, resjunk: false} = {
                                    expr = Var {varno: 9, varattno: 2, vartype: 1042, vartypmod: 29, varcollid: 100, varlevelsup: 0, varnoold: 9, varoattno: 2, location: -1}
                                  },
                                  2 = TargetEntry {resno: 3, resname: 0x0, ressortgroupref: 0, resorigtbl: 0, resorigcol: 0, resjunk: false} = {
                                    expr = Var {varno: 9, varattno: 3, vartype: 23, vartypmod: -1, varcollid: 0, varlevelsup: 0, varnoold: 9, varoattno: 3, location: -1}
                                  },
                                  3 = TargetEntry {resno: 4, resname: 0x0, ressortgroupref: 0, resorigtbl: 0, resorigcol: 0, resjunk: false} = {
                                    expr = Var {varno: 9, varattno: 4, vartype: 1043, vartypmod: 156, varcollid: 100, varlevelsup: 0, varnoold: 9, varoattno: 4, location: -1}
                                  }
                                }
                              },
                              join.plan.righttree = Hash (cost=63.68..63.68 rows=7 width=4 operatorMemKB=0 plan_id=35 parallel_aware=False parallel_safe = False) {skewTable: 24576, skewColumn: 3, skewInherit: false, rows_total: 0} = {
                                plan.targetlist = List with 1 elements = {
                                  0 = TargetEntry {resno: 1, resname: 0x0, ressortgroupref: 0, resorigtbl: 0, resorigcol: 0, resjunk: false} = {
                                    expr = Var {varno: 65001, varattno: 1, vartype: 23, vartypmod: -1, varcollid: 0, varlevelsup: 0, varnoold: 10, varoattno: 1, location: -1}
                                  }
                                },
                                plan.lefttree = Motion (cost=0.00..63.68 rows=7 width=4 operatorMemKB=0 plan_id=36 parallel_aware=False parallel_safe = False) {motionType: MOTIONTYPE_BROADCAST, sendSorted: false, motionID: 8, numHashSegments: 0, segidColIdx: 0, numSortCols: 0} = {
                                  plan.targetlist = List with 1 elements = {
                                    0 = TargetEntry {resno: 1, resname: 0x0, ressortgroupref: 0, resorigtbl: 0, resorigcol: 0, resjunk: false} = {
                                      expr = Var {varno: 65001, varattno: 1, vartype: 23, vartypmod: -1, varcollid: 0, varlevelsup: 0, varnoold: 10, varoattno: 1, location: -1}
                                    }
                                  },
                                  plan.lefttree = Scan (cost=0.00..63.58 rows=2 width=4 operatorMemKB=0 plan_id=37 parallel_aware=False parallel_safe = False) scanrelid: 10 = {
                                    plan.targetlist = List with 1 elements = {
                                      0 = TargetEntry {resno: 1, resname: 0x0, ressortgroupref: 0, resorigtbl: 0, resorigcol: 0, resjunk: false} = {
                                        expr = Var {varno: 10, varattno: 1, vartype: 23, vartypmod: -1, varcollid: 0, varlevelsup: 0, varnoold: 10, varoattno: 1, location: 608}
                                      }
                                    },
                                    plan.qual = List with 1 elements = {
                                      0 = OpExpr {opno: 1054, opfuncid: 1048, opresulttype: 16, opretset: false, opcollid: 0, inputcollid: 100, location: 637} = {
                                        args = List with 2 elements = {...}
                                      }
                                    },
                                    plan.flow = Flow {flotype: FLOW_PARTITIONED, locustype: CdbLocusType_Hashed, segindex: 0, numsegments: 3}
                                  }
                                },
                                hashkeys = List with 1 elements = {
                                  0 = Var {varno: 65001, varattno: 1, vartype: 23, vartypmod: -1, varcollid: 0, varlevelsup: 0, varnoold: 10, varoattno: 1, location: 608}
                                }
                              },
                              join.plan.flow = Flow {flotype: FLOW_PARTITIONED, locustype: CdbLocusType_Hashed, segindex: 0, numsegments: 3},
                              hashclauses = List with 1 elements = {
                                0 = OpExpr {opno: 96, opfuncid: 65, opresulttype: 16, opretset: false, opcollid: 0, inputcollid: 0, location: -1} = {
                                  args = List with 2 elements = {
                                    0 = Var {varno: 65001, varattno: 3, vartype: 23, vartypmod: -1, varcollid: 0, varlevelsup: 0, varnoold: 9, varoattno: 3, location: 594},
                                    1 = Var {varno: 65000, varattno: 1, vartype: 23, vartypmod: -1, varcollid: 0, varlevelsup: 0, varnoold: 10, varoattno: 1, location: 608}
                                  }
                                }
                              },
                              hashoperators = OidList with 1 elements = {96},
                              hashcollations = OidList with 1 elements = {0},
                              hashkeys = List with 1 elements = {
                                0 = Var {varno: 65001, varattno: 3, vartype: 23, vartypmod: -1, varcollid: 0, varlevelsup: 0, varnoold: 9, varoattno: 3, location: 594}
                              }
                            }
                          },
                          hashkeys = List with 1 elements = {
                            0 = Var {varno: 65001, varattno: 1, vartype: 23, vartypmod: -1, varcollid: 0, varlevelsup: 0, varnoold: 9, varoattno: 1, location: 572}
                          }
                        },
                        join.plan.flow = Flow {flotype: FLOW_PARTITIONED, locustype: CdbLocusType_Hashed, segindex: 0, numsegments: 3},
                        hashclauses = List with 1 elements = {
                          0 = OpExpr {opno: 96, opfuncid: 65, opresulttype: 16, opretset: false, opcollid: 0, inputcollid: 0, location: -1} = {
                            args = List with 2 elements = {
                              0 = Var {varno: 65001, varattno: 4, vartype: 23, vartypmod: -1, varcollid: 0, varlevelsup: 0, varnoold: 8, varoattno: 4, location: 558},
                              1 = Var {varno: 65000, varattno: 1, vartype: 23, vartypmod: -1, varcollid: 0, varlevelsup: 0, varnoold: 9, varoattno: 1, location: 572}
                            }
                          }
                        },
                        hashoperators = OidList with 1 elements = {96},
                        hashcollations = OidList with 1 elements = {0},
                        hashkeys = List with 1 elements = {
                          0 = Var {varno: 65001, varattno: 4, vartype: 23, vartypmod: -1, varcollid: 0, varlevelsup: 0, varnoold: 8, varoattno: 4, location: 558}
                        }
                      }
                    },
                    hashkeys = List with 1 elements = {
                      0 = Var {varno: 65001, varattno: 1, vartype: 23, vartypmod: -1, varcollid: 0, varlevelsup: 0, varnoold: 8, varoattno: 1, location: 525}
                    }
                  },
                  hashclauses = List with 1 elements = {
                    0 = OpExpr {opno: 96, opfuncid: 65, opresulttype: 16, opretset: false, opcollid: 0, inputcollid: 0, location: -1} = {
                      args = List with 2 elements = {
                        0 = Var {varno: 65001, varattno: 2, vartype: 23, vartypmod: -1, varcollid: 0, varlevelsup: 0, varnoold: 7, varoattno: 2, location: 537},
                        1 = Var {varno: 65000, varattno: 1, vartype: 23, vartypmod: -1, varcollid: 0, varlevelsup: 0, varnoold: 8, varoattno: 1, location: 525}
                      }
                    }
                  },
                  hashoperators = OidList with 1 elements = {96},
                  hashcollations = OidList with 1 elements = {0},
                  hashkeys = List with 1 elements = {
                    0 = Var {varno: 65001, varattno: 2, vartype: 23, vartypmod: -1, varcollid: 0, varlevelsup: 0, varnoold: 7, varoattno: 2, location: 537}
                  }
                }
              }
            },
            hashkeys = List with 2 elements = {
              0 = Var {varno: 65001, varattno: 2, vartype: 23, vartypmod: -1, varcollid: 0, varlevelsup: 0, varnoold: 6, varoattno: 1, location: 504},
              1 = Var {varno: 65001, varattno: 1, vartype: 1700, vartypmod: -1, varcollid: 0, varlevelsup: 0, varnoold: 6, varoattno: 2, location: -1}
            }
          },
          hashclauses = List with 2 elements = {
            0 = OpExpr {opno: 96, opfuncid: 65, opresulttype: 16, opretset: false, opcollid: 0, inputcollid: 0, location: -1} = {
              args = List with 2 elements = {
                0 = Var {varno: 65001, varattno: 1, vartype: 23, vartypmod: -1, varcollid: 0, varlevelsup: 0, varnoold: 1, varoattno: 1, location: 163},
                1 = Var {varno: 65000, varattno: 2, vartype: 23, vartypmod: -1, varcollid: 0, varlevelsup: 0, varnoold: 6, varoattno: 1, location: 504}
              }
            },
            1 = OpExpr {opno: 1752, opfuncid: 1718, opresulttype: 16, opretset: false, opcollid: 0, inputcollid: 0, location: -1} = {
              args = List with 2 elements = {
                0 = Var {varno: 65001, varattno: 4, vartype: 1700, vartypmod: 983046, varcollid: 0, varlevelsup: 0, varnoold: 3, varoattno: 4, location: 354},
                1 = Var {varno: 65000, varattno: 1, vartype: 1700, vartypmod: -1, varcollid: 0, varlevelsup: 0, varnoold: 6, varoattno: 2, location: -1}
              }
            }
          },
          hashoperators = OidList with 2 elements = {96, 1752},
          hashcollations = OidList with 2 elements = {0, 0},
          hashkeys = List with 2 elements = {
            0 = Var {varno: 65001, varattno: 1, vartype: 23, vartypmod: -1, varcollid: 0, varlevelsup: 0, varnoold: 1, varoattno: 1, location: 163},
            1 = Var {varno: 65001, varattno: 4, vartype: 1700, vartypmod: 983046, varcollid: 0, varlevelsup: 0, varnoold: 3, varoattno: 4, location: 354}
          }
        }
      },
      plan.flow = Flow {flotype: FLOW_PARTITIONED, locustype: CdbLocusType_Hashed, segindex: 0, numsegments: 3},
      limitCount = Const {consttype: 20, consttypmod: -1, constcollid: 0, constlen: 8, constvalue: 100, constisnull: false, constbyval: true, location: -1}
    }
  },
  plan.flow = Flow {flotype: FLOW_SINGLETON, locustype: CdbLocusType_Entry, segindex: -1, numsegments: 1},
  limitCount = Const {consttype: 20, consttypmod: -1, constcollid: 0, constlen: 8, constvalue: 100, constisnull: false, constbyval: true, location: -1}
}

