
Breakpoint 1, standard_planner (parse=0x55f2f1815d18, query_string=0x55f2f1676670 "select\n  l_returnflag,\n  l_linestatus,\n  sum(l_quantity) as sum_qty,\n  sum(l_extendedprice) as sum_base_price,\n  sum(l_extendedprice * (1 - l_discount)) as sum_disc_price,\n  sum(l_extendedprice * (1 -"..., cursorOptions=33024, boundParams=0x0) at /workspaces/AntDB/src/backend/optimizer/plan/planner.c:661
661		top_plan = create_plan(root, best_path);
$1 = Query {commandType: CMD_SELECT, querySource: QSRC_ORIGINAL, queryId: 0, canSetTag: true, resultRelation: 0, hasAggs: true, hasWindowFuncs: false, hasTargetSRFs: false, hasSubLinks: false, hasDistinctOn: false, hasRecursive: false, hasModifyingCTE: false, hasForUpdate: false, hasRowSecurity: false, override: OVERRIDING_NOT_SET, limitOption: LIMIT_OPTION_COUNT, stmt_location: 0, stmt_len: 522, is_local: false, has_to_save_cmd_id: false, in_sub_plan: false, in_explain: false} = {
  rtable = List with 1 elements = {
    0 = RangeTblEntry {rtekind: RTE_RELATION, relname: 'lineitem', relid: 270678, relkind: 114 'r', rellockmode: 1, security_barrier: false, jointype: JOIN_INNER, joinmergedcols: 0, funcordinality: false, ctename: 0x0, ctelevelsup: 0, self_reference: false, enrname: 0x0, enrtuples: 0, param_new: -1, param_old: -1, mt_result: 0x0, defaultCols: 0x0, rows: 0, lateral: false, inh: false, inFromCl: true, requiredPerms: 2, checkAsUser: 0, selectedCols: (b 15 16 17 18 19 20 21), insertedCols: 0x0, updatedCols: 0x0, extraUpdatedCols: 0x0} = {
      eref = Alias aliasname: 'lineitem' = {
        colnames = List with 16 elements = {
          0 = String[ 'l_orderkey' ],
          1 = String[ 'l_partkey' ],
          2 = String[ 'l_suppkey' ],
          3 = String[ 'l_linenumber' ],
          4 = String[ 'l_quantity' ],
          5 = String[ 'l_extendedprice' ],
          6 = String[ 'l_discount' ],
          7 = String[ 'l_tax' ],
          8 = String[ 'l_returnflag' ],
          9 = String[ 'l_linestatus' ],
          10 = String[ 'l_shipdate' ],
          11 = String[ 'l_commitdate' ],
          12 = String[ 'l_receiptdate' ],
          13 = String[ 'l_shipinstruct' ],
          14 = String[ 'l_shipmode' ],
          15 = String[ 'l_comment' ]
        }
      }
    }
  },
  jointree = FromExpr  = {
    fromlist = List with 1 elements = {
      0 = RangeTblRef rtindex: 1
    },
    quals = List with 1 elements = {
      0 = OpExpr {opno: 2346, opfuncid: 2339, opresulttype: 16, opretset: false, opcollid: 0, inputcollid: 0, location: 402} = {
        args = List with 2 elements = {
          0 = Var {varno: 1, varattno: 11, vartype: 1082, vartypmod: -1, varcollid: 0, varlevelsup: 0, varnosyn: 1, varattnosyn: 11, location: 391},
          1 = Const {consttype: 1114, consttypmod: -1, constcollid: 0, constlen: 8, constvalue: 18446702083309551616, constisnull: false, constbyval: true, location: -1}
        }
      }
    }
  },
  targetList = List with 10 elements = {
    0 = TargetEntry {resno: 1, resname: 'l_returnflag', ressortgroupref: 1, resorigtbl: 270678, resorigcol: 9, resjunk: false} = {
      expr = Var {varno: 1, varattno: 9, vartype: 1042, vartypmod: 5, varcollid: 100, varlevelsup: 0, varnosyn: 1, varattnosyn: 9, location: 9}
    },
    1 = TargetEntry {resno: 2, resname: 'l_linestatus', ressortgroupref: 2, resorigtbl: 270678, resorigcol: 10, resjunk: false} = {
      expr = Var {varno: 1, varattno: 10, vartype: 1042, vartypmod: 5, varcollid: 100, varlevelsup: 0, varnosyn: 1, varattnosyn: 10, location: 25}
    },
    2 = TargetEntry {resno: 3, resname: 'sum_qty', ressortgroupref: 0, resorigtbl: 0, resorigcol: 0, resjunk: false} = {
      expr = Aggref {aggfnoid: 2114, aggtype: 1700, aggcollid: 0, inputcollid: 0, aggtranstype: 2281, aggtrantype: 0, agghas_collectfn: false, rank_first: false, aggstar: false, aggvariadic: false, aggkind: 110 'n', agglevelsup: 0, aggsplit: AGGSPLIT_SIMPLE, location: 41} = {
        aggargtypes = OidList with 1 elements = {1700},
        args = List with 1 elements = {
          0 = TargetEntry {resno: 1, resname: 0x0, ressortgroupref: 0, resorigtbl: 0, resorigcol: 0, resjunk: false} = {
            expr = Var {varno: 1, varattno: 5, vartype: 1700, vartypmod: 983046, varcollid: 0, varlevelsup: 0, varnosyn: 1, varattnosyn: 5, location: 45}
          }
        }
      }
    },
    3 = TargetEntry {resno: 4, resname: 'sum_base_price', ressortgroupref: 0, resorigtbl: 0, resorigcol: 0, resjunk: false} = {
      expr = Aggref {aggfnoid: 2114, aggtype: 1700, aggcollid: 0, inputcollid: 0, aggtranstype: 2281, aggtrantype: 0, agghas_collectfn: false, rank_first: false, aggstar: false, aggvariadic: false, aggkind: 110 'n', agglevelsup: 0, aggsplit: AGGSPLIT_SIMPLE, location: 71} = {
        aggargtypes = OidList with 1 elements = {1700},
        args = List with 1 elements = {
          0 = TargetEntry {resno: 1, resname: 0x0, ressortgroupref: 0, resorigtbl: 0, resorigcol: 0, resjunk: false} = {
            expr = Var {varno: 1, varattno: 6, vartype: 1700, vartypmod: 983046, varcollid: 0, varlevelsup: 0, varnosyn: 1, varattnosyn: 6, location: 75}
          }
        }
      }
    },
    4 = TargetEntry {resno: 5, resname: 'sum_disc_price', ressortgroupref: 0, resorigtbl: 0, resorigcol: 0, resjunk: false} = {
      expr = Aggref {aggfnoid: 2114, aggtype: 1700, aggcollid: 0, inputcollid: 0, aggtranstype: 2281, aggtrantype: 0, agghas_collectfn: false, rank_first: false, aggstar: false, aggvariadic: false, aggkind: 110 'n', agglevelsup: 0, aggsplit: AGGSPLIT_SIMPLE, location: 113} = {
        aggargtypes = OidList with 1 elements = {1700},
        args = List with 1 elements = {
          0 = TargetEntry {resno: 1, resname: 0x0, ressortgroupref: 0, resorigtbl: 0, resorigcol: 0, resjunk: false} = {
            expr = OpExpr {opno: 1760, opfuncid: 1726, opresulttype: 1700, opretset: false, opcollid: 0, inputcollid: 0, location: 133} = {
              args = List with 2 elements = {
                0 = Var {varno: 1, varattno: 6, vartype: 1700, vartypmod: 983046, varcollid: 0, varlevelsup: 0, varnosyn: 1, varattnosyn: 6, location: 117},
                1 = OpExpr {opno: 1759, opfuncid: 1725, opresulttype: 1700, opretset: false, opcollid: 0, inputcollid: 0, location: 138} = {
                  args = List with 2 elements = {
                    0 = Const {consttype: 1700, consttypmod: -1, constcollid: 0, constlen: -1, constvalue: 94501922249640, constisnull: false, constbyval: false, location: -1},
                    1 = Var {varno: 1, varattno: 7, vartype: 1700, vartypmod: 983046, varcollid: 0, varlevelsup: 0, varnosyn: 1, varattnosyn: 7, location: 140}
                  }
                }
              }
            }
          }
        }
      }
    },
    5 = TargetEntry {resno: 6, resname: 'sum_charge', ressortgroupref: 0, resorigtbl: 0, resorigcol: 0, resjunk: false} = {
      expr = Aggref {aggfnoid: 2114, aggtype: 1700, aggcollid: 0, inputcollid: 0, aggtranstype: 2281, aggtrantype: 0, agghas_collectfn: false, rank_first: false, aggstar: false, aggvariadic: false, aggkind: 110 'n', agglevelsup: 0, aggsplit: AGGSPLIT_SIMPLE, location: 174} = {
        aggargtypes = OidList with 1 elements = {1700},
        args = List with 1 elements = {
          0 = TargetEntry {resno: 1, resname: 0x0, ressortgroupref: 0, resorigtbl: 0, resorigcol: 0, resjunk: false} = {
            expr = OpExpr {opno: 1760, opfuncid: 1726, opresulttype: 1700, opretset: false, opcollid: 0, inputcollid: 0, location: 213} = {
              args = List with 2 elements = {
                0 = OpExpr {opno: 1760, opfuncid: 1726, opresulttype: 1700, opretset: false, opcollid: 0, inputcollid: 0, location: 194} = {
                  args = List with 2 elements = {
                    0 = Var {varno: 1, varattno: 6, vartype: 1700, vartypmod: 983046, varcollid: 0, varlevelsup: 0, varnosyn: 1, varattnosyn: 6, location: 178},
                    1 = OpExpr {opno: 1759, opfuncid: 1725, opresulttype: 1700, opretset: false, opcollid: 0, inputcollid: 0, location: 199} = {
                      args = List with 2 elements = {
                        0 = Const {consttype: 1700, consttypmod: -1, constcollid: 0, constlen: -1, constvalue: 94501921722080, constisnull: false, constbyval: false, location: -1},
                        1 = Var {varno: 1, varattno: 7, vartype: 1700, vartypmod: 983046, varcollid: 0, varlevelsup: 0, varnosyn: 1, varattnosyn: 7, location: 201}
                      }
                    }
                  }
                },
                1 = OpExpr {opno: 1758, opfuncid: 1724, opresulttype: 1700, opretset: false, opcollid: 0, inputcollid: 0, location: 218} = {
                  args = List with 2 elements = {
                    0 = Const {consttype: 1700, consttypmod: -1, constcollid: 0, constlen: -1, constvalue: 94501921730696, constisnull: false, constbyval: false, location: -1},
                    1 = Var {varno: 1, varattno: 8, vartype: 1700, vartypmod: 983046, varcollid: 0, varlevelsup: 0, varnosyn: 1, varattnosyn: 8, location: 220}
                  }
                }
              }
            }
          }
        }
      }
    },
    6 = TargetEntry {resno: 7, resname: 'avg_qty', ressortgroupref: 0, resorigtbl: 0, resorigcol: 0, resjunk: false} = {
      expr = Aggref {aggfnoid: 2103, aggtype: 1700, aggcollid: 0, inputcollid: 0, aggtranstype: 2281, aggtrantype: 0, agghas_collectfn: false, rank_first: false, aggstar: false, aggvariadic: false, aggkind: 110 'n', agglevelsup: 0, aggsplit: AGGSPLIT_SIMPLE, location: 245} = {
        aggargtypes = OidList with 1 elements = {1700},
        args = List with 1 elements = {
          0 = TargetEntry {resno: 1, resname: 0x0, ressortgroupref: 0, resorigtbl: 0, resorigcol: 0, resjunk: false} = {
            expr = Var {varno: 1, varattno: 5, vartype: 1700, vartypmod: 983046, varcollid: 0, varlevelsup: 0, varnosyn: 1, varattnosyn: 5, location: 249}
          }
        }
      }
    },
    7 = TargetEntry {resno: 8, resname: 'avg_price', ressortgroupref: 0, resorigtbl: 0, resorigcol: 0, resjunk: false} = {
      expr = Aggref {aggfnoid: 2103, aggtype: 1700, aggcollid: 0, inputcollid: 0, aggtranstype: 2281, aggtrantype: 0, agghas_collectfn: false, rank_first: false, aggstar: false, aggvariadic: false, aggkind: 110 'n', agglevelsup: 0, aggsplit: AGGSPLIT_SIMPLE, location: 275} = {
        aggargtypes = OidList with 1 elements = {1700},
        args = List with 1 elements = {
          0 = TargetEntry {resno: 1, resname: 0x0, ressortgroupref: 0, resorigtbl: 0, resorigcol: 0, resjunk: false} = {
            expr = Var {varno: 1, varattno: 6, vartype: 1700, vartypmod: 983046, varcollid: 0, varlevelsup: 0, varnosyn: 1, varattnosyn: 6, location: 279}
          }
        }
      }
    },
    8 = TargetEntry {resno: 9, resname: 'avg_disc', ressortgroupref: 0, resorigtbl: 0, resorigcol: 0, resjunk: false} = {
      expr = Aggref {aggfnoid: 2103, aggtype: 1700, aggcollid: 0, inputcollid: 0, aggtranstype: 2281, aggtrantype: 0, agghas_collectfn: false, rank_first: false, aggstar: false, aggvariadic: false, aggkind: 110 'n', agglevelsup: 0, aggsplit: AGGSPLIT_SIMPLE, location: 312} = {
        aggargtypes = OidList with 1 elements = {1700},
        args = List with 1 elements = {
          0 = TargetEntry {resno: 1, resname: 0x0, ressortgroupref: 0, resorigtbl: 0, resorigcol: 0, resjunk: false} = {
            expr = Var {varno: 1, varattno: 7, vartype: 1700, vartypmod: 983046, varcollid: 0, varlevelsup: 0, varnosyn: 1, varattnosyn: 7, location: 316}
          }
        }
      }
    },
    9 = TargetEntry {resno: 10, resname: 'count_order', ressortgroupref: 0, resorigtbl: 0, resorigcol: 0, resjunk: false} = {
      expr = Aggref {aggfnoid: 2803, aggtype: 20, aggcollid: 0, inputcollid: 0, aggtranstype: 20, aggtrantype: 0, agghas_collectfn: false, rank_first: false, aggstar: true, aggvariadic: false, aggkind: 110 'n', agglevelsup: 0, aggsplit: AGGSPLIT_SIMPLE, location: 343}
    }
  },
  groupClause = List with 2 elements = {
    0 = SortGroupClause {tleSortGroupRef: 1, eqop: 1054, sortop: 1058, nulls_first: false, hashable: true},
    1 = SortGroupClause {tleSortGroupRef: 2, eqop: 1054, sortop: 1058, nulls_first: false, hashable: true}
  },
  sortClause = List with 2 elements = {
    0 = SortGroupClause {tleSortGroupRef: 1, eqop: 1054, sortop: 1058, nulls_first: false, hashable: true},
    1 = SortGroupClause {tleSortGroupRef: 2, eqop: 1054, sortop: 1058, nulls_first: false, hashable: true}
  }
}
$2 = AggPath T_Agg (cost=14.31..19.26 rows=22 parallel_aware=False parallel_safe=False parallel_workers=0) {aggstrategy: AGG_SORTED, aggsplit: AGGSPLIT_FINAL_DESERIAL, numGroups: 22, transitionSpace: 896} = {
  path.parent = (b),
  path.pathtarget = PathTarget {cost: (0.00..0.00), width: 248} = {
    sortgrouprefs = [1, 2, 0, 0, 0, 0, 0, 0, 0, 0],
    exprs = List with 10 elements = {
      0 = Var {varno: 1, varattno: 9, vartype: 1042, vartypmod: 5, varcollid: 100, varlevelsup: 0, varnosyn: 1, varattnosyn: 9, location: 9},
      1 = Var {varno: 1, varattno: 10, vartype: 1042, vartypmod: 5, varcollid: 100, varlevelsup: 0, varnosyn: 1, varattnosyn: 10, location: 25},
      2 = Aggref {aggfnoid: 2114, aggtype: 1700, aggcollid: 0, inputcollid: 0, aggtranstype: 2281, aggtrantype: 0, agghas_collectfn: false, rank_first: false, aggstar: false, aggvariadic: false, aggkind: 110 'n', agglevelsup: 0, aggsplit: AGGSPLIT_SIMPLE, location: 41} = {
        aggargtypes = OidList with 1 elements = {1700},
        args = List with 1 elements = {
          0 = TargetEntry {resno: 1, resname: 0x0, ressortgroupref: 0, resorigtbl: 0, resorigcol: 0, resjunk: false} = {
            expr = Var {varno: 1, varattno: 5, vartype: 1700, vartypmod: 983046, varcollid: 0, varlevelsup: 0, varnosyn: 1, varattnosyn: 5, location: 45}
          }
        }
      },
      3 = Aggref {aggfnoid: 2114, aggtype: 1700, aggcollid: 0, inputcollid: 0, aggtranstype: 2281, aggtrantype: 0, agghas_collectfn: false, rank_first: false, aggstar: false, aggvariadic: false, aggkind: 110 'n', agglevelsup: 0, aggsplit: AGGSPLIT_SIMPLE, location: 71} = {
        aggargtypes = OidList with 1 elements = {1700},
        args = List with 1 elements = {
          0 = TargetEntry {resno: 1, resname: 0x0, ressortgroupref: 0, resorigtbl: 0, resorigcol: 0, resjunk: false} = {
            expr = Var {varno: 1, varattno: 6, vartype: 1700, vartypmod: 983046, varcollid: 0, varlevelsup: 0, varnosyn: 1, varattnosyn: 6, location: 75}
          }
        }
      },
      4 = Aggref {aggfnoid: 2114, aggtype: 1700, aggcollid: 0, inputcollid: 0, aggtranstype: 2281, aggtrantype: 0, agghas_collectfn: false, rank_first: false, aggstar: false, aggvariadic: false, aggkind: 110 'n', agglevelsup: 0, aggsplit: AGGSPLIT_SIMPLE, location: 113} = {
        aggargtypes = OidList with 1 elements = {1700},
        args = List with 1 elements = {
          0 = TargetEntry {resno: 1, resname: 0x0, ressortgroupref: 0, resorigtbl: 0, resorigcol: 0, resjunk: false} = {
            expr = OpExpr {opno: 1760, opfuncid: 1726, opresulttype: 1700, opretset: false, opcollid: 0, inputcollid: 0, location: 133} = {
              args = List with 2 elements = {
                0 = Var {varno: 1, varattno: 6, vartype: 1700, vartypmod: 983046, varcollid: 0, varlevelsup: 0, varnosyn: 1, varattnosyn: 6, location: 117},
                1 = OpExpr {opno: 1759, opfuncid: 1725, opresulttype: 1700, opretset: false, opcollid: 0, inputcollid: 0, location: 138} = {
                  args = List with 2 elements = {
                    0 = Const {consttype: 1700, consttypmod: -1, constcollid: 0, constlen: -1, constvalue: 94501922249640, constisnull: false, constbyval: false, location: -1},
                    1 = Var {varno: 1, varattno: 7, vartype: 1700, vartypmod: 983046, varcollid: 0, varlevelsup: 0, varnosyn: 1, varattnosyn: 7, location: 140}
                  }
                }
              }
            }
          }
        }
      },
      5 = Aggref {aggfnoid: 2114, aggtype: 1700, aggcollid: 0, inputcollid: 0, aggtranstype: 2281, aggtrantype: 0, agghas_collectfn: false, rank_first: false, aggstar: false, aggvariadic: false, aggkind: 110 'n', agglevelsup: 0, aggsplit: AGGSPLIT_SIMPLE, location: 174} = {
        aggargtypes = OidList with 1 elements = {1700},
        args = List with 1 elements = {
          0 = TargetEntry {resno: 1, resname: 0x0, ressortgroupref: 0, resorigtbl: 0, resorigcol: 0, resjunk: false} = {
            expr = OpExpr {opno: 1760, opfuncid: 1726, opresulttype: 1700, opretset: false, opcollid: 0, inputcollid: 0, location: 213} = {
              args = List with 2 elements = {
                0 = OpExpr {opno: 1760, opfuncid: 1726, opresulttype: 1700, opretset: false, opcollid: 0, inputcollid: 0, location: 194} = {
                  args = List with 2 elements = {
                    0 = Var {varno: 1, varattno: 6, vartype: 1700, vartypmod: 983046, varcollid: 0, varlevelsup: 0, varnosyn: 1, varattnosyn: 6, location: 178},
                    1 = OpExpr {opno: 1759, opfuncid: 1725, opresulttype: 1700, opretset: false, opcollid: 0, inputcollid: 0, location: 199} = {
                      args = List with 2 elements = {
                        0 = Const {consttype: 1700, consttypmod: -1, constcollid: 0, constlen: -1, constvalue: 94501921722080, constisnull: false, constbyval: false, location: -1},
                        1 = Var {varno: 1, varattno: 7, vartype: 1700, vartypmod: 983046, varcollid: 0, varlevelsup: 0, varnosyn: 1, varattnosyn: 7, location: 201}
                      }
                    }
                  }
                },
                1 = OpExpr {opno: 1758, opfuncid: 1724, opresulttype: 1700, opretset: false, opcollid: 0, inputcollid: 0, location: 218} = {
                  args = List with 2 elements = {
                    0 = Const {consttype: 1700, consttypmod: -1, constcollid: 0, constlen: -1, constvalue: 94501921730696, constisnull: false, constbyval: false, location: -1},
                    1 = Var {varno: 1, varattno: 8, vartype: 1700, vartypmod: 983046, varcollid: 0, varlevelsup: 0, varnosyn: 1, varattnosyn: 8, location: 220}
                  }
                }
              }
            }
          }
        }
      },
      6 = Aggref {aggfnoid: 2103, aggtype: 1700, aggcollid: 0, inputcollid: 0, aggtranstype: 2281, aggtrantype: 0, agghas_collectfn: false, rank_first: false, aggstar: false, aggvariadic: false, aggkind: 110 'n', agglevelsup: 0, aggsplit: AGGSPLIT_SIMPLE, location: 245} = {
        aggargtypes = OidList with 1 elements = {1700},
        args = List with 1 elements = {
          0 = TargetEntry {resno: 1, resname: 0x0, ressortgroupref: 0, resorigtbl: 0, resorigcol: 0, resjunk: false} = {
            expr = Var {varno: 1, varattno: 5, vartype: 1700, vartypmod: 983046, varcollid: 0, varlevelsup: 0, varnosyn: 1, varattnosyn: 5, location: 249}
          }
        }
      },
      7 = Aggref {aggfnoid: 2103, aggtype: 1700, aggcollid: 0, inputcollid: 0, aggtranstype: 2281, aggtrantype: 0, agghas_collectfn: false, rank_first: false, aggstar: false, aggvariadic: false, aggkind: 110 'n', agglevelsup: 0, aggsplit: AGGSPLIT_SIMPLE, location: 275} = {
        aggargtypes = OidList with 1 elements = {1700},
        args = List with 1 elements = {
          0 = TargetEntry {resno: 1, resname: 0x0, ressortgroupref: 0, resorigtbl: 0, resorigcol: 0, resjunk: false} = {
            expr = Var {varno: 1, varattno: 6, vartype: 1700, vartypmod: 983046, varcollid: 0, varlevelsup: 0, varnosyn: 1, varattnosyn: 6, location: 279}
          }
        }
      },
      8 = Aggref {aggfnoid: 2103, aggtype: 1700, aggcollid: 0, inputcollid: 0, aggtranstype: 2281, aggtrantype: 0, agghas_collectfn: false, rank_first: false, aggstar: false, aggvariadic: false, aggkind: 110 'n', agglevelsup: 0, aggsplit: AGGSPLIT_SIMPLE, location: 312} = {
        aggargtypes = OidList with 1 elements = {1700},
        args = List with 1 elements = {
          0 = TargetEntry {resno: 1, resname: 0x0, ressortgroupref: 0, resorigtbl: 0, resorigcol: 0, resjunk: false} = {
            expr = Var {varno: 1, varattno: 7, vartype: 1700, vartypmod: 983046, varcollid: 0, varlevelsup: 0, varnosyn: 1, varattnosyn: 7, location: 316}
          }
        }
      },
      9 = Aggref {aggfnoid: 2803, aggtype: 20, aggcollid: 0, inputcollid: 0, aggtranstype: 20, aggtrantype: 0, agghas_collectfn: false, rank_first: false, aggstar: true, aggvariadic: false, aggkind: 110 'n', agglevelsup: 0, aggsplit: AGGSPLIT_SIMPLE, location: 343}
    },
    as_loc_list = IntList with 10 elements = {-1, -1, 60, 95, 156, 231, 264, 299, 331, 355},
    expr_loc_list = IntList with 10 elements = {9, 25, 41, 71, 113, 174, 245, 275, 312, 343},
    expr_len_list = IntList with 10 elements = {-1, -1, 16, 21, 40, 54, 16, 21, 16, 9},
    expr_type_list = IntList with 10 elements = {398, 398, 405, 405, 405, 405, 405, 405, 405, 405}
  },
  path.pathkeys = List with 2 elements = {
    0 = PathKey {pk_opfamily: 426, pk_strategy: 1, pk_nulls_first: false} = {
      pk_eclass = EquivalenceClass {ec_collation: 100, ec_relids: (b 1), ec_has_const: false, ec_has_volatile: false, ec_broken: false, ec_sortref: 1, ec_min_security: 4294967295, ec_max_security: 0} = {
        ec_opfamilies = OidList with 2 elements = {426, 2097},
        ec_members = List with 1 elements = {
          0 = EquivalenceMember {em_relids: (b 1), em_is_const: false, em_is_child: false, em_datatype: 1042} = {
            em_expr = Var {varno: 1, varattno: 9, vartype: 1042, vartypmod: 5, varcollid: 100, varlevelsup: 0, varnosyn: 1, varattnosyn: 9, location: 9}
          }
        }
      }
    },
    1 = PathKey {pk_opfamily: 426, pk_strategy: 1, pk_nulls_first: false} = {
      pk_eclass = EquivalenceClass {ec_collation: 100, ec_relids: (b 1), ec_has_const: false, ec_has_volatile: false, ec_broken: false, ec_sortref: 2, ec_min_security: 4294967295, ec_max_security: 0} = {
        ec_opfamilies = OidList with 2 elements = {426, 2097},
        ec_members = List with 1 elements = {
          0 = EquivalenceMember {em_relids: (b 1), em_is_const: false, em_is_child: false, em_datatype: 1042} = {
            em_expr = Var {varno: 1, varattno: 10, vartype: 1042, vartypmod: 5, varcollid: 100, varlevelsup: 0, varnosyn: 1, varattnosyn: 10, location: 25}
          }
        }
      }
    }
  },
  subpath = ClusterMergeGatherPath T_ClusterMergeGather (cost=14.31..15.85 rows=66 parallel_aware=False parallel_safe=False parallel_workers=0)  = {
    path.parent = (b),
    path.pathtarget = PathTarget {cost: (0.00..0.00), width: 248} = {
      sortgrouprefs = [1, 2, 0, 0, 0, 0, 0, 0, 0, 0],
      exprs = List with 10 elements = {
        0 = Var {varno: 1, varattno: 9, vartype: 1042, vartypmod: 5, varcollid: 100, varlevelsup: 0, varnosyn: 1, varattnosyn: 9, location: 9},
        1 = Var {varno: 1, varattno: 10, vartype: 1042, vartypmod: 5, varcollid: 100, varlevelsup: 0, varnosyn: 1, varattnosyn: 10, location: 25},
        2 = Aggref {aggfnoid: 2114, aggtype: 1700, aggcollid: 0, inputcollid: 0, aggtranstype: 2281, aggtrantype: 0, agghas_collectfn: false, rank_first: false, aggstar: false, aggvariadic: false, aggkind: 110 'n', agglevelsup: 0, aggsplit: AGGSPLIT_SIMPLE, location: 41} = {
          aggargtypes = OidList with 1 elements = {1700},
          args = List with 1 elements = {
            0 = TargetEntry {resno: 1, resname: 0x0, ressortgroupref: 0, resorigtbl: 0, resorigcol: 0, resjunk: false} = {
              expr = Var {varno: 1, varattno: 5, vartype: 1700, vartypmod: 983046, varcollid: 0, varlevelsup: 0, varnosyn: 1, varattnosyn: 5, location: 45}
            }
          }
        },
        3 = Aggref {aggfnoid: 2114, aggtype: 1700, aggcollid: 0, inputcollid: 0, aggtranstype: 2281, aggtrantype: 0, agghas_collectfn: false, rank_first: false, aggstar: false, aggvariadic: false, aggkind: 110 'n', agglevelsup: 0, aggsplit: AGGSPLIT_SIMPLE, location: 71} = {
          aggargtypes = OidList with 1 elements = {1700},
          args = List with 1 elements = {
            0 = TargetEntry {resno: 1, resname: 0x0, ressortgroupref: 0, resorigtbl: 0, resorigcol: 0, resjunk: false} = {
              expr = Var {varno: 1, varattno: 6, vartype: 1700, vartypmod: 983046, varcollid: 0, varlevelsup: 0, varnosyn: 1, varattnosyn: 6, location: 75}
            }
          }
        },
        4 = Aggref {aggfnoid: 2114, aggtype: 1700, aggcollid: 0, inputcollid: 0, aggtranstype: 2281, aggtrantype: 0, agghas_collectfn: false, rank_first: false, aggstar: false, aggvariadic: false, aggkind: 110 'n', agglevelsup: 0, aggsplit: AGGSPLIT_SIMPLE, location: 113} = {
          aggargtypes = OidList with 1 elements = {1700},
          args = List with 1 elements = {
            0 = TargetEntry {resno: 1, resname: 0x0, ressortgroupref: 0, resorigtbl: 0, resorigcol: 0, resjunk: false} = {
              expr = OpExpr {opno: 1760, opfuncid: 1726, opresulttype: 1700, opretset: false, opcollid: 0, inputcollid: 0, location: 133} = {
                args = List with 2 elements = {
                  0 = Var {varno: 1, varattno: 6, vartype: 1700, vartypmod: 983046, varcollid: 0, varlevelsup: 0, varnosyn: 1, varattnosyn: 6, location: 117},
                  1 = OpExpr {opno: 1759, opfuncid: 1725, opresulttype: 1700, opretset: false, opcollid: 0, inputcollid: 0, location: 138} = {
                    args = List with 2 elements = {
                      0 = Const {consttype: 1700, consttypmod: -1, constcollid: 0, constlen: -1, constvalue: 94501922249640, constisnull: false, constbyval: false, location: -1},
                      1 = Var {varno: 1, varattno: 7, vartype: 1700, vartypmod: 983046, varcollid: 0, varlevelsup: 0, varnosyn: 1, varattnosyn: 7, location: 140}
                    }
                  }
                }
              }
            }
          }
        },
        5 = Aggref {aggfnoid: 2114, aggtype: 1700, aggcollid: 0, inputcollid: 0, aggtranstype: 2281, aggtrantype: 0, agghas_collectfn: false, rank_first: false, aggstar: false, aggvariadic: false, aggkind: 110 'n', agglevelsup: 0, aggsplit: AGGSPLIT_SIMPLE, location: 174} = {
          aggargtypes = OidList with 1 elements = {1700},
          args = List with 1 elements = {
            0 = TargetEntry {resno: 1, resname: 0x0, ressortgroupref: 0, resorigtbl: 0, resorigcol: 0, resjunk: false} = {
              expr = OpExpr {opno: 1760, opfuncid: 1726, opresulttype: 1700, opretset: false, opcollid: 0, inputcollid: 0, location: 213} = {
                args = List with 2 elements = {
                  0 = OpExpr {opno: 1760, opfuncid: 1726, opresulttype: 1700, opretset: false, opcollid: 0, inputcollid: 0, location: 194} = {
                    args = List with 2 elements = {
                      0 = Var {varno: 1, varattno: 6, vartype: 1700, vartypmod: 983046, varcollid: 0, varlevelsup: 0, varnosyn: 1, varattnosyn: 6, location: 178},
                      1 = OpExpr {opno: 1759, opfuncid: 1725, opresulttype: 1700, opretset: false, opcollid: 0, inputcollid: 0, location: 199} = {
                        args = List with 2 elements = {
                          0 = Const {consttype: 1700, consttypmod: -1, constcollid: 0, constlen: -1, constvalue: 94501921722080, constisnull: false, constbyval: false, location: -1},
                          1 = Var {varno: 1, varattno: 7, vartype: 1700, vartypmod: 983046, varcollid: 0, varlevelsup: 0, varnosyn: 1, varattnosyn: 7, location: 201}
                        }
                      }
                    }
                  },
                  1 = OpExpr {opno: 1758, opfuncid: 1724, opresulttype: 1700, opretset: false, opcollid: 0, inputcollid: 0, location: 218} = {
                    args = List with 2 elements = {
                      0 = Const {consttype: 1700, consttypmod: -1, constcollid: 0, constlen: -1, constvalue: 94501921730696, constisnull: false, constbyval: false, location: -1},
                      1 = Var {varno: 1, varattno: 8, vartype: 1700, vartypmod: 983046, varcollid: 0, varlevelsup: 0, varnosyn: 1, varattnosyn: 8, location: 220}
                    }
                  }
                }
              }
            }
          }
        },
        6 = Aggref {aggfnoid: 2103, aggtype: 1700, aggcollid: 0, inputcollid: 0, aggtranstype: 2281, aggtrantype: 0, agghas_collectfn: false, rank_first: false, aggstar: false, aggvariadic: false, aggkind: 110 'n', agglevelsup: 0, aggsplit: AGGSPLIT_SIMPLE, location: 245} = {
          aggargtypes = OidList with 1 elements = {1700},
          args = List with 1 elements = {
            0 = TargetEntry {resno: 1, resname: 0x0, ressortgroupref: 0, resorigtbl: 0, resorigcol: 0, resjunk: false} = {
              expr = Var {varno: 1, varattno: 5, vartype: 1700, vartypmod: 983046, varcollid: 0, varlevelsup: 0, varnosyn: 1, varattnosyn: 5, location: 249}
            }
          }
        },
        7 = Aggref {aggfnoid: 2103, aggtype: 1700, aggcollid: 0, inputcollid: 0, aggtranstype: 2281, aggtrantype: 0, agghas_collectfn: false, rank_first: false, aggstar: false, aggvariadic: false, aggkind: 110 'n', agglevelsup: 0, aggsplit: AGGSPLIT_SIMPLE, location: 275} = {
          aggargtypes = OidList with 1 elements = {1700},
          args = List with 1 elements = {
            0 = TargetEntry {resno: 1, resname: 0x0, ressortgroupref: 0, resorigtbl: 0, resorigcol: 0, resjunk: false} = {
              expr = Var {varno: 1, varattno: 6, vartype: 1700, vartypmod: 983046, varcollid: 0, varlevelsup: 0, varnosyn: 1, varattnosyn: 6, location: 279}
            }
          }
        },
        8 = Aggref {aggfnoid: 2103, aggtype: 1700, aggcollid: 0, inputcollid: 0, aggtranstype: 2281, aggtrantype: 0, agghas_collectfn: false, rank_first: false, aggstar: false, aggvariadic: false, aggkind: 110 'n', agglevelsup: 0, aggsplit: AGGSPLIT_SIMPLE, location: 312} = {
          aggargtypes = OidList with 1 elements = {1700},
          args = List with 1 elements = {
            0 = TargetEntry {resno: 1, resname: 0x0, ressortgroupref: 0, resorigtbl: 0, resorigcol: 0, resjunk: false} = {
              expr = Var {varno: 1, varattno: 7, vartype: 1700, vartypmod: 983046, varcollid: 0, varlevelsup: 0, varnosyn: 1, varattnosyn: 7, location: 316}
            }
          }
        },
        9 = Aggref {aggfnoid: 2803, aggtype: 20, aggcollid: 0, inputcollid: 0, aggtranstype: 20, aggtrantype: 0, agghas_collectfn: false, rank_first: false, aggstar: true, aggvariadic: false, aggkind: 110 'n', agglevelsup: 0, aggsplit: AGGSPLIT_SIMPLE, location: 343}
      },
      as_loc_list = IntList with 10 elements = {-1, -1, 60, 95, 156, 231, 264, 299, 331, 355},
      expr_loc_list = IntList with 10 elements = {9, 25, 41, 71, 113, 174, 245, 275, 312, 343},
      expr_len_list = IntList with 10 elements = {-1, -1, 16, 21, 40, 54, 16, 21, 16, 9},
      expr_type_list = IntList with 10 elements = {398, 398, 405, 405, 405, 405, 405, 405, 405, 405}
    },
    path.pathkeys = List with 2 elements = {
      0 = PathKey {pk_opfamily: 426, pk_strategy: 1, pk_nulls_first: false} = {
        pk_eclass = EquivalenceClass {ec_collation: 100, ec_relids: (b 1), ec_has_const: false, ec_has_volatile: false, ec_broken: false, ec_sortref: 1, ec_min_security: 4294967295, ec_max_security: 0} = {
          ec_opfamilies = OidList with 2 elements = {426, 2097},
          ec_members = List with 1 elements = {
            0 = EquivalenceMember {em_relids: (b 1), em_is_const: false, em_is_child: false, em_datatype: 1042} = {
              em_expr = Var {varno: 1, varattno: 9, vartype: 1042, vartypmod: 5, varcollid: 100, varlevelsup: 0, varnosyn: 1, varattnosyn: 9, location: 9}
            }
          }
        }
      },
      1 = PathKey {pk_opfamily: 426, pk_strategy: 1, pk_nulls_first: false} = {
        pk_eclass = EquivalenceClass {ec_collation: 100, ec_relids: (b 1), ec_has_const: false, ec_has_volatile: false, ec_broken: false, ec_sortref: 2, ec_min_security: 4294967295, ec_max_security: 0} = {
          ec_opfamilies = OidList with 2 elements = {426, 2097},
          ec_members = List with 1 elements = {
            0 = EquivalenceMember {em_relids: (b 1), em_is_const: false, em_is_child: false, em_datatype: 1042} = {
              em_expr = Var {varno: 1, varattno: 10, vartype: 1042, vartypmod: 5, varcollid: 100, varlevelsup: 0, varnosyn: 1, varattnosyn: 10, location: 25}
            }
          }
        }
      }
    },
    subpath = AggPath T_Agg (cost=12.99..14.53 rows=22 parallel_aware=False parallel_safe=True parallel_workers=0) {aggstrategy: AGG_SORTED, aggsplit: AGGSPLIT_INITIAL_SERIAL, numGroups: 22, transitionSpace: 896} = {
      path.parent = (b),
      path.pathtarget = PathTarget {cost: (0.00..0.00), width: 248} = {
        sortgrouprefs = [1, 2, 0, 0, 0, 0, 0, 0, 0, 0],
        exprs = List with 10 elements = {
          0 = Var {varno: 1, varattno: 9, vartype: 1042, vartypmod: 5, varcollid: 100, varlevelsup: 0, varnosyn: 1, varattnosyn: 9, location: 9},
          1 = Var {varno: 1, varattno: 10, vartype: 1042, vartypmod: 5, varcollid: 100, varlevelsup: 0, varnosyn: 1, varattnosyn: 10, location: 25},
          2 = Aggref {aggfnoid: 2114, aggtype: 17, aggcollid: 0, inputcollid: 0, aggtranstype: 2281, aggtrantype: 0, agghas_collectfn: false, rank_first: false, aggstar: false, aggvariadic: false, aggkind: 110 'n', agglevelsup: 0, aggsplit: AGGSPLIT_INITIAL_SERIAL, location: 41} = {
            aggargtypes = OidList with 1 elements = {1700},
            args = List with 1 elements = {
              0 = TargetEntry {resno: 1, resname: 0x0, ressortgroupref: 0, resorigtbl: 0, resorigcol: 0, resjunk: false} = {
                expr = Var {varno: 1, varattno: 5, vartype: 1700, vartypmod: 983046, varcollid: 0, varlevelsup: 0, varnosyn: 1, varattnosyn: 5, location: 45}
              }
            }
          },
          3 = Aggref {aggfnoid: 2114, aggtype: 17, aggcollid: 0, inputcollid: 0, aggtranstype: 2281, aggtrantype: 0, agghas_collectfn: false, rank_first: false, aggstar: false, aggvariadic: false, aggkind: 110 'n', agglevelsup: 0, aggsplit: AGGSPLIT_INITIAL_SERIAL, location: 71} = {
            aggargtypes = OidList with 1 elements = {1700},
            args = List with 1 elements = {
              0 = TargetEntry {resno: 1, resname: 0x0, ressortgroupref: 0, resorigtbl: 0, resorigcol: 0, resjunk: false} = {
                expr = Var {varno: 1, varattno: 6, vartype: 1700, vartypmod: 983046, varcollid: 0, varlevelsup: 0, varnosyn: 1, varattnosyn: 6, location: 75}
              }
            }
          },
          4 = Aggref {aggfnoid: 2114, aggtype: 17, aggcollid: 0, inputcollid: 0, aggtranstype: 2281, aggtrantype: 0, agghas_collectfn: false, rank_first: false, aggstar: false, aggvariadic: false, aggkind: 110 'n', agglevelsup: 0, aggsplit: AGGSPLIT_INITIAL_SERIAL, location: 113} = {
            aggargtypes = OidList with 1 elements = {1700},
            args = List with 1 elements = {
              0 = TargetEntry {resno: 1, resname: 0x0, ressortgroupref: 0, resorigtbl: 0, resorigcol: 0, resjunk: false} = {
                expr = OpExpr {opno: 1760, opfuncid: 1726, opresulttype: 1700, opretset: false, opcollid: 0, inputcollid: 0, location: 133} = {
                  args = List with 2 elements = {
                    0 = Var {varno: 1, varattno: 6, vartype: 1700, vartypmod: 983046, varcollid: 0, varlevelsup: 0, varnosyn: 1, varattnosyn: 6, location: 117},
                    1 = OpExpr {opno: 1759, opfuncid: 1725, opresulttype: 1700, opretset: false, opcollid: 0, inputcollid: 0, location: 138} = {
                      args = List with 2 elements = {
                        0 = Const {consttype: 1700, consttypmod: -1, constcollid: 0, constlen: -1, constvalue: 94501922249640, constisnull: false, constbyval: false, location: -1},
                        1 = Var {varno: 1, varattno: 7, vartype: 1700, vartypmod: 983046, varcollid: 0, varlevelsup: 0, varnosyn: 1, varattnosyn: 7, location: 140}
                      }
                    }
                  }
                }
              }
            }
          },
          5 = Aggref {aggfnoid: 2114, aggtype: 17, aggcollid: 0, inputcollid: 0, aggtranstype: 2281, aggtrantype: 0, agghas_collectfn: false, rank_first: false, aggstar: false, aggvariadic: false, aggkind: 110 'n', agglevelsup: 0, aggsplit: AGGSPLIT_INITIAL_SERIAL, location: 174} = {
            aggargtypes = OidList with 1 elements = {1700},
            args = List with 1 elements = {
              0 = TargetEntry {resno: 1, resname: 0x0, ressortgroupref: 0, resorigtbl: 0, resorigcol: 0, resjunk: false} = {
                expr = OpExpr {opno: 1760, opfuncid: 1726, opresulttype: 1700, opretset: false, opcollid: 0, inputcollid: 0, location: 213} = {
                  args = List with 2 elements = {
                    0 = OpExpr {opno: 1760, opfuncid: 1726, opresulttype: 1700, opretset: false, opcollid: 0, inputcollid: 0, location: 194} = {
                      args = List with 2 elements = {
                        0 = Var {varno: 1, varattno: 6, vartype: 1700, vartypmod: 983046, varcollid: 0, varlevelsup: 0, varnosyn: 1, varattnosyn: 6, location: 178},
                        1 = OpExpr {opno: 1759, opfuncid: 1725, opresulttype: 1700, opretset: false, opcollid: 0, inputcollid: 0, location: 199} = {
                          args = List with 2 elements = {
                            0 = Const {consttype: 1700, consttypmod: -1, constcollid: 0, constlen: -1, constvalue: 94501921722080, constisnull: false, constbyval: false, location: -1},
                            1 = Var {varno: 1, varattno: 7, vartype: 1700, vartypmod: 983046, varcollid: 0, varlevelsup: 0, varnosyn: 1, varattnosyn: 7, location: 201}
                          }
                        }
                      }
                    },
                    1 = OpExpr {opno: 1758, opfuncid: 1724, opresulttype: 1700, opretset: false, opcollid: 0, inputcollid: 0, location: 218} = {
                      args = List with 2 elements = {
                        0 = Const {consttype: 1700, consttypmod: -1, constcollid: 0, constlen: -1, constvalue: 94501921730696, constisnull: false, constbyval: false, location: -1},
                        1 = Var {varno: 1, varattno: 8, vartype: 1700, vartypmod: 983046, varcollid: 0, varlevelsup: 0, varnosyn: 1, varattnosyn: 8, location: 220}
                      }
                    }
                  }
                }
              }
            }
          },
          6 = Aggref {aggfnoid: 2103, aggtype: 17, aggcollid: 0, inputcollid: 0, aggtranstype: 2281, aggtrantype: 0, agghas_collectfn: false, rank_first: false, aggstar: false, aggvariadic: false, aggkind: 110 'n', agglevelsup: 0, aggsplit: AGGSPLIT_INITIAL_SERIAL, location: 245} = {
            aggargtypes = OidList with 1 elements = {1700},
            args = List with 1 elements = {
              0 = TargetEntry {resno: 1, resname: 0x0, ressortgroupref: 0, resorigtbl: 0, resorigcol: 0, resjunk: false} = {
                expr = Var {varno: 1, varattno: 5, vartype: 1700, vartypmod: 983046, varcollid: 0, varlevelsup: 0, varnosyn: 1, varattnosyn: 5, location: 249}
              }
            }
          },
          7 = Aggref {aggfnoid: 2103, aggtype: 17, aggcollid: 0, inputcollid: 0, aggtranstype: 2281, aggtrantype: 0, agghas_collectfn: false, rank_first: false, aggstar: false, aggvariadic: false, aggkind: 110 'n', agglevelsup: 0, aggsplit: AGGSPLIT_INITIAL_SERIAL, location: 275} = {
            aggargtypes = OidList with 1 elements = {1700},
            args = List with 1 elements = {
              0 = TargetEntry {resno: 1, resname: 0x0, ressortgroupref: 0, resorigtbl: 0, resorigcol: 0, resjunk: false} = {
                expr = Var {varno: 1, varattno: 6, vartype: 1700, vartypmod: 983046, varcollid: 0, varlevelsup: 0, varnosyn: 1, varattnosyn: 6, location: 279}
              }
            }
          },
          8 = Aggref {aggfnoid: 2103, aggtype: 17, aggcollid: 0, inputcollid: 0, aggtranstype: 2281, aggtrantype: 0, agghas_collectfn: false, rank_first: false, aggstar: false, aggvariadic: false, aggkind: 110 'n', agglevelsup: 0, aggsplit: AGGSPLIT_INITIAL_SERIAL, location: 312} = {
            aggargtypes = OidList with 1 elements = {1700},
            args = List with 1 elements = {
              0 = TargetEntry {resno: 1, resname: 0x0, ressortgroupref: 0, resorigtbl: 0, resorigcol: 0, resjunk: false} = {
                expr = Var {varno: 1, varattno: 7, vartype: 1700, vartypmod: 983046, varcollid: 0, varlevelsup: 0, varnosyn: 1, varattnosyn: 7, location: 316}
              }
            }
          },
          9 = Aggref {aggfnoid: 2803, aggtype: 20, aggcollid: 0, inputcollid: 0, aggtranstype: 20, aggtrantype: 0, agghas_collectfn: false, rank_first: false, aggstar: true, aggvariadic: false, aggkind: 110 'n', agglevelsup: 0, aggsplit: AGGSPLIT_INITIAL_SERIAL, location: 343}
        }
      },
      path.pathkeys = List with 2 elements = {
        0 = PathKey {pk_opfamily: 426, pk_strategy: 1, pk_nulls_first: false} = {
          pk_eclass = EquivalenceClass {ec_collation: 100, ec_relids: (b 1), ec_has_const: false, ec_has_volatile: false, ec_broken: false, ec_sortref: 1, ec_min_security: 4294967295, ec_max_security: 0} = {
            ec_opfamilies = OidList with 2 elements = {426, 2097},
            ec_members = List with 1 elements = {
              0 = EquivalenceMember {em_relids: (b 1), em_is_const: false, em_is_child: false, em_datatype: 1042} = {
                em_expr = Var {varno: 1, varattno: 9, vartype: 1042, vartypmod: 5, varcollid: 100, varlevelsup: 0, varnosyn: 1, varattnosyn: 9, location: 9}
              }
            }
          }
        },
        1 = PathKey {pk_opfamily: 426, pk_strategy: 1, pk_nulls_first: false} = {
          pk_eclass = EquivalenceClass {ec_collation: 100, ec_relids: (b 1), ec_has_const: false, ec_has_volatile: false, ec_broken: false, ec_sortref: 2, ec_min_security: 4294967295, ec_max_security: 0} = {
            ec_opfamilies = OidList with 2 elements = {426, 2097},
            ec_members = List with 1 elements = {
              0 = EquivalenceMember {em_relids: (b 1), em_is_const: false, em_is_child: false, em_datatype: 1042} = {
                em_expr = Var {varno: 1, varattno: 10, vartype: 1042, vartypmod: 5, varcollid: 100, varlevelsup: 0, varnosyn: 1, varattnosyn: 10, location: 25}
              }
            }
          }
        }
      },
      subpath = SortPath T_Sort (cost=12.99..13.05 rows=22 parallel_aware=False parallel_safe=True parallel_workers=0)  = {
        path.parent = (b),
        path.pathtarget = PathTarget {cost: (0.00..0.00), width: 88} = {
          sortgrouprefs = [1, 2, 0, 0, 0, 0],
          exprs = List with 6 elements = {
            0 = Var {varno: 1, varattno: 9, vartype: 1042, vartypmod: 5, varcollid: 100, varlevelsup: 0, varnosyn: 1, varattnosyn: 9, location: 9},
            1 = Var {varno: 1, varattno: 10, vartype: 1042, vartypmod: 5, varcollid: 100, varlevelsup: 0, varnosyn: 1, varattnosyn: 10, location: 25},
            2 = Var {varno: 1, varattno: 5, vartype: 1700, vartypmod: 983046, varcollid: 0, varlevelsup: 0, varnosyn: 1, varattnosyn: 5, location: 45},
            3 = Var {varno: 1, varattno: 6, vartype: 1700, vartypmod: 983046, varcollid: 0, varlevelsup: 0, varnosyn: 1, varattnosyn: 6, location: 75},
            4 = Var {varno: 1, varattno: 7, vartype: 1700, vartypmod: 983046, varcollid: 0, varlevelsup: 0, varnosyn: 1, varattnosyn: 7, location: 140},
            5 = Var {varno: 1, varattno: 8, vartype: 1700, vartypmod: 983046, varcollid: 0, varlevelsup: 0, varnosyn: 1, varattnosyn: 8, location: 220}
          }
        },
        path.pathkeys = List with 2 elements = {
          0 = PathKey {pk_opfamily: 426, pk_strategy: 1, pk_nulls_first: false} = {
            pk_eclass = EquivalenceClass {ec_collation: 100, ec_relids: (b 1), ec_has_const: false, ec_has_volatile: false, ec_broken: false, ec_sortref: 1, ec_min_security: 4294967295, ec_max_security: 0} = {
              ec_opfamilies = OidList with 2 elements = {426, 2097},
              ec_members = List with 1 elements = {
                0 = EquivalenceMember {em_relids: (b 1), em_is_const: false, em_is_child: false, em_datatype: 1042} = {
                  em_expr = Var {varno: 1, varattno: 9, vartype: 1042, vartypmod: 5, varcollid: 100, varlevelsup: 0, varnosyn: 1, varattnosyn: 9, location: 9}
                }
              }
            }
          },
          1 = PathKey {pk_opfamily: 426, pk_strategy: 1, pk_nulls_first: false} = {
            pk_eclass = EquivalenceClass {ec_collation: 100, ec_relids: (b 1), ec_has_const: false, ec_has_volatile: false, ec_broken: false, ec_sortref: 2, ec_min_security: 4294967295, ec_max_security: 0} = {
              ec_opfamilies = OidList with 2 elements = {426, 2097},
              ec_members = List with 1 elements = {
                0 = EquivalenceMember {em_relids: (b 1), em_is_const: false, em_is_child: false, em_datatype: 1042} = {
                  em_expr = Var {varno: 1, varattno: 10, vartype: 1042, vartypmod: 5, varcollid: 100, varlevelsup: 0, varnosyn: 1, varattnosyn: 10, location: 25}
                }
              }
            }
          }
        },
        subpath = T_SeqScan (cost=0.00..12.50 rows=22 parallel_aware=False parallel_safe=True parallel_workers=0) = {
          parent = (b 1),
          pathtarget = PathTarget {cost: (0.00..0.00), width: 88} = {
            sortgrouprefs = [1, 2, 0, 0, 0, 0],
            exprs = List with 6 elements = {
              0 = Var {varno: 1, varattno: 9, vartype: 1042, vartypmod: 5, varcollid: 100, varlevelsup: 0, varnosyn: 1, varattnosyn: 9, location: 9},
              1 = Var {varno: 1, varattno: 10, vartype: 1042, vartypmod: 5, varcollid: 100, varlevelsup: 0, varnosyn: 1, varattnosyn: 10, location: 25},
              2 = Var {varno: 1, varattno: 5, vartype: 1700, vartypmod: 983046, varcollid: 0, varlevelsup: 0, varnosyn: 1, varattnosyn: 5, location: 45},
              3 = Var {varno: 1, varattno: 6, vartype: 1700, vartypmod: 983046, varcollid: 0, varlevelsup: 0, varnosyn: 1, varattnosyn: 6, location: 75},
              4 = Var {varno: 1, varattno: 7, vartype: 1700, vartypmod: 983046, varcollid: 0, varlevelsup: 0, varnosyn: 1, varattnosyn: 7, location: 140},
              5 = Var {varno: 1, varattno: 8, vartype: 1700, vartypmod: 983046, varcollid: 0, varlevelsup: 0, varnosyn: 1, varattnosyn: 8, location: 220}
            }
          }
        }
      },
      groupClause = List with 2 elements = {
        0 = SortGroupClause {tleSortGroupRef: 1, eqop: 1054, sortop: 1058, nulls_first: false, hashable: true},
        1 = SortGroupClause {tleSortGroupRef: 2, eqop: 1054, sortop: 1058, nulls_first: false, hashable: true}
      }
    },
    rnodes = OidList with 3 elements = {16386, 16387, 16388}
  },
  groupClause = List with 2 elements = {
    0 = SortGroupClause {tleSortGroupRef: 1, eqop: 1054, sortop: 1058, nulls_first: false, hashable: true},
    1 = SortGroupClause {tleSortGroupRef: 2, eqop: 1054, sortop: 1058, nulls_first: false, hashable: true}
  }
}

Breakpoint 2, standard_planner (parse=0x55f2f1815d18, query_string=0x55f2f1676670 "select\n  l_returnflag,\n  l_linestatus,\n  sum(l_quantity) as sum_qty,\n  sum(l_extendedprice) as sum_base_price,\n  sum(l_extendedprice * (1 - l_discount)) as sum_disc_price,\n  sum(l_extendedprice * (1 -"..., cursorOptions=33024, boundParams=0x0) at /workspaces/AntDB/src/backend/optimizer/plan/planner.c:761
761		result->commandType = parse->commandType;
$3 = Agg (cost=14.31..19.26 rows=22 width=248 plan_id=0 parallel_aware=False parallel_safe = False) {aggstrategy: AGG_SORTED, aggsplit: AGGSPLIT_FINAL_DESERIAL, numCols: 2, numGroups: 22, transitionSpace: 896, aggParams: 0x0} = {
  grpColIdx = [1, 2],
  grpOperators = [1054, 1054],
  grpCollations = [100, 100],
  plan.targetlist = List with 10 elements = {
    0 = TargetEntry {resno: 1, resname: 'l_returnflag', ressortgroupref: 1, resorigtbl: 270678, resorigcol: 9, resjunk: false} = {
      expr = Var {varno: 65001, varattno: 1, vartype: 1042, vartypmod: 5, varcollid: 100, varlevelsup: 0, varnosyn: 0, varattnosyn: 0, location: -1}
    },
    1 = TargetEntry {resno: 2, resname: 'l_linestatus', ressortgroupref: 2, resorigtbl: 270678, resorigcol: 10, resjunk: false} = {
      expr = Var {varno: 65001, varattno: 2, vartype: 1042, vartypmod: 5, varcollid: 100, varlevelsup: 0, varnosyn: 0, varattnosyn: 0, location: -1}
    },
    2 = TargetEntry {resno: 3, resname: 'sum_qty', ressortgroupref: 0, resorigtbl: 0, resorigcol: 0, resjunk: false} = {
      expr = Aggref {aggfnoid: 2114, aggtype: 1700, aggcollid: 0, inputcollid: 0, aggtranstype: 2281, aggtrantype: 0, agghas_collectfn: false, rank_first: false, aggstar: false, aggvariadic: false, aggkind: 110 'n', agglevelsup: 0, aggsplit: AGGSPLIT_FINAL_DESERIAL, location: 41} = {
        aggargtypes = OidList with 1 elements = {1700},
        args = List with 1 elements = {
          0 = TargetEntry {resno: 1, resname: 0x0, ressortgroupref: 0, resorigtbl: 0, resorigcol: 0, resjunk: false} = {
            expr = Var {varno: 65001, varattno: 3, vartype: 17, vartypmod: -1, varcollid: 0, varlevelsup: 0, varnosyn: 0, varattnosyn: 0, location: -1}
          }
        }
      }
    },
    3 = TargetEntry {resno: 4, resname: 'sum_base_price', ressortgroupref: 0, resorigtbl: 0, resorigcol: 0, resjunk: false} = {
      expr = Aggref {aggfnoid: 2114, aggtype: 1700, aggcollid: 0, inputcollid: 0, aggtranstype: 2281, aggtrantype: 0, agghas_collectfn: false, rank_first: false, aggstar: false, aggvariadic: false, aggkind: 110 'n', agglevelsup: 0, aggsplit: AGGSPLIT_FINAL_DESERIAL, location: 71} = {
        aggargtypes = OidList with 1 elements = {1700},
        args = List with 1 elements = {
          0 = TargetEntry {resno: 1, resname: 0x0, ressortgroupref: 0, resorigtbl: 0, resorigcol: 0, resjunk: false} = {
            expr = Var {varno: 65001, varattno: 4, vartype: 17, vartypmod: -1, varcollid: 0, varlevelsup: 0, varnosyn: 0, varattnosyn: 0, location: -1}
          }
        }
      }
    },
    4 = TargetEntry {resno: 5, resname: 'sum_disc_price', ressortgroupref: 0, resorigtbl: 0, resorigcol: 0, resjunk: false} = {
      expr = Aggref {aggfnoid: 2114, aggtype: 1700, aggcollid: 0, inputcollid: 0, aggtranstype: 2281, aggtrantype: 0, agghas_collectfn: false, rank_first: false, aggstar: false, aggvariadic: false, aggkind: 110 'n', agglevelsup: 0, aggsplit: AGGSPLIT_FINAL_DESERIAL, location: 113} = {
        aggargtypes = OidList with 1 elements = {1700},
        args = List with 1 elements = {
          0 = TargetEntry {resno: 1, resname: 0x0, ressortgroupref: 0, resorigtbl: 0, resorigcol: 0, resjunk: false} = {
            expr = Var {varno: 65001, varattno: 5, vartype: 17, vartypmod: -1, varcollid: 0, varlevelsup: 0, varnosyn: 0, varattnosyn: 0, location: -1}
          }
        }
      }
    },
    5 = TargetEntry {resno: 6, resname: 'sum_charge', ressortgroupref: 0, resorigtbl: 0, resorigcol: 0, resjunk: false} = {
      expr = Aggref {aggfnoid: 2114, aggtype: 1700, aggcollid: 0, inputcollid: 0, aggtranstype: 2281, aggtrantype: 0, agghas_collectfn: false, rank_first: false, aggstar: false, aggvariadic: false, aggkind: 110 'n', agglevelsup: 0, aggsplit: AGGSPLIT_FINAL_DESERIAL, location: 174} = {
        aggargtypes = OidList with 1 elements = {1700},
        args = List with 1 elements = {
          0 = TargetEntry {resno: 1, resname: 0x0, ressortgroupref: 0, resorigtbl: 0, resorigcol: 0, resjunk: false} = {
            expr = Var {varno: 65001, varattno: 6, vartype: 17, vartypmod: -1, varcollid: 0, varlevelsup: 0, varnosyn: 0, varattnosyn: 0, location: -1}
          }
        }
      }
    },
    6 = TargetEntry {resno: 7, resname: 'avg_qty', ressortgroupref: 0, resorigtbl: 0, resorigcol: 0, resjunk: false} = {
      expr = Aggref {aggfnoid: 2103, aggtype: 1700, aggcollid: 0, inputcollid: 0, aggtranstype: 2281, aggtrantype: 0, agghas_collectfn: false, rank_first: false, aggstar: false, aggvariadic: false, aggkind: 110 'n', agglevelsup: 0, aggsplit: AGGSPLIT_FINAL_DESERIAL, location: 245} = {
        aggargtypes = OidList with 1 elements = {1700},
        args = List with 1 elements = {
          0 = TargetEntry {resno: 1, resname: 0x0, ressortgroupref: 0, resorigtbl: 0, resorigcol: 0, resjunk: false} = {
            expr = Var {varno: 65001, varattno: 7, vartype: 17, vartypmod: -1, varcollid: 0, varlevelsup: 0, varnosyn: 0, varattnosyn: 0, location: -1}
          }
        }
      }
    },
    7 = TargetEntry {resno: 8, resname: 'avg_price', ressortgroupref: 0, resorigtbl: 0, resorigcol: 0, resjunk: false} = {
      expr = Aggref {aggfnoid: 2103, aggtype: 1700, aggcollid: 0, inputcollid: 0, aggtranstype: 2281, aggtrantype: 0, agghas_collectfn: false, rank_first: false, aggstar: false, aggvariadic: false, aggkind: 110 'n', agglevelsup: 0, aggsplit: AGGSPLIT_FINAL_DESERIAL, location: 275} = {
        aggargtypes = OidList with 1 elements = {1700},
        args = List with 1 elements = {
          0 = TargetEntry {resno: 1, resname: 0x0, ressortgroupref: 0, resorigtbl: 0, resorigcol: 0, resjunk: false} = {
            expr = Var {varno: 65001, varattno: 8, vartype: 17, vartypmod: -1, varcollid: 0, varlevelsup: 0, varnosyn: 0, varattnosyn: 0, location: -1}
          }
        }
      }
    },
    8 = TargetEntry {resno: 9, resname: 'avg_disc', ressortgroupref: 0, resorigtbl: 0, resorigcol: 0, resjunk: false} = {
      expr = Aggref {aggfnoid: 2103, aggtype: 1700, aggcollid: 0, inputcollid: 0, aggtranstype: 2281, aggtrantype: 0, agghas_collectfn: false, rank_first: false, aggstar: false, aggvariadic: false, aggkind: 110 'n', agglevelsup: 0, aggsplit: AGGSPLIT_FINAL_DESERIAL, location: 312} = {
        aggargtypes = OidList with 1 elements = {1700},
        args = List with 1 elements = {
          0 = TargetEntry {resno: 1, resname: 0x0, ressortgroupref: 0, resorigtbl: 0, resorigcol: 0, resjunk: false} = {
            expr = Var {varno: 65001, varattno: 9, vartype: 17, vartypmod: -1, varcollid: 0, varlevelsup: 0, varnosyn: 0, varattnosyn: 0, location: -1}
          }
        }
      }
    },
    9 = TargetEntry {resno: 10, resname: 'count_order', ressortgroupref: 0, resorigtbl: 0, resorigcol: 0, resjunk: false} = {
      expr = Aggref {aggfnoid: 2803, aggtype: 20, aggcollid: 0, inputcollid: 0, aggtranstype: 20, aggtrantype: 0, agghas_collectfn: false, rank_first: false, aggstar: true, aggvariadic: false, aggkind: 110 'n', agglevelsup: 0, aggsplit: AGGSPLIT_FINAL_DESERIAL, location: 343} = {
        args = List with 1 elements = {
          0 = TargetEntry {resno: 1, resname: 0x0, ressortgroupref: 0, resorigtbl: 0, resorigcol: 0, resjunk: false} = {
            expr = Var {varno: 65001, varattno: 10, vartype: 20, vartypmod: -1, varcollid: 0, varlevelsup: 0, varnosyn: 0, varattnosyn: 0, location: -1}
          }
        }
      }
    }
  },
  plan.lefttree = ClusterMergeGather (cost=14.31..15.85 rows=66 width=248 plan_id=1 parallel_aware=False parallel_safe = False) {gatherType: CLUSTER_GATHER_DATANODE, numCols: 2} = {
    sortColIdx = [1, 2],
    sortOperators = [1058, 1058],
    collations = [100, 100],
    nullsFirst = [False, False],
    plan.targetlist = List with 10 elements = {
      0 = TargetEntry {resno: 1, resname: 0x0, ressortgroupref: 1, resorigtbl: 0, resorigcol: 0, resjunk: false} = {
        expr = Var {varno: 65001, varattno: 1, vartype: 1042, vartypmod: 5, varcollid: 100, varlevelsup: 0, varnosyn: 1, varattnosyn: 9, location: -1}
      },
      1 = TargetEntry {resno: 2, resname: 0x0, ressortgroupref: 2, resorigtbl: 0, resorigcol: 0, resjunk: false} = {
        expr = Var {varno: 65001, varattno: 2, vartype: 1042, vartypmod: 5, varcollid: 100, varlevelsup: 0, varnosyn: 1, varattnosyn: 10, location: -1}
      },
      2 = TargetEntry {resno: 3, resname: 0x0, ressortgroupref: 0, resorigtbl: 0, resorigcol: 0, resjunk: false} = {
        expr = Var {varno: 65001, varattno: 3, vartype: 17, vartypmod: -1, varcollid: 0, varlevelsup: 0, varnosyn: 0, varattnosyn: 0, location: -1}
      },
      3 = TargetEntry {resno: 4, resname: 0x0, ressortgroupref: 0, resorigtbl: 0, resorigcol: 0, resjunk: false} = {
        expr = Var {varno: 65001, varattno: 4, vartype: 17, vartypmod: -1, varcollid: 0, varlevelsup: 0, varnosyn: 0, varattnosyn: 0, location: -1}
      },
      4 = TargetEntry {resno: 5, resname: 0x0, ressortgroupref: 0, resorigtbl: 0, resorigcol: 0, resjunk: false} = {
        expr = Var {varno: 65001, varattno: 5, vartype: 17, vartypmod: -1, varcollid: 0, varlevelsup: 0, varnosyn: 0, varattnosyn: 0, location: -1}
      },
      5 = TargetEntry {resno: 6, resname: 0x0, ressortgroupref: 0, resorigtbl: 0, resorigcol: 0, resjunk: false} = {
        expr = Var {varno: 65001, varattno: 6, vartype: 17, vartypmod: -1, varcollid: 0, varlevelsup: 0, varnosyn: 0, varattnosyn: 0, location: -1}
      },
      6 = TargetEntry {resno: 7, resname: 0x0, ressortgroupref: 0, resorigtbl: 0, resorigcol: 0, resjunk: false} = {
        expr = Var {varno: 65001, varattno: 7, vartype: 17, vartypmod: -1, varcollid: 0, varlevelsup: 0, varnosyn: 0, varattnosyn: 0, location: -1}
      },
      7 = TargetEntry {resno: 8, resname: 0x0, ressortgroupref: 0, resorigtbl: 0, resorigcol: 0, resjunk: false} = {
        expr = Var {varno: 65001, varattno: 8, vartype: 17, vartypmod: -1, varcollid: 0, varlevelsup: 0, varnosyn: 0, varattnosyn: 0, location: -1}
      },
      8 = TargetEntry {resno: 9, resname: 0x0, ressortgroupref: 0, resorigtbl: 0, resorigcol: 0, resjunk: false} = {
        expr = Var {varno: 65001, varattno: 9, vartype: 17, vartypmod: -1, varcollid: 0, varlevelsup: 0, varnosyn: 0, varattnosyn: 0, location: -1}
      },
      9 = TargetEntry {resno: 10, resname: 0x0, ressortgroupref: 0, resorigtbl: 0, resorigcol: 0, resjunk: false} = {
        expr = Var {varno: 65001, varattno: 10, vartype: 20, vartypmod: -1, varcollid: 0, varlevelsup: 0, varnosyn: 0, varattnosyn: 0, location: -1}
      }
    },
    plan.lefttree = Agg (cost=12.99..14.53 rows=22 width=248 plan_id=2 parallel_aware=False parallel_safe = True) {aggstrategy: AGG_SORTED, aggsplit: AGGSPLIT_INITIAL_SERIAL, numCols: 2, numGroups: 22, transitionSpace: 896, aggParams: 0x0} = {
      grpColIdx = [1, 2],
      grpOperators = [1054, 1054],
      grpCollations = [100, 100],
      plan.targetlist = List with 10 elements = {
        0 = TargetEntry {resno: 1, resname: 0x0, ressortgroupref: 1, resorigtbl: 0, resorigcol: 0, resjunk: false} = {
          expr = Var {varno: 65001, varattno: 1, vartype: 1042, vartypmod: 5, varcollid: 100, varlevelsup: 0, varnosyn: 0, varattnosyn: 0, location: -1}
        },
        1 = TargetEntry {resno: 2, resname: 0x0, ressortgroupref: 2, resorigtbl: 0, resorigcol: 0, resjunk: false} = {
          expr = Var {varno: 65001, varattno: 2, vartype: 1042, vartypmod: 5, varcollid: 100, varlevelsup: 0, varnosyn: 0, varattnosyn: 0, location: -1}
        },
        2 = TargetEntry {resno: 3, resname: 0x0, ressortgroupref: 0, resorigtbl: 0, resorigcol: 0, resjunk: false} = {
          expr = Aggref {aggfnoid: 2114, aggtype: 17, aggcollid: 0, inputcollid: 0, aggtranstype: 2281, aggtrantype: 0, agghas_collectfn: false, rank_first: false, aggstar: false, aggvariadic: false, aggkind: 110 'n', agglevelsup: 0, aggsplit: AGGSPLIT_INITIAL_SERIAL, location: 41} = {
            aggargtypes = OidList with 1 elements = {1700},
            args = List with 1 elements = {
              0 = TargetEntry {resno: 1, resname: 0x0, ressortgroupref: 0, resorigtbl: 0, resorigcol: 0, resjunk: false} = {
                expr = Var {varno: 65001, varattno: 3, vartype: 1700, vartypmod: 983046, varcollid: 0, varlevelsup: 0, varnosyn: 1, varattnosyn: 5, location: 45}
              }
            }
          }
        },
        3 = TargetEntry {resno: 4, resname: 0x0, ressortgroupref: 0, resorigtbl: 0, resorigcol: 0, resjunk: false} = {
          expr = Aggref {aggfnoid: 2114, aggtype: 17, aggcollid: 0, inputcollid: 0, aggtranstype: 2281, aggtrantype: 0, agghas_collectfn: false, rank_first: false, aggstar: false, aggvariadic: false, aggkind: 110 'n', agglevelsup: 0, aggsplit: AGGSPLIT_INITIAL_SERIAL, location: 71} = {
            aggargtypes = OidList with 1 elements = {1700},
            args = List with 1 elements = {
              0 = TargetEntry {resno: 1, resname: 0x0, ressortgroupref: 0, resorigtbl: 0, resorigcol: 0, resjunk: false} = {
                expr = Var {varno: 65001, varattno: 4, vartype: 1700, vartypmod: 983046, varcollid: 0, varlevelsup: 0, varnosyn: 1, varattnosyn: 6, location: 75}
              }
            }
          }
        },
        4 = TargetEntry {resno: 5, resname: 0x0, ressortgroupref: 0, resorigtbl: 0, resorigcol: 0, resjunk: false} = {
          expr = Aggref {aggfnoid: 2114, aggtype: 17, aggcollid: 0, inputcollid: 0, aggtranstype: 2281, aggtrantype: 0, agghas_collectfn: false, rank_first: false, aggstar: false, aggvariadic: false, aggkind: 110 'n', agglevelsup: 0, aggsplit: AGGSPLIT_INITIAL_SERIAL, location: 113} = {
            aggargtypes = OidList with 1 elements = {1700},
            args = List with 1 elements = {
              0 = TargetEntry {resno: 1, resname: 0x0, ressortgroupref: 0, resorigtbl: 0, resorigcol: 0, resjunk: false} = {
                expr = OpExpr {opno: 1760, opfuncid: 1726, opresulttype: 1700, opretset: false, opcollid: 0, inputcollid: 0, location: 133} = {
                  args = List with 2 elements = {
                    0 = Var {varno: 65001, varattno: 4, vartype: 1700, vartypmod: 983046, varcollid: 0, varlevelsup: 0, varnosyn: 1, varattnosyn: 6, location: 117},
                    1 = OpExpr {opno: 1759, opfuncid: 1725, opresulttype: 1700, opretset: false, opcollid: 0, inputcollid: 0, location: 138} = {
                      args = List with 2 elements = {
                        0 = Const {consttype: 1700, consttypmod: -1, constcollid: 0, constlen: -1, constvalue: 94501922249640, constisnull: false, constbyval: false, location: -1},
                        1 = Var {varno: 65001, varattno: 5, vartype: 1700, vartypmod: 983046, varcollid: 0, varlevelsup: 0, varnosyn: 1, varattnosyn: 7, location: 140}
                      }
                    }
                  }
                }
              }
            }
          }
        },
        5 = TargetEntry {resno: 6, resname: 0x0, ressortgroupref: 0, resorigtbl: 0, resorigcol: 0, resjunk: false} = {
          expr = Aggref {aggfnoid: 2114, aggtype: 17, aggcollid: 0, inputcollid: 0, aggtranstype: 2281, aggtrantype: 0, agghas_collectfn: false, rank_first: false, aggstar: false, aggvariadic: false, aggkind: 110 'n', agglevelsup: 0, aggsplit: AGGSPLIT_INITIAL_SERIAL, location: 174} = {
            aggargtypes = OidList with 1 elements = {1700},
            args = List with 1 elements = {
              0 = TargetEntry {resno: 1, resname: 0x0, ressortgroupref: 0, resorigtbl: 0, resorigcol: 0, resjunk: false} = {
                expr = OpExpr {opno: 1760, opfuncid: 1726, opresulttype: 1700, opretset: false, opcollid: 0, inputcollid: 0, location: 213} = {
                  args = List with 2 elements = {
                    0 = OpExpr {opno: 1760, opfuncid: 1726, opresulttype: 1700, opretset: false, opcollid: 0, inputcollid: 0, location: 194} = {
                      args = List with 2 elements = {
                        0 = Var {varno: 65001, varattno: 4, vartype: 1700, vartypmod: 983046, varcollid: 0, varlevelsup: 0, varnosyn: 1, varattnosyn: 6, location: 178},
                        1 = OpExpr {opno: 1759, opfuncid: 1725, opresulttype: 1700, opretset: false, opcollid: 0, inputcollid: 0, location: 199} = {
                          args = List with 2 elements = {
                            0 = Const {consttype: 1700, consttypmod: -1, constcollid: 0, constlen: -1, constvalue: 94501921722080, constisnull: false, constbyval: false, location: -1},
                            1 = Var {varno: 65001, varattno: 5, vartype: 1700, vartypmod: 983046, varcollid: 0, varlevelsup: 0, varnosyn: 1, varattnosyn: 7, location: 201}
                          }
                        }
                      }
                    },
                    1 = OpExpr {opno: 1758, opfuncid: 1724, opresulttype: 1700, opretset: false, opcollid: 0, inputcollid: 0, location: 218} = {
                      args = List with 2 elements = {
                        0 = Const {consttype: 1700, consttypmod: -1, constcollid: 0, constlen: -1, constvalue: 94501921730696, constisnull: false, constbyval: false, location: -1},
                        1 = Var {varno: 65001, varattno: 6, vartype: 1700, vartypmod: 983046, varcollid: 0, varlevelsup: 0, varnosyn: 1, varattnosyn: 8, location: 220}
                      }
                    }
                  }
                }
              }
            }
          }
        },
        6 = TargetEntry {resno: 7, resname: 0x0, ressortgroupref: 0, resorigtbl: 0, resorigcol: 0, resjunk: false} = {
          expr = Aggref {aggfnoid: 2103, aggtype: 17, aggcollid: 0, inputcollid: 0, aggtranstype: 2281, aggtrantype: 0, agghas_collectfn: false, rank_first: false, aggstar: false, aggvariadic: false, aggkind: 110 'n', agglevelsup: 0, aggsplit: AGGSPLIT_INITIAL_SERIAL, location: 245} = {
            aggargtypes = OidList with 1 elements = {1700},
            args = List with 1 elements = {
              0 = TargetEntry {resno: 1, resname: 0x0, ressortgroupref: 0, resorigtbl: 0, resorigcol: 0, resjunk: false} = {
                expr = Var {varno: 65001, varattno: 3, vartype: 1700, vartypmod: 983046, varcollid: 0, varlevelsup: 0, varnosyn: 1, varattnosyn: 5, location: 249}
              }
            }
          }
        },
        7 = TargetEntry {resno: 8, resname: 0x0, ressortgroupref: 0, resorigtbl: 0, resorigcol: 0, resjunk: false} = {
          expr = Aggref {aggfnoid: 2103, aggtype: 17, aggcollid: 0, inputcollid: 0, aggtranstype: 2281, aggtrantype: 0, agghas_collectfn: false, rank_first: false, aggstar: false, aggvariadic: false, aggkind: 110 'n', agglevelsup: 0, aggsplit: AGGSPLIT_INITIAL_SERIAL, location: 275} = {
            aggargtypes = OidList with 1 elements = {1700},
            args = List with 1 elements = {
              0 = TargetEntry {resno: 1, resname: 0x0, ressortgroupref: 0, resorigtbl: 0, resorigcol: 0, resjunk: false} = {
                expr = Var {varno: 65001, varattno: 4, vartype: 1700, vartypmod: 983046, varcollid: 0, varlevelsup: 0, varnosyn: 1, varattnosyn: 6, location: 279}
              }
            }
          }
        },
        8 = TargetEntry {resno: 9, resname: 0x0, ressortgroupref: 0, resorigtbl: 0, resorigcol: 0, resjunk: false} = {
          expr = Aggref {aggfnoid: 2103, aggtype: 17, aggcollid: 0, inputcollid: 0, aggtranstype: 2281, aggtrantype: 0, agghas_collectfn: false, rank_first: false, aggstar: false, aggvariadic: false, aggkind: 110 'n', agglevelsup: 0, aggsplit: AGGSPLIT_INITIAL_SERIAL, location: 312} = {
            aggargtypes = OidList with 1 elements = {1700},
            args = List with 1 elements = {
              0 = TargetEntry {resno: 1, resname: 0x0, ressortgroupref: 0, resorigtbl: 0, resorigcol: 0, resjunk: false} = {
                expr = Var {varno: 65001, varattno: 5, vartype: 1700, vartypmod: 983046, varcollid: 0, varlevelsup: 0, varnosyn: 1, varattnosyn: 7, location: 316}
              }
            }
          }
        },
        9 = TargetEntry {resno: 10, resname: 0x0, ressortgroupref: 0, resorigtbl: 0, resorigcol: 0, resjunk: false} = {
          expr = Aggref {aggfnoid: 2803, aggtype: 20, aggcollid: 0, inputcollid: 0, aggtranstype: 20, aggtrantype: 0, agghas_collectfn: false, rank_first: false, aggstar: true, aggvariadic: false, aggkind: 110 'n', agglevelsup: 0, aggsplit: AGGSPLIT_INITIAL_SERIAL, location: 343}
        }
      },
      plan.lefttree = Sort (cost=12.99..13.05 rows=22 width=88 plan_id=3 parallel_aware=False parallel_safe = True) numCols: 2 = {
        sortColIdx = [1, 2],
        sortOperators = [1058, 1058],
        collations = [100, 100],
        nullsFirst = [False, False],
        plan.targetlist = List with 6 elements = {
          0 = TargetEntry {resno: 1, resname: 0x0, ressortgroupref: 1, resorigtbl: 0, resorigcol: 0, resjunk: false} = {
            expr = Var {varno: 65001, varattno: 1, vartype: 1042, vartypmod: 5, varcollid: 100, varlevelsup: 0, varnosyn: 1, varattnosyn: 9, location: -1}
          },
          1 = TargetEntry {resno: 2, resname: 0x0, ressortgroupref: 2, resorigtbl: 0, resorigcol: 0, resjunk: false} = {
            expr = Var {varno: 65001, varattno: 2, vartype: 1042, vartypmod: 5, varcollid: 100, varlevelsup: 0, varnosyn: 1, varattnosyn: 10, location: -1}
          },
          2 = TargetEntry {resno: 3, resname: 0x0, ressortgroupref: 0, resorigtbl: 0, resorigcol: 0, resjunk: false} = {
            expr = Var {varno: 65001, varattno: 3, vartype: 1700, vartypmod: 983046, varcollid: 0, varlevelsup: 0, varnosyn: 1, varattnosyn: 5, location: -1}
          },
          3 = TargetEntry {resno: 4, resname: 0x0, ressortgroupref: 0, resorigtbl: 0, resorigcol: 0, resjunk: false} = {
            expr = Var {varno: 65001, varattno: 4, vartype: 1700, vartypmod: 983046, varcollid: 0, varlevelsup: 0, varnosyn: 1, varattnosyn: 6, location: -1}
          },
          4 = TargetEntry {resno: 5, resname: 0x0, ressortgroupref: 0, resorigtbl: 0, resorigcol: 0, resjunk: false} = {
            expr = Var {varno: 65001, varattno: 5, vartype: 1700, vartypmod: 983046, varcollid: 0, varlevelsup: 0, varnosyn: 1, varattnosyn: 7, location: -1}
          },
          5 = TargetEntry {resno: 6, resname: 0x0, ressortgroupref: 0, resorigtbl: 0, resorigcol: 0, resjunk: false} = {
            expr = Var {varno: 65001, varattno: 6, vartype: 1700, vartypmod: 983046, varcollid: 0, varlevelsup: 0, varnosyn: 1, varattnosyn: 8, location: -1}
          }
        },
        plan.lefttree = Scan (cost=0.00..12.50 rows=22 width=88 plan_id=4 parallel_aware=False parallel_safe = True) scanrelid: 1 = {
          plan.targetlist = List with 6 elements = {
            0 = TargetEntry {resno: 1, resname: 0x0, ressortgroupref: 1, resorigtbl: 0, resorigcol: 0, resjunk: false} = {
              expr = Var {varno: 1, varattno: 9, vartype: 1042, vartypmod: 5, varcollid: 100, varlevelsup: 0, varnosyn: 1, varattnosyn: 9, location: 9}
            },
            1 = TargetEntry {resno: 2, resname: 0x0, ressortgroupref: 2, resorigtbl: 0, resorigcol: 0, resjunk: false} = {
              expr = Var {varno: 1, varattno: 10, vartype: 1042, vartypmod: 5, varcollid: 100, varlevelsup: 0, varnosyn: 1, varattnosyn: 10, location: 25}
            },
            2 = TargetEntry {resno: 3, resname: 0x0, ressortgroupref: 0, resorigtbl: 0, resorigcol: 0, resjunk: false} = {
              expr = Var {varno: 1, varattno: 5, vartype: 1700, vartypmod: 983046, varcollid: 0, varlevelsup: 0, varnosyn: 1, varattnosyn: 5, location: 45}
            },
            3 = TargetEntry {resno: 4, resname: 0x0, ressortgroupref: 0, resorigtbl: 0, resorigcol: 0, resjunk: false} = {
              expr = Var {varno: 1, varattno: 6, vartype: 1700, vartypmod: 983046, varcollid: 0, varlevelsup: 0, varnosyn: 1, varattnosyn: 6, location: 75}
            },
            4 = TargetEntry {resno: 5, resname: 0x0, ressortgroupref: 0, resorigtbl: 0, resorigcol: 0, resjunk: false} = {
              expr = Var {varno: 1, varattno: 7, vartype: 1700, vartypmod: 983046, varcollid: 0, varlevelsup: 0, varnosyn: 1, varattnosyn: 7, location: 140}
            },
            5 = TargetEntry {resno: 6, resname: 0x0, ressortgroupref: 0, resorigtbl: 0, resorigcol: 0, resjunk: false} = {
              expr = Var {varno: 1, varattno: 8, vartype: 1700, vartypmod: 983046, varcollid: 0, varlevelsup: 0, varnosyn: 1, varattnosyn: 8, location: 220}
            }
          },
          plan.qual = List with 1 elements = {
            0 = OpExpr {opno: 2346, opfuncid: 2339, opresulttype: 16, opretset: false, opcollid: 0, inputcollid: 0, location: 402} = {
              args = List with 2 elements = {
                0 = Var {varno: 1, varattno: 11, vartype: 1082, vartypmod: -1, varcollid: 0, varlevelsup: 0, varnosyn: 1, varattnosyn: 11, location: 391},
                1 = Const {consttype: 1114, consttypmod: -1, constcollid: 0, constlen: 8, constvalue: 18446702083309551616, constisnull: false, constbyval: true, location: -1}
              }
            }
          }
        }
      }
    },
    rnodes = OidList with 3 elements = {16386, 16387, 16388}
  }
}

Breakpoint 1, standard_planner (parse=0x55f2f1816920, query_string=0x55f2f1676670 "select\n  s_acctbal,\n  s_name,\n  n_name,\n  p_partkey,\n  p_mfgr,\n  s_address,\n  s_phone,\n  s_comment\nfrom\n  part,\n  supplier,\n  partsupp,\n  nation,\n  region\nwhere\n  p_partkey = ps_partkey\n  and s_suppke"..., cursorOptions=33024, boundParams=0x0) at /workspaces/AntDB/src/backend/optimizer/plan/planner.c:661
661		top_plan = create_plan(root, best_path);
$4 = Query {commandType: CMD_SELECT, querySource: QSRC_ORIGINAL, queryId: 0, canSetTag: true, resultRelation: 0, hasAggs: false, hasWindowFuncs: false, hasTargetSRFs: false, hasSubLinks: true, hasDistinctOn: false, hasRecursive: false, hasModifyingCTE: false, hasForUpdate: false, hasRowSecurity: false, override: OVERRIDING_NOT_SET, limitOption: LIMIT_OPTION_COUNT, stmt_location: 0, stmt_len: 720, is_local: false, has_to_save_cmd_id: false, in_sub_plan: false, in_explain: false} = {
  rtable = List with 5 elements = {
    0 = RangeTblEntry {rtekind: RTE_RELATION, relname: 'part', relid: 270663, relkind: 114 'r', rellockmode: 1, security_barrier: false, jointype: JOIN_INNER, joinmergedcols: 0, funcordinality: false, ctename: 0x0, ctelevelsup: 0, self_reference: false, enrname: 0x0, enrtuples: 0, param_new: -1, param_old: -1, mt_result: 0x0, defaultCols: 0x0, rows: 0, lateral: false, inh: false, inFromCl: true, requiredPerms: 2, checkAsUser: 0, selectedCols: (b 11 13 15 16), insertedCols: 0x0, updatedCols: 0x0, extraUpdatedCols: 0x0} = {
      eref = Alias aliasname: 'part' = {
        colnames = List with 9 elements = {
          0 = String[ 'p_partkey' ],
          1 = String[ 'p_name' ],
          2 = String[ 'p_mfgr' ],
          3 = String[ 'p_brand' ],
          4 = String[ 'p_type' ],
          5 = String[ 'p_size' ],
          6 = String[ 'p_container' ],
          7 = String[ 'p_retailprice' ],
          8 = String[ 'p_comment' ]
        }
      }
    },
    1 = RangeTblEntry {rtekind: RTE_RELATION, relname: 'supplier', relid: 270666, relkind: 114 'r', rellockmode: 1, security_barrier: false, jointype: JOIN_INNER, joinmergedcols: 0, funcordinality: false, ctename: 0x0, ctelevelsup: 0, self_reference: false, enrname: 0x0, enrtuples: 0, param_new: -1, param_old: -1, mt_result: 0x0, defaultCols: 0x0, rows: 0, lateral: false, inh: false, inFromCl: true, requiredPerms: 2, checkAsUser: 0, selectedCols: (b 11 12 13 14 15 16 17), insertedCols: 0x0, updatedCols: 0x0, extraUpdatedCols: 0x0} = {
      eref = Alias aliasname: 'supplier' = {
        colnames = List with 7 elements = {
          0 = String[ 's_suppkey' ],
          1 = String[ 's_name' ],
          2 = String[ 's_address' ],
          3 = String[ 's_nationkey' ],
          4 = String[ 's_phone' ],
          5 = String[ 's_acctbal' ],
          6 = String[ 's_comment' ]
        }
      }
    },
    2 = RangeTblEntry {rtekind: RTE_RELATION, relname: 'partsupp', relid: 270669, relkind: 114 'r', rellockmode: 1, security_barrier: false, jointype: JOIN_INNER, joinmergedcols: 0, funcordinality: false, ctename: 0x0, ctelevelsup: 0, self_reference: false, enrname: 0x0, enrtuples: 0, param_new: -1, param_old: -1, mt_result: 0x0, defaultCols: 0x0, rows: 0, lateral: false, inh: false, inFromCl: true, requiredPerms: 2, checkAsUser: 0, selectedCols: (b 11 12 14), insertedCols: 0x0, updatedCols: 0x0, extraUpdatedCols: 0x0} = {
      eref = Alias aliasname: 'partsupp' = {
        colnames = List with 5 elements = {
          0 = String[ 'ps_partkey' ],
          1 = String[ 'ps_suppkey' ],
          2 = String[ 'ps_availqty' ],
          3 = String[ 'ps_supplycost' ],
          4 = String[ 'ps_comment' ]
        }
      }
    },
    3 = RangeTblEntry {rtekind: RTE_RELATION, relname: 'nation', relid: 270657, relkind: 114 'r', rellockmode: 1, security_barrier: false, jointype: JOIN_INNER, joinmergedcols: 0, funcordinality: false, ctename: 0x0, ctelevelsup: 0, self_reference: false, enrname: 0x0, enrtuples: 0, param_new: -1, param_old: -1, mt_result: 0x0, defaultCols: 0x0, rows: 0, lateral: false, inh: false, inFromCl: true, requiredPerms: 2, checkAsUser: 0, selectedCols: (b 11 12 13), insertedCols: 0x0, updatedCols: 0x0, extraUpdatedCols: 0x0} = {
      eref = Alias aliasname: 'nation' = {
        colnames = List with 4 elements = {
          0 = String[ 'n_nationkey' ],
          1 = String[ 'n_name' ],
          2 = String[ 'n_regionkey' ],
          3 = String[ 'n_comment' ]
        }
      }
    },
    4 = RangeTblEntry {rtekind: RTE_RELATION, relname: 'region', relid: 270660, relkind: 114 'r', rellockmode: 1, security_barrier: false, jointype: JOIN_INNER, joinmergedcols: 0, funcordinality: false, ctename: 0x0, ctelevelsup: 0, self_reference: false, enrname: 0x0, enrtuples: 0, param_new: -1, param_old: -1, mt_result: 0x0, defaultCols: 0x0, rows: 0, lateral: false, inh: false, inFromCl: true, requiredPerms: 2, checkAsUser: 0, selectedCols: (b 11 12), insertedCols: 0x0, updatedCols: 0x0, extraUpdatedCols: 0x0} = {
      eref = Alias aliasname: 'region' = {
        colnames = List with 3 elements = {
          0 = String[ 'r_regionkey' ],
          1 = String[ 'r_name' ],
          2 = String[ 'r_comment' ]
        }
      }
    }
  },
  jointree = FromExpr  = {
    fromlist = List with 5 elements = {
      0 = RangeTblRef rtindex: 1,
      1 = RangeTblRef rtindex: 2,
      2 = RangeTblRef rtindex: 3,
      3 = RangeTblRef rtindex: 4,
      4 = RangeTblRef rtindex: 5
    },
    quals = List with 8 elements = {
      0 = OpExpr {opno: 96, opfuncid: 65, opresulttype: 16, opretset: false, opcollid: 0, inputcollid: 0, location: 173} = {
        args = List with 2 elements = {
          0 = Var {varno: 1, varattno: 1, vartype: 23, vartypmod: -1, varcollid: 0, varlevelsup: 0, varnosyn: 1, varattnosyn: 1, location: 163},
          1 = Var {varno: 3, varattno: 1, vartype: 23, vartypmod: -1, varcollid: 0, varlevelsup: 0, varnosyn: 3, varattnosyn: 1, location: 175}
        }
      },
      1 = OpExpr {opno: 96, opfuncid: 65, opresulttype: 16, opretset: false, opcollid: 0, inputcollid: 0, location: 202} = {
        args = List with 2 elements = {
          0 = Var {varno: 2, varattno: 1, vartype: 23, vartypmod: -1, varcollid: 0, varlevelsup: 0, varnosyn: 2, varattnosyn: 1, location: 192},
          1 = Var {varno: 3, varattno: 2, vartype: 23, vartypmod: -1, varcollid: 0, varlevelsup: 0, varnosyn: 3, varattnosyn: 2, location: 204}
        }
      },
      2 = OpExpr {opno: 96, opfuncid: 65, opresulttype: 16, opretset: false, opcollid: 0, inputcollid: 0, location: 228} = {
        args = List with 2 elements = {
          0 = Var {varno: 1, varattno: 6, vartype: 23, vartypmod: -1, varcollid: 0, varlevelsup: 0, varnosyn: 1, varattnosyn: 6, location: 221},
          1 = Const {consttype: 23, consttypmod: -1, constcollid: 0, constlen: 4, constvalue: 15, constisnull: false, constbyval: true, location: 230}
        }
      },
      3 = OpExpr {opno: 1209, opfuncid: 850, opresulttype: 16, opretset: false, opcollid: 0, inputcollid: 100, location: 246} = {
        args = List with 2 elements = {
          0 = RelabelType {resulttype: 25, resulttypmod: -1, resultcollid: 100, relabelformat: COERCE_IMPLICIT_CAST, location: -1} = {
            arg = Var {varno: 1, varattno: 5, vartype: 1043, vartypmod: 29, varcollid: 100, varlevelsup: 0, varnosyn: 1, varattnosyn: 5, location: 239}
          },
          1 = Const {consttype: 25, consttypmod: -1, constcollid: 100, constlen: -1, constvalue: 94501922248568, constisnull: false, constbyval: false, location: 251}
        }
      },
      4 = OpExpr {opno: 96, opfuncid: 65, opresulttype: 16, opretset: false, opcollid: 0, inputcollid: 0, location: 278} = {
        args = List with 2 elements = {
          0 = Var {varno: 2, varattno: 4, vartype: 23, vartypmod: -1, varcollid: 0, varlevelsup: 0, varnosyn: 2, varattnosyn: 4, location: 266},
          1 = Var {varno: 4, varattno: 1, vartype: 23, vartypmod: -1, varcollid: 0, varlevelsup: 0, varnosyn: 4, varattnosyn: 1, location: 280}
        }
      },
      5 = OpExpr {opno: 96, opfuncid: 65, opresulttype: 16, opretset: false, opcollid: 0, inputcollid: 0, location: 310} = {
        args = List with 2 elements = {
          0 = Var {varno: 4, varattno: 3, vartype: 23, vartypmod: -1, varcollid: 0, varlevelsup: 0, varnosyn: 4, varattnosyn: 3, location: 298},
          1 = Var {varno: 5, varattno: 1, vartype: 23, vartypmod: -1, varcollid: 0, varlevelsup: 0, varnosyn: 5, varattnosyn: 1, location: 312}
        }
      },
      6 = OpExpr {opno: 1054, opfuncid: 1048, opresulttype: 16, opretset: false, opcollid: 0, inputcollid: 100, location: 337} = {
        args = List with 2 elements = {
          0 = Var {varno: 5, varattno: 2, vartype: 1042, vartypmod: 29, varcollid: 100, varlevelsup: 0, varnosyn: 5, varattnosyn: 2, location: 330},
          1 = Const {consttype: 1042, consttypmod: -1, constcollid: 100, constlen: -1, constvalue: 94501921722168, constisnull: false, constbyval: false, location: 339}
        }
      },
      7 = OpExpr {opno: 1752, opfuncid: 1718, opresulttype: 16, opretset: false, opcollid: 0, inputcollid: 0, location: 368} = {
        args = List with 2 elements = {
          0 = Var {varno: 3, varattno: 4, vartype: 1700, vartypmod: 983046, varcollid: 0, varlevelsup: 0, varnosyn: 3, varattnosyn: 4, location: 354},
          1 = SubPlan {subLinkType: EXPR_SUBLINK, plan_id: 1, plan_name: 'SubPlan 1', firstColType: 1700, firstColTypmod: -1, firstColCollation: 0, useHashTable: false, unknownEqFalse: false, parallel_safe: false, startup_cost: 0, per_call_cost: 636.21249999999998} = {
            parParam = IntList with 1 elements = {0},
            args = List with 1 elements = {
              0 = Var {varno: 1, varattno: 1, vartype: 23, vartypmod: -1, varcollid: 0, varlevelsup: 0, varnosyn: 1, varattnosyn: 1, location: 492}
            }
          }
        }
      }
    }
  },
  targetList = List with 8 elements = {
    0 = TargetEntry {resno: 1, resname: 's_acctbal', ressortgroupref: 1, resorigtbl: 270666, resorigcol: 6, resjunk: false} = {
      expr = Var {varno: 2, varattno: 6, vartype: 1700, vartypmod: 983046, varcollid: 0, varlevelsup: 0, varnosyn: 2, varattnosyn: 6, location: 9}
    },
    1 = TargetEntry {resno: 2, resname: 's_name', ressortgroupref: 3, resorigtbl: 270666, resorigcol: 2, resjunk: false} = {
      expr = Var {varno: 2, varattno: 2, vartype: 1042, vartypmod: 29, varcollid: 100, varlevelsup: 0, varnosyn: 2, varattnosyn: 2, location: 22}
    },
    2 = TargetEntry {resno: 3, resname: 'n_name', ressortgroupref: 2, resorigtbl: 270657, resorigcol: 2, resjunk: false} = {
      expr = Var {varno: 4, varattno: 2, vartype: 1042, vartypmod: 29, varcollid: 100, varlevelsup: 0, varnosyn: 4, varattnosyn: 2, location: 32}
    },
    3 = TargetEntry {resno: 4, resname: 'p_partkey', ressortgroupref: 4, resorigtbl: 270663, resorigcol: 1, resjunk: false} = {
      expr = Var {varno: 1, varattno: 1, vartype: 23, vartypmod: -1, varcollid: 0, varlevelsup: 0, varnosyn: 1, varattnosyn: 1, location: 42}
    },
    4 = TargetEntry {resno: 5, resname: 'p_mfgr', ressortgroupref: 0, resorigtbl: 270663, resorigcol: 3, resjunk: false} = {
      expr = Var {varno: 1, varattno: 3, vartype: 1042, vartypmod: 29, varcollid: 100, varlevelsup: 0, varnosyn: 1, varattnosyn: 3, location: 55}
    },
    5 = TargetEntry {resno: 6, resname: 's_address', ressortgroupref: 0, resorigtbl: 270666, resorigcol: 3, resjunk: false} = {
      expr = Var {varno: 2, varattno: 3, vartype: 1043, vartypmod: 44, varcollid: 100, varlevelsup: 0, varnosyn: 2, varattnosyn: 3, location: 65}
    },
    6 = TargetEntry {resno: 7, resname: 's_phone', ressortgroupref: 0, resorigtbl: 270666, resorigcol: 5, resjunk: false} = {
      expr = Var {varno: 2, varattno: 5, vartype: 1042, vartypmod: 19, varcollid: 100, varlevelsup: 0, varnosyn: 2, varattnosyn: 5, location: 78}
    },
    7 = TargetEntry {resno: 8, resname: 's_comment', ressortgroupref: 0, resorigtbl: 270666, resorigcol: 7, resjunk: false} = {
      expr = Var {varno: 2, varattno: 7, vartype: 1043, vartypmod: 105, varcollid: 100, varlevelsup: 0, varnosyn: 2, varattnosyn: 7, location: 89}
    }
  },
  sortClause = List with 4 elements = {
    0 = SortGroupClause {tleSortGroupRef: 1, eqop: 1752, sortop: 1756, nulls_first: true, hashable: true},
    1 = SortGroupClause {tleSortGroupRef: 2, eqop: 1054, sortop: 1058, nulls_first: false, hashable: true},
    2 = SortGroupClause {tleSortGroupRef: 3, eqop: 1054, sortop: 1058, nulls_first: false, hashable: true},
    3 = SortGroupClause {tleSortGroupRef: 4, eqop: 96, sortop: 97, nulls_first: false, hashable: true}
  },
  limitCount = Const {consttype: 20, consttypmod: -1, constcollid: 0, constlen: 8, constvalue: 100, constisnull: false, constbyval: true, location: -1}
}
$5 = LimitPath T_Limit (cost=1109.42..1109.43 rows=1 parallel_aware=False parallel_safe=False parallel_workers=0) limitOption: LIMIT_OPTION_COUNT = {
  path.parent = (b),
  path.pathtarget = PathTarget {cost: (0.00..0.00), width: 716} = {
    sortgrouprefs = [1, 3, 2, 4, 0, 0, 0, 0],
    exprs = List with 8 elements = {
      0 = Var {varno: 2, varattno: 6, vartype: 1700, vartypmod: 983046, varcollid: 0, varlevelsup: 0, varnosyn: 2, varattnosyn: 6, location: 9},
      1 = Var {varno: 2, varattno: 2, vartype: 1042, vartypmod: 29, varcollid: 100, varlevelsup: 0, varnosyn: 2, varattnosyn: 2, location: 22},
      2 = Var {varno: 4, varattno: 2, vartype: 1042, vartypmod: 29, varcollid: 100, varlevelsup: 0, varnosyn: 4, varattnosyn: 2, location: 32},
      3 = Var {varno: 1, varattno: 1, vartype: 23, vartypmod: -1, varcollid: 0, varlevelsup: 0, varnosyn: 1, varattnosyn: 1, location: 42},
      4 = Var {varno: 1, varattno: 3, vartype: 1042, vartypmod: 29, varcollid: 100, varlevelsup: 0, varnosyn: 1, varattnosyn: 3, location: 55},
      5 = Var {varno: 2, varattno: 3, vartype: 1043, vartypmod: 44, varcollid: 100, varlevelsup: 0, varnosyn: 2, varattnosyn: 3, location: 65},
      6 = Var {varno: 2, varattno: 5, vartype: 1042, vartypmod: 19, varcollid: 100, varlevelsup: 0, varnosyn: 2, varattnosyn: 5, location: 78},
      7 = Var {varno: 2, varattno: 7, vartype: 1043, vartypmod: 105, varcollid: 100, varlevelsup: 0, varnosyn: 2, varattnosyn: 7, location: 89}
    },
    as_loc_list = IntList with 8 elements = {-1, -1, -1, -1, -1, -1, -1, -1},
    expr_loc_list = IntList with 8 elements = {9, 22, 32, 42, 55, 65, 78, 89},
    expr_len_list = IntList with 8 elements = {-1, -1, -1, -1, -1, -1, -1, -1},
    expr_type_list = IntList with 8 elements = {398, 398, 398, 398, 398, 398, 398, 398}
  },
  path.pathkeys = List with 4 elements = {
    0 = PathKey {pk_opfamily: 1988, pk_strategy: 5, pk_nulls_first: true} = {
      pk_eclass = EquivalenceClass {ec_collation: 0, ec_relids: (b 2), ec_has_const: false, ec_has_volatile: false, ec_broken: false, ec_sortref: 1, ec_min_security: 4294967295, ec_max_security: 0} = {
        ec_opfamilies = OidList with 1 elements = {1988},
        ec_members = List with 1 elements = {
          0 = EquivalenceMember {em_relids: (b 2), em_is_const: false, em_is_child: false, em_datatype: 1700} = {
            em_expr = Var {varno: 2, varattno: 6, vartype: 1700, vartypmod: 983046, varcollid: 0, varlevelsup: 0, varnosyn: 2, varattnosyn: 6, location: 9}
          }
        }
      }
    },
    1 = PathKey {pk_opfamily: 426, pk_strategy: 1, pk_nulls_first: false} = {
      pk_eclass = EquivalenceClass {ec_collation: 100, ec_relids: (b 4), ec_has_const: false, ec_has_volatile: false, ec_broken: false, ec_sortref: 2, ec_min_security: 4294967295, ec_max_security: 0} = {
        ec_opfamilies = OidList with 2 elements = {426, 2097},
        ec_members = List with 1 elements = {
          0 = EquivalenceMember {em_relids: (b 4), em_is_const: false, em_is_child: false, em_datatype: 1042} = {
            em_expr = Var {varno: 4, varattno: 2, vartype: 1042, vartypmod: 29, varcollid: 100, varlevelsup: 0, varnosyn: 4, varattnosyn: 2, location: 32}
          }
        }
      }
    },
    2 = PathKey {pk_opfamily: 426, pk_strategy: 1, pk_nulls_first: false} = {
      pk_eclass = EquivalenceClass {ec_collation: 100, ec_relids: (b 2), ec_has_const: false, ec_has_volatile: false, ec_broken: false, ec_sortref: 3, ec_min_security: 4294967295, ec_max_security: 0} = {
        ec_opfamilies = OidList with 2 elements = {426, 2097},
        ec_members = List with 1 elements = {
          0 = EquivalenceMember {em_relids: (b 2), em_is_const: false, em_is_child: false, em_datatype: 1042} = {
            em_expr = Var {varno: 2, varattno: 2, vartype: 1042, vartypmod: 29, varcollid: 100, varlevelsup: 0, varnosyn: 2, varattnosyn: 2, location: 22}
          }
        }
      }
    },
    3 = PathKey {pk_opfamily: 1976, pk_strategy: 1, pk_nulls_first: false} = {
      pk_eclass = EquivalenceClass {ec_collation: 0, ec_relids: (b 1 3), ec_has_const: false, ec_has_volatile: false, ec_broken: false, ec_sortref: 0, ec_min_security: 0, ec_max_security: 0} = {
        ec_opfamilies = OidList with 1 elements = {1976},
        ec_members = List with 2 elements = {
          0 = EquivalenceMember {em_relids: (b 1), em_is_const: false, em_is_child: false, em_datatype: 23} = {
            em_expr = Var {varno: 1, varattno: 1, vartype: 23, vartypmod: -1, varcollid: 0, varlevelsup: 0, varnosyn: 1, varattnosyn: 1, location: 163}
          },
          1 = EquivalenceMember {em_relids: (b 3), em_is_const: false, em_is_child: false, em_datatype: 23} = {
            em_expr = Var {varno: 3, varattno: 1, vartype: 23, vartypmod: -1, varcollid: 0, varlevelsup: 0, varnosyn: 3, varattnosyn: 1, location: 175}
          }
        },
        ec_sources = List with 1 elements = {
          0 = RestrictInfo {is_pushed_down: true, outerjoin_delayed: false, can_join: true, pseudoconstant: false, leakproof: false, security_level: 0, clause_relids: (b 1 3), required_relids: (b 1 3), outer_relids: (b), nullable_relids: (b), left_relids: (b 1), right_relids: (b 3), eval_cost: (-1.00..0.00), norm_selec: -1.0000, outer_selec: -1.0000, outer_is_left: false, hashjoinoperator: 0, left_bucketsize: -1.0000, right_bucketsize: -1.0000, left_mcvfreq: -1.0000, right_mcvfreq: -1.0000} = {
            clause = OpExpr {opno: 96, opfuncid: 65, opresulttype: 16, opretset: false, opcollid: 0, inputcollid: 0, location: 173} = {
              args = List with 2 elements = {
                0 = Var {varno: 1, varattno: 1, vartype: 23, vartypmod: -1, varcollid: 0, varlevelsup: 0, varnosyn: 1, varattnosyn: 1, location: 163},
                1 = Var {varno: 3, varattno: 1, vartype: 23, vartypmod: -1, varcollid: 0, varlevelsup: 0, varnosyn: 3, varattnosyn: 1, location: 175}
              }
            },
            mergeopfamilies = OidList with 1 elements = {1976},
            left_em = EquivalenceMember {em_relids: (b 1), em_is_const: false, em_is_child: false, em_datatype: 23} = {
              em_expr = Var {varno: 1, varattno: 1, vartype: 23, vartypmod: -1, varcollid: 0, varlevelsup: 0, varnosyn: 1, varattnosyn: 1, location: 163}
            },
            right_em = EquivalenceMember {em_relids: (b 3), em_is_const: false, em_is_child: false, em_datatype: 23} = {
              em_expr = Var {varno: 3, varattno: 1, vartype: 23, vartypmod: -1, varcollid: 0, varlevelsup: 0, varnosyn: 3, varattnosyn: 1, location: 175}
            }
          }
        },
        ec_derives = List with 2 elements = {
          0 = RestrictInfo {is_pushed_down: true, outerjoin_delayed: false, can_join: true, pseudoconstant: false, leakproof: false, security_level: 0, clause_relids: (b 1 3), required_relids: (b 1 3), outer_relids: (b), nullable_relids: (b), left_relids: (b 1), right_relids: (b 3), eval_cost: (0.00..0.00), norm_selec: 0.0059, outer_selec: -1.0000, outer_is_left: false, hashjoinoperator: 96, left_bucketsize: 1.0000, right_bucketsize: 0.0175, left_mcvfreq: 0.0000, right_mcvfreq: 0.0000} = {
            clause = OpExpr {opno: 96, opfuncid: 65, opresulttype: 16, opretset: false, opcollid: 0, inputcollid: 0, location: -1} = {
              args = List with 2 elements = {
                0 = Var {varno: 1, varattno: 1, vartype: 23, vartypmod: -1, varcollid: 0, varlevelsup: 0, varnosyn: 1, varattnosyn: 1, location: 163},
                1 = Var {varno: 3, varattno: 1, vartype: 23, vartypmod: -1, varcollid: 0, varlevelsup: 0, varnosyn: 3, varattnosyn: 1, location: 175}
              }
            },
            mergeopfamilies = OidList with 1 elements = {1976},
            left_em = EquivalenceMember {em_relids: (b 1), em_is_const: false, em_is_child: false, em_datatype: 23} = {
              em_expr = Var {varno: 1, varattno: 1, vartype: 23, vartypmod: -1, varcollid: 0, varlevelsup: 0, varnosyn: 1, varattnosyn: 1, location: 163}
            },
            right_em = EquivalenceMember {em_relids: (b 3), em_is_const: false, em_is_child: false, em_datatype: 23} = {
              em_expr = Var {varno: 3, varattno: 1, vartype: 23, vartypmod: -1, varcollid: 0, varlevelsup: 0, varnosyn: 3, varattnosyn: 1, location: 175}
            }
          },
          1 = RestrictInfo {is_pushed_down: true, outerjoin_delayed: false, can_join: true, pseudoconstant: false, leakproof: false, security_level: 0, clause_relids: (b 1 3), required_relids: (b 1 3), outer_relids: (b), nullable_relids: (b), left_relids: (b 3), right_relids: (b 1), eval_cost: (0.00..0.00), norm_selec: 0.0059, outer_selec: -1.0000, outer_is_left: false, hashjoinoperator: 96, left_bucketsize: 0.0175, right_bucketsize: 1.0000, left_mcvfreq: 0.0000, right_mcvfreq: 0.0000} = {
            clause = OpExpr {opno: 96, opfuncid: 65, opresulttype: 16, opretset: false, opcollid: 0, inputcollid: 0, location: -1} = {
              args = List with 2 elements = {
                0 = Var {varno: 3, varattno: 1, vartype: 23, vartypmod: -1, varcollid: 0, varlevelsup: 0, varnosyn: 3, varattnosyn: 1, location: 175},
                1 = Var {varno: 1, varattno: 1, vartype: 23, vartypmod: -1, varcollid: 0, varlevelsup: 0, varnosyn: 1, varattnosyn: 1, location: 163}
              }
            },
            mergeopfamilies = OidList with 1 elements = {1976},
            left_em = EquivalenceMember {em_relids: (b 3), em_is_const: false, em_is_child: false, em_datatype: 23} = {
              em_expr = Var {varno: 3, varattno: 1, vartype: 23, vartypmod: -1, varcollid: 0, varlevelsup: 0, varnosyn: 3, varattnosyn: 1, location: 175}
            },
            right_em = EquivalenceMember {em_relids: (b 1), em_is_const: false, em_is_child: false, em_datatype: 23} = {
              em_expr = Var {varno: 1, varattno: 1, vartype: 23, vartypmod: -1, varcollid: 0, varlevelsup: 0, varnosyn: 1, varattnosyn: 1, location: 163}
            }
          }
        }
      }
    }
  },
  subpath = SortPath T_Sort (cost=1109.42..1109.43 rows=1 parallel_aware=False parallel_safe=False parallel_workers=0)  = {
    path.parent = (b),
    path.pathtarget = PathTarget {cost: (0.00..0.00), width: 716} = {
      sortgrouprefs = [1, 3, 2, 4, 0, 0, 0, 0],
      exprs = List with 8 elements = {
        0 = Var {varno: 2, varattno: 6, vartype: 1700, vartypmod: 983046, varcollid: 0, varlevelsup: 0, varnosyn: 2, varattnosyn: 6, location: 9},
        1 = Var {varno: 2, varattno: 2, vartype: 1042, vartypmod: 29, varcollid: 100, varlevelsup: 0, varnosyn: 2, varattnosyn: 2, location: 22},
        2 = Var {varno: 4, varattno: 2, vartype: 1042, vartypmod: 29, varcollid: 100, varlevelsup: 0, varnosyn: 4, varattnosyn: 2, location: 32},
        3 = Var {varno: 1, varattno: 1, vartype: 23, vartypmod: -1, varcollid: 0, varlevelsup: 0, varnosyn: 1, varattnosyn: 1, location: 42},
        4 = Var {varno: 1, varattno: 3, vartype: 1042, vartypmod: 29, varcollid: 100, varlevelsup: 0, varnosyn: 1, varattnosyn: 3, location: 55},
        5 = Var {varno: 2, varattno: 3, vartype: 1043, vartypmod: 44, varcollid: 100, varlevelsup: 0, varnosyn: 2, varattnosyn: 3, location: 65},
        6 = Var {varno: 2, varattno: 5, vartype: 1042, vartypmod: 19, varcollid: 100, varlevelsup: 0, varnosyn: 2, varattnosyn: 5, location: 78},
        7 = Var {varno: 2, varattno: 7, vartype: 1043, vartypmod: 105, varcollid: 100, varlevelsup: 0, varnosyn: 2, varattnosyn: 7, location: 89}
      },
      as_loc_list = IntList with 8 elements = {-1, -1, -1, -1, -1, -1, -1, -1},
      expr_loc_list = IntList with 8 elements = {9, 22, 32, 42, 55, 65, 78, 89},
      expr_len_list = IntList with 8 elements = {-1, -1, -1, -1, -1, -1, -1, -1},
      expr_type_list = IntList with 8 elements = {398, 398, 398, 398, 398, 398, 398, 398}
    },
    path.pathkeys = List with 4 elements = {
      0 = PathKey {pk_opfamily: 1988, pk_strategy: 5, pk_nulls_first: true} = {
        pk_eclass = EquivalenceClass {ec_collation: 0, ec_relids: (b 2), ec_has_const: false, ec_has_volatile: false, ec_broken: false, ec_sortref: 1, ec_min_security: 4294967295, ec_max_security: 0} = {
          ec_opfamilies = OidList with 1 elements = {1988},
          ec_members = List with 1 elements = {
            0 = EquivalenceMember {em_relids: (b 2), em_is_const: false, em_is_child: false, em_datatype: 1700} = {
              em_expr = Var {varno: 2, varattno: 6, vartype: 1700, vartypmod: 983046, varcollid: 0, varlevelsup: 0, varnosyn: 2, varattnosyn: 6, location: 9}
            }
          }
        }
      },
      1 = PathKey {pk_opfamily: 426, pk_strategy: 1, pk_nulls_first: false} = {
        pk_eclass = EquivalenceClass {ec_collation: 100, ec_relids: (b 4), ec_has_const: false, ec_has_volatile: false, ec_broken: false, ec_sortref: 2, ec_min_security: 4294967295, ec_max_security: 0} = {
          ec_opfamilies = OidList with 2 elements = {426, 2097},
          ec_members = List with 1 elements = {
            0 = EquivalenceMember {em_relids: (b 4), em_is_const: false, em_is_child: false, em_datatype: 1042} = {
              em_expr = Var {varno: 4, varattno: 2, vartype: 1042, vartypmod: 29, varcollid: 100, varlevelsup: 0, varnosyn: 4, varattnosyn: 2, location: 32}
            }
          }
        }
      },
      2 = PathKey {pk_opfamily: 426, pk_strategy: 1, pk_nulls_first: false} = {
        pk_eclass = EquivalenceClass {ec_collation: 100, ec_relids: (b 2), ec_has_const: false, ec_has_volatile: false, ec_broken: false, ec_sortref: 3, ec_min_security: 4294967295, ec_max_security: 0} = {
          ec_opfamilies = OidList with 2 elements = {426, 2097},
          ec_members = List with 1 elements = {
            0 = EquivalenceMember {em_relids: (b 2), em_is_const: false, em_is_child: false, em_datatype: 1042} = {
              em_expr = Var {varno: 2, varattno: 2, vartype: 1042, vartypmod: 29, varcollid: 100, varlevelsup: 0, varnosyn: 2, varattnosyn: 2, location: 22}
            }
          }
        }
      },
      3 = PathKey {pk_opfamily: 1976, pk_strategy: 1, pk_nulls_first: false} = {
        pk_eclass = EquivalenceClass {ec_collation: 0, ec_relids: (b 1 3), ec_has_const: false, ec_has_volatile: false, ec_broken: false, ec_sortref: 0, ec_min_security: 0, ec_max_security: 0} = {
          ec_opfamilies = OidList with 1 elements = {1976},
          ec_members = List with 2 elements = {
            0 = EquivalenceMember {em_relids: (b 1), em_is_const: false, em_is_child: false, em_datatype: 23} = {
              em_expr = Var {varno: 1, varattno: 1, vartype: 23, vartypmod: -1, varcollid: 0, varlevelsup: 0, varnosyn: 1, varattnosyn: 1, location: 163}
            },
            1 = EquivalenceMember {em_relids: (b 3), em_is_const: false, em_is_child: false, em_datatype: 23} = {
              em_expr = Var {varno: 3, varattno: 1, vartype: 23, vartypmod: -1, varcollid: 0, varlevelsup: 0, varnosyn: 3, varattnosyn: 1, location: 175}
            }
          },
          ec_sources = List with 1 elements = {
            0 = RestrictInfo {is_pushed_down: true, outerjoin_delayed: false, can_join: true, pseudoconstant: false, leakproof: false, security_level: 0, clause_relids: (b 1 3), required_relids: (b 1 3), outer_relids: (b), nullable_relids: (b), left_relids: (b 1), right_relids: (b 3), eval_cost: (-1.00..0.00), norm_selec: -1.0000, outer_selec: -1.0000, outer_is_left: false, hashjoinoperator: 0, left_bucketsize: -1.0000, right_bucketsize: -1.0000, left_mcvfreq: -1.0000, right_mcvfreq: -1.0000} = {
              clause = OpExpr {opno: 96, opfuncid: 65, opresulttype: 16, opretset: false, opcollid: 0, inputcollid: 0, location: 173} = {
                args = List with 2 elements = {
                  0 = Var {varno: 1, varattno: 1, vartype: 23, vartypmod: -1, varcollid: 0, varlevelsup: 0, varnosyn: 1, varattnosyn: 1, location: 163},
                  1 = Var {varno: 3, varattno: 1, vartype: 23, vartypmod: -1, varcollid: 0, varlevelsup: 0, varnosyn: 3, varattnosyn: 1, location: 175}
                }
              },
              mergeopfamilies = OidList with 1 elements = {1976},
              left_em = EquivalenceMember {em_relids: (b 1), em_is_const: false, em_is_child: false, em_datatype: 23} = {
                em_expr = Var {varno: 1, varattno: 1, vartype: 23, vartypmod: -1, varcollid: 0, varlevelsup: 0, varnosyn: 1, varattnosyn: 1, location: 163}
              },
              right_em = EquivalenceMember {em_relids: (b 3), em_is_const: false, em_is_child: false, em_datatype: 23} = {
                em_expr = Var {varno: 3, varattno: 1, vartype: 23, vartypmod: -1, varcollid: 0, varlevelsup: 0, varnosyn: 3, varattnosyn: 1, location: 175}
              }
            }
          },
          ec_derives = List with 2 elements = {
            0 = RestrictInfo {is_pushed_down: true, outerjoin_delayed: false, can_join: true, pseudoconstant: false, leakproof: false, security_level: 0, clause_relids: (b 1 3), required_relids: (b 1 3), outer_relids: (b), nullable_relids: (b), left_relids: (b 1), right_relids: (b 3), eval_cost: (0.00..0.00), norm_selec: 0.0059, outer_selec: -1.0000, outer_is_left: false, hashjoinoperator: 96, left_bucketsize: 1.0000, right_bucketsize: 0.0175, left_mcvfreq: 0.0000, right_mcvfreq: 0.0000} = {
              clause = OpExpr {opno: 96, opfuncid: 65, opresulttype: 16, opretset: false, opcollid: 0, inputcollid: 0, location: -1} = {
                args = List with 2 elements = {
                  0 = Var {varno: 1, varattno: 1, vartype: 23, vartypmod: -1, varcollid: 0, varlevelsup: 0, varnosyn: 1, varattnosyn: 1, location: 163},
                  1 = Var {varno: 3, varattno: 1, vartype: 23, vartypmod: -1, varcollid: 0, varlevelsup: 0, varnosyn: 3, varattnosyn: 1, location: 175}
                }
              },
              mergeopfamilies = OidList with 1 elements = {1976},
              left_em = EquivalenceMember {em_relids: (b 1), em_is_const: false, em_is_child: false, em_datatype: 23} = {
                em_expr = Var {varno: 1, varattno: 1, vartype: 23, vartypmod: -1, varcollid: 0, varlevelsup: 0, varnosyn: 1, varattnosyn: 1, location: 163}
              },
              right_em = EquivalenceMember {em_relids: (b 3), em_is_const: false, em_is_child: false, em_datatype: 23} = {
                em_expr = Var {varno: 3, varattno: 1, vartype: 23, vartypmod: -1, varcollid: 0, varlevelsup: 0, varnosyn: 3, varattnosyn: 1, location: 175}
              }
            },
            1 = RestrictInfo {is_pushed_down: true, outerjoin_delayed: false, can_join: true, pseudoconstant: false, leakproof: false, security_level: 0, clause_relids: (b 1 3), required_relids: (b 1 3), outer_relids: (b), nullable_relids: (b), left_relids: (b 3), right_relids: (b 1), eval_cost: (0.00..0.00), norm_selec: 0.0059, outer_selec: -1.0000, outer_is_left: false, hashjoinoperator: 96, left_bucketsize: 0.0175, right_bucketsize: 1.0000, left_mcvfreq: 0.0000, right_mcvfreq: 0.0000} = {
              clause = OpExpr {opno: 96, opfuncid: 65, opresulttype: 16, opretset: false, opcollid: 0, inputcollid: 0, location: -1} = {
                args = List with 2 elements = {
                  0 = Var {varno: 3, varattno: 1, vartype: 23, vartypmod: -1, varcollid: 0, varlevelsup: 0, varnosyn: 3, varattnosyn: 1, location: 175},
                  1 = Var {varno: 1, varattno: 1, vartype: 23, vartypmod: -1, varcollid: 0, varlevelsup: 0, varnosyn: 1, varattnosyn: 1, location: 163}
                }
              },
              mergeopfamilies = OidList with 1 elements = {1976},
              left_em = EquivalenceMember {em_relids: (b 3), em_is_const: false, em_is_child: false, em_datatype: 23} = {
                em_expr = Var {varno: 3, varattno: 1, vartype: 23, vartypmod: -1, varcollid: 0, varlevelsup: 0, varnosyn: 3, varattnosyn: 1, location: 175}
              },
              right_em = EquivalenceMember {em_relids: (b 1), em_is_const: false, em_is_child: false, em_datatype: 23} = {
                em_expr = Var {varno: 1, varattno: 1, vartype: 23, vartypmod: -1, varcollid: 0, varlevelsup: 0, varnosyn: 1, varattnosyn: 1, location: 163}
              }
            }
          }
        }
      }
    },
    subpath = ProjectionPath T_Result (cost=154.81..1109.41 rows=1 parallel_aware=False parallel_safe=False parallel_workers=0) dummypp: true = {
      path.parent = (b 1 2 3 4 5),
      path.pathtarget = PathTarget {cost: (0.00..0.00), width: 716} = {
        sortgrouprefs = [1, 3, 2, 4, 0, 0, 0, 0],
        exprs = List with 8 elements = {
          0 = Var {varno: 2, varattno: 6, vartype: 1700, vartypmod: 983046, varcollid: 0, varlevelsup: 0, varnosyn: 2, varattnosyn: 6, location: 9},
          1 = Var {varno: 2, varattno: 2, vartype: 1042, vartypmod: 29, varcollid: 100, varlevelsup: 0, varnosyn: 2, varattnosyn: 2, location: 22},
          2 = Var {varno: 4, varattno: 2, vartype: 1042, vartypmod: 29, varcollid: 100, varlevelsup: 0, varnosyn: 4, varattnosyn: 2, location: 32},
          3 = Var {varno: 1, varattno: 1, vartype: 23, vartypmod: -1, varcollid: 0, varlevelsup: 0, varnosyn: 1, varattnosyn: 1, location: 42},
          4 = Var {varno: 1, varattno: 3, vartype: 1042, vartypmod: 29, varcollid: 100, varlevelsup: 0, varnosyn: 1, varattnosyn: 3, location: 55},
          5 = Var {varno: 2, varattno: 3, vartype: 1043, vartypmod: 44, varcollid: 100, varlevelsup: 0, varnosyn: 2, varattnosyn: 3, location: 65},
          6 = Var {varno: 2, varattno: 5, vartype: 1042, vartypmod: 19, varcollid: 100, varlevelsup: 0, varnosyn: 2, varattnosyn: 5, location: 78},
          7 = Var {varno: 2, varattno: 7, vartype: 1043, vartypmod: 105, varcollid: 100, varlevelsup: 0, varnosyn: 2, varattnosyn: 7, location: 89}
        },
        as_loc_list = IntList with 8 elements = {-1, -1, -1, -1, -1, -1, -1, -1},
        expr_loc_list = IntList with 8 elements = {9, 22, 32, 42, 55, 65, 78, 89},
        expr_len_list = IntList with 8 elements = {-1, -1, -1, -1, -1, -1, -1, -1},
        expr_type_list = IntList with 8 elements = {398, 398, 398, 398, 398, 398, 398, 398}
      },
      subpath = HashPath T_HashJoin (cost=154.81..1109.41 rows=1 parallel_aware=False parallel_safe=False parallel_workers=0) {num_batches: 1, inner_rows_total: 1} = {
        jpath.path.parent = (b 1 2 3 4 5),
        jpath.path.pathtarget = PathTarget {cost: (0.00..0.00), width: 716} = {
          exprs = List with 8 elements = {
            0 = Var {varno: 1, varattno: 1, vartype: 23, vartypmod: -1, varcollid: 0, varlevelsup: 0, varnosyn: 1, varattnosyn: 1, location: 42},
            1 = Var {varno: 1, varattno: 3, vartype: 1042, vartypmod: 29, varcollid: 100, varlevelsup: 0, varnosyn: 1, varattnosyn: 3, location: 55},
            2 = Var {varno: 2, varattno: 6, vartype: 1700, vartypmod: 983046, varcollid: 0, varlevelsup: 0, varnosyn: 2, varattnosyn: 6, location: 9},
            3 = Var {varno: 2, varattno: 2, vartype: 1042, vartypmod: 29, varcollid: 100, varlevelsup: 0, varnosyn: 2, varattnosyn: 2, location: 22},
            4 = Var {varno: 2, varattno: 3, vartype: 1043, vartypmod: 44, varcollid: 100, varlevelsup: 0, varnosyn: 2, varattnosyn: 3, location: 65},
            5 = Var {varno: 2, varattno: 5, vartype: 1042, vartypmod: 19, varcollid: 100, varlevelsup: 0, varnosyn: 2, varattnosyn: 5, location: 78},
            6 = Var {varno: 2, varattno: 7, vartype: 1043, vartypmod: 105, varcollid: 100, varlevelsup: 0, varnosyn: 2, varattnosyn: 7, location: 89},
            7 = Var {varno: 4, varattno: 2, vartype: 1042, vartypmod: 29, varcollid: 100, varlevelsup: 0, varnosyn: 4, varattnosyn: 2, location: 32}
          }
        },
        jpath.outerjoinpath = JoinPath T_NestLoop (cost=0.00..636.47 rows=1 parallel_aware=False parallel_safe=False parallel_workers=0) {jointype: JOIN_INNER, inner_unique: false} = {
          path.parent = (b 2 3 4 5),
          path.pathtarget = PathTarget {cost: (0.00..0.00), width: 630} = {
            exprs = List with 8 elements = {
              0 = Var {varno: 2, varattno: 6, vartype: 1700, vartypmod: 983046, varcollid: 0, varlevelsup: 0, varnosyn: 2, varattnosyn: 6, location: 9},
              1 = Var {varno: 2, varattno: 2, vartype: 1042, vartypmod: 29, varcollid: 100, varlevelsup: 0, varnosyn: 2, varattnosyn: 2, location: 22},
              2 = Var {varno: 2, varattno: 3, vartype: 1043, vartypmod: 44, varcollid: 100, varlevelsup: 0, varnosyn: 2, varattnosyn: 3, location: 65},
              3 = Var {varno: 2, varattno: 5, vartype: 1042, vartypmod: 19, varcollid: 100, varlevelsup: 0, varnosyn: 2, varattnosyn: 5, location: 78},
              4 = Var {varno: 2, varattno: 7, vartype: 1043, vartypmod: 105, varcollid: 100, varlevelsup: 0, varnosyn: 2, varattnosyn: 7, location: 89},
              5 = Var {varno: 3, varattno: 1, vartype: 23, vartypmod: -1, varcollid: 0, varlevelsup: 0, varnosyn: 3, varattnosyn: 1, location: 175},
              6 = Var {varno: 3, varattno: 4, vartype: 1700, vartypmod: 983046, varcollid: 0, varlevelsup: 0, varnosyn: 3, varattnosyn: 4, location: 354},
              7 = Var {varno: 4, varattno: 2, vartype: 1042, vartypmod: 29, varcollid: 100, varlevelsup: 0, varnosyn: 4, varattnosyn: 2, location: 32}
            }
          },
          outerjoinpath = JoinPath T_NestLoop (cost=0.00..472.76 rows=1 parallel_aware=False parallel_safe=False parallel_workers=0) {jointype: JOIN_INNER, inner_unique: false} = {
            path.parent = (b 2 4 5),
            path.pathtarget = PathTarget {cost: (0.00..0.00), width: 612} = {
              exprs = List with 7 elements = {
                0 = Var {varno: 2, varattno: 6, vartype: 1700, vartypmod: 983046, varcollid: 0, varlevelsup: 0, varnosyn: 2, varattnosyn: 6, location: 9},
                1 = Var {varno: 2, varattno: 2, vartype: 1042, vartypmod: 29, varcollid: 100, varlevelsup: 0, varnosyn: 2, varattnosyn: 2, location: 22},
                2 = Var {varno: 2, varattno: 3, vartype: 1043, vartypmod: 44, varcollid: 100, varlevelsup: 0, varnosyn: 2, varattnosyn: 3, location: 65},
                3 = Var {varno: 2, varattno: 5, vartype: 1042, vartypmod: 19, varcollid: 100, varlevelsup: 0, varnosyn: 2, varattnosyn: 5, location: 78},
                4 = Var {varno: 2, varattno: 7, vartype: 1043, vartypmod: 105, varcollid: 100, varlevelsup: 0, varnosyn: 2, varattnosyn: 7, location: 89},
                5 = Var {varno: 2, varattno: 1, vartype: 23, vartypmod: -1, varcollid: 0, varlevelsup: 0, varnosyn: 2, varattnosyn: 1, location: 192},
                6 = Var {varno: 4, varattno: 2, vartype: 1042, vartypmod: 29, varcollid: 100, varlevelsup: 0, varnosyn: 4, varattnosyn: 2, location: 32}
              }
            },
            outerjoinpath = JoinPath T_NestLoop (cost=0.00..327.14 rows=1 parallel_aware=False parallel_safe=False parallel_workers=0) {jointype: JOIN_INNER, inner_unique: false} = {
              path.parent = (b 4 5),
              path.pathtarget = PathTarget {cost: (0.00..0.00), width: 108} = {
                exprs = List with 2 elements = {
                  0 = Var {varno: 4, varattno: 2, vartype: 1042, vartypmod: 29, varcollid: 100, varlevelsup: 0, varnosyn: 4, varattnosyn: 2, location: 32},
                  1 = Var {varno: 4, varattno: 1, vartype: 23, vartypmod: -1, varcollid: 0, varlevelsup: 0, varnosyn: 4, varattnosyn: 1, location: 280}
                }
              },
              outerjoinpath = RemoteQueryPath T_RemoteQuery (cost=0.00..163.42 rows=1 parallel_aware=False parallel_safe=False parallel_workers=0) {jointype: JOIN_INNER, rqhas_unshippable_qual: false, rqhas_temp_rel: false, rqhas_unshippable_tlist: false} = {
                path.parent = (b 5),
                path.pathtarget = PathTarget {cost: (0.00..0.00), width: 4} = {
                  exprs = List with 1 elements = {
                    0 = Var {varno: 5, varattno: 1, vartype: 23, vartypmod: -1, varcollid: 0, varlevelsup: 0, varnosyn: 5, varattnosyn: 1, location: 312}
                  }
                },
                rqpath_en = ExecNodes {accesstype: RELATION_ACCESS_READ, baselocatortype: 72 'H', en_relid: 0, en_funcid: 0} = {
                  en_dist_vars = List with 1 elements = {
                    0 = Var {varno: 5, varattno: 1, vartype: 23, vartypmod: -1, varcollid: 0, varlevelsup: 0, varnosyn: 5, varattnosyn: 1, location: 312}
                  },
                  nodeids = OidList with 3 elements = {16386, 16387, 16388}
                }
              },
              innerjoinpath = RemoteQueryPath T_RemoteQuery (cost=0.00..163.00 rows=57 parallel_aware=False parallel_safe=False parallel_workers=0) {jointype: JOIN_INNER, rqhas_unshippable_qual: false, rqhas_temp_rel: false, rqhas_unshippable_tlist: false} = {
                path.parent = (b 4),
                path.pathtarget = PathTarget {cost: (0.00..0.00), width: 112} = {
                  exprs = List with 3 elements = {
                    0 = Var {varno: 4, varattno: 2, vartype: 1042, vartypmod: 29, varcollid: 100, varlevelsup: 0, varnosyn: 4, varattnosyn: 2, location: 32},
                    1 = Var {varno: 4, varattno: 1, vartype: 23, vartypmod: -1, varcollid: 0, varlevelsup: 0, varnosyn: 4, varattnosyn: 1, location: 280},
                    2 = Var {varno: 4, varattno: 3, vartype: 23, vartypmod: -1, varcollid: 0, varlevelsup: 0, varnosyn: 4, varattnosyn: 3, location: 298}
                  }
                },
                rqpath_en = ExecNodes {accesstype: RELATION_ACCESS_READ, baselocatortype: 72 'H', en_relid: 0, en_funcid: 0} = {
                  en_dist_vars = List with 1 elements = {
                    0 = Var {varno: 4, varattno: 1, vartype: 23, vartypmod: -1, varcollid: 0, varlevelsup: 0, varnosyn: 4, varattnosyn: 1, location: 280}
                  },
                  nodeids = OidList with 3 elements = {16386, 16387, 16388}
                }
              },
              joinrestrictinfo = List with 1 elements = {
                0 = RestrictInfo {is_pushed_down: true, outerjoin_delayed: false, can_join: true, pseudoconstant: false, leakproof: false, security_level: 0, clause_relids: (b 4 5), required_relids: (b 4 5), outer_relids: (b), nullable_relids: (b), left_relids: (b 4), right_relids: (b 5), eval_cost: (0.00..0.00), norm_selec: 0.0059, outer_selec: -1.0000, outer_is_left: false, hashjoinoperator: 96, left_bucketsize: 0.0175, right_bucketsize: 1.0000, left_mcvfreq: 0.0000, right_mcvfreq: 0.0000} = {
                  clause = OpExpr {opno: 96, opfuncid: 65, opresulttype: 16, opretset: false, opcollid: 0, inputcollid: 0, location: -1} = {
                    args = List with 2 elements = {
                      0 = Var {varno: 4, varattno: 3, vartype: 23, vartypmod: -1, varcollid: 0, varlevelsup: 0, varnosyn: 4, varattnosyn: 3, location: 298},
                      1 = Var {varno: 5, varattno: 1, vartype: 23, vartypmod: -1, varcollid: 0, varlevelsup: 0, varnosyn: 5, varattnosyn: 1, location: 312}
                    }
                  },
                  mergeopfamilies = OidList with 1 elements = {1976},
                  left_em = EquivalenceMember {em_relids: (b 4), em_is_const: false, em_is_child: false, em_datatype: 23} = {
                    em_expr = Var {varno: 4, varattno: 3, vartype: 23, vartypmod: -1, varcollid: 0, varlevelsup: 0, varnosyn: 4, varattnosyn: 3, location: 298}
                  },
                  right_em = EquivalenceMember {em_relids: (b 5), em_is_const: false, em_is_child: false, em_datatype: 23} = {
                    em_expr = Var {varno: 5, varattno: 1, vartype: 23, vartypmod: -1, varcollid: 0, varlevelsup: 0, varnosyn: 5, varattnosyn: 1, location: 312}
                  }
                }
              }
            },
            innerjoinpath = RemoteQueryPath T_RemoteQuery (cost=0.00..145.00 rows=50 parallel_aware=False parallel_safe=False parallel_workers=0) {jointype: JOIN_INNER, rqhas_unshippable_qual: false, rqhas_temp_rel: false, rqhas_unshippable_tlist: false} = {
              path.parent = (b 2),
              path.pathtarget = PathTarget {cost: (0.00..0.00), width: 512} = {
                exprs = List with 7 elements = {
                  0 = Var {varno: 2, varattno: 6, vartype: 1700, vartypmod: 983046, varcollid: 0, varlevelsup: 0, varnosyn: 2, varattnosyn: 6, location: 9},
                  1 = Var {varno: 2, varattno: 2, vartype: 1042, vartypmod: 29, varcollid: 100, varlevelsup: 0, varnosyn: 2, varattnosyn: 2, location: 22},
                  2 = Var {varno: 2, varattno: 3, vartype: 1043, vartypmod: 44, varcollid: 100, varlevelsup: 0, varnosyn: 2, varattnosyn: 3, location: 65},
                  3 = Var {varno: 2, varattno: 5, vartype: 1042, vartypmod: 19, varcollid: 100, varlevelsup: 0, varnosyn: 2, varattnosyn: 5, location: 78},
                  4 = Var {varno: 2, varattno: 7, vartype: 1043, vartypmod: 105, varcollid: 100, varlevelsup: 0, varnosyn: 2, varattnosyn: 7, location: 89},
                  5 = Var {varno: 2, varattno: 1, vartype: 23, vartypmod: -1, varcollid: 0, varlevelsup: 0, varnosyn: 2, varattnosyn: 1, location: 192},
                  6 = Var {varno: 2, varattno: 4, vartype: 23, vartypmod: -1, varcollid: 0, varlevelsup: 0, varnosyn: 2, varattnosyn: 4, location: 266}
                }
              },
              rqpath_en = ExecNodes {accesstype: RELATION_ACCESS_READ, baselocatortype: 72 'H', en_relid: 0, en_funcid: 0} = {
                en_dist_vars = List with 1 elements = {
                  0 = Var {varno: 2, varattno: 1, vartype: 23, vartypmod: -1, varcollid: 0, varlevelsup: 0, varnosyn: 2, varattnosyn: 1, location: 192}
                },
                nodeids = OidList with 3 elements = {16386, 16387, 16388}
              }
            },
            joinrestrictinfo = List with 1 elements = {
              0 = RestrictInfo {is_pushed_down: true, outerjoin_delayed: false, can_join: true, pseudoconstant: false, leakproof: false, security_level: 0, clause_relids: (b 2 4), required_relids: (b 2 4), outer_relids: (b), nullable_relids: (b), left_relids: (b 4), right_relids: (b 2), eval_cost: (0.00..0.00), norm_selec: 0.0059, outer_selec: -1.0000, outer_is_left: false, hashjoinoperator: 96, left_bucketsize: 0.0175, right_bucketsize: 0.0200, left_mcvfreq: 0.0000, right_mcvfreq: 0.0000} = {
                clause = OpExpr {opno: 96, opfuncid: 65, opresulttype: 16, opretset: false, opcollid: 0, inputcollid: 0, location: -1} = {
                  args = List with 2 elements = {
                    0 = Var {varno: 4, varattno: 1, vartype: 23, vartypmod: -1, varcollid: 0, varlevelsup: 0, varnosyn: 4, varattnosyn: 1, location: 280},
                    1 = Var {varno: 2, varattno: 4, vartype: 23, vartypmod: -1, varcollid: 0, varlevelsup: 0, varnosyn: 2, varattnosyn: 4, location: 266}
                  }
                },
                mergeopfamilies = OidList with 1 elements = {1976},
                left_em = EquivalenceMember {em_relids: (b 4), em_is_const: false, em_is_child: false, em_datatype: 23} = {
                  em_expr = Var {varno: 4, varattno: 1, vartype: 23, vartypmod: -1, varcollid: 0, varlevelsup: 0, varnosyn: 4, varattnosyn: 1, location: 280}
                },
                right_em = EquivalenceMember {em_relids: (b 2), em_is_const: false, em_is_child: false, em_datatype: 23} = {
                  em_expr = Var {varno: 2, varattno: 4, vartype: 23, vartypmod: -1, varcollid: 0, varlevelsup: 0, varnosyn: 2, varattnosyn: 4, location: 266}
                }
              }
            }
          },
          innerjoinpath = RemoteQueryPath T_RemoteQuery (cost=0.00..163.00 rows=57 parallel_aware=False parallel_safe=False parallel_workers=0) {jointype: JOIN_INNER, rqhas_unshippable_qual: false, rqhas_temp_rel: false, rqhas_unshippable_tlist: false} = {
            path.parent = (b 3),
            path.pathtarget = PathTarget {cost: (0.00..0.00), width: 26} = {
              exprs = List with 3 elements = {
                0 = Var {varno: 3, varattno: 1, vartype: 23, vartypmod: -1, varcollid: 0, varlevelsup: 0, varnosyn: 3, varattnosyn: 1, location: 175},
                1 = Var {varno: 3, varattno: 2, vartype: 23, vartypmod: -1, varcollid: 0, varlevelsup: 0, varnosyn: 3, varattnosyn: 2, location: 204},
                2 = Var {varno: 3, varattno: 4, vartype: 1700, vartypmod: 983046, varcollid: 0, varlevelsup: 0, varnosyn: 3, varattnosyn: 4, location: 354}
              }
            },
            rqpath_en = ExecNodes {accesstype: RELATION_ACCESS_READ, baselocatortype: 72 'H', en_relid: 0, en_funcid: 0} = {
              en_dist_vars = List with 1 elements = {
                0 = Var {varno: 3, varattno: 1, vartype: 23, vartypmod: -1, varcollid: 0, varlevelsup: 0, varnosyn: 3, varattnosyn: 1, location: 175}
              },
              nodeids = OidList with 3 elements = {16386, 16387, 16388}
            }
          },
          joinrestrictinfo = List with 1 elements = {
            0 = RestrictInfo {is_pushed_down: true, outerjoin_delayed: false, can_join: true, pseudoconstant: false, leakproof: false, security_level: 0, clause_relids: (b 2 3), required_relids: (b 2 3), outer_relids: (b), nullable_relids: (b), left_relids: (b 2), right_relids: (b 3), eval_cost: (0.00..0.00), norm_selec: 0.0059, outer_selec: -1.0000, outer_is_left: false, hashjoinoperator: 96, left_bucketsize: 0.0200, right_bucketsize: 0.0175, left_mcvfreq: 0.0000, right_mcvfreq: 0.0000} = {
              clause = OpExpr {opno: 96, opfuncid: 65, opresulttype: 16, opretset: false, opcollid: 0, inputcollid: 0, location: -1} = {
                args = List with 2 elements = {
                  0 = Var {varno: 2, varattno: 1, vartype: 23, vartypmod: -1, varcollid: 0, varlevelsup: 0, varnosyn: 2, varattnosyn: 1, location: 192},
                  1 = Var {varno: 3, varattno: 2, vartype: 23, vartypmod: -1, varcollid: 0, varlevelsup: 0, varnosyn: 3, varattnosyn: 2, location: 204}
                }
              },
              mergeopfamilies = OidList with 1 elements = {1976},
              left_em = EquivalenceMember {em_relids: (b 2), em_is_const: false, em_is_child: false, em_datatype: 23} = {
                em_expr = Var {varno: 2, varattno: 1, vartype: 23, vartypmod: -1, varcollid: 0, varlevelsup: 0, varnosyn: 2, varattnosyn: 1, location: 192}
              },
              right_em = EquivalenceMember {em_relids: (b 3), em_is_const: false, em_is_child: false, em_datatype: 23} = {
                em_expr = Var {varno: 3, varattno: 2, vartype: 23, vartypmod: -1, varcollid: 0, varlevelsup: 0, varnosyn: 3, varattnosyn: 2, location: 204}
              }
            }
          }
        },
        jpath.innerjoinpath = RemoteQueryPath T_RemoteQuery (cost=0.00..154.80 rows=1 parallel_aware=False parallel_safe=False parallel_workers=0) {jointype: JOIN_INNER, rqhas_unshippable_qual: false, rqhas_temp_rel: false, rqhas_unshippable_tlist: false} = {
          path.parent = (b 1),
          path.pathtarget = PathTarget {cost: (0.00..0.00), width: 108} = {
            exprs = List with 2 elements = {
              0 = Var {varno: 1, varattno: 1, vartype: 23, vartypmod: -1, varcollid: 0, varlevelsup: 0, varnosyn: 1, varattnosyn: 1, location: 42},
              1 = Var {varno: 1, varattno: 3, vartype: 1042, vartypmod: 29, varcollid: 100, varlevelsup: 0, varnosyn: 1, varattnosyn: 3, location: 55}
            }
          },
          rqpath_en = ExecNodes {accesstype: RELATION_ACCESS_READ, baselocatortype: 72 'H', en_relid: 0, en_funcid: 0} = {
            en_dist_vars = List with 1 elements = {
              0 = Var {varno: 1, varattno: 1, vartype: 23, vartypmod: -1, varcollid: 0, varlevelsup: 0, varnosyn: 1, varattnosyn: 1, location: 42}
            },
            nodeids = OidList with 3 elements = {16386, 16387, 16388}
          }
        },
        jpath.joinrestrictinfo = List with 2 elements = {
          0 = RestrictInfo {is_pushed_down: true, outerjoin_delayed: false, can_join: true, pseudoconstant: false, leakproof: false, security_level: 0, clause_relids: (b 1 3), required_relids: (b 1 3), outer_relids: (b), nullable_relids: (b), left_relids: (b 3), right_relids: (b 1), eval_cost: (0.00..0.00), norm_selec: 0.0059, outer_selec: -1.0000, outer_is_left: false, hashjoinoperator: 96, left_bucketsize: 0.0175, right_bucketsize: 1.0000, left_mcvfreq: 0.0000, right_mcvfreq: 0.0000} = {
            clause = OpExpr {opno: 96, opfuncid: 65, opresulttype: 16, opretset: false, opcollid: 0, inputcollid: 0, location: -1} = {
              args = List with 2 elements = {
                0 = Var {varno: 3, varattno: 1, vartype: 23, vartypmod: -1, varcollid: 0, varlevelsup: 0, varnosyn: 3, varattnosyn: 1, location: 175},
                1 = Var {varno: 1, varattno: 1, vartype: 23, vartypmod: -1, varcollid: 0, varlevelsup: 0, varnosyn: 1, varattnosyn: 1, location: 163}
              }
            },
            mergeopfamilies = OidList with 1 elements = {1976},
            left_em = EquivalenceMember {em_relids: (b 3), em_is_const: false, em_is_child: false, em_datatype: 23} = {
              em_expr = Var {varno: 3, varattno: 1, vartype: 23, vartypmod: -1, varcollid: 0, varlevelsup: 0, varnosyn: 3, varattnosyn: 1, location: 175}
            },
            right_em = EquivalenceMember {em_relids: (b 1), em_is_const: false, em_is_child: false, em_datatype: 23} = {
              em_expr = Var {varno: 1, varattno: 1, vartype: 23, vartypmod: -1, varcollid: 0, varlevelsup: 0, varnosyn: 1, varattnosyn: 1, location: 163}
            }
          },
          1 = RestrictInfo {is_pushed_down: true, outerjoin_delayed: false, can_join: true, pseudoconstant: false, leakproof: false, security_level: 0, clause_relids: (b 1 3), required_relids: (b 1 3), outer_relids: (b), nullable_relids: (b), left_relids: (b 3), right_relids: (b 1), eval_cost: (0.00..636.22), norm_selec: 0.0059, outer_selec: -1.0000, outer_is_left: false, hashjoinoperator: 1752, left_bucketsize: 0.0175, right_bucketsize: 1.0000, left_mcvfreq: 0.0000, right_mcvfreq: 0.0000} = {
            clause = OpExpr {opno: 1752, opfuncid: 1718, opresulttype: 16, opretset: false, opcollid: 0, inputcollid: 0, location: -1} = {
              args = List with 2 elements = {
                0 = Var {varno: 3, varattno: 4, vartype: 1700, vartypmod: 983046, varcollid: 0, varlevelsup: 0, varnosyn: 3, varattnosyn: 4, location: 354},
                1 = SubPlan {subLinkType: EXPR_SUBLINK, plan_id: 1, plan_name: 'SubPlan 1', firstColType: 1700, firstColTypmod: -1, firstColCollation: 0, useHashTable: false, unknownEqFalse: false, parallel_safe: false, startup_cost: 0, per_call_cost: 636.21249999999998} = {
                  parParam = IntList with 1 elements = {0},
                  args = List with 1 elements = {
                    0 = Var {varno: 1, varattno: 1, vartype: 23, vartypmod: -1, varcollid: 0, varlevelsup: 0, varnosyn: 1, varattnosyn: 1, location: 492}
                  }
                }
              }
            },
            mergeopfamilies = OidList with 1 elements = {1988},
            left_em = EquivalenceMember {em_relids: (b 3), em_is_const: false, em_is_child: false, em_datatype: 1700} = {
              em_expr = Var {varno: 3, varattno: 4, vartype: 1700, vartypmod: 983046, varcollid: 0, varlevelsup: 0, varnosyn: 3, varattnosyn: 4, location: 354}
            },
            right_em = EquivalenceMember {em_relids: (b 1), em_is_const: false, em_is_child: false, em_datatype: 1700} = {
              em_expr = SubPlan {subLinkType: EXPR_SUBLINK, plan_id: 1, plan_name: 'SubPlan 1', firstColType: 1700, firstColTypmod: -1, firstColCollation: 0, useHashTable: false, unknownEqFalse: false, parallel_safe: false, startup_cost: 0, per_call_cost: 636.21249999999998} = {
                parParam = IntList with 1 elements = {0},
                args = List with 1 elements = {
                  0 = Var {varno: 1, varattno: 1, vartype: 23, vartypmod: -1, varcollid: 0, varlevelsup: 0, varnosyn: 1, varattnosyn: 1, location: 492}
                }
              }
            }
          }
        },
        path_hashclauses = List with 2 elements = {
          0 = RestrictInfo {is_pushed_down: true, outerjoin_delayed: false, can_join: true, pseudoconstant: false, leakproof: false, security_level: 0, clause_relids: (b 1 3), required_relids: (b 1 3), outer_relids: (b), nullable_relids: (b), left_relids: (b 3), right_relids: (b 1), eval_cost: (0.00..0.00), norm_selec: 0.0059, outer_selec: -1.0000, outer_is_left: false, hashjoinoperator: 96, left_bucketsize: 0.0175, right_bucketsize: 1.0000, left_mcvfreq: 0.0000, right_mcvfreq: 0.0000} = {
            clause = OpExpr {opno: 96, opfuncid: 65, opresulttype: 16, opretset: false, opcollid: 0, inputcollid: 0, location: -1} = {
              args = List with 2 elements = {
                0 = Var {varno: 3, varattno: 1, vartype: 23, vartypmod: -1, varcollid: 0, varlevelsup: 0, varnosyn: 3, varattnosyn: 1, location: 175},
                1 = Var {varno: 1, varattno: 1, vartype: 23, vartypmod: -1, varcollid: 0, varlevelsup: 0, varnosyn: 1, varattnosyn: 1, location: 163}
              }
            },
            mergeopfamilies = OidList with 1 elements = {1976},
            left_em = EquivalenceMember {em_relids: (b 3), em_is_const: false, em_is_child: false, em_datatype: 23} = {
              em_expr = Var {varno: 3, varattno: 1, vartype: 23, vartypmod: -1, varcollid: 0, varlevelsup: 0, varnosyn: 3, varattnosyn: 1, location: 175}
            },
            right_em = EquivalenceMember {em_relids: (b 1), em_is_const: false, em_is_child: false, em_datatype: 23} = {
              em_expr = Var {varno: 1, varattno: 1, vartype: 23, vartypmod: -1, varcollid: 0, varlevelsup: 0, varnosyn: 1, varattnosyn: 1, location: 163}
            }
          },
          1 = RestrictInfo {is_pushed_down: true, outerjoin_delayed: false, can_join: true, pseudoconstant: false, leakproof: false, security_level: 0, clause_relids: (b 1 3), required_relids: (b 1 3), outer_relids: (b), nullable_relids: (b), left_relids: (b 3), right_relids: (b 1), eval_cost: (0.00..636.22), norm_selec: 0.0059, outer_selec: -1.0000, outer_is_left: false, hashjoinoperator: 1752, left_bucketsize: 0.0175, right_bucketsize: 1.0000, left_mcvfreq: 0.0000, right_mcvfreq: 0.0000} = {
            clause = OpExpr {opno: 1752, opfuncid: 1718, opresulttype: 16, opretset: false, opcollid: 0, inputcollid: 0, location: -1} = {
              args = List with 2 elements = {
                0 = Var {varno: 3, varattno: 4, vartype: 1700, vartypmod: 983046, varcollid: 0, varlevelsup: 0, varnosyn: 3, varattnosyn: 4, location: 354},
                1 = SubPlan {subLinkType: EXPR_SUBLINK, plan_id: 1, plan_name: 'SubPlan 1', firstColType: 1700, firstColTypmod: -1, firstColCollation: 0, useHashTable: false, unknownEqFalse: false, parallel_safe: false, startup_cost: 0, per_call_cost: 636.21249999999998} = {
                  parParam = IntList with 1 elements = {0},
                  args = List with 1 elements = {
                    0 = Var {varno: 1, varattno: 1, vartype: 23, vartypmod: -1, varcollid: 0, varlevelsup: 0, varnosyn: 1, varattnosyn: 1, location: 492}
                  }
                }
              }
            },
            mergeopfamilies = OidList with 1 elements = {1988},
            left_em = EquivalenceMember {em_relids: (b 3), em_is_const: false, em_is_child: false, em_datatype: 1700} = {
              em_expr = Var {varno: 3, varattno: 4, vartype: 1700, vartypmod: 983046, varcollid: 0, varlevelsup: 0, varnosyn: 3, varattnosyn: 4, location: 354}
            },
            right_em = EquivalenceMember {em_relids: (b 1), em_is_const: false, em_is_child: false, em_datatype: 1700} = {
              em_expr = SubPlan {subLinkType: EXPR_SUBLINK, plan_id: 1, plan_name: 'SubPlan 1', firstColType: 1700, firstColTypmod: -1, firstColCollation: 0, useHashTable: false, unknownEqFalse: false, parallel_safe: false, startup_cost: 0, per_call_cost: 636.21249999999998} = {
                parParam = IntList with 1 elements = {0},
                args = List with 1 elements = {
                  0 = Var {varno: 1, varattno: 1, vartype: 23, vartypmod: -1, varcollid: 0, varlevelsup: 0, varnosyn: 1, varattnosyn: 1, location: 492}
                }
              }
            }
          }
        }
      }
    }
  },
  limitCount = Const {consttype: 20, consttypmod: -1, constcollid: 0, constlen: 8, constvalue: 100, constisnull: false, constbyval: true, location: -1}
}

Breakpoint 2, standard_planner (parse=0x55f2f1816920, query_string=0x55f2f1676670 "select\n  s_acctbal,\n  s_name,\n  n_name,\n  p_partkey,\n  p_mfgr,\n  s_address,\n  s_phone,\n  s_comment\nfrom\n  part,\n  supplier,\n  partsupp,\n  nation,\n  region\nwhere\n  p_partkey = ps_partkey\n  and s_suppke"..., cursorOptions=33024, boundParams=0x0) at /workspaces/AntDB/src/backend/optimizer/plan/planner.c:761
761		result->commandType = parse->commandType;
$6 = Limit (cost=1109.42..1109.43 rows=1 width=716 plan_id=0 parallel_aware=False parallel_safe = False) {limitOption: LIMIT_OPTION_COUNT, uniqNumCols: 0} = {
  plan.targetlist = List with 8 elements = {
    0 = TargetEntry {resno: 1, resname: 's_acctbal', ressortgroupref: 1, resorigtbl: 270666, resorigcol: 6, resjunk: false} = {
      expr = Var {varno: 65001, varattno: 1, vartype: 1700, vartypmod: 983046, varcollid: 0, varlevelsup: 0, varnosyn: 2, varattnosyn: 6, location: -1}
    },
    1 = TargetEntry {resno: 2, resname: 's_name', ressortgroupref: 3, resorigtbl: 270666, resorigcol: 2, resjunk: false} = {
      expr = Var {varno: 65001, varattno: 2, vartype: 1042, vartypmod: 29, varcollid: 100, varlevelsup: 0, varnosyn: 2, varattnosyn: 2, location: -1}
    },
    2 = TargetEntry {resno: 3, resname: 'n_name', ressortgroupref: 2, resorigtbl: 270657, resorigcol: 2, resjunk: false} = {
      expr = Var {varno: 65001, varattno: 3, vartype: 1042, vartypmod: 29, varcollid: 100, varlevelsup: 0, varnosyn: 4, varattnosyn: 2, location: -1}
    },
    3 = TargetEntry {resno: 4, resname: 'p_partkey', ressortgroupref: 4, resorigtbl: 270663, resorigcol: 1, resjunk: false} = {
      expr = Var {varno: 65001, varattno: 4, vartype: 23, vartypmod: -1, varcollid: 0, varlevelsup: 0, varnosyn: 1, varattnosyn: 1, location: -1}
    },
    4 = TargetEntry {resno: 5, resname: 'p_mfgr', ressortgroupref: 0, resorigtbl: 270663, resorigcol: 3, resjunk: false} = {
      expr = Var {varno: 65001, varattno: 5, vartype: 1042, vartypmod: 29, varcollid: 100, varlevelsup: 0, varnosyn: 1, varattnosyn: 3, location: -1}
    },
    5 = TargetEntry {resno: 6, resname: 's_address', ressortgroupref: 0, resorigtbl: 270666, resorigcol: 3, resjunk: false} = {
      expr = Var {varno: 65001, varattno: 6, vartype: 1043, vartypmod: 44, varcollid: 100, varlevelsup: 0, varnosyn: 2, varattnosyn: 3, location: -1}
    },
    6 = TargetEntry {resno: 7, resname: 's_phone', ressortgroupref: 0, resorigtbl: 270666, resorigcol: 5, resjunk: false} = {
      expr = Var {varno: 65001, varattno: 7, vartype: 1042, vartypmod: 19, varcollid: 100, varlevelsup: 0, varnosyn: 2, varattnosyn: 5, location: -1}
    },
    7 = TargetEntry {resno: 8, resname: 's_comment', ressortgroupref: 0, resorigtbl: 270666, resorigcol: 7, resjunk: false} = {
      expr = Var {varno: 65001, varattno: 8, vartype: 1043, vartypmod: 105, varcollid: 100, varlevelsup: 0, varnosyn: 2, varattnosyn: 7, location: -1}
    }
  },
  plan.lefttree = Sort (cost=1109.42..1109.43 rows=1 width=716 plan_id=1 parallel_aware=False parallel_safe = False) numCols: 4 = {
    sortColIdx = [1, 3, 2, 4],
    sortOperators = [1756, 1058, 1058, 97],
    collations = [0, 100, 100, 0],
    nullsFirst = [True, False, False, False],
    plan.targetlist = List with 8 elements = {
      0 = TargetEntry {resno: 1, resname: 's_acctbal', ressortgroupref: 1, resorigtbl: 270666, resorigcol: 6, resjunk: false} = {
        expr = Var {varno: 65001, varattno: 1, vartype: 1700, vartypmod: 983046, varcollid: 0, varlevelsup: 0, varnosyn: 2, varattnosyn: 6, location: -1}
      },
      1 = TargetEntry {resno: 2, resname: 's_name', ressortgroupref: 3, resorigtbl: 270666, resorigcol: 2, resjunk: false} = {
        expr = Var {varno: 65001, varattno: 2, vartype: 1042, vartypmod: 29, varcollid: 100, varlevelsup: 0, varnosyn: 2, varattnosyn: 2, location: -1}
      },
      2 = TargetEntry {resno: 3, resname: 'n_name', ressortgroupref: 2, resorigtbl: 270657, resorigcol: 2, resjunk: false} = {
        expr = Var {varno: 65001, varattno: 3, vartype: 1042, vartypmod: 29, varcollid: 100, varlevelsup: 0, varnosyn: 4, varattnosyn: 2, location: -1}
      },
      3 = TargetEntry {resno: 4, resname: 'p_partkey', ressortgroupref: 4, resorigtbl: 270663, resorigcol: 1, resjunk: false} = {
        expr = Var {varno: 65001, varattno: 4, vartype: 23, vartypmod: -1, varcollid: 0, varlevelsup: 0, varnosyn: 1, varattnosyn: 1, location: -1}
      },
      4 = TargetEntry {resno: 5, resname: 'p_mfgr', ressortgroupref: 0, resorigtbl: 270663, resorigcol: 3, resjunk: false} = {
        expr = Var {varno: 65001, varattno: 5, vartype: 1042, vartypmod: 29, varcollid: 100, varlevelsup: 0, varnosyn: 1, varattnosyn: 3, location: -1}
      },
      5 = TargetEntry {resno: 6, resname: 's_address', ressortgroupref: 0, resorigtbl: 270666, resorigcol: 3, resjunk: false} = {
        expr = Var {varno: 65001, varattno: 6, vartype: 1043, vartypmod: 44, varcollid: 100, varlevelsup: 0, varnosyn: 2, varattnosyn: 3, location: -1}
      },
      6 = TargetEntry {resno: 7, resname: 's_phone', ressortgroupref: 0, resorigtbl: 270666, resorigcol: 5, resjunk: false} = {
        expr = Var {varno: 65001, varattno: 7, vartype: 1042, vartypmod: 19, varcollid: 100, varlevelsup: 0, varnosyn: 2, varattnosyn: 5, location: -1}
      },
      7 = TargetEntry {resno: 8, resname: 's_comment', ressortgroupref: 0, resorigtbl: 270666, resorigcol: 7, resjunk: false} = {
        expr = Var {varno: 65001, varattno: 8, vartype: 1043, vartypmod: 105, varcollid: 100, varlevelsup: 0, varnosyn: 2, varattnosyn: 7, location: -1}
      }
    },
    plan.lefttree = HashJoin (cost=154.81..1109.41 rows=1 width=716 plan_id=2 parallel_aware=False parallel_safe = False) {join.jointype: JOIN_INNER, join.inner_unique: false} = {
      join.plan.targetlist = List with 8 elements = {
        0 = TargetEntry {resno: 1, resname: 's_acctbal', ressortgroupref: 1, resorigtbl: 270666, resorigcol: 6, resjunk: false} = {
          expr = Var {varno: 65001, varattno: 1, vartype: 1700, vartypmod: 983046, varcollid: 0, varlevelsup: 0, varnosyn: 2, varattnosyn: 6, location: 9}
        },
        1 = TargetEntry {resno: 2, resname: 's_name', ressortgroupref: 3, resorigtbl: 270666, resorigcol: 2, resjunk: false} = {
          expr = Var {varno: 65001, varattno: 2, vartype: 1042, vartypmod: 29, varcollid: 100, varlevelsup: 0, varnosyn: 2, varattnosyn: 2, location: 22}
        },
        2 = TargetEntry {resno: 3, resname: 'n_name', ressortgroupref: 2, resorigtbl: 270657, resorigcol: 2, resjunk: false} = {
          expr = Var {varno: 65001, varattno: 8, vartype: 1042, vartypmod: 29, varcollid: 100, varlevelsup: 0, varnosyn: 4, varattnosyn: 2, location: 32}
        },
        3 = TargetEntry {resno: 4, resname: 'p_partkey', ressortgroupref: 4, resorigtbl: 270663, resorigcol: 1, resjunk: false} = {
          expr = Var {varno: 65000, varattno: 1, vartype: 23, vartypmod: -1, varcollid: 0, varlevelsup: 0, varnosyn: 1, varattnosyn: 1, location: 42}
        },
        4 = TargetEntry {resno: 5, resname: 'p_mfgr', ressortgroupref: 0, resorigtbl: 270663, resorigcol: 3, resjunk: false} = {
          expr = Var {varno: 65000, varattno: 2, vartype: 1042, vartypmod: 29, varcollid: 100, varlevelsup: 0, varnosyn: 1, varattnosyn: 3, location: 55}
        },
        5 = TargetEntry {resno: 6, resname: 's_address', ressortgroupref: 0, resorigtbl: 270666, resorigcol: 3, resjunk: false} = {
          expr = Var {varno: 65001, varattno: 3, vartype: 1043, vartypmod: 44, varcollid: 100, varlevelsup: 0, varnosyn: 2, varattnosyn: 3, location: 65}
        },
        6 = TargetEntry {resno: 7, resname: 's_phone', ressortgroupref: 0, resorigtbl: 270666, resorigcol: 5, resjunk: false} = {
          expr = Var {varno: 65001, varattno: 4, vartype: 1042, vartypmod: 19, varcollid: 100, varlevelsup: 0, varnosyn: 2, varattnosyn: 5, location: 78}
        },
        7 = TargetEntry {resno: 8, resname: 's_comment', ressortgroupref: 0, resorigtbl: 270666, resorigcol: 7, resjunk: false} = {
          expr = Var {varno: 65001, varattno: 5, vartype: 1043, vartypmod: 105, varcollid: 100, varlevelsup: 0, varnosyn: 2, varattnosyn: 7, location: 89}
        }
      },
      join.plan.lefttree = NestLoop (cost=0.00..636.47 rows=1 width=630 plan_id=3 parallel_aware=False parallel_safe = False) {join.jointype: JOIN_INNER, join.inner_unique: false} = {
        join.plan.targetlist = List with 8 elements = {
          0 = TargetEntry {resno: 1, resname: 0x0, ressortgroupref: 0, resorigtbl: 0, resorigcol: 0, resjunk: false} = {
            expr = Var {varno: 65001, varattno: 1, vartype: 1700, vartypmod: 983046, varcollid: 0, varlevelsup: 0, varnosyn: 2, varattnosyn: 6, location: 9}
          },
          1 = TargetEntry {resno: 2, resname: 0x0, ressortgroupref: 0, resorigtbl: 0, resorigcol: 0, resjunk: false} = {
            expr = Var {varno: 65001, varattno: 2, vartype: 1042, vartypmod: 29, varcollid: 100, varlevelsup: 0, varnosyn: 2, varattnosyn: 2, location: 22}
          },
          2 = TargetEntry {resno: 3, resname: 0x0, ressortgroupref: 0, resorigtbl: 0, resorigcol: 0, resjunk: false} = {
            expr = Var {varno: 65001, varattno: 3, vartype: 1043, vartypmod: 44, varcollid: 100, varlevelsup: 0, varnosyn: 2, varattnosyn: 3, location: 65}
          },
          3 = TargetEntry {resno: 4, resname: 0x0, ressortgroupref: 0, resorigtbl: 0, resorigcol: 0, resjunk: false} = {
            expr = Var {varno: 65001, varattno: 4, vartype: 1042, vartypmod: 19, varcollid: 100, varlevelsup: 0, varnosyn: 2, varattnosyn: 5, location: 78}
          },
          4 = TargetEntry {resno: 5, resname: 0x0, ressortgroupref: 0, resorigtbl: 0, resorigcol: 0, resjunk: false} = {
            expr = Var {varno: 65001, varattno: 5, vartype: 1043, vartypmod: 105, varcollid: 100, varlevelsup: 0, varnosyn: 2, varattnosyn: 7, location: 89}
          },
          5 = TargetEntry {resno: 6, resname: 0x0, ressortgroupref: 0, resorigtbl: 0, resorigcol: 0, resjunk: false} = {
            expr = Var {varno: 65000, varattno: 1, vartype: 23, vartypmod: -1, varcollid: 0, varlevelsup: 0, varnosyn: 3, varattnosyn: 1, location: 175}
          },
          6 = TargetEntry {resno: 7, resname: 0x0, ressortgroupref: 0, resorigtbl: 0, resorigcol: 0, resjunk: false} = {
            expr = Var {varno: 65000, varattno: 3, vartype: 1700, vartypmod: 983046, varcollid: 0, varlevelsup: 0, varnosyn: 3, varattnosyn: 4, location: 354}
          },
          7 = TargetEntry {resno: 8, resname: 0x0, ressortgroupref: 0, resorigtbl: 0, resorigcol: 0, resjunk: false} = {
            expr = Var {varno: 65001, varattno: 7, vartype: 1042, vartypmod: 29, varcollid: 100, varlevelsup: 0, varnosyn: 4, varattnosyn: 2, location: 32}
          }
        },
        join.plan.lefttree = NestLoop (cost=0.00..472.76 rows=1 width=612 plan_id=4 parallel_aware=False parallel_safe = False) {join.jointype: JOIN_INNER, join.inner_unique: false} = {
          join.plan.targetlist = List with 7 elements = {
            0 = TargetEntry {resno: 1, resname: 0x0, ressortgroupref: 0, resorigtbl: 0, resorigcol: 0, resjunk: false} = {
              expr = Var {varno: 65000, varattno: 1, vartype: 1700, vartypmod: 983046, varcollid: 0, varlevelsup: 0, varnosyn: 2, varattnosyn: 6, location: 9}
            },
            1 = TargetEntry {resno: 2, resname: 0x0, ressortgroupref: 0, resorigtbl: 0, resorigcol: 0, resjunk: false} = {
              expr = Var {varno: 65000, varattno: 2, vartype: 1042, vartypmod: 29, varcollid: 100, varlevelsup: 0, varnosyn: 2, varattnosyn: 2, location: 22}
            },
            2 = TargetEntry {resno: 3, resname: 0x0, ressortgroupref: 0, resorigtbl: 0, resorigcol: 0, resjunk: false} = {
              expr = Var {varno: 65000, varattno: 3, vartype: 1043, vartypmod: 44, varcollid: 100, varlevelsup: 0, varnosyn: 2, varattnosyn: 3, location: 65}
            },
            3 = TargetEntry {resno: 4, resname: 0x0, ressortgroupref: 0, resorigtbl: 0, resorigcol: 0, resjunk: false} = {
              expr = Var {varno: 65000, varattno: 4, vartype: 1042, vartypmod: 19, varcollid: 100, varlevelsup: 0, varnosyn: 2, varattnosyn: 5, location: 78}
            },
            4 = TargetEntry {resno: 5, resname: 0x0, ressortgroupref: 0, resorigtbl: 0, resorigcol: 0, resjunk: false} = {
              expr = Var {varno: 65000, varattno: 5, vartype: 1043, vartypmod: 105, varcollid: 100, varlevelsup: 0, varnosyn: 2, varattnosyn: 7, location: 89}
            },
            5 = TargetEntry {resno: 6, resname: 0x0, ressortgroupref: 0, resorigtbl: 0, resorigcol: 0, resjunk: false} = {
              expr = Var {varno: 65000, varattno: 6, vartype: 23, vartypmod: -1, varcollid: 0, varlevelsup: 0, varnosyn: 2, varattnosyn: 1, location: 192}
            },
            6 = TargetEntry {resno: 7, resname: 0x0, ressortgroupref: 0, resorigtbl: 0, resorigcol: 0, resjunk: false} = {
              expr = Var {varno: 65001, varattno: 1, vartype: 1042, vartypmod: 29, varcollid: 100, varlevelsup: 0, varnosyn: 4, varattnosyn: 2, location: 32}
            }
          },
          join.plan.lefttree = NestLoop (cost=0.00..327.14 rows=1 width=108 plan_id=5 parallel_aware=False parallel_safe = False) {join.jointype: JOIN_INNER, join.inner_unique: false} = {
            join.plan.targetlist = List with 2 elements = {
              0 = TargetEntry {resno: 1, resname: 0x0, ressortgroupref: 0, resorigtbl: 0, resorigcol: 0, resjunk: false} = {
                expr = Var {varno: 65000, varattno: 1, vartype: 1042, vartypmod: 29, varcollid: 100, varlevelsup: 0, varnosyn: 4, varattnosyn: 2, location: 32}
              },
              1 = TargetEntry {resno: 2, resname: 0x0, ressortgroupref: 0, resorigtbl: 0, resorigcol: 0, resjunk: false} = {
                expr = Var {varno: 65000, varattno: 2, vartype: 23, vartypmod: -1, varcollid: 0, varlevelsup: 0, varnosyn: 4, varattnosyn: 1, location: 280}
              }
            },
            join.plan.lefttree = RemoteQuery (cost=0.00..163.42 rows=1 width=4 plan_id=6 parallel_aware=False parallel_safe = False) {scan.scanrelid: 6, exec_direct_type: EXEC_DIRECT_NONE, sql_statement: 'SELECT r_regionkey FROM ONLY public.region region WHERE (r_name = 'EUROPE'::bpchar)', sql_node: 0x0, combine_type: COMBINE_TYPE_NONE, read_only: true, force_autocommit: false, statement: 0x0, cursor: 0x0, rq_num_params: 0, rq_params_internal: false, exec_type: EXEC_ON_DATANODES, is_temp: false, rq_finalise_aggs: false, rq_sortgroup_colno: false, has_row_marks: false, rq_save_command_id: false, rq_use_pk_for_rep_change: false, rq_max_param_num: 0} = {
              scan.plan.targetlist = List with 1 elements = {
                0 = TargetEntry {resno: 1, resname: 0x0, ressortgroupref: 0, resorigtbl: 0, resorigcol: 0, resjunk: false} = {
                  expr = Var {varno: 6, varattno: 1, vartype: 23, vartypmod: -1, varcollid: 0, varlevelsup: 0, varnosyn: 5, varattnosyn: 1, location: 312}
                }
              },
              exec_nodes = ExecNodes {accesstype: RELATION_ACCESS_READ, baselocatortype: 72 'H', en_relid: 0, en_funcid: 0} = {
                en_dist_vars = List with 1 elements = {
                  0 = Var {varno: 5, varattno: 1, vartype: 23, vartypmod: -1, varcollid: 0, varlevelsup: 0, varnosyn: 5, varattnosyn: 1, location: 312}
                },
                nodeids = OidList with 3 elements = {16386, 16387, 16388}
              },
              remote_query = Query {commandType: CMD_SELECT, querySource: QSRC_ORIGINAL, queryId: 0, canSetTag: false, resultRelation: 0, hasAggs: false, hasWindowFuncs: false, hasTargetSRFs: false, hasSubLinks: false, hasDistinctOn: false, hasRecursive: false, hasModifyingCTE: false, hasForUpdate: false, hasRowSecurity: false, override: OVERRIDING_NOT_SET, limitOption: LIMIT_OPTION_COUNT, stmt_location: 0, stmt_len: 0, is_local: false, has_to_save_cmd_id: false, in_sub_plan: false, in_explain: false} = {
                rtable = List with 1 elements = {
                  0 = RangeTblEntry {rtekind: RTE_RELATION, relname: 'region', relid: 270660, relkind: 114 'r', rellockmode: 1, security_barrier: false, jointype: JOIN_INNER, joinmergedcols: 0, funcordinality: false, ctename: 0x0, ctelevelsup: 0, self_reference: false, enrname: 0x0, enrtuples: 0, param_new: -1, param_old: -1, mt_result: 0x0, defaultCols: 0x0, rows: 0, lateral: false, inh: false, inFromCl: true, requiredPerms: 2, checkAsUser: 0, selectedCols: (b 11 12), insertedCols: 0x0, updatedCols: 0x0, extraUpdatedCols: 0x0} = {
                    alias = Alias aliasname: 'region',
                    eref = Alias aliasname: 'region' = {
                      colnames = List with 3 elements = {
                        0 = String[ 'r_regionkey' ],
                        1 = String[ 'r_name' ],
                        2 = String[ 'r_comment' ]
                      }
                    }
                  }
                },
                jointree = FromExpr  = {
                  fromlist = List with 1 elements = {
                    0 = RangeTblRef rtindex: 1
                  },
                  quals = OpExpr {opno: 1054, opfuncid: 1048, opresulttype: 16, opretset: false, opcollid: 0, inputcollid: 100, location: 337} = {
                    args = List with 2 elements = {
                      0 = Var {varno: 1, varattno: 2, vartype: 1042, vartypmod: 29, varcollid: 100, varlevelsup: 0, varnosyn: 0, varattnosyn: 2, location: 330},
                      1 = Const {consttype: 1042, consttypmod: -1, constcollid: 100, constlen: -1, constvalue: 94501924600544, constisnull: false, constbyval: false, location: 339}
                    }
                  }
                },
                targetList = List with 1 elements = {
                  0 = TargetEntry {resno: 1, resname: 0x0, ressortgroupref: 0, resorigtbl: 0, resorigcol: 0, resjunk: false} = {
                    expr = Var {varno: 1, varattno: 1, vartype: 23, vartypmod: -1, varcollid: 0, varlevelsup: 0, varnosyn: 0, varattnosyn: 1, location: 312}
                  }
                }
              },
              base_tlist = List with 1 elements = {
                0 = TargetEntry {resno: 1, resname: 0x0, ressortgroupref: 0, resorigtbl: 0, resorigcol: 0, resjunk: false} = {
                  expr = Var {varno: 5, varattno: 1, vartype: 23, vartypmod: -1, varcollid: 0, varlevelsup: 0, varnosyn: 5, varattnosyn: 1, location: 312}
                }
              },
              coord_var_tlist = List with 1 elements = {
                0 = TargetEntry {resno: 1, resname: 0x0, ressortgroupref: 0, resorigtbl: 0, resorigcol: 0, resjunk: false} = {
                  expr = Var {varno: 5, varattno: 1, vartype: 23, vartypmod: -1, varcollid: 0, varlevelsup: 0, varnosyn: 5, varattnosyn: 1, location: 312}
                }
              },
              query_var_tlist = List with 1 elements = {
                0 = TargetEntry {resno: 1, resname: 0x0, ressortgroupref: 0, resorigtbl: 0, resorigcol: 0, resjunk: false} = {
                  expr = Var {varno: 1, varattno: 1, vartype: 23, vartypmod: -1, varcollid: 0, varlevelsup: 0, varnosyn: 0, varattnosyn: 1, location: 312}
                }
              }
            },
            join.plan.righttree = RemoteQuery (cost=0.00..163.00 rows=57 width=112 plan_id=7 parallel_aware=False parallel_safe = False) {scan.scanrelid: 7, exec_direct_type: EXEC_DIRECT_NONE, sql_statement: 'SELECT n_name, n_nationkey, n_regionkey FROM ONLY public.nation nation WHERE true', sql_node: 0x0, combine_type: COMBINE_TYPE_NONE, read_only: true, force_autocommit: false, statement: 0x0, cursor: 0x0, rq_num_params: 0, rq_params_internal: false, exec_type: EXEC_ON_DATANODES, is_temp: false, rq_finalise_aggs: false, rq_sortgroup_colno: false, has_row_marks: false, rq_save_command_id: false, rq_use_pk_for_rep_change: false, rq_max_param_num: 0} = {
              scan.plan.targetlist = List with 3 elements = {
                0 = TargetEntry {resno: 1, resname: 0x0, ressortgroupref: 0, resorigtbl: 0, resorigcol: 0, resjunk: false} = {
                  expr = Var {varno: 7, varattno: 1, vartype: 1042, vartypmod: 29, varcollid: 100, varlevelsup: 0, varnosyn: 4, varattnosyn: 2, location: 32}
                },
                1 = TargetEntry {resno: 2, resname: 0x0, ressortgroupref: 0, resorigtbl: 0, resorigcol: 0, resjunk: false} = {
                  expr = Var {varno: 7, varattno: 2, vartype: 23, vartypmod: -1, varcollid: 0, varlevelsup: 0, varnosyn: 4, varattnosyn: 1, location: 280}
                },
                2 = TargetEntry {resno: 3, resname: 0x0, ressortgroupref: 0, resorigtbl: 0, resorigcol: 0, resjunk: false} = {
                  expr = Var {varno: 7, varattno: 3, vartype: 23, vartypmod: -1, varcollid: 0, varlevelsup: 0, varnosyn: 4, varattnosyn: 3, location: 298}
                }
              },
              exec_nodes = ExecNodes {accesstype: RELATION_ACCESS_READ, baselocatortype: 72 'H', en_relid: 0, en_funcid: 0} = {
                en_dist_vars = List with 1 elements = {
                  0 = Var {varno: 4, varattno: 1, vartype: 23, vartypmod: -1, varcollid: 0, varlevelsup: 0, varnosyn: 4, varattnosyn: 1, location: 280}
                },
                nodeids = OidList with 3 elements = {16386, 16387, 16388}
              },
              remote_query = Query {commandType: CMD_SELECT, querySource: QSRC_ORIGINAL, queryId: 0, canSetTag: false, resultRelation: 0, hasAggs: false, hasWindowFuncs: false, hasTargetSRFs: false, hasSubLinks: false, hasDistinctOn: false, hasRecursive: false, hasModifyingCTE: false, hasForUpdate: false, hasRowSecurity: false, override: OVERRIDING_NOT_SET, limitOption: LIMIT_OPTION_COUNT, stmt_location: 0, stmt_len: 0, is_local: false, has_to_save_cmd_id: false, in_sub_plan: false, in_explain: false} = {
                rtable = List with 1 elements = {
                  0 = RangeTblEntry {rtekind: RTE_RELATION, relname: 'nation', relid: 270657, relkind: 114 'r', rellockmode: 1, security_barrier: false, jointype: JOIN_INNER, joinmergedcols: 0, funcordinality: false, ctename: 0x0, ctelevelsup: 0, self_reference: false, enrname: 0x0, enrtuples: 0, param_new: -1, param_old: -1, mt_result: 0x0, defaultCols: 0x0, rows: 0, lateral: false, inh: false, inFromCl: true, requiredPerms: 2, checkAsUser: 0, selectedCols: (b 11 12 13), insertedCols: 0x0, updatedCols: 0x0, extraUpdatedCols: 0x0} = {
                    alias = Alias aliasname: 'nation',
                    eref = Alias aliasname: 'nation' = {
                      colnames = List with 4 elements = {
                        0 = String[ 'n_nationkey' ],
                        1 = String[ 'n_name' ],
                        2 = String[ 'n_regionkey' ],
                        3 = String[ 'n_comment' ]
                      }
                    }
                  }
                },
                jointree = FromExpr  = {
                  fromlist = List with 1 elements = {
                    0 = RangeTblRef rtindex: 1
                  },
                  quals = Const {consttype: 16, consttypmod: -1, constcollid: 0, constlen: 1, constvalue: 1, constisnull: false, constbyval: true, location: -1}
                },
                targetList = List with 3 elements = {
                  0 = TargetEntry {resno: 1, resname: 0x0, ressortgroupref: 0, resorigtbl: 0, resorigcol: 0, resjunk: false} = {
                    expr = Var {varno: 1, varattno: 2, vartype: 1042, vartypmod: 29, varcollid: 100, varlevelsup: 0, varnosyn: 0, varattnosyn: 2, location: 32}
                  },
                  1 = TargetEntry {resno: 2, resname: 0x0, ressortgroupref: 0, resorigtbl: 0, resorigcol: 0, resjunk: false} = {
                    expr = Var {varno: 1, varattno: 1, vartype: 23, vartypmod: -1, varcollid: 0, varlevelsup: 0, varnosyn: 0, varattnosyn: 1, location: 280}
                  },
                  2 = TargetEntry {resno: 3, resname: 0x0, ressortgroupref: 0, resorigtbl: 0, resorigcol: 0, resjunk: false} = {
                    expr = Var {varno: 1, varattno: 3, vartype: 23, vartypmod: -1, varcollid: 0, varlevelsup: 0, varnosyn: 0, varattnosyn: 3, location: 298}
                  }
                }
              },
              base_tlist = List with 3 elements = {
                0 = TargetEntry {resno: 1, resname: 0x0, ressortgroupref: 0, resorigtbl: 0, resorigcol: 0, resjunk: false} = {
                  expr = Var {varno: 4, varattno: 2, vartype: 1042, vartypmod: 29, varcollid: 100, varlevelsup: 0, varnosyn: 4, varattnosyn: 2, location: 32}
                },
                1 = TargetEntry {resno: 2, resname: 0x0, ressortgroupref: 0, resorigtbl: 0, resorigcol: 0, resjunk: false} = {
                  expr = Var {varno: 4, varattno: 1, vartype: 23, vartypmod: -1, varcollid: 0, varlevelsup: 0, varnosyn: 4, varattnosyn: 1, location: 280}
                },
                2 = TargetEntry {resno: 3, resname: 0x0, ressortgroupref: 0, resorigtbl: 0, resorigcol: 0, resjunk: false} = {
                  expr = Var {varno: 4, varattno: 3, vartype: 23, vartypmod: -1, varcollid: 0, varlevelsup: 0, varnosyn: 4, varattnosyn: 3, location: 298}
                }
              },
              coord_var_tlist = List with 3 elements = {
                0 = TargetEntry {resno: 1, resname: 0x0, ressortgroupref: 0, resorigtbl: 0, resorigcol: 0, resjunk: false} = {
                  expr = Var {varno: 4, varattno: 2, vartype: 1042, vartypmod: 29, varcollid: 100, varlevelsup: 0, varnosyn: 4, varattnosyn: 2, location: 32}
                },
                1 = TargetEntry {resno: 2, resname: 0x0, ressortgroupref: 0, resorigtbl: 0, resorigcol: 0, resjunk: false} = {
                  expr = Var {varno: 4, varattno: 1, vartype: 23, vartypmod: -1, varcollid: 0, varlevelsup: 0, varnosyn: 4, varattnosyn: 1, location: 280}
                },
                2 = TargetEntry {resno: 3, resname: 0x0, ressortgroupref: 0, resorigtbl: 0, resorigcol: 0, resjunk: false} = {
                  expr = Var {varno: 4, varattno: 3, vartype: 23, vartypmod: -1, varcollid: 0, varlevelsup: 0, varnosyn: 4, varattnosyn: 3, location: 298}
                }
              },
              query_var_tlist = List with 3 elements = {
                0 = TargetEntry {resno: 1, resname: 0x0, ressortgroupref: 0, resorigtbl: 0, resorigcol: 0, resjunk: false} = {
                  expr = Var {varno: 1, varattno: 2, vartype: 1042, vartypmod: 29, varcollid: 100, varlevelsup: 0, varnosyn: 0, varattnosyn: 2, location: 32}
                },
                1 = TargetEntry {resno: 2, resname: 0x0, ressortgroupref: 0, resorigtbl: 0, resorigcol: 0, resjunk: false} = {
                  expr = Var {varno: 1, varattno: 1, vartype: 23, vartypmod: -1, varcollid: 0, varlevelsup: 0, varnosyn: 0, varattnosyn: 1, location: 280}
                },
                2 = TargetEntry {resno: 3, resname: 0x0, ressortgroupref: 0, resorigtbl: 0, resorigcol: 0, resjunk: false} = {
                  expr = Var {varno: 1, varattno: 3, vartype: 23, vartypmod: -1, varcollid: 0, varlevelsup: 0, varnosyn: 0, varattnosyn: 3, location: 298}
                }
              }
            },
            join.joinqual = List with 1 elements = {
              0 = OpExpr {opno: 96, opfuncid: 65, opresulttype: 16, opretset: false, opcollid: 0, inputcollid: 0, location: -1} = {
                args = List with 2 elements = {
                  0 = Var {varno: 65000, varattno: 3, vartype: 23, vartypmod: -1, varcollid: 0, varlevelsup: 0, varnosyn: 4, varattnosyn: 3, location: 298},
                  1 = Var {varno: 65001, varattno: 1, vartype: 23, vartypmod: -1, varcollid: 0, varlevelsup: 0, varnosyn: 5, varattnosyn: 1, location: 312}
                }
              }
            }
          },
          join.plan.righttree = RemoteQuery (cost=0.00..145.00 rows=50 width=512 plan_id=8 parallel_aware=False parallel_safe = False) {scan.scanrelid: 8, exec_direct_type: EXEC_DIRECT_NONE, sql_statement: 'SELECT s_acctbal, s_name, s_address, s_phone, s_comment, s_suppkey, s_nationkey FROM ONLY public.sup', sql_node: 0x0, combine_type: COMBINE_TYPE_NONE, read_only: true, force_autocommit: false, statement: 0x0, cursor: 0x0, rq_num_params: 0, rq_params_internal: false, exec_type: EXEC_ON_DATANODES, is_temp: false, rq_finalise_aggs: false, rq_sortgroup_colno: false, has_row_marks: false, rq_save_command_id: false, rq_use_pk_for_rep_change: false, rq_max_param_num: 0} = {
            scan.plan.targetlist = List with 7 elements = {
              0 = TargetEntry {resno: 1, resname: 0x0, ressortgroupref: 0, resorigtbl: 0, resorigcol: 0, resjunk: false} = {
                expr = Var {varno: 8, varattno: 1, vartype: 1700, vartypmod: 983046, varcollid: 0, varlevelsup: 0, varnosyn: 2, varattnosyn: 6, location: 9}
              },
              1 = TargetEntry {resno: 2, resname: 0x0, ressortgroupref: 0, resorigtbl: 0, resorigcol: 0, resjunk: false} = {
                expr = Var {varno: 8, varattno: 2, vartype: 1042, vartypmod: 29, varcollid: 100, varlevelsup: 0, varnosyn: 2, varattnosyn: 2, location: 22}
              },
              2 = TargetEntry {resno: 3, resname: 0x0, ressortgroupref: 0, resorigtbl: 0, resorigcol: 0, resjunk: false} = {
                expr = Var {varno: 8, varattno: 3, vartype: 1043, vartypmod: 44, varcollid: 100, varlevelsup: 0, varnosyn: 2, varattnosyn: 3, location: 65}
              },
              3 = TargetEntry {resno: 4, resname: 0x0, ressortgroupref: 0, resorigtbl: 0, resorigcol: 0, resjunk: false} = {
                expr = Var {varno: 8, varattno: 4, vartype: 1042, vartypmod: 19, varcollid: 100, varlevelsup: 0, varnosyn: 2, varattnosyn: 5, location: 78}
              },
              4 = TargetEntry {resno: 5, resname: 0x0, ressortgroupref: 0, resorigtbl: 0, resorigcol: 0, resjunk: false} = {
                expr = Var {varno: 8, varattno: 5, vartype: 1043, vartypmod: 105, varcollid: 100, varlevelsup: 0, varnosyn: 2, varattnosyn: 7, location: 89}
              },
              5 = TargetEntry {resno: 6, resname: 0x0, ressortgroupref: 0, resorigtbl: 0, resorigcol: 0, resjunk: false} = {
                expr = Var {varno: 8, varattno: 6, vartype: 23, vartypmod: -1, varcollid: 0, varlevelsup: 0, varnosyn: 2, varattnosyn: 1, location: 192}
              },
              6 = TargetEntry {resno: 7, resname: 0x0, ressortgroupref: 0, resorigtbl: 0, resorigcol: 0, resjunk: false} = {
                expr = Var {varno: 8, varattno: 7, vartype: 23, vartypmod: -1, varcollid: 0, varlevelsup: 0, varnosyn: 2, varattnosyn: 4, location: 266}
              }
            },
            exec_nodes = ExecNodes {accesstype: RELATION_ACCESS_READ, baselocatortype: 72 'H', en_relid: 0, en_funcid: 0} = {
              en_dist_vars = List with 1 elements = {
                0 = Var {varno: 2, varattno: 1, vartype: 23, vartypmod: -1, varcollid: 0, varlevelsup: 0, varnosyn: 2, varattnosyn: 1, location: 192}
              },
              nodeids = OidList with 3 elements = {16386, 16387, 16388}
            },
            remote_query = Query {commandType: CMD_SELECT, querySource: QSRC_ORIGINAL, queryId: 0, canSetTag: false, resultRelation: 0, hasAggs: false, hasWindowFuncs: false, hasTargetSRFs: false, hasSubLinks: false, hasDistinctOn: false, hasRecursive: false, hasModifyingCTE: false, hasForUpdate: false, hasRowSecurity: false, override: OVERRIDING_NOT_SET, limitOption: LIMIT_OPTION_COUNT, stmt_location: 0, stmt_len: 0, is_local: false, has_to_save_cmd_id: false, in_sub_plan: false, in_explain: false} = {
              rtable = List with 1 elements = {
                0 = RangeTblEntry {rtekind: RTE_RELATION, relname: 'supplier', relid: 270666, relkind: 114 'r', rellockmode: 1, security_barrier: false, jointype: JOIN_INNER, joinmergedcols: 0, funcordinality: false, ctename: 0x0, ctelevelsup: 0, self_reference: false, enrname: 0x0, enrtuples: 0, param_new: -1, param_old: -1, mt_result: 0x0, defaultCols: 0x0, rows: 0, lateral: false, inh: false, inFromCl: true, requiredPerms: 2, checkAsUser: 0, selectedCols: (b 11 12 13 14 15 16 17), insertedCols: 0x0, updatedCols: 0x0, extraUpdatedCols: 0x0} = {
                  alias = Alias aliasname: 'supplier',
                  eref = Alias aliasname: 'supplier' = {
                    colnames = List with 7 elements = {
                      0 = String[ 's_suppkey' ],
                      1 = String[ 's_name' ],
                      2 = String[ 's_address' ],
                      3 = String[ 's_nationkey' ],
                      4 = String[ 's_phone' ],
                      5 = String[ 's_acctbal' ],
                      6 = String[ 's_comment' ]
                    }
                  }
                }
              },
              jointree = FromExpr  = {
                fromlist = List with 1 elements = {
                  0 = RangeTblRef rtindex: 1
                },
                quals = Const {consttype: 16, consttypmod: -1, constcollid: 0, constlen: 1, constvalue: 1, constisnull: false, constbyval: true, location: -1}
              },
              targetList = List with 7 elements = {
                0 = TargetEntry {resno: 1, resname: 0x0, ressortgroupref: 0, resorigtbl: 0, resorigcol: 0, resjunk: false} = {
                  expr = Var {varno: 1, varattno: 6, vartype: 1700, vartypmod: 983046, varcollid: 0, varlevelsup: 0, varnosyn: 0, varattnosyn: 6, location: 9}
                },
                1 = TargetEntry {resno: 2, resname: 0x0, ressortgroupref: 0, resorigtbl: 0, resorigcol: 0, resjunk: false} = {
                  expr = Var {varno: 1, varattno: 2, vartype: 1042, vartypmod: 29, varcollid: 100, varlevelsup: 0, varnosyn: 0, varattnosyn: 2, location: 22}
                },
                2 = TargetEntry {resno: 3, resname: 0x0, ressortgroupref: 0, resorigtbl: 0, resorigcol: 0, resjunk: false} = {
                  expr = Var {varno: 1, varattno: 3, vartype: 1043, vartypmod: 44, varcollid: 100, varlevelsup: 0, varnosyn: 0, varattnosyn: 3, location: 65}
                },
                3 = TargetEntry {resno: 4, resname: 0x0, ressortgroupref: 0, resorigtbl: 0, resorigcol: 0, resjunk: false} = {
                  expr = Var {varno: 1, varattno: 5, vartype: 1042, vartypmod: 19, varcollid: 100, varlevelsup: 0, varnosyn: 0, varattnosyn: 5, location: 78}
                },
                4 = TargetEntry {resno: 5, resname: 0x0, ressortgroupref: 0, resorigtbl: 0, resorigcol: 0, resjunk: false} = {
                  expr = Var {varno: 1, varattno: 7, vartype: 1043, vartypmod: 105, varcollid: 100, varlevelsup: 0, varnosyn: 0, varattnosyn: 7, location: 89}
                },
                5 = TargetEntry {resno: 6, resname: 0x0, ressortgroupref: 0, resorigtbl: 0, resorigcol: 0, resjunk: false} = {
                  expr = Var {varno: 1, varattno: 1, vartype: 23, vartypmod: -1, varcollid: 0, varlevelsup: 0, varnosyn: 0, varattnosyn: 1, location: 192}
                },
                6 = TargetEntry {resno: 7, resname: 0x0, ressortgroupref: 0, resorigtbl: 0, resorigcol: 0, resjunk: false} = {
                  expr = Var {varno: 1, varattno: 4, vartype: 23, vartypmod: -1, varcollid: 0, varlevelsup: 0, varnosyn: 0, varattnosyn: 4, location: 266}
                }
              }
            },
            base_tlist = List with 7 elements = {
              0 = TargetEntry {resno: 1, resname: 0x0, ressortgroupref: 0, resorigtbl: 0, resorigcol: 0, resjunk: false} = {
                expr = Var {varno: 2, varattno: 6, vartype: 1700, vartypmod: 983046, varcollid: 0, varlevelsup: 0, varnosyn: 2, varattnosyn: 6, location: 9}
              },
              1 = TargetEntry {resno: 2, resname: 0x0, ressortgroupref: 0, resorigtbl: 0, resorigcol: 0, resjunk: false} = {
                expr = Var {varno: 2, varattno: 2, vartype: 1042, vartypmod: 29, varcollid: 100, varlevelsup: 0, varnosyn: 2, varattnosyn: 2, location: 22}
              },
              2 = TargetEntry {resno: 3, resname: 0x0, ressortgroupref: 0, resorigtbl: 0, resorigcol: 0, resjunk: false} = {
                expr = Var {varno: 2, varattno: 3, vartype: 1043, vartypmod: 44, varcollid: 100, varlevelsup: 0, varnosyn: 2, varattnosyn: 3, location: 65}
              },
              3 = TargetEntry {resno: 4, resname: 0x0, ressortgroupref: 0, resorigtbl: 0, resorigcol: 0, resjunk: false} = {
                expr = Var {varno: 2, varattno: 5, vartype: 1042, vartypmod: 19, varcollid: 100, varlevelsup: 0, varnosyn: 2, varattnosyn: 5, location: 78}
              },
              4 = TargetEntry {resno: 5, resname: 0x0, ressortgroupref: 0, resorigtbl: 0, resorigcol: 0, resjunk: false} = {
                expr = Var {varno: 2, varattno: 7, vartype: 1043, vartypmod: 105, varcollid: 100, varlevelsup: 0, varnosyn: 2, varattnosyn: 7, location: 89}
              },
              5 = TargetEntry {resno: 6, resname: 0x0, ressortgroupref: 0, resorigtbl: 0, resorigcol: 0, resjunk: false} = {
                expr = Var {varno: 2, varattno: 1, vartype: 23, vartypmod: -1, varcollid: 0, varlevelsup: 0, varnosyn: 2, varattnosyn: 1, location: 192}
              },
              6 = TargetEntry {resno: 7, resname: 0x0, ressortgroupref: 0, resorigtbl: 0, resorigcol: 0, resjunk: false} = {
                expr = Var {varno: 2, varattno: 4, vartype: 23, vartypmod: -1, varcollid: 0, varlevelsup: 0, varnosyn: 2, varattnosyn: 4, location: 266}
              }
            },
            coord_var_tlist = List with 7 elements = {
              0 = TargetEntry {resno: 1, resname: 0x0, ressortgroupref: 0, resorigtbl: 0, resorigcol: 0, resjunk: false} = {
                expr = Var {varno: 2, varattno: 6, vartype: 1700, vartypmod: 983046, varcollid: 0, varlevelsup: 0, varnosyn: 2, varattnosyn: 6, location: 9}
              },
              1 = TargetEntry {resno: 2, resname: 0x0, ressortgroupref: 0, resorigtbl: 0, resorigcol: 0, resjunk: false} = {
                expr = Var {varno: 2, varattno: 2, vartype: 1042, vartypmod: 29, varcollid: 100, varlevelsup: 0, varnosyn: 2, varattnosyn: 2, location: 22}
              },
              2 = TargetEntry {resno: 3, resname: 0x0, ressortgroupref: 0, resorigtbl: 0, resorigcol: 0, resjunk: false} = {
                expr = Var {varno: 2, varattno: 3, vartype: 1043, vartypmod: 44, varcollid: 100, varlevelsup: 0, varnosyn: 2, varattnosyn: 3, location: 65}
              },
              3 = TargetEntry {resno: 4, resname: 0x0, ressortgroupref: 0, resorigtbl: 0, resorigcol: 0, resjunk: false} = {
                expr = Var {varno: 2, varattno: 5, vartype: 1042, vartypmod: 19, varcollid: 100, varlevelsup: 0, varnosyn: 2, varattnosyn: 5, location: 78}
              },
              4 = TargetEntry {resno: 5, resname: 0x0, ressortgroupref: 0, resorigtbl: 0, resorigcol: 0, resjunk: false} = {
                expr = Var {varno: 2, varattno: 7, vartype: 1043, vartypmod: 105, varcollid: 100, varlevelsup: 0, varnosyn: 2, varattnosyn: 7, location: 89}
              },
              5 = TargetEntry {resno: 6, resname: 0x0, ressortgroupref: 0, resorigtbl: 0, resorigcol: 0, resjunk: false} = {
                expr = Var {varno: 2, varattno: 1, vartype: 23, vartypmod: -1, varcollid: 0, varlevelsup: 0, varnosyn: 2, varattnosyn: 1, location: 192}
              },
              6 = TargetEntry {resno: 7, resname: 0x0, ressortgroupref: 0, resorigtbl: 0, resorigcol: 0, resjunk: false} = {
                expr = Var {varno: 2, varattno: 4, vartype: 23, vartypmod: -1, varcollid: 0, varlevelsup: 0, varnosyn: 2, varattnosyn: 4, location: 266}
              }
            },
            query_var_tlist = List with 7 elements = {
              0 = TargetEntry {resno: 1, resname: 0x0, ressortgroupref: 0, resorigtbl: 0, resorigcol: 0, resjunk: false} = {
                expr = Var {varno: 1, varattno: 6, vartype: 1700, vartypmod: 983046, varcollid: 0, varlevelsup: 0, varnosyn: 0, varattnosyn: 6, location: 9}
              },
              1 = TargetEntry {resno: 2, resname: 0x0, ressortgroupref: 0, resorigtbl: 0, resorigcol: 0, resjunk: false} = {
                expr = Var {varno: 1, varattno: 2, vartype: 1042, vartypmod: 29, varcollid: 100, varlevelsup: 0, varnosyn: 0, varattnosyn: 2, location: 22}
              },
              2 = TargetEntry {resno: 3, resname: 0x0, ressortgroupref: 0, resorigtbl: 0, resorigcol: 0, resjunk: false} = {
                expr = Var {varno: 1, varattno: 3, vartype: 1043, vartypmod: 44, varcollid: 100, varlevelsup: 0, varnosyn: 0, varattnosyn: 3, location: 65}
              },
              3 = TargetEntry {resno: 4, resname: 0x0, ressortgroupref: 0, resorigtbl: 0, resorigcol: 0, resjunk: false} = {
                expr = Var {varno: 1, varattno: 5, vartype: 1042, vartypmod: 19, varcollid: 100, varlevelsup: 0, varnosyn: 0, varattnosyn: 5, location: 78}
              },
              4 = TargetEntry {resno: 5, resname: 0x0, ressortgroupref: 0, resorigtbl: 0, resorigcol: 0, resjunk: false} = {
                expr = Var {varno: 1, varattno: 7, vartype: 1043, vartypmod: 105, varcollid: 100, varlevelsup: 0, varnosyn: 0, varattnosyn: 7, location: 89}
              },
              5 = TargetEntry {resno: 6, resname: 0x0, ressortgroupref: 0, resorigtbl: 0, resorigcol: 0, resjunk: false} = {
                expr = Var {varno: 1, varattno: 1, vartype: 23, vartypmod: -1, varcollid: 0, varlevelsup: 0, varnosyn: 0, varattnosyn: 1, location: 192}
              },
              6 = TargetEntry {resno: 7, resname: 0x0, ressortgroupref: 0, resorigtbl: 0, resorigcol: 0, resjunk: false} = {
                expr = Var {varno: 1, varattno: 4, vartype: 23, vartypmod: -1, varcollid: 0, varlevelsup: 0, varnosyn: 0, varattnosyn: 4, location: 266}
              }
            }
          },
          join.joinqual = List with 1 elements = {
            0 = OpExpr {opno: 96, opfuncid: 65, opresulttype: 16, opretset: false, opcollid: 0, inputcollid: 0, location: -1} = {
              args = List with 2 elements = {
                0 = Var {varno: 65001, varattno: 2, vartype: 23, vartypmod: -1, varcollid: 0, varlevelsup: 0, varnosyn: 4, varattnosyn: 1, location: 280},
                1 = Var {varno: 65000, varattno: 7, vartype: 23, vartypmod: -1, varcollid: 0, varlevelsup: 0, varnosyn: 2, varattnosyn: 4, location: 266}
              }
            }
          }
        },
        join.plan.righttree = RemoteQuery (cost=0.00..163.00 rows=57 width=26 plan_id=9 parallel_aware=False parallel_safe = False) {scan.scanrelid: 9, exec_direct_type: EXEC_DIRECT_NONE, sql_statement: 'SELECT ps_partkey, ps_suppkey, ps_supplycost FROM ONLY public.partsupp partsupp WHERE true', sql_node: 0x0, combine_type: COMBINE_TYPE_NONE, read_only: true, force_autocommit: false, statement: 0x0, cursor: 0x0, rq_num_params: 0, rq_params_internal: false, exec_type: EXEC_ON_DATANODES, is_temp: false, rq_finalise_aggs: false, rq_sortgroup_colno: false, has_row_marks: false, rq_save_command_id: false, rq_use_pk_for_rep_change: false, rq_max_param_num: 0} = {
          scan.plan.targetlist = List with 3 elements = {
            0 = TargetEntry {resno: 1, resname: 0x0, ressortgroupref: 0, resorigtbl: 0, resorigcol: 0, resjunk: false} = {
              expr = Var {varno: 9, varattno: 1, vartype: 23, vartypmod: -1, varcollid: 0, varlevelsup: 0, varnosyn: 3, varattnosyn: 1, location: 175}
            },
            1 = TargetEntry {resno: 2, resname: 0x0, ressortgroupref: 0, resorigtbl: 0, resorigcol: 0, resjunk: false} = {
              expr = Var {varno: 9, varattno: 2, vartype: 23, vartypmod: -1, varcollid: 0, varlevelsup: 0, varnosyn: 3, varattnosyn: 2, location: 204}
            },
            2 = TargetEntry {resno: 3, resname: 0x0, ressortgroupref: 0, resorigtbl: 0, resorigcol: 0, resjunk: false} = {
              expr = Var {varno: 9, varattno: 3, vartype: 1700, vartypmod: 983046, varcollid: 0, varlevelsup: 0, varnosyn: 3, varattnosyn: 4, location: 354}
            }
          },
          exec_nodes = ExecNodes {accesstype: RELATION_ACCESS_READ, baselocatortype: 72 'H', en_relid: 0, en_funcid: 0} = {
            en_dist_vars = List with 1 elements = {
              0 = Var {varno: 3, varattno: 1, vartype: 23, vartypmod: -1, varcollid: 0, varlevelsup: 0, varnosyn: 3, varattnosyn: 1, location: 175}
            },
            nodeids = OidList with 3 elements = {16386, 16387, 16388}
          },
          remote_query = Query {commandType: CMD_SELECT, querySource: QSRC_ORIGINAL, queryId: 0, canSetTag: false, resultRelation: 0, hasAggs: false, hasWindowFuncs: false, hasTargetSRFs: false, hasSubLinks: false, hasDistinctOn: false, hasRecursive: false, hasModifyingCTE: false, hasForUpdate: false, hasRowSecurity: false, override: OVERRIDING_NOT_SET, limitOption: LIMIT_OPTION_COUNT, stmt_location: 0, stmt_len: 0, is_local: false, has_to_save_cmd_id: false, in_sub_plan: false, in_explain: false} = {
            rtable = List with 1 elements = {
              0 = RangeTblEntry {rtekind: RTE_RELATION, relname: 'partsupp', relid: 270669, relkind: 114 'r', rellockmode: 1, security_barrier: false, jointype: JOIN_INNER, joinmergedcols: 0, funcordinality: false, ctename: 0x0, ctelevelsup: 0, self_reference: false, enrname: 0x0, enrtuples: 0, param_new: -1, param_old: -1, mt_result: 0x0, defaultCols: 0x0, rows: 0, lateral: false, inh: false, inFromCl: true, requiredPerms: 2, checkAsUser: 0, selectedCols: (b 11 12 14), insertedCols: 0x0, updatedCols: 0x0, extraUpdatedCols: 0x0} = {
                alias = Alias aliasname: 'partsupp',
                eref = Alias aliasname: 'partsupp' = {
                  colnames = List with 5 elements = {
                    0 = String[ 'ps_partkey' ],
                    1 = String[ 'ps_suppkey' ],
                    2 = String[ 'ps_availqty' ],
                    3 = String[ 'ps_supplycost' ],
                    4 = String[ 'ps_comment' ]
                  }
                }
              }
            },
            jointree = FromExpr  = {
              fromlist = List with 1 elements = {
                0 = RangeTblRef rtindex: 1
              },
              quals = Const {consttype: 16, consttypmod: -1, constcollid: 0, constlen: 1, constvalue: 1, constisnull: false, constbyval: true, location: -1}
            },
            targetList = List with 3 elements = {
              0 = TargetEntry {resno: 1, resname: 0x0, ressortgroupref: 0, resorigtbl: 0, resorigcol: 0, resjunk: false} = {
                expr = Var {varno: 1, varattno: 1, vartype: 23, vartypmod: -1, varcollid: 0, varlevelsup: 0, varnosyn: 0, varattnosyn: 1, location: 175}
              },
              1 = TargetEntry {resno: 2, resname: 0x0, ressortgroupref: 0, resorigtbl: 0, resorigcol: 0, resjunk: false} = {
                expr = Var {varno: 1, varattno: 2, vartype: 23, vartypmod: -1, varcollid: 0, varlevelsup: 0, varnosyn: 0, varattnosyn: 2, location: 204}
              },
              2 = TargetEntry {resno: 3, resname: 0x0, ressortgroupref: 0, resorigtbl: 0, resorigcol: 0, resjunk: false} = {
                expr = Var {varno: 1, varattno: 4, vartype: 1700, vartypmod: 983046, varcollid: 0, varlevelsup: 0, varnosyn: 0, varattnosyn: 4, location: 354}
              }
            }
          },
          base_tlist = List with 3 elements = {
            0 = TargetEntry {resno: 1, resname: 0x0, ressortgroupref: 0, resorigtbl: 0, resorigcol: 0, resjunk: false} = {
              expr = Var {varno: 3, varattno: 1, vartype: 23, vartypmod: -1, varcollid: 0, varlevelsup: 0, varnosyn: 3, varattnosyn: 1, location: 175}
            },
            1 = TargetEntry {resno: 2, resname: 0x0, ressortgroupref: 0, resorigtbl: 0, resorigcol: 0, resjunk: false} = {
              expr = Var {varno: 3, varattno: 2, vartype: 23, vartypmod: -1, varcollid: 0, varlevelsup: 0, varnosyn: 3, varattnosyn: 2, location: 204}
            },
            2 = TargetEntry {resno: 3, resname: 0x0, ressortgroupref: 0, resorigtbl: 0, resorigcol: 0, resjunk: false} = {
              expr = Var {varno: 3, varattno: 4, vartype: 1700, vartypmod: 983046, varcollid: 0, varlevelsup: 0, varnosyn: 3, varattnosyn: 4, location: 354}
            }
          },
          coord_var_tlist = List with 3 elements = {
            0 = TargetEntry {resno: 1, resname: 0x0, ressortgroupref: 0, resorigtbl: 0, resorigcol: 0, resjunk: false} = {
              expr = Var {varno: 3, varattno: 1, vartype: 23, vartypmod: -1, varcollid: 0, varlevelsup: 0, varnosyn: 3, varattnosyn: 1, location: 175}
            },
            1 = TargetEntry {resno: 2, resname: 0x0, ressortgroupref: 0, resorigtbl: 0, resorigcol: 0, resjunk: false} = {
              expr = Var {varno: 3, varattno: 2, vartype: 23, vartypmod: -1, varcollid: 0, varlevelsup: 0, varnosyn: 3, varattnosyn: 2, location: 204}
            },
            2 = TargetEntry {resno: 3, resname: 0x0, ressortgroupref: 0, resorigtbl: 0, resorigcol: 0, resjunk: false} = {
              expr = Var {varno: 3, varattno: 4, vartype: 1700, vartypmod: 983046, varcollid: 0, varlevelsup: 0, varnosyn: 3, varattnosyn: 4, location: 354}
            }
          },
          query_var_tlist = List with 3 elements = {
            0 = TargetEntry {resno: 1, resname: 0x0, ressortgroupref: 0, resorigtbl: 0, resorigcol: 0, resjunk: false} = {
              expr = Var {varno: 1, varattno: 1, vartype: 23, vartypmod: -1, varcollid: 0, varlevelsup: 0, varnosyn: 0, varattnosyn: 1, location: 175}
            },
            1 = TargetEntry {resno: 2, resname: 0x0, ressortgroupref: 0, resorigtbl: 0, resorigcol: 0, resjunk: false} = {
              expr = Var {varno: 1, varattno: 2, vartype: 23, vartypmod: -1, varcollid: 0, varlevelsup: 0, varnosyn: 0, varattnosyn: 2, location: 204}
            },
            2 = TargetEntry {resno: 3, resname: 0x0, ressortgroupref: 0, resorigtbl: 0, resorigcol: 0, resjunk: false} = {
              expr = Var {varno: 1, varattno: 4, vartype: 1700, vartypmod: 983046, varcollid: 0, varlevelsup: 0, varnosyn: 0, varattnosyn: 4, location: 354}
            }
          }
        },
        join.joinqual = List with 1 elements = {
          0 = OpExpr {opno: 96, opfuncid: 65, opresulttype: 16, opretset: false, opcollid: 0, inputcollid: 0, location: -1} = {
            args = List with 2 elements = {
              0 = Var {varno: 65001, varattno: 6, vartype: 23, vartypmod: -1, varcollid: 0, varlevelsup: 0, varnosyn: 2, varattnosyn: 1, location: 192},
              1 = Var {varno: 65000, varattno: 2, vartype: 23, vartypmod: -1, varcollid: 0, varlevelsup: 0, varnosyn: 3, varattnosyn: 2, location: 204}
            }
          }
        }
      },
      join.plan.righttree = Hash (cost=154.80..154.80 rows=1 width=108 plan_id=10 parallel_aware=False parallel_safe = False) {skewTable: 0, skewColumn: 0, skewInherit: false, rows_total: 0} = {
        plan.targetlist = List with 2 elements = {
          0 = TargetEntry {resno: 1, resname: 0x0, ressortgroupref: 0, resorigtbl: 0, resorigcol: 0, resjunk: false} = {
            expr = Var {varno: 65001, varattno: 1, vartype: 23, vartypmod: -1, varcollid: 0, varlevelsup: 0, varnosyn: 1, varattnosyn: 1, location: -1}
          },
          1 = TargetEntry {resno: 2, resname: 0x0, ressortgroupref: 0, resorigtbl: 0, resorigcol: 0, resjunk: false} = {
            expr = Var {varno: 65001, varattno: 2, vartype: 1042, vartypmod: 29, varcollid: 100, varlevelsup: 0, varnosyn: 1, varattnosyn: 3, location: -1}
          }
        },
        plan.lefttree = RemoteQuery (cost=0.00..154.80 rows=1 width=108 plan_id=11 parallel_aware=False parallel_safe = False) {scan.scanrelid: 10, exec_direct_type: EXEC_DIRECT_NONE, sql_statement: 'SELECT p_partkey, p_mfgr FROM ONLY public.part part WHERE (((p_type)::text ~~ '%BRASS'::text) AND (p', sql_node: 0x0, combine_type: COMBINE_TYPE_NONE, read_only: true, force_autocommit: false, statement: 0x0, cursor: 0x0, rq_num_params: 0, rq_params_internal: false, exec_type: EXEC_ON_DATANODES, is_temp: false, rq_finalise_aggs: false, rq_sortgroup_colno: false, has_row_marks: false, rq_save_command_id: false, rq_use_pk_for_rep_change: false, rq_max_param_num: 0} = {
          scan.plan.targetlist = List with 2 elements = {
            0 = TargetEntry {resno: 1, resname: 0x0, ressortgroupref: 0, resorigtbl: 0, resorigcol: 0, resjunk: false} = {
              expr = Var {varno: 10, varattno: 1, vartype: 23, vartypmod: -1, varcollid: 0, varlevelsup: 0, varnosyn: 1, varattnosyn: 1, location: 42}
            },
            1 = TargetEntry {resno: 2, resname: 0x0, ressortgroupref: 0, resorigtbl: 0, resorigcol: 0, resjunk: false} = {
              expr = Var {varno: 10, varattno: 2, vartype: 1042, vartypmod: 29, varcollid: 100, varlevelsup: 0, varnosyn: 1, varattnosyn: 3, location: 55}
            }
          },
          exec_nodes = ExecNodes {accesstype: RELATION_ACCESS_READ, baselocatortype: 72 'H', en_relid: 0, en_funcid: 0} = {
            en_dist_vars = List with 1 elements = {
              0 = Var {varno: 1, varattno: 1, vartype: 23, vartypmod: -1, varcollid: 0, varlevelsup: 0, varnosyn: 1, varattnosyn: 1, location: 42}
            },
            nodeids = OidList with 3 elements = {16386, 16387, 16388}
          },
          remote_query = Query {commandType: CMD_SELECT, querySource: QSRC_ORIGINAL, queryId: 0, canSetTag: false, resultRelation: 0, hasAggs: false, hasWindowFuncs: false, hasTargetSRFs: false, hasSubLinks: false, hasDistinctOn: false, hasRecursive: false, hasModifyingCTE: false, hasForUpdate: false, hasRowSecurity: false, override: OVERRIDING_NOT_SET, limitOption: LIMIT_OPTION_COUNT, stmt_location: 0, stmt_len: 0, is_local: false, has_to_save_cmd_id: false, in_sub_plan: false, in_explain: false} = {
            rtable = List with 1 elements = {
              0 = RangeTblEntry {rtekind: RTE_RELATION, relname: 'part', relid: 270663, relkind: 114 'r', rellockmode: 1, security_barrier: false, jointype: JOIN_INNER, joinmergedcols: 0, funcordinality: false, ctename: 0x0, ctelevelsup: 0, self_reference: false, enrname: 0x0, enrtuples: 0, param_new: -1, param_old: -1, mt_result: 0x0, defaultCols: 0x0, rows: 0, lateral: false, inh: false, inFromCl: true, requiredPerms: 2, checkAsUser: 0, selectedCols: (b 11 13 15 16), insertedCols: 0x0, updatedCols: 0x0, extraUpdatedCols: 0x0} = {
                alias = Alias aliasname: 'part',
                eref = Alias aliasname: 'part' = {
                  colnames = List with 9 elements = {
                    0 = String[ 'p_partkey' ],
                    1 = String[ 'p_name' ],
                    2 = String[ 'p_mfgr' ],
                    3 = String[ 'p_brand' ],
                    4 = String[ 'p_type' ],
                    5 = String[ 'p_size' ],
                    6 = String[ 'p_container' ],
                    7 = String[ 'p_retailprice' ],
                    8 = String[ 'p_comment' ]
                  }
                }
              }
            },
            jointree = FromExpr  = {
              fromlist = List with 1 elements = {
                0 = RangeTblRef rtindex: 1
              },
              quals = BoolExpr {boolop: AND_EXPR, location: -1} = {
                args = List with 2 elements = {
                  0 = OpExpr {opno: 1209, opfuncid: 850, opresulttype: 16, opretset: false, opcollid: 0, inputcollid: 100, location: 246} = {
                    args = List with 2 elements = {
                      0 = RelabelType {resulttype: 25, resulttypmod: -1, resultcollid: 100, relabelformat: COERCE_IMPLICIT_CAST, location: -1} = {
                        arg = Var {varno: 1, varattno: 5, vartype: 1043, vartypmod: 29, varcollid: 100, varlevelsup: 0, varnosyn: 0, varattnosyn: 5, location: 239}
                      },
                      1 = Const {consttype: 25, consttypmod: -1, constcollid: 100, constlen: -1, constvalue: 94501924608520, constisnull: false, constbyval: false, location: 251}
                    }
                  },
                  1 = OpExpr {opno: 96, opfuncid: 65, opresulttype: 16, opretset: false, opcollid: 0, inputcollid: 0, location: 228} = {
                    args = List with 2 elements = {
                      0 = Var {varno: 1, varattno: 6, vartype: 23, vartypmod: -1, varcollid: 0, varlevelsup: 0, varnosyn: 0, varattnosyn: 6, location: 221},
                      1 = Const {consttype: 23, consttypmod: -1, constcollid: 0, constlen: 4, constvalue: 15, constisnull: false, constbyval: true, location: 230}
                    }
                  }
                }
              }
            },
            targetList = List with 2 elements = {
              0 = TargetEntry {resno: 1, resname: 0x0, ressortgroupref: 0, resorigtbl: 0, resorigcol: 0, resjunk: false} = {
                expr = Var {varno: 1, varattno: 1, vartype: 23, vartypmod: -1, varcollid: 0, varlevelsup: 0, varnosyn: 0, varattnosyn: 1, location: 42}
              },
              1 = TargetEntry {resno: 2, resname: 0x0, ressortgroupref: 0, resorigtbl: 0, resorigcol: 0, resjunk: false} = {
                expr = Var {varno: 1, varattno: 3, vartype: 1042, vartypmod: 29, varcollid: 100, varlevelsup: 0, varnosyn: 0, varattnosyn: 3, location: 55}
              }
            }
          },
          base_tlist = List with 2 elements = {
            0 = TargetEntry {resno: 1, resname: 0x0, ressortgroupref: 0, resorigtbl: 0, resorigcol: 0, resjunk: false} = {
              expr = Var {varno: 1, varattno: 1, vartype: 23, vartypmod: -1, varcollid: 0, varlevelsup: 0, varnosyn: 1, varattnosyn: 1, location: 42}
            },
            1 = TargetEntry {resno: 2, resname: 0x0, ressortgroupref: 0, resorigtbl: 0, resorigcol: 0, resjunk: false} = {
              expr = Var {varno: 1, varattno: 3, vartype: 1042, vartypmod: 29, varcollid: 100, varlevelsup: 0, varnosyn: 1, varattnosyn: 3, location: 55}
            }
          },
          coord_var_tlist = List with 2 elements = {
            0 = TargetEntry {resno: 1, resname: 0x0, ressortgroupref: 0, resorigtbl: 0, resorigcol: 0, resjunk: false} = {
              expr = Var {varno: 1, varattno: 1, vartype: 23, vartypmod: -1, varcollid: 0, varlevelsup: 0, varnosyn: 1, varattnosyn: 1, location: 42}
            },
            1 = TargetEntry {resno: 2, resname: 0x0, ressortgroupref: 0, resorigtbl: 0, resorigcol: 0, resjunk: false} = {
              expr = Var {varno: 1, varattno: 3, vartype: 1042, vartypmod: 29, varcollid: 100, varlevelsup: 0, varnosyn: 1, varattnosyn: 3, location: 55}
            }
          },
          query_var_tlist = List with 2 elements = {
            0 = TargetEntry {resno: 1, resname: 0x0, ressortgroupref: 0, resorigtbl: 0, resorigcol: 0, resjunk: false} = {
              expr = Var {varno: 1, varattno: 1, vartype: 23, vartypmod: -1, varcollid: 0, varlevelsup: 0, varnosyn: 0, varattnosyn: 1, location: 42}
            },
            1 = TargetEntry {resno: 2, resname: 0x0, ressortgroupref: 0, resorigtbl: 0, resorigcol: 0, resjunk: false} = {
              expr = Var {varno: 1, varattno: 3, vartype: 1042, vartypmod: 29, varcollid: 100, varlevelsup: 0, varnosyn: 0, varattnosyn: 3, location: 55}
            }
          }
        },
        hashkeys = List with 2 elements = {
          0 = Var {varno: 65001, varattno: 1, vartype: 23, vartypmod: -1, varcollid: 0, varlevelsup: 0, varnosyn: 1, varattnosyn: 1, location: 163},
          1 = SubPlan {subLinkType: EXPR_SUBLINK, plan_id: 1, plan_name: 'SubPlan 1', firstColType: 1700, firstColTypmod: -1, firstColCollation: 0, useHashTable: false, unknownEqFalse: false, parallel_safe: false, startup_cost: 0, per_call_cost: 636.21249999999998} = {
            parParam = IntList with 1 elements = {0},
            args = List with 1 elements = {
              0 = Var {varno: 65001, varattno: 1, vartype: 23, vartypmod: -1, varcollid: 0, varlevelsup: 0, varnosyn: 1, varattnosyn: 1, location: 492}
            }
          }
        }
      },
      hashclauses = List with 2 elements = {
        0 = OpExpr {opno: 96, opfuncid: 65, opresulttype: 16, opretset: false, opcollid: 0, inputcollid: 0, location: -1} = {
          args = List with 2 elements = {
            0 = Var {varno: 65001, varattno: 6, vartype: 23, vartypmod: -1, varcollid: 0, varlevelsup: 0, varnosyn: 3, varattnosyn: 1, location: 175},
            1 = Var {varno: 65000, varattno: 1, vartype: 23, vartypmod: -1, varcollid: 0, varlevelsup: 0, varnosyn: 1, varattnosyn: 1, location: 163}
          }
        },
        1 = OpExpr {opno: 1752, opfuncid: 1718, opresulttype: 16, opretset: false, opcollid: 0, inputcollid: 0, location: -1} = {
          args = List with 2 elements = {
            0 = Var {varno: 65001, varattno: 7, vartype: 1700, vartypmod: 983046, varcollid: 0, varlevelsup: 0, varnosyn: 3, varattnosyn: 4, location: 354},
            1 = SubPlan {subLinkType: EXPR_SUBLINK, plan_id: 1, plan_name: 'SubPlan 1', firstColType: 1700, firstColTypmod: -1, firstColCollation: 0, useHashTable: false, unknownEqFalse: false, parallel_safe: false, startup_cost: 0, per_call_cost: 636.21249999999998} = {
              parParam = IntList with 1 elements = {0},
              args = List with 1 elements = {
                0 = Var {varno: 65000, varattno: 1, vartype: 23, vartypmod: -1, varcollid: 0, varlevelsup: 0, varnosyn: 1, varattnosyn: 1, location: 492}
              }
            }
          }
        }
      },
      hashoperators = OidList with 2 elements = {96, 1752},
      hashcollations = OidList with 2 elements = {0, 0},
      hashkeys = List with 2 elements = {
        0 = Var {varno: 65001, varattno: 6, vartype: 23, vartypmod: -1, varcollid: 0, varlevelsup: 0, varnosyn: 3, varattnosyn: 1, location: 175},
        1 = Var {varno: 65001, varattno: 7, vartype: 1700, vartypmod: 983046, varcollid: 0, varlevelsup: 0, varnosyn: 3, varattnosyn: 4, location: 354}
      }
    }
  },
  limitCount = Const {consttype: 20, consttypmod: -1, constcollid: 0, constlen: 8, constvalue: 100, constisnull: false, constbyval: true, location: -1}
}

Breakpoint 1, standard_planner (parse=0x55f2f17aeaf0, query_string=0x55f2f1676670 "select\n  l_orderkey,\n  sum(l_extendedprice * (1 - l_discount)) as revenue,\n  o_orderdate,\n  o_shippriority\nfrom\n  customer,\n  orders,\n  lineitem\nwhere\n  c_mktsegment = 'BUILDING'\n  and c_custkey = o_c"..., cursorOptions=33024, boundParams=0x0) at /workspaces/AntDB/src/backend/optimizer/plan/planner.c:661
661		top_plan = create_plan(root, best_path);
$7 = Query {commandType: CMD_SELECT, querySource: QSRC_ORIGINAL, queryId: 0, canSetTag: true, resultRelation: 0, hasAggs: true, hasWindowFuncs: false, hasTargetSRFs: false, hasSubLinks: false, hasDistinctOn: false, hasRecursive: false, hasModifyingCTE: false, hasForUpdate: false, hasRowSecurity: false, override: OVERRIDING_NOT_SET, limitOption: LIMIT_OPTION_COUNT, stmt_location: 0, stmt_len: 414, is_local: false, has_to_save_cmd_id: false, in_sub_plan: false, in_explain: false} = {
  rtable = List with 3 elements = {
    0 = RangeTblEntry {rtekind: RTE_RELATION, relname: 'customer', relid: 270672, relkind: 114 'r', rellockmode: 1, security_barrier: false, jointype: JOIN_INNER, joinmergedcols: 0, funcordinality: false, ctename: 0x0, ctelevelsup: 0, self_reference: false, enrname: 0x0, enrtuples: 0, param_new: -1, param_old: -1, mt_result: 0x0, defaultCols: 0x0, rows: 0, lateral: false, inh: false, inFromCl: true, requiredPerms: 2, checkAsUser: 0, selectedCols: (b 11 17), insertedCols: 0x0, updatedCols: 0x0, extraUpdatedCols: 0x0} = {
      eref = Alias aliasname: 'customer' = {
        colnames = List with 8 elements = {
          0 = String[ 'c_custkey' ],
          1 = String[ 'c_name' ],
          2 = String[ 'c_address' ],
          3 = String[ 'c_nationkey' ],
          4 = String[ 'c_phone' ],
          5 = String[ 'c_acctbal' ],
          6 = String[ 'c_mktsegment' ],
          7 = String[ 'c_comment' ]
        }
      }
    },
    1 = RangeTblEntry {rtekind: RTE_RELATION, relname: 'orders', relid: 270675, relkind: 114 'r', rellockmode: 1, security_barrier: false, jointype: JOIN_INNER, joinmergedcols: 0, funcordinality: false, ctename: 0x0, ctelevelsup: 0, self_reference: false, enrname: 0x0, enrtuples: 0, param_new: -1, param_old: -1, mt_result: 0x0, defaultCols: 0x0, rows: 0, lateral: false, inh: false, inFromCl: true, requiredPerms: 2, checkAsUser: 0, selectedCols: (b 11 12 15 18), insertedCols: 0x0, updatedCols: 0x0, extraUpdatedCols: 0x0} = {
      eref = Alias aliasname: 'orders' = {
        colnames = List with 9 elements = {
          0 = String[ 'o_orderkey' ],
          1 = String[ 'o_custkey' ],
          2 = String[ 'o_orderstatus' ],
          3 = String[ 'o_totalprice' ],
          4 = String[ 'o_orderdate' ],
          5 = String[ 'o_orderpriority' ],
          6 = String[ 'o_clerk' ],
          7 = String[ 'o_shippriority' ],
          8 = String[ 'o_comment' ]
        }
      }
    },
    2 = RangeTblEntry {rtekind: RTE_RELATION, relname: 'lineitem', relid: 270678, relkind: 114 'r', rellockmode: 1, security_barrier: false, jointype: JOIN_INNER, joinmergedcols: 0, funcordinality: false, ctename: 0x0, ctelevelsup: 0, self_reference: false, enrname: 0x0, enrtuples: 0, param_new: -1, param_old: -1, mt_result: 0x0, defaultCols: 0x0, rows: 0, lateral: false, inh: false, inFromCl: true, requiredPerms: 2, checkAsUser: 0, selectedCols: (b 11 16 17 21), insertedCols: 0x0, updatedCols: 0x0, extraUpdatedCols: 0x0} = {
      eref = Alias aliasname: 'lineitem' = {
        colnames = List with 16 elements = {
          0 = String[ 'l_orderkey' ],
          1 = String[ 'l_partkey' ],
          2 = String[ 'l_suppkey' ],
          3 = String[ 'l_linenumber' ],
          4 = String[ 'l_quantity' ],
          5 = String[ 'l_extendedprice' ],
          6 = String[ 'l_discount' ],
          7 = String[ 'l_tax' ],
          8 = String[ 'l_returnflag' ],
          9 = String[ 'l_linestatus' ],
          10 = String[ 'l_shipdate' ],
          11 = String[ 'l_commitdate' ],
          12 = String[ 'l_receiptdate' ],
          13 = String[ 'l_shipinstruct' ],
          14 = String[ 'l_shipmode' ],
          15 = String[ 'l_comment' ]
        }
      }
    }
  },
  jointree = FromExpr  = {
    fromlist = List with 3 elements = {
      0 = RangeTblRef rtindex: 1,
      1 = RangeTblRef rtindex: 2,
      2 = RangeTblRef rtindex: 3
    },
    quals = List with 5 elements = {
      0 = OpExpr {opno: 1054, opfuncid: 1048, opresulttype: 16, opretset: false, opcollid: 0, inputcollid: 100, location: 166} = {
        args = List with 2 elements = {
          0 = Var {varno: 1, varattno: 7, vartype: 1042, vartypmod: 14, varcollid: 100, varlevelsup: 0, varnosyn: 1, varattnosyn: 7, location: 153},
          1 = Const {consttype: 1042, consttypmod: -1, constcollid: 100, constlen: -1, constvalue: 94501922239968, constisnull: false, constbyval: false, location: 168}
        }
      },
      1 = OpExpr {opno: 96, opfuncid: 65, opresulttype: 16, opretset: false, opcollid: 0, inputcollid: 0, location: 195} = {
        args = List with 2 elements = {
          0 = Var {varno: 1, varattno: 1, vartype: 23, vartypmod: -1, varcollid: 0, varlevelsup: 0, varnosyn: 1, varattnosyn: 1, location: 185},
          1 = Var {varno: 2, varattno: 2, vartype: 23, vartypmod: -1, varcollid: 0, varlevelsup: 0, varnosyn: 2, varattnosyn: 2, location: 197}
        }
      },
      2 = OpExpr {opno: 96, opfuncid: 65, opresulttype: 16, opretset: false, opcollid: 0, inputcollid: 0, location: 224} = {
        args = List with 2 elements = {
          0 = Var {varno: 3, varattno: 1, vartype: 23, vartypmod: -1, varcollid: 0, varlevelsup: 0, varnosyn: 3, varattnosyn: 1, location: 213},
          1 = Var {varno: 2, varattno: 1, vartype: 23, vartypmod: -1, varcollid: 0, varlevelsup: 0, varnosyn: 2, varattnosyn: 1, location: 226}
        }
      },
      3 = OpExpr {opno: 1095, opfuncid: 1087, opresulttype: 16, opretset: false, opcollid: 0, inputcollid: 0, location: 255} = {
        args = List with 2 elements = {
          0 = Var {varno: 2, varattno: 5, vartype: 1082, vartypmod: -1, varcollid: 0, varlevelsup: 0, varnosyn: 2, varattnosyn: 5, location: 243},
          1 = Const {consttype: 1082, consttypmod: -1, constcollid: 0, constlen: 4, constvalue: 18446744073709549863, constisnull: false, constbyval: true, location: 262}
        }
      },
      4 = OpExpr {opno: 1097, opfuncid: 1089, opresulttype: 16, opretset: false, opcollid: 0, inputcollid: 0, location: 292} = {
        args = List with 2 elements = {
          0 = Var {varno: 3, varattno: 11, vartype: 1082, vartypmod: -1, varcollid: 0, varlevelsup: 0, varnosyn: 3, varattnosyn: 11, location: 281},
          1 = Const {consttype: 1082, consttypmod: -1, constcollid: 0, constlen: 4, constvalue: 18446744073709549863, constisnull: false, constbyval: true, location: 299}
        }
      }
    }
  },
  targetList = List with 4 elements = {
    0 = TargetEntry {resno: 1, resname: 'l_orderkey', ressortgroupref: 3, resorigtbl: 270678, resorigcol: 1, resjunk: false} = {
      expr = Var {varno: 3, varattno: 1, vartype: 23, vartypmod: -1, varcollid: 0, varlevelsup: 0, varnosyn: 3, varattnosyn: 1, location: 9}
    },
    1 = TargetEntry {resno: 2, resname: 'revenue', ressortgroupref: 1, resorigtbl: 0, resorigcol: 0, resjunk: false} = {
      expr = Aggref {aggfnoid: 2114, aggtype: 1700, aggcollid: 0, inputcollid: 0, aggtranstype: 2281, aggtrantype: 0, agghas_collectfn: false, rank_first: false, aggstar: false, aggvariadic: false, aggkind: 110 'n', agglevelsup: 0, aggsplit: AGGSPLIT_SIMPLE, location: 23} = {
        aggargtypes = OidList with 1 elements = {1700},
        args = List with 1 elements = {
          0 = TargetEntry {resno: 1, resname: 0x0, ressortgroupref: 0, resorigtbl: 0, resorigcol: 0, resjunk: false} = {
            expr = OpExpr {opno: 1760, opfuncid: 1726, opresulttype: 1700, opretset: false, opcollid: 0, inputcollid: 0, location: 43} = {
              args = List with 2 elements = {
                0 = Var {varno: 3, varattno: 6, vartype: 1700, vartypmod: 983046, varcollid: 0, varlevelsup: 0, varnosyn: 3, varattnosyn: 6, location: 27},
                1 = OpExpr {opno: 1759, opfuncid: 1725, opresulttype: 1700, opretset: false, opcollid: 0, inputcollid: 0, location: 48} = {
                  args = List with 2 elements = {
                    0 = Const {consttype: 1700, consttypmod: -1, constcollid: 0, constlen: -1, constvalue: 94501922246312, constisnull: false, constbyval: false, location: -1},
                    1 = Var {varno: 3, varattno: 7, vartype: 1700, vartypmod: 983046, varcollid: 0, varlevelsup: 0, varnosyn: 3, varattnosyn: 7, location: 50}
                  }
                }
              }
            }
          }
        }
      }
    },
    2 = TargetEntry {resno: 3, resname: 'o_orderdate', ressortgroupref: 2, resorigtbl: 270675, resorigcol: 5, resjunk: false} = {
      expr = Var {varno: 2, varattno: 5, vartype: 1082, vartypmod: -1, varcollid: 0, varlevelsup: 0, varnosyn: 2, varattnosyn: 5, location: 77}
    },
    3 = TargetEntry {resno: 4, resname: 'o_shippriority', ressortgroupref: 4, resorigtbl: 270675, resorigcol: 8, resjunk: false} = {
      expr = Var {varno: 2, varattno: 8, vartype: 23, vartypmod: -1, varcollid: 0, varlevelsup: 0, varnosyn: 2, varattnosyn: 8, location: 92}
    }
  },
  groupClause = List with 3 elements = {
    0 = SortGroupClause {tleSortGroupRef: 3, eqop: 96, sortop: 97, nulls_first: false, hashable: true},
    1 = SortGroupClause {tleSortGroupRef: 2, eqop: 1093, sortop: 1095, nulls_first: false, hashable: true},
    2 = SortGroupClause {tleSortGroupRef: 4, eqop: 96, sortop: 97, nulls_first: false, hashable: true}
  },
  sortClause = List with 2 elements = {
    0 = SortGroupClause {tleSortGroupRef: 1, eqop: 1752, sortop: 1756, nulls_first: true, hashable: true},
    1 = SortGroupClause {tleSortGroupRef: 2, eqop: 1093, sortop: 1095, nulls_first: false, hashable: true}
  },
  limitCount = Const {consttype: 20, consttypmod: -1, constcollid: 0, constlen: 8, constvalue: 10, constisnull: false, constbyval: true, location: -1}
}
$8 = LimitPath T_Limit (cost=527.83..527.84 rows=1 parallel_aware=False parallel_safe=False parallel_workers=0) limitOption: LIMIT_OPTION_COUNT = {
  path.parent = (b),
  path.pathtarget = PathTarget {cost: (0.00..0.00), width: 44} = {
    sortgrouprefs = [3, 1, 2, 4],
    exprs = List with 4 elements = {
      0 = Var {varno: 3, varattno: 1, vartype: 23, vartypmod: -1, varcollid: 0, varlevelsup: 0, varnosyn: 3, varattnosyn: 1, location: 9},
      1 = Aggref {aggfnoid: 2114, aggtype: 1700, aggcollid: 0, inputcollid: 0, aggtranstype: 2281, aggtrantype: 0, agghas_collectfn: false, rank_first: false, aggstar: false, aggvariadic: false, aggkind: 110 'n', agglevelsup: 0, aggsplit: AGGSPLIT_SIMPLE, location: 23} = {
        aggargtypes = OidList with 1 elements = {1700},
        args = List with 1 elements = {
          0 = TargetEntry {resno: 1, resname: 0x0, ressortgroupref: 0, resorigtbl: 0, resorigcol: 0, resjunk: false} = {
            expr = OpExpr {opno: 1760, opfuncid: 1726, opresulttype: 1700, opretset: false, opcollid: 0, inputcollid: 0, location: 43} = {
              args = List with 2 elements = {
                0 = Var {varno: 3, varattno: 6, vartype: 1700, vartypmod: 983046, varcollid: 0, varlevelsup: 0, varnosyn: 3, varattnosyn: 6, location: 27},
                1 = OpExpr {opno: 1759, opfuncid: 1725, opresulttype: 1700, opretset: false, opcollid: 0, inputcollid: 0, location: 48} = {
                  args = List with 2 elements = {
                    0 = Const {consttype: 1700, consttypmod: -1, constcollid: 0, constlen: -1, constvalue: 94501922246312, constisnull: false, constbyval: false, location: -1},
                    1 = Var {varno: 3, varattno: 7, vartype: 1700, vartypmod: 983046, varcollid: 0, varlevelsup: 0, varnosyn: 3, varattnosyn: 7, location: 50}
                  }
                }
              }
            }
          }
        }
      },
      2 = Var {varno: 2, varattno: 5, vartype: 1082, vartypmod: -1, varcollid: 0, varlevelsup: 0, varnosyn: 2, varattnosyn: 5, location: 77},
      3 = Var {varno: 2, varattno: 8, vartype: 23, vartypmod: -1, varcollid: 0, varlevelsup: 0, varnosyn: 2, varattnosyn: 8, location: 92}
    },
    as_loc_list = IntList with 4 elements = {-1, 66, -1, -1},
    expr_loc_list = IntList with 4 elements = {9, 23, 77, 92},
    expr_len_list = IntList with 4 elements = {-1, 40, -1, -1},
    expr_type_list = IntList with 4 elements = {398, 405, 398, 398}
  },
  path.pathkeys = List with 2 elements = {
    0 = PathKey {pk_opfamily: 1988, pk_strategy: 5, pk_nulls_first: true} = {
      pk_eclass = EquivalenceClass {ec_collation: 0, ec_relids: (b 3), ec_has_const: false, ec_has_volatile: false, ec_broken: false, ec_sortref: 1, ec_min_security: 4294967295, ec_max_security: 0} = {
        ec_opfamilies = OidList with 1 elements = {1988},
        ec_members = List with 1 elements = {
          0 = EquivalenceMember {em_relids: (b 3), em_is_const: false, em_is_child: false, em_datatype: 1700} = {
            em_expr = Aggref {aggfnoid: 2114, aggtype: 1700, aggcollid: 0, inputcollid: 0, aggtranstype: 2281, aggtrantype: 0, agghas_collectfn: false, rank_first: false, aggstar: false, aggvariadic: false, aggkind: 110 'n', agglevelsup: 0, aggsplit: AGGSPLIT_SIMPLE, location: 23} = {
              aggargtypes = OidList with 1 elements = {1700},
              args = List with 1 elements = {
                0 = TargetEntry {resno: 1, resname: 0x0, ressortgroupref: 0, resorigtbl: 0, resorigcol: 0, resjunk: false} = {
                  expr = OpExpr {opno: 1760, opfuncid: 1726, opresulttype: 1700, opretset: false, opcollid: 0, inputcollid: 0, location: 43} = {
                    args = List with 2 elements = {
                      0 = Var {varno: 3, varattno: 6, vartype: 1700, vartypmod: 983046, varcollid: 0, varlevelsup: 0, varnosyn: 3, varattnosyn: 6, location: 27},
                      1 = OpExpr {opno: 1759, opfuncid: 1725, opresulttype: 1700, opretset: false, opcollid: 0, inputcollid: 0, location: 48} = {
                        args = List with 2 elements = {
                          0 = Const {consttype: 1700, consttypmod: -1, constcollid: 0, constlen: -1, constvalue: 94501922249848, constisnull: false, constbyval: false, location: -1},
                          1 = Var {varno: 3, varattno: 7, vartype: 1700, vartypmod: 983046, varcollid: 0, varlevelsup: 0, varnosyn: 3, varattnosyn: 7, location: 50}
                        }
                      }
                    }
                  }
                }
              }
            }
          }
        }
      }
    },
    1 = PathKey {pk_opfamily: 434, pk_strategy: 1, pk_nulls_first: false} = {
      pk_eclass = EquivalenceClass {ec_collation: 0, ec_relids: (b 2), ec_has_const: false, ec_has_volatile: false, ec_broken: false, ec_sortref: 2, ec_min_security: 4294967295, ec_max_security: 0} = {
        ec_opfamilies = OidList with 1 elements = {434},
        ec_members = List with 1 elements = {
          0 = EquivalenceMember {em_relids: (b 2), em_is_const: false, em_is_child: false, em_datatype: 1082} = {
            em_expr = Var {varno: 2, varattno: 5, vartype: 1082, vartypmod: -1, varcollid: 0, varlevelsup: 0, varnosyn: 2, varattnosyn: 5, location: 77}
          }
        }
      }
    }
  },
  subpath = SortPath T_Sort (cost=527.83..527.84 rows=1 parallel_aware=False parallel_safe=False parallel_workers=0)  = {
    path.parent = (b),
    path.pathtarget = PathTarget {cost: (0.00..0.00), width: 44} = {
      sortgrouprefs = [3, 1, 2, 4],
      exprs = List with 4 elements = {
        0 = Var {varno: 3, varattno: 1, vartype: 23, vartypmod: -1, varcollid: 0, varlevelsup: 0, varnosyn: 3, varattnosyn: 1, location: 9},
        1 = Aggref {aggfnoid: 2114, aggtype: 1700, aggcollid: 0, inputcollid: 0, aggtranstype: 2281, aggtrantype: 0, agghas_collectfn: false, rank_first: false, aggstar: false, aggvariadic: false, aggkind: 110 'n', agglevelsup: 0, aggsplit: AGGSPLIT_SIMPLE, location: 23} = {
          aggargtypes = OidList with 1 elements = {1700},
          args = List with 1 elements = {
            0 = TargetEntry {resno: 1, resname: 0x0, ressortgroupref: 0, resorigtbl: 0, resorigcol: 0, resjunk: false} = {
              expr = OpExpr {opno: 1760, opfuncid: 1726, opresulttype: 1700, opretset: false, opcollid: 0, inputcollid: 0, location: 43} = {
                args = List with 2 elements = {
                  0 = Var {varno: 3, varattno: 6, vartype: 1700, vartypmod: 983046, varcollid: 0, varlevelsup: 0, varnosyn: 3, varattnosyn: 6, location: 27},
                  1 = OpExpr {opno: 1759, opfuncid: 1725, opresulttype: 1700, opretset: false, opcollid: 0, inputcollid: 0, location: 48} = {
                    args = List with 2 elements = {
                      0 = Const {consttype: 1700, consttypmod: -1, constcollid: 0, constlen: -1, constvalue: 94501922246312, constisnull: false, constbyval: false, location: -1},
                      1 = Var {varno: 3, varattno: 7, vartype: 1700, vartypmod: 983046, varcollid: 0, varlevelsup: 0, varnosyn: 3, varattnosyn: 7, location: 50}
                    }
                  }
                }
              }
            }
          }
        },
        2 = Var {varno: 2, varattno: 5, vartype: 1082, vartypmod: -1, varcollid: 0, varlevelsup: 0, varnosyn: 2, varattnosyn: 5, location: 77},
        3 = Var {varno: 2, varattno: 8, vartype: 23, vartypmod: -1, varcollid: 0, varlevelsup: 0, varnosyn: 2, varattnosyn: 8, location: 92}
      },
      as_loc_list = IntList with 4 elements = {-1, 66, -1, -1},
      expr_loc_list = IntList with 4 elements = {9, 23, 77, 92},
      expr_len_list = IntList with 4 elements = {-1, 40, -1, -1},
      expr_type_list = IntList with 4 elements = {398, 405, 398, 398}
    },
    path.pathkeys = List with 2 elements = {
      0 = PathKey {pk_opfamily: 1988, pk_strategy: 5, pk_nulls_first: true} = {
        pk_eclass = EquivalenceClass {ec_collation: 0, ec_relids: (b 3), ec_has_const: false, ec_has_volatile: false, ec_broken: false, ec_sortref: 1, ec_min_security: 4294967295, ec_max_security: 0} = {
          ec_opfamilies = OidList with 1 elements = {1988},
          ec_members = List with 1 elements = {
            0 = EquivalenceMember {em_relids: (b 3), em_is_const: false, em_is_child: false, em_datatype: 1700} = {
              em_expr = Aggref {aggfnoid: 2114, aggtype: 1700, aggcollid: 0, inputcollid: 0, aggtranstype: 2281, aggtrantype: 0, agghas_collectfn: false, rank_first: false, aggstar: false, aggvariadic: false, aggkind: 110 'n', agglevelsup: 0, aggsplit: AGGSPLIT_SIMPLE, location: 23} = {
                aggargtypes = OidList with 1 elements = {1700},
                args = List with 1 elements = {
                  0 = TargetEntry {resno: 1, resname: 0x0, ressortgroupref: 0, resorigtbl: 0, resorigcol: 0, resjunk: false} = {
                    expr = OpExpr {opno: 1760, opfuncid: 1726, opresulttype: 1700, opretset: false, opcollid: 0, inputcollid: 0, location: 43} = {
                      args = List with 2 elements = {
                        0 = Var {varno: 3, varattno: 6, vartype: 1700, vartypmod: 983046, varcollid: 0, varlevelsup: 0, varnosyn: 3, varattnosyn: 6, location: 27},
                        1 = OpExpr {opno: 1759, opfuncid: 1725, opresulttype: 1700, opretset: false, opcollid: 0, inputcollid: 0, location: 48} = {
                          args = List with 2 elements = {
                            0 = Const {consttype: 1700, consttypmod: -1, constcollid: 0, constlen: -1, constvalue: 94501922249848, constisnull: false, constbyval: false, location: -1},
                            1 = Var {varno: 3, varattno: 7, vartype: 1700, vartypmod: 983046, varcollid: 0, varlevelsup: 0, varnosyn: 3, varattnosyn: 7, location: 50}
                          }
                        }
                      }
                    }
                  }
                }
              }
            }
          }
        }
      },
      1 = PathKey {pk_opfamily: 434, pk_strategy: 1, pk_nulls_first: false} = {
        pk_eclass = EquivalenceClass {ec_collation: 0, ec_relids: (b 2), ec_has_const: false, ec_has_volatile: false, ec_broken: false, ec_sortref: 2, ec_min_security: 4294967295, ec_max_security: 0} = {
          ec_opfamilies = OidList with 1 elements = {434},
          ec_members = List with 1 elements = {
            0 = EquivalenceMember {em_relids: (b 2), em_is_const: false, em_is_child: false, em_datatype: 1082} = {
              em_expr = Var {varno: 2, varattno: 5, vartype: 1082, vartypmod: -1, varcollid: 0, varlevelsup: 0, varnosyn: 2, varattnosyn: 5, location: 77}
            }
          }
        }
      }
    },
    subpath = AggPath T_Agg (cost=459.37..527.82 rows=1 parallel_aware=False parallel_safe=False parallel_workers=0) {aggstrategy: AGG_SORTED, aggsplit: AGGSPLIT_SIMPLE, numGroups: 1, transitionSpace: 128} = {
      path.parent = (b),
      path.pathtarget = PathTarget {cost: (0.00..0.00), width: 44} = {
        sortgrouprefs = [3, 1, 2, 4],
        exprs = List with 4 elements = {
          0 = Var {varno: 3, varattno: 1, vartype: 23, vartypmod: -1, varcollid: 0, varlevelsup: 0, varnosyn: 3, varattnosyn: 1, location: 9},
          1 = Aggref {aggfnoid: 2114, aggtype: 1700, aggcollid: 0, inputcollid: 0, aggtranstype: 2281, aggtrantype: 0, agghas_collectfn: false, rank_first: false, aggstar: false, aggvariadic: false, aggkind: 110 'n', agglevelsup: 0, aggsplit: AGGSPLIT_SIMPLE, location: 23} = {
            aggargtypes = OidList with 1 elements = {1700},
            args = List with 1 elements = {
              0 = TargetEntry {resno: 1, resname: 0x0, ressortgroupref: 0, resorigtbl: 0, resorigcol: 0, resjunk: false} = {
                expr = OpExpr {opno: 1760, opfuncid: 1726, opresulttype: 1700, opretset: false, opcollid: 0, inputcollid: 0, location: 43} = {
                  args = List with 2 elements = {
                    0 = Var {varno: 3, varattno: 6, vartype: 1700, vartypmod: 983046, varcollid: 0, varlevelsup: 0, varnosyn: 3, varattnosyn: 6, location: 27},
                    1 = OpExpr {opno: 1759, opfuncid: 1725, opresulttype: 1700, opretset: false, opcollid: 0, inputcollid: 0, location: 48} = {
                      args = List with 2 elements = {
                        0 = Const {consttype: 1700, consttypmod: -1, constcollid: 0, constlen: -1, constvalue: 94501922246312, constisnull: false, constbyval: false, location: -1},
                        1 = Var {varno: 3, varattno: 7, vartype: 1700, vartypmod: 983046, varcollid: 0, varlevelsup: 0, varnosyn: 3, varattnosyn: 7, location: 50}
                      }
                    }
                  }
                }
              }
            }
          },
          2 = Var {varno: 2, varattno: 5, vartype: 1082, vartypmod: -1, varcollid: 0, varlevelsup: 0, varnosyn: 2, varattnosyn: 5, location: 77},
          3 = Var {varno: 2, varattno: 8, vartype: 23, vartypmod: -1, varcollid: 0, varlevelsup: 0, varnosyn: 2, varattnosyn: 8, location: 92}
        },
        as_loc_list = IntList with 4 elements = {-1, 66, -1, -1},
        expr_loc_list = IntList with 4 elements = {9, 23, 77, 92},
        expr_len_list = IntList with 4 elements = {-1, 40, -1, -1},
        expr_type_list = IntList with 4 elements = {398, 405, 398, 398}
      },
      path.pathkeys = List with 3 elements = {
        0 = PathKey {pk_opfamily: 1976, pk_strategy: 1, pk_nulls_first: false} = {
          pk_eclass = EquivalenceClass {ec_collation: 0, ec_relids: (b 2 3), ec_has_const: false, ec_has_volatile: false, ec_broken: false, ec_sortref: 0, ec_min_security: 0, ec_max_security: 0} = {
            ec_opfamilies = OidList with 1 elements = {1976},
            ec_members = List with 2 elements = {
              0 = EquivalenceMember {em_relids: (b 3), em_is_const: false, em_is_child: false, em_datatype: 23} = {
                em_expr = Var {varno: 3, varattno: 1, vartype: 23, vartypmod: -1, varcollid: 0, varlevelsup: 0, varnosyn: 3, varattnosyn: 1, location: 213}
              },
              1 = EquivalenceMember {em_relids: (b 2), em_is_const: false, em_is_child: false, em_datatype: 23} = {
                em_expr = Var {varno: 2, varattno: 1, vartype: 23, vartypmod: -1, varcollid: 0, varlevelsup: 0, varnosyn: 2, varattnosyn: 1, location: 226}
              }
            },
            ec_sources = List with 1 elements = {
              0 = RestrictInfo {is_pushed_down: true, outerjoin_delayed: false, can_join: true, pseudoconstant: false, leakproof: false, security_level: 0, clause_relids: (b 2 3), required_relids: (b 2 3), outer_relids: (b), nullable_relids: (b), left_relids: (b 3), right_relids: (b 2), eval_cost: (-1.00..0.00), norm_selec: -1.0000, outer_selec: -1.0000, outer_is_left: false, hashjoinoperator: 0, left_bucketsize: -1.0000, right_bucketsize: -1.0000, left_mcvfreq: -1.0000, right_mcvfreq: -1.0000} = {
                clause = OpExpr {opno: 96, opfuncid: 65, opresulttype: 16, opretset: false, opcollid: 0, inputcollid: 0, location: 224} = {
                  args = List with 2 elements = {
                    0 = Var {varno: 3, varattno: 1, vartype: 23, vartypmod: -1, varcollid: 0, varlevelsup: 0, varnosyn: 3, varattnosyn: 1, location: 213},
                    1 = Var {varno: 2, varattno: 1, vartype: 23, vartypmod: -1, varcollid: 0, varlevelsup: 0, varnosyn: 2, varattnosyn: 1, location: 226}
                  }
                },
                mergeopfamilies = OidList with 1 elements = {1976},
                left_em = EquivalenceMember {em_relids: (b 3), em_is_const: false, em_is_child: false, em_datatype: 23} = {
                  em_expr = Var {varno: 3, varattno: 1, vartype: 23, vartypmod: -1, varcollid: 0, varlevelsup: 0, varnosyn: 3, varattnosyn: 1, location: 213}
                },
                right_em = EquivalenceMember {em_relids: (b 2), em_is_const: false, em_is_child: false, em_datatype: 23} = {
                  em_expr = Var {varno: 2, varattno: 1, vartype: 23, vartypmod: -1, varcollid: 0, varlevelsup: 0, varnosyn: 2, varattnosyn: 1, location: 226}
                }
              }
            },
            ec_derives = List with 1 elements = {
              0 = RestrictInfo {is_pushed_down: true, outerjoin_delayed: false, can_join: true, pseudoconstant: false, leakproof: false, security_level: 0, clause_relids: (b 2 3), required_relids: (b 2 3), outer_relids: (b), nullable_relids: (b), left_relids: (b 2), right_relids: (b 3), eval_cost: (0.00..0.00), norm_selec: 0.0050, outer_selec: -1.0000, outer_is_left: false, hashjoinoperator: 96, left_bucketsize: 0.1000, right_bucketsize: 0.1000, left_mcvfreq: 0.0000, right_mcvfreq: 0.0000} = {
                clause = OpExpr {opno: 96, opfuncid: 65, opresulttype: 16, opretset: false, opcollid: 0, inputcollid: 0, location: -1} = {
                  args = List with 2 elements = {
                    0 = Var {varno: 2, varattno: 1, vartype: 23, vartypmod: -1, varcollid: 0, varlevelsup: 0, varnosyn: 2, varattnosyn: 1, location: 226},
                    1 = Var {varno: 3, varattno: 1, vartype: 23, vartypmod: -1, varcollid: 0, varlevelsup: 0, varnosyn: 3, varattnosyn: 1, location: 213}
                  }
                },
                mergeopfamilies = OidList with 1 elements = {1976},
                left_em = EquivalenceMember {em_relids: (b 2), em_is_const: false, em_is_child: false, em_datatype: 23} = {
                  em_expr = Var {varno: 2, varattno: 1, vartype: 23, vartypmod: -1, varcollid: 0, varlevelsup: 0, varnosyn: 2, varattnosyn: 1, location: 226}
                },
                right_em = EquivalenceMember {em_relids: (b 3), em_is_const: false, em_is_child: false, em_datatype: 23} = {
                  em_expr = Var {varno: 3, varattno: 1, vartype: 23, vartypmod: -1, varcollid: 0, varlevelsup: 0, varnosyn: 3, varattnosyn: 1, location: 213}
                }
              }
            }
          }
        },
        1 = PathKey {pk_opfamily: 434, pk_strategy: 1, pk_nulls_first: false} = {
          pk_eclass = EquivalenceClass {ec_collation: 0, ec_relids: (b 2), ec_has_const: false, ec_has_volatile: false, ec_broken: false, ec_sortref: 2, ec_min_security: 4294967295, ec_max_security: 0} = {
            ec_opfamilies = OidList with 1 elements = {434},
            ec_members = List with 1 elements = {
              0 = EquivalenceMember {em_relids: (b 2), em_is_const: false, em_is_child: false, em_datatype: 1082} = {
                em_expr = Var {varno: 2, varattno: 5, vartype: 1082, vartypmod: -1, varcollid: 0, varlevelsup: 0, varnosyn: 2, varattnosyn: 5, location: 77}
              }
            }
          }
        },
        2 = PathKey {pk_opfamily: 1976, pk_strategy: 1, pk_nulls_first: false} = {
          pk_eclass = EquivalenceClass {ec_collation: 0, ec_relids: (b 2), ec_has_const: false, ec_has_volatile: false, ec_broken: false, ec_sortref: 4, ec_min_security: 4294967295, ec_max_security: 0} = {
            ec_opfamilies = OidList with 1 elements = {1976},
            ec_members = List with 1 elements = {
              0 = EquivalenceMember {em_relids: (b 2), em_is_const: false, em_is_child: false, em_datatype: 23} = {
                em_expr = Var {varno: 2, varattno: 8, vartype: 23, vartypmod: -1, varcollid: 0, varlevelsup: 0, varnosyn: 2, varattnosyn: 8, location: 92}
              }
            }
          }
        }
      },
      subpath = {
        spath = SortPath T_IncrementalSort (cost=459.37..527.78 rows=2 parallel_aware=False parallel_safe=False parallel_workers=0)  = {
          path.parent = (b),
          path.pathtarget = PathTarget {cost: (0.00..0.00), width: 48} = {
            sortgrouprefs = [3, 2, 4, 0, 0],
            exprs = List with 5 elements = {
              0 = Var {varno: 3, varattno: 1, vartype: 23, vartypmod: -1, varcollid: 0, varlevelsup: 0, varnosyn: 3, varattnosyn: 1, location: 9},
              1 = Var {varno: 2, varattno: 5, vartype: 1082, vartypmod: -1, varcollid: 0, varlevelsup: 0, varnosyn: 2, varattnosyn: 5, location: 77},
              2 = Var {varno: 2, varattno: 8, vartype: 23, vartypmod: -1, varcollid: 0, varlevelsup: 0, varnosyn: 2, varattnosyn: 8, location: 92},
              3 = Var {varno: 3, varattno: 6, vartype: 1700, vartypmod: 983046, varcollid: 0, varlevelsup: 0, varnosyn: 3, varattnosyn: 6, location: 27},
              4 = Var {varno: 3, varattno: 7, vartype: 1700, vartypmod: 983046, varcollid: 0, varlevelsup: 0, varnosyn: 3, varattnosyn: 7, location: 50}
            }
          },
          path.pathkeys = List with 3 elements = {
            0 = PathKey {pk_opfamily: 1976, pk_strategy: 1, pk_nulls_first: false} = {
              pk_eclass = EquivalenceClass {ec_collation: 0, ec_relids: (b 2 3), ec_has_const: false, ec_has_volatile: false, ec_broken: false, ec_sortref: 0, ec_min_security: 0, ec_max_security: 0} = {
                ec_opfamilies = OidList with 1 elements = {1976},
                ec_members = List with 2 elements = {
                  0 = EquivalenceMember {em_relids: (b 3), em_is_const: false, em_is_child: false, em_datatype: 23} = {
                    em_expr = Var {varno: 3, varattno: 1, vartype: 23, vartypmod: -1, varcollid: 0, varlevelsup: 0, varnosyn: 3, varattnosyn: 1, location: 213}
                  },
                  1 = EquivalenceMember {em_relids: (b 2), em_is_const: false, em_is_child: false, em_datatype: 23} = {
                    em_expr = Var {varno: 2, varattno: 1, vartype: 23, vartypmod: -1, varcollid: 0, varlevelsup: 0, varnosyn: 2, varattnosyn: 1, location: 226}
                  }
                },
                ec_sources = List with 1 elements = {
                  0 = RestrictInfo {is_pushed_down: true, outerjoin_delayed: false, can_join: true, pseudoconstant: false, leakproof: false, security_level: 0, clause_relids: (b 2 3), required_relids: (b 2 3), outer_relids: (b), nullable_relids: (b), left_relids: (b 3), right_relids: (b 2), eval_cost: (-1.00..0.00), norm_selec: -1.0000, outer_selec: -1.0000, outer_is_left: false, hashjoinoperator: 0, left_bucketsize: -1.0000, right_bucketsize: -1.0000, left_mcvfreq: -1.0000, right_mcvfreq: -1.0000} = {
                    clause = OpExpr {opno: 96, opfuncid: 65, opresulttype: 16, opretset: false, opcollid: 0, inputcollid: 0, location: 224} = {
                      args = List with 2 elements = {
                        0 = Var {varno: 3, varattno: 1, vartype: 23, vartypmod: -1, varcollid: 0, varlevelsup: 0, varnosyn: 3, varattnosyn: 1, location: 213},
                        1 = Var {varno: 2, varattno: 1, vartype: 23, vartypmod: -1, varcollid: 0, varlevelsup: 0, varnosyn: 2, varattnosyn: 1, location: 226}
                      }
                    },
                    mergeopfamilies = OidList with 1 elements = {1976},
                    left_em = EquivalenceMember {em_relids: (b 3), em_is_const: false, em_is_child: false, em_datatype: 23} = {
                      em_expr = Var {varno: 3, varattno: 1, vartype: 23, vartypmod: -1, varcollid: 0, varlevelsup: 0, varnosyn: 3, varattnosyn: 1, location: 213}
                    },
                    right_em = EquivalenceMember {em_relids: (b 2), em_is_const: false, em_is_child: false, em_datatype: 23} = {
                      em_expr = Var {varno: 2, varattno: 1, vartype: 23, vartypmod: -1, varcollid: 0, varlevelsup: 0, varnosyn: 2, varattnosyn: 1, location: 226}
                    }
                  }
                },
                ec_derives = List with 1 elements = {
                  0 = RestrictInfo {is_pushed_down: true, outerjoin_delayed: false, can_join: true, pseudoconstant: false, leakproof: false, security_level: 0, clause_relids: (b 2 3), required_relids: (b 2 3), outer_relids: (b), nullable_relids: (b), left_relids: (b 2), right_relids: (b 3), eval_cost: (0.00..0.00), norm_selec: 0.0050, outer_selec: -1.0000, outer_is_left: false, hashjoinoperator: 96, left_bucketsize: 0.1000, right_bucketsize: 0.1000, left_mcvfreq: 0.0000, right_mcvfreq: 0.0000} = {
                    clause = OpExpr {opno: 96, opfuncid: 65, opresulttype: 16, opretset: false, opcollid: 0, inputcollid: 0, location: -1} = {
                      args = List with 2 elements = {
                        0 = Var {varno: 2, varattno: 1, vartype: 23, vartypmod: -1, varcollid: 0, varlevelsup: 0, varnosyn: 2, varattnosyn: 1, location: 226},
                        1 = Var {varno: 3, varattno: 1, vartype: 23, vartypmod: -1, varcollid: 0, varlevelsup: 0, varnosyn: 3, varattnosyn: 1, location: 213}
                      }
                    },
                    mergeopfamilies = OidList with 1 elements = {1976},
                    left_em = EquivalenceMember {em_relids: (b 2), em_is_const: false, em_is_child: false, em_datatype: 23} = {
                      em_expr = Var {varno: 2, varattno: 1, vartype: 23, vartypmod: -1, varcollid: 0, varlevelsup: 0, varnosyn: 2, varattnosyn: 1, location: 226}
                    },
                    right_em = EquivalenceMember {em_relids: (b 3), em_is_const: false, em_is_child: false, em_datatype: 23} = {
                      em_expr = Var {varno: 3, varattno: 1, vartype: 23, vartypmod: -1, varcollid: 0, varlevelsup: 0, varnosyn: 3, varattnosyn: 1, location: 213}
                    }
                  }
                }
              }
            },
            1 = PathKey {pk_opfamily: 434, pk_strategy: 1, pk_nulls_first: false} = {
              pk_eclass = EquivalenceClass {ec_collation: 0, ec_relids: (b 2), ec_has_const: false, ec_has_volatile: false, ec_broken: false, ec_sortref: 2, ec_min_security: 4294967295, ec_max_security: 0} = {
                ec_opfamilies = OidList with 1 elements = {434},
                ec_members = List with 1 elements = {
                  0 = EquivalenceMember {em_relids: (b 2), em_is_const: false, em_is_child: false, em_datatype: 1082} = {
                    em_expr = Var {varno: 2, varattno: 5, vartype: 1082, vartypmod: -1, varcollid: 0, varlevelsup: 0, varnosyn: 2, varattnosyn: 5, location: 77}
                  }
                }
              }
            },
            2 = PathKey {pk_opfamily: 1976, pk_strategy: 1, pk_nulls_first: false} = {
              pk_eclass = EquivalenceClass {ec_collation: 0, ec_relids: (b 2), ec_has_const: false, ec_has_volatile: false, ec_broken: false, ec_sortref: 4, ec_min_security: 4294967295, ec_max_security: 0} = {
                ec_opfamilies = OidList with 1 elements = {1976},
                ec_members = List with 1 elements = {
                  0 = EquivalenceMember {em_relids: (b 2), em_is_const: false, em_is_child: false, em_datatype: 23} = {
                    em_expr = Var {varno: 2, varattno: 8, vartype: 23, vartypmod: -1, varcollid: 0, varlevelsup: 0, varnosyn: 2, varattnosyn: 8, location: 92}
                  }
                }
              }
            }
          },
          subpath = ProjectionPath T_Result (cost=391.04..527.69 rows=1 parallel_aware=False parallel_safe=False parallel_workers=0) dummypp: true = {
            path.parent = (b 1 2 3),
            path.pathtarget = PathTarget {cost: (0.00..0.00), width: 48} = {
              sortgrouprefs = [3, 2, 4, 0, 0],
              exprs = List with 5 elements = {
                0 = Var {varno: 3, varattno: 1, vartype: 23, vartypmod: -1, varcollid: 0, varlevelsup: 0, varnosyn: 3, varattnosyn: 1, location: 9},
                1 = Var {varno: 2, varattno: 5, vartype: 1082, vartypmod: -1, varcollid: 0, varlevelsup: 0, varnosyn: 2, varattnosyn: 5, location: 77},
                2 = Var {varno: 2, varattno: 8, vartype: 23, vartypmod: -1, varcollid: 0, varlevelsup: 0, varnosyn: 2, varattnosyn: 8, location: 92},
                3 = Var {varno: 3, varattno: 6, vartype: 1700, vartypmod: 983046, varcollid: 0, varlevelsup: 0, varnosyn: 3, varattnosyn: 6, location: 27},
                4 = Var {varno: 3, varattno: 7, vartype: 1700, vartypmod: 983046, varcollid: 0, varlevelsup: 0, varnosyn: 3, varattnosyn: 7, location: 50}
              }
            },
            path.pathkeys = List with 1 elements = {
              0 = PathKey {pk_opfamily: 1976, pk_strategy: 1, pk_nulls_first: false} = {
                pk_eclass = EquivalenceClass {ec_collation: 0, ec_relids: (b 2 3), ec_has_const: false, ec_has_volatile: false, ec_broken: false, ec_sortref: 0, ec_min_security: 0, ec_max_security: 0} = {
                  ec_opfamilies = OidList with 1 elements = {1976},
                  ec_members = List with 2 elements = {
                    0 = EquivalenceMember {em_relids: (b 3), em_is_const: false, em_is_child: false, em_datatype: 23} = {
                      em_expr = Var {varno: 3, varattno: 1, vartype: 23, vartypmod: -1, varcollid: 0, varlevelsup: 0, varnosyn: 3, varattnosyn: 1, location: 213}
                    },
                    1 = EquivalenceMember {em_relids: (b 2), em_is_const: false, em_is_child: false, em_datatype: 23} = {
                      em_expr = Var {varno: 2, varattno: 1, vartype: 23, vartypmod: -1, varcollid: 0, varlevelsup: 0, varnosyn: 2, varattnosyn: 1, location: 226}
                    }
                  },
                  ec_sources = List with 1 elements = {
                    0 = RestrictInfo {is_pushed_down: true, outerjoin_delayed: false, can_join: true, pseudoconstant: false, leakproof: false, security_level: 0, clause_relids: (b 2 3), required_relids: (b 2 3), outer_relids: (b), nullable_relids: (b), left_relids: (b 3), right_relids: (b 2), eval_cost: (-1.00..0.00), norm_selec: -1.0000, outer_selec: -1.0000, outer_is_left: false, hashjoinoperator: 0, left_bucketsize: -1.0000, right_bucketsize: -1.0000, left_mcvfreq: -1.0000, right_mcvfreq: -1.0000} = {
                      clause = OpExpr {opno: 96, opfuncid: 65, opresulttype: 16, opretset: false, opcollid: 0, inputcollid: 0, location: 224} = {
                        args = List with 2 elements = {
                          0 = Var {varno: 3, varattno: 1, vartype: 23, vartypmod: -1, varcollid: 0, varlevelsup: 0, varnosyn: 3, varattnosyn: 1, location: 213},
                          1 = Var {varno: 2, varattno: 1, vartype: 23, vartypmod: -1, varcollid: 0, varlevelsup: 0, varnosyn: 2, varattnosyn: 1, location: 226}
                        }
                      },
                      mergeopfamilies = OidList with 1 elements = {1976},
                      left_em = EquivalenceMember {em_relids: (b 3), em_is_const: false, em_is_child: false, em_datatype: 23} = {
                        em_expr = Var {varno: 3, varattno: 1, vartype: 23, vartypmod: -1, varcollid: 0, varlevelsup: 0, varnosyn: 3, varattnosyn: 1, location: 213}
                      },
                      right_em = EquivalenceMember {em_relids: (b 2), em_is_const: false, em_is_child: false, em_datatype: 23} = {
                        em_expr = Var {varno: 2, varattno: 1, vartype: 23, vartypmod: -1, varcollid: 0, varlevelsup: 0, varnosyn: 2, varattnosyn: 1, location: 226}
                      }
                    }
                  },
                  ec_derives = List with 1 elements = {
                    0 = RestrictInfo {is_pushed_down: true, outerjoin_delayed: false, can_join: true, pseudoconstant: false, leakproof: false, security_level: 0, clause_relids: (b 2 3), required_relids: (b 2 3), outer_relids: (b), nullable_relids: (b), left_relids: (b 2), right_relids: (b 3), eval_cost: (0.00..0.00), norm_selec: 0.0050, outer_selec: -1.0000, outer_is_left: false, hashjoinoperator: 96, left_bucketsize: 0.1000, right_bucketsize: 0.1000, left_mcvfreq: 0.0000, right_mcvfreq: 0.0000} = {
                      clause = OpExpr {opno: 96, opfuncid: 65, opresulttype: 16, opretset: false, opcollid: 0, inputcollid: 0, location: -1} = {
                        args = List with 2 elements = {
                          0 = Var {varno: 2, varattno: 1, vartype: 23, vartypmod: -1, varcollid: 0, varlevelsup: 0, varnosyn: 2, varattnosyn: 1, location: 226},
                          1 = Var {varno: 3, varattno: 1, vartype: 23, vartypmod: -1, varcollid: 0, varlevelsup: 0, varnosyn: 3, varattnosyn: 1, location: 213}
                        }
                      },
                      mergeopfamilies = OidList with 1 elements = {1976},
                      left_em = EquivalenceMember {em_relids: (b 2), em_is_const: false, em_is_child: false, em_datatype: 23} = {
                        em_expr = Var {varno: 2, varattno: 1, vartype: 23, vartypmod: -1, varcollid: 0, varlevelsup: 0, varnosyn: 2, varattnosyn: 1, location: 226}
                      },
                      right_em = EquivalenceMember {em_relids: (b 3), em_is_const: false, em_is_child: false, em_datatype: 23} = {
                        em_expr = Var {varno: 3, varattno: 1, vartype: 23, vartypmod: -1, varcollid: 0, varlevelsup: 0, varnosyn: 3, varattnosyn: 1, location: 213}
                      }
                    }
                  }
                }
              }
            },
            subpath = JoinPath T_NestLoop (cost=391.04..527.69 rows=1 parallel_aware=False parallel_safe=False parallel_workers=0) {jointype: JOIN_INNER, inner_unique: false} = {
              path.parent = (b 1 2 3),
              path.pathtarget = PathTarget {cost: (0.00..0.00), width: 48} = {
                exprs = List with 5 elements = {
                  0 = Var {varno: 2, varattno: 5, vartype: 1082, vartypmod: -1, varcollid: 0, varlevelsup: 0, varnosyn: 2, varattnosyn: 5, location: 77},
                  1 = Var {varno: 2, varattno: 8, vartype: 23, vartypmod: -1, varcollid: 0, varlevelsup: 0, varnosyn: 2, varattnosyn: 8, location: 92},
                  2 = Var {varno: 3, varattno: 1, vartype: 23, vartypmod: -1, varcollid: 0, varlevelsup: 0, varnosyn: 3, varattnosyn: 1, location: 9},
                  3 = Var {varno: 3, varattno: 6, vartype: 1700, vartypmod: 983046, varcollid: 0, varlevelsup: 0, varnosyn: 3, varattnosyn: 6, location: 27},
                  4 = Var {varno: 3, varattno: 7, vartype: 1700, vartypmod: 983046, varcollid: 0, varlevelsup: 0, varnosyn: 3, varattnosyn: 7, location: 50}
                }
              },
              path.pathkeys = List with 1 elements = {
                0 = PathKey {pk_opfamily: 1976, pk_strategy: 1, pk_nulls_first: false} = {
                  pk_eclass = EquivalenceClass {ec_collation: 0, ec_relids: (b 2 3), ec_has_const: false, ec_has_volatile: false, ec_broken: false, ec_sortref: 0, ec_min_security: 0, ec_max_security: 0} = {
                    ec_opfamilies = OidList with 1 elements = {1976},
                    ec_members = List with 2 elements = {
                      0 = EquivalenceMember {em_relids: (b 3), em_is_const: false, em_is_child: false, em_datatype: 23} = {
                        em_expr = Var {varno: 3, varattno: 1, vartype: 23, vartypmod: -1, varcollid: 0, varlevelsup: 0, varnosyn: 3, varattnosyn: 1, location: 213}
                      },
                      1 = EquivalenceMember {em_relids: (b 2), em_is_const: false, em_is_child: false, em_datatype: 23} = {
                        em_expr = Var {varno: 2, varattno: 1, vartype: 23, vartypmod: -1, varcollid: 0, varlevelsup: 0, varnosyn: 2, varattnosyn: 1, location: 226}
                      }
                    },
                    ec_sources = List with 1 elements = {
                      0 = RestrictInfo {is_pushed_down: true, outerjoin_delayed: false, can_join: true, pseudoconstant: false, leakproof: false, security_level: 0, clause_relids: (b 2 3), required_relids: (b 2 3), outer_relids: (b), nullable_relids: (b), left_relids: (b 3), right_relids: (b 2), eval_cost: (-1.00..0.00), norm_selec: -1.0000, outer_selec: -1.0000, outer_is_left: false, hashjoinoperator: 0, left_bucketsize: -1.0000, right_bucketsize: -1.0000, left_mcvfreq: -1.0000, right_mcvfreq: -1.0000} = {
                        clause = OpExpr {opno: 96, opfuncid: 65, opresulttype: 16, opretset: false, opcollid: 0, inputcollid: 0, location: 224} = {
                          args = List with 2 elements = {
                            0 = Var {varno: 3, varattno: 1, vartype: 23, vartypmod: -1, varcollid: 0, varlevelsup: 0, varnosyn: 3, varattnosyn: 1, location: 213},
                            1 = Var {varno: 2, varattno: 1, vartype: 23, vartypmod: -1, varcollid: 0, varlevelsup: 0, varnosyn: 2, varattnosyn: 1, location: 226}
                          }
                        },
                        mergeopfamilies = OidList with 1 elements = {1976},
                        left_em = EquivalenceMember {em_relids: (b 3), em_is_const: false, em_is_child: false, em_datatype: 23} = {
                          em_expr = Var {varno: 3, varattno: 1, vartype: 23, vartypmod: -1, varcollid: 0, varlevelsup: 0, varnosyn: 3, varattnosyn: 1, location: 213}
                        },
                        right_em = EquivalenceMember {em_relids: (b 2), em_is_const: false, em_is_child: false, em_datatype: 23} = {
                          em_expr = Var {varno: 2, varattno: 1, vartype: 23, vartypmod: -1, varcollid: 0, varlevelsup: 0, varnosyn: 2, varattnosyn: 1, location: 226}
                        }
                      }
                    },
                    ec_derives = List with 1 elements = {
                      0 = RestrictInfo {is_pushed_down: true, outerjoin_delayed: false, can_join: true, pseudoconstant: false, leakproof: false, security_level: 0, clause_relids: (b 2 3), required_relids: (b 2 3), outer_relids: (b), nullable_relids: (b), left_relids: (b 2), right_relids: (b 3), eval_cost: (0.00..0.00), norm_selec: 0.0050, outer_selec: -1.0000, outer_is_left: false, hashjoinoperator: 96, left_bucketsize: 0.1000, right_bucketsize: 0.1000, left_mcvfreq: 0.0000, right_mcvfreq: 0.0000} = {
                        clause = OpExpr {opno: 96, opfuncid: 65, opresulttype: 16, opretset: false, opcollid: 0, inputcollid: 0, location: -1} = {
                          args = List with 2 elements = {
                            0 = Var {varno: 2, varattno: 1, vartype: 23, vartypmod: -1, varcollid: 0, varlevelsup: 0, varnosyn: 2, varattnosyn: 1, location: 226},
                            1 = Var {varno: 3, varattno: 1, vartype: 23, vartypmod: -1, varcollid: 0, varlevelsup: 0, varnosyn: 3, varattnosyn: 1, location: 213}
                          }
                        },
                        mergeopfamilies = OidList with 1 elements = {1976},
                        left_em = EquivalenceMember {em_relids: (b 2), em_is_const: false, em_is_child: false, em_datatype: 23} = {
                          em_expr = Var {varno: 2, varattno: 1, vartype: 23, vartypmod: -1, varcollid: 0, varlevelsup: 0, varnosyn: 2, varattnosyn: 1, location: 226}
                        },
                        right_em = EquivalenceMember {em_relids: (b 3), em_is_const: false, em_is_child: false, em_datatype: 23} = {
                          em_expr = Var {varno: 3, varattno: 1, vartype: 23, vartypmod: -1, varcollid: 0, varlevelsup: 0, varnosyn: 3, varattnosyn: 1, location: 213}
                        }
                      }
                    }
                  }
                }
              },
              outerjoinpath = MergePath T_MergeJoin (cost=391.04..391.29 rows=3 parallel_aware=False parallel_safe=False parallel_workers=0) {skip_mark_restore: false, materialize_inner: false} = {
                jpath.path.parent = (b 2 3),
                jpath.path.pathtarget = PathTarget {cost: (0.00..0.00), width: 52} = {
                  exprs = List with 6 elements = {
                    0 = Var {varno: 2, varattno: 5, vartype: 1082, vartypmod: -1, varcollid: 0, varlevelsup: 0, varnosyn: 2, varattnosyn: 5, location: 77},
                    1 = Var {varno: 2, varattno: 8, vartype: 23, vartypmod: -1, varcollid: 0, varlevelsup: 0, varnosyn: 2, varattnosyn: 8, location: 92},
                    2 = Var {varno: 2, varattno: 2, vartype: 23, vartypmod: -1, varcollid: 0, varlevelsup: 0, varnosyn: 2, varattnosyn: 2, location: 197},
                    3 = Var {varno: 3, varattno: 1, vartype: 23, vartypmod: -1, varcollid: 0, varlevelsup: 0, varnosyn: 3, varattnosyn: 1, location: 9},
                    4 = Var {varno: 3, varattno: 6, vartype: 1700, vartypmod: 983046, varcollid: 0, varlevelsup: 0, varnosyn: 3, varattnosyn: 6, location: 27},
                    5 = Var {varno: 3, varattno: 7, vartype: 1700, vartypmod: 983046, varcollid: 0, varlevelsup: 0, varnosyn: 3, varattnosyn: 7, location: 50}
                  }
                },
                jpath.path.pathkeys = List with 1 elements = {
                  0 = PathKey {pk_opfamily: 1976, pk_strategy: 1, pk_nulls_first: false} = {
                    pk_eclass = EquivalenceClass {ec_collation: 0, ec_relids: (b 2 3), ec_has_const: false, ec_has_volatile: false, ec_broken: false, ec_sortref: 0, ec_min_security: 0, ec_max_security: 0} = {
                      ec_opfamilies = OidList with 1 elements = {1976},
                      ec_members = List with 2 elements = {
                        0 = EquivalenceMember {em_relids: (b 3), em_is_const: false, em_is_child: false, em_datatype: 23} = {
                          em_expr = Var {varno: 3, varattno: 1, vartype: 23, vartypmod: -1, varcollid: 0, varlevelsup: 0, varnosyn: 3, varattnosyn: 1, location: 213}
                        },
                        1 = EquivalenceMember {em_relids: (b 2), em_is_const: false, em_is_child: false, em_datatype: 23} = {
                          em_expr = Var {varno: 2, varattno: 1, vartype: 23, vartypmod: -1, varcollid: 0, varlevelsup: 0, varnosyn: 2, varattnosyn: 1, location: 226}
                        }
                      },
                      ec_sources = List with 1 elements = {
                        0 = RestrictInfo {is_pushed_down: true, outerjoin_delayed: false, can_join: true, pseudoconstant: false, leakproof: false, security_level: 0, clause_relids: (b 2 3), required_relids: (b 2 3), outer_relids: (b), nullable_relids: (b), left_relids: (b 3), right_relids: (b 2), eval_cost: (-1.00..0.00), norm_selec: -1.0000, outer_selec: -1.0000, outer_is_left: false, hashjoinoperator: 0, left_bucketsize: -1.0000, right_bucketsize: -1.0000, left_mcvfreq: -1.0000, right_mcvfreq: -1.0000} = {
                          clause = OpExpr {opno: 96, opfuncid: 65, opresulttype: 16, opretset: false, opcollid: 0, inputcollid: 0, location: 224} = {
                            args = List with 2 elements = {
                              0 = Var {varno: 3, varattno: 1, vartype: 23, vartypmod: -1, varcollid: 0, varlevelsup: 0, varnosyn: 3, varattnosyn: 1, location: 213},
                              1 = Var {varno: 2, varattno: 1, vartype: 23, vartypmod: -1, varcollid: 0, varlevelsup: 0, varnosyn: 2, varattnosyn: 1, location: 226}
                            }
                          },
                          mergeopfamilies = OidList with 1 elements = {1976},
                          left_em = EquivalenceMember {em_relids: (b 3), em_is_const: false, em_is_child: false, em_datatype: 23} = {
                            em_expr = Var {varno: 3, varattno: 1, vartype: 23, vartypmod: -1, varcollid: 0, varlevelsup: 0, varnosyn: 3, varattnosyn: 1, location: 213}
                          },
                          right_em = EquivalenceMember {em_relids: (b 2), em_is_const: false, em_is_child: false, em_datatype: 23} = {
                            em_expr = Var {varno: 2, varattno: 1, vartype: 23, vartypmod: -1, varcollid: 0, varlevelsup: 0, varnosyn: 2, varattnosyn: 1, location: 226}
                          }
                        }
                      },
                      ec_derives = List with 1 elements = {
                        0 = RestrictInfo {is_pushed_down: true, outerjoin_delayed: false, can_join: true, pseudoconstant: false, leakproof: false, security_level: 0, clause_relids: (b 2 3), required_relids: (b 2 3), outer_relids: (b), nullable_relids: (b), left_relids: (b 2), right_relids: (b 3), eval_cost: (0.00..0.00), norm_selec: 0.0050, outer_selec: -1.0000, outer_is_left: false, hashjoinoperator: 96, left_bucketsize: 0.1000, right_bucketsize: 0.1000, left_mcvfreq: 0.0000, right_mcvfreq: 0.0000} = {
                          clause = OpExpr {opno: 96, opfuncid: 65, opresulttype: 16, opretset: false, opcollid: 0, inputcollid: 0, location: -1} = {
                            args = List with 2 elements = {
                              0 = Var {varno: 2, varattno: 1, vartype: 23, vartypmod: -1, varcollid: 0, varlevelsup: 0, varnosyn: 2, varattnosyn: 1, location: 226},
                              1 = Var {varno: 3, varattno: 1, vartype: 23, vartypmod: -1, varcollid: 0, varlevelsup: 0, varnosyn: 3, varattnosyn: 1, location: 213}
                            }
                          },
                          mergeopfamilies = OidList with 1 elements = {1976},
                          left_em = EquivalenceMember {em_relids: (b 2), em_is_const: false, em_is_child: false, em_datatype: 23} = {
                            em_expr = Var {varno: 2, varattno: 1, vartype: 23, vartypmod: -1, varcollid: 0, varlevelsup: 0, varnosyn: 2, varattnosyn: 1, location: 226}
                          },
                          right_em = EquivalenceMember {em_relids: (b 3), em_is_const: false, em_is_child: false, em_datatype: 23} = {
                            em_expr = Var {varno: 3, varattno: 1, vartype: 23, vartypmod: -1, varcollid: 0, varlevelsup: 0, varnosyn: 3, varattnosyn: 1, location: 213}
                          }
                        }
                      }
                    }
                  }
                },
                jpath.outerjoinpath = RemoteQueryPath T_RemoteQuery (cost=0.00..199.53 rows=23 parallel_aware=False parallel_safe=False parallel_workers=0) {jointype: JOIN_INNER, rqhas_unshippable_qual: false, rqhas_temp_rel: false, rqhas_unshippable_tlist: false} = {
                  path.parent = (b 2),
                  path.pathtarget = PathTarget {cost: (0.00..0.00), width: 16} = {
                    exprs = List with 4 elements = {
                      0 = Var {varno: 2, varattno: 5, vartype: 1082, vartypmod: -1, varcollid: 0, varlevelsup: 0, varnosyn: 2, varattnosyn: 5, location: 77},
                      1 = Var {varno: 2, varattno: 8, vartype: 23, vartypmod: -1, varcollid: 0, varlevelsup: 0, varnosyn: 2, varattnosyn: 8, location: 92},
                      2 = Var {varno: 2, varattno: 2, vartype: 23, vartypmod: -1, varcollid: 0, varlevelsup: 0, varnosyn: 2, varattnosyn: 2, location: 197},
                      3 = Var {varno: 2, varattno: 1, vartype: 23, vartypmod: -1, varcollid: 0, varlevelsup: 0, varnosyn: 2, varattnosyn: 1, location: 226}
                    }
                  },
                  rqpath_en = ExecNodes {accesstype: RELATION_ACCESS_READ, baselocatortype: 72 'H', en_relid: 0, en_funcid: 0} = {
                    en_dist_vars = List with 1 elements = {
                      0 = Var {varno: 2, varattno: 1, vartype: 23, vartypmod: -1, varcollid: 0, varlevelsup: 0, varnosyn: 2, varattnosyn: 1, location: 226}
                    },
                    nodeids = OidList with 3 elements = {16386, 16387, 16388}
                  }
                },
                jpath.innerjoinpath = RemoteQueryPath T_RemoteQuery (cost=0.00..190.50 rows=22 parallel_aware=False parallel_safe=False parallel_workers=0) {jointype: JOIN_INNER, rqhas_unshippable_qual: false, rqhas_temp_rel: false, rqhas_unshippable_tlist: false} = {
                  path.parent = (b 3),
                  path.pathtarget = PathTarget {cost: (0.00..0.00), width: 40} = {
                    exprs = List with 3 elements = {
                      0 = Var {varno: 3, varattno: 1, vartype: 23, vartypmod: -1, varcollid: 0, varlevelsup: 0, varnosyn: 3, varattnosyn: 1, location: 9},
                      1 = Var {varno: 3, varattno: 6, vartype: 1700, vartypmod: 983046, varcollid: 0, varlevelsup: 0, varnosyn: 3, varattnosyn: 6, location: 27},
                      2 = Var {varno: 3, varattno: 7, vartype: 1700, vartypmod: 983046, varcollid: 0, varlevelsup: 0, varnosyn: 3, varattnosyn: 7, location: 50}
                    }
                  },
                  rqpath_en = ExecNodes {accesstype: RELATION_ACCESS_READ, baselocatortype: 72 'H', en_relid: 0, en_funcid: 0} = {
                    en_dist_vars = List with 1 elements = {
                      0 = Var {varno: 3, varattno: 1, vartype: 23, vartypmod: -1, varcollid: 0, varlevelsup: 0, varnosyn: 3, varattnosyn: 1, location: 9}
                    },
                    nodeids = OidList with 3 elements = {16386, 16387, 16388}
                  }
                },
                jpath.joinrestrictinfo = List with 1 elements = {
                  0 = RestrictInfo {is_pushed_down: true, outerjoin_delayed: false, can_join: true, pseudoconstant: false, leakproof: false, security_level: 0, clause_relids: (b 2 3), required_relids: (b 2 3), outer_relids: (b), nullable_relids: (b), left_relids: (b 2), right_relids: (b 3), eval_cost: (0.00..0.00), norm_selec: 0.0050, outer_selec: -1.0000, outer_is_left: false, hashjoinoperator: 96, left_bucketsize: 0.1000, right_bucketsize: 0.1000, left_mcvfreq: 0.0000, right_mcvfreq: 0.0000} = {
                    clause = OpExpr {opno: 96, opfuncid: 65, opresulttype: 16, opretset: false, opcollid: 0, inputcollid: 0, location: -1} = {
                      args = List with 2 elements = {
                        0 = Var {varno: 2, varattno: 1, vartype: 23, vartypmod: -1, varcollid: 0, varlevelsup: 0, varnosyn: 2, varattnosyn: 1, location: 226},
                        1 = Var {varno: 3, varattno: 1, vartype: 23, vartypmod: -1, varcollid: 0, varlevelsup: 0, varnosyn: 3, varattnosyn: 1, location: 213}
                      }
                    },
                    mergeopfamilies = OidList with 1 elements = {1976},
                    left_em = EquivalenceMember {em_relids: (b 2), em_is_const: false, em_is_child: false, em_datatype: 23} = {
                      em_expr = Var {varno: 2, varattno: 1, vartype: 23, vartypmod: -1, varcollid: 0, varlevelsup: 0, varnosyn: 2, varattnosyn: 1, location: 226}
                    },
                    right_em = EquivalenceMember {em_relids: (b 3), em_is_const: false, em_is_child: false, em_datatype: 23} = {
                      em_expr = Var {varno: 3, varattno: 1, vartype: 23, vartypmod: -1, varcollid: 0, varlevelsup: 0, varnosyn: 3, varattnosyn: 1, location: 213}
                    }
                  }
                },
                outersortkeys = List with 1 elements = {
                  0 = PathKey {pk_opfamily: 1976, pk_strategy: 1, pk_nulls_first: false} = {
                    pk_eclass = EquivalenceClass {ec_collation: 0, ec_relids: (b 2 3), ec_has_const: false, ec_has_volatile: false, ec_broken: false, ec_sortref: 0, ec_min_security: 0, ec_max_security: 0} = {
                      ec_opfamilies = OidList with 1 elements = {1976},
                      ec_members = List with 2 elements = {
                        0 = EquivalenceMember {em_relids: (b 3), em_is_const: false, em_is_child: false, em_datatype: 23} = {
                          em_expr = Var {varno: 3, varattno: 1, vartype: 23, vartypmod: -1, varcollid: 0, varlevelsup: 0, varnosyn: 3, varattnosyn: 1, location: 213}
                        },
                        1 = EquivalenceMember {em_relids: (b 2), em_is_const: false, em_is_child: false, em_datatype: 23} = {
                          em_expr = Var {varno: 2, varattno: 1, vartype: 23, vartypmod: -1, varcollid: 0, varlevelsup: 0, varnosyn: 2, varattnosyn: 1, location: 226}
                        }
                      },
                      ec_sources = List with 1 elements = {
                        0 = RestrictInfo {is_pushed_down: true, outerjoin_delayed: false, can_join: true, pseudoconstant: false, leakproof: false, security_level: 0, clause_relids: (b 2 3), required_relids: (b 2 3), outer_relids: (b), nullable_relids: (b), left_relids: (b 3), right_relids: (b 2), eval_cost: (-1.00..0.00), norm_selec: -1.0000, outer_selec: -1.0000, outer_is_left: false, hashjoinoperator: 0, left_bucketsize: -1.0000, right_bucketsize: -1.0000, left_mcvfreq: -1.0000, right_mcvfreq: -1.0000} = {
                          clause = OpExpr {opno: 96, opfuncid: 65, opresulttype: 16, opretset: false, opcollid: 0, inputcollid: 0, location: 224} = {
                            args = List with 2 elements = {
                              0 = Var {varno: 3, varattno: 1, vartype: 23, vartypmod: -1, varcollid: 0, varlevelsup: 0, varnosyn: 3, varattnosyn: 1, location: 213},
                              1 = Var {varno: 2, varattno: 1, vartype: 23, vartypmod: -1, varcollid: 0, varlevelsup: 0, varnosyn: 2, varattnosyn: 1, location: 226}
                            }
                          },
                          mergeopfamilies = OidList with 1 elements = {1976},
                          left_em = EquivalenceMember {em_relids: (b 3), em_is_const: false, em_is_child: false, em_datatype: 23} = {
                            em_expr = Var {varno: 3, varattno: 1, vartype: 23, vartypmod: -1, varcollid: 0, varlevelsup: 0, varnosyn: 3, varattnosyn: 1, location: 213}
                          },
                          right_em = EquivalenceMember {em_relids: (b 2), em_is_const: false, em_is_child: false, em_datatype: 23} = {
                            em_expr = Var {varno: 2, varattno: 1, vartype: 23, vartypmod: -1, varcollid: 0, varlevelsup: 0, varnosyn: 2, varattnosyn: 1, location: 226}
                          }
                        }
                      },
                      ec_derives = List with 1 elements = {
                        0 = RestrictInfo {is_pushed_down: true, outerjoin_delayed: false, can_join: true, pseudoconstant: false, leakproof: false, security_level: 0, clause_relids: (b 2 3), required_relids: (b 2 3), outer_relids: (b), nullable_relids: (b), left_relids: (b 2), right_relids: (b 3), eval_cost: (0.00..0.00), norm_selec: 0.0050, outer_selec: -1.0000, outer_is_left: false, hashjoinoperator: 96, left_bucketsize: 0.1000, right_bucketsize: 0.1000, left_mcvfreq: 0.0000, right_mcvfreq: 0.0000} = {
                          clause = OpExpr {opno: 96, opfuncid: 65, opresulttype: 16, opretset: false, opcollid: 0, inputcollid: 0, location: -1} = {
                            args = List with 2 elements = {
                              0 = Var {varno: 2, varattno: 1, vartype: 23, vartypmod: -1, varcollid: 0, varlevelsup: 0, varnosyn: 2, varattnosyn: 1, location: 226},
                              1 = Var {varno: 3, varattno: 1, vartype: 23, vartypmod: -1, varcollid: 0, varlevelsup: 0, varnosyn: 3, varattnosyn: 1, location: 213}
                            }
                          },
                          mergeopfamilies = OidList with 1 elements = {1976},
                          left_em = EquivalenceMember {em_relids: (b 2), em_is_const: false, em_is_child: false, em_datatype: 23} = {
                            em_expr = Var {varno: 2, varattno: 1, vartype: 23, vartypmod: -1, varcollid: 0, varlevelsup: 0, varnosyn: 2, varattnosyn: 1, location: 226}
                          },
                          right_em = EquivalenceMember {em_relids: (b 3), em_is_const: false, em_is_child: false, em_datatype: 23} = {
                            em_expr = Var {varno: 3, varattno: 1, vartype: 23, vartypmod: -1, varcollid: 0, varlevelsup: 0, varnosyn: 3, varattnosyn: 1, location: 213}
                          }
                        }
                      }
                    }
                  }
                },
                innersortkeys = List with 1 elements = {
                  0 = PathKey {pk_opfamily: 1976, pk_strategy: 1, pk_nulls_first: false} = {
                    pk_eclass = EquivalenceClass {ec_collation: 0, ec_relids: (b 2 3), ec_has_const: false, ec_has_volatile: false, ec_broken: false, ec_sortref: 0, ec_min_security: 0, ec_max_security: 0} = {
                      ec_opfamilies = OidList with 1 elements = {1976},
                      ec_members = List with 2 elements = {
                        0 = EquivalenceMember {em_relids: (b 3), em_is_const: false, em_is_child: false, em_datatype: 23} = {
                          em_expr = Var {varno: 3, varattno: 1, vartype: 23, vartypmod: -1, varcollid: 0, varlevelsup: 0, varnosyn: 3, varattnosyn: 1, location: 213}
                        },
                        1 = EquivalenceMember {em_relids: (b 2), em_is_const: false, em_is_child: false, em_datatype: 23} = {
                          em_expr = Var {varno: 2, varattno: 1, vartype: 23, vartypmod: -1, varcollid: 0, varlevelsup: 0, varnosyn: 2, varattnosyn: 1, location: 226}
                        }
                      },
                      ec_sources = List with 1 elements = {
                        0 = RestrictInfo {is_pushed_down: true, outerjoin_delayed: false, can_join: true, pseudoconstant: false, leakproof: false, security_level: 0, clause_relids: (b 2 3), required_relids: (b 2 3), outer_relids: (b), nullable_relids: (b), left_relids: (b 3), right_relids: (b 2), eval_cost: (-1.00..0.00), norm_selec: -1.0000, outer_selec: -1.0000, outer_is_left: false, hashjoinoperator: 0, left_bucketsize: -1.0000, right_bucketsize: -1.0000, left_mcvfreq: -1.0000, right_mcvfreq: -1.0000} = {
                          clause = OpExpr {opno: 96, opfuncid: 65, opresulttype: 16, opretset: false, opcollid: 0, inputcollid: 0, location: 224} = {
                            args = List with 2 elements = {
                              0 = Var {varno: 3, varattno: 1, vartype: 23, vartypmod: -1, varcollid: 0, varlevelsup: 0, varnosyn: 3, varattnosyn: 1, location: 213},
                              1 = Var {varno: 2, varattno: 1, vartype: 23, vartypmod: -1, varcollid: 0, varlevelsup: 0, varnosyn: 2, varattnosyn: 1, location: 226}
                            }
                          },
                          mergeopfamilies = OidList with 1 elements = {1976},
                          left_em = EquivalenceMember {em_relids: (b 3), em_is_const: false, em_is_child: false, em_datatype: 23} = {
                            em_expr = Var {varno: 3, varattno: 1, vartype: 23, vartypmod: -1, varcollid: 0, varlevelsup: 0, varnosyn: 3, varattnosyn: 1, location: 213}
                          },
                          right_em = EquivalenceMember {em_relids: (b 2), em_is_const: false, em_is_child: false, em_datatype: 23} = {
                            em_expr = Var {varno: 2, varattno: 1, vartype: 23, vartypmod: -1, varcollid: 0, varlevelsup: 0, varnosyn: 2, varattnosyn: 1, location: 226}
                          }
                        }
                      },
                      ec_derives = List with 1 elements = {
                        0 = RestrictInfo {is_pushed_down: true, outerjoin_delayed: false, can_join: true, pseudoconstant: false, leakproof: false, security_level: 0, clause_relids: (b 2 3), required_relids: (b 2 3), outer_relids: (b), nullable_relids: (b), left_relids: (b 2), right_relids: (b 3), eval_cost: (0.00..0.00), norm_selec: 0.0050, outer_selec: -1.0000, outer_is_left: false, hashjoinoperator: 96, left_bucketsize: 0.1000, right_bucketsize: 0.1000, left_mcvfreq: 0.0000, right_mcvfreq: 0.0000} = {
                          clause = OpExpr {opno: 96, opfuncid: 65, opresulttype: 16, opretset: false, opcollid: 0, inputcollid: 0, location: -1} = {
                            args = List with 2 elements = {
                              0 = Var {varno: 2, varattno: 1, vartype: 23, vartypmod: -1, varcollid: 0, varlevelsup: 0, varnosyn: 2, varattnosyn: 1, location: 226},
                              1 = Var {varno: 3, varattno: 1, vartype: 23, vartypmod: -1, varcollid: 0, varlevelsup: 0, varnosyn: 3, varattnosyn: 1, location: 213}
                            }
                          },
                          mergeopfamilies = OidList with 1 elements = {1976},
                          left_em = EquivalenceMember {em_relids: (b 2), em_is_const: false, em_is_child: false, em_datatype: 23} = {
                            em_expr = Var {varno: 2, varattno: 1, vartype: 23, vartypmod: -1, varcollid: 0, varlevelsup: 0, varnosyn: 2, varattnosyn: 1, location: 226}
                          },
                          right_em = EquivalenceMember {em_relids: (b 3), em_is_const: false, em_is_child: false, em_datatype: 23} = {
                            em_expr = Var {varno: 3, varattno: 1, vartype: 23, vartypmod: -1, varcollid: 0, varlevelsup: 0, varnosyn: 3, varattnosyn: 1, location: 213}
                          }
                        }
                      }
                    }
                  }
                }
              },
              innerjoinpath = MaterialPath T_Material (cost=0.00..136.35 rows=1 parallel_aware=False parallel_safe=False parallel_workers=0)  = {
                path.parent = (b 1),
                path.pathtarget = PathTarget {cost: (0.00..0.00), width: 4} = {
                  exprs = List with 1 elements = {
                    0 = Var {varno: 1, varattno: 1, vartype: 23, vartypmod: -1, varcollid: 0, varlevelsup: 0, varnosyn: 1, varattnosyn: 1, location: 185}
                  }
                },
                subpath = RemoteQueryPath T_RemoteQuery (cost=0.00..136.35 rows=1 parallel_aware=False parallel_safe=False parallel_workers=0) {jointype: JOIN_INNER, rqhas_unshippable_qual: false, rqhas_temp_rel: false, rqhas_unshippable_tlist: false} = {
                  path.parent = (b 1),
                  path.pathtarget = PathTarget {cost: (0.00..0.00), width: 4} = {
                    exprs = List with 1 elements = {
                      0 = Var {varno: 1, varattno: 1, vartype: 23, vartypmod: -1, varcollid: 0, varlevelsup: 0, varnosyn: 1, varattnosyn: 1, location: 185}
                    }
                  },
                  rqpath_en = ExecNodes {accesstype: RELATION_ACCESS_READ, baselocatortype: 72 'H', en_relid: 0, en_funcid: 0} = {
                    en_dist_vars = List with 1 elements = {
                      0 = Var {varno: 1, varattno: 1, vartype: 23, vartypmod: -1, varcollid: 0, varlevelsup: 0, varnosyn: 1, varattnosyn: 1, location: 185}
                    },
                    nodeids = OidList with 3 elements = {16386, 16387, 16388}
                  }
                }
              },
              joinrestrictinfo = List with 1 elements = {
                0 = RestrictInfo {is_pushed_down: true, outerjoin_delayed: false, can_join: true, pseudoconstant: false, leakproof: false, security_level: 0, clause_relids: (b 1 2), required_relids: (b 1 2), outer_relids: (b), nullable_relids: (b), left_relids: (b 2), right_relids: (b 1), eval_cost: (0.00..0.00), norm_selec: 0.0050, outer_selec: -1.0000, outer_is_left: false, hashjoinoperator: 96, left_bucketsize: 0.1000, right_bucketsize: 1.0000, left_mcvfreq: 0.0000, right_mcvfreq: 0.0000} = {
                  clause = OpExpr {opno: 96, opfuncid: 65, opresulttype: 16, opretset: false, opcollid: 0, inputcollid: 0, location: -1} = {
                    args = List with 2 elements = {
                      0 = Var {varno: 2, varattno: 2, vartype: 23, vartypmod: -1, varcollid: 0, varlevelsup: 0, varnosyn: 2, varattnosyn: 2, location: 197},
                      1 = Var {varno: 1, varattno: 1, vartype: 23, vartypmod: -1, varcollid: 0, varlevelsup: 0, varnosyn: 1, varattnosyn: 1, location: 185}
                    }
                  },
                  mergeopfamilies = OidList with 1 elements = {1976},
                  left_em = EquivalenceMember {em_relids: (b 2), em_is_const: false, em_is_child: false, em_datatype: 23} = {
                    em_expr = Var {varno: 2, varattno: 2, vartype: 23, vartypmod: -1, varcollid: 0, varlevelsup: 0, varnosyn: 2, varattnosyn: 2, location: 197}
                  },
                  right_em = EquivalenceMember {em_relids: (b 1), em_is_const: false, em_is_child: false, em_datatype: 23} = {
                    em_expr = Var {varno: 1, varattno: 1, vartype: 23, vartypmod: -1, varcollid: 0, varlevelsup: 0, varnosyn: 1, varattnosyn: 1, location: 185}
                  }
                }
              }
            }
          }
        },
        nPresortedCols = 1
      },
      groupClause = List with 3 elements = {
        0 = SortGroupClause {tleSortGroupRef: 3, eqop: 96, sortop: 97, nulls_first: false, hashable: true},
        1 = SortGroupClause {tleSortGroupRef: 2, eqop: 1093, sortop: 1095, nulls_first: false, hashable: true},
        2 = SortGroupClause {tleSortGroupRef: 4, eqop: 96, sortop: 97, nulls_first: false, hashable: true}
      }
    }
  },
  limitCount = Const {consttype: 20, consttypmod: -1, constcollid: 0, constlen: 8, constvalue: 10, constisnull: false, constbyval: true, location: -1}
}

Breakpoint 2, standard_planner (parse=0x55f2f17aeaf0, query_string=0x55f2f1676670 "select\n  l_orderkey,\n  sum(l_extendedprice * (1 - l_discount)) as revenue,\n  o_orderdate,\n  o_shippriority\nfrom\n  customer,\n  orders,\n  lineitem\nwhere\n  c_mktsegment = 'BUILDING'\n  and c_custkey = o_c"..., cursorOptions=33024, boundParams=0x0) at /workspaces/AntDB/src/backend/optimizer/plan/planner.c:761
761		result->commandType = parse->commandType;
$9 = Limit (cost=527.83..527.84 rows=1 width=44 plan_id=0 parallel_aware=False parallel_safe = False) {limitOption: LIMIT_OPTION_COUNT, uniqNumCols: 0} = {
  plan.targetlist = List with 4 elements = {
    0 = TargetEntry {resno: 1, resname: 'l_orderkey', ressortgroupref: 3, resorigtbl: 270678, resorigcol: 1, resjunk: false} = {
      expr = Var {varno: 65001, varattno: 1, vartype: 23, vartypmod: -1, varcollid: 0, varlevelsup: 0, varnosyn: 3, varattnosyn: 1, location: -1}
    },
    1 = TargetEntry {resno: 2, resname: 'revenue', ressortgroupref: 1, resorigtbl: 0, resorigcol: 0, resjunk: false} = {
      expr = Var {varno: 65001, varattno: 2, vartype: 1700, vartypmod: -1, varcollid: 0, varlevelsup: 0, varnosyn: 0, varattnosyn: 0, location: -1}
    },
    2 = TargetEntry {resno: 3, resname: 'o_orderdate', ressortgroupref: 2, resorigtbl: 270675, resorigcol: 5, resjunk: false} = {
      expr = Var {varno: 65001, varattno: 3, vartype: 1082, vartypmod: -1, varcollid: 0, varlevelsup: 0, varnosyn: 2, varattnosyn: 5, location: -1}
    },
    3 = TargetEntry {resno: 4, resname: 'o_shippriority', ressortgroupref: 4, resorigtbl: 270675, resorigcol: 8, resjunk: false} = {
      expr = Var {varno: 65001, varattno: 4, vartype: 23, vartypmod: -1, varcollid: 0, varlevelsup: 0, varnosyn: 2, varattnosyn: 8, location: -1}
    }
  },
  plan.lefttree = Sort (cost=527.83..527.84 rows=1 width=44 plan_id=1 parallel_aware=False parallel_safe = False) numCols: 2 = {
    sortColIdx = [2, 3],
    sortOperators = [1756, 1095],
    collations = [0, 0],
    nullsFirst = [True, False],
    plan.targetlist = List with 4 elements = {
      0 = TargetEntry {resno: 1, resname: 'l_orderkey', ressortgroupref: 3, resorigtbl: 270678, resorigcol: 1, resjunk: false} = {
        expr = Var {varno: 65001, varattno: 1, vartype: 23, vartypmod: -1, varcollid: 0, varlevelsup: 0, varnosyn: 3, varattnosyn: 1, location: -1}
      },
      1 = TargetEntry {resno: 2, resname: 'revenue', ressortgroupref: 1, resorigtbl: 0, resorigcol: 0, resjunk: false} = {
        expr = Var {varno: 65001, varattno: 2, vartype: 1700, vartypmod: -1, varcollid: 0, varlevelsup: 0, varnosyn: 0, varattnosyn: 0, location: -1}
      },
      2 = TargetEntry {resno: 3, resname: 'o_orderdate', ressortgroupref: 2, resorigtbl: 270675, resorigcol: 5, resjunk: false} = {
        expr = Var {varno: 65001, varattno: 3, vartype: 1082, vartypmod: -1, varcollid: 0, varlevelsup: 0, varnosyn: 2, varattnosyn: 5, location: -1}
      },
      3 = TargetEntry {resno: 4, resname: 'o_shippriority', ressortgroupref: 4, resorigtbl: 270675, resorigcol: 8, resjunk: false} = {
        expr = Var {varno: 65001, varattno: 4, vartype: 23, vartypmod: -1, varcollid: 0, varlevelsup: 0, varnosyn: 2, varattnosyn: 8, location: -1}
      }
    },
    plan.lefttree = Agg (cost=459.37..527.82 rows=1 width=44 plan_id=2 parallel_aware=False parallel_safe = False) {aggstrategy: AGG_SORTED, aggsplit: AGGSPLIT_SIMPLE, numCols: 3, numGroups: 1, transitionSpace: 128, aggParams: 0x0} = {
      grpColIdx = [1, 2, 3],
      grpOperators = [96, 1093, 96],
      grpCollations = [0, 0, 0],
      plan.targetlist = List with 4 elements = {
        0 = TargetEntry {resno: 1, resname: 'l_orderkey', ressortgroupref: 3, resorigtbl: 270678, resorigcol: 1, resjunk: false} = {
          expr = Var {varno: 65001, varattno: 1, vartype: 23, vartypmod: -1, varcollid: 0, varlevelsup: 0, varnosyn: 0, varattnosyn: 0, location: -1}
        },
        1 = TargetEntry {resno: 2, resname: 'revenue', ressortgroupref: 1, resorigtbl: 0, resorigcol: 0, resjunk: false} = {
          expr = Aggref {aggfnoid: 2114, aggtype: 1700, aggcollid: 0, inputcollid: 0, aggtranstype: 2281, aggtrantype: 0, agghas_collectfn: false, rank_first: false, aggstar: false, aggvariadic: false, aggkind: 110 'n', agglevelsup: 0, aggsplit: AGGSPLIT_SIMPLE, location: 23} = {
            aggargtypes = OidList with 1 elements = {1700},
            args = List with 1 elements = {
              0 = TargetEntry {resno: 1, resname: 0x0, ressortgroupref: 0, resorigtbl: 0, resorigcol: 0, resjunk: false} = {
                expr = OpExpr {opno: 1760, opfuncid: 1726, opresulttype: 1700, opretset: false, opcollid: 0, inputcollid: 0, location: 43} = {
                  args = List with 2 elements = {
                    0 = Var {varno: 65001, varattno: 4, vartype: 1700, vartypmod: 983046, varcollid: 0, varlevelsup: 0, varnosyn: 3, varattnosyn: 6, location: 27},
                    1 = OpExpr {opno: 1759, opfuncid: 1725, opresulttype: 1700, opretset: false, opcollid: 0, inputcollid: 0, location: 48} = {
                      args = List with 2 elements = {
                        0 = Const {consttype: 1700, consttypmod: -1, constcollid: 0, constlen: -1, constvalue: 94501922246312, constisnull: false, constbyval: false, location: -1},
                        1 = Var {varno: 65001, varattno: 5, vartype: 1700, vartypmod: 983046, varcollid: 0, varlevelsup: 0, varnosyn: 3, varattnosyn: 7, location: 50}
                      }
                    }
                  }
                }
              }
            }
          }
        },
        2 = TargetEntry {resno: 3, resname: 'o_orderdate', ressortgroupref: 2, resorigtbl: 270675, resorigcol: 5, resjunk: false} = {
          expr = Var {varno: 65001, varattno: 2, vartype: 1082, vartypmod: -1, varcollid: 0, varlevelsup: 0, varnosyn: 0, varattnosyn: 0, location: -1}
        },
        3 = TargetEntry {resno: 4, resname: 'o_shippriority', ressortgroupref: 4, resorigtbl: 270675, resorigcol: 8, resjunk: false} = {
          expr = Var {varno: 65001, varattno: 3, vartype: 23, vartypmod: -1, varcollid: 0, varlevelsup: 0, varnosyn: 0, varattnosyn: 0, location: -1}
        }
      },
      plan.lefttree = {
        sort = Sort (cost=459.37..527.78 rows=2 width=48 plan_id=3 parallel_aware=False parallel_safe = False) numCols: 3 = {
          sortColIdx = [1, 2, 3],
          sortOperators = [97, 1095, 97],
          collations = [0, 0, 0],
          nullsFirst = [False, False, False],
          plan.targetlist = List with 5 elements = {
            0 = TargetEntry {resno: 1, resname: 0x0, ressortgroupref: 3, resorigtbl: 0, resorigcol: 0, resjunk: false} = {
              expr = Var {varno: 65001, varattno: 1, vartype: 23, vartypmod: -1, varcollid: 0, varlevelsup: 0, varnosyn: 3, varattnosyn: 1, location: -1}
            },
            1 = TargetEntry {resno: 2, resname: 0x0, ressortgroupref: 2, resorigtbl: 0, resorigcol: 0, resjunk: false} = {
              expr = Var {varno: 65001, varattno: 2, vartype: 1082, vartypmod: -1, varcollid: 0, varlevelsup: 0, varnosyn: 2, varattnosyn: 5, location: -1}
            },
            2 = TargetEntry {resno: 3, resname: 0x0, ressortgroupref: 4, resorigtbl: 0, resorigcol: 0, resjunk: false} = {
              expr = Var {varno: 65001, varattno: 3, vartype: 23, vartypmod: -1, varcollid: 0, varlevelsup: 0, varnosyn: 2, varattnosyn: 8, location: -1}
            },
            3 = TargetEntry {resno: 4, resname: 0x0, ressortgroupref: 0, resorigtbl: 0, resorigcol: 0, resjunk: false} = {
              expr = Var {varno: 65001, varattno: 4, vartype: 1700, vartypmod: 983046, varcollid: 0, varlevelsup: 0, varnosyn: 3, varattnosyn: 6, location: -1}
            },
            4 = TargetEntry {resno: 5, resname: 0x0, ressortgroupref: 0, resorigtbl: 0, resorigcol: 0, resjunk: false} = {
              expr = Var {varno: 65001, varattno: 5, vartype: 1700, vartypmod: 983046, varcollid: 0, varlevelsup: 0, varnosyn: 3, varattnosyn: 7, location: -1}
            }
          },
          plan.lefttree = NestLoop (cost=391.04..527.69 rows=1 width=48 plan_id=4 parallel_aware=False parallel_safe = False) {join.jointype: JOIN_INNER, join.inner_unique: false} = {
            join.plan.targetlist = List with 5 elements = {
              0 = TargetEntry {resno: 1, resname: 0x0, ressortgroupref: 3, resorigtbl: 0, resorigcol: 0, resjunk: false} = {
                expr = Var {varno: 65001, varattno: 4, vartype: 23, vartypmod: -1, varcollid: 0, varlevelsup: 0, varnosyn: 3, varattnosyn: 1, location: 9}
              },
              1 = TargetEntry {resno: 2, resname: 0x0, ressortgroupref: 2, resorigtbl: 0, resorigcol: 0, resjunk: false} = {
                expr = Var {varno: 65001, varattno: 1, vartype: 1082, vartypmod: -1, varcollid: 0, varlevelsup: 0, varnosyn: 2, varattnosyn: 5, location: 77}
              },
              2 = TargetEntry {resno: 3, resname: 0x0, ressortgroupref: 4, resorigtbl: 0, resorigcol: 0, resjunk: false} = {
                expr = Var {varno: 65001, varattno: 2, vartype: 23, vartypmod: -1, varcollid: 0, varlevelsup: 0, varnosyn: 2, varattnosyn: 8, location: 92}
              },
              3 = TargetEntry {resno: 4, resname: 0x0, ressortgroupref: 0, resorigtbl: 0, resorigcol: 0, resjunk: false} = {
                expr = Var {varno: 65001, varattno: 5, vartype: 1700, vartypmod: 983046, varcollid: 0, varlevelsup: 0, varnosyn: 3, varattnosyn: 6, location: 27}
              },
              4 = TargetEntry {resno: 5, resname: 0x0, ressortgroupref: 0, resorigtbl: 0, resorigcol: 0, resjunk: false} = {
                expr = Var {varno: 65001, varattno: 6, vartype: 1700, vartypmod: 983046, varcollid: 0, varlevelsup: 0, varnosyn: 3, varattnosyn: 7, location: 50}
              }
            },
            join.plan.lefttree = MergeJoin (cost=391.04..391.29 rows=3 width=52 plan_id=5 parallel_aware=False parallel_safe = False) {join.jointype: JOIN_INNER, join.inner_unique: false, skip_mark_restore: false} = {
              mergeFamilies = [1976],
              mergeCollations = [0],
              mergeStrategies = [1],
              mergeNullsFirst = [False],
              join.plan.targetlist = List with 6 elements = {
                0 = TargetEntry {resno: 1, resname: 0x0, ressortgroupref: 0, resorigtbl: 0, resorigcol: 0, resjunk: false} = {
                  expr = Var {varno: 65001, varattno: 1, vartype: 1082, vartypmod: -1, varcollid: 0, varlevelsup: 0, varnosyn: 2, varattnosyn: 5, location: 77}
                },
                1 = TargetEntry {resno: 2, resname: 0x0, ressortgroupref: 0, resorigtbl: 0, resorigcol: 0, resjunk: false} = {
                  expr = Var {varno: 65001, varattno: 2, vartype: 23, vartypmod: -1, varcollid: 0, varlevelsup: 0, varnosyn: 2, varattnosyn: 8, location: 92}
                },
                2 = TargetEntry {resno: 3, resname: 0x0, ressortgroupref: 0, resorigtbl: 0, resorigcol: 0, resjunk: false} = {
                  expr = Var {varno: 65001, varattno: 3, vartype: 23, vartypmod: -1, varcollid: 0, varlevelsup: 0, varnosyn: 2, varattnosyn: 2, location: 197}
                },
                3 = TargetEntry {resno: 4, resname: 0x0, ressortgroupref: 0, resorigtbl: 0, resorigcol: 0, resjunk: false} = {
                  expr = Var {varno: 65000, varattno: 1, vartype: 23, vartypmod: -1, varcollid: 0, varlevelsup: 0, varnosyn: 3, varattnosyn: 1, location: 9}
                },
                4 = TargetEntry {resno: 5, resname: 0x0, ressortgroupref: 0, resorigtbl: 0, resorigcol: 0, resjunk: false} = {
                  expr = Var {varno: 65000, varattno: 2, vartype: 1700, vartypmod: 983046, varcollid: 0, varlevelsup: 0, varnosyn: 3, varattnosyn: 6, location: 27}
                },
                5 = TargetEntry {resno: 6, resname: 0x0, ressortgroupref: 0, resorigtbl: 0, resorigcol: 0, resjunk: false} = {
                  expr = Var {varno: 65000, varattno: 3, vartype: 1700, vartypmod: 983046, varcollid: 0, varlevelsup: 0, varnosyn: 3, varattnosyn: 7, location: 50}
                }
              },
              join.plan.lefttree = Sort (cost=200.05..200.10 rows=23 width=16 plan_id=6 parallel_aware=False parallel_safe = False) numCols: 1 = {
                sortColIdx = [4],
                sortOperators = [97],
                collations = [0],
                nullsFirst = [False],
                plan.targetlist = List with 4 elements = {
                  0 = TargetEntry {resno: 1, resname: 0x0, ressortgroupref: 0, resorigtbl: 0, resorigcol: 0, resjunk: false} = {
                    expr = Var {varno: 65001, varattno: 1, vartype: 1082, vartypmod: -1, varcollid: 0, varlevelsup: 0, varnosyn: 2, varattnosyn: 5, location: -1}
                  },
                  1 = TargetEntry {resno: 2, resname: 0x0, ressortgroupref: 0, resorigtbl: 0, resorigcol: 0, resjunk: false} = {
                    expr = Var {varno: 65001, varattno: 2, vartype: 23, vartypmod: -1, varcollid: 0, varlevelsup: 0, varnosyn: 2, varattnosyn: 8, location: -1}
                  },
                  2 = TargetEntry {resno: 3, resname: 0x0, ressortgroupref: 0, resorigtbl: 0, resorigcol: 0, resjunk: false} = {
                    expr = Var {varno: 65001, varattno: 3, vartype: 23, vartypmod: -1, varcollid: 0, varlevelsup: 0, varnosyn: 2, varattnosyn: 2, location: -1}
                  },
                  3 = TargetEntry {resno: 4, resname: 0x0, ressortgroupref: 1, resorigtbl: 0, resorigcol: 0, resjunk: false} = {
                    expr = Var {varno: 65001, varattno: 4, vartype: 23, vartypmod: -1, varcollid: 0, varlevelsup: 0, varnosyn: 2, varattnosyn: 1, location: -1}
                  }
                },
                plan.lefttree = RemoteQuery (cost=0.00..199.53 rows=23 width=16 plan_id=7 parallel_aware=False parallel_safe = False) {scan.scanrelid: 4, exec_direct_type: EXEC_DIRECT_NONE, sql_statement: 'SELECT o_orderdate, o_shippriority, o_custkey, o_orderkey FROM ONLY public.orders orders WHERE (o_or', sql_node: 0x0, combine_type: COMBINE_TYPE_NONE, read_only: true, force_autocommit: false, statement: 0x0, cursor: 0x0, rq_num_params: 0, rq_params_internal: false, exec_type: EXEC_ON_DATANODES, is_temp: false, rq_finalise_aggs: false, rq_sortgroup_colno: true, has_row_marks: false, rq_save_command_id: false, rq_use_pk_for_rep_change: false, rq_max_param_num: 0} = {
                  scan.plan.targetlist = List with 4 elements = {
                    0 = TargetEntry {resno: 1, resname: 0x0, ressortgroupref: 0, resorigtbl: 0, resorigcol: 0, resjunk: false} = {
                      expr = Var {varno: 4, varattno: 1, vartype: 1082, vartypmod: -1, varcollid: 0, varlevelsup: 0, varnosyn: 2, varattnosyn: 5, location: 77}
                    },
                    1 = TargetEntry {resno: 2, resname: 0x0, ressortgroupref: 0, resorigtbl: 0, resorigcol: 0, resjunk: false} = {
                      expr = Var {varno: 4, varattno: 2, vartype: 23, vartypmod: -1, varcollid: 0, varlevelsup: 0, varnosyn: 2, varattnosyn: 8, location: 92}
                    },
                    2 = TargetEntry {resno: 3, resname: 0x0, ressortgroupref: 0, resorigtbl: 0, resorigcol: 0, resjunk: false} = {
                      expr = Var {varno: 4, varattno: 3, vartype: 23, vartypmod: -1, varcollid: 0, varlevelsup: 0, varnosyn: 2, varattnosyn: 2, location: 197}
                    },
                    3 = TargetEntry {resno: 4, resname: 0x0, ressortgroupref: 1, resorigtbl: 0, resorigcol: 0, resjunk: false} = {
                      expr = Var {varno: 4, varattno: 4, vartype: 23, vartypmod: -1, varcollid: 0, varlevelsup: 0, varnosyn: 2, varattnosyn: 1, location: 226}
                    }
                  },
                  exec_nodes = ExecNodes {accesstype: RELATION_ACCESS_READ, baselocatortype: 72 'H', en_relid: 0, en_funcid: 0} = {
                    en_dist_vars = List with 1 elements = {
                      0 = Var {varno: 2, varattno: 1, vartype: 23, vartypmod: -1, varcollid: 0, varlevelsup: 0, varnosyn: 2, varattnosyn: 1, location: 226}
                    },
                    nodeids = OidList with 3 elements = {16386, 16387, 16388}
                  },
                  remote_query = Query {commandType: CMD_SELECT, querySource: QSRC_ORIGINAL, queryId: 0, canSetTag: false, resultRelation: 0, hasAggs: false, hasWindowFuncs: false, hasTargetSRFs: false, hasSubLinks: false, hasDistinctOn: false, hasRecursive: false, hasModifyingCTE: false, hasForUpdate: false, hasRowSecurity: false, override: OVERRIDING_NOT_SET, limitOption: LIMIT_OPTION_COUNT, stmt_location: 0, stmt_len: 0, is_local: false, has_to_save_cmd_id: false, in_sub_plan: false, in_explain: false} = {
                    rtable = List with 1 elements = {
                      0 = RangeTblEntry {rtekind: RTE_RELATION, relname: 'orders', relid: 270675, relkind: 114 'r', rellockmode: 1, security_barrier: false, jointype: JOIN_INNER, joinmergedcols: 0, funcordinality: false, ctename: 0x0, ctelevelsup: 0, self_reference: false, enrname: 0x0, enrtuples: 0, param_new: -1, param_old: -1, mt_result: 0x0, defaultCols: 0x0, rows: 0, lateral: false, inh: false, inFromCl: true, requiredPerms: 2, checkAsUser: 0, selectedCols: (b 11 12 15 18), insertedCols: 0x0, updatedCols: 0x0, extraUpdatedCols: 0x0} = {
                        alias = Alias aliasname: 'orders',
                        eref = Alias aliasname: 'orders' = {
                          colnames = List with 9 elements = {
                            0 = String[ 'o_orderkey' ],
                            1 = String[ 'o_custkey' ],
                            2 = String[ 'o_orderstatus' ],
                            3 = String[ 'o_totalprice' ],
                            4 = String[ 'o_orderdate' ],
                            5 = String[ 'o_orderpriority' ],
                            6 = String[ 'o_clerk' ],
                            7 = String[ 'o_shippriority' ],
                            8 = String[ 'o_comment' ]
                          }
                        }
                      }
                    },
                    jointree = FromExpr  = {
                      fromlist = List with 1 elements = {
                        0 = RangeTblRef rtindex: 1
                      },
                      quals = OpExpr {opno: 1095, opfuncid: 1087, opresulttype: 16, opretset: false, opcollid: 0, inputcollid: 0, location: 255} = {
                        args = List with 2 elements = {
                          0 = Var {varno: 1, varattno: 5, vartype: 1082, vartypmod: -1, varcollid: 0, varlevelsup: 0, varnosyn: 0, varattnosyn: 5, location: 243},
                          1 = Const {consttype: 1082, consttypmod: -1, constcollid: 0, constlen: 4, constvalue: 18446744073709549863, constisnull: false, constbyval: true, location: 262}
                        }
                      }
                    },
                    targetList = List with 4 elements = {
                      0 = TargetEntry {resno: 1, resname: 0x0, ressortgroupref: 0, resorigtbl: 0, resorigcol: 0, resjunk: false} = {
                        expr = Var {varno: 1, varattno: 5, vartype: 1082, vartypmod: -1, varcollid: 0, varlevelsup: 0, varnosyn: 0, varattnosyn: 5, location: 77}
                      },
                      1 = TargetEntry {resno: 2, resname: 0x0, ressortgroupref: 0, resorigtbl: 0, resorigcol: 0, resjunk: false} = {
                        expr = Var {varno: 1, varattno: 8, vartype: 23, vartypmod: -1, varcollid: 0, varlevelsup: 0, varnosyn: 0, varattnosyn: 8, location: 92}
                      },
                      2 = TargetEntry {resno: 3, resname: 0x0, ressortgroupref: 0, resorigtbl: 0, resorigcol: 0, resjunk: false} = {
                        expr = Var {varno: 1, varattno: 2, vartype: 23, vartypmod: -1, varcollid: 0, varlevelsup: 0, varnosyn: 0, varattnosyn: 2, location: 197}
                      },
                      3 = TargetEntry {resno: 4, resname: 0x0, ressortgroupref: 1, resorigtbl: 0, resorigcol: 0, resjunk: false} = {
                        expr = Var {varno: 1, varattno: 1, vartype: 23, vartypmod: -1, varcollid: 0, varlevelsup: 0, varnosyn: 0, varattnosyn: 1, location: 226}
                      }
                    },
                    sortClause = List with 1 elements = {
                      0 = SortGroupClause {tleSortGroupRef: 1, eqop: 0, sortop: 97, nulls_first: false, hashable: false}
                    }
                  },
                  base_tlist = List with 4 elements = {
                    0 = TargetEntry {resno: 1, resname: 0x0, ressortgroupref: 0, resorigtbl: 0, resorigcol: 0, resjunk: false} = {
                      expr = Var {varno: 2, varattno: 5, vartype: 1082, vartypmod: -1, varcollid: 0, varlevelsup: 0, varnosyn: 2, varattnosyn: 5, location: 77}
                    },
                    1 = TargetEntry {resno: 2, resname: 0x0, ressortgroupref: 0, resorigtbl: 0, resorigcol: 0, resjunk: false} = {
                      expr = Var {varno: 2, varattno: 8, vartype: 23, vartypmod: -1, varcollid: 0, varlevelsup: 0, varnosyn: 2, varattnosyn: 8, location: 92}
                    },
                    2 = TargetEntry {resno: 3, resname: 0x0, ressortgroupref: 0, resorigtbl: 0, resorigcol: 0, resjunk: false} = {
                      expr = Var {varno: 2, varattno: 2, vartype: 23, vartypmod: -1, varcollid: 0, varlevelsup: 0, varnosyn: 2, varattnosyn: 2, location: 197}
                    },
                    3 = TargetEntry {resno: 4, resname: 0x0, ressortgroupref: 1, resorigtbl: 0, resorigcol: 0, resjunk: false} = {
                      expr = Var {varno: 2, varattno: 1, vartype: 23, vartypmod: -1, varcollid: 0, varlevelsup: 0, varnosyn: 2, varattnosyn: 1, location: 226}
                    }
                  },
                  coord_var_tlist = List with 4 elements = {
                    0 = TargetEntry {resno: 1, resname: 0x0, ressortgroupref: 0, resorigtbl: 0, resorigcol: 0, resjunk: false} = {
                      expr = Var {varno: 2, varattno: 5, vartype: 1082, vartypmod: -1, varcollid: 0, varlevelsup: 0, varnosyn: 2, varattnosyn: 5, location: 77}
                    },
                    1 = TargetEntry {resno: 2, resname: 0x0, ressortgroupref: 0, resorigtbl: 0, resorigcol: 0, resjunk: false} = {
                      expr = Var {varno: 2, varattno: 8, vartype: 23, vartypmod: -1, varcollid: 0, varlevelsup: 0, varnosyn: 2, varattnosyn: 8, location: 92}
                    },
                    2 = TargetEntry {resno: 3, resname: 0x0, ressortgroupref: 0, resorigtbl: 0, resorigcol: 0, resjunk: false} = {
                      expr = Var {varno: 2, varattno: 2, vartype: 23, vartypmod: -1, varcollid: 0, varlevelsup: 0, varnosyn: 2, varattnosyn: 2, location: 197}
                    },
                    3 = TargetEntry {resno: 4, resname: 0x0, ressortgroupref: 0, resorigtbl: 0, resorigcol: 0, resjunk: false} = {
                      expr = Var {varno: 2, varattno: 1, vartype: 23, vartypmod: -1, varcollid: 0, varlevelsup: 0, varnosyn: 2, varattnosyn: 1, location: 226}
                    }
                  },
                  query_var_tlist = List with 4 elements = {
                    0 = TargetEntry {resno: 1, resname: 0x0, ressortgroupref: 0, resorigtbl: 0, resorigcol: 0, resjunk: false} = {
                      expr = Var {varno: 1, varattno: 5, vartype: 1082, vartypmod: -1, varcollid: 0, varlevelsup: 0, varnosyn: 0, varattnosyn: 5, location: 77}
                    },
                    1 = TargetEntry {resno: 2, resname: 0x0, ressortgroupref: 0, resorigtbl: 0, resorigcol: 0, resjunk: false} = {
                      expr = Var {varno: 1, varattno: 8, vartype: 23, vartypmod: -1, varcollid: 0, varlevelsup: 0, varnosyn: 0, varattnosyn: 8, location: 92}
                    },
                    2 = TargetEntry {resno: 3, resname: 0x0, ressortgroupref: 0, resorigtbl: 0, resorigcol: 0, resjunk: false} = {
                      expr = Var {varno: 1, varattno: 2, vartype: 23, vartypmod: -1, varcollid: 0, varlevelsup: 0, varnosyn: 0, varattnosyn: 2, location: 197}
                    },
                    3 = TargetEntry {resno: 4, resname: 0x0, ressortgroupref: 0, resorigtbl: 0, resorigcol: 0, resjunk: false} = {
                      expr = Var {varno: 1, varattno: 1, vartype: 23, vartypmod: -1, varcollid: 0, varlevelsup: 0, varnosyn: 0, varattnosyn: 1, location: 226}
                    }
                  }
                }
              },
              join.plan.righttree = Sort (cost=190.99..191.05 rows=22 width=40 plan_id=8 parallel_aware=False parallel_safe = False) numCols: 1 = {
                sortColIdx = [1],
                sortOperators = [97],
                collations = [0],
                nullsFirst = [False],
                plan.targetlist = List with 3 elements = {
                  0 = TargetEntry {resno: 1, resname: 0x0, ressortgroupref: 1, resorigtbl: 0, resorigcol: 0, resjunk: false} = {
                    expr = Var {varno: 65001, varattno: 1, vartype: 23, vartypmod: -1, varcollid: 0, varlevelsup: 0, varnosyn: 3, varattnosyn: 1, location: -1}
                  },
                  1 = TargetEntry {resno: 2, resname: 0x0, ressortgroupref: 0, resorigtbl: 0, resorigcol: 0, resjunk: false} = {
                    expr = Var {varno: 65001, varattno: 2, vartype: 1700, vartypmod: 983046, varcollid: 0, varlevelsup: 0, varnosyn: 3, varattnosyn: 6, location: -1}
                  },
                  2 = TargetEntry {resno: 3, resname: 0x0, ressortgroupref: 0, resorigtbl: 0, resorigcol: 0, resjunk: false} = {
                    expr = Var {varno: 65001, varattno: 3, vartype: 1700, vartypmod: 983046, varcollid: 0, varlevelsup: 0, varnosyn: 3, varattnosyn: 7, location: -1}
                  }
                },
                plan.lefttree = RemoteQuery (cost=0.00..190.50 rows=22 width=40 plan_id=9 parallel_aware=False parallel_safe = False) {scan.scanrelid: 5, exec_direct_type: EXEC_DIRECT_NONE, sql_statement: 'SELECT l_orderkey, l_extendedprice, l_discount FROM ONLY public.lineitem lineitem WHERE (l_shipdate ', sql_node: 0x0, combine_type: COMBINE_TYPE_NONE, read_only: true, force_autocommit: false, statement: 0x0, cursor: 0x0, rq_num_params: 0, rq_params_internal: false, exec_type: EXEC_ON_DATANODES, is_temp: false, rq_finalise_aggs: false, rq_sortgroup_colno: true, has_row_marks: false, rq_save_command_id: false, rq_use_pk_for_rep_change: false, rq_max_param_num: 0} = {
                  scan.plan.targetlist = List with 3 elements = {
                    0 = TargetEntry {resno: 1, resname: 0x0, ressortgroupref: 1, resorigtbl: 0, resorigcol: 0, resjunk: false} = {
                      expr = Var {varno: 5, varattno: 1, vartype: 23, vartypmod: -1, varcollid: 0, varlevelsup: 0, varnosyn: 3, varattnosyn: 1, location: 9}
                    },
                    1 = TargetEntry {resno: 2, resname: 0x0, ressortgroupref: 0, resorigtbl: 0, resorigcol: 0, resjunk: false} = {
                      expr = Var {varno: 5, varattno: 2, vartype: 1700, vartypmod: 983046, varcollid: 0, varlevelsup: 0, varnosyn: 3, varattnosyn: 6, location: 27}
                    },
                    2 = TargetEntry {resno: 3, resname: 0x0, ressortgroupref: 0, resorigtbl: 0, resorigcol: 0, resjunk: false} = {
                      expr = Var {varno: 5, varattno: 3, vartype: 1700, vartypmod: 983046, varcollid: 0, varlevelsup: 0, varnosyn: 3, varattnosyn: 7, location: 50}
                    }
                  },
                  exec_nodes = ExecNodes {accesstype: RELATION_ACCESS_READ, baselocatortype: 72 'H', en_relid: 0, en_funcid: 0} = {
                    en_dist_vars = List with 1 elements = {
                      0 = Var {varno: 3, varattno: 1, vartype: 23, vartypmod: -1, varcollid: 0, varlevelsup: 0, varnosyn: 3, varattnosyn: 1, location: 9}
                    },
                    nodeids = OidList with 3 elements = {16386, 16387, 16388}
                  },
                  remote_query = Query {commandType: CMD_SELECT, querySource: QSRC_ORIGINAL, queryId: 0, canSetTag: false, resultRelation: 0, hasAggs: false, hasWindowFuncs: false, hasTargetSRFs: false, hasSubLinks: false, hasDistinctOn: false, hasRecursive: false, hasModifyingCTE: false, hasForUpdate: false, hasRowSecurity: false, override: OVERRIDING_NOT_SET, limitOption: LIMIT_OPTION_COUNT, stmt_location: 0, stmt_len: 0, is_local: false, has_to_save_cmd_id: false, in_sub_plan: false, in_explain: false} = {
                    rtable = List with 1 elements = {
                      0 = RangeTblEntry {rtekind: RTE_RELATION, relname: 'lineitem', relid: 270678, relkind: 114 'r', rellockmode: 1, security_barrier: false, jointype: JOIN_INNER, joinmergedcols: 0, funcordinality: false, ctename: 0x0, ctelevelsup: 0, self_reference: false, enrname: 0x0, enrtuples: 0, param_new: -1, param_old: -1, mt_result: 0x0, defaultCols: 0x0, rows: 0, lateral: false, inh: false, inFromCl: true, requiredPerms: 2, checkAsUser: 0, selectedCols: (b 11 16 17 21), insertedCols: 0x0, updatedCols: 0x0, extraUpdatedCols: 0x0} = {
                        alias = Alias aliasname: 'lineitem',
                        eref = Alias aliasname: 'lineitem' = {
                          colnames = List with 16 elements = {
                            0 = String[ 'l_orderkey' ],
                            1 = String[ 'l_partkey' ],
                            2 = String[ 'l_suppkey' ],
                            3 = String[ 'l_linenumber' ],
                            4 = String[ 'l_quantity' ],
                            5 = String[ 'l_extendedprice' ],
                            6 = String[ 'l_discount' ],
                            7 = String[ 'l_tax' ],
                            8 = String[ 'l_returnflag' ],
                            9 = String[ 'l_linestatus' ],
                            10 = String[ 'l_shipdate' ],
                            11 = String[ 'l_commitdate' ],
                            12 = String[ 'l_receiptdate' ],
                            13 = String[ 'l_shipinstruct' ],
                            14 = String[ 'l_shipmode' ],
                            15 = String[ 'l_comment' ]
                          }
                        }
                      }
                    },
                    jointree = FromExpr  = {
                      fromlist = List with 1 elements = {
                        0 = RangeTblRef rtindex: 1
                      },
                      quals = OpExpr {opno: 1097, opfuncid: 1089, opresulttype: 16, opretset: false, opcollid: 0, inputcollid: 0, location: 292} = {
                        args = List with 2 elements = {
                          0 = Var {varno: 1, varattno: 11, vartype: 1082, vartypmod: -1, varcollid: 0, varlevelsup: 0, varnosyn: 0, varattnosyn: 11, location: 281},
                          1 = Const {consttype: 1082, consttypmod: -1, constcollid: 0, constlen: 4, constvalue: 18446744073709549863, constisnull: false, constbyval: true, location: 299}
                        }
                      }
                    },
                    targetList = List with 3 elements = {
                      0 = TargetEntry {resno: 1, resname: 0x0, ressortgroupref: 1, resorigtbl: 0, resorigcol: 0, resjunk: false} = {
                        expr = Var {varno: 1, varattno: 1, vartype: 23, vartypmod: -1, varcollid: 0, varlevelsup: 0, varnosyn: 0, varattnosyn: 1, location: 9}
                      },
                      1 = TargetEntry {resno: 2, resname: 0x0, ressortgroupref: 0, resorigtbl: 0, resorigcol: 0, resjunk: false} = {
                        expr = Var {varno: 1, varattno: 6, vartype: 1700, vartypmod: 983046, varcollid: 0, varlevelsup: 0, varnosyn: 0, varattnosyn: 6, location: 27}
                      },
                      2 = TargetEntry {resno: 3, resname: 0x0, ressortgroupref: 0, resorigtbl: 0, resorigcol: 0, resjunk: false} = {
                        expr = Var {varno: 1, varattno: 7, vartype: 1700, vartypmod: 983046, varcollid: 0, varlevelsup: 0, varnosyn: 0, varattnosyn: 7, location: 50}
                      }
                    },
                    sortClause = List with 1 elements = {
                      0 = SortGroupClause {tleSortGroupRef: 1, eqop: 0, sortop: 97, nulls_first: false, hashable: false}
                    }
                  },
                  base_tlist = List with 3 elements = {
                    0 = TargetEntry {resno: 1, resname: 0x0, ressortgroupref: 1, resorigtbl: 0, resorigcol: 0, resjunk: false} = {
                      expr = Var {varno: 3, varattno: 1, vartype: 23, vartypmod: -1, varcollid: 0, varlevelsup: 0, varnosyn: 3, varattnosyn: 1, location: 9}
                    },
                    1 = TargetEntry {resno: 2, resname: 0x0, ressortgroupref: 0, resorigtbl: 0, resorigcol: 0, resjunk: false} = {
                      expr = Var {varno: 3, varattno: 6, vartype: 1700, vartypmod: 983046, varcollid: 0, varlevelsup: 0, varnosyn: 3, varattnosyn: 6, location: 27}
                    },
                    2 = TargetEntry {resno: 3, resname: 0x0, ressortgroupref: 0, resorigtbl: 0, resorigcol: 0, resjunk: false} = {
                      expr = Var {varno: 3, varattno: 7, vartype: 1700, vartypmod: 983046, varcollid: 0, varlevelsup: 0, varnosyn: 3, varattnosyn: 7, location: 50}
                    }
                  },
                  coord_var_tlist = List with 3 elements = {
                    0 = TargetEntry {resno: 1, resname: 0x0, ressortgroupref: 0, resorigtbl: 0, resorigcol: 0, resjunk: false} = {
                      expr = Var {varno: 3, varattno: 1, vartype: 23, vartypmod: -1, varcollid: 0, varlevelsup: 0, varnosyn: 3, varattnosyn: 1, location: 9}
                    },
                    1 = TargetEntry {resno: 2, resname: 0x0, ressortgroupref: 0, resorigtbl: 0, resorigcol: 0, resjunk: false} = {
                      expr = Var {varno: 3, varattno: 6, vartype: 1700, vartypmod: 983046, varcollid: 0, varlevelsup: 0, varnosyn: 3, varattnosyn: 6, location: 27}
                    },
                    2 = TargetEntry {resno: 3, resname: 0x0, ressortgroupref: 0, resorigtbl: 0, resorigcol: 0, resjunk: false} = {
                      expr = Var {varno: 3, varattno: 7, vartype: 1700, vartypmod: 983046, varcollid: 0, varlevelsup: 0, varnosyn: 3, varattnosyn: 7, location: 50}
                    }
                  },
                  query_var_tlist = List with 3 elements = {
                    0 = TargetEntry {resno: 1, resname: 0x0, ressortgroupref: 0, resorigtbl: 0, resorigcol: 0, resjunk: false} = {
                      expr = Var {varno: 1, varattno: 1, vartype: 23, vartypmod: -1, varcollid: 0, varlevelsup: 0, varnosyn: 0, varattnosyn: 1, location: 9}
                    },
                    1 = TargetEntry {resno: 2, resname: 0x0, ressortgroupref: 0, resorigtbl: 0, resorigcol: 0, resjunk: false} = {
                      expr = Var {varno: 1, varattno: 6, vartype: 1700, vartypmod: 983046, varcollid: 0, varlevelsup: 0, varnosyn: 0, varattnosyn: 6, location: 27}
                    },
                    2 = TargetEntry {resno: 3, resname: 0x0, ressortgroupref: 0, resorigtbl: 0, resorigcol: 0, resjunk: false} = {
                      expr = Var {varno: 1, varattno: 7, vartype: 1700, vartypmod: 983046, varcollid: 0, varlevelsup: 0, varnosyn: 0, varattnosyn: 7, location: 50}
                    }
                  }
                }
              },
              mergeclauses = List with 1 elements = {
                0 = OpExpr {opno: 96, opfuncid: 65, opresulttype: 16, opretset: false, opcollid: 0, inputcollid: 0, location: -1} = {
                  args = List with 2 elements = {
                    0 = Var {varno: 65001, varattno: 4, vartype: 23, vartypmod: -1, varcollid: 0, varlevelsup: 0, varnosyn: 2, varattnosyn: 1, location: 226},
                    1 = Var {varno: 65000, varattno: 1, vartype: 23, vartypmod: -1, varcollid: 0, varlevelsup: 0, varnosyn: 3, varattnosyn: 1, location: 213}
                  }
                }
              }
            },
            join.plan.righttree = Material (cost=0.00..136.35 rows=1 width=4 plan_id=10 parallel_aware=False parallel_safe = False)  = {
              plan.targetlist = List with 1 elements = {
                0 = TargetEntry {resno: 1, resname: 0x0, ressortgroupref: 0, resorigtbl: 0, resorigcol: 0, resjunk: false} = {
                  expr = Var {varno: 65001, varattno: 1, vartype: 23, vartypmod: -1, varcollid: 0, varlevelsup: 0, varnosyn: 1, varattnosyn: 1, location: -1}
                }
              },
              plan.lefttree = RemoteQuery (cost=0.00..136.35 rows=1 width=4 plan_id=11 parallel_aware=False parallel_safe = False) {scan.scanrelid: 6, exec_direct_type: EXEC_DIRECT_NONE, sql_statement: 'SELECT c_custkey FROM ONLY public.customer customer WHERE (c_mktsegment = 'BUILDING'::bpchar)', sql_node: 0x0, combine_type: COMBINE_TYPE_NONE, read_only: true, force_autocommit: false, statement: 0x0, cursor: 0x0, rq_num_params: 0, rq_params_internal: false, exec_type: EXEC_ON_DATANODES, is_temp: false, rq_finalise_aggs: false, rq_sortgroup_colno: false, has_row_marks: false, rq_save_command_id: false, rq_use_pk_for_rep_change: false, rq_max_param_num: 0} = {
                scan.plan.targetlist = List with 1 elements = {
                  0 = TargetEntry {resno: 1, resname: 0x0, ressortgroupref: 0, resorigtbl: 0, resorigcol: 0, resjunk: false} = {
                    expr = Var {varno: 6, varattno: 1, vartype: 23, vartypmod: -1, varcollid: 0, varlevelsup: 0, varnosyn: 1, varattnosyn: 1, location: 185}
                  }
                },
                exec_nodes = ExecNodes {accesstype: RELATION_ACCESS_READ, baselocatortype: 72 'H', en_relid: 0, en_funcid: 0} = {
                  en_dist_vars = List with 1 elements = {
                    0 = Var {varno: 1, varattno: 1, vartype: 23, vartypmod: -1, varcollid: 0, varlevelsup: 0, varnosyn: 1, varattnosyn: 1, location: 185}
                  },
                  nodeids = OidList with 3 elements = {16386, 16387, 16388}
                },
                remote_query = Query {commandType: CMD_SELECT, querySource: QSRC_ORIGINAL, queryId: 0, canSetTag: false, resultRelation: 0, hasAggs: false, hasWindowFuncs: false, hasTargetSRFs: false, hasSubLinks: false, hasDistinctOn: false, hasRecursive: false, hasModifyingCTE: false, hasForUpdate: false, hasRowSecurity: false, override: OVERRIDING_NOT_SET, limitOption: LIMIT_OPTION_COUNT, stmt_location: 0, stmt_len: 0, is_local: false, has_to_save_cmd_id: false, in_sub_plan: false, in_explain: false} = {
                  rtable = List with 1 elements = {
                    0 = RangeTblEntry {rtekind: RTE_RELATION, relname: 'customer', relid: 270672, relkind: 114 'r', rellockmode: 1, security_barrier: false, jointype: JOIN_INNER, joinmergedcols: 0, funcordinality: false, ctename: 0x0, ctelevelsup: 0, self_reference: false, enrname: 0x0, enrtuples: 0, param_new: -1, param_old: -1, mt_result: 0x0, defaultCols: 0x0, rows: 0, lateral: false, inh: false, inFromCl: true, requiredPerms: 2, checkAsUser: 0, selectedCols: (b 11 17), insertedCols: 0x0, updatedCols: 0x0, extraUpdatedCols: 0x0} = {
                      alias = Alias aliasname: 'customer',
                      eref = Alias aliasname: 'customer' = {
                        colnames = List with 8 elements = {
                          0 = String[ 'c_custkey' ],
                          1 = String[ 'c_name' ],
                          2 = String[ 'c_address' ],
                          3 = String[ 'c_nationkey' ],
                          4 = String[ 'c_phone' ],
                          5 = String[ 'c_acctbal' ],
                          6 = String[ 'c_mktsegment' ],
                          7 = String[ 'c_comment' ]
                        }
                      }
                    }
                  },
                  jointree = FromExpr  = {
                    fromlist = List with 1 elements = {
                      0 = RangeTblRef rtindex: 1
                    },
                    quals = OpExpr {opno: 1054, opfuncid: 1048, opresulttype: 16, opretset: false, opcollid: 0, inputcollid: 100, location: 166} = {
                      args = List with 2 elements = {
                        0 = Var {varno: 1, varattno: 7, vartype: 1042, vartypmod: 14, varcollid: 100, varlevelsup: 0, varnosyn: 0, varattnosyn: 7, location: 153},
                        1 = Const {consttype: 1042, consttypmod: -1, constcollid: 100, constlen: -1, constvalue: 94501923753880, constisnull: false, constbyval: false, location: 168}
                      }
                    }
                  },
                  targetList = List with 1 elements = {
                    0 = TargetEntry {resno: 1, resname: 0x0, ressortgroupref: 0, resorigtbl: 0, resorigcol: 0, resjunk: false} = {
                      expr = Var {varno: 1, varattno: 1, vartype: 23, vartypmod: -1, varcollid: 0, varlevelsup: 0, varnosyn: 0, varattnosyn: 1, location: 185}
                    }
                  }
                },
                base_tlist = List with 1 elements = {
                  0 = TargetEntry {resno: 1, resname: 0x0, ressortgroupref: 0, resorigtbl: 0, resorigcol: 0, resjunk: false} = {
                    expr = Var {varno: 1, varattno: 1, vartype: 23, vartypmod: -1, varcollid: 0, varlevelsup: 0, varnosyn: 1, varattnosyn: 1, location: 185}
                  }
                },
                coord_var_tlist = List with 1 elements = {
                  0 = TargetEntry {resno: 1, resname: 0x0, ressortgroupref: 0, resorigtbl: 0, resorigcol: 0, resjunk: false} = {
                    expr = Var {varno: 1, varattno: 1, vartype: 23, vartypmod: -1, varcollid: 0, varlevelsup: 0, varnosyn: 1, varattnosyn: 1, location: 185}
                  }
                },
                query_var_tlist = List with 1 elements = {
                  0 = TargetEntry {resno: 1, resname: 0x0, ressortgroupref: 0, resorigtbl: 0, resorigcol: 0, resjunk: false} = {
                    expr = Var {varno: 1, varattno: 1, vartype: 23, vartypmod: -1, varcollid: 0, varlevelsup: 0, varnosyn: 0, varattnosyn: 1, location: 185}
                  }
                }
              }
            },
            join.joinqual = List with 1 elements = {
              0 = OpExpr {opno: 96, opfuncid: 65, opresulttype: 16, opretset: false, opcollid: 0, inputcollid: 0, location: -1} = {
                args = List with 2 elements = {
                  0 = Var {varno: 65001, varattno: 3, vartype: 23, vartypmod: -1, varcollid: 0, varlevelsup: 0, varnosyn: 2, varattnosyn: 2, location: 197},
                  1 = Var {varno: 65000, varattno: 1, vartype: 23, vartypmod: -1, varcollid: 0, varlevelsup: 0, varnosyn: 1, varattnosyn: 1, location: 185}
                }
              }
            }
          }
        },
        nPresortedCols = 1
      }
    }
  },
  limitCount = Const {consttype: 20, consttypmod: -1, constcollid: 0, constlen: 8, constvalue: 10, constisnull: false, constbyval: true, location: -1}
}

Breakpoint 1, standard_planner (parse=0x55f2f17ae560, query_string=0x55f2f1676670 "select\n  o_orderpriority,\n  count(*) as order_count\nfrom\n  orders\nwhere\n  o_orderdate >= date '1993-07-01'\n  and o_orderdate < date '1993-07-01' + interval '3' month\n  and exists (\n    select\n      *\n"..., cursorOptions=33024, boundParams=0x0) at /workspaces/AntDB/src/backend/optimizer/plan/planner.c:661
661		top_plan = create_plan(root, best_path);
$10 = Query {commandType: CMD_SELECT, querySource: QSRC_ORIGINAL, queryId: 0, canSetTag: true, resultRelation: 0, hasAggs: true, hasWindowFuncs: false, hasTargetSRFs: false, hasSubLinks: true, hasDistinctOn: false, hasRecursive: false, hasModifyingCTE: false, hasForUpdate: false, hasRowSecurity: false, override: OVERRIDING_NOT_SET, limitOption: LIMIT_OPTION_COUNT, stmt_location: 0, stmt_len: 360, is_local: false, has_to_save_cmd_id: false, in_sub_plan: false, in_explain: false} = {
  rtable = List with 2 elements = {
    0 = RangeTblEntry {rtekind: RTE_RELATION, relname: 'orders', relid: 270675, relkind: 114 'r', rellockmode: 1, security_barrier: false, jointype: JOIN_INNER, joinmergedcols: 0, funcordinality: false, ctename: 0x0, ctelevelsup: 0, self_reference: false, enrname: 0x0, enrtuples: 0, param_new: -1, param_old: -1, mt_result: 0x0, defaultCols: 0x0, rows: 0, lateral: false, inh: false, inFromCl: true, requiredPerms: 2, checkAsUser: 0, selectedCols: (b 11 15 16), insertedCols: 0x0, updatedCols: 0x0, extraUpdatedCols: 0x0} = {
      eref = Alias aliasname: 'orders' = {
        colnames = List with 9 elements = {
          0 = String[ 'o_orderkey' ],
          1 = String[ 'o_custkey' ],
          2 = String[ 'o_orderstatus' ],
          3 = String[ 'o_totalprice' ],
          4 = String[ 'o_orderdate' ],
          5 = String[ 'o_orderpriority' ],
          6 = String[ 'o_clerk' ],
          7 = String[ 'o_shippriority' ],
          8 = String[ 'o_comment' ]
        }
      }
    },
    1 = RangeTblEntry {rtekind: RTE_RELATION, relname: 'lineitem', relid: 270678, relkind: 114 'r', rellockmode: 1, security_barrier: false, jointype: JOIN_INNER, joinmergedcols: 0, funcordinality: false, ctename: 0x0, ctelevelsup: 0, self_reference: false, enrname: 0x0, enrtuples: 0, param_new: -1, param_old: -1, mt_result: 0x0, defaultCols: 0x0, rows: 0, lateral: false, inh: false, inFromCl: true, requiredPerms: 2, checkAsUser: 0, selectedCols: (b 11 12 13 14 15 16 17 18 19 20 21 22 23 24 25 26), insertedCols: 0x0, updatedCols: 0x0, extraUpdatedCols: 0x0} = {
      eref = Alias aliasname: 'lineitem' = {
        colnames = List with 16 elements = {
          0 = String[ 'l_orderkey' ],
          1 = String[ 'l_partkey' ],
          2 = String[ 'l_suppkey' ],
          3 = String[ 'l_linenumber' ],
          4 = String[ 'l_quantity' ],
          5 = String[ 'l_extendedprice' ],
          6 = String[ 'l_discount' ],
          7 = String[ 'l_tax' ],
          8 = String[ 'l_returnflag' ],
          9 = String[ 'l_linestatus' ],
          10 = String[ 'l_shipdate' ],
          11 = String[ 'l_commitdate' ],
          12 = String[ 'l_receiptdate' ],
          13 = String[ 'l_shipinstruct' ],
          14 = String[ 'l_shipmode' ],
          15 = String[ 'l_comment' ]
        }
      }
    }
  },
  jointree = FromExpr  = {
    fromlist = List with 1 elements = {
      0 = JoinExpr {jointype: JOIN_SEMI, isNatural: false, rtindex: 0} = {
        larg = FromExpr  = {
          fromlist = List with 1 elements = {
            0 = RangeTblRef rtindex: 1
          },
          quals = List with 2 elements = {
            0 = OpExpr {opno: 1098, opfuncid: 1090, opresulttype: 16, opretset: false, opcollid: 0, inputcollid: 0, location: 86} = {
              args = List with 2 elements = {
                0 = Var {varno: 1, varattno: 5, vartype: 1082, vartypmod: -1, varcollid: 0, varlevelsup: 0, varnosyn: 1, varattnosyn: 5, location: 74},
                1 = Const {consttype: 1082, consttypmod: -1, constcollid: 0, constlen: 4, constvalue: 18446744073709549241, constisnull: false, constbyval: true, location: 94}
              }
            },
            1 = OpExpr {opno: 2345, opfuncid: 2338, opresulttype: 16, opretset: false, opcollid: 0, inputcollid: 0, location: 125} = {
              args = List with 2 elements = {
                0 = Var {varno: 1, varattno: 5, vartype: 1082, vartypmod: -1, varcollid: 0, varlevelsup: 0, varnosyn: 1, varattnosyn: 5, location: 113},
                1 = Const {consttype: 1114, consttypmod: -1, constcollid: 0, constlen: 8, constvalue: 18446546822509551616, constisnull: false, constbyval: true, location: -1}
              }
            }
          }
        },
        rarg = RangeTblRef rtindex: 2,
        quals = List with 2 elements = {
          0 = OpExpr {opno: 96, opfuncid: 65, opresulttype: 16, opretset: false, opcollid: 0, inputcollid: 0, location: 251} = {
            args = List with 2 elements = {
              0 = Var {varno: 2, varattno: 1, vartype: 23, vartypmod: -1, varcollid: 0, varlevelsup: 0, varnosyn: 2, varattnosyn: 1, location: 240},
              1 = Var {varno: 1, varattno: 1, vartype: 23, vartypmod: -1, varcollid: 0, varlevelsup: 0, varnosyn: 1, varattnosyn: 1, location: 253}
            }
          },
          1 = OpExpr {opno: 1095, opfuncid: 1087, opresulttype: 16, opretset: false, opcollid: 0, inputcollid: 0, location: 287} = {
            args = List with 2 elements = {
              0 = Var {varno: 2, varattno: 12, vartype: 1082, vartypmod: -1, varcollid: 0, varlevelsup: 0, varnosyn: 2, varattnosyn: 12, location: 274},
              1 = Var {varno: 2, varattno: 13, vartype: 1082, vartypmod: -1, varcollid: 0, varlevelsup: 0, varnosyn: 2, varattnosyn: 13, location: 289}
            }
          }
        }
      }
    }
  },
  targetList = List with 2 elements = {
    0 = TargetEntry {resno: 1, resname: 'o_orderpriority', ressortgroupref: 1, resorigtbl: 270675, resorigcol: 6, resjunk: false} = {
      expr = Var {varno: 1, varattno: 6, vartype: 1042, vartypmod: 19, varcollid: 100, varlevelsup: 0, varnosyn: 1, varattnosyn: 6, location: 9}
    },
    1 = TargetEntry {resno: 2, resname: 'order_count', ressortgroupref: 0, resorigtbl: 0, resorigcol: 0, resjunk: false} = {
      expr = Aggref {aggfnoid: 2803, aggtype: 20, aggcollid: 0, inputcollid: 0, aggtranstype: 20, aggtrantype: 0, agghas_collectfn: false, rank_first: false, aggstar: true, aggvariadic: false, aggkind: 110 'n', agglevelsup: 0, aggsplit: AGGSPLIT_SIMPLE, location: 28}
    }
  },
  groupClause = List with 1 elements = {
    0 = SortGroupClause {tleSortGroupRef: 1, eqop: 1054, sortop: 1058, nulls_first: false, hashable: true}
  },
  sortClause = List with 1 elements = {
    0 = SortGroupClause {tleSortGroupRef: 1, eqop: 1054, sortop: 1058, nulls_first: false, hashable: true}
  }
}
$11 = AggPath T_Agg (cost=25.99..26.04 rows=1 parallel_aware=False parallel_safe=False parallel_workers=0) {aggstrategy: AGG_SORTED, aggsplit: AGGSPLIT_FINAL_DESERIAL, numGroups: 1, transitionSpace: 0} = {
  path.parent = (b),
  path.pathtarget = PathTarget {cost: (0.00..0.00), width: 72} = {
    sortgrouprefs = [1, 0],
    exprs = List with 2 elements = {
      0 = Var {varno: 1, varattno: 6, vartype: 1042, vartypmod: 19, varcollid: 100, varlevelsup: 0, varnosyn: 1, varattnosyn: 6, location: 9},
      1 = Aggref {aggfnoid: 2803, aggtype: 20, aggcollid: 0, inputcollid: 0, aggtranstype: 20, aggtrantype: 0, agghas_collectfn: false, rank_first: false, aggstar: true, aggvariadic: false, aggkind: 110 'n', agglevelsup: 0, aggsplit: AGGSPLIT_SIMPLE, location: 28}
    },
    as_loc_list = IntList with 2 elements = {-1, 40},
    expr_loc_list = IntList with 2 elements = {9, 28},
    expr_len_list = IntList with 2 elements = {-1, 9},
    expr_type_list = IntList with 2 elements = {398, 405}
  },
  path.pathkeys = List with 1 elements = {
    0 = PathKey {pk_opfamily: 426, pk_strategy: 1, pk_nulls_first: false} = {
      pk_eclass = EquivalenceClass {ec_collation: 100, ec_relids: (b 1), ec_has_const: false, ec_has_volatile: false, ec_broken: false, ec_sortref: 1, ec_min_security: 4294967295, ec_max_security: 0} = {
        ec_opfamilies = OidList with 2 elements = {426, 2097},
        ec_members = List with 1 elements = {
          0 = EquivalenceMember {em_relids: (b 1), em_is_const: false, em_is_child: false, em_datatype: 1042} = {
            em_expr = Var {varno: 1, varattno: 6, vartype: 1042, vartypmod: 19, varcollid: 100, varlevelsup: 0, varnosyn: 1, varattnosyn: 6, location: 9}
          }
        }
      }
    }
  },
  subpath = ClusterMergeGatherPath T_ClusterMergeGather (cost=25.99..26.01 rows=3 parallel_aware=False parallel_safe=False parallel_workers=0)  = {
    path.parent = (b),
    path.pathtarget = PathTarget {cost: (0.00..0.00), width: 72} = {
      sortgrouprefs = [1, 0],
      exprs = List with 2 elements = {
        0 = Var {varno: 1, varattno: 6, vartype: 1042, vartypmod: 19, varcollid: 100, varlevelsup: 0, varnosyn: 1, varattnosyn: 6, location: 9},
        1 = Aggref {aggfnoid: 2803, aggtype: 20, aggcollid: 0, inputcollid: 0, aggtranstype: 20, aggtrantype: 0, agghas_collectfn: false, rank_first: false, aggstar: true, aggvariadic: false, aggkind: 110 'n', agglevelsup: 0, aggsplit: AGGSPLIT_SIMPLE, location: 28}
      },
      as_loc_list = IntList with 2 elements = {-1, 40},
      expr_loc_list = IntList with 2 elements = {9, 28},
      expr_len_list = IntList with 2 elements = {-1, 9},
      expr_type_list = IntList with 2 elements = {398, 405}
    },
    path.pathkeys = List with 1 elements = {
      0 = PathKey {pk_opfamily: 426, pk_strategy: 1, pk_nulls_first: false} = {
        pk_eclass = EquivalenceClass {ec_collation: 100, ec_relids: (b 1), ec_has_const: false, ec_has_volatile: false, ec_broken: false, ec_sortref: 1, ec_min_security: 4294967295, ec_max_security: 0} = {
          ec_opfamilies = OidList with 2 elements = {426, 2097},
          ec_members = List with 1 elements = {
            0 = EquivalenceMember {em_relids: (b 1), em_is_const: false, em_is_child: false, em_datatype: 1042} = {
              em_expr = Var {varno: 1, varattno: 6, vartype: 1042, vartypmod: 19, varcollid: 100, varlevelsup: 0, varnosyn: 1, varattnosyn: 6, location: 9}
            }
          }
        }
      }
    },
    subpath = AggPath T_Agg (cost=25.93..25.95 rows=1 parallel_aware=False parallel_safe=True parallel_workers=0) {aggstrategy: AGG_SORTED, aggsplit: AGGSPLIT_INITIAL_SERIAL, numGroups: 1, transitionSpace: 0} = {
      path.parent = (b),
      path.pathtarget = PathTarget {cost: (0.00..0.00), width: 72} = {
        sortgrouprefs = [1, 0],
        exprs = List with 2 elements = {
          0 = Var {varno: 1, varattno: 6, vartype: 1042, vartypmod: 19, varcollid: 100, varlevelsup: 0, varnosyn: 1, varattnosyn: 6, location: 9},
          1 = Aggref {aggfnoid: 2803, aggtype: 20, aggcollid: 0, inputcollid: 0, aggtranstype: 20, aggtrantype: 0, agghas_collectfn: false, rank_first: false, aggstar: true, aggvariadic: false, aggkind: 110 'n', agglevelsup: 0, aggsplit: AGGSPLIT_INITIAL_SERIAL, location: 28}
        }
      },
      path.pathkeys = List with 1 elements = {
        0 = PathKey {pk_opfamily: 426, pk_strategy: 1, pk_nulls_first: false} = {
          pk_eclass = EquivalenceClass {ec_collation: 100, ec_relids: (b 1), ec_has_const: false, ec_has_volatile: false, ec_broken: false, ec_sortref: 1, ec_min_security: 4294967295, ec_max_security: 0} = {
            ec_opfamilies = OidList with 2 elements = {426, 2097},
            ec_members = List with 1 elements = {
              0 = EquivalenceMember {em_relids: (b 1), em_is_const: false, em_is_child: false, em_datatype: 1042} = {
                em_expr = Var {varno: 1, varattno: 6, vartype: 1042, vartypmod: 19, varcollid: 100, varlevelsup: 0, varnosyn: 1, varattnosyn: 6, location: 9}
              }
            }
          }
        }
      },
      subpath = SortPath T_Sort (cost=25.93..25.94 rows=0 parallel_aware=False parallel_safe=True parallel_workers=0)  = {
        path.parent = (b),
        path.pathtarget = PathTarget {cost: (0.00..0.00), width: 64} = {
          sortgrouprefs = [1],
          exprs = List with 1 elements = {
            0 = Var {varno: 1, varattno: 6, vartype: 1042, vartypmod: 19, varcollid: 100, varlevelsup: 0, varnosyn: 1, varattnosyn: 6, location: 9}
          }
        },
        path.pathkeys = List with 1 elements = {
          0 = PathKey {pk_opfamily: 426, pk_strategy: 1, pk_nulls_first: false} = {
            pk_eclass = EquivalenceClass {ec_collation: 100, ec_relids: (b 1), ec_has_const: false, ec_has_volatile: false, ec_broken: false, ec_sortref: 1, ec_min_security: 4294967295, ec_max_security: 0} = {
              ec_opfamilies = OidList with 2 elements = {426, 2097},
              ec_members = List with 1 elements = {
                0 = EquivalenceMember {em_relids: (b 1), em_is_const: false, em_is_child: false, em_datatype: 1042} = {
                  em_expr = Var {varno: 1, varattno: 6, vartype: 1042, vartypmod: 19, varcollid: 100, varlevelsup: 0, varnosyn: 1, varattnosyn: 6, location: 9}
                }
              }
            }
          }
        },
        subpath = JoinPath T_NestLoop (cost=0.00..25.92 rows=0 parallel_aware=False parallel_safe=True parallel_workers=0) {jointype: JOIN_SEMI, inner_unique: false} = {
          path.parent = (b 1 2),
          path.pathtarget = PathTarget {cost: (0.00..0.00), width: 64} = {
            sortgrouprefs = [1],
            exprs = List with 1 elements = {
              0 = Var {varno: 1, varattno: 6, vartype: 1042, vartypmod: 19, varcollid: 100, varlevelsup: 0, varnosyn: 1, varattnosyn: 6, location: 9}
            }
          },
          outerjoinpath = T_SeqScan (cost=0.00..13.15 rows=1 parallel_aware=False parallel_safe=True parallel_workers=0) = {
            parent = (b 1),
            pathtarget = PathTarget {cost: (0.00..0.00), width: 68} = {
              exprs = List with 2 elements = {
                0 = Var {varno: 1, varattno: 6, vartype: 1042, vartypmod: 19, varcollid: 100, varlevelsup: 0, varnosyn: 1, varattnosyn: 6, location: 9},
                1 = Var {varno: 1, varattno: 1, vartype: 23, vartypmod: -1, varcollid: 0, varlevelsup: 0, varnosyn: 1, varattnosyn: 1, location: 253}
              }
            }
          },
          innerjoinpath = T_SeqScan (cost=0.00..12.50 rows=22 parallel_aware=False parallel_safe=True parallel_workers=0) = {
            parent = (b 2),
            pathtarget = PathTarget {cost: (0.00..0.00), width: 4} = {
              exprs = List with 1 elements = {
                0 = Var {varno: 2, varattno: 1, vartype: 23, vartypmod: -1, varcollid: 0, varlevelsup: 0, varnosyn: 2, varattnosyn: 1, location: 240}
              }
            }
          },
          joinrestrictinfo = List with 1 elements = {
            0 = RestrictInfo {is_pushed_down: true, outerjoin_delayed: false, can_join: true, pseudoconstant: false, leakproof: false, security_level: 0, clause_relids: (b 1 2), required_relids: (b 1 2), outer_relids: (b), nullable_relids: (b), left_relids: (b 1), right_relids: (b 2), eval_cost: (0.00..0.00), norm_selec: 0.0050, outer_selec: 0.1100, outer_is_left: false, hashjoinoperator: 96, left_bucketsize: 0.1000, right_bucketsize: 0.1000, left_mcvfreq: 0.0000, right_mcvfreq: 0.0000} = {
              clause = OpExpr {opno: 96, opfuncid: 65, opresulttype: 16, opretset: false, opcollid: 0, inputcollid: 0, location: -1} = {
                args = List with 2 elements = {
                  0 = Var {varno: 1, varattno: 1, vartype: 23, vartypmod: -1, varcollid: 0, varlevelsup: 0, varnosyn: 1, varattnosyn: 1, location: 253},
                  1 = Var {varno: 2, varattno: 1, vartype: 23, vartypmod: -1, varcollid: 0, varlevelsup: 0, varnosyn: 2, varattnosyn: 1, location: 240}
                }
              },
              mergeopfamilies = OidList with 1 elements = {1976},
              left_em = EquivalenceMember {em_relids: (b 1), em_is_const: false, em_is_child: false, em_datatype: 23} = {
                em_expr = Var {varno: 1, varattno: 1, vartype: 23, vartypmod: -1, varcollid: 0, varlevelsup: 0, varnosyn: 1, varattnosyn: 1, location: 253}
              },
              right_em = EquivalenceMember {em_relids: (b 2), em_is_const: false, em_is_child: false, em_datatype: 23} = {
                em_expr = Var {varno: 2, varattno: 1, vartype: 23, vartypmod: -1, varcollid: 0, varlevelsup: 0, varnosyn: 2, varattnosyn: 1, location: 240}
              }
            }
          }
        }
      },
      groupClause = List with 1 elements = {
        0 = SortGroupClause {tleSortGroupRef: 1, eqop: 1054, sortop: 1058, nulls_first: false, hashable: true}
      }
    },
    rnodes = OidList with 3 elements = {16386, 16387, 16388}
  },
  groupClause = List with 1 elements = {
    0 = SortGroupClause {tleSortGroupRef: 1, eqop: 1054, sortop: 1058, nulls_first: false, hashable: true}
  }
}

Breakpoint 2, standard_planner (parse=0x55f2f17ae560, query_string=0x55f2f1676670 "select\n  o_orderpriority,\n  count(*) as order_count\nfrom\n  orders\nwhere\n  o_orderdate >= date '1993-07-01'\n  and o_orderdate < date '1993-07-01' + interval '3' month\n  and exists (\n    select\n      *\n"..., cursorOptions=33024, boundParams=0x0) at /workspaces/AntDB/src/backend/optimizer/plan/planner.c:761
761		result->commandType = parse->commandType;
$12 = Agg (cost=25.99..26.04 rows=1 width=72 plan_id=0 parallel_aware=False parallel_safe = False) {aggstrategy: AGG_SORTED, aggsplit: AGGSPLIT_FINAL_DESERIAL, numCols: 1, numGroups: 1, transitionSpace: 0, aggParams: 0x0} = {
  grpColIdx = [1],
  grpOperators = [1054],
  grpCollations = [100],
  plan.targetlist = List with 2 elements = {
    0 = TargetEntry {resno: 1, resname: 'o_orderpriority', ressortgroupref: 1, resorigtbl: 270675, resorigcol: 6, resjunk: false} = {
      expr = Var {varno: 65001, varattno: 1, vartype: 1042, vartypmod: 19, varcollid: 100, varlevelsup: 0, varnosyn: 0, varattnosyn: 0, location: -1}
    },
    1 = TargetEntry {resno: 2, resname: 'order_count', ressortgroupref: 0, resorigtbl: 0, resorigcol: 0, resjunk: false} = {
      expr = Aggref {aggfnoid: 2803, aggtype: 20, aggcollid: 0, inputcollid: 0, aggtranstype: 20, aggtrantype: 0, agghas_collectfn: false, rank_first: false, aggstar: true, aggvariadic: false, aggkind: 110 'n', agglevelsup: 0, aggsplit: AGGSPLIT_FINAL_DESERIAL, location: 28} = {
        args = List with 1 elements = {
          0 = TargetEntry {resno: 1, resname: 0x0, ressortgroupref: 0, resorigtbl: 0, resorigcol: 0, resjunk: false} = {
            expr = Var {varno: 65001, varattno: 2, vartype: 20, vartypmod: -1, varcollid: 0, varlevelsup: 0, varnosyn: 0, varattnosyn: 0, location: -1}
          }
        }
      }
    }
  },
  plan.lefttree = ClusterMergeGather (cost=25.99..26.01 rows=3 width=72 plan_id=1 parallel_aware=False parallel_safe = False) {gatherType: CLUSTER_GATHER_DATANODE, numCols: 1} = {
    sortColIdx = [1],
    sortOperators = [1058],
    collations = [100],
    nullsFirst = [False],
    plan.targetlist = List with 2 elements = {
      0 = TargetEntry {resno: 1, resname: 0x0, ressortgroupref: 1, resorigtbl: 0, resorigcol: 0, resjunk: false} = {
        expr = Var {varno: 65001, varattno: 1, vartype: 1042, vartypmod: 19, varcollid: 100, varlevelsup: 0, varnosyn: 1, varattnosyn: 6, location: -1}
      },
      1 = TargetEntry {resno: 2, resname: 0x0, ressortgroupref: 0, resorigtbl: 0, resorigcol: 0, resjunk: false} = {
        expr = Var {varno: 65001, varattno: 2, vartype: 20, vartypmod: -1, varcollid: 0, varlevelsup: 0, varnosyn: 0, varattnosyn: 0, location: -1}
      }
    },
    plan.lefttree = Agg (cost=25.93..25.95 rows=1 width=72 plan_id=2 parallel_aware=False parallel_safe = True) {aggstrategy: AGG_SORTED, aggsplit: AGGSPLIT_INITIAL_SERIAL, numCols: 1, numGroups: 1, transitionSpace: 0, aggParams: 0x0} = {
      grpColIdx = [1],
      grpOperators = [1054],
      grpCollations = [100],
      plan.targetlist = List with 2 elements = {
        0 = TargetEntry {resno: 1, resname: 0x0, ressortgroupref: 1, resorigtbl: 0, resorigcol: 0, resjunk: false} = {
          expr = Var {varno: 65001, varattno: 1, vartype: 1042, vartypmod: 19, varcollid: 100, varlevelsup: 0, varnosyn: 0, varattnosyn: 0, location: -1}
        },
        1 = TargetEntry {resno: 2, resname: 0x0, ressortgroupref: 0, resorigtbl: 0, resorigcol: 0, resjunk: false} = {
          expr = Aggref {aggfnoid: 2803, aggtype: 20, aggcollid: 0, inputcollid: 0, aggtranstype: 20, aggtrantype: 0, agghas_collectfn: false, rank_first: false, aggstar: true, aggvariadic: false, aggkind: 110 'n', agglevelsup: 0, aggsplit: AGGSPLIT_INITIAL_SERIAL, location: 28}
        }
      },
      plan.lefttree = Sort (cost=25.93..25.94 rows=0 width=64 plan_id=3 parallel_aware=False parallel_safe = True) numCols: 1 = {
        sortColIdx = [1],
        sortOperators = [1058],
        collations = [100],
        nullsFirst = [False],
        plan.targetlist = List with 1 elements = {
          0 = TargetEntry {resno: 1, resname: 0x0, ressortgroupref: 1, resorigtbl: 0, resorigcol: 0, resjunk: false} = {
            expr = Var {varno: 65001, varattno: 1, vartype: 1042, vartypmod: 19, varcollid: 100, varlevelsup: 0, varnosyn: 1, varattnosyn: 6, location: -1}
          }
        },
        plan.lefttree = NestLoop (cost=0.00..25.92 rows=0 width=64 plan_id=4 parallel_aware=False parallel_safe = True) {join.jointype: JOIN_SEMI, join.inner_unique: false} = {
          join.plan.targetlist = List with 1 elements = {
            0 = TargetEntry {resno: 1, resname: 0x0, ressortgroupref: 1, resorigtbl: 0, resorigcol: 0, resjunk: false} = {
              expr = Var {varno: 65001, varattno: 6, vartype: 1042, vartypmod: 19, varcollid: 100, varlevelsup: 0, varnosyn: 1, varattnosyn: 6, location: 9}
            }
          },
          join.plan.lefttree = Scan (cost=0.00..13.15 rows=1 width=68 plan_id=5 parallel_aware=False parallel_safe = True) scanrelid: 1 = {
            plan.targetlist = List with 9 elements = {
              0 = TargetEntry {resno: 1, resname: 0x0, ressortgroupref: 0, resorigtbl: 0, resorigcol: 0, resjunk: false} = {
                expr = Var {varno: 1, varattno: 1, vartype: 23, vartypmod: -1, varcollid: 0, varlevelsup: 0, varnosyn: 1, varattnosyn: 1, location: -1}
              },
              1 = TargetEntry {resno: 2, resname: 0x0, ressortgroupref: 0, resorigtbl: 0, resorigcol: 0, resjunk: false} = {
                expr = Var {varno: 1, varattno: 2, vartype: 23, vartypmod: -1, varcollid: 0, varlevelsup: 0, varnosyn: 1, varattnosyn: 2, location: -1}
              },
              2 = TargetEntry {resno: 3, resname: 0x0, ressortgroupref: 0, resorigtbl: 0, resorigcol: 0, resjunk: false} = {
                expr = Var {varno: 1, varattno: 3, vartype: 1042, vartypmod: 5, varcollid: 100, varlevelsup: 0, varnosyn: 1, varattnosyn: 3, location: -1}
              },
              3 = TargetEntry {resno: 4, resname: 0x0, ressortgroupref: 0, resorigtbl: 0, resorigcol: 0, resjunk: false} = {
                expr = Var {varno: 1, varattno: 4, vartype: 1700, vartypmod: 983046, varcollid: 0, varlevelsup: 0, varnosyn: 1, varattnosyn: 4, location: -1}
              },
              4 = TargetEntry {resno: 5, resname: 0x0, ressortgroupref: 0, resorigtbl: 0, resorigcol: 0, resjunk: false} = {
                expr = Var {varno: 1, varattno: 5, vartype: 1082, vartypmod: -1, varcollid: 0, varlevelsup: 0, varnosyn: 1, varattnosyn: 5, location: -1}
              },
              5 = TargetEntry {resno: 6, resname: 0x0, ressortgroupref: 0, resorigtbl: 0, resorigcol: 0, resjunk: false} = {
                expr = Var {varno: 1, varattno: 6, vartype: 1042, vartypmod: 19, varcollid: 100, varlevelsup: 0, varnosyn: 1, varattnosyn: 6, location: -1}
              },
              6 = TargetEntry {resno: 7, resname: 0x0, ressortgroupref: 0, resorigtbl: 0, resorigcol: 0, resjunk: false} = {
                expr = Var {varno: 1, varattno: 7, vartype: 1042, vartypmod: 19, varcollid: 100, varlevelsup: 0, varnosyn: 1, varattnosyn: 7, location: -1}
              },
              7 = TargetEntry {resno: 8, resname: 0x0, ressortgroupref: 0, resorigtbl: 0, resorigcol: 0, resjunk: false} = {
                expr = Var {varno: 1, varattno: 8, vartype: 23, vartypmod: -1, varcollid: 0, varlevelsup: 0, varnosyn: 1, varattnosyn: 8, location: -1}
              },
              8 = TargetEntry {resno: 9, resname: 0x0, ressortgroupref: 0, resorigtbl: 0, resorigcol: 0, resjunk: false} = {
                expr = Var {varno: 1, varattno: 9, vartype: 1043, vartypmod: 83, varcollid: 100, varlevelsup: 0, varnosyn: 1, varattnosyn: 9, location: -1}
              }
            },
            plan.qual = List with 2 elements = {
              0 = OpExpr {opno: 1098, opfuncid: 1090, opresulttype: 16, opretset: false, opcollid: 0, inputcollid: 0, location: 86} = {
                args = List with 2 elements = {
                  0 = Var {varno: 1, varattno: 5, vartype: 1082, vartypmod: -1, varcollid: 0, varlevelsup: 0, varnosyn: 1, varattnosyn: 5, location: 74},
                  1 = Const {consttype: 1082, consttypmod: -1, constcollid: 0, constlen: 4, constvalue: 18446744073709549241, constisnull: false, constbyval: true, location: 94}
                }
              },
              1 = OpExpr {opno: 2345, opfuncid: 2338, opresulttype: 16, opretset: false, opcollid: 0, inputcollid: 0, location: 125} = {
                args = List with 2 elements = {
                  0 = Var {varno: 1, varattno: 5, vartype: 1082, vartypmod: -1, varcollid: 0, varlevelsup: 0, varnosyn: 1, varattnosyn: 5, location: 113},
                  1 = Const {consttype: 1114, consttypmod: -1, constcollid: 0, constlen: 8, constvalue: 18446546822509551616, constisnull: false, constbyval: true, location: -1}
                }
              }
            }
          },
          join.plan.righttree = Scan (cost=0.00..12.50 rows=22 width=4 plan_id=6 parallel_aware=False parallel_safe = True) scanrelid: 2 = {
            plan.targetlist = List with 16 elements = {
              0 = TargetEntry {resno: 1, resname: 0x0, ressortgroupref: 0, resorigtbl: 0, resorigcol: 0, resjunk: false} = {
                expr = Var {varno: 2, varattno: 1, vartype: 23, vartypmod: -1, varcollid: 0, varlevelsup: 0, varnosyn: 2, varattnosyn: 1, location: -1}
              },
              1 = TargetEntry {resno: 2, resname: 0x0, ressortgroupref: 0, resorigtbl: 0, resorigcol: 0, resjunk: false} = {
                expr = Var {varno: 2, varattno: 2, vartype: 23, vartypmod: -1, varcollid: 0, varlevelsup: 0, varnosyn: 2, varattnosyn: 2, location: -1}
              },
              2 = TargetEntry {resno: 3, resname: 0x0, ressortgroupref: 0, resorigtbl: 0, resorigcol: 0, resjunk: false} = {
                expr = Var {varno: 2, varattno: 3, vartype: 23, vartypmod: -1, varcollid: 0, varlevelsup: 0, varnosyn: 2, varattnosyn: 3, location: -1}
              },
              3 = TargetEntry {resno: 4, resname: 0x0, ressortgroupref: 0, resorigtbl: 0, resorigcol: 0, resjunk: false} = {
                expr = Var {varno: 2, varattno: 4, vartype: 23, vartypmod: -1, varcollid: 0, varlevelsup: 0, varnosyn: 2, varattnosyn: 4, location: -1}
              },
              4 = TargetEntry {resno: 5, resname: 0x0, ressortgroupref: 0, resorigtbl: 0, resorigcol: 0, resjunk: false} = {
                expr = Var {varno: 2, varattno: 5, vartype: 1700, vartypmod: 983046, varcollid: 0, varlevelsup: 0, varnosyn: 2, varattnosyn: 5, location: -1}
              },
              5 = TargetEntry {resno: 6, resname: 0x0, ressortgroupref: 0, resorigtbl: 0, resorigcol: 0, resjunk: false} = {
                expr = Var {varno: 2, varattno: 6, vartype: 1700, vartypmod: 983046, varcollid: 0, varlevelsup: 0, varnosyn: 2, varattnosyn: 6, location: -1}
              },
              6 = TargetEntry {resno: 7, resname: 0x0, ressortgroupref: 0, resorigtbl: 0, resorigcol: 0, resjunk: false} = {
                expr = Var {varno: 2, varattno: 7, vartype: 1700, vartypmod: 983046, varcollid: 0, varlevelsup: 0, varnosyn: 2, varattnosyn: 7, location: -1}
              },
              7 = TargetEntry {resno: 8, resname: 0x0, ressortgroupref: 0, resorigtbl: 0, resorigcol: 0, resjunk: false} = {
                expr = Var {varno: 2, varattno: 8, vartype: 1700, vartypmod: 983046, varcollid: 0, varlevelsup: 0, varnosyn: 2, varattnosyn: 8, location: -1}
              },
              8 = TargetEntry {resno: 9, resname: 0x0, ressortgroupref: 0, resorigtbl: 0, resorigcol: 0, resjunk: false} = {
                expr = Var {varno: 2, varattno: 9, vartype: 1042, vartypmod: 5, varcollid: 100, varlevelsup: 0, varnosyn: 2, varattnosyn: 9, location: -1}
              },
              9 = TargetEntry {resno: 10, resname: 0x0, ressortgroupref: 0, resorigtbl: 0, resorigcol: 0, resjunk: false} = {
                expr = Var {varno: 2, varattno: 10, vartype: 1042, vartypmod: 5, varcollid: 100, varlevelsup: 0, varnosyn: 2, varattnosyn: 10, location: -1}
              },
              10 = TargetEntry {resno: 11, resname: 0x0, ressortgroupref: 0, resorigtbl: 0, resorigcol: 0, resjunk: false} = {
                expr = Var {varno: 2, varattno: 11, vartype: 1082, vartypmod: -1, varcollid: 0, varlevelsup: 0, varnosyn: 2, varattnosyn: 11, location: -1}
              },
              11 = TargetEntry {resno: 12, resname: 0x0, ressortgroupref: 0, resorigtbl: 0, resorigcol: 0, resjunk: false} = {
                expr = Var {varno: 2, varattno: 12, vartype: 1082, vartypmod: -1, varcollid: 0, varlevelsup: 0, varnosyn: 2, varattnosyn: 12, location: -1}
              },
              12 = TargetEntry {resno: 13, resname: 0x0, ressortgroupref: 0, resorigtbl: 0, resorigcol: 0, resjunk: false} = {
                expr = Var {varno: 2, varattno: 13, vartype: 1082, vartypmod: -1, varcollid: 0, varlevelsup: 0, varnosyn: 2, varattnosyn: 13, location: -1}
              },
              13 = TargetEntry {resno: 14, resname: 0x0, ressortgroupref: 0, resorigtbl: 0, resorigcol: 0, resjunk: false} = {
                expr = Var {varno: 2, varattno: 14, vartype: 1042, vartypmod: 29, varcollid: 100, varlevelsup: 0, varnosyn: 2, varattnosyn: 14, location: -1}
              },
              14 = TargetEntry {resno: 15, resname: 0x0, ressortgroupref: 0, resorigtbl: 0, resorigcol: 0, resjunk: false} = {
                expr = Var {varno: 2, varattno: 15, vartype: 1042, vartypmod: 14, varcollid: 100, varlevelsup: 0, varnosyn: 2, varattnosyn: 15, location: -1}
              },
              15 = TargetEntry {resno: 16, resname: 0x0, ressortgroupref: 0, resorigtbl: 0, resorigcol: 0, resjunk: false} = {
                expr = Var {varno: 2, varattno: 16, vartype: 1043, vartypmod: 48, varcollid: 100, varlevelsup: 0, varnosyn: 2, varattnosyn: 16, location: -1}
              }
            },
            plan.qual = List with 1 elements = {
              0 = OpExpr {opno: 1095, opfuncid: 1087, opresulttype: 16, opretset: false, opcollid: 0, inputcollid: 0, location: 287} = {
                args = List with 2 elements = {
                  0 = Var {varno: 2, varattno: 12, vartype: 1082, vartypmod: -1, varcollid: 0, varlevelsup: 0, varnosyn: 2, varattnosyn: 12, location: 274},
                  1 = Var {varno: 2, varattno: 13, vartype: 1082, vartypmod: -1, varcollid: 0, varlevelsup: 0, varnosyn: 2, varattnosyn: 13, location: 289}
                }
              }
            }
          },
          join.joinqual = List with 1 elements = {
            0 = OpExpr {opno: 96, opfuncid: 65, opresulttype: 16, opretset: false, opcollid: 0, inputcollid: 0, location: -1} = {
              args = List with 2 elements = {
                0 = Var {varno: 65001, varattno: 1, vartype: 23, vartypmod: -1, varcollid: 0, varlevelsup: 0, varnosyn: 1, varattnosyn: 1, location: 253},
                1 = Var {varno: 65000, varattno: 1, vartype: 23, vartypmod: -1, varcollid: 0, varlevelsup: 0, varnosyn: 2, varattnosyn: 1, location: 240}
              }
            }
          }
        }
      }
    },
    rnodes = OidList with 3 elements = {16386, 16387, 16388}
  }
}

Breakpoint 1, standard_planner (parse=0x55f2f17af500, query_string=0x55f2f1676670 "select\n  n_name,\n  sum(l_extendedprice * (1 - l_discount)) as revenue\nfrom\n  customer,\n  orders,\n  lineitem,\n  supplier,\n  nation,\n  region\nwhere\n  c_custkey = o_custkey\n  and l_orderkey = o_orderkey\n"..., cursorOptions=33024, boundParams=0x0) at /workspaces/AntDB/src/backend/optimizer/plan/planner.c:661
661		top_plan = create_plan(root, best_path);
$13 = Query {commandType: CMD_SELECT, querySource: QSRC_ORIGINAL, queryId: 0, canSetTag: true, resultRelation: 0, hasAggs: true, hasWindowFuncs: false, hasTargetSRFs: false, hasSubLinks: false, hasDistinctOn: false, hasRecursive: false, hasModifyingCTE: false, hasForUpdate: false, hasRowSecurity: false, override: OVERRIDING_NOT_SET, limitOption: LIMIT_OPTION_COUNT, stmt_location: 0, stmt_len: 484, is_local: false, has_to_save_cmd_id: false, in_sub_plan: false, in_explain: false} = {
  rtable = List with 6 elements = {
    0 = RangeTblEntry {rtekind: RTE_RELATION, relname: 'customer', relid: 270672, relkind: 114 'r', rellockmode: 1, security_barrier: false, jointype: JOIN_INNER, joinmergedcols: 0, funcordinality: false, ctename: 0x0, ctelevelsup: 0, self_reference: false, enrname: 0x0, enrtuples: 0, param_new: -1, param_old: -1, mt_result: 0x0, defaultCols: 0x0, rows: 0, lateral: false, inh: false, inFromCl: true, requiredPerms: 2, checkAsUser: 0, selectedCols: (b 11 14), insertedCols: 0x0, updatedCols: 0x0, extraUpdatedCols: 0x0} = {
      eref = Alias aliasname: 'customer' = {
        colnames = List with 8 elements = {
          0 = String[ 'c_custkey' ],
          1 = String[ 'c_name' ],
          2 = String[ 'c_address' ],
          3 = String[ 'c_nationkey' ],
          4 = String[ 'c_phone' ],
          5 = String[ 'c_acctbal' ],
          6 = String[ 'c_mktsegment' ],
          7 = String[ 'c_comment' ]
        }
      }
    },
    1 = RangeTblEntry {rtekind: RTE_RELATION, relname: 'orders', relid: 270675, relkind: 114 'r', rellockmode: 1, security_barrier: false, jointype: JOIN_INNER, joinmergedcols: 0, funcordinality: false, ctename: 0x0, ctelevelsup: 0, self_reference: false, enrname: 0x0, enrtuples: 0, param_new: -1, param_old: -1, mt_result: 0x0, defaultCols: 0x0, rows: 0, lateral: false, inh: false, inFromCl: true, requiredPerms: 2, checkAsUser: 0, selectedCols: (b 11 12 15), insertedCols: 0x0, updatedCols: 0x0, extraUpdatedCols: 0x0} = {
      eref = Alias aliasname: 'orders' = {
        colnames = List with 9 elements = {
          0 = String[ 'o_orderkey' ],
          1 = String[ 'o_custkey' ],
          2 = String[ 'o_orderstatus' ],
          3 = String[ 'o_totalprice' ],
          4 = String[ 'o_orderdate' ],
          5 = String[ 'o_orderpriority' ],
          6 = String[ 'o_clerk' ],
          7 = String[ 'o_shippriority' ],
          8 = String[ 'o_comment' ]
        }
      }
    },
    2 = RangeTblEntry {rtekind: RTE_RELATION, relname: 'lineitem', relid: 270678, relkind: 114 'r', rellockmode: 1, security_barrier: false, jointype: JOIN_INNER, joinmergedcols: 0, funcordinality: false, ctename: 0x0, ctelevelsup: 0, self_reference: false, enrname: 0x0, enrtuples: 0, param_new: -1, param_old: -1, mt_result: 0x0, defaultCols: 0x0, rows: 0, lateral: false, inh: false, inFromCl: true, requiredPerms: 2, checkAsUser: 0, selectedCols: (b 11 13 16 17), insertedCols: 0x0, updatedCols: 0x0, extraUpdatedCols: 0x0} = {
      eref = Alias aliasname: 'lineitem' = {
        colnames = List with 16 elements = {
          0 = String[ 'l_orderkey' ],
          1 = String[ 'l_partkey' ],
          2 = String[ 'l_suppkey' ],
          3 = String[ 'l_linenumber' ],
          4 = String[ 'l_quantity' ],
          5 = String[ 'l_extendedprice' ],
          6 = String[ 'l_discount' ],
          7 = String[ 'l_tax' ],
          8 = String[ 'l_returnflag' ],
          9 = String[ 'l_linestatus' ],
          10 = String[ 'l_shipdate' ],
          11 = String[ 'l_commitdate' ],
          12 = String[ 'l_receiptdate' ],
          13 = String[ 'l_shipinstruct' ],
          14 = String[ 'l_shipmode' ],
          15 = String[ 'l_comment' ]
        }
      }
    },
    3 = RangeTblEntry {rtekind: RTE_RELATION, relname: 'supplier', relid: 270666, relkind: 114 'r', rellockmode: 1, security_barrier: false, jointype: JOIN_INNER, joinmergedcols: 0, funcordinality: false, ctename: 0x0, ctelevelsup: 0, self_reference: false, enrname: 0x0, enrtuples: 0, param_new: -1, param_old: -1, mt_result: 0x0, defaultCols: 0x0, rows: 0, lateral: false, inh: false, inFromCl: true, requiredPerms: 2, checkAsUser: 0, selectedCols: (b 11 14), insertedCols: 0x0, updatedCols: 0x0, extraUpdatedCols: 0x0} = {
      eref = Alias aliasname: 'supplier' = {
        colnames = List with 7 elements = {
          0 = String[ 's_suppkey' ],
          1 = String[ 's_name' ],
          2 = String[ 's_address' ],
          3 = String[ 's_nationkey' ],
          4 = String[ 's_phone' ],
          5 = String[ 's_acctbal' ],
          6 = String[ 's_comment' ]
        }
      }
    },
    4 = RangeTblEntry {rtekind: RTE_RELATION, relname: 'nation', relid: 270657, relkind: 114 'r', rellockmode: 1, security_barrier: false, jointype: JOIN_INNER, joinmergedcols: 0, funcordinality: false, ctename: 0x0, ctelevelsup: 0, self_reference: false, enrname: 0x0, enrtuples: 0, param_new: -1, param_old: -1, mt_result: 0x0, defaultCols: 0x0, rows: 0, lateral: false, inh: false, inFromCl: true, requiredPerms: 2, checkAsUser: 0, selectedCols: (b 11 12 13), insertedCols: 0x0, updatedCols: 0x0, extraUpdatedCols: 0x0} = {
      eref = Alias aliasname: 'nation' = {
        colnames = List with 4 elements = {
          0 = String[ 'n_nationkey' ],
          1 = String[ 'n_name' ],
          2 = String[ 'n_regionkey' ],
          3 = String[ 'n_comment' ]
        }
      }
    },
    5 = RangeTblEntry {rtekind: RTE_RELATION, relname: 'region', relid: 270660, relkind: 114 'r', rellockmode: 1, security_barrier: false, jointype: JOIN_INNER, joinmergedcols: 0, funcordinality: false, ctename: 0x0, ctelevelsup: 0, self_reference: false, enrname: 0x0, enrtuples: 0, param_new: -1, param_old: -1, mt_result: 0x0, defaultCols: 0x0, rows: 0, lateral: false, inh: false, inFromCl: true, requiredPerms: 2, checkAsUser: 0, selectedCols: (b 11 12), insertedCols: 0x0, updatedCols: 0x0, extraUpdatedCols: 0x0} = {
      eref = Alias aliasname: 'region' = {
        colnames = List with 3 elements = {
          0 = String[ 'r_regionkey' ],
          1 = String[ 'r_name' ],
          2 = String[ 'r_comment' ]
        }
      }
    }
  },
  jointree = FromExpr  = {
    fromlist = List with 6 elements = {
      0 = RangeTblRef rtindex: 1,
      1 = RangeTblRef rtindex: 2,
      2 = RangeTblRef rtindex: 3,
      3 = RangeTblRef rtindex: 4,
      4 = RangeTblRef rtindex: 5,
      5 = RangeTblRef rtindex: 6
    },
    quals = List with 9 elements = {
      0 = OpExpr {opno: 96, opfuncid: 65, opresulttype: 16, opretset: false, opcollid: 0, inputcollid: 0, location: 158} = {
        args = List with 2 elements = {
          0 = Var {varno: 1, varattno: 1, vartype: 23, vartypmod: -1, varcollid: 0, varlevelsup: 0, varnosyn: 1, varattnosyn: 1, location: 148},
          1 = Var {varno: 2, varattno: 2, vartype: 23, vartypmod: -1, varcollid: 0, varlevelsup: 0, varnosyn: 2, varattnosyn: 2, location: 160}
        }
      },
      1 = OpExpr {opno: 96, opfuncid: 65, opresulttype: 16, opretset: false, opcollid: 0, inputcollid: 0, location: 187} = {
        args = List with 2 elements = {
          0 = Var {varno: 3, varattno: 1, vartype: 23, vartypmod: -1, varcollid: 0, varlevelsup: 0, varnosyn: 3, varattnosyn: 1, location: 176},
          1 = Var {varno: 2, varattno: 1, vartype: 23, vartypmod: -1, varcollid: 0, varlevelsup: 0, varnosyn: 2, varattnosyn: 1, location: 189}
        }
      },
      2 = OpExpr {opno: 96, opfuncid: 65, opresulttype: 16, opretset: false, opcollid: 0, inputcollid: 0, location: 216} = {
        args = List with 2 elements = {
          0 = Var {varno: 3, varattno: 3, vartype: 23, vartypmod: -1, varcollid: 0, varlevelsup: 0, varnosyn: 3, varattnosyn: 3, location: 206},
          1 = Var {varno: 4, varattno: 1, vartype: 23, vartypmod: -1, varcollid: 0, varlevelsup: 0, varnosyn: 4, varattnosyn: 1, location: 218}
        }
      },
      3 = OpExpr {opno: 96, opfuncid: 65, opresulttype: 16, opretset: false, opcollid: 0, inputcollid: 0, location: 246} = {
        args = List with 2 elements = {
          0 = Var {varno: 1, varattno: 4, vartype: 23, vartypmod: -1, varcollid: 0, varlevelsup: 0, varnosyn: 1, varattnosyn: 4, location: 234},
          1 = Var {varno: 4, varattno: 4, vartype: 23, vartypmod: -1, varcollid: 0, varlevelsup: 0, varnosyn: 4, varattnosyn: 4, location: 248}
        }
      },
      4 = OpExpr {opno: 96, opfuncid: 65, opresulttype: 16, opretset: false, opcollid: 0, inputcollid: 0, location: 278} = {
        args = List with 2 elements = {
          0 = Var {varno: 4, varattno: 4, vartype: 23, vartypmod: -1, varcollid: 0, varlevelsup: 0, varnosyn: 4, varattnosyn: 4, location: 266},
          1 = Var {varno: 5, varattno: 1, vartype: 23, vartypmod: -1, varcollid: 0, varlevelsup: 0, varnosyn: 5, varattnosyn: 1, location: 280}
        }
      },
      5 = OpExpr {opno: 96, opfuncid: 65, opresulttype: 16, opretset: false, opcollid: 0, inputcollid: 0, location: 310} = {
        args = List with 2 elements = {
          0 = Var {varno: 5, varattno: 3, vartype: 23, vartypmod: -1, varcollid: 0, varlevelsup: 0, varnosyn: 5, varattnosyn: 3, location: 298},
          1 = Var {varno: 6, varattno: 1, vartype: 23, vartypmod: -1, varcollid: 0, varlevelsup: 0, varnosyn: 6, varattnosyn: 1, location: 312}
        }
      },
      6 = OpExpr {opno: 1054, opfuncid: 1048, opresulttype: 16, opretset: false, opcollid: 0, inputcollid: 100, location: 337} = {
        args = List with 2 elements = {
          0 = Var {varno: 6, varattno: 2, vartype: 1042, vartypmod: 29, varcollid: 100, varlevelsup: 0, varnosyn: 6, varattnosyn: 2, location: 330},
          1 = Const {consttype: 1042, consttypmod: -1, constcollid: 100, constlen: -1, constvalue: 94501922249616, constisnull: false, constbyval: false, location: 339}
        }
      },
      7 = OpExpr {opno: 1098, opfuncid: 1090, opresulttype: 16, opretset: false, opcollid: 0, inputcollid: 0, location: 364} = {
        args = List with 2 elements = {
          0 = Var {varno: 2, varattno: 5, vartype: 1082, vartypmod: -1, varcollid: 0, varlevelsup: 0, varnosyn: 2, varattnosyn: 5, location: 352},
          1 = Const {consttype: 1082, consttypmod: -1, constcollid: 0, constlen: 4, constvalue: 18446744073709549425, constisnull: false, constbyval: true, location: 372}
        }
      },
      8 = OpExpr {opno: 2345, opfuncid: 2338, opresulttype: 16, opretset: false, opcollid: 0, inputcollid: 0, location: 403} = {
        args = List with 2 elements = {
          0 = Var {varno: 2, varattno: 5, vartype: 1082, vartypmod: -1, varcollid: 0, varlevelsup: 0, varnosyn: 2, varattnosyn: 5, location: 391},
          1 = Const {consttype: 1114, consttypmod: -1, constcollid: 0, constlen: 8, constvalue: 18446586307309551616, constisnull: false, constbyval: true, location: -1}
        }
      }
    }
  },
  targetList = List with 2 elements = {
    0 = TargetEntry {resno: 1, resname: 'n_name', ressortgroupref: 2, resorigtbl: 270657, resorigcol: 2, resjunk: false} = {
      expr = Var {varno: 5, varattno: 2, vartype: 1042, vartypmod: 29, varcollid: 100, varlevelsup: 0, varnosyn: 5, varattnosyn: 2, location: 9}
    },
    1 = TargetEntry {resno: 2, resname: 'revenue', ressortgroupref: 1, resorigtbl: 0, resorigcol: 0, resjunk: false} = {
      expr = Aggref {aggfnoid: 2114, aggtype: 1700, aggcollid: 0, inputcollid: 0, aggtranstype: 2281, aggtrantype: 0, agghas_collectfn: false, rank_first: false, aggstar: false, aggvariadic: false, aggkind: 110 'n', agglevelsup: 0, aggsplit: AGGSPLIT_SIMPLE, location: 19} = {
        aggargtypes = OidList with 1 elements = {1700},
        args = List with 1 elements = {
          0 = TargetEntry {resno: 1, resname: 0x0, ressortgroupref: 0, resorigtbl: 0, resorigcol: 0, resjunk: false} = {
            expr = OpExpr {opno: 1760, opfuncid: 1726, opresulttype: 1700, opretset: false, opcollid: 0, inputcollid: 0, location: 39} = {
              args = List with 2 elements = {
                0 = Var {varno: 3, varattno: 6, vartype: 1700, vartypmod: 983046, varcollid: 0, varlevelsup: 0, varnosyn: 3, varattnosyn: 6, location: 23},
                1 = OpExpr {opno: 1759, opfuncid: 1725, opresulttype: 1700, opretset: false, opcollid: 0, inputcollid: 0, location: 44} = {
                  args = List with 2 elements = {
                    0 = Const {consttype: 1700, consttypmod: -1, constcollid: 0, constlen: -1, constvalue: 94501921722696, constisnull: false, constbyval: false, location: -1},
                    1 = Var {varno: 3, varattno: 7, vartype: 1700, vartypmod: 983046, varcollid: 0, varlevelsup: 0, varnosyn: 3, varattnosyn: 7, location: 46}
                  }
                }
              }
            }
          }
        }
      }
    }
  },
  groupClause = List with 1 elements = {
    0 = SortGroupClause {tleSortGroupRef: 2, eqop: 1054, sortop: 1058, nulls_first: false, hashable: true}
  },
  sortClause = List with 1 elements = {
    0 = SortGroupClause {tleSortGroupRef: 1, eqop: 1752, sortop: 1756, nulls_first: true, hashable: true}
  }
}
$14 = SortPath T_Sort (cost=1000.30..1000.31 rows=1 parallel_aware=False parallel_safe=False parallel_workers=0)  = {
  path.parent = (b),
  path.pathtarget = PathTarget {cost: (0.00..0.00), width: 136} = {
    sortgrouprefs = [2, 1],
    exprs = List with 2 elements = {
      0 = Var {varno: 5, varattno: 2, vartype: 1042, vartypmod: 29, varcollid: 100, varlevelsup: 0, varnosyn: 5, varattnosyn: 2, location: 9},
      1 = Aggref {aggfnoid: 2114, aggtype: 1700, aggcollid: 0, inputcollid: 0, aggtranstype: 2281, aggtrantype: 0, agghas_collectfn: false, rank_first: false, aggstar: false, aggvariadic: false, aggkind: 110 'n', agglevelsup: 0, aggsplit: AGGSPLIT_SIMPLE, location: 19} = {
        aggargtypes = OidList with 1 elements = {1700},
        args = List with 1 elements = {
          0 = TargetEntry {resno: 1, resname: 0x0, ressortgroupref: 0, resorigtbl: 0, resorigcol: 0, resjunk: false} = {
            expr = OpExpr {opno: 1760, opfuncid: 1726, opresulttype: 1700, opretset: false, opcollid: 0, inputcollid: 0, location: 39} = {
              args = List with 2 elements = {
                0 = Var {varno: 3, varattno: 6, vartype: 1700, vartypmod: 983046, varcollid: 0, varlevelsup: 0, varnosyn: 3, varattnosyn: 6, location: 23},
                1 = OpExpr {opno: 1759, opfuncid: 1725, opresulttype: 1700, opretset: false, opcollid: 0, inputcollid: 0, location: 44} = {
                  args = List with 2 elements = {
                    0 = Const {consttype: 1700, consttypmod: -1, constcollid: 0, constlen: -1, constvalue: 94501921722696, constisnull: false, constbyval: false, location: -1},
                    1 = Var {varno: 3, varattno: 7, vartype: 1700, vartypmod: 983046, varcollid: 0, varlevelsup: 0, varnosyn: 3, varattnosyn: 7, location: 46}
                  }
                }
              }
            }
          }
        }
      }
    },
    as_loc_list = IntList with 2 elements = {-1, 62},
    expr_loc_list = IntList with 2 elements = {9, 19},
    expr_len_list = IntList with 2 elements = {-1, 40},
    expr_type_list = IntList with 2 elements = {398, 405}
  },
  path.pathkeys = List with 1 elements = {
    0 = PathKey {pk_opfamily: 1988, pk_strategy: 5, pk_nulls_first: true} = {
      pk_eclass = EquivalenceClass {ec_collation: 0, ec_relids: (b 3), ec_has_const: false, ec_has_volatile: false, ec_broken: false, ec_sortref: 1, ec_min_security: 4294967295, ec_max_security: 0} = {
        ec_opfamilies = OidList with 1 elements = {1988},
        ec_members = List with 1 elements = {
          0 = EquivalenceMember {em_relids: (b 3), em_is_const: false, em_is_child: false, em_datatype: 1700} = {
            em_expr = Aggref {aggfnoid: 2114, aggtype: 1700, aggcollid: 0, inputcollid: 0, aggtranstype: 2281, aggtrantype: 0, agghas_collectfn: false, rank_first: false, aggstar: false, aggvariadic: false, aggkind: 110 'n', agglevelsup: 0, aggsplit: AGGSPLIT_SIMPLE, location: 19} = {
              aggargtypes = OidList with 1 elements = {1700},
              args = List with 1 elements = {
                0 = TargetEntry {resno: 1, resname: 0x0, ressortgroupref: 0, resorigtbl: 0, resorigcol: 0, resjunk: false} = {
                  expr = OpExpr {opno: 1760, opfuncid: 1726, opresulttype: 1700, opretset: false, opcollid: 0, inputcollid: 0, location: 39} = {
                    args = List with 2 elements = {
                      0 = Var {varno: 3, varattno: 6, vartype: 1700, vartypmod: 983046, varcollid: 0, varlevelsup: 0, varnosyn: 3, varattnosyn: 6, location: 23},
                      1 = OpExpr {opno: 1759, opfuncid: 1725, opresulttype: 1700, opretset: false, opcollid: 0, inputcollid: 0, location: 44} = {
                        args = List with 2 elements = {
                          0 = Const {consttype: 1700, consttypmod: -1, constcollid: 0, constlen: -1, constvalue: 94501921722880, constisnull: false, constbyval: false, location: -1},
                          1 = Var {varno: 3, varattno: 7, vartype: 1700, vartypmod: 983046, varcollid: 0, varlevelsup: 0, varnosyn: 3, varattnosyn: 7, location: 46}
                        }
                      }
                    }
                  }
                }
              }
            }
          }
        }
      }
    }
  },
  subpath = AggPath T_Agg (cost=1000.26..1000.29 rows=1 parallel_aware=False parallel_safe=False parallel_workers=0) {aggstrategy: AGG_SORTED, aggsplit: AGGSPLIT_SIMPLE, numGroups: 1, transitionSpace: 128} = {
    path.parent = (b),
    path.pathtarget = PathTarget {cost: (0.00..0.00), width: 136} = {
      sortgrouprefs = [2, 1],
      exprs = List with 2 elements = {
        0 = Var {varno: 5, varattno: 2, vartype: 1042, vartypmod: 29, varcollid: 100, varlevelsup: 0, varnosyn: 5, varattnosyn: 2, location: 9},
        1 = Aggref {aggfnoid: 2114, aggtype: 1700, aggcollid: 0, inputcollid: 0, aggtranstype: 2281, aggtrantype: 0, agghas_collectfn: false, rank_first: false, aggstar: false, aggvariadic: false, aggkind: 110 'n', agglevelsup: 0, aggsplit: AGGSPLIT_SIMPLE, location: 19} = {
          aggargtypes = OidList with 1 elements = {1700},
          args = List with 1 elements = {
            0 = TargetEntry {resno: 1, resname: 0x0, ressortgroupref: 0, resorigtbl: 0, resorigcol: 0, resjunk: false} = {
              expr = OpExpr {opno: 1760, opfuncid: 1726, opresulttype: 1700, opretset: false, opcollid: 0, inputcollid: 0, location: 39} = {
                args = List with 2 elements = {
                  0 = Var {varno: 3, varattno: 6, vartype: 1700, vartypmod: 983046, varcollid: 0, varlevelsup: 0, varnosyn: 3, varattnosyn: 6, location: 23},
                  1 = OpExpr {opno: 1759, opfuncid: 1725, opresulttype: 1700, opretset: false, opcollid: 0, inputcollid: 0, location: 44} = {
                    args = List with 2 elements = {
                      0 = Const {consttype: 1700, consttypmod: -1, constcollid: 0, constlen: -1, constvalue: 94501921722696, constisnull: false, constbyval: false, location: -1},
                      1 = Var {varno: 3, varattno: 7, vartype: 1700, vartypmod: 983046, varcollid: 0, varlevelsup: 0, varnosyn: 3, varattnosyn: 7, location: 46}
                    }
                  }
                }
              }
            }
          }
        }
      },
      as_loc_list = IntList with 2 elements = {-1, 62},
      expr_loc_list = IntList with 2 elements = {9, 19},
      expr_len_list = IntList with 2 elements = {-1, 40},
      expr_type_list = IntList with 2 elements = {398, 405}
    },
    path.pathkeys = List with 1 elements = {
      0 = PathKey {pk_opfamily: 426, pk_strategy: 1, pk_nulls_first: false} = {
        pk_eclass = EquivalenceClass {ec_collation: 100, ec_relids: (b 5), ec_has_const: false, ec_has_volatile: false, ec_broken: false, ec_sortref: 2, ec_min_security: 4294967295, ec_max_security: 0} = {
          ec_opfamilies = OidList with 2 elements = {426, 2097},
          ec_members = List with 1 elements = {
            0 = EquivalenceMember {em_relids: (b 5), em_is_const: false, em_is_child: false, em_datatype: 1042} = {
              em_expr = Var {varno: 5, varattno: 2, vartype: 1042, vartypmod: 29, varcollid: 100, varlevelsup: 0, varnosyn: 5, varattnosyn: 2, location: 9}
            }
          }
        }
      }
    },
    subpath = SortPath T_Sort (cost=1000.26..1000.27 rows=1 parallel_aware=False parallel_safe=False parallel_workers=0)  = {
      path.parent = (b),
      path.pathtarget = PathTarget {cost: (0.00..0.00), width: 140} = {
        sortgrouprefs = [2, 0, 0],
        exprs = List with 3 elements = {
          0 = Var {varno: 5, varattno: 2, vartype: 1042, vartypmod: 29, varcollid: 100, varlevelsup: 0, varnosyn: 5, varattnosyn: 2, location: 9},
          1 = Var {varno: 3, varattno: 6, vartype: 1700, vartypmod: 983046, varcollid: 0, varlevelsup: 0, varnosyn: 3, varattnosyn: 6, location: 23},
          2 = Var {varno: 3, varattno: 7, vartype: 1700, vartypmod: 983046, varcollid: 0, varlevelsup: 0, varnosyn: 3, varattnosyn: 7, location: 46}
        }
      },
      path.pathkeys = List with 1 elements = {
        0 = PathKey {pk_opfamily: 426, pk_strategy: 1, pk_nulls_first: false} = {
          pk_eclass = EquivalenceClass {ec_collation: 100, ec_relids: (b 5), ec_has_const: false, ec_has_volatile: false, ec_broken: false, ec_sortref: 2, ec_min_security: 4294967295, ec_max_security: 0} = {
            ec_opfamilies = OidList with 2 elements = {426, 2097},
            ec_members = List with 1 elements = {
              0 = EquivalenceMember {em_relids: (b 5), em_is_const: false, em_is_child: false, em_datatype: 1042} = {
                em_expr = Var {varno: 5, varattno: 2, vartype: 1042, vartypmod: 29, varcollid: 100, varlevelsup: 0, varnosyn: 5, varattnosyn: 2, location: 9}
              }
            }
          }
        }
      },
      subpath = ProjectionPath T_Result (cost=0.00..1000.25 rows=1 parallel_aware=False parallel_safe=False parallel_workers=0) dummypp: true = {
        path.parent = (b 1 2 3 4 5 6),
        path.pathtarget = PathTarget {cost: (0.00..0.00), width: 140} = {
          sortgrouprefs = [2, 0, 0],
          exprs = List with 3 elements = {
            0 = Var {varno: 5, varattno: 2, vartype: 1042, vartypmod: 29, varcollid: 100, varlevelsup: 0, varnosyn: 5, varattnosyn: 2, location: 9},
            1 = Var {varno: 3, varattno: 6, vartype: 1700, vartypmod: 983046, varcollid: 0, varlevelsup: 0, varnosyn: 3, varattnosyn: 6, location: 23},
            2 = Var {varno: 3, varattno: 7, vartype: 1700, vartypmod: 983046, varcollid: 0, varlevelsup: 0, varnosyn: 3, varattnosyn: 7, location: 46}
          }
        },
        subpath = JoinPath T_NestLoop (cost=0.00..1000.25 rows=1 parallel_aware=False parallel_safe=False parallel_workers=0) {jointype: JOIN_INNER, inner_unique: false} = {
          path.parent = (b 1 2 3 4 5 6),
          path.pathtarget = PathTarget {cost: (0.00..0.00), width: 140} = {
            exprs = List with 3 elements = {
              0 = Var {varno: 3, varattno: 6, vartype: 1700, vartypmod: 983046, varcollid: 0, varlevelsup: 0, varnosyn: 3, varattnosyn: 6, location: 23},
              1 = Var {varno: 3, varattno: 7, vartype: 1700, vartypmod: 983046, varcollid: 0, varlevelsup: 0, varnosyn: 3, varattnosyn: 7, location: 46},
              2 = Var {varno: 5, varattno: 2, vartype: 1042, vartypmod: 29, varcollid: 100, varlevelsup: 0, varnosyn: 5, varattnosyn: 2, location: 9}
            }
          },
          outerjoinpath = JoinPath T_NestLoop (cost=0.00..800.19 rows=1 parallel_aware=False parallel_safe=False parallel_workers=0) {jointype: JOIN_INNER, inner_unique: false} = {
            path.parent = (b 1 3 4 5 6),
            path.pathtarget = PathTarget {cost: (0.00..0.00), width: 148} = {
              exprs = List with 5 elements = {
                0 = Var {varno: 1, varattno: 1, vartype: 23, vartypmod: -1, varcollid: 0, varlevelsup: 0, varnosyn: 1, varattnosyn: 1, location: 148},
                1 = Var {varno: 3, varattno: 6, vartype: 1700, vartypmod: 983046, varcollid: 0, varlevelsup: 0, varnosyn: 3, varattnosyn: 6, location: 23},
                2 = Var {varno: 3, varattno: 7, vartype: 1700, vartypmod: 983046, varcollid: 0, varlevelsup: 0, varnosyn: 3, varattnosyn: 7, location: 46},
                3 = Var {varno: 3, varattno: 1, vartype: 23, vartypmod: -1, varcollid: 0, varlevelsup: 0, varnosyn: 3, varattnosyn: 1, location: 176},
                4 = Var {varno: 5, varattno: 2, vartype: 1042, vartypmod: 29, varcollid: 100, varlevelsup: 0, varnosyn: 5, varattnosyn: 2, location: 9}
              }
            },
            outerjoinpath = JoinPath T_NestLoop (cost=0.00..609.35 rows=1 parallel_aware=False parallel_safe=False parallel_workers=0) {jointype: JOIN_INNER, inner_unique: false} = {
              path.parent = (b 1 4 5 6),
              path.pathtarget = PathTarget {cost: (0.00..0.00), width: 112} = {
                exprs = List with 3 elements = {
                  0 = Var {varno: 1, varattno: 1, vartype: 23, vartypmod: -1, varcollid: 0, varlevelsup: 0, varnosyn: 1, varattnosyn: 1, location: 148},
                  1 = Var {varno: 4, varattno: 1, vartype: 23, vartypmod: -1, varcollid: 0, varlevelsup: 0, varnosyn: 4, varattnosyn: 1, location: 218},
                  2 = Var {varno: 5, varattno: 2, vartype: 1042, vartypmod: 29, varcollid: 100, varlevelsup: 0, varnosyn: 5, varattnosyn: 2, location: 9}
                }
              },
              outerjoinpath = JoinPath T_NestLoop (cost=0.00..463.72 rows=1 parallel_aware=False parallel_safe=False parallel_workers=0) {jointype: JOIN_INNER, inner_unique: false} = {
                path.parent = (b 1 5 6),
                path.pathtarget = PathTarget {cost: (0.00..0.00), width: 116} = {
                  exprs = List with 4 elements = {
                    0 = Var {varno: 1, varattno: 1, vartype: 23, vartypmod: -1, varcollid: 0, varlevelsup: 0, varnosyn: 1, varattnosyn: 1, location: 148},
                    1 = Var {varno: 1, varattno: 4, vartype: 23, vartypmod: -1, varcollid: 0, varlevelsup: 0, varnosyn: 1, varattnosyn: 4, location: 234},
                    2 = Var {varno: 5, varattno: 2, vartype: 1042, vartypmod: 29, varcollid: 100, varlevelsup: 0, varnosyn: 5, varattnosyn: 2, location: 9},
                    3 = Var {varno: 5, varattno: 1, vartype: 23, vartypmod: -1, varcollid: 0, varlevelsup: 0, varnosyn: 5, varattnosyn: 1, location: 280}
                  }
                },
                outerjoinpath = JoinPath T_NestLoop (cost=0.00..327.14 rows=1 parallel_aware=False parallel_safe=False parallel_workers=0) {jointype: JOIN_INNER, inner_unique: false} = {
                  path.parent = (b 5 6),
                  path.pathtarget = PathTarget {cost: (0.00..0.00), width: 108} = {
                    exprs = List with 2 elements = {
                      0 = Var {varno: 5, varattno: 2, vartype: 1042, vartypmod: 29, varcollid: 100, varlevelsup: 0, varnosyn: 5, varattnosyn: 2, location: 9},
                      1 = Var {varno: 5, varattno: 1, vartype: 23, vartypmod: -1, varcollid: 0, varlevelsup: 0, varnosyn: 5, varattnosyn: 1, location: 280}
                    }
                  },
                  outerjoinpath = RemoteQueryPath T_RemoteQuery (cost=0.00..163.42 rows=1 parallel_aware=False parallel_safe=False parallel_workers=0) {jointype: JOIN_INNER, rqhas_unshippable_qual: false, rqhas_temp_rel: false, rqhas_unshippable_tlist: false} = {
                    path.parent = (b 6),
                    path.pathtarget = PathTarget {cost: (0.00..0.00), width: 4} = {
                      exprs = List with 1 elements = {
                        0 = Var {varno: 6, varattno: 1, vartype: 23, vartypmod: -1, varcollid: 0, varlevelsup: 0, varnosyn: 6, varattnosyn: 1, location: 312}
                      }
                    },
                    rqpath_en = ExecNodes {accesstype: RELATION_ACCESS_READ, baselocatortype: 72 'H', en_relid: 0, en_funcid: 0} = {
                      en_dist_vars = List with 1 elements = {
                        0 = Var {varno: 6, varattno: 1, vartype: 23, vartypmod: -1, varcollid: 0, varlevelsup: 0, varnosyn: 6, varattnosyn: 1, location: 312}
                      },
                      nodeids = OidList with 3 elements = {16386, 16387, 16388}
                    }
                  },
                  innerjoinpath = RemoteQueryPath T_RemoteQuery (cost=0.00..163.00 rows=57 parallel_aware=False parallel_safe=False parallel_workers=0) {jointype: JOIN_INNER, rqhas_unshippable_qual: false, rqhas_temp_rel: false, rqhas_unshippable_tlist: false} = {
                    path.parent = (b 5),
                    path.pathtarget = PathTarget {cost: (0.00..0.00), width: 112} = {
                      exprs = List with 3 elements = {
                        0 = Var {varno: 5, varattno: 2, vartype: 1042, vartypmod: 29, varcollid: 100, varlevelsup: 0, varnosyn: 5, varattnosyn: 2, location: 9},
                        1 = Var {varno: 5, varattno: 1, vartype: 23, vartypmod: -1, varcollid: 0, varlevelsup: 0, varnosyn: 5, varattnosyn: 1, location: 280},
                        2 = Var {varno: 5, varattno: 3, vartype: 23, vartypmod: -1, varcollid: 0, varlevelsup: 0, varnosyn: 5, varattnosyn: 3, location: 298}
                      }
                    },
                    rqpath_en = ExecNodes {accesstype: RELATION_ACCESS_READ, baselocatortype: 72 'H', en_relid: 0, en_funcid: 0} = {
                      en_dist_vars = List with 1 elements = {
                        0 = Var {varno: 5, varattno: 1, vartype: 23, vartypmod: -1, varcollid: 0, varlevelsup: 0, varnosyn: 5, varattnosyn: 1, location: 280}
                      },
                      nodeids = OidList with 3 elements = {16386, 16387, 16388}
                    }
                  },
                  joinrestrictinfo = List with 1 elements = {
                    0 = RestrictInfo {is_pushed_down: true, outerjoin_delayed: false, can_join: true, pseudoconstant: false, leakproof: false, security_level: 0, clause_relids: (b 5 6), required_relids: (b 5 6), outer_relids: (b), nullable_relids: (b), left_relids: (b 5), right_relids: (b 6), eval_cost: (0.00..0.00), norm_selec: 0.0059, outer_selec: -1.0000, outer_is_left: false, hashjoinoperator: 96, left_bucketsize: 0.0175, right_bucketsize: 1.0000, left_mcvfreq: 0.0000, right_mcvfreq: 0.0000} = {
                      clause = OpExpr {opno: 96, opfuncid: 65, opresulttype: 16, opretset: false, opcollid: 0, inputcollid: 0, location: -1} = {
                        args = List with 2 elements = {
                          0 = Var {varno: 5, varattno: 3, vartype: 23, vartypmod: -1, varcollid: 0, varlevelsup: 0, varnosyn: 5, varattnosyn: 3, location: 298},
                          1 = Var {varno: 6, varattno: 1, vartype: 23, vartypmod: -1, varcollid: 0, varlevelsup: 0, varnosyn: 6, varattnosyn: 1, location: 312}
                        }
                      },
                      mergeopfamilies = OidList with 1 elements = {1976},
                      left_em = EquivalenceMember {em_relids: (b 5), em_is_const: false, em_is_child: false, em_datatype: 23} = {
                        em_expr = Var {varno: 5, varattno: 3, vartype: 23, vartypmod: -1, varcollid: 0, varlevelsup: 0, varnosyn: 5, varattnosyn: 3, location: 298}
                      },
                      right_em = EquivalenceMember {em_relids: (b 6), em_is_const: false, em_is_child: false, em_datatype: 23} = {
                        em_expr = Var {varno: 6, varattno: 1, vartype: 23, vartypmod: -1, varcollid: 0, varlevelsup: 0, varnosyn: 6, varattnosyn: 1, location: 312}
                      }
                    }
                  }
                },
                innerjoinpath = RemoteQueryPath T_RemoteQuery (cost=0.00..136.00 rows=47 parallel_aware=False parallel_safe=False parallel_workers=0) {jointype: JOIN_INNER, rqhas_unshippable_qual: false, rqhas_temp_rel: false, rqhas_unshippable_tlist: false} = {
                  path.parent = (b 1),
                  path.pathtarget = PathTarget {cost: (0.00..0.00), width: 8} = {
                    exprs = List with 2 elements = {
                      0 = Var {varno: 1, varattno: 1, vartype: 23, vartypmod: -1, varcollid: 0, varlevelsup: 0, varnosyn: 1, varattnosyn: 1, location: 148},
                      1 = Var {varno: 1, varattno: 4, vartype: 23, vartypmod: -1, varcollid: 0, varlevelsup: 0, varnosyn: 1, varattnosyn: 4, location: 234}
                    }
                  },
                  rqpath_en = ExecNodes {accesstype: RELATION_ACCESS_READ, baselocatortype: 72 'H', en_relid: 0, en_funcid: 0} = {
                    en_dist_vars = List with 1 elements = {
                      0 = Var {varno: 1, varattno: 1, vartype: 23, vartypmod: -1, varcollid: 0, varlevelsup: 0, varnosyn: 1, varattnosyn: 1, location: 148}
                    },
                    nodeids = OidList with 3 elements = {16386, 16387, 16388}
                  }
                },
                joinrestrictinfo = List with 1 elements = {
                  0 = RestrictInfo {is_pushed_down: true, outerjoin_delayed: false, can_join: true, pseudoconstant: false, leakproof: false, security_level: 0, clause_relids: (b 1 5), required_relids: (b 1 5), outer_relids: (b), nullable_relids: (b), left_relids: (b 5), right_relids: (b 1), eval_cost: (0.00..0.00), norm_selec: 0.0059, outer_selec: -1.0000, outer_is_left: false, hashjoinoperator: 96, left_bucketsize: 0.0175, right_bucketsize: 0.0213, left_mcvfreq: 0.0000, right_mcvfreq: 0.0000} = {
                    clause = OpExpr {opno: 96, opfuncid: 65, opresulttype: 16, opretset: false, opcollid: 0, inputcollid: 0, location: -1} = {
                      args = List with 2 elements = {
                        0 = Var {varno: 5, varattno: 1, vartype: 23, vartypmod: -1, varcollid: 0, varlevelsup: 0, varnosyn: 5, varattnosyn: 1, location: 280},
                        1 = Var {varno: 1, varattno: 4, vartype: 23, vartypmod: -1, varcollid: 0, varlevelsup: 0, varnosyn: 1, varattnosyn: 4, location: 234}
                      }
                    },
                    mergeopfamilies = OidList with 1 elements = {1976},
                    left_em = EquivalenceMember {em_relids: (b 5), em_is_const: false, em_is_child: false, em_datatype: 23} = {
                      em_expr = Var {varno: 5, varattno: 1, vartype: 23, vartypmod: -1, varcollid: 0, varlevelsup: 0, varnosyn: 5, varattnosyn: 1, location: 280}
                    },
                    right_em = EquivalenceMember {em_relids: (b 1), em_is_const: false, em_is_child: false, em_datatype: 23} = {
                      em_expr = Var {varno: 1, varattno: 4, vartype: 23, vartypmod: -1, varcollid: 0, varlevelsup: 0, varnosyn: 1, varattnosyn: 4, location: 234}
                    }
                  }
                }
              },
              innerjoinpath = RemoteQueryPath T_RemoteQuery (cost=0.00..145.00 rows=50 parallel_aware=False parallel_safe=False parallel_workers=0) {jointype: JOIN_INNER, rqhas_unshippable_qual: false, rqhas_temp_rel: false, rqhas_unshippable_tlist: false} = {
                path.parent = (b 4),
                path.pathtarget = PathTarget {cost: (0.00..0.00), width: 8} = {
                  exprs = List with 2 elements = {
                    0 = Var {varno: 4, varattno: 1, vartype: 23, vartypmod: -1, varcollid: 0, varlevelsup: 0, varnosyn: 4, varattnosyn: 1, location: 218},
                    1 = Var {varno: 4, varattno: 4, vartype: 23, vartypmod: -1, varcollid: 0, varlevelsup: 0, varnosyn: 4, varattnosyn: 4, location: 248}
                  }
                },
                rqpath_en = ExecNodes {accesstype: RELATION_ACCESS_READ, baselocatortype: 72 'H', en_relid: 0, en_funcid: 0} = {
                  en_dist_vars = List with 1 elements = {
                    0 = Var {varno: 4, varattno: 1, vartype: 23, vartypmod: -1, varcollid: 0, varlevelsup: 0, varnosyn: 4, varattnosyn: 1, location: 218}
                  },
                  nodeids = OidList with 3 elements = {16386, 16387, 16388}
                }
              },
              joinrestrictinfo = List with 1 elements = {
                0 = RestrictInfo {is_pushed_down: true, outerjoin_delayed: false, can_join: true, pseudoconstant: false, leakproof: false, security_level: 0, clause_relids: (b 1 4), required_relids: (b 1 4), outer_relids: (b), nullable_relids: (b), left_relids: (b 1), right_relids: (b 4), eval_cost: (0.00..0.00), norm_selec: 0.0067, outer_selec: -1.0000, outer_is_left: false, hashjoinoperator: 96, left_bucketsize: 0.0213, right_bucketsize: 0.0200, left_mcvfreq: 0.0000, right_mcvfreq: 0.0000} = {
                  clause = OpExpr {opno: 96, opfuncid: 65, opresulttype: 16, opretset: false, opcollid: 0, inputcollid: 0, location: -1} = {
                    args = List with 2 elements = {
                      0 = Var {varno: 1, varattno: 4, vartype: 23, vartypmod: -1, varcollid: 0, varlevelsup: 0, varnosyn: 1, varattnosyn: 4, location: 234},
                      1 = Var {varno: 4, varattno: 4, vartype: 23, vartypmod: -1, varcollid: 0, varlevelsup: 0, varnosyn: 4, varattnosyn: 4, location: 248}
                    }
                  },
                  mergeopfamilies = OidList with 1 elements = {1976},
                  left_em = EquivalenceMember {em_relids: (b 1), em_is_const: false, em_is_child: false, em_datatype: 23} = {
                    em_expr = Var {varno: 1, varattno: 4, vartype: 23, vartypmod: -1, varcollid: 0, varlevelsup: 0, varnosyn: 1, varattnosyn: 4, location: 234}
                  },
                  right_em = EquivalenceMember {em_relids: (b 4), em_is_const: false, em_is_child: false, em_datatype: 23} = {
                    em_expr = Var {varno: 4, varattno: 4, vartype: 23, vartypmod: -1, varcollid: 0, varlevelsup: 0, varnosyn: 4, varattnosyn: 4, location: 248}
                  }
                }
              }
            },
            innerjoinpath = RemoteQueryPath T_RemoteQuery (cost=0.00..190.00 rows=67 parallel_aware=False parallel_safe=False parallel_workers=0) {jointype: JOIN_INNER, rqhas_unshippable_qual: false, rqhas_temp_rel: false, rqhas_unshippable_tlist: false} = {
              path.parent = (b 3),
              path.pathtarget = PathTarget {cost: (0.00..0.00), width: 44} = {
                exprs = List with 4 elements = {
                  0 = Var {varno: 3, varattno: 6, vartype: 1700, vartypmod: 983046, varcollid: 0, varlevelsup: 0, varnosyn: 3, varattnosyn: 6, location: 23},
                  1 = Var {varno: 3, varattno: 7, vartype: 1700, vartypmod: 983046, varcollid: 0, varlevelsup: 0, varnosyn: 3, varattnosyn: 7, location: 46},
                  2 = Var {varno: 3, varattno: 1, vartype: 23, vartypmod: -1, varcollid: 0, varlevelsup: 0, varnosyn: 3, varattnosyn: 1, location: 176},
                  3 = Var {varno: 3, varattno: 3, vartype: 23, vartypmod: -1, varcollid: 0, varlevelsup: 0, varnosyn: 3, varattnosyn: 3, location: 206}
                }
              },
              rqpath_en = ExecNodes {accesstype: RELATION_ACCESS_READ, baselocatortype: 72 'H', en_relid: 0, en_funcid: 0} = {
                en_dist_vars = List with 1 elements = {
                  0 = Var {varno: 3, varattno: 1, vartype: 23, vartypmod: -1, varcollid: 0, varlevelsup: 0, varnosyn: 3, varattnosyn: 1, location: 176}
                },
                nodeids = OidList with 3 elements = {16386, 16387, 16388}
              }
            },
            joinrestrictinfo = List with 1 elements = {
              0 = RestrictInfo {is_pushed_down: true, outerjoin_delayed: false, can_join: true, pseudoconstant: false, leakproof: false, security_level: 0, clause_relids: (b 3 4), required_relids: (b 3 4), outer_relids: (b), nullable_relids: (b), left_relids: (b 4), right_relids: (b 3), eval_cost: (0.00..0.00), norm_selec: 0.0050, outer_selec: -1.0000, outer_is_left: false, hashjoinoperator: 96, left_bucketsize: 0.0200, right_bucketsize: 0.1000, left_mcvfreq: 0.0000, right_mcvfreq: 0.0000} = {
                clause = OpExpr {opno: 96, opfuncid: 65, opresulttype: 16, opretset: false, opcollid: 0, inputcollid: 0, location: -1} = {
                  args = List with 2 elements = {
                    0 = Var {varno: 4, varattno: 1, vartype: 23, vartypmod: -1, varcollid: 0, varlevelsup: 0, varnosyn: 4, varattnosyn: 1, location: 218},
                    1 = Var {varno: 3, varattno: 3, vartype: 23, vartypmod: -1, varcollid: 0, varlevelsup: 0, varnosyn: 3, varattnosyn: 3, location: 206}
                  }
                },
                mergeopfamilies = OidList with 1 elements = {1976},
                left_em = EquivalenceMember {em_relids: (b 4), em_is_const: false, em_is_child: false, em_datatype: 23} = {
                  em_expr = Var {varno: 4, varattno: 1, vartype: 23, vartypmod: -1, varcollid: 0, varlevelsup: 0, varnosyn: 4, varattnosyn: 1, location: 218}
                },
                right_em = EquivalenceMember {em_relids: (b 3), em_is_const: false, em_is_child: false, em_datatype: 23} = {
                  em_expr = Var {varno: 3, varattno: 3, vartype: 23, vartypmod: -1, varcollid: 0, varlevelsup: 0, varnosyn: 3, varattnosyn: 3, location: 206}
                }
              }
            }
          },
          innerjoinpath = RemoteQueryPath T_RemoteQuery (cost=0.00..200.05 rows=1 parallel_aware=False parallel_safe=False parallel_workers=0) {jointype: JOIN_INNER, rqhas_unshippable_qual: false, rqhas_temp_rel: false, rqhas_unshippable_tlist: false} = {
            path.parent = (b 2),
            path.pathtarget = PathTarget {cost: (0.00..0.00), width: 8} = {
              exprs = List with 2 elements = {
                0 = Var {varno: 2, varattno: 2, vartype: 23, vartypmod: -1, varcollid: 0, varlevelsup: 0, varnosyn: 2, varattnosyn: 2, location: 160},
                1 = Var {varno: 2, varattno: 1, vartype: 23, vartypmod: -1, varcollid: 0, varlevelsup: 0, varnosyn: 2, varattnosyn: 1, location: 189}
              }
            },
            rqpath_en = ExecNodes {accesstype: RELATION_ACCESS_READ, baselocatortype: 72 'H', en_relid: 0, en_funcid: 0} = {
              en_dist_vars = List with 1 elements = {
                0 = Var {varno: 2, varattno: 1, vartype: 23, vartypmod: -1, varcollid: 0, varlevelsup: 0, varnosyn: 2, varattnosyn: 1, location: 189}
              },
              nodeids = OidList with 3 elements = {16386, 16387, 16388}
            }
          },
          joinrestrictinfo = List with 2 elements = {
            0 = RestrictInfo {is_pushed_down: true, outerjoin_delayed: false, can_join: true, pseudoconstant: false, leakproof: false, security_level: 0, clause_relids: (b 1 2), required_relids: (b 1 2), outer_relids: (b), nullable_relids: (b), left_relids: (b 1), right_relids: (b 2), eval_cost: (0.00..0.00), norm_selec: 0.0050, outer_selec: -1.0000, outer_is_left: false, hashjoinoperator: 96, left_bucketsize: 0.0213, right_bucketsize: 0.1000, left_mcvfreq: 0.0000, right_mcvfreq: 0.0000} = {
              clause = OpExpr {opno: 96, opfuncid: 65, opresulttype: 16, opretset: false, opcollid: 0, inputcollid: 0, location: -1} = {
                args = List with 2 elements = {
                  0 = Var {varno: 1, varattno: 1, vartype: 23, vartypmod: -1, varcollid: 0, varlevelsup: 0, varnosyn: 1, varattnosyn: 1, location: 148},
                  1 = Var {varno: 2, varattno: 2, vartype: 23, vartypmod: -1, varcollid: 0, varlevelsup: 0, varnosyn: 2, varattnosyn: 2, location: 160}
                }
              },
              mergeopfamilies = OidList with 1 elements = {1976},
              left_em = EquivalenceMember {em_relids: (b 1), em_is_const: false, em_is_child: false, em_datatype: 23} = {
                em_expr = Var {varno: 1, varattno: 1, vartype: 23, vartypmod: -1, varcollid: 0, varlevelsup: 0, varnosyn: 1, varattnosyn: 1, location: 148}
              },
              right_em = EquivalenceMember {em_relids: (b 2), em_is_const: false, em_is_child: false, em_datatype: 23} = {
                em_expr = Var {varno: 2, varattno: 2, vartype: 23, vartypmod: -1, varcollid: 0, varlevelsup: 0, varnosyn: 2, varattnosyn: 2, location: 160}
              }
            },
            1 = RestrictInfo {is_pushed_down: true, outerjoin_delayed: false, can_join: true, pseudoconstant: false, leakproof: false, security_level: 0, clause_relids: (b 2 3), required_relids: (b 2 3), outer_relids: (b), nullable_relids: (b), left_relids: (b 3), right_relids: (b 2), eval_cost: (0.00..0.00), norm_selec: 0.0050, outer_selec: -1.0000, outer_is_left: false, hashjoinoperator: 96, left_bucketsize: 0.1000, right_bucketsize: 0.1000, left_mcvfreq: 0.0000, right_mcvfreq: 0.0000} = {
              clause = OpExpr {opno: 96, opfuncid: 65, opresulttype: 16, opretset: false, opcollid: 0, inputcollid: 0, location: -1} = {
                args = List with 2 elements = {
                  0 = Var {varno: 3, varattno: 1, vartype: 23, vartypmod: -1, varcollid: 0, varlevelsup: 0, varnosyn: 3, varattnosyn: 1, location: 176},
                  1 = Var {varno: 2, varattno: 1, vartype: 23, vartypmod: -1, varcollid: 0, varlevelsup: 0, varnosyn: 2, varattnosyn: 1, location: 189}
                }
              },
              mergeopfamilies = OidList with 1 elements = {1976},
              left_em = EquivalenceMember {em_relids: (b 3), em_is_const: false, em_is_child: false, em_datatype: 23} = {
                em_expr = Var {varno: 3, varattno: 1, vartype: 23, vartypmod: -1, varcollid: 0, varlevelsup: 0, varnosyn: 3, varattnosyn: 1, location: 176}
              },
              right_em = EquivalenceMember {em_relids: (b 2), em_is_const: false, em_is_child: false, em_datatype: 23} = {
                em_expr = Var {varno: 2, varattno: 1, vartype: 23, vartypmod: -1, varcollid: 0, varlevelsup: 0, varnosyn: 2, varattnosyn: 1, location: 189}
              }
            }
          }
        }
      }
    },
    groupClause = List with 1 elements = {
      0 = SortGroupClause {tleSortGroupRef: 2, eqop: 1054, sortop: 1058, nulls_first: false, hashable: true}
    }
  }
}

Breakpoint 2, standard_planner (parse=0x55f2f17af500, query_string=0x55f2f1676670 "select\n  n_name,\n  sum(l_extendedprice * (1 - l_discount)) as revenue\nfrom\n  customer,\n  orders,\n  lineitem,\n  supplier,\n  nation,\n  region\nwhere\n  c_custkey = o_custkey\n  and l_orderkey = o_orderkey\n"..., cursorOptions=33024, boundParams=0x0) at /workspaces/AntDB/src/backend/optimizer/plan/planner.c:761
761		result->commandType = parse->commandType;
$15 = Sort (cost=1000.30..1000.31 rows=1 width=136 plan_id=0 parallel_aware=False parallel_safe = False) numCols: 1 = {
  sortColIdx = [2],
  sortOperators = [1756],
  collations = [0],
  nullsFirst = [True],
  plan.targetlist = List with 2 elements = {
    0 = TargetEntry {resno: 1, resname: 'n_name', ressortgroupref: 2, resorigtbl: 270657, resorigcol: 2, resjunk: false} = {
      expr = Var {varno: 65001, varattno: 1, vartype: 1042, vartypmod: 29, varcollid: 100, varlevelsup: 0, varnosyn: 5, varattnosyn: 2, location: -1}
    },
    1 = TargetEntry {resno: 2, resname: 'revenue', ressortgroupref: 1, resorigtbl: 0, resorigcol: 0, resjunk: false} = {
      expr = Var {varno: 65001, varattno: 2, vartype: 1700, vartypmod: -1, varcollid: 0, varlevelsup: 0, varnosyn: 0, varattnosyn: 0, location: -1}
    }
  },
  plan.lefttree = Agg (cost=1000.26..1000.29 rows=1 width=136 plan_id=1 parallel_aware=False parallel_safe = False) {aggstrategy: AGG_SORTED, aggsplit: AGGSPLIT_SIMPLE, numCols: 1, numGroups: 1, transitionSpace: 128, aggParams: 0x0} = {
    grpColIdx = [1],
    grpOperators = [1054],
    grpCollations = [100],
    plan.targetlist = List with 2 elements = {
      0 = TargetEntry {resno: 1, resname: 'n_name', ressortgroupref: 2, resorigtbl: 270657, resorigcol: 2, resjunk: false} = {
        expr = Var {varno: 65001, varattno: 1, vartype: 1042, vartypmod: 29, varcollid: 100, varlevelsup: 0, varnosyn: 0, varattnosyn: 0, location: -1}
      },
      1 = TargetEntry {resno: 2, resname: 'revenue', ressortgroupref: 1, resorigtbl: 0, resorigcol: 0, resjunk: false} = {
        expr = Aggref {aggfnoid: 2114, aggtype: 1700, aggcollid: 0, inputcollid: 0, aggtranstype: 2281, aggtrantype: 0, agghas_collectfn: false, rank_first: false, aggstar: false, aggvariadic: false, aggkind: 110 'n', agglevelsup: 0, aggsplit: AGGSPLIT_SIMPLE, location: 19} = {
          aggargtypes = OidList with 1 elements = {1700},
          args = List with 1 elements = {
            0 = TargetEntry {resno: 1, resname: 0x0, ressortgroupref: 0, resorigtbl: 0, resorigcol: 0, resjunk: false} = {
              expr = OpExpr {opno: 1760, opfuncid: 1726, opresulttype: 1700, opretset: false, opcollid: 0, inputcollid: 0, location: 39} = {
                args = List with 2 elements = {
                  0 = Var {varno: 65001, varattno: 2, vartype: 1700, vartypmod: 983046, varcollid: 0, varlevelsup: 0, varnosyn: 3, varattnosyn: 6, location: 23},
                  1 = OpExpr {opno: 1759, opfuncid: 1725, opresulttype: 1700, opretset: false, opcollid: 0, inputcollid: 0, location: 44} = {
                    args = List with 2 elements = {
                      0 = Const {consttype: 1700, consttypmod: -1, constcollid: 0, constlen: -1, constvalue: 94501921722696, constisnull: false, constbyval: false, location: -1},
                      1 = Var {varno: 65001, varattno: 3, vartype: 1700, vartypmod: 983046, varcollid: 0, varlevelsup: 0, varnosyn: 3, varattnosyn: 7, location: 46}
                    }
                  }
                }
              }
            }
          }
        }
      }
    },
    plan.lefttree = Sort (cost=1000.26..1000.27 rows=1 width=140 plan_id=2 parallel_aware=False parallel_safe = False) numCols: 1 = {
      sortColIdx = [1],
      sortOperators = [1058],
      collations = [100],
      nullsFirst = [False],
      plan.targetlist = List with 3 elements = {
        0 = TargetEntry {resno: 1, resname: 0x0, ressortgroupref: 2, resorigtbl: 0, resorigcol: 0, resjunk: false} = {
          expr = Var {varno: 65001, varattno: 1, vartype: 1042, vartypmod: 29, varcollid: 100, varlevelsup: 0, varnosyn: 5, varattnosyn: 2, location: -1}
        },
        1 = TargetEntry {resno: 2, resname: 0x0, ressortgroupref: 0, resorigtbl: 0, resorigcol: 0, resjunk: false} = {
          expr = Var {varno: 65001, varattno: 2, vartype: 1700, vartypmod: 983046, varcollid: 0, varlevelsup: 0, varnosyn: 3, varattnosyn: 6, location: -1}
        },
        2 = TargetEntry {resno: 3, resname: 0x0, ressortgroupref: 0, resorigtbl: 0, resorigcol: 0, resjunk: false} = {
          expr = Var {varno: 65001, varattno: 3, vartype: 1700, vartypmod: 983046, varcollid: 0, varlevelsup: 0, varnosyn: 3, varattnosyn: 7, location: -1}
        }
      },
      plan.lefttree = NestLoop (cost=0.00..1000.25 rows=1 width=140 plan_id=3 parallel_aware=False parallel_safe = False) {join.jointype: JOIN_INNER, join.inner_unique: false} = {
        join.plan.targetlist = List with 3 elements = {
          0 = TargetEntry {resno: 1, resname: 0x0, ressortgroupref: 2, resorigtbl: 0, resorigcol: 0, resjunk: false} = {
            expr = Var {varno: 65001, varattno: 5, vartype: 1042, vartypmod: 29, varcollid: 100, varlevelsup: 0, varnosyn: 5, varattnosyn: 2, location: 9}
          },
          1 = TargetEntry {resno: 2, resname: 0x0, ressortgroupref: 0, resorigtbl: 0, resorigcol: 0, resjunk: false} = {
            expr = Var {varno: 65001, varattno: 2, vartype: 1700, vartypmod: 983046, varcollid: 0, varlevelsup: 0, varnosyn: 3, varattnosyn: 6, location: 23}
          },
          2 = TargetEntry {resno: 3, resname: 0x0, ressortgroupref: 0, resorigtbl: 0, resorigcol: 0, resjunk: false} = {
            expr = Var {varno: 65001, varattno: 3, vartype: 1700, vartypmod: 983046, varcollid: 0, varlevelsup: 0, varnosyn: 3, varattnosyn: 7, location: 46}
          }
        },
        join.plan.lefttree = NestLoop (cost=0.00..800.19 rows=1 width=148 plan_id=4 parallel_aware=False parallel_safe = False) {join.jointype: JOIN_INNER, join.inner_unique: false} = {
          join.plan.targetlist = List with 5 elements = {
            0 = TargetEntry {resno: 1, resname: 0x0, ressortgroupref: 0, resorigtbl: 0, resorigcol: 0, resjunk: false} = {
              expr = Var {varno: 65001, varattno: 1, vartype: 23, vartypmod: -1, varcollid: 0, varlevelsup: 0, varnosyn: 1, varattnosyn: 1, location: 148}
            },
            1 = TargetEntry {resno: 2, resname: 0x0, ressortgroupref: 0, resorigtbl: 0, resorigcol: 0, resjunk: false} = {
              expr = Var {varno: 65000, varattno: 1, vartype: 1700, vartypmod: 983046, varcollid: 0, varlevelsup: 0, varnosyn: 3, varattnosyn: 6, location: 23}
            },
            2 = TargetEntry {resno: 3, resname: 0x0, ressortgroupref: 0, resorigtbl: 0, resorigcol: 0, resjunk: false} = {
              expr = Var {varno: 65000, varattno: 2, vartype: 1700, vartypmod: 983046, varcollid: 0, varlevelsup: 0, varnosyn: 3, varattnosyn: 7, location: 46}
            },
            3 = TargetEntry {resno: 4, resname: 0x0, ressortgroupref: 0, resorigtbl: 0, resorigcol: 0, resjunk: false} = {
              expr = Var {varno: 65000, varattno: 3, vartype: 23, vartypmod: -1, varcollid: 0, varlevelsup: 0, varnosyn: 3, varattnosyn: 1, location: 176}
            },
            4 = TargetEntry {resno: 5, resname: 0x0, ressortgroupref: 0, resorigtbl: 0, resorigcol: 0, resjunk: false} = {
              expr = Var {varno: 65001, varattno: 3, vartype: 1042, vartypmod: 29, varcollid: 100, varlevelsup: 0, varnosyn: 5, varattnosyn: 2, location: 9}
            }
          },
          join.plan.lefttree = NestLoop (cost=0.00..609.35 rows=1 width=112 plan_id=5 parallel_aware=False parallel_safe = False) {join.jointype: JOIN_INNER, join.inner_unique: false} = {
            join.plan.targetlist = List with 3 elements = {
              0 = TargetEntry {resno: 1, resname: 0x0, ressortgroupref: 0, resorigtbl: 0, resorigcol: 0, resjunk: false} = {
                expr = Var {varno: 65001, varattno: 1, vartype: 23, vartypmod: -1, varcollid: 0, varlevelsup: 0, varnosyn: 1, varattnosyn: 1, location: 148}
              },
              1 = TargetEntry {resno: 2, resname: 0x0, ressortgroupref: 0, resorigtbl: 0, resorigcol: 0, resjunk: false} = {
                expr = Var {varno: 65000, varattno: 1, vartype: 23, vartypmod: -1, varcollid: 0, varlevelsup: 0, varnosyn: 4, varattnosyn: 1, location: 218}
              },
              2 = TargetEntry {resno: 3, resname: 0x0, ressortgroupref: 0, resorigtbl: 0, resorigcol: 0, resjunk: false} = {
                expr = Var {varno: 65001, varattno: 3, vartype: 1042, vartypmod: 29, varcollid: 100, varlevelsup: 0, varnosyn: 5, varattnosyn: 2, location: 9}
              }
            },
            join.plan.lefttree = NestLoop (cost=0.00..463.72 rows=1 width=116 plan_id=6 parallel_aware=False parallel_safe = False) {join.jointype: JOIN_INNER, join.inner_unique: false} = {
              join.plan.targetlist = List with 4 elements = {
                0 = TargetEntry {resno: 1, resname: 0x0, ressortgroupref: 0, resorigtbl: 0, resorigcol: 0, resjunk: false} = {
                  expr = Var {varno: 65000, varattno: 1, vartype: 23, vartypmod: -1, varcollid: 0, varlevelsup: 0, varnosyn: 1, varattnosyn: 1, location: 148}
                },
                1 = TargetEntry {resno: 2, resname: 0x0, ressortgroupref: 0, resorigtbl: 0, resorigcol: 0, resjunk: false} = {
                  expr = Var {varno: 65000, varattno: 2, vartype: 23, vartypmod: -1, varcollid: 0, varlevelsup: 0, varnosyn: 1, varattnosyn: 4, location: 234}
                },
                2 = TargetEntry {resno: 3, resname: 0x0, ressortgroupref: 0, resorigtbl: 0, resorigcol: 0, resjunk: false} = {
                  expr = Var {varno: 65001, varattno: 1, vartype: 1042, vartypmod: 29, varcollid: 100, varlevelsup: 0, varnosyn: 5, varattnosyn: 2, location: 9}
                },
                3 = TargetEntry {resno: 4, resname: 0x0, ressortgroupref: 0, resorigtbl: 0, resorigcol: 0, resjunk: false} = {
                  expr = Var {varno: 65001, varattno: 2, vartype: 23, vartypmod: -1, varcollid: 0, varlevelsup: 0, varnosyn: 5, varattnosyn: 1, location: 280}
                }
              },
              join.plan.lefttree = NestLoop (cost=0.00..327.14 rows=1 width=108 plan_id=7 parallel_aware=False parallel_safe = False) {join.jointype: JOIN_INNER, join.inner_unique: false} = {
                join.plan.targetlist = List with 2 elements = {
                  0 = TargetEntry {resno: 1, resname: 0x0, ressortgroupref: 0, resorigtbl: 0, resorigcol: 0, resjunk: false} = {
                    expr = Var {varno: 65000, varattno: 1, vartype: 1042, vartypmod: 29, varcollid: 100, varlevelsup: 0, varnosyn: 5, varattnosyn: 2, location: 9}
                  },
                  1 = TargetEntry {resno: 2, resname: 0x0, ressortgroupref: 0, resorigtbl: 0, resorigcol: 0, resjunk: false} = {
                    expr = Var {varno: 65000, varattno: 2, vartype: 23, vartypmod: -1, varcollid: 0, varlevelsup: 0, varnosyn: 5, varattnosyn: 1, location: 280}
                  }
                },
                join.plan.lefttree = RemoteQuery (cost=0.00..163.42 rows=1 width=4 plan_id=8 parallel_aware=False parallel_safe = False) {scan.scanrelid: 7, exec_direct_type: EXEC_DIRECT_NONE, sql_statement: 'SELECT r_regionkey FROM ONLY public.region region WHERE (r_name = 'ASIA'::bpchar)', sql_node: 0x0, combine_type: COMBINE_TYPE_NONE, read_only: true, force_autocommit: false, statement: 0x0, cursor: 0x0, rq_num_params: 0, rq_params_internal: false, exec_type: EXEC_ON_DATANODES, is_temp: false, rq_finalise_aggs: false, rq_sortgroup_colno: false, has_row_marks: false, rq_save_command_id: false, rq_use_pk_for_rep_change: false, rq_max_param_num: 0} = {
                  scan.plan.targetlist = List with 1 elements = {
                    0 = TargetEntry {resno: 1, resname: 0x0, ressortgroupref: 0, resorigtbl: 0, resorigcol: 0, resjunk: false} = {
                      expr = Var {varno: 7, varattno: 1, vartype: 23, vartypmod: -1, varcollid: 0, varlevelsup: 0, varnosyn: 6, varattnosyn: 1, location: 312}
                    }
                  },
                  exec_nodes = ExecNodes {accesstype: RELATION_ACCESS_READ, baselocatortype: 72 'H', en_relid: 0, en_funcid: 0} = {
                    en_dist_vars = List with 1 elements = {
                      0 = Var {varno: 6, varattno: 1, vartype: 23, vartypmod: -1, varcollid: 0, varlevelsup: 0, varnosyn: 6, varattnosyn: 1, location: 312}
                    },
                    nodeids = OidList with 3 elements = {16386, 16387, 16388}
                  },
                  remote_query = Query {commandType: CMD_SELECT, querySource: QSRC_ORIGINAL, queryId: 0, canSetTag: false, resultRelation: 0, hasAggs: false, hasWindowFuncs: false, hasTargetSRFs: false, hasSubLinks: false, hasDistinctOn: false, hasRecursive: false, hasModifyingCTE: false, hasForUpdate: false, hasRowSecurity: false, override: OVERRIDING_NOT_SET, limitOption: LIMIT_OPTION_COUNT, stmt_location: 0, stmt_len: 0, is_local: false, has_to_save_cmd_id: false, in_sub_plan: false, in_explain: false} = {
                    rtable = List with 1 elements = {
                      0 = RangeTblEntry {rtekind: RTE_RELATION, relname: 'region', relid: 270660, relkind: 114 'r', rellockmode: 1, security_barrier: false, jointype: JOIN_INNER, joinmergedcols: 0, funcordinality: false, ctename: 0x0, ctelevelsup: 0, self_reference: false, enrname: 0x0, enrtuples: 0, param_new: -1, param_old: -1, mt_result: 0x0, defaultCols: 0x0, rows: 0, lateral: false, inh: false, inFromCl: true, requiredPerms: 2, checkAsUser: 0, selectedCols: (b 11 12), insertedCols: 0x0, updatedCols: 0x0, extraUpdatedCols: 0x0} = {
                        alias = Alias aliasname: 'region',
                        eref = Alias aliasname: 'region' = {
                          colnames = List with 3 elements = {
                            0 = String[ 'r_regionkey' ],
                            1 = String[ 'r_name' ],
                            2 = String[ 'r_comment' ]
                          }
                        }
                      }
                    },
                    jointree = FromExpr  = {
                      fromlist = List with 1 elements = {
                        0 = RangeTblRef rtindex: 1
                      },
                      quals = OpExpr {opno: 1054, opfuncid: 1048, opresulttype: 16, opretset: false, opcollid: 0, inputcollid: 100, location: 337} = {
                        args = List with 2 elements = {
                          0 = Var {varno: 1, varattno: 2, vartype: 1042, vartypmod: 29, varcollid: 100, varlevelsup: 0, varnosyn: 0, varattnosyn: 2, location: 330},
                          1 = Const {consttype: 1042, consttypmod: -1, constcollid: 100, constlen: -1, constvalue: 94501926930832, constisnull: false, constbyval: false, location: 339}
                        }
                      }
                    },
                    targetList = List with 1 elements = {
                      0 = TargetEntry {resno: 1, resname: 0x0, ressortgroupref: 0, resorigtbl: 0, resorigcol: 0, resjunk: false} = {
                        expr = Var {varno: 1, varattno: 1, vartype: 23, vartypmod: -1, varcollid: 0, varlevelsup: 0, varnosyn: 0, varattnosyn: 1, location: 312}
                      }
                    }
                  },
                  base_tlist = List with 1 elements = {
                    0 = TargetEntry {resno: 1, resname: 0x0, ressortgroupref: 0, resorigtbl: 0, resorigcol: 0, resjunk: false} = {
                      expr = Var {varno: 6, varattno: 1, vartype: 23, vartypmod: -1, varcollid: 0, varlevelsup: 0, varnosyn: 6, varattnosyn: 1, location: 312}
                    }
                  },
                  coord_var_tlist = List with 1 elements = {
                    0 = TargetEntry {resno: 1, resname: 0x0, ressortgroupref: 0, resorigtbl: 0, resorigcol: 0, resjunk: false} = {
                      expr = Var {varno: 6, varattno: 1, vartype: 23, vartypmod: -1, varcollid: 0, varlevelsup: 0, varnosyn: 6, varattnosyn: 1, location: 312}
                    }
                  },
                  query_var_tlist = List with 1 elements = {
                    0 = TargetEntry {resno: 1, resname: 0x0, ressortgroupref: 0, resorigtbl: 0, resorigcol: 0, resjunk: false} = {
                      expr = Var {varno: 1, varattno: 1, vartype: 23, vartypmod: -1, varcollid: 0, varlevelsup: 0, varnosyn: 0, varattnosyn: 1, location: 312}
                    }
                  }
                },
                join.plan.righttree = RemoteQuery (cost=0.00..163.00 rows=57 width=112 plan_id=9 parallel_aware=False parallel_safe = False) {scan.scanrelid: 8, exec_direct_type: EXEC_DIRECT_NONE, sql_statement: 'SELECT n_name, n_nationkey, n_regionkey FROM ONLY public.nation nation WHERE true', sql_node: 0x0, combine_type: COMBINE_TYPE_NONE, read_only: true, force_autocommit: false, statement: 0x0, cursor: 0x0, rq_num_params: 0, rq_params_internal: false, exec_type: EXEC_ON_DATANODES, is_temp: false, rq_finalise_aggs: false, rq_sortgroup_colno: false, has_row_marks: false, rq_save_command_id: false, rq_use_pk_for_rep_change: false, rq_max_param_num: 0} = {
                  scan.plan.targetlist = List with 3 elements = {
                    0 = TargetEntry {resno: 1, resname: 0x0, ressortgroupref: 0, resorigtbl: 0, resorigcol: 0, resjunk: false} = {
                      expr = Var {varno: 8, varattno: 1, vartype: 1042, vartypmod: 29, varcollid: 100, varlevelsup: 0, varnosyn: 5, varattnosyn: 2, location: 9}
                    },
                    1 = TargetEntry {resno: 2, resname: 0x0, ressortgroupref: 0, resorigtbl: 0, resorigcol: 0, resjunk: false} = {
                      expr = Var {varno: 8, varattno: 2, vartype: 23, vartypmod: -1, varcollid: 0, varlevelsup: 0, varnosyn: 5, varattnosyn: 1, location: 280}
                    },
                    2 = TargetEntry {resno: 3, resname: 0x0, ressortgroupref: 0, resorigtbl: 0, resorigcol: 0, resjunk: false} = {
                      expr = Var {varno: 8, varattno: 3, vartype: 23, vartypmod: -1, varcollid: 0, varlevelsup: 0, varnosyn: 5, varattnosyn: 3, location: 298}
                    }
                  },
                  exec_nodes = ExecNodes {accesstype: RELATION_ACCESS_READ, baselocatortype: 72 'H', en_relid: 0, en_funcid: 0} = {
                    en_dist_vars = List with 1 elements = {
                      0 = Var {varno: 5, varattno: 1, vartype: 23, vartypmod: -1, varcollid: 0, varlevelsup: 0, varnosyn: 5, varattnosyn: 1, location: 280}
                    },
                    nodeids = OidList with 3 elements = {16386, 16387, 16388}
                  },
                  remote_query = Query {commandType: CMD_SELECT, querySource: QSRC_ORIGINAL, queryId: 0, canSetTag: false, resultRelation: 0, hasAggs: false, hasWindowFuncs: false, hasTargetSRFs: false, hasSubLinks: false, hasDistinctOn: false, hasRecursive: false, hasModifyingCTE: false, hasForUpdate: false, hasRowSecurity: false, override: OVERRIDING_NOT_SET, limitOption: LIMIT_OPTION_COUNT, stmt_location: 0, stmt_len: 0, is_local: false, has_to_save_cmd_id: false, in_sub_plan: false, in_explain: false} = {
                    rtable = List with 1 elements = {
                      0 = RangeTblEntry {rtekind: RTE_RELATION, relname: 'nation', relid: 270657, relkind: 114 'r', rellockmode: 1, security_barrier: false, jointype: JOIN_INNER, joinmergedcols: 0, funcordinality: false, ctename: 0x0, ctelevelsup: 0, self_reference: false, enrname: 0x0, enrtuples: 0, param_new: -1, param_old: -1, mt_result: 0x0, defaultCols: 0x0, rows: 0, lateral: false, inh: false, inFromCl: true, requiredPerms: 2, checkAsUser: 0, selectedCols: (b 11 12 13), insertedCols: 0x0, updatedCols: 0x0, extraUpdatedCols: 0x0} = {
                        alias = Alias aliasname: 'nation',
                        eref = Alias aliasname: 'nation' = {
                          colnames = List with 4 elements = {
                            0 = String[ 'n_nationkey' ],
                            1 = String[ 'n_name' ],
                            2 = String[ 'n_regionkey' ],
                            3 = String[ 'n_comment' ]
                          }
                        }
                      }
                    },
                    jointree = FromExpr  = {
                      fromlist = List with 1 elements = {
                        0 = RangeTblRef rtindex: 1
                      },
                      quals = Const {consttype: 16, consttypmod: -1, constcollid: 0, constlen: 1, constvalue: 1, constisnull: false, constbyval: true, location: -1}
                    },
                    targetList = List with 3 elements = {
                      0 = TargetEntry {resno: 1, resname: 0x0, ressortgroupref: 0, resorigtbl: 0, resorigcol: 0, resjunk: false} = {
                        expr = Var {varno: 1, varattno: 2, vartype: 1042, vartypmod: 29, varcollid: 100, varlevelsup: 0, varnosyn: 0, varattnosyn: 2, location: 9}
                      },
                      1 = TargetEntry {resno: 2, resname: 0x0, ressortgroupref: 0, resorigtbl: 0, resorigcol: 0, resjunk: false} = {
                        expr = Var {varno: 1, varattno: 1, vartype: 23, vartypmod: -1, varcollid: 0, varlevelsup: 0, varnosyn: 0, varattnosyn: 1, location: 280}
                      },
                      2 = TargetEntry {resno: 3, resname: 0x0, ressortgroupref: 0, resorigtbl: 0, resorigcol: 0, resjunk: false} = {
                        expr = Var {varno: 1, varattno: 3, vartype: 23, vartypmod: -1, varcollid: 0, varlevelsup: 0, varnosyn: 0, varattnosyn: 3, location: 298}
                      }
                    }
                  },
                  base_tlist = List with 3 elements = {
                    0 = TargetEntry {resno: 1, resname: 0x0, ressortgroupref: 0, resorigtbl: 0, resorigcol: 0, resjunk: false} = {
                      expr = Var {varno: 5, varattno: 2, vartype: 1042, vartypmod: 29, varcollid: 100, varlevelsup: 0, varnosyn: 5, varattnosyn: 2, location: 9}
                    },
                    1 = TargetEntry {resno: 2, resname: 0x0, ressortgroupref: 0, resorigtbl: 0, resorigcol: 0, resjunk: false} = {
                      expr = Var {varno: 5, varattno: 1, vartype: 23, vartypmod: -1, varcollid: 0, varlevelsup: 0, varnosyn: 5, varattnosyn: 1, location: 280}
                    },
                    2 = TargetEntry {resno: 3, resname: 0x0, ressortgroupref: 0, resorigtbl: 0, resorigcol: 0, resjunk: false} = {
                      expr = Var {varno: 5, varattno: 3, vartype: 23, vartypmod: -1, varcollid: 0, varlevelsup: 0, varnosyn: 5, varattnosyn: 3, location: 298}
                    }
                  },
                  coord_var_tlist = List with 3 elements = {
                    0 = TargetEntry {resno: 1, resname: 0x0, ressortgroupref: 0, resorigtbl: 0, resorigcol: 0, resjunk: false} = {
                      expr = Var {varno: 5, varattno: 2, vartype: 1042, vartypmod: 29, varcollid: 100, varlevelsup: 0, varnosyn: 5, varattnosyn: 2, location: 9}
                    },
                    1 = TargetEntry {resno: 2, resname: 0x0, ressortgroupref: 0, resorigtbl: 0, resorigcol: 0, resjunk: false} = {
                      expr = Var {varno: 5, varattno: 1, vartype: 23, vartypmod: -1, varcollid: 0, varlevelsup: 0, varnosyn: 5, varattnosyn: 1, location: 280}
                    },
                    2 = TargetEntry {resno: 3, resname: 0x0, ressortgroupref: 0, resorigtbl: 0, resorigcol: 0, resjunk: false} = {
                      expr = Var {varno: 5, varattno: 3, vartype: 23, vartypmod: -1, varcollid: 0, varlevelsup: 0, varnosyn: 5, varattnosyn: 3, location: 298}
                    }
                  },
                  query_var_tlist = List with 3 elements = {
                    0 = TargetEntry {resno: 1, resname: 0x0, ressortgroupref: 0, resorigtbl: 0, resorigcol: 0, resjunk: false} = {
                      expr = Var {varno: 1, varattno: 2, vartype: 1042, vartypmod: 29, varcollid: 100, varlevelsup: 0, varnosyn: 0, varattnosyn: 2, location: 9}
                    },
                    1 = TargetEntry {resno: 2, resname: 0x0, ressortgroupref: 0, resorigtbl: 0, resorigcol: 0, resjunk: false} = {
                      expr = Var {varno: 1, varattno: 1, vartype: 23, vartypmod: -1, varcollid: 0, varlevelsup: 0, varnosyn: 0, varattnosyn: 1, location: 280}
                    },
                    2 = TargetEntry {resno: 3, resname: 0x0, ressortgroupref: 0, resorigtbl: 0, resorigcol: 0, resjunk: false} = {
                      expr = Var {varno: 1, varattno: 3, vartype: 23, vartypmod: -1, varcollid: 0, varlevelsup: 0, varnosyn: 0, varattnosyn: 3, location: 298}
                    }
                  }
                },
                join.joinqual = List with 1 elements = {
                  0 = OpExpr {opno: 96, opfuncid: 65, opresulttype: 16, opretset: false, opcollid: 0, inputcollid: 0, location: -1} = {
                    args = List with 2 elements = {
                      0 = Var {varno: 65000, varattno: 3, vartype: 23, vartypmod: -1, varcollid: 0, varlevelsup: 0, varnosyn: 5, varattnosyn: 3, location: 298},
                      1 = Var {varno: 65001, varattno: 1, vartype: 23, vartypmod: -1, varcollid: 0, varlevelsup: 0, varnosyn: 6, varattnosyn: 1, location: 312}
                    }
                  }
                }
              },
              join.plan.righttree = RemoteQuery (cost=0.00..136.00 rows=47 width=8 plan_id=10 parallel_aware=False parallel_safe = False) {scan.scanrelid: 9, exec_direct_type: EXEC_DIRECT_NONE, sql_statement: 'SELECT c_custkey, c_nationkey FROM ONLY public.customer customer WHERE true', sql_node: 0x0, combine_type: COMBINE_TYPE_NONE, read_only: true, force_autocommit: false, statement: 0x0, cursor: 0x0, rq_num_params: 0, rq_params_internal: false, exec_type: EXEC_ON_DATANODES, is_temp: false, rq_finalise_aggs: false, rq_sortgroup_colno: false, has_row_marks: false, rq_save_command_id: false, rq_use_pk_for_rep_change: false, rq_max_param_num: 0} = {
                scan.plan.targetlist = List with 2 elements = {
                  0 = TargetEntry {resno: 1, resname: 0x0, ressortgroupref: 0, resorigtbl: 0, resorigcol: 0, resjunk: false} = {
                    expr = Var {varno: 9, varattno: 1, vartype: 23, vartypmod: -1, varcollid: 0, varlevelsup: 0, varnosyn: 1, varattnosyn: 1, location: 148}
                  },
                  1 = TargetEntry {resno: 2, resname: 0x0, ressortgroupref: 0, resorigtbl: 0, resorigcol: 0, resjunk: false} = {
                    expr = Var {varno: 9, varattno: 2, vartype: 23, vartypmod: -1, varcollid: 0, varlevelsup: 0, varnosyn: 1, varattnosyn: 4, location: 234}
                  }
                },
                exec_nodes = ExecNodes {accesstype: RELATION_ACCESS_READ, baselocatortype: 72 'H', en_relid: 0, en_funcid: 0} = {
                  en_dist_vars = List with 1 elements = {
                    0 = Var {varno: 1, varattno: 1, vartype: 23, vartypmod: -1, varcollid: 0, varlevelsup: 0, varnosyn: 1, varattnosyn: 1, location: 148}
                  },
                  nodeids = OidList with 3 elements = {16386, 16387, 16388}
                },
                remote_query = Query {commandType: CMD_SELECT, querySource: QSRC_ORIGINAL, queryId: 0, canSetTag: false, resultRelation: 0, hasAggs: false, hasWindowFuncs: false, hasTargetSRFs: false, hasSubLinks: false, hasDistinctOn: false, hasRecursive: false, hasModifyingCTE: false, hasForUpdate: false, hasRowSecurity: false, override: OVERRIDING_NOT_SET, limitOption: LIMIT_OPTION_COUNT, stmt_location: 0, stmt_len: 0, is_local: false, has_to_save_cmd_id: false, in_sub_plan: false, in_explain: false} = {
                  rtable = List with 1 elements = {
                    0 = RangeTblEntry {rtekind: RTE_RELATION, relname: 'customer', relid: 270672, relkind: 114 'r', rellockmode: 1, security_barrier: false, jointype: JOIN_INNER, joinmergedcols: 0, funcordinality: false, ctename: 0x0, ctelevelsup: 0, self_reference: false, enrname: 0x0, enrtuples: 0, param_new: -1, param_old: -1, mt_result: 0x0, defaultCols: 0x0, rows: 0, lateral: false, inh: false, inFromCl: true, requiredPerms: 2, checkAsUser: 0, selectedCols: (b 11 14), insertedCols: 0x0, updatedCols: 0x0, extraUpdatedCols: 0x0} = {
                      alias = Alias aliasname: 'customer',
                      eref = Alias aliasname: 'customer' = {
                        colnames = List with 8 elements = {
                          0 = String[ 'c_custkey' ],
                          1 = String[ 'c_name' ],
                          2 = String[ 'c_address' ],
                          3 = String[ 'c_nationkey' ],
                          4 = String[ 'c_phone' ],
                          5 = String[ 'c_acctbal' ],
                          6 = String[ 'c_mktsegment' ],
                          7 = String[ 'c_comment' ]
                        }
                      }
                    }
                  },
                  jointree = FromExpr  = {
                    fromlist = List with 1 elements = {
                      0 = RangeTblRef rtindex: 1
                    },
                    quals = Const {consttype: 16, consttypmod: -1, constcollid: 0, constlen: 1, constvalue: 1, constisnull: false, constbyval: true, location: -1}
                  },
                  targetList = List with 2 elements = {
                    0 = TargetEntry {resno: 1, resname: 0x0, ressortgroupref: 0, resorigtbl: 0, resorigcol: 0, resjunk: false} = {
                      expr = Var {varno: 1, varattno: 1, vartype: 23, vartypmod: -1, varcollid: 0, varlevelsup: 0, varnosyn: 0, varattnosyn: 1, location: 148}
                    },
                    1 = TargetEntry {resno: 2, resname: 0x0, ressortgroupref: 0, resorigtbl: 0, resorigcol: 0, resjunk: false} = {
                      expr = Var {varno: 1, varattno: 4, vartype: 23, vartypmod: -1, varcollid: 0, varlevelsup: 0, varnosyn: 0, varattnosyn: 4, location: 234}
                    }
                  }
                },
                base_tlist = List with 2 elements = {
                  0 = TargetEntry {resno: 1, resname: 0x0, ressortgroupref: 0, resorigtbl: 0, resorigcol: 0, resjunk: false} = {
                    expr = Var {varno: 1, varattno: 1, vartype: 23, vartypmod: -1, varcollid: 0, varlevelsup: 0, varnosyn: 1, varattnosyn: 1, location: 148}
                  },
                  1 = TargetEntry {resno: 2, resname: 0x0, ressortgroupref: 0, resorigtbl: 0, resorigcol: 0, resjunk: false} = {
                    expr = Var {varno: 1, varattno: 4, vartype: 23, vartypmod: -1, varcollid: 0, varlevelsup: 0, varnosyn: 1, varattnosyn: 4, location: 234}
                  }
                },
                coord_var_tlist = List with 2 elements = {
                  0 = TargetEntry {resno: 1, resname: 0x0, ressortgroupref: 0, resorigtbl: 0, resorigcol: 0, resjunk: false} = {
                    expr = Var {varno: 1, varattno: 1, vartype: 23, vartypmod: -1, varcollid: 0, varlevelsup: 0, varnosyn: 1, varattnosyn: 1, location: 148}
                  },
                  1 = TargetEntry {resno: 2, resname: 0x0, ressortgroupref: 0, resorigtbl: 0, resorigcol: 0, resjunk: false} = {
                    expr = Var {varno: 1, varattno: 4, vartype: 23, vartypmod: -1, varcollid: 0, varlevelsup: 0, varnosyn: 1, varattnosyn: 4, location: 234}
                  }
                },
                query_var_tlist = List with 2 elements = {
                  0 = TargetEntry {resno: 1, resname: 0x0, ressortgroupref: 0, resorigtbl: 0, resorigcol: 0, resjunk: false} = {
                    expr = Var {varno: 1, varattno: 1, vartype: 23, vartypmod: -1, varcollid: 0, varlevelsup: 0, varnosyn: 0, varattnosyn: 1, location: 148}
                  },
                  1 = TargetEntry {resno: 2, resname: 0x0, ressortgroupref: 0, resorigtbl: 0, resorigcol: 0, resjunk: false} = {
                    expr = Var {varno: 1, varattno: 4, vartype: 23, vartypmod: -1, varcollid: 0, varlevelsup: 0, varnosyn: 0, varattnosyn: 4, location: 234}
                  }
                }
              },
              join.joinqual = List with 1 elements = {
                0 = OpExpr {opno: 96, opfuncid: 65, opresulttype: 16, opretset: false, opcollid: 0, inputcollid: 0, location: -1} = {
                  args = List with 2 elements = {
                    0 = Var {varno: 65001, varattno: 2, vartype: 23, vartypmod: -1, varcollid: 0, varlevelsup: 0, varnosyn: 5, varattnosyn: 1, location: 280},
                    1 = Var {varno: 65000, varattno: 2, vartype: 23, vartypmod: -1, varcollid: 0, varlevelsup: 0, varnosyn: 1, varattnosyn: 4, location: 234}
                  }
                }
              }
            },
            join.plan.righttree = RemoteQuery (cost=0.00..145.00 rows=50 width=8 plan_id=11 parallel_aware=False parallel_safe = False) {scan.scanrelid: 10, exec_direct_type: EXEC_DIRECT_NONE, sql_statement: 'SELECT s_suppkey, s_nationkey FROM ONLY public.supplier supplier WHERE true', sql_node: 0x0, combine_type: COMBINE_TYPE_NONE, read_only: true, force_autocommit: false, statement: 0x0, cursor: 0x0, rq_num_params: 0, rq_params_internal: false, exec_type: EXEC_ON_DATANODES, is_temp: false, rq_finalise_aggs: false, rq_sortgroup_colno: false, has_row_marks: false, rq_save_command_id: false, rq_use_pk_for_rep_change: false, rq_max_param_num: 0} = {
              scan.plan.targetlist = List with 2 elements = {
                0 = TargetEntry {resno: 1, resname: 0x0, ressortgroupref: 0, resorigtbl: 0, resorigcol: 0, resjunk: false} = {
                  expr = Var {varno: 10, varattno: 1, vartype: 23, vartypmod: -1, varcollid: 0, varlevelsup: 0, varnosyn: 4, varattnosyn: 1, location: 218}
                },
                1 = TargetEntry {resno: 2, resname: 0x0, ressortgroupref: 0, resorigtbl: 0, resorigcol: 0, resjunk: false} = {
                  expr = Var {varno: 10, varattno: 2, vartype: 23, vartypmod: -1, varcollid: 0, varlevelsup: 0, varnosyn: 4, varattnosyn: 4, location: 248}
                }
              },
              exec_nodes = ExecNodes {accesstype: RELATION_ACCESS_READ, baselocatortype: 72 'H', en_relid: 0, en_funcid: 0} = {
                en_dist_vars = List with 1 elements = {
                  0 = Var {varno: 4, varattno: 1, vartype: 23, vartypmod: -1, varcollid: 0, varlevelsup: 0, varnosyn: 4, varattnosyn: 1, location: 218}
                },
                nodeids = OidList with 3 elements = {16386, 16387, 16388}
              },
              remote_query = Query {commandType: CMD_SELECT, querySource: QSRC_ORIGINAL, queryId: 0, canSetTag: false, resultRelation: 0, hasAggs: false, hasWindowFuncs: false, hasTargetSRFs: false, hasSubLinks: false, hasDistinctOn: false, hasRecursive: false, hasModifyingCTE: false, hasForUpdate: false, hasRowSecurity: false, override: OVERRIDING_NOT_SET, limitOption: LIMIT_OPTION_COUNT, stmt_location: 0, stmt_len: 0, is_local: false, has_to_save_cmd_id: false, in_sub_plan: false, in_explain: false} = {
                rtable = List with 1 elements = {
                  0 = RangeTblEntry {rtekind: RTE_RELATION, relname: 'supplier', relid: 270666, relkind: 114 'r', rellockmode: 1, security_barrier: false, jointype: JOIN_INNER, joinmergedcols: 0, funcordinality: false, ctename: 0x0, ctelevelsup: 0, self_reference: false, enrname: 0x0, enrtuples: 0, param_new: -1, param_old: -1, mt_result: 0x0, defaultCols: 0x0, rows: 0, lateral: false, inh: false, inFromCl: true, requiredPerms: 2, checkAsUser: 0, selectedCols: (b 11 14), insertedCols: 0x0, updatedCols: 0x0, extraUpdatedCols: 0x0} = {
                    alias = Alias aliasname: 'supplier',
                    eref = Alias aliasname: 'supplier' = {
                      colnames = List with 7 elements = {
                        0 = String[ 's_suppkey' ],
                        1 = String[ 's_name' ],
                        2 = String[ 's_address' ],
                        3 = String[ 's_nationkey' ],
                        4 = String[ 's_phone' ],
                        5 = String[ 's_acctbal' ],
                        6 = String[ 's_comment' ]
                      }
                    }
                  }
                },
                jointree = FromExpr  = {
                  fromlist = List with 1 elements = {
                    0 = RangeTblRef rtindex: 1
                  },
                  quals = Const {consttype: 16, consttypmod: -1, constcollid: 0, constlen: 1, constvalue: 1, constisnull: false, constbyval: true, location: -1}
                },
                targetList = List with 2 elements = {
                  0 = TargetEntry {resno: 1, resname: 0x0, ressortgroupref: 0, resorigtbl: 0, resorigcol: 0, resjunk: false} = {
                    expr = Var {varno: 1, varattno: 1, vartype: 23, vartypmod: -1, varcollid: 0, varlevelsup: 0, varnosyn: 0, varattnosyn: 1, location: 218}
                  },
                  1 = TargetEntry {resno: 2, resname: 0x0, ressortgroupref: 0, resorigtbl: 0, resorigcol: 0, resjunk: false} = {
                    expr = Var {varno: 1, varattno: 4, vartype: 23, vartypmod: -1, varcollid: 0, varlevelsup: 0, varnosyn: 0, varattnosyn: 4, location: 248}
                  }
                }
              },
              base_tlist = List with 2 elements = {
                0 = TargetEntry {resno: 1, resname: 0x0, ressortgroupref: 0, resorigtbl: 0, resorigcol: 0, resjunk: false} = {
                  expr = Var {varno: 4, varattno: 1, vartype: 23, vartypmod: -1, varcollid: 0, varlevelsup: 0, varnosyn: 4, varattnosyn: 1, location: 218}
                },
                1 = TargetEntry {resno: 2, resname: 0x0, ressortgroupref: 0, resorigtbl: 0, resorigcol: 0, resjunk: false} = {
                  expr = Var {varno: 4, varattno: 4, vartype: 23, vartypmod: -1, varcollid: 0, varlevelsup: 0, varnosyn: 4, varattnosyn: 4, location: 248}
                }
              },
              coord_var_tlist = List with 2 elements = {
                0 = TargetEntry {resno: 1, resname: 0x0, ressortgroupref: 0, resorigtbl: 0, resorigcol: 0, resjunk: false} = {
                  expr = Var {varno: 4, varattno: 1, vartype: 23, vartypmod: -1, varcollid: 0, varlevelsup: 0, varnosyn: 4, varattnosyn: 1, location: 218}
                },
                1 = TargetEntry {resno: 2, resname: 0x0, ressortgroupref: 0, resorigtbl: 0, resorigcol: 0, resjunk: false} = {
                  expr = Var {varno: 4, varattno: 4, vartype: 23, vartypmod: -1, varcollid: 0, varlevelsup: 0, varnosyn: 4, varattnosyn: 4, location: 248}
                }
              },
              query_var_tlist = List with 2 elements = {
                0 = TargetEntry {resno: 1, resname: 0x0, ressortgroupref: 0, resorigtbl: 0, resorigcol: 0, resjunk: false} = {
                  expr = Var {varno: 1, varattno: 1, vartype: 23, vartypmod: -1, varcollid: 0, varlevelsup: 0, varnosyn: 0, varattnosyn: 1, location: 218}
                },
                1 = TargetEntry {resno: 2, resname: 0x0, ressortgroupref: 0, resorigtbl: 0, resorigcol: 0, resjunk: false} = {
                  expr = Var {varno: 1, varattno: 4, vartype: 23, vartypmod: -1, varcollid: 0, varlevelsup: 0, varnosyn: 0, varattnosyn: 4, location: 248}
                }
              }
            },
            join.joinqual = List with 1 elements = {
              0 = OpExpr {opno: 96, opfuncid: 65, opresulttype: 16, opretset: false, opcollid: 0, inputcollid: 0, location: -1} = {
                args = List with 2 elements = {
                  0 = Var {varno: 65001, varattno: 2, vartype: 23, vartypmod: -1, varcollid: 0, varlevelsup: 0, varnosyn: 1, varattnosyn: 4, location: 234},
                  1 = Var {varno: 65000, varattno: 2, vartype: 23, vartypmod: -1, varcollid: 0, varlevelsup: 0, varnosyn: 4, varattnosyn: 4, location: 248}
                }
              }
            }
          },
          join.plan.righttree = RemoteQuery (cost=0.00..190.00 rows=67 width=44 plan_id=12 parallel_aware=False parallel_safe = False) {scan.scanrelid: 11, exec_direct_type: EXEC_DIRECT_NONE, sql_statement: 'SELECT l_extendedprice, l_discount, l_orderkey, l_suppkey FROM ONLY public.lineitem lineitem WHERE t', sql_node: 0x0, combine_type: COMBINE_TYPE_NONE, read_only: true, force_autocommit: false, statement: 0x0, cursor: 0x0, rq_num_params: 0, rq_params_internal: false, exec_type: EXEC_ON_DATANODES, is_temp: false, rq_finalise_aggs: false, rq_sortgroup_colno: false, has_row_marks: false, rq_save_command_id: false, rq_use_pk_for_rep_change: false, rq_max_param_num: 0} = {
            scan.plan.targetlist = List with 4 elements = {
              0 = TargetEntry {resno: 1, resname: 0x0, ressortgroupref: 0, resorigtbl: 0, resorigcol: 0, resjunk: false} = {
                expr = Var {varno: 11, varattno: 1, vartype: 1700, vartypmod: 983046, varcollid: 0, varlevelsup: 0, varnosyn: 3, varattnosyn: 6, location: 23}
              },
              1 = TargetEntry {resno: 2, resname: 0x0, ressortgroupref: 0, resorigtbl: 0, resorigcol: 0, resjunk: false} = {
                expr = Var {varno: 11, varattno: 2, vartype: 1700, vartypmod: 983046, varcollid: 0, varlevelsup: 0, varnosyn: 3, varattnosyn: 7, location: 46}
              },
              2 = TargetEntry {resno: 3, resname: 0x0, ressortgroupref: 0, resorigtbl: 0, resorigcol: 0, resjunk: false} = {
                expr = Var {varno: 11, varattno: 3, vartype: 23, vartypmod: -1, varcollid: 0, varlevelsup: 0, varnosyn: 3, varattnosyn: 1, location: 176}
              },
              3 = TargetEntry {resno: 4, resname: 0x0, ressortgroupref: 0, resorigtbl: 0, resorigcol: 0, resjunk: false} = {
                expr = Var {varno: 11, varattno: 4, vartype: 23, vartypmod: -1, varcollid: 0, varlevelsup: 0, varnosyn: 3, varattnosyn: 3, location: 206}
              }
            },
            exec_nodes = ExecNodes {accesstype: RELATION_ACCESS_READ, baselocatortype: 72 'H', en_relid: 0, en_funcid: 0} = {
              en_dist_vars = List with 1 elements = {
                0 = Var {varno: 3, varattno: 1, vartype: 23, vartypmod: -1, varcollid: 0, varlevelsup: 0, varnosyn: 3, varattnosyn: 1, location: 176}
              },
              nodeids = OidList with 3 elements = {16386, 16387, 16388}
            },
            remote_query = Query {commandType: CMD_SELECT, querySource: QSRC_ORIGINAL, queryId: 0, canSetTag: false, resultRelation: 0, hasAggs: false, hasWindowFuncs: false, hasTargetSRFs: false, hasSubLinks: false, hasDistinctOn: false, hasRecursive: false, hasModifyingCTE: false, hasForUpdate: false, hasRowSecurity: false, override: OVERRIDING_NOT_SET, limitOption: LIMIT_OPTION_COUNT, stmt_location: 0, stmt_len: 0, is_local: false, has_to_save_cmd_id: false, in_sub_plan: false, in_explain: false} = {
              rtable = List with 1 elements = {
                0 = RangeTblEntry {rtekind: RTE_RELATION, relname: 'lineitem', relid: 270678, relkind: 114 'r', rellockmode: 1, security_barrier: false, jointype: JOIN_INNER, joinmergedcols: 0, funcordinality: false, ctename: 0x0, ctelevelsup: 0, self_reference: false, enrname: 0x0, enrtuples: 0, param_new: -1, param_old: -1, mt_result: 0x0, defaultCols: 0x0, rows: 0, lateral: false, inh: false, inFromCl: true, requiredPerms: 2, checkAsUser: 0, selectedCols: (b 11 13 16 17), insertedCols: 0x0, updatedCols: 0x0, extraUpdatedCols: 0x0} = {
                  alias = Alias aliasname: 'lineitem',
                  eref = Alias aliasname: 'lineitem' = {
                    colnames = List with 16 elements = {
                      0 = String[ 'l_orderkey' ],
                      1 = String[ 'l_partkey' ],
                      2 = String[ 'l_suppkey' ],
                      3 = String[ 'l_linenumber' ],
                      4 = String[ 'l_quantity' ],
                      5 = String[ 'l_extendedprice' ],
                      6 = String[ 'l_discount' ],
                      7 = String[ 'l_tax' ],
                      8 = String[ 'l_returnflag' ],
                      9 = String[ 'l_linestatus' ],
                      10 = String[ 'l_shipdate' ],
                      11 = String[ 'l_commitdate' ],
                      12 = String[ 'l_receiptdate' ],
                      13 = String[ 'l_shipinstruct' ],
                      14 = String[ 'l_shipmode' ],
                      15 = String[ 'l_comment' ]
                    }
                  }
                }
              },
              jointree = FromExpr  = {
                fromlist = List with 1 elements = {
                  0 = RangeTblRef rtindex: 1
                },
                quals = Const {consttype: 16, consttypmod: -1, constcollid: 0, constlen: 1, constvalue: 1, constisnull: false, constbyval: true, location: -1}
              },
              targetList = List with 4 elements = {
                0 = TargetEntry {resno: 1, resname: 0x0, ressortgroupref: 0, resorigtbl: 0, resorigcol: 0, resjunk: false} = {
                  expr = Var {varno: 1, varattno: 6, vartype: 1700, vartypmod: 983046, varcollid: 0, varlevelsup: 0, varnosyn: 0, varattnosyn: 6, location: 23}
                },
                1 = TargetEntry {resno: 2, resname: 0x0, ressortgroupref: 0, resorigtbl: 0, resorigcol: 0, resjunk: false} = {
                  expr = Var {varno: 1, varattno: 7, vartype: 1700, vartypmod: 983046, varcollid: 0, varlevelsup: 0, varnosyn: 0, varattnosyn: 7, location: 46}
                },
                2 = TargetEntry {resno: 3, resname: 0x0, ressortgroupref: 0, resorigtbl: 0, resorigcol: 0, resjunk: false} = {
                  expr = Var {varno: 1, varattno: 1, vartype: 23, vartypmod: -1, varcollid: 0, varlevelsup: 0, varnosyn: 0, varattnosyn: 1, location: 176}
                },
                3 = TargetEntry {resno: 4, resname: 0x0, ressortgroupref: 0, resorigtbl: 0, resorigcol: 0, resjunk: false} = {
                  expr = Var {varno: 1, varattno: 3, vartype: 23, vartypmod: -1, varcollid: 0, varlevelsup: 0, varnosyn: 0, varattnosyn: 3, location: 206}
                }
              }
            },
            base_tlist = List with 4 elements = {
              0 = TargetEntry {resno: 1, resname: 0x0, ressortgroupref: 0, resorigtbl: 0, resorigcol: 0, resjunk: false} = {
                expr = Var {varno: 3, varattno: 6, vartype: 1700, vartypmod: 983046, varcollid: 0, varlevelsup: 0, varnosyn: 3, varattnosyn: 6, location: 23}
              },
              1 = TargetEntry {resno: 2, resname: 0x0, ressortgroupref: 0, resorigtbl: 0, resorigcol: 0, resjunk: false} = {
                expr = Var {varno: 3, varattno: 7, vartype: 1700, vartypmod: 983046, varcollid: 0, varlevelsup: 0, varnosyn: 3, varattnosyn: 7, location: 46}
              },
              2 = TargetEntry {resno: 3, resname: 0x0, ressortgroupref: 0, resorigtbl: 0, resorigcol: 0, resjunk: false} = {
                expr = Var {varno: 3, varattno: 1, vartype: 23, vartypmod: -1, varcollid: 0, varlevelsup: 0, varnosyn: 3, varattnosyn: 1, location: 176}
              },
              3 = TargetEntry {resno: 4, resname: 0x0, ressortgroupref: 0, resorigtbl: 0, resorigcol: 0, resjunk: false} = {
                expr = Var {varno: 3, varattno: 3, vartype: 23, vartypmod: -1, varcollid: 0, varlevelsup: 0, varnosyn: 3, varattnosyn: 3, location: 206}
              }
            },
            coord_var_tlist = List with 4 elements = {
              0 = TargetEntry {resno: 1, resname: 0x0, ressortgroupref: 0, resorigtbl: 0, resorigcol: 0, resjunk: false} = {
                expr = Var {varno: 3, varattno: 6, vartype: 1700, vartypmod: 983046, varcollid: 0, varlevelsup: 0, varnosyn: 3, varattnosyn: 6, location: 23}
              },
              1 = TargetEntry {resno: 2, resname: 0x0, ressortgroupref: 0, resorigtbl: 0, resorigcol: 0, resjunk: false} = {
                expr = Var {varno: 3, varattno: 7, vartype: 1700, vartypmod: 983046, varcollid: 0, varlevelsup: 0, varnosyn: 3, varattnosyn: 7, location: 46}
              },
              2 = TargetEntry {resno: 3, resname: 0x0, ressortgroupref: 0, resorigtbl: 0, resorigcol: 0, resjunk: false} = {
                expr = Var {varno: 3, varattno: 1, vartype: 23, vartypmod: -1, varcollid: 0, varlevelsup: 0, varnosyn: 3, varattnosyn: 1, location: 176}
              },
              3 = TargetEntry {resno: 4, resname: 0x0, ressortgroupref: 0, resorigtbl: 0, resorigcol: 0, resjunk: false} = {
                expr = Var {varno: 3, varattno: 3, vartype: 23, vartypmod: -1, varcollid: 0, varlevelsup: 0, varnosyn: 3, varattnosyn: 3, location: 206}
              }
            },
            query_var_tlist = List with 4 elements = {
              0 = TargetEntry {resno: 1, resname: 0x0, ressortgroupref: 0, resorigtbl: 0, resorigcol: 0, resjunk: false} = {
                expr = Var {varno: 1, varattno: 6, vartype: 1700, vartypmod: 983046, varcollid: 0, varlevelsup: 0, varnosyn: 0, varattnosyn: 6, location: 23}
              },
              1 = TargetEntry {resno: 2, resname: 0x0, ressortgroupref: 0, resorigtbl: 0, resorigcol: 0, resjunk: false} = {
                expr = Var {varno: 1, varattno: 7, vartype: 1700, vartypmod: 983046, varcollid: 0, varlevelsup: 0, varnosyn: 0, varattnosyn: 7, location: 46}
              },
              2 = TargetEntry {resno: 3, resname: 0x0, ressortgroupref: 0, resorigtbl: 0, resorigcol: 0, resjunk: false} = {
                expr = Var {varno: 1, varattno: 1, vartype: 23, vartypmod: -1, varcollid: 0, varlevelsup: 0, varnosyn: 0, varattnosyn: 1, location: 176}
              },
              3 = TargetEntry {resno: 4, resname: 0x0, ressortgroupref: 0, resorigtbl: 0, resorigcol: 0, resjunk: false} = {
                expr = Var {varno: 1, varattno: 3, vartype: 23, vartypmod: -1, varcollid: 0, varlevelsup: 0, varnosyn: 0, varattnosyn: 3, location: 206}
              }
            }
          },
          join.joinqual = List with 1 elements = {
            0 = OpExpr {opno: 96, opfuncid: 65, opresulttype: 16, opretset: false, opcollid: 0, inputcollid: 0, location: -1} = {
              args = List with 2 elements = {
                0 = Var {varno: 65001, varattno: 2, vartype: 23, vartypmod: -1, varcollid: 0, varlevelsup: 0, varnosyn: 4, varattnosyn: 1, location: 218},
                1 = Var {varno: 65000, varattno: 4, vartype: 23, vartypmod: -1, varcollid: 0, varlevelsup: 0, varnosyn: 3, varattnosyn: 3, location: 206}
              }
            }
          }
        },
        join.plan.righttree = RemoteQuery (cost=0.00..200.05 rows=1 width=8 plan_id=13 parallel_aware=False parallel_safe = False) {scan.scanrelid: 12, exec_direct_type: EXEC_DIRECT_NONE, sql_statement: 'SELECT o_custkey, o_orderkey FROM ONLY public.orders orders WHERE ((o_orderdate >= '1994-01-01'::dat', sql_node: 0x0, combine_type: COMBINE_TYPE_NONE, read_only: true, force_autocommit: false, statement: 0x0, cursor: 0x0, rq_num_params: 0, rq_params_internal: false, exec_type: EXEC_ON_DATANODES, is_temp: false, rq_finalise_aggs: false, rq_sortgroup_colno: false, has_row_marks: false, rq_save_command_id: false, rq_use_pk_for_rep_change: false, rq_max_param_num: 0} = {
          scan.plan.targetlist = List with 2 elements = {
            0 = TargetEntry {resno: 1, resname: 0x0, ressortgroupref: 0, resorigtbl: 0, resorigcol: 0, resjunk: false} = {
              expr = Var {varno: 12, varattno: 1, vartype: 23, vartypmod: -1, varcollid: 0, varlevelsup: 0, varnosyn: 2, varattnosyn: 2, location: 160}
            },
            1 = TargetEntry {resno: 2, resname: 0x0, ressortgroupref: 0, resorigtbl: 0, resorigcol: 0, resjunk: false} = {
              expr = Var {varno: 12, varattno: 2, vartype: 23, vartypmod: -1, varcollid: 0, varlevelsup: 0, varnosyn: 2, varattnosyn: 1, location: 189}
            }
          },
          exec_nodes = ExecNodes {accesstype: RELATION_ACCESS_READ, baselocatortype: 72 'H', en_relid: 0, en_funcid: 0} = {
            en_dist_vars = List with 1 elements = {
              0 = Var {varno: 2, varattno: 1, vartype: 23, vartypmod: -1, varcollid: 0, varlevelsup: 0, varnosyn: 2, varattnosyn: 1, location: 189}
            },
            nodeids = OidList with 3 elements = {16386, 16387, 16388}
          },
          remote_query = Query {commandType: CMD_SELECT, querySource: QSRC_ORIGINAL, queryId: 0, canSetTag: false, resultRelation: 0, hasAggs: false, hasWindowFuncs: false, hasTargetSRFs: false, hasSubLinks: false, hasDistinctOn: false, hasRecursive: false, hasModifyingCTE: false, hasForUpdate: false, hasRowSecurity: false, override: OVERRIDING_NOT_SET, limitOption: LIMIT_OPTION_COUNT, stmt_location: 0, stmt_len: 0, is_local: false, has_to_save_cmd_id: false, in_sub_plan: false, in_explain: false} = {
            rtable = List with 1 elements = {
              0 = RangeTblEntry {rtekind: RTE_RELATION, relname: 'orders', relid: 270675, relkind: 114 'r', rellockmode: 1, security_barrier: false, jointype: JOIN_INNER, joinmergedcols: 0, funcordinality: false, ctename: 0x0, ctelevelsup: 0, self_reference: false, enrname: 0x0, enrtuples: 0, param_new: -1, param_old: -1, mt_result: 0x0, defaultCols: 0x0, rows: 0, lateral: false, inh: false, inFromCl: true, requiredPerms: 2, checkAsUser: 0, selectedCols: (b 11 12 15), insertedCols: 0x0, updatedCols: 0x0, extraUpdatedCols: 0x0} = {
                alias = Alias aliasname: 'orders',
                eref = Alias aliasname: 'orders' = {
                  colnames = List with 9 elements = {
                    0 = String[ 'o_orderkey' ],
                    1 = String[ 'o_custkey' ],
                    2 = String[ 'o_orderstatus' ],
                    3 = String[ 'o_totalprice' ],
                    4 = String[ 'o_orderdate' ],
                    5 = String[ 'o_orderpriority' ],
                    6 = String[ 'o_clerk' ],
                    7 = String[ 'o_shippriority' ],
                    8 = String[ 'o_comment' ]
                  }
                }
              }
            },
            jointree = FromExpr  = {
              fromlist = List with 1 elements = {
                0 = RangeTblRef rtindex: 1
              },
              quals = BoolExpr {boolop: AND_EXPR, location: -1} = {
                args = List with 2 elements = {
                  0 = OpExpr {opno: 1098, opfuncid: 1090, opresulttype: 16, opretset: false, opcollid: 0, inputcollid: 0, location: 364} = {
                    args = List with 2 elements = {
                      0 = Var {varno: 1, varattno: 5, vartype: 1082, vartypmod: -1, varcollid: 0, varlevelsup: 0, varnosyn: 0, varattnosyn: 5, location: 352},
                      1 = Const {consttype: 1082, consttypmod: -1, constcollid: 0, constlen: 4, constvalue: 18446744073709549425, constisnull: false, constbyval: true, location: 372}
                    }
                  },
                  1 = OpExpr {opno: 2345, opfuncid: 2338, opresulttype: 16, opretset: false, opcollid: 0, inputcollid: 0, location: 403} = {
                    args = List with 2 elements = {
                      0 = Var {varno: 1, varattno: 5, vartype: 1082, vartypmod: -1, varcollid: 0, varlevelsup: 0, varnosyn: 0, varattnosyn: 5, location: 391},
                      1 = Const {consttype: 1114, consttypmod: -1, constcollid: 0, constlen: 8, constvalue: 18446586307309551616, constisnull: false, constbyval: true, location: -1}
                    }
                  }
                }
              }
            },
            targetList = List with 2 elements = {
              0 = TargetEntry {resno: 1, resname: 0x0, ressortgroupref: 0, resorigtbl: 0, resorigcol: 0, resjunk: false} = {
                expr = Var {varno: 1, varattno: 2, vartype: 23, vartypmod: -1, varcollid: 0, varlevelsup: 0, varnosyn: 0, varattnosyn: 2, location: 160}
              },
              1 = TargetEntry {resno: 2, resname: 0x0, ressortgroupref: 0, resorigtbl: 0, resorigcol: 0, resjunk: false} = {
                expr = Var {varno: 1, varattno: 1, vartype: 23, vartypmod: -1, varcollid: 0, varlevelsup: 0, varnosyn: 0, varattnosyn: 1, location: 189}
              }
            }
          },
          base_tlist = List with 2 elements = {
            0 = TargetEntry {resno: 1, resname: 0x0, ressortgroupref: 0, resorigtbl: 0, resorigcol: 0, resjunk: false} = {
              expr = Var {varno: 2, varattno: 2, vartype: 23, vartypmod: -1, varcollid: 0, varlevelsup: 0, varnosyn: 2, varattnosyn: 2, location: 160}
            },
            1 = TargetEntry {resno: 2, resname: 0x0, ressortgroupref: 0, resorigtbl: 0, resorigcol: 0, resjunk: false} = {
              expr = Var {varno: 2, varattno: 1, vartype: 23, vartypmod: -1, varcollid: 0, varlevelsup: 0, varnosyn: 2, varattnosyn: 1, location: 189}
            }
          },
          coord_var_tlist = List with 2 elements = {
            0 = TargetEntry {resno: 1, resname: 0x0, ressortgroupref: 0, resorigtbl: 0, resorigcol: 0, resjunk: false} = {
              expr = Var {varno: 2, varattno: 2, vartype: 23, vartypmod: -1, varcollid: 0, varlevelsup: 0, varnosyn: 2, varattnosyn: 2, location: 160}
            },
            1 = TargetEntry {resno: 2, resname: 0x0, ressortgroupref: 0, resorigtbl: 0, resorigcol: 0, resjunk: false} = {
              expr = Var {varno: 2, varattno: 1, vartype: 23, vartypmod: -1, varcollid: 0, varlevelsup: 0, varnosyn: 2, varattnosyn: 1, location: 189}
            }
          },
          query_var_tlist = List with 2 elements = {
            0 = TargetEntry {resno: 1, resname: 0x0, ressortgroupref: 0, resorigtbl: 0, resorigcol: 0, resjunk: false} = {
              expr = Var {varno: 1, varattno: 2, vartype: 23, vartypmod: -1, varcollid: 0, varlevelsup: 0, varnosyn: 0, varattnosyn: 2, location: 160}
            },
            1 = TargetEntry {resno: 2, resname: 0x0, ressortgroupref: 0, resorigtbl: 0, resorigcol: 0, resjunk: false} = {
              expr = Var {varno: 1, varattno: 1, vartype: 23, vartypmod: -1, varcollid: 0, varlevelsup: 0, varnosyn: 0, varattnosyn: 1, location: 189}
            }
          }
        },
        join.joinqual = List with 2 elements = {
          0 = OpExpr {opno: 96, opfuncid: 65, opresulttype: 16, opretset: false, opcollid: 0, inputcollid: 0, location: -1} = {
            args = List with 2 elements = {
              0 = Var {varno: 65001, varattno: 1, vartype: 23, vartypmod: -1, varcollid: 0, varlevelsup: 0, varnosyn: 1, varattnosyn: 1, location: 148},
              1 = Var {varno: 65000, varattno: 1, vartype: 23, vartypmod: -1, varcollid: 0, varlevelsup: 0, varnosyn: 2, varattnosyn: 2, location: 160}
            }
          },
          1 = OpExpr {opno: 96, opfuncid: 65, opresulttype: 16, opretset: false, opcollid: 0, inputcollid: 0, location: -1} = {
            args = List with 2 elements = {
              0 = Var {varno: 65001, varattno: 4, vartype: 23, vartypmod: -1, varcollid: 0, varlevelsup: 0, varnosyn: 3, varattnosyn: 1, location: 176},
              1 = Var {varno: 65000, varattno: 2, vartype: 23, vartypmod: -1, varcollid: 0, varlevelsup: 0, varnosyn: 2, varattnosyn: 1, location: 189}
            }
          }
        }
      }
    }
  }
}

Breakpoint 1, standard_planner (parse=0x55f2f17ae0e8, query_string=0x55f2f1676670 "select\n  sum(l_extendedprice * l_discount) as revenue\nfrom\n  lineitem\nwhere\n  l_shipdate >= date '1994-01-01'\n  and l_shipdate < date '1994-01-01' + interval '1' year\n  and l_discount between .06 - 0."..., cursorOptions=33024, boundParams=0x0) at /workspaces/AntDB/src/backend/optimizer/plan/planner.c:661
661		top_plan = create_plan(root, best_path);
$16 = Query {commandType: CMD_SELECT, querySource: QSRC_ORIGINAL, queryId: 0, canSetTag: true, resultRelation: 0, hasAggs: true, hasWindowFuncs: false, hasTargetSRFs: false, hasSubLinks: false, hasDistinctOn: false, hasRecursive: false, hasModifyingCTE: false, hasForUpdate: false, hasRowSecurity: false, override: OVERRIDING_NOT_SET, limitOption: LIMIT_OPTION_COUNT, stmt_location: 0, stmt_len: 239, is_local: false, has_to_save_cmd_id: false, in_sub_plan: false, in_explain: false} = {
  rtable = List with 1 elements = {
    0 = RangeTblEntry {rtekind: RTE_RELATION, relname: 'lineitem', relid: 270678, relkind: 114 'r', rellockmode: 1, security_barrier: false, jointype: JOIN_INNER, joinmergedcols: 0, funcordinality: false, ctename: 0x0, ctelevelsup: 0, self_reference: false, enrname: 0x0, enrtuples: 0, param_new: -1, param_old: -1, mt_result: 0x0, defaultCols: 0x0, rows: 0, lateral: false, inh: false, inFromCl: true, requiredPerms: 2, checkAsUser: 0, selectedCols: (b 15 16 17 21), insertedCols: 0x0, updatedCols: 0x0, extraUpdatedCols: 0x0} = {
      eref = Alias aliasname: 'lineitem' = {
        colnames = List with 16 elements = {
          0 = String[ 'l_orderkey' ],
          1 = String[ 'l_partkey' ],
          2 = String[ 'l_suppkey' ],
          3 = String[ 'l_linenumber' ],
          4 = String[ 'l_quantity' ],
          5 = String[ 'l_extendedprice' ],
          6 = String[ 'l_discount' ],
          7 = String[ 'l_tax' ],
          8 = String[ 'l_returnflag' ],
          9 = String[ 'l_linestatus' ],
          10 = String[ 'l_shipdate' ],
          11 = String[ 'l_commitdate' ],
          12 = String[ 'l_receiptdate' ],
          13 = String[ 'l_shipinstruct' ],
          14 = String[ 'l_shipmode' ],
          15 = String[ 'l_comment' ]
        }
      }
    }
  },
  jointree = FromExpr  = {
    fromlist = List with 1 elements = {
      0 = RangeTblRef rtindex: 1
    },
    quals = List with 5 elements = {
      0 = OpExpr {opno: 1098, opfuncid: 1090, opresulttype: 16, opretset: false, opcollid: 0, inputcollid: 0, location: 89} = {
        args = List with 2 elements = {
          0 = Var {varno: 1, varattno: 11, vartype: 1082, vartypmod: -1, varcollid: 0, varlevelsup: 0, varnosyn: 1, varattnosyn: 11, location: 78},
          1 = Const {consttype: 1082, consttypmod: -1, constcollid: 0, constlen: 4, constvalue: 18446744073709549425, constisnull: false, constbyval: true, location: 97}
        }
      },
      1 = OpExpr {opno: 2345, opfuncid: 2338, opresulttype: 16, opretset: false, opcollid: 0, inputcollid: 0, location: 127} = {
        args = List with 2 elements = {
          0 = Var {varno: 1, varattno: 11, vartype: 1082, vartypmod: -1, varcollid: 0, varlevelsup: 0, varnosyn: 1, varattnosyn: 11, location: 116},
          1 = Const {consttype: 1114, consttypmod: -1, constcollid: 0, constlen: 8, constvalue: 18446586307309551616, constisnull: false, constbyval: true, location: -1}
        }
      },
      2 = OpExpr {opno: 1757, opfuncid: 1721, opresulttype: 16, opretset: false, opcollid: 0, inputcollid: 0, location: 184} = {
        args = List with 2 elements = {
          0 = Var {varno: 1, varattno: 7, vartype: 1700, vartypmod: 983046, varcollid: 0, varlevelsup: 0, varnosyn: 1, varattnosyn: 7, location: 173},
          1 = Const {consttype: 1700, consttypmod: -1, constcollid: 0, constlen: -1, constvalue: 94501921814440, constisnull: false, constbyval: false, location: -1}
        }
      },
      3 = OpExpr {opno: 1755, opfuncid: 1723, opresulttype: 16, opretset: false, opcollid: 0, inputcollid: 0, location: 184} = {
        args = List with 2 elements = {
          0 = Var {varno: 1, varattno: 7, vartype: 1700, vartypmod: 983046, varcollid: 0, varlevelsup: 0, varnosyn: 1, varattnosyn: 7, location: 173},
          1 = Const {consttype: 1700, consttypmod: -1, constcollid: 0, constlen: -1, constvalue: 94501922241480, constisnull: false, constbyval: false, location: -1}
        }
      },
      4 = OpExpr {opno: 1754, opfuncid: 1722, opresulttype: 16, opretset: false, opcollid: 0, inputcollid: 0, location: 235} = {
        args = List with 2 elements = {
          0 = Var {varno: 1, varattno: 5, vartype: 1700, vartypmod: 983046, varcollid: 0, varlevelsup: 0, varnosyn: 1, varattnosyn: 5, location: 224},
          1 = Const {consttype: 1700, consttypmod: -1, constcollid: 0, constlen: -1, constvalue: 94501922242040, constisnull: false, constbyval: false, location: -1}
        }
      }
    }
  },
  targetList = List with 1 elements = {
    0 = TargetEntry {resno: 1, resname: 'revenue', ressortgroupref: 0, resorigtbl: 0, resorigcol: 0, resjunk: false} = {
      expr = Aggref {aggfnoid: 2114, aggtype: 1700, aggcollid: 0, inputcollid: 0, aggtranstype: 2281, aggtrantype: 0, agghas_collectfn: false, rank_first: false, aggstar: false, aggvariadic: false, aggkind: 110 'n', agglevelsup: 0, aggsplit: AGGSPLIT_SIMPLE, location: 9} = {
        aggargtypes = OidList with 1 elements = {1700},
        args = List with 1 elements = {
          0 = TargetEntry {resno: 1, resname: 0x0, ressortgroupref: 0, resorigtbl: 0, resorigcol: 0, resjunk: false} = {
            expr = OpExpr {opno: 1760, opfuncid: 1726, opresulttype: 1700, opretset: false, opcollid: 0, inputcollid: 0, location: 29} = {
              args = List with 2 elements = {
                0 = Var {varno: 1, varattno: 6, vartype: 1700, vartypmod: 983046, varcollid: 0, varlevelsup: 0, varnosyn: 1, varattnosyn: 6, location: 13},
                1 = Var {varno: 1, varattno: 7, vartype: 1700, vartypmod: 983046, varcollid: 0, varlevelsup: 0, varnosyn: 1, varattnosyn: 7, location: 31}
              }
            }
          }
        }
      }
    }
  }
}
$17 = AggPath T_Agg (cost=15.42..15.43 rows=1 parallel_aware=False parallel_safe=False parallel_workers=0) {aggstrategy: AGG_PLAIN, aggsplit: AGGSPLIT_SIMPLE, numGroups: 1, transitionSpace: 128} = {
  path.parent = (b),
  path.pathtarget = PathTarget {cost: (0.00..0.00), width: 32} = {
    sortgrouprefs = [0],
    exprs = List with 1 elements = {
      0 = Aggref {aggfnoid: 2114, aggtype: 1700, aggcollid: 0, inputcollid: 0, aggtranstype: 2281, aggtrantype: 0, agghas_collectfn: false, rank_first: false, aggstar: false, aggvariadic: false, aggkind: 110 'n', agglevelsup: 0, aggsplit: AGGSPLIT_SIMPLE, location: 9} = {
        aggargtypes = OidList with 1 elements = {1700},
        args = List with 1 elements = {
          0 = TargetEntry {resno: 1, resname: 0x0, ressortgroupref: 0, resorigtbl: 0, resorigcol: 0, resjunk: false} = {
            expr = OpExpr {opno: 1760, opfuncid: 1726, opresulttype: 1700, opretset: false, opcollid: 0, inputcollid: 0, location: 29} = {
              args = List with 2 elements = {
                0 = Var {varno: 1, varattno: 6, vartype: 1700, vartypmod: 983046, varcollid: 0, varlevelsup: 0, varnosyn: 1, varattnosyn: 6, location: 13},
                1 = Var {varno: 1, varattno: 7, vartype: 1700, vartypmod: 983046, varcollid: 0, varlevelsup: 0, varnosyn: 1, varattnosyn: 7, location: 31}
              }
            }
          }
        }
      }
    },
    as_loc_list = IntList with 1 elements = {46},
    expr_loc_list = IntList with 1 elements = {9},
    expr_len_list = IntList with 1 elements = {34},
    expr_type_list = IntList with 1 elements = {405}
  },
  subpath = ClusterGatherPath T_ClusterGather (cost=0.00..15.40 rows=3 parallel_aware=False parallel_safe=False parallel_workers=0)  = {
    path.parent = (b 1),
    path.pathtarget = PathTarget {cost: (0.00..0.00), width: 36} = {
      exprs = List with 2 elements = {
        0 = Var {varno: 1, varattno: 6, vartype: 1700, vartypmod: 983046, varcollid: 0, varlevelsup: 0, varnosyn: 1, varattnosyn: 6, location: 13},
        1 = Var {varno: 1, varattno: 7, vartype: 1700, vartypmod: 983046, varcollid: 0, varlevelsup: 0, varnosyn: 1, varattnosyn: 7, location: 31}
      }
    },
    subpath = T_SeqScan (cost=0.00..14.50 rows=1 parallel_aware=False parallel_safe=True parallel_workers=0) = {
      parent = (b 1),
      pathtarget = PathTarget {cost: (0.00..0.00), width: 36} = {
        exprs = List with 2 elements = {
          0 = Var {varno: 1, varattno: 6, vartype: 1700, vartypmod: 983046, varcollid: 0, varlevelsup: 0, varnosyn: 1, varattnosyn: 6, location: 13},
          1 = Var {varno: 1, varattno: 7, vartype: 1700, vartypmod: 983046, varcollid: 0, varlevelsup: 0, varnosyn: 1, varattnosyn: 7, location: 31}
        }
      }
    },
    rnodes = OidList with 3 elements = {16386, 16387, 16388}
  }
}

Breakpoint 2, standard_planner (parse=0x55f2f17ae0e8, query_string=0x55f2f1676670 "select\n  sum(l_extendedprice * l_discount) as revenue\nfrom\n  lineitem\nwhere\n  l_shipdate >= date '1994-01-01'\n  and l_shipdate < date '1994-01-01' + interval '1' year\n  and l_discount between .06 - 0."..., cursorOptions=33024, boundParams=0x0) at /workspaces/AntDB/src/backend/optimizer/plan/planner.c:761
761		result->commandType = parse->commandType;
$18 = Agg (cost=15.42..15.43 rows=1 width=32 plan_id=0 parallel_aware=False parallel_safe = False) {aggstrategy: AGG_PLAIN, aggsplit: AGGSPLIT_SIMPLE, numCols: 0, numGroups: 1, transitionSpace: 128, aggParams: 0x0} = {
  plan.targetlist = List with 1 elements = {
    0 = TargetEntry {resno: 1, resname: 'revenue', ressortgroupref: 0, resorigtbl: 0, resorigcol: 0, resjunk: false} = {
      expr = Aggref {aggfnoid: 2114, aggtype: 1700, aggcollid: 0, inputcollid: 0, aggtranstype: 2281, aggtrantype: 0, agghas_collectfn: false, rank_first: false, aggstar: false, aggvariadic: false, aggkind: 110 'n', agglevelsup: 0, aggsplit: AGGSPLIT_SIMPLE, location: 9} = {
        aggargtypes = OidList with 1 elements = {1700},
        args = List with 1 elements = {
          0 = TargetEntry {resno: 1, resname: 0x0, ressortgroupref: 0, resorigtbl: 0, resorigcol: 0, resjunk: false} = {
            expr = OpExpr {opno: 1760, opfuncid: 1726, opresulttype: 1700, opretset: false, opcollid: 0, inputcollid: 0, location: 29} = {
              args = List with 2 elements = {
                0 = Var {varno: 65001, varattno: 6, vartype: 1700, vartypmod: 983046, varcollid: 0, varlevelsup: 0, varnosyn: 1, varattnosyn: 6, location: 13},
                1 = Var {varno: 65001, varattno: 7, vartype: 1700, vartypmod: 983046, varcollid: 0, varlevelsup: 0, varnosyn: 1, varattnosyn: 7, location: 31}
              }
            }
          }
        }
      }
    }
  },
  plan.lefttree = ClusterGather (cost=0.00..15.40 rows=3 width=36 plan_id=1 parallel_aware=False parallel_safe = False) {gatherType: CLUSTER_GATHER_DATANODE, check_rep_processed: false} = {
    plan.targetlist = List with 16 elements = {
      0 = TargetEntry {resno: 1, resname: 0x0, ressortgroupref: 0, resorigtbl: 0, resorigcol: 0, resjunk: false} = {
        expr = Var {varno: 65001, varattno: 1, vartype: 23, vartypmod: -1, varcollid: 0, varlevelsup: 0, varnosyn: 1, varattnosyn: 1, location: -1}
      },
      1 = TargetEntry {resno: 2, resname: 0x0, ressortgroupref: 0, resorigtbl: 0, resorigcol: 0, resjunk: false} = {
        expr = Var {varno: 65001, varattno: 2, vartype: 23, vartypmod: -1, varcollid: 0, varlevelsup: 0, varnosyn: 1, varattnosyn: 2, location: -1}
      },
      2 = TargetEntry {resno: 3, resname: 0x0, ressortgroupref: 0, resorigtbl: 0, resorigcol: 0, resjunk: false} = {
        expr = Var {varno: 65001, varattno: 3, vartype: 23, vartypmod: -1, varcollid: 0, varlevelsup: 0, varnosyn: 1, varattnosyn: 3, location: -1}
      },
      3 = TargetEntry {resno: 4, resname: 0x0, ressortgroupref: 0, resorigtbl: 0, resorigcol: 0, resjunk: false} = {
        expr = Var {varno: 65001, varattno: 4, vartype: 23, vartypmod: -1, varcollid: 0, varlevelsup: 0, varnosyn: 1, varattnosyn: 4, location: -1}
      },
      4 = TargetEntry {resno: 5, resname: 0x0, ressortgroupref: 0, resorigtbl: 0, resorigcol: 0, resjunk: false} = {
        expr = Var {varno: 65001, varattno: 5, vartype: 1700, vartypmod: 983046, varcollid: 0, varlevelsup: 0, varnosyn: 1, varattnosyn: 5, location: -1}
      },
      5 = TargetEntry {resno: 6, resname: 0x0, ressortgroupref: 0, resorigtbl: 0, resorigcol: 0, resjunk: false} = {
        expr = Var {varno: 65001, varattno: 6, vartype: 1700, vartypmod: 983046, varcollid: 0, varlevelsup: 0, varnosyn: 1, varattnosyn: 6, location: -1}
      },
      6 = TargetEntry {resno: 7, resname: 0x0, ressortgroupref: 0, resorigtbl: 0, resorigcol: 0, resjunk: false} = {
        expr = Var {varno: 65001, varattno: 7, vartype: 1700, vartypmod: 983046, varcollid: 0, varlevelsup: 0, varnosyn: 1, varattnosyn: 7, location: -1}
      },
      7 = TargetEntry {resno: 8, resname: 0x0, ressortgroupref: 0, resorigtbl: 0, resorigcol: 0, resjunk: false} = {
        expr = Var {varno: 65001, varattno: 8, vartype: 1700, vartypmod: 983046, varcollid: 0, varlevelsup: 0, varnosyn: 1, varattnosyn: 8, location: -1}
      },
      8 = TargetEntry {resno: 9, resname: 0x0, ressortgroupref: 0, resorigtbl: 0, resorigcol: 0, resjunk: false} = {
        expr = Var {varno: 65001, varattno: 9, vartype: 1042, vartypmod: 5, varcollid: 100, varlevelsup: 0, varnosyn: 1, varattnosyn: 9, location: -1}
      },
      9 = TargetEntry {resno: 10, resname: 0x0, ressortgroupref: 0, resorigtbl: 0, resorigcol: 0, resjunk: false} = {
        expr = Var {varno: 65001, varattno: 10, vartype: 1042, vartypmod: 5, varcollid: 100, varlevelsup: 0, varnosyn: 1, varattnosyn: 10, location: -1}
      },
      10 = TargetEntry {resno: 11, resname: 0x0, ressortgroupref: 0, resorigtbl: 0, resorigcol: 0, resjunk: false} = {
        expr = Var {varno: 65001, varattno: 11, vartype: 1082, vartypmod: -1, varcollid: 0, varlevelsup: 0, varnosyn: 1, varattnosyn: 11, location: -1}
      },
      11 = TargetEntry {resno: 12, resname: 0x0, ressortgroupref: 0, resorigtbl: 0, resorigcol: 0, resjunk: false} = {
        expr = Var {varno: 65001, varattno: 12, vartype: 1082, vartypmod: -1, varcollid: 0, varlevelsup: 0, varnosyn: 1, varattnosyn: 12, location: -1}
      },
      12 = TargetEntry {resno: 13, resname: 0x0, ressortgroupref: 0, resorigtbl: 0, resorigcol: 0, resjunk: false} = {
        expr = Var {varno: 65001, varattno: 13, vartype: 1082, vartypmod: -1, varcollid: 0, varlevelsup: 0, varnosyn: 1, varattnosyn: 13, location: -1}
      },
      13 = TargetEntry {resno: 14, resname: 0x0, ressortgroupref: 0, resorigtbl: 0, resorigcol: 0, resjunk: false} = {
        expr = Var {varno: 65001, varattno: 14, vartype: 1042, vartypmod: 29, varcollid: 100, varlevelsup: 0, varnosyn: 1, varattnosyn: 14, location: -1}
      },
      14 = TargetEntry {resno: 15, resname: 0x0, ressortgroupref: 0, resorigtbl: 0, resorigcol: 0, resjunk: false} = {
        expr = Var {varno: 65001, varattno: 15, vartype: 1042, vartypmod: 14, varcollid: 100, varlevelsup: 0, varnosyn: 1, varattnosyn: 15, location: -1}
      },
      15 = TargetEntry {resno: 16, resname: 0x0, ressortgroupref: 0, resorigtbl: 0, resorigcol: 0, resjunk: false} = {
        expr = Var {varno: 65001, varattno: 16, vartype: 1043, vartypmod: 48, varcollid: 100, varlevelsup: 0, varnosyn: 1, varattnosyn: 16, location: -1}
      }
    },
    plan.lefttree = Scan (cost=0.00..14.50 rows=1 width=36 plan_id=2 parallel_aware=False parallel_safe = True) scanrelid: 1 = {
      plan.targetlist = List with 16 elements = {
        0 = TargetEntry {resno: 1, resname: 0x0, ressortgroupref: 0, resorigtbl: 0, resorigcol: 0, resjunk: false} = {
          expr = Var {varno: 1, varattno: 1, vartype: 23, vartypmod: -1, varcollid: 0, varlevelsup: 0, varnosyn: 1, varattnosyn: 1, location: -1}
        },
        1 = TargetEntry {resno: 2, resname: 0x0, ressortgroupref: 0, resorigtbl: 0, resorigcol: 0, resjunk: false} = {
          expr = Var {varno: 1, varattno: 2, vartype: 23, vartypmod: -1, varcollid: 0, varlevelsup: 0, varnosyn: 1, varattnosyn: 2, location: -1}
        },
        2 = TargetEntry {resno: 3, resname: 0x0, ressortgroupref: 0, resorigtbl: 0, resorigcol: 0, resjunk: false} = {
          expr = Var {varno: 1, varattno: 3, vartype: 23, vartypmod: -1, varcollid: 0, varlevelsup: 0, varnosyn: 1, varattnosyn: 3, location: -1}
        },
        3 = TargetEntry {resno: 4, resname: 0x0, ressortgroupref: 0, resorigtbl: 0, resorigcol: 0, resjunk: false} = {
          expr = Var {varno: 1, varattno: 4, vartype: 23, vartypmod: -1, varcollid: 0, varlevelsup: 0, varnosyn: 1, varattnosyn: 4, location: -1}
        },
        4 = TargetEntry {resno: 5, resname: 0x0, ressortgroupref: 0, resorigtbl: 0, resorigcol: 0, resjunk: false} = {
          expr = Var {varno: 1, varattno: 5, vartype: 1700, vartypmod: 983046, varcollid: 0, varlevelsup: 0, varnosyn: 1, varattnosyn: 5, location: -1}
        },
        5 = TargetEntry {resno: 6, resname: 0x0, ressortgroupref: 0, resorigtbl: 0, resorigcol: 0, resjunk: false} = {
          expr = Var {varno: 1, varattno: 6, vartype: 1700, vartypmod: 983046, varcollid: 0, varlevelsup: 0, varnosyn: 1, varattnosyn: 6, location: -1}
        },
        6 = TargetEntry {resno: 7, resname: 0x0, ressortgroupref: 0, resorigtbl: 0, resorigcol: 0, resjunk: false} = {
          expr = Var {varno: 1, varattno: 7, vartype: 1700, vartypmod: 983046, varcollid: 0, varlevelsup: 0, varnosyn: 1, varattnosyn: 7, location: -1}
        },
        7 = TargetEntry {resno: 8, resname: 0x0, ressortgroupref: 0, resorigtbl: 0, resorigcol: 0, resjunk: false} = {
          expr = Var {varno: 1, varattno: 8, vartype: 1700, vartypmod: 983046, varcollid: 0, varlevelsup: 0, varnosyn: 1, varattnosyn: 8, location: -1}
        },
        8 = TargetEntry {resno: 9, resname: 0x0, ressortgroupref: 0, resorigtbl: 0, resorigcol: 0, resjunk: false} = {
          expr = Var {varno: 1, varattno: 9, vartype: 1042, vartypmod: 5, varcollid: 100, varlevelsup: 0, varnosyn: 1, varattnosyn: 9, location: -1}
        },
        9 = TargetEntry {resno: 10, resname: 0x0, ressortgroupref: 0, resorigtbl: 0, resorigcol: 0, resjunk: false} = {
          expr = Var {varno: 1, varattno: 10, vartype: 1042, vartypmod: 5, varcollid: 100, varlevelsup: 0, varnosyn: 1, varattnosyn: 10, location: -1}
        },
        10 = TargetEntry {resno: 11, resname: 0x0, ressortgroupref: 0, resorigtbl: 0, resorigcol: 0, resjunk: false} = {
          expr = Var {varno: 1, varattno: 11, vartype: 1082, vartypmod: -1, varcollid: 0, varlevelsup: 0, varnosyn: 1, varattnosyn: 11, location: -1}
        },
        11 = TargetEntry {resno: 12, resname: 0x0, ressortgroupref: 0, resorigtbl: 0, resorigcol: 0, resjunk: false} = {
          expr = Var {varno: 1, varattno: 12, vartype: 1082, vartypmod: -1, varcollid: 0, varlevelsup: 0, varnosyn: 1, varattnosyn: 12, location: -1}
        },
        12 = TargetEntry {resno: 13, resname: 0x0, ressortgroupref: 0, resorigtbl: 0, resorigcol: 0, resjunk: false} = {
          expr = Var {varno: 1, varattno: 13, vartype: 1082, vartypmod: -1, varcollid: 0, varlevelsup: 0, varnosyn: 1, varattnosyn: 13, location: -1}
        },
        13 = TargetEntry {resno: 14, resname: 0x0, ressortgroupref: 0, resorigtbl: 0, resorigcol: 0, resjunk: false} = {
          expr = Var {varno: 1, varattno: 14, vartype: 1042, vartypmod: 29, varcollid: 100, varlevelsup: 0, varnosyn: 1, varattnosyn: 14, location: -1}
        },
        14 = TargetEntry {resno: 15, resname: 0x0, ressortgroupref: 0, resorigtbl: 0, resorigcol: 0, resjunk: false} = {
          expr = Var {varno: 1, varattno: 15, vartype: 1042, vartypmod: 14, varcollid: 100, varlevelsup: 0, varnosyn: 1, varattnosyn: 15, location: -1}
        },
        15 = TargetEntry {resno: 16, resname: 0x0, ressortgroupref: 0, resorigtbl: 0, resorigcol: 0, resjunk: false} = {
          expr = Var {varno: 1, varattno: 16, vartype: 1043, vartypmod: 48, varcollid: 100, varlevelsup: 0, varnosyn: 1, varattnosyn: 16, location: -1}
        }
      },
      plan.qual = List with 5 elements = {
        0 = OpExpr {opno: 1098, opfuncid: 1090, opresulttype: 16, opretset: false, opcollid: 0, inputcollid: 0, location: 89} = {
          args = List with 2 elements = {
            0 = Var {varno: 1, varattno: 11, vartype: 1082, vartypmod: -1, varcollid: 0, varlevelsup: 0, varnosyn: 1, varattnosyn: 11, location: 78},
            1 = Const {consttype: 1082, consttypmod: -1, constcollid: 0, constlen: 4, constvalue: 18446744073709549425, constisnull: false, constbyval: true, location: 97}
          }
        },
        1 = OpExpr {opno: 2345, opfuncid: 2338, opresulttype: 16, opretset: false, opcollid: 0, inputcollid: 0, location: 127} = {
          args = List with 2 elements = {
            0 = Var {varno: 1, varattno: 11, vartype: 1082, vartypmod: -1, varcollid: 0, varlevelsup: 0, varnosyn: 1, varattnosyn: 11, location: 116},
            1 = Const {consttype: 1114, consttypmod: -1, constcollid: 0, constlen: 8, constvalue: 18446586307309551616, constisnull: false, constbyval: true, location: -1}
          }
        },
        2 = OpExpr {opno: 1757, opfuncid: 1721, opresulttype: 16, opretset: false, opcollid: 0, inputcollid: 0, location: 184} = {
          args = List with 2 elements = {
            0 = Var {varno: 1, varattno: 7, vartype: 1700, vartypmod: 983046, varcollid: 0, varlevelsup: 0, varnosyn: 1, varattnosyn: 7, location: 173},
            1 = Const {consttype: 1700, consttypmod: -1, constcollid: 0, constlen: -1, constvalue: 94501921814440, constisnull: false, constbyval: false, location: -1}
          }
        },
        3 = OpExpr {opno: 1755, opfuncid: 1723, opresulttype: 16, opretset: false, opcollid: 0, inputcollid: 0, location: 184} = {
          args = List with 2 elements = {
            0 = Var {varno: 1, varattno: 7, vartype: 1700, vartypmod: 983046, varcollid: 0, varlevelsup: 0, varnosyn: 1, varattnosyn: 7, location: 173},
            1 = Const {consttype: 1700, consttypmod: -1, constcollid: 0, constlen: -1, constvalue: 94501922241480, constisnull: false, constbyval: false, location: -1}
          }
        },
        4 = OpExpr {opno: 1754, opfuncid: 1722, opresulttype: 16, opretset: false, opcollid: 0, inputcollid: 0, location: 235} = {
          args = List with 2 elements = {
            0 = Var {varno: 1, varattno: 5, vartype: 1700, vartypmod: 983046, varcollid: 0, varlevelsup: 0, varnosyn: 1, varattnosyn: 5, location: 224},
            1 = Const {consttype: 1700, consttypmod: -1, constcollid: 0, constlen: -1, constvalue: 94501922242040, constisnull: false, constbyval: false, location: -1}
          }
        }
      }
    },
    rnodes = OidList with 3 elements = {16386, 16387, 16388}
  }
}

Breakpoint 1, standard_planner (parse=0x55f2f1816d30, query_string=0x55f2f1676670 "select\n  supp_nation,\n  cust_nation,\n  l_year,\n  sum(volume) as revenue\nfrom\n  (\n    select\n      n1.n_name as supp_nation,\n      n2.n_name as cust_nation,\n      extract(year from l_shipdate) as l_yea"..., cursorOptions=33024, boundParams=0x0) at /workspaces/AntDB/src/backend/optimizer/plan/planner.c:661
661		top_plan = create_plan(root, best_path);
$19 = Query {commandType: CMD_SELECT, querySource: QSRC_ORIGINAL, queryId: 0, canSetTag: true, resultRelation: 0, hasAggs: true, hasWindowFuncs: false, hasTargetSRFs: false, hasSubLinks: false, hasDistinctOn: false, hasRecursive: false, hasModifyingCTE: false, hasForUpdate: false, hasRowSecurity: false, override: OVERRIDING_NOT_SET, limitOption: LIMIT_OPTION_COUNT, stmt_location: 0, stmt_len: 857, is_local: false, has_to_save_cmd_id: false, in_sub_plan: false, in_explain: false} = {
  rtable = List with 7 elements = {
    0 = RangeTblEntry {rtekind: RTE_SUBQUERY, relname: 0x0, relid: 0, relkind: 0 '\000', rellockmode: 0, security_barrier: false, jointype: JOIN_INNER, joinmergedcols: 0, funcordinality: false, ctename: 0x0, ctelevelsup: 0, self_reference: false, enrname: 0x0, enrtuples: 0, param_new: -1, param_old: -1, mt_result: 0x0, defaultCols: 0x0, rows: 0, lateral: false, inh: false, inFromCl: true, requiredPerms: 0, checkAsUser: 0, selectedCols: 0x0, insertedCols: 0x0, updatedCols: 0x0, extraUpdatedCols: 0x0} = {
      subquery = Query {commandType: CMD_SELECT, querySource: QSRC_ORIGINAL, queryId: 0, canSetTag: true, resultRelation: 0, hasAggs: false, hasWindowFuncs: false, hasTargetSRFs: false, hasSubLinks: false, hasDistinctOn: false, hasRecursive: false, hasModifyingCTE: false, hasForUpdate: false, hasRowSecurity: false, override: OVERRIDING_NOT_SET, limitOption: LIMIT_OPTION_COUNT, stmt_location: 0, stmt_len: 0, is_local: false, has_to_save_cmd_id: false, in_sub_plan: false, in_explain: false} = {
        rtable = List with 6 elements = {
          0 = RangeTblEntry {rtekind: RTE_RELATION, relname: 'supplier', relid: 270666, relkind: 114 'r', rellockmode: 1, security_barrier: false, jointype: JOIN_INNER, joinmergedcols: 0, funcordinality: false, ctename: 0x0, ctelevelsup: 0, self_reference: false, enrname: 0x0, enrtuples: 0, param_new: -1, param_old: -1, mt_result: 0x0, defaultCols: 0x0, rows: 0, lateral: false, inh: true, inFromCl: true, requiredPerms: 2, checkAsUser: 0, selectedCols: (b 11 14), insertedCols: 0x0, updatedCols: 0x0, extraUpdatedCols: 0x0} = {
            eref = Alias aliasname: 'supplier' = {
              colnames = List with 7 elements = {
                0 = String[ 's_suppkey' ],
                1 = String[ 's_name' ],
                2 = String[ 's_address' ],
                3 = String[ 's_nationkey' ],
                4 = String[ 's_phone' ],
                5 = String[ 's_acctbal' ],
                6 = String[ 's_comment' ]
              }
            }
          },
          1 = RangeTblEntry {rtekind: RTE_RELATION, relname: 'lineitem', relid: 270678, relkind: 114 'r', rellockmode: 1, security_barrier: false, jointype: JOIN_INNER, joinmergedcols: 0, funcordinality: false, ctename: 0x0, ctelevelsup: 0, self_reference: false, enrname: 0x0, enrtuples: 0, param_new: -1, param_old: -1, mt_result: 0x0, defaultCols: 0x0, rows: 0, lateral: false, inh: true, inFromCl: true, requiredPerms: 2, checkAsUser: 0, selectedCols: (b 11 13 16 17 21), insertedCols: 0x0, updatedCols: 0x0, extraUpdatedCols: 0x0} = {
            eref = Alias aliasname: 'lineitem' = {
              colnames = List with 16 elements = {
                0 = String[ 'l_orderkey' ],
                1 = String[ 'l_partkey' ],
                2 = String[ 'l_suppkey' ],
                3 = String[ 'l_linenumber' ],
                4 = String[ 'l_quantity' ],
                5 = String[ 'l_extendedprice' ],
                6 = String[ 'l_discount' ],
                7 = String[ 'l_tax' ],
                8 = String[ 'l_returnflag' ],
                9 = String[ 'l_linestatus' ],
                10 = String[ 'l_shipdate' ],
                11 = String[ 'l_commitdate' ],
                12 = String[ 'l_receiptdate' ],
                13 = String[ 'l_shipinstruct' ],
                14 = String[ 'l_shipmode' ],
                15 = String[ 'l_comment' ]
              }
            }
          },
          2 = RangeTblEntry {rtekind: RTE_RELATION, relname: 'orders', relid: 270675, relkind: 114 'r', rellockmode: 1, security_barrier: false, jointype: JOIN_INNER, joinmergedcols: 0, funcordinality: false, ctename: 0x0, ctelevelsup: 0, self_reference: false, enrname: 0x0, enrtuples: 0, param_new: -1, param_old: -1, mt_result: 0x0, defaultCols: 0x0, rows: 0, lateral: false, inh: true, inFromCl: true, requiredPerms: 2, checkAsUser: 0, selectedCols: (b 11 12), insertedCols: 0x0, updatedCols: 0x0, extraUpdatedCols: 0x0} = {
            eref = Alias aliasname: 'orders' = {
              colnames = List with 9 elements = {
                0 = String[ 'o_orderkey' ],
                1 = String[ 'o_custkey' ],
                2 = String[ 'o_orderstatus' ],
                3 = String[ 'o_totalprice' ],
                4 = String[ 'o_orderdate' ],
                5 = String[ 'o_orderpriority' ],
                6 = String[ 'o_clerk' ],
                7 = String[ 'o_shippriority' ],
                8 = String[ 'o_comment' ]
              }
            }
          },
          3 = RangeTblEntry {rtekind: RTE_RELATION, relname: 'customer', relid: 270672, relkind: 114 'r', rellockmode: 1, security_barrier: false, jointype: JOIN_INNER, joinmergedcols: 0, funcordinality: false, ctename: 0x0, ctelevelsup: 0, self_reference: false, enrname: 0x0, enrtuples: 0, param_new: -1, param_old: -1, mt_result: 0x0, defaultCols: 0x0, rows: 0, lateral: false, inh: true, inFromCl: true, requiredPerms: 2, checkAsUser: 0, selectedCols: (b 11 14), insertedCols: 0x0, updatedCols: 0x0, extraUpdatedCols: 0x0} = {
            eref = Alias aliasname: 'customer' = {
              colnames = List with 8 elements = {
                0 = String[ 'c_custkey' ],
                1 = String[ 'c_name' ],
                2 = String[ 'c_address' ],
                3 = String[ 'c_nationkey' ],
                4 = String[ 'c_phone' ],
                5 = String[ 'c_acctbal' ],
                6 = String[ 'c_mktsegment' ],
                7 = String[ 'c_comment' ]
              }
            }
          },
          4 = RangeTblEntry {rtekind: RTE_RELATION, relname: 'nation', relid: 270657, relkind: 114 'r', rellockmode: 1, security_barrier: false, jointype: JOIN_INNER, joinmergedcols: 0, funcordinality: false, ctename: 0x0, ctelevelsup: 0, self_reference: false, enrname: 0x0, enrtuples: 0, param_new: -1, param_old: -1, mt_result: 0x0, defaultCols: 0x0, rows: 0, lateral: false, inh: true, inFromCl: true, requiredPerms: 2, checkAsUser: 0, selectedCols: (b 11 12), insertedCols: 0x0, updatedCols: 0x0, extraUpdatedCols: 0x0} = {
            alias = Alias aliasname: 'n1',
            eref = Alias aliasname: 'n1' = {
              colnames = List with 4 elements = {
                0 = String[ 'n_nationkey' ],
                1 = String[ 'n_name' ],
                2 = String[ 'n_regionkey' ],
                3 = String[ 'n_comment' ]
              }
            }
          },
          5 = RangeTblEntry {rtekind: RTE_RELATION, relname: 'nation', relid: 270657, relkind: 114 'r', rellockmode: 1, security_barrier: false, jointype: JOIN_INNER, joinmergedcols: 0, funcordinality: false, ctename: 0x0, ctelevelsup: 0, self_reference: false, enrname: 0x0, enrtuples: 0, param_new: -1, param_old: -1, mt_result: 0x0, defaultCols: 0x0, rows: 0, lateral: false, inh: true, inFromCl: true, requiredPerms: 2, checkAsUser: 0, selectedCols: (b 11 12), insertedCols: 0x0, updatedCols: 0x0, extraUpdatedCols: 0x0} = {
            alias = Alias aliasname: 'n2',
            eref = Alias aliasname: 'n2' = {
              colnames = List with 4 elements = {
                0 = String[ 'n_nationkey' ],
                1 = String[ 'n_name' ],
                2 = String[ 'n_regionkey' ],
                3 = String[ 'n_comment' ]
              }
            }
          }
        },
        jointree = FromExpr  = {
          fromlist = List with 6 elements = {
            0 = RangeTblRef rtindex: 1,
            1 = RangeTblRef rtindex: 2,
            2 = RangeTblRef rtindex: 3,
            3 = RangeTblRef rtindex: 4,
            4 = RangeTblRef rtindex: 5,
            5 = RangeTblRef rtindex: 6
          },
          quals = BoolExpr {boolop: AND_EXPR, location: 402} = {
            args = List with 7 elements = {
              0 = OpExpr {opno: 96, opfuncid: 65, opresulttype: 16, opretset: false, opcollid: 0, inputcollid: 0, location: 384} = {
                args = List with 2 elements = {
                  0 = Var {varno: 1, varattno: 1, vartype: 23, vartypmod: -1, varcollid: 0, varlevelsup: 0, varnosyn: 1, varattnosyn: 1, location: 374},
                  1 = Var {varno: 2, varattno: 3, vartype: 23, vartypmod: -1, varcollid: 0, varlevelsup: 0, varnosyn: 2, varattnosyn: 3, location: 386}
                }
              },
              1 = OpExpr {opno: 96, opfuncid: 65, opresulttype: 16, opretset: false, opcollid: 0, inputcollid: 0, location: 417} = {
                args = List with 2 elements = {
                  0 = Var {varno: 3, varattno: 1, vartype: 23, vartypmod: -1, varcollid: 0, varlevelsup: 0, varnosyn: 3, varattnosyn: 1, location: 406},
                  1 = Var {varno: 2, varattno: 1, vartype: 23, vartypmod: -1, varcollid: 0, varlevelsup: 0, varnosyn: 2, varattnosyn: 1, location: 419}
                }
              },
              2 = OpExpr {opno: 96, opfuncid: 65, opresulttype: 16, opretset: false, opcollid: 0, inputcollid: 0, location: 450} = {
                args = List with 2 elements = {
                  0 = Var {varno: 4, varattno: 1, vartype: 23, vartypmod: -1, varcollid: 0, varlevelsup: 0, varnosyn: 4, varattnosyn: 1, location: 440},
                  1 = Var {varno: 3, varattno: 2, vartype: 23, vartypmod: -1, varcollid: 0, varlevelsup: 0, varnosyn: 3, varattnosyn: 2, location: 452}
                }
              },
              3 = OpExpr {opno: 96, opfuncid: 65, opresulttype: 16, opretset: false, opcollid: 0, inputcollid: 0, location: 484} = {
                args = List with 2 elements = {
                  0 = Var {varno: 1, varattno: 4, vartype: 23, vartypmod: -1, varcollid: 0, varlevelsup: 0, varnosyn: 1, varattnosyn: 4, location: 472},
                  1 = Var {varno: 5, varattno: 1, vartype: 23, vartypmod: -1, varcollid: 0, varlevelsup: 0, varnosyn: 5, varattnosyn: 1, location: 486}
                }
              },
              4 = OpExpr {opno: 96, opfuncid: 65, opresulttype: 16, opretset: false, opcollid: 0, inputcollid: 0, location: 523} = {
                args = List with 2 elements = {
                  0 = Var {varno: 4, varattno: 4, vartype: 23, vartypmod: -1, varcollid: 0, varlevelsup: 0, varnosyn: 4, varattnosyn: 4, location: 511},
                  1 = Var {varno: 6, varattno: 1, vartype: 23, vartypmod: -1, varcollid: 0, varlevelsup: 0, varnosyn: 6, varattnosyn: 1, location: 525}
                }
              },
              5 = BoolExpr {boolop: OR_EXPR, location: 617} = {
                args = List with 2 elements = {
                  0 = BoolExpr {boolop: AND_EXPR, location: 582} = {
                    args = List with 2 elements = {
                      0 = OpExpr {opno: 1054, opfuncid: 1048, opresulttype: 16, opretset: false, opcollid: 0, inputcollid: 100, location: 571} = {
                        args = List with 2 elements = {
                          0 = Var {varno: 5, varattno: 2, vartype: 1042, vartypmod: 29, varcollid: 100, varlevelsup: 0, varnosyn: 5, varattnosyn: 2, location: 561},
                          1 = Const {consttype: 1042, consttypmod: -1, constcollid: 100, constlen: -1, constvalue: 94501921727624, constisnull: false, constbyval: false, location: 573}
                        }
                      },
                      1 = OpExpr {opno: 1054, opfuncid: 1048, opresulttype: 16, opretset: false, opcollid: 0, inputcollid: 100, location: 596} = {
                        args = List with 2 elements = {
                          0 = Var {varno: 6, varattno: 2, vartype: 1042, vartypmod: 29, varcollid: 100, varlevelsup: 0, varnosyn: 6, varattnosyn: 2, location: 586},
                          1 = Const {consttype: 1042, consttypmod: -1, constcollid: 100, constlen: -1, constvalue: 94501921728192, constisnull: false, constbyval: false, location: 598}
                        }
                      }
                    }
                  },
                  1 = BoolExpr {boolop: AND_EXPR, location: 643} = {
                    args = List with 2 elements = {
                      0 = OpExpr {opno: 1054, opfuncid: 1048, opresulttype: 16, opretset: false, opcollid: 0, inputcollid: 100, location: 631} = {
                        args = List with 2 elements = {
                          0 = Var {varno: 5, varattno: 2, vartype: 1042, vartypmod: 29, varcollid: 100, varlevelsup: 0, varnosyn: 5, varattnosyn: 2, location: 621},
                          1 = Const {consttype: 1042, consttypmod: -1, constcollid: 100, constlen: -1, constvalue: 94501921728816, constisnull: false, constbyval: false, location: 633}
                        }
                      },
                      1 = OpExpr {opno: 1054, opfuncid: 1048, opresulttype: 16, opretset: false, opcollid: 0, inputcollid: 100, location: 657} = {
                        args = List with 2 elements = {
                          0 = Var {varno: 6, varattno: 2, vartype: 1042, vartypmod: 29, varcollid: 100, varlevelsup: 0, varnosyn: 6, varattnosyn: 2, location: 647},
                          1 = Const {consttype: 1042, consttypmod: -1, constcollid: 100, constlen: -1, constvalue: 94501921729384, constisnull: false, constbyval: false, location: 659}
                        }
                      }
                    }
                  }
                }
              },
              6 = BoolExpr {boolop: AND_EXPR, location: 698} = {
                args = List with 2 elements = {
                  0 = OpExpr {opno: 1098, opfuncid: 1090, opresulttype: 16, opretset: false, opcollid: 0, inputcollid: 0, location: 698} = {
                    args = List with 2 elements = {
                      0 = Var {varno: 2, varattno: 11, vartype: 1082, vartypmod: -1, varcollid: 0, varlevelsup: 0, varnosyn: 2, varattnosyn: 11, location: 687},
                      1 = Const {consttype: 1082, consttypmod: -1, constcollid: 0, constlen: 4, constvalue: 18446744073709549790, constisnull: false, constbyval: true, location: 711}
                    }
                  },
                  1 = OpExpr {opno: 1096, opfuncid: 1088, opresulttype: 16, opretset: false, opcollid: 0, inputcollid: 0, location: 698} = {
                    args = List with 2 elements = {
                      0 = Var {varno: 2, varattno: 11, vartype: 1082, vartypmod: -1, varcollid: 0, varlevelsup: 0, varnosyn: 2, varattnosyn: 11, location: 687},
                      1 = Const {consttype: 1082, consttypmod: -1, constcollid: 0, constlen: 4, constvalue: 18446744073709550520, constisnull: false, constbyval: true, location: 733}
                    }
                  }
                }
              }
            }
          }
        },
        targetList = List with 4 elements = {
          0 = TargetEntry {resno: 1, resname: 'supp_nation', ressortgroupref: 0, resorigtbl: 270657, resorigcol: 2, resjunk: false} = {
            expr = Var {varno: 5, varattno: 2, vartype: 1042, vartypmod: 29, varcollid: 100, varlevelsup: 0, varnosyn: 5, varattnosyn: 2, location: 98}
          },
          1 = TargetEntry {resno: 2, resname: 'cust_nation', ressortgroupref: 0, resorigtbl: 270657, resorigcol: 2, resjunk: false} = {
            expr = Var {varno: 6, varattno: 2, vartype: 1042, vartypmod: 29, varcollid: 100, varlevelsup: 0, varnosyn: 6, varattnosyn: 2, location: 130}
          },
          2 = TargetEntry {resno: 3, resname: 'l_year', ressortgroupref: 0, resorigtbl: 0, resorigcol: 0, resjunk: false} = {
            expr = FuncExpr {funcid: 1384, funcresulttype: 701, funcretset: false, funcvariadic: false, funcformat: COERCE_EXPLICIT_CALL, funccollid: 0, inputcollid: 100, location: 162} = {
              args = List with 2 elements = {
                0 = Const {consttype: 25, consttypmod: -1, constcollid: 100, constlen: -1, constvalue: 94501921724216, constisnull: false, constbyval: false, location: 170},
                1 = Var {varno: 2, varattno: 11, vartype: 1082, vartypmod: -1, varcollid: 0, varlevelsup: 0, varnosyn: 2, varattnosyn: 11, location: 180}
              }
            }
          },
          3 = TargetEntry {resno: 4, resname: 'volume', ressortgroupref: 0, resorigtbl: 0, resorigcol: 0, resjunk: false} = {
            expr = OpExpr {opno: 1760, opfuncid: 1726, opresulttype: 1700, opretset: false, opcollid: 0, inputcollid: 0, location: 225} = {
              args = List with 2 elements = {
                0 = Var {varno: 2, varattno: 6, vartype: 1700, vartypmod: 983046, varcollid: 0, varlevelsup: 0, varnosyn: 2, varattnosyn: 6, location: 209},
                1 = OpExpr {opno: 1759, opfuncid: 1725, opresulttype: 1700, opretset: false, opcollid: 0, inputcollid: 0, location: 230} = {
                  args = List with 2 elements = {
                    0 = FuncExpr {funcid: 1740, funcresulttype: 1700, funcretset: false, funcvariadic: false, funcformat: COERCE_IMPLICIT_CAST, funccollid: 0, inputcollid: 0, location: -1} = {
                      args = List with 1 elements = {
                        0 = Const {consttype: 23, consttypmod: -1, constcollid: 0, constlen: 4, constvalue: 1, constisnull: false, constbyval: true, location: 228}
                      }
                    },
                    1 = Var {varno: 2, varattno: 7, vartype: 1700, vartypmod: 983046, varcollid: 0, varlevelsup: 0, varnosyn: 2, varattnosyn: 7, location: 232}
                  }
                }
              }
            }
          }
        }
      },
      alias = Alias aliasname: 'shipping',
      eref = Alias aliasname: 'shipping' = {
        colnames = List with 4 elements = {
          0 = String[ 'supp_nation' ],
          1 = String[ 'cust_nation' ],
          2 = String[ 'l_year' ],
          3 = String[ 'volume' ]
        }
      }
    },
    1 = RangeTblEntry {rtekind: RTE_RELATION, relname: 'supplier', relid: 270666, relkind: 114 'r', rellockmode: 1, security_barrier: false, jointype: JOIN_INNER, joinmergedcols: 0, funcordinality: false, ctename: 0x0, ctelevelsup: 0, self_reference: false, enrname: 0x0, enrtuples: 0, param_new: -1, param_old: -1, mt_result: 0x0, defaultCols: 0x0, rows: 0, lateral: false, inh: false, inFromCl: true, requiredPerms: 2, checkAsUser: 0, selectedCols: (b 11 14), insertedCols: 0x0, updatedCols: 0x0, extraUpdatedCols: 0x0} = {
      eref = Alias aliasname: 'supplier' = {
        colnames = List with 7 elements = {
          0 = String[ 's_suppkey' ],
          1 = String[ 's_name' ],
          2 = String[ 's_address' ],
          3 = String[ 's_nationkey' ],
          4 = String[ 's_phone' ],
          5 = String[ 's_acctbal' ],
          6 = String[ 's_comment' ]
        }
      }
    },
    2 = RangeTblEntry {rtekind: RTE_RELATION, relname: 'lineitem', relid: 270678, relkind: 114 'r', rellockmode: 1, security_barrier: false, jointype: JOIN_INNER, joinmergedcols: 0, funcordinality: false, ctename: 0x0, ctelevelsup: 0, self_reference: false, enrname: 0x0, enrtuples: 0, param_new: -1, param_old: -1, mt_result: 0x0, defaultCols: 0x0, rows: 0, lateral: false, inh: false, inFromCl: true, requiredPerms: 2, checkAsUser: 0, selectedCols: (b 11 13 16 17 21), insertedCols: 0x0, updatedCols: 0x0, extraUpdatedCols: 0x0} = {
      eref = Alias aliasname: 'lineitem' = {
        colnames = List with 16 elements = {
          0 = String[ 'l_orderkey' ],
          1 = String[ 'l_partkey' ],
          2 = String[ 'l_suppkey' ],
          3 = String[ 'l_linenumber' ],
          4 = String[ 'l_quantity' ],
          5 = String[ 'l_extendedprice' ],
          6 = String[ 'l_discount' ],
          7 = String[ 'l_tax' ],
          8 = String[ 'l_returnflag' ],
          9 = String[ 'l_linestatus' ],
          10 = String[ 'l_shipdate' ],
          11 = String[ 'l_commitdate' ],
          12 = String[ 'l_receiptdate' ],
          13 = String[ 'l_shipinstruct' ],
          14 = String[ 'l_shipmode' ],
          15 = String[ 'l_comment' ]
        }
      }
    },
    3 = RangeTblEntry {rtekind: RTE_RELATION, relname: 'orders', relid: 270675, relkind: 114 'r', rellockmode: 1, security_barrier: false, jointype: JOIN_INNER, joinmergedcols: 0, funcordinality: false, ctename: 0x0, ctelevelsup: 0, self_reference: false, enrname: 0x0, enrtuples: 0, param_new: -1, param_old: -1, mt_result: 0x0, defaultCols: 0x0, rows: 0, lateral: false, inh: false, inFromCl: true, requiredPerms: 2, checkAsUser: 0, selectedCols: (b 11 12), insertedCols: 0x0, updatedCols: 0x0, extraUpdatedCols: 0x0} = {
      eref = Alias aliasname: 'orders' = {
        colnames = List with 9 elements = {
          0 = String[ 'o_orderkey' ],
          1 = String[ 'o_custkey' ],
          2 = String[ 'o_orderstatus' ],
          3 = String[ 'o_totalprice' ],
          4 = String[ 'o_orderdate' ],
          5 = String[ 'o_orderpriority' ],
          6 = String[ 'o_clerk' ],
          7 = String[ 'o_shippriority' ],
          8 = String[ 'o_comment' ]
        }
      }
    },
    4 = RangeTblEntry {rtekind: RTE_RELATION, relname: 'customer', relid: 270672, relkind: 114 'r', rellockmode: 1, security_barrier: false, jointype: JOIN_INNER, joinmergedcols: 0, funcordinality: false, ctename: 0x0, ctelevelsup: 0, self_reference: false, enrname: 0x0, enrtuples: 0, param_new: -1, param_old: -1, mt_result: 0x0, defaultCols: 0x0, rows: 0, lateral: false, inh: false, inFromCl: true, requiredPerms: 2, checkAsUser: 0, selectedCols: (b 11 14), insertedCols: 0x0, updatedCols: 0x0, extraUpdatedCols: 0x0} = {
      eref = Alias aliasname: 'customer' = {
        colnames = List with 8 elements = {
          0 = String[ 'c_custkey' ],
          1 = String[ 'c_name' ],
          2 = String[ 'c_address' ],
          3 = String[ 'c_nationkey' ],
          4 = String[ 'c_phone' ],
          5 = String[ 'c_acctbal' ],
          6 = String[ 'c_mktsegment' ],
          7 = String[ 'c_comment' ]
        }
      }
    },
    5 = RangeTblEntry {rtekind: RTE_RELATION, relname: 'nation', relid: 270657, relkind: 114 'r', rellockmode: 1, security_barrier: false, jointype: JOIN_INNER, joinmergedcols: 0, funcordinality: false, ctename: 0x0, ctelevelsup: 0, self_reference: false, enrname: 0x0, enrtuples: 0, param_new: -1, param_old: -1, mt_result: 0x0, defaultCols: 0x0, rows: 0, lateral: false, inh: false, inFromCl: true, requiredPerms: 2, checkAsUser: 0, selectedCols: (b 11 12), insertedCols: 0x0, updatedCols: 0x0, extraUpdatedCols: 0x0} = {
      alias = Alias aliasname: 'n1',
      eref = Alias aliasname: 'n1' = {
        colnames = List with 4 elements = {
          0 = String[ 'n_nationkey' ],
          1 = String[ 'n_name' ],
          2 = String[ 'n_regionkey' ],
          3 = String[ 'n_comment' ]
        }
      }
    },
    6 = RangeTblEntry {rtekind: RTE_RELATION, relname: 'nation', relid: 270657, relkind: 114 'r', rellockmode: 1, security_barrier: false, jointype: JOIN_INNER, joinmergedcols: 0, funcordinality: false, ctename: 0x0, ctelevelsup: 0, self_reference: false, enrname: 0x0, enrtuples: 0, param_new: -1, param_old: -1, mt_result: 0x0, defaultCols: 0x0, rows: 0, lateral: false, inh: false, inFromCl: true, requiredPerms: 2, checkAsUser: 0, selectedCols: (b 11 12), insertedCols: 0x0, updatedCols: 0x0, extraUpdatedCols: 0x0} = {
      alias = Alias aliasname: 'n2',
      eref = Alias aliasname: 'n2' = {
        colnames = List with 4 elements = {
          0 = String[ 'n_nationkey' ],
          1 = String[ 'n_name' ],
          2 = String[ 'n_regionkey' ],
          3 = String[ 'n_comment' ]
        }
      }
    }
  },
  jointree = FromExpr  = {
    fromlist = List with 1 elements = {
      0 = FromExpr  = {
        fromlist = List with 6 elements = {
          0 = RangeTblRef rtindex: 2,
          1 = RangeTblRef rtindex: 3,
          2 = RangeTblRef rtindex: 4,
          3 = RangeTblRef rtindex: 5,
          4 = RangeTblRef rtindex: 6,
          5 = RangeTblRef rtindex: 7
        },
        quals = List with 8 elements = {
          0 = OpExpr {opno: 96, opfuncid: 65, opresulttype: 16, opretset: false, opcollid: 0, inputcollid: 0, location: 384} = {
            args = List with 2 elements = {
              0 = Var {varno: 2, varattno: 1, vartype: 23, vartypmod: -1, varcollid: 0, varlevelsup: 0, varnosyn: 2, varattnosyn: 1, location: 374},
              1 = Var {varno: 3, varattno: 3, vartype: 23, vartypmod: -1, varcollid: 0, varlevelsup: 0, varnosyn: 3, varattnosyn: 3, location: 386}
            }
          },
          1 = OpExpr {opno: 96, opfuncid: 65, opresulttype: 16, opretset: false, opcollid: 0, inputcollid: 0, location: 417} = {
            args = List with 2 elements = {
              0 = Var {varno: 4, varattno: 1, vartype: 23, vartypmod: -1, varcollid: 0, varlevelsup: 0, varnosyn: 4, varattnosyn: 1, location: 406},
              1 = Var {varno: 3, varattno: 1, vartype: 23, vartypmod: -1, varcollid: 0, varlevelsup: 0, varnosyn: 3, varattnosyn: 1, location: 419}
            }
          },
          2 = OpExpr {opno: 96, opfuncid: 65, opresulttype: 16, opretset: false, opcollid: 0, inputcollid: 0, location: 450} = {
            args = List with 2 elements = {
              0 = Var {varno: 5, varattno: 1, vartype: 23, vartypmod: -1, varcollid: 0, varlevelsup: 0, varnosyn: 5, varattnosyn: 1, location: 440},
              1 = Var {varno: 4, varattno: 2, vartype: 23, vartypmod: -1, varcollid: 0, varlevelsup: 0, varnosyn: 4, varattnosyn: 2, location: 452}
            }
          },
          3 = OpExpr {opno: 96, opfuncid: 65, opresulttype: 16, opretset: false, opcollid: 0, inputcollid: 0, location: 484} = {
            args = List with 2 elements = {
              0 = Var {varno: 2, varattno: 4, vartype: 23, vartypmod: -1, varcollid: 0, varlevelsup: 0, varnosyn: 2, varattnosyn: 4, location: 472},
              1 = Var {varno: 6, varattno: 1, vartype: 23, vartypmod: -1, varcollid: 0, varlevelsup: 0, varnosyn: 6, varattnosyn: 1, location: 486}
            }
          },
          4 = OpExpr {opno: 96, opfuncid: 65, opresulttype: 16, opretset: false, opcollid: 0, inputcollid: 0, location: 523} = {
            args = List with 2 elements = {
              0 = Var {varno: 5, varattno: 4, vartype: 23, vartypmod: -1, varcollid: 0, varlevelsup: 0, varnosyn: 5, varattnosyn: 4, location: 511},
              1 = Var {varno: 7, varattno: 1, vartype: 23, vartypmod: -1, varcollid: 0, varlevelsup: 0, varnosyn: 7, varattnosyn: 1, location: 525}
            }
          },
          5 = BoolExpr {boolop: OR_EXPR, location: -1} = {
            args = List with 2 elements = {
              0 = BoolExpr {boolop: AND_EXPR, location: -1} = {
                args = List with 2 elements = {
                  0 = OpExpr {opno: 1054, opfuncid: 1048, opresulttype: 16, opretset: false, opcollid: 0, inputcollid: 100, location: 571} = {
                    args = List with 2 elements = {
                      0 = Var {varno: 6, varattno: 2, vartype: 1042, vartypmod: 29, varcollid: 100, varlevelsup: 0, varnosyn: 6, varattnosyn: 2, location: 561},
                      1 = Const {consttype: 1042, consttypmod: -1, constcollid: 100, constlen: -1, constvalue: 94501921751512, constisnull: false, constbyval: false, location: 573}
                    }
                  },
                  1 = OpExpr {opno: 1054, opfuncid: 1048, opresulttype: 16, opretset: false, opcollid: 0, inputcollid: 100, location: 596} = {
                    args = List with 2 elements = {
                      0 = Var {varno: 7, varattno: 2, vartype: 1042, vartypmod: 29, varcollid: 100, varlevelsup: 0, varnosyn: 7, varattnosyn: 2, location: 586},
                      1 = Const {consttype: 1042, consttypmod: -1, constcollid: 100, constlen: -1, constvalue: 94501921751904, constisnull: false, constbyval: false, location: 598}
                    }
                  }
                }
              },
              1 = BoolExpr {boolop: AND_EXPR, location: -1} = {
                args = List with 2 elements = {
                  0 = OpExpr {opno: 1054, opfuncid: 1048, opresulttype: 16, opretset: false, opcollid: 0, inputcollid: 100, location: 631} = {
                    args = List with 2 elements = {
                      0 = Var {varno: 6, varattno: 2, vartype: 1042, vartypmod: 29, varcollid: 100, varlevelsup: 0, varnosyn: 6, varattnosyn: 2, location: 621},
                      1 = Const {consttype: 1042, consttypmod: -1, constcollid: 100, constlen: -1, constvalue: 94501921752440, constisnull: false, constbyval: false, location: 633}
                    }
                  },
                  1 = OpExpr {opno: 1054, opfuncid: 1048, opresulttype: 16, opretset: false, opcollid: 0, inputcollid: 100, location: 657} = {
                    args = List with 2 elements = {
                      0 = Var {varno: 7, varattno: 2, vartype: 1042, vartypmod: 29, varcollid: 100, varlevelsup: 0, varnosyn: 7, varattnosyn: 2, location: 647},
                      1 = Const {consttype: 1042, consttypmod: -1, constcollid: 100, constlen: -1, constvalue: 94501921752832, constisnull: false, constbyval: false, location: 659}
                    }
                  }
                }
              }
            }
          },
          6 = OpExpr {opno: 1098, opfuncid: 1090, opresulttype: 16, opretset: false, opcollid: 0, inputcollid: 0, location: 698} = {
            args = List with 2 elements = {
              0 = Var {varno: 3, varattno: 11, vartype: 1082, vartypmod: -1, varcollid: 0, varlevelsup: 0, varnosyn: 3, varattnosyn: 11, location: 687},
              1 = Const {consttype: 1082, consttypmod: -1, constcollid: 0, constlen: 4, constvalue: 18446744073709549790, constisnull: false, constbyval: true, location: 711}
            }
          },
          7 = OpExpr {opno: 1096, opfuncid: 1088, opresulttype: 16, opretset: false, opcollid: 0, inputcollid: 0, location: 698} = {
            args = List with 2 elements = {
              0 = Var {varno: 3, varattno: 11, vartype: 1082, vartypmod: -1, varcollid: 0, varlevelsup: 0, varnosyn: 3, varattnosyn: 11, location: 687},
              1 = Const {consttype: 1082, consttypmod: -1, constcollid: 0, constlen: 4, constvalue: 18446744073709550520, constisnull: false, constbyval: true, location: 733}
            }
          }
        }
      }
    }
  },
  targetList = List with 4 elements = {
    0 = TargetEntry {resno: 1, resname: 'supp_nation', ressortgroupref: 1, resorigtbl: 270657, resorigcol: 2, resjunk: false} = {
      expr = Var {varno: 6, varattno: 2, vartype: 1042, vartypmod: 29, varcollid: 100, varlevelsup: 0, varnosyn: 6, varattnosyn: 2, location: 98}
    },
    1 = TargetEntry {resno: 2, resname: 'cust_nation', ressortgroupref: 2, resorigtbl: 270657, resorigcol: 2, resjunk: false} = {
      expr = Var {varno: 7, varattno: 2, vartype: 1042, vartypmod: 29, varcollid: 100, varlevelsup: 0, varnosyn: 7, varattnosyn: 2, location: 130}
    },
    2 = TargetEntry {resno: 3, resname: 'l_year', ressortgroupref: 3, resorigtbl: 0, resorigcol: 0, resjunk: false} = {
      expr = FuncExpr {funcid: 2021, funcresulttype: 701, funcretset: false, funcvariadic: false, funcformat: COERCE_EXPLICIT_CALL, funccollid: 0, inputcollid: 100, location: 7} = {
        args = List with 2 elements = {
          0 = Const {consttype: 25, consttypmod: -1, constcollid: 100, constlen: -1, constvalue: 94501922421104, constisnull: false, constbyval: false, location: 170},
          1 = FuncExpr {funcid: 2024, funcresulttype: 1114, funcretset: false, funcvariadic: false, funcformat: COERCE_EXPLICIT_CAST, funccollid: 0, inputcollid: 0, location: 32} = {
            args = List with 1 elements = {
              0 = Var {varno: 3, varattno: 11, vartype: 1082, vartypmod: -1, varcollid: 0, varlevelsup: 0, varnosyn: 3, varattnosyn: 11, location: 180}
            }
          }
        }
      }
    },
    3 = TargetEntry {resno: 4, resname: 'revenue', ressortgroupref: 0, resorigtbl: 0, resorigcol: 0, resjunk: false} = {
      expr = Aggref {aggfnoid: 2114, aggtype: 1700, aggcollid: 0, inputcollid: 0, aggtranstype: 2281, aggtrantype: 0, agghas_collectfn: false, rank_first: false, aggstar: false, aggvariadic: false, aggkind: 110 'n', agglevelsup: 0, aggsplit: AGGSPLIT_SIMPLE, location: 49} = {
        aggargtypes = OidList with 1 elements = {1700},
        args = List with 1 elements = {
          0 = TargetEntry {resno: 1, resname: 0x0, ressortgroupref: 0, resorigtbl: 0, resorigcol: 0, resjunk: false} = {
            expr = OpExpr {opno: 1760, opfuncid: 1726, opresulttype: 1700, opretset: false, opcollid: 0, inputcollid: 0, location: 225} = {
              args = List with 2 elements = {
                0 = Var {varno: 3, varattno: 6, vartype: 1700, vartypmod: 983046, varcollid: 0, varlevelsup: 0, varnosyn: 3, varattnosyn: 6, location: 209},
                1 = OpExpr {opno: 1759, opfuncid: 1725, opresulttype: 1700, opretset: false, opcollid: 0, inputcollid: 0, location: 230} = {
                  args = List with 2 elements = {
                    0 = Const {consttype: 1700, consttypmod: -1, constcollid: 0, constlen: -1, constvalue: 94501922422784, constisnull: false, constbyval: false, location: -1},
                    1 = Var {varno: 3, varattno: 7, vartype: 1700, vartypmod: 983046, varcollid: 0, varlevelsup: 0, varnosyn: 3, varattnosyn: 7, location: 232}
                  }
                }
              }
            }
          }
        }
      }
    }
  },
  groupClause = List with 3 elements = {
    0 = SortGroupClause {tleSortGroupRef: 1, eqop: 1054, sortop: 1058, nulls_first: false, hashable: true},
    1 = SortGroupClause {tleSortGroupRef: 2, eqop: 1054, sortop: 1058, nulls_first: false, hashable: true},
    2 = SortGroupClause {tleSortGroupRef: 3, eqop: 670, sortop: 672, nulls_first: false, hashable: true}
  },
  sortClause = List with 3 elements = {
    0 = SortGroupClause {tleSortGroupRef: 1, eqop: 1054, sortop: 1058, nulls_first: false, hashable: true},
    1 = SortGroupClause {tleSortGroupRef: 2, eqop: 1054, sortop: 1058, nulls_first: false, hashable: true},
    2 = SortGroupClause {tleSortGroupRef: 3, eqop: 670, sortop: 672, nulls_first: false, hashable: true}
  }
}
$20 = AggPath T_Agg (cost=1000.84..1000.88 rows=1 parallel_aware=False parallel_safe=False parallel_workers=0) {aggstrategy: AGG_SORTED, aggsplit: AGGSPLIT_SIMPLE, numGroups: 1, transitionSpace: 128} = {
  path.parent = (b),
  path.pathtarget = PathTarget {cost: (0.00..0.01), width: 248} = {
    sortgrouprefs = [1, 2, 3, 0],
    exprs = List with 4 elements = {
      0 = Var {varno: 6, varattno: 2, vartype: 1042, vartypmod: 29, varcollid: 100, varlevelsup: 0, varnosyn: 6, varattnosyn: 2, location: 98},
      1 = Var {varno: 7, varattno: 2, vartype: 1042, vartypmod: 29, varcollid: 100, varlevelsup: 0, varnosyn: 7, varattnosyn: 2, location: 130},
      2 = FuncExpr {funcid: 2021, funcresulttype: 701, funcretset: false, funcvariadic: false, funcformat: COERCE_EXPLICIT_CALL, funccollid: 0, inputcollid: 100, location: 7} = {
        args = List with 2 elements = {
          0 = Const {consttype: 25, consttypmod: -1, constcollid: 100, constlen: -1, constvalue: 94501922421104, constisnull: false, constbyval: false, location: 170},
          1 = FuncExpr {funcid: 2024, funcresulttype: 1114, funcretset: false, funcvariadic: false, funcformat: COERCE_EXPLICIT_CAST, funccollid: 0, inputcollid: 0, location: 32} = {
            args = List with 1 elements = {
              0 = Var {varno: 3, varattno: 11, vartype: 1082, vartypmod: -1, varcollid: 0, varlevelsup: 0, varnosyn: 3, varattnosyn: 11, location: 180}
            }
          }
        }
      },
      3 = Aggref {aggfnoid: 2114, aggtype: 1700, aggcollid: 0, inputcollid: 0, aggtranstype: 2281, aggtrantype: 0, agghas_collectfn: false, rank_first: false, aggstar: false, aggvariadic: false, aggkind: 110 'n', agglevelsup: 0, aggsplit: AGGSPLIT_SIMPLE, location: 49} = {
        aggargtypes = OidList with 1 elements = {1700},
        args = List with 1 elements = {
          0 = TargetEntry {resno: 1, resname: 0x0, ressortgroupref: 0, resorigtbl: 0, resorigcol: 0, resjunk: false} = {
            expr = OpExpr {opno: 1760, opfuncid: 1726, opresulttype: 1700, opretset: false, opcollid: 0, inputcollid: 0, location: 225} = {
              args = List with 2 elements = {
                0 = Var {varno: 3, varattno: 6, vartype: 1700, vartypmod: 983046, varcollid: 0, varlevelsup: 0, varnosyn: 3, varattnosyn: 6, location: 209},
                1 = OpExpr {opno: 1759, opfuncid: 1725, opresulttype: 1700, opretset: false, opcollid: 0, inputcollid: 0, location: 230} = {
                  args = List with 2 elements = {
                    0 = Const {consttype: 1700, consttypmod: -1, constcollid: 0, constlen: -1, constvalue: 94501922422784, constisnull: false, constbyval: false, location: -1},
                    1 = Var {varno: 3, varattno: 7, vartype: 1700, vartypmod: 983046, varcollid: 0, varlevelsup: 0, varnosyn: 3, varattnosyn: 7, location: 232}
                  }
                }
              }
            }
          }
        }
      }
    },
    as_loc_list = IntList with 4 elements = {-1, -1, -1, 64},
    expr_loc_list = IntList with 4 elements = {9, 24, 39, 49},
    expr_len_list = IntList with 4 elements = {-1, -1, -1, 12},
    expr_type_list = IntList with 4 elements = {398, 398, 398, 405}
  },
  path.pathkeys = List with 3 elements = {
    0 = PathKey {pk_opfamily: 426, pk_strategy: 1, pk_nulls_first: false} = {
      pk_eclass = EquivalenceClass {ec_collation: 100, ec_relids: (b 6), ec_has_const: false, ec_has_volatile: false, ec_broken: false, ec_sortref: 1, ec_min_security: 4294967295, ec_max_security: 0} = {
        ec_opfamilies = OidList with 2 elements = {426, 2097},
        ec_members = List with 1 elements = {
          0 = EquivalenceMember {em_relids: (b 6), em_is_const: false, em_is_child: false, em_datatype: 1042} = {
            em_expr = Var {varno: 6, varattno: 2, vartype: 1042, vartypmod: 29, varcollid: 100, varlevelsup: 0, varnosyn: 6, varattnosyn: 2, location: 98}
          }
        }
      }
    },
    1 = PathKey {pk_opfamily: 426, pk_strategy: 1, pk_nulls_first: false} = {
      pk_eclass = EquivalenceClass {ec_collation: 100, ec_relids: (b 7), ec_has_const: false, ec_has_volatile: false, ec_broken: false, ec_sortref: 2, ec_min_security: 4294967295, ec_max_security: 0} = {
        ec_opfamilies = OidList with 2 elements = {426, 2097},
        ec_members = List with 1 elements = {
          0 = EquivalenceMember {em_relids: (b 7), em_is_const: false, em_is_child: false, em_datatype: 1042} = {
            em_expr = Var {varno: 7, varattno: 2, vartype: 1042, vartypmod: 29, varcollid: 100, varlevelsup: 0, varnosyn: 7, varattnosyn: 2, location: 130}
          }
        }
      }
    },
    2 = PathKey {pk_opfamily: 1970, pk_strategy: 1, pk_nulls_first: false} = {
      pk_eclass = EquivalenceClass {ec_collation: 0, ec_relids: (b 3), ec_has_const: false, ec_has_volatile: false, ec_broken: false, ec_sortref: 3, ec_min_security: 4294967295, ec_max_security: 0} = {
        ec_opfamilies = OidList with 1 elements = {1970},
        ec_members = List with 1 elements = {
          0 = EquivalenceMember {em_relids: (b 3), em_is_const: false, em_is_child: false, em_datatype: 701} = {
            em_expr = FuncExpr {funcid: 2021, funcresulttype: 701, funcretset: false, funcvariadic: false, funcformat: COERCE_EXPLICIT_CALL, funccollid: 0, inputcollid: 100, location: 7} = {
              args = List with 2 elements = {
                0 = Const {consttype: 25, consttypmod: -1, constcollid: 100, constlen: -1, constvalue: 94501922453792, constisnull: false, constbyval: false, location: 170},
                1 = FuncExpr {funcid: 2024, funcresulttype: 1114, funcretset: false, funcvariadic: false, funcformat: COERCE_EXPLICIT_CAST, funccollid: 0, inputcollid: 0, location: 32} = {
                  args = List with 1 elements = {
                    0 = Var {varno: 3, varattno: 11, vartype: 1082, vartypmod: -1, varcollid: 0, varlevelsup: 0, varnosyn: 3, varattnosyn: 11, location: 180}
                  }
                }
              }
            }
          }
        }
      }
    }
  },
  subpath = SortPath T_Sort (cost=1000.84..1000.84 rows=1 parallel_aware=False parallel_safe=False parallel_workers=0)  = {
    path.parent = (b),
    path.pathtarget = PathTarget {cost: (0.00..0.01), width: 252} = {
      sortgrouprefs = [1, 2, 3, 0, 0],
      exprs = List with 5 elements = {
        0 = Var {varno: 6, varattno: 2, vartype: 1042, vartypmod: 29, varcollid: 100, varlevelsup: 0, varnosyn: 6, varattnosyn: 2, location: 98},
        1 = Var {varno: 7, varattno: 2, vartype: 1042, vartypmod: 29, varcollid: 100, varlevelsup: 0, varnosyn: 7, varattnosyn: 2, location: 130},
        2 = FuncExpr {funcid: 2021, funcresulttype: 701, funcretset: false, funcvariadic: false, funcformat: COERCE_EXPLICIT_CALL, funccollid: 0, inputcollid: 100, location: 7} = {
          args = List with 2 elements = {
            0 = Const {consttype: 25, consttypmod: -1, constcollid: 100, constlen: -1, constvalue: 94501922421104, constisnull: false, constbyval: false, location: 170},
            1 = FuncExpr {funcid: 2024, funcresulttype: 1114, funcretset: false, funcvariadic: false, funcformat: COERCE_EXPLICIT_CAST, funccollid: 0, inputcollid: 0, location: 32} = {
              args = List with 1 elements = {
                0 = Var {varno: 3, varattno: 11, vartype: 1082, vartypmod: -1, varcollid: 0, varlevelsup: 0, varnosyn: 3, varattnosyn: 11, location: 180}
              }
            }
          }
        },
        3 = Var {varno: 3, varattno: 6, vartype: 1700, vartypmod: 983046, varcollid: 0, varlevelsup: 0, varnosyn: 3, varattnosyn: 6, location: 209},
        4 = Var {varno: 3, varattno: 7, vartype: 1700, vartypmod: 983046, varcollid: 0, varlevelsup: 0, varnosyn: 3, varattnosyn: 7, location: 232}
      }
    },
    path.pathkeys = List with 3 elements = {
      0 = PathKey {pk_opfamily: 426, pk_strategy: 1, pk_nulls_first: false} = {
        pk_eclass = EquivalenceClass {ec_collation: 100, ec_relids: (b 6), ec_has_const: false, ec_has_volatile: false, ec_broken: false, ec_sortref: 1, ec_min_security: 4294967295, ec_max_security: 0} = {
          ec_opfamilies = OidList with 2 elements = {426, 2097},
          ec_members = List with 1 elements = {
            0 = EquivalenceMember {em_relids: (b 6), em_is_const: false, em_is_child: false, em_datatype: 1042} = {
              em_expr = Var {varno: 6, varattno: 2, vartype: 1042, vartypmod: 29, varcollid: 100, varlevelsup: 0, varnosyn: 6, varattnosyn: 2, location: 98}
            }
          }
        }
      },
      1 = PathKey {pk_opfamily: 426, pk_strategy: 1, pk_nulls_first: false} = {
        pk_eclass = EquivalenceClass {ec_collation: 100, ec_relids: (b 7), ec_has_const: false, ec_has_volatile: false, ec_broken: false, ec_sortref: 2, ec_min_security: 4294967295, ec_max_security: 0} = {
          ec_opfamilies = OidList with 2 elements = {426, 2097},
          ec_members = List with 1 elements = {
            0 = EquivalenceMember {em_relids: (b 7), em_is_const: false, em_is_child: false, em_datatype: 1042} = {
              em_expr = Var {varno: 7, varattno: 2, vartype: 1042, vartypmod: 29, varcollid: 100, varlevelsup: 0, varnosyn: 7, varattnosyn: 2, location: 130}
            }
          }
        }
      },
      2 = PathKey {pk_opfamily: 1970, pk_strategy: 1, pk_nulls_first: false} = {
        pk_eclass = EquivalenceClass {ec_collation: 0, ec_relids: (b 3), ec_has_const: false, ec_has_volatile: false, ec_broken: false, ec_sortref: 3, ec_min_security: 4294967295, ec_max_security: 0} = {
          ec_opfamilies = OidList with 1 elements = {1970},
          ec_members = List with 1 elements = {
            0 = EquivalenceMember {em_relids: (b 3), em_is_const: false, em_is_child: false, em_datatype: 701} = {
              em_expr = FuncExpr {funcid: 2021, funcresulttype: 701, funcretset: false, funcvariadic: false, funcformat: COERCE_EXPLICIT_CALL, funccollid: 0, inputcollid: 100, location: 7} = {
                args = List with 2 elements = {
                  0 = Const {consttype: 25, consttypmod: -1, constcollid: 100, constlen: -1, constvalue: 94501922453792, constisnull: false, constbyval: false, location: 170},
                  1 = FuncExpr {funcid: 2024, funcresulttype: 1114, funcretset: false, funcvariadic: false, funcformat: COERCE_EXPLICIT_CAST, funccollid: 0, inputcollid: 0, location: 32} = {
                    args = List with 1 elements = {
                      0 = Var {varno: 3, varattno: 11, vartype: 1082, vartypmod: -1, varcollid: 0, varlevelsup: 0, varnosyn: 3, varattnosyn: 11, location: 180}
                    }
                  }
                }
              }
            }
          }
        }
      }
    },
    subpath = ProjectionPath T_Result (cost=0.00..1000.83 rows=1 parallel_aware=False parallel_safe=False parallel_workers=0) dummypp: true = {
      path.parent = (b 2 3 4 5 6 7),
      path.pathtarget = PathTarget {cost: (0.00..0.01), width: 252} = {
        sortgrouprefs = [1, 2, 3, 0, 0],
        exprs = List with 5 elements = {
          0 = Var {varno: 6, varattno: 2, vartype: 1042, vartypmod: 29, varcollid: 100, varlevelsup: 0, varnosyn: 6, varattnosyn: 2, location: 98},
          1 = Var {varno: 7, varattno: 2, vartype: 1042, vartypmod: 29, varcollid: 100, varlevelsup: 0, varnosyn: 7, varattnosyn: 2, location: 130},
          2 = FuncExpr {funcid: 2021, funcresulttype: 701, funcretset: false, funcvariadic: false, funcformat: COERCE_EXPLICIT_CALL, funccollid: 0, inputcollid: 100, location: 7} = {
            args = List with 2 elements = {
              0 = Const {consttype: 25, consttypmod: -1, constcollid: 100, constlen: -1, constvalue: 94501922421104, constisnull: false, constbyval: false, location: 170},
              1 = FuncExpr {funcid: 2024, funcresulttype: 1114, funcretset: false, funcvariadic: false, funcformat: COERCE_EXPLICIT_CAST, funccollid: 0, inputcollid: 0, location: 32} = {
                args = List with 1 elements = {
                  0 = Var {varno: 3, varattno: 11, vartype: 1082, vartypmod: -1, varcollid: 0, varlevelsup: 0, varnosyn: 3, varattnosyn: 11, location: 180}
                }
              }
            }
          },
          3 = Var {varno: 3, varattno: 6, vartype: 1700, vartypmod: 983046, varcollid: 0, varlevelsup: 0, varnosyn: 3, varattnosyn: 6, location: 209},
          4 = Var {varno: 3, varattno: 7, vartype: 1700, vartypmod: 983046, varcollid: 0, varlevelsup: 0, varnosyn: 3, varattnosyn: 7, location: 232}
        }
      },
      subpath = JoinPath T_NestLoop (cost=0.00..1000.82 rows=1 parallel_aware=False parallel_safe=False parallel_workers=0) {jointype: JOIN_INNER, inner_unique: false} = {
        path.parent = (b 2 3 4 5 6 7),
        path.pathtarget = PathTarget {cost: (0.00..0.00), width: 248} = {
          exprs = List with 5 elements = {
            0 = Var {varno: 3, varattno: 11, vartype: 1082, vartypmod: -1, varcollid: 0, varlevelsup: 0, varnosyn: 3, varattnosyn: 11, location: 180},
            1 = Var {varno: 3, varattno: 6, vartype: 1700, vartypmod: 983046, varcollid: 0, varlevelsup: 0, varnosyn: 3, varattnosyn: 6, location: 209},
            2 = Var {varno: 3, varattno: 7, vartype: 1700, vartypmod: 983046, varcollid: 0, varlevelsup: 0, varnosyn: 3, varattnosyn: 7, location: 232},
            3 = Var {varno: 6, varattno: 2, vartype: 1042, vartypmod: 29, varcollid: 100, varlevelsup: 0, varnosyn: 6, varattnosyn: 2, location: 98},
            4 = Var {varno: 7, varattno: 2, vartype: 1042, vartypmod: 29, varcollid: 100, varlevelsup: 0, varnosyn: 7, varattnosyn: 2, location: 130}
          }
        },
        outerjoinpath = JoinPath T_NestLoop (cost=0.00..836.95 rows=1 parallel_aware=False parallel_safe=False parallel_workers=0) {jointype: JOIN_INNER, inner_unique: false} = {
          path.parent = (b 2 3 4 5 6),
          path.pathtarget = PathTarget {cost: (0.00..0.00), width: 148} = {
            exprs = List with 5 elements = {
              0 = Var {varno: 3, varattno: 11, vartype: 1082, vartypmod: -1, varcollid: 0, varlevelsup: 0, varnosyn: 3, varattnosyn: 11, location: 180},
              1 = Var {varno: 3, varattno: 6, vartype: 1700, vartypmod: 983046, varcollid: 0, varlevelsup: 0, varnosyn: 3, varattnosyn: 6, location: 209},
              2 = Var {varno: 3, varattno: 7, vartype: 1700, vartypmod: 983046, varcollid: 0, varlevelsup: 0, varnosyn: 3, varattnosyn: 7, location: 232},
              3 = Var {varno: 5, varattno: 4, vartype: 23, vartypmod: -1, varcollid: 0, varlevelsup: 0, varnosyn: 5, varattnosyn: 4, location: 511},
              4 = Var {varno: 6, varattno: 2, vartype: 1042, vartypmod: 29, varcollid: 100, varlevelsup: 0, varnosyn: 6, varattnosyn: 2, location: 98}
            }
          },
          outerjoinpath = JoinPath T_NestLoop (cost=0.00..673.09 rows=1 parallel_aware=False parallel_safe=False parallel_workers=0) {jointype: JOIN_INNER, inner_unique: false} = {
            path.parent = (b 2 3 4 5),
            path.pathtarget = PathTarget {cost: (0.00..0.00), width: 48} = {
              exprs = List with 5 elements = {
                0 = Var {varno: 2, varattno: 4, vartype: 23, vartypmod: -1, varcollid: 0, varlevelsup: 0, varnosyn: 2, varattnosyn: 4, location: 472},
                1 = Var {varno: 3, varattno: 11, vartype: 1082, vartypmod: -1, varcollid: 0, varlevelsup: 0, varnosyn: 3, varattnosyn: 11, location: 180},
                2 = Var {varno: 3, varattno: 6, vartype: 1700, vartypmod: 983046, varcollid: 0, varlevelsup: 0, varnosyn: 3, varattnosyn: 6, location: 209},
                3 = Var {varno: 3, varattno: 7, vartype: 1700, vartypmod: 983046, varcollid: 0, varlevelsup: 0, varnosyn: 3, varattnosyn: 7, location: 232},
                4 = Var {varno: 5, varattno: 4, vartype: 23, vartypmod: -1, varcollid: 0, varlevelsup: 0, varnosyn: 5, varattnosyn: 4, location: 511}
              }
            },
            outerjoinpath = JoinPath T_NestLoop (cost=0.00..536.50 rows=1 parallel_aware=False parallel_safe=False parallel_workers=0) {jointype: JOIN_INNER, inner_unique: false} = {
              path.parent = (b 2 3 4),
              path.pathtarget = PathTarget {cost: (0.00..0.00), width: 48} = {
                exprs = List with 5 elements = {
                  0 = Var {varno: 2, varattno: 4, vartype: 23, vartypmod: -1, varcollid: 0, varlevelsup: 0, varnosyn: 2, varattnosyn: 4, location: 472},
                  1 = Var {varno: 3, varattno: 11, vartype: 1082, vartypmod: -1, varcollid: 0, varlevelsup: 0, varnosyn: 3, varattnosyn: 11, location: 180},
                  2 = Var {varno: 3, varattno: 6, vartype: 1700, vartypmod: 983046, varcollid: 0, varlevelsup: 0, varnosyn: 3, varattnosyn: 6, location: 209},
                  3 = Var {varno: 3, varattno: 7, vartype: 1700, vartypmod: 983046, varcollid: 0, varlevelsup: 0, varnosyn: 3, varattnosyn: 7, location: 232},
                  4 = Var {varno: 4, varattno: 2, vartype: 23, vartypmod: -1, varcollid: 0, varlevelsup: 0, varnosyn: 4, varattnosyn: 2, location: 452}
                }
              },
              outerjoinpath = JoinPath T_NestLoop (cost=0.00..336.62 rows=1 parallel_aware=False parallel_safe=False parallel_workers=0) {jointype: JOIN_INNER, inner_unique: false} = {
                path.parent = (b 2 3),
                path.pathtarget = PathTarget {cost: (0.00..0.00), width: 48} = {
                  exprs = List with 5 elements = {
                    0 = Var {varno: 2, varattno: 4, vartype: 23, vartypmod: -1, varcollid: 0, varlevelsup: 0, varnosyn: 2, varattnosyn: 4, location: 472},
                    1 = Var {varno: 3, varattno: 11, vartype: 1082, vartypmod: -1, varcollid: 0, varlevelsup: 0, varnosyn: 3, varattnosyn: 11, location: 180},
                    2 = Var {varno: 3, varattno: 6, vartype: 1700, vartypmod: 983046, varcollid: 0, varlevelsup: 0, varnosyn: 3, varattnosyn: 6, location: 209},
                    3 = Var {varno: 3, varattno: 7, vartype: 1700, vartypmod: 983046, varcollid: 0, varlevelsup: 0, varnosyn: 3, varattnosyn: 7, location: 232},
                    4 = Var {varno: 3, varattno: 1, vartype: 23, vartypmod: -1, varcollid: 0, varlevelsup: 0, varnosyn: 3, varattnosyn: 1, location: 419}
                  }
                },
                outerjoinpath = RemoteQueryPath T_RemoteQuery (cost=0.00..191.00 rows=1 parallel_aware=False parallel_safe=False parallel_workers=0) {jointype: JOIN_INNER, rqhas_unshippable_qual: false, rqhas_temp_rel: false, rqhas_unshippable_tlist: false} = {
                  path.parent = (b 3),
                  path.pathtarget = PathTarget {cost: (0.00..0.00), width: 48} = {
                    exprs = List with 5 elements = {
                      0 = Var {varno: 3, varattno: 11, vartype: 1082, vartypmod: -1, varcollid: 0, varlevelsup: 0, varnosyn: 3, varattnosyn: 11, location: 180},
                      1 = Var {varno: 3, varattno: 6, vartype: 1700, vartypmod: 983046, varcollid: 0, varlevelsup: 0, varnosyn: 3, varattnosyn: 6, location: 209},
                      2 = Var {varno: 3, varattno: 7, vartype: 1700, vartypmod: 983046, varcollid: 0, varlevelsup: 0, varnosyn: 3, varattnosyn: 7, location: 232},
                      3 = Var {varno: 3, varattno: 3, vartype: 23, vartypmod: -1, varcollid: 0, varlevelsup: 0, varnosyn: 3, varattnosyn: 3, location: 386},
                      4 = Var {varno: 3, varattno: 1, vartype: 23, vartypmod: -1, varcollid: 0, varlevelsup: 0, varnosyn: 3, varattnosyn: 1, location: 419}
                    }
                  },
                  rqpath_en = ExecNodes {accesstype: RELATION_ACCESS_READ, baselocatortype: 72 'H', en_relid: 0, en_funcid: 0} = {
                    en_dist_vars = List with 1 elements = {
                      0 = Var {varno: 3, varattno: 1, vartype: 23, vartypmod: -1, varcollid: 0, varlevelsup: 0, varnosyn: 3, varattnosyn: 1, location: 419}
                    },
                    nodeids = OidList with 3 elements = {16386, 16387, 16388}
                  }
                },
                innerjoinpath = RemoteQueryPath T_RemoteQuery (cost=0.00..145.00 rows=50 parallel_aware=False parallel_safe=False parallel_workers=0) {jointype: JOIN_INNER, rqhas_unshippable_qual: false, rqhas_temp_rel: false, rqhas_unshippable_tlist: false} = {
                  path.parent = (b 2),
                  path.pathtarget = PathTarget {cost: (0.00..0.00), width: 8} = {
                    exprs = List with 2 elements = {
                      0 = Var {varno: 2, varattno: 1, vartype: 23, vartypmod: -1, varcollid: 0, varlevelsup: 0, varnosyn: 2, varattnosyn: 1, location: 374},
                      1 = Var {varno: 2, varattno: 4, vartype: 23, vartypmod: -1, varcollid: 0, varlevelsup: 0, varnosyn: 2, varattnosyn: 4, location: 472}
                    }
                  },
                  rqpath_en = ExecNodes {accesstype: RELATION_ACCESS_READ, baselocatortype: 72 'H', en_relid: 0, en_funcid: 0} = {
                    en_dist_vars = List with 1 elements = {
                      0 = Var {varno: 2, varattno: 1, vartype: 23, vartypmod: -1, varcollid: 0, varlevelsup: 0, varnosyn: 2, varattnosyn: 1, location: 374}
                    },
                    nodeids = OidList with 3 elements = {16386, 16387, 16388}
                  }
                },
                joinrestrictinfo = List with 1 elements = {
                  0 = RestrictInfo {is_pushed_down: true, outerjoin_delayed: false, can_join: true, pseudoconstant: false, leakproof: false, security_level: 0, clause_relids: (b 2 3), required_relids: (b 2 3), outer_relids: (b), nullable_relids: (b), left_relids: (b 2), right_relids: (b 3), eval_cost: (0.00..0.00), norm_selec: 0.0050, outer_selec: -1.0000, outer_is_left: false, hashjoinoperator: 96, left_bucketsize: 0.0200, right_bucketsize: 0.1000, left_mcvfreq: 0.0000, right_mcvfreq: 0.0000} = {
                    clause = OpExpr {opno: 96, opfuncid: 65, opresulttype: 16, opretset: false, opcollid: 0, inputcollid: 0, location: -1} = {
                      args = List with 2 elements = {
                        0 = Var {varno: 2, varattno: 1, vartype: 23, vartypmod: -1, varcollid: 0, varlevelsup: 0, varnosyn: 2, varattnosyn: 1, location: 374},
                        1 = Var {varno: 3, varattno: 3, vartype: 23, vartypmod: -1, varcollid: 0, varlevelsup: 0, varnosyn: 3, varattnosyn: 3, location: 386}
                      }
                    },
                    mergeopfamilies = OidList with 1 elements = {1976},
                    left_em = EquivalenceMember {em_relids: (b 2), em_is_const: false, em_is_child: false, em_datatype: 23} = {
                      em_expr = Var {varno: 2, varattno: 1, vartype: 23, vartypmod: -1, varcollid: 0, varlevelsup: 0, varnosyn: 2, varattnosyn: 1, location: 374}
                    },
                    right_em = EquivalenceMember {em_relids: (b 3), em_is_const: false, em_is_child: false, em_datatype: 23} = {
                      em_expr = Var {varno: 3, varattno: 3, vartype: 23, vartypmod: -1, varcollid: 0, varlevelsup: 0, varnosyn: 3, varattnosyn: 3, location: 386}
                    }
                  }
                }
              },
              innerjoinpath = RemoteQueryPath T_RemoteQuery (cost=0.00..199.00 rows=70 parallel_aware=False parallel_safe=False parallel_workers=0) {jointype: JOIN_INNER, rqhas_unshippable_qual: false, rqhas_temp_rel: false, rqhas_unshippable_tlist: false} = {
                path.parent = (b 4),
                path.pathtarget = PathTarget {cost: (0.00..0.00), width: 8} = {
                  exprs = List with 2 elements = {
                    0 = Var {varno: 4, varattno: 1, vartype: 23, vartypmod: -1, varcollid: 0, varlevelsup: 0, varnosyn: 4, varattnosyn: 1, location: 406},
                    1 = Var {varno: 4, varattno: 2, vartype: 23, vartypmod: -1, varcollid: 0, varlevelsup: 0, varnosyn: 4, varattnosyn: 2, location: 452}
                  }
                },
                rqpath_en = ExecNodes {accesstype: RELATION_ACCESS_READ, baselocatortype: 72 'H', en_relid: 0, en_funcid: 0} = {
                  en_dist_vars = List with 1 elements = {
                    0 = Var {varno: 4, varattno: 1, vartype: 23, vartypmod: -1, varcollid: 0, varlevelsup: 0, varnosyn: 4, varattnosyn: 1, location: 406}
                  },
                  nodeids = OidList with 3 elements = {16386, 16387, 16388}
                }
              },
              joinrestrictinfo = List with 1 elements = {
                0 = RestrictInfo {is_pushed_down: true, outerjoin_delayed: false, can_join: true, pseudoconstant: false, leakproof: false, security_level: 0, clause_relids: (b 3 4), required_relids: (b 3 4), outer_relids: (b), nullable_relids: (b), left_relids: (b 3), right_relids: (b 4), eval_cost: (0.00..0.00), norm_selec: 0.0050, outer_selec: -1.0000, outer_is_left: false, hashjoinoperator: 96, left_bucketsize: 0.1000, right_bucketsize: 0.1000, left_mcvfreq: 0.0000, right_mcvfreq: 0.0000} = {
                  clause = OpExpr {opno: 96, opfuncid: 65, opresulttype: 16, opretset: false, opcollid: 0, inputcollid: 0, location: -1} = {
                    args = List with 2 elements = {
                      0 = Var {varno: 3, varattno: 1, vartype: 23, vartypmod: -1, varcollid: 0, varlevelsup: 0, varnosyn: 3, varattnosyn: 1, location: 419},
                      1 = Var {varno: 4, varattno: 1, vartype: 23, vartypmod: -1, varcollid: 0, varlevelsup: 0, varnosyn: 4, varattnosyn: 1, location: 406}
                    }
                  },
                  mergeopfamilies = OidList with 1 elements = {1976},
                  left_em = EquivalenceMember {em_relids: (b 3), em_is_const: false, em_is_child: false, em_datatype: 23} = {
                    em_expr = Var {varno: 3, varattno: 1, vartype: 23, vartypmod: -1, varcollid: 0, varlevelsup: 0, varnosyn: 3, varattnosyn: 1, location: 419}
                  },
                  right_em = EquivalenceMember {em_relids: (b 4), em_is_const: false, em_is_child: false, em_datatype: 23} = {
                    em_expr = Var {varno: 4, varattno: 1, vartype: 23, vartypmod: -1, varcollid: 0, varlevelsup: 0, varnosyn: 4, varattnosyn: 1, location: 406}
                  }
                }
              }
            },
            innerjoinpath = RemoteQueryPath T_RemoteQuery (cost=0.00..136.00 rows=47 parallel_aware=False parallel_safe=False parallel_workers=0) {jointype: JOIN_INNER, rqhas_unshippable_qual: false, rqhas_temp_rel: false, rqhas_unshippable_tlist: false} = {
              path.parent = (b 5),
              path.pathtarget = PathTarget {cost: (0.00..0.00), width: 8} = {
                exprs = List with 2 elements = {
                  0 = Var {varno: 5, varattno: 1, vartype: 23, vartypmod: -1, varcollid: 0, varlevelsup: 0, varnosyn: 5, varattnosyn: 1, location: 440},
                  1 = Var {varno: 5, varattno: 4, vartype: 23, vartypmod: -1, varcollid: 0, varlevelsup: 0, varnosyn: 5, varattnosyn: 4, location: 511}
                }
              },
              rqpath_en = ExecNodes {accesstype: RELATION_ACCESS_READ, baselocatortype: 72 'H', en_relid: 0, en_funcid: 0} = {
                en_dist_vars = List with 1 elements = {
                  0 = Var {varno: 5, varattno: 1, vartype: 23, vartypmod: -1, varcollid: 0, varlevelsup: 0, varnosyn: 5, varattnosyn: 1, location: 440}
                },
                nodeids = OidList with 3 elements = {16386, 16387, 16388}
              }
            },
            joinrestrictinfo = List with 1 elements = {
              0 = RestrictInfo {is_pushed_down: true, outerjoin_delayed: false, can_join: true, pseudoconstant: false, leakproof: false, security_level: 0, clause_relids: (b 4 5), required_relids: (b 4 5), outer_relids: (b), nullable_relids: (b), left_relids: (b 4), right_relids: (b 5), eval_cost: (0.00..0.00), norm_selec: 0.0050, outer_selec: -1.0000, outer_is_left: false, hashjoinoperator: 96, left_bucketsize: 0.1000, right_bucketsize: 0.0213, left_mcvfreq: 0.0000, right_mcvfreq: 0.0000} = {
                clause = OpExpr {opno: 96, opfuncid: 65, opresulttype: 16, opretset: false, opcollid: 0, inputcollid: 0, location: -1} = {
                  args = List with 2 elements = {
                    0 = Var {varno: 4, varattno: 2, vartype: 23, vartypmod: -1, varcollid: 0, varlevelsup: 0, varnosyn: 4, varattnosyn: 2, location: 452},
                    1 = Var {varno: 5, varattno: 1, vartype: 23, vartypmod: -1, varcollid: 0, varlevelsup: 0, varnosyn: 5, varattnosyn: 1, location: 440}
                  }
                },
                mergeopfamilies = OidList with 1 elements = {1976},
                left_em = EquivalenceMember {em_relids: (b 4), em_is_const: false, em_is_child: false, em_datatype: 23} = {
                  em_expr = Var {varno: 4, varattno: 2, vartype: 23, vartypmod: -1, varcollid: 0, varlevelsup: 0, varnosyn: 4, varattnosyn: 2, location: 452}
                },
                right_em = EquivalenceMember {em_relids: (b 5), em_is_const: false, em_is_child: false, em_datatype: 23} = {
                  em_expr = Var {varno: 5, varattno: 1, vartype: 23, vartypmod: -1, varcollid: 0, varlevelsup: 0, varnosyn: 5, varattnosyn: 1, location: 440}
                }
              }
            }
          },
          innerjoinpath = RemoteQueryPath T_RemoteQuery (cost=0.00..163.85 rows=1 parallel_aware=False parallel_safe=False parallel_workers=0) {jointype: JOIN_INNER, rqhas_unshippable_qual: false, rqhas_temp_rel: false, rqhas_unshippable_tlist: false} = {
            path.parent = (b 6),
            path.pathtarget = PathTarget {cost: (0.00..0.00), width: 108} = {
              exprs = List with 2 elements = {
                0 = Var {varno: 6, varattno: 2, vartype: 1042, vartypmod: 29, varcollid: 100, varlevelsup: 0, varnosyn: 6, varattnosyn: 2, location: 98},
                1 = Var {varno: 6, varattno: 1, vartype: 23, vartypmod: -1, varcollid: 0, varlevelsup: 0, varnosyn: 6, varattnosyn: 1, location: 486}
              }
            },
            rqpath_en = ExecNodes {accesstype: RELATION_ACCESS_READ, baselocatortype: 72 'H', en_relid: 0, en_funcid: 0} = {
              en_dist_vars = List with 1 elements = {
                0 = Var {varno: 6, varattno: 1, vartype: 23, vartypmod: -1, varcollid: 0, varlevelsup: 0, varnosyn: 6, varattnosyn: 1, location: 486}
              },
              nodeids = OidList with 3 elements = {16386, 16387, 16388}
            }
          },
          joinrestrictinfo = List with 1 elements = {
            0 = RestrictInfo {is_pushed_down: true, outerjoin_delayed: false, can_join: true, pseudoconstant: false, leakproof: false, security_level: 0, clause_relids: (b 2 6), required_relids: (b 2 6), outer_relids: (b), nullable_relids: (b), left_relids: (b 2), right_relids: (b 6), eval_cost: (0.00..0.00), norm_selec: 0.0059, outer_selec: -1.0000, outer_is_left: false, hashjoinoperator: 96, left_bucketsize: 0.0200, right_bucketsize: 1.0000, left_mcvfreq: 0.0000, right_mcvfreq: 0.0000} = {
              clause = OpExpr {opno: 96, opfuncid: 65, opresulttype: 16, opretset: false, opcollid: 0, inputcollid: 0, location: -1} = {
                args = List with 2 elements = {
                  0 = Var {varno: 2, varattno: 4, vartype: 23, vartypmod: -1, varcollid: 0, varlevelsup: 0, varnosyn: 2, varattnosyn: 4, location: 472},
                  1 = Var {varno: 6, varattno: 1, vartype: 23, vartypmod: -1, varcollid: 0, varlevelsup: 0, varnosyn: 6, varattnosyn: 1, location: 486}
                }
              },
              mergeopfamilies = OidList with 1 elements = {1976},
              left_em = EquivalenceMember {em_relids: (b 2), em_is_const: false, em_is_child: false, em_datatype: 23} = {
                em_expr = Var {varno: 2, varattno: 4, vartype: 23, vartypmod: -1, varcollid: 0, varlevelsup: 0, varnosyn: 2, varattnosyn: 4, location: 472}
              },
              right_em = EquivalenceMember {em_relids: (b 6), em_is_const: false, em_is_child: false, em_datatype: 23} = {
                em_expr = Var {varno: 6, varattno: 1, vartype: 23, vartypmod: -1, varcollid: 0, varlevelsup: 0, varnosyn: 6, varattnosyn: 1, location: 486}
              }
            }
          }
        },
        innerjoinpath = RemoteQueryPath T_RemoteQuery (cost=0.00..163.85 rows=1 parallel_aware=False parallel_safe=False parallel_workers=0) {jointype: JOIN_INNER, rqhas_unshippable_qual: false, rqhas_temp_rel: false, rqhas_unshippable_tlist: false} = {
          path.parent = (b 7),
          path.pathtarget = PathTarget {cost: (0.00..0.00), width: 108} = {
            exprs = List with 2 elements = {
              0 = Var {varno: 7, varattno: 2, vartype: 1042, vartypmod: 29, varcollid: 100, varlevelsup: 0, varnosyn: 7, varattnosyn: 2, location: 130},
              1 = Var {varno: 7, varattno: 1, vartype: 23, vartypmod: -1, varcollid: 0, varlevelsup: 0, varnosyn: 7, varattnosyn: 1, location: 525}
            }
          },
          rqpath_en = ExecNodes {accesstype: RELATION_ACCESS_READ, baselocatortype: 72 'H', en_relid: 0, en_funcid: 0} = {
            en_dist_vars = List with 1 elements = {
              0 = Var {varno: 7, varattno: 1, vartype: 23, vartypmod: -1, varcollid: 0, varlevelsup: 0, varnosyn: 7, varattnosyn: 1, location: 525}
            },
            nodeids = OidList with 3 elements = {16386, 16387, 16388}
          }
        },
        joinrestrictinfo = List with 2 elements = {
          0 = RestrictInfo {is_pushed_down: true, outerjoin_delayed: false, can_join: false, pseudoconstant: false, leakproof: false, security_level: 0, clause_relids: (b 6 7), required_relids: (b 6 7), outer_relids: (b), nullable_relids: (b), left_relids: (b), right_relids: (b), eval_cost: (0.00..0.01), norm_selec: 0.5029, outer_selec: -1.0000, outer_is_left: false, hashjoinoperator: 0, left_bucketsize: -1.0000, right_bucketsize: -1.0000, left_mcvfreq: -1.0000, right_mcvfreq: -1.0000} = {
            clause = BoolExpr {boolop: OR_EXPR, location: -1} = {
              args = List with 2 elements = {
                0 = BoolExpr {boolop: AND_EXPR, location: -1} = {
                  args = List with 2 elements = {
                    0 = OpExpr {opno: 1054, opfuncid: 1048, opresulttype: 16, opretset: false, opcollid: 0, inputcollid: 100, location: 571} = {
                      args = List with 2 elements = {
                        0 = Var {varno: 6, varattno: 2, vartype: 1042, vartypmod: 29, varcollid: 100, varlevelsup: 0, varnosyn: 6, varattnosyn: 2, location: 561},
                        1 = Const {consttype: 1042, consttypmod: -1, constcollid: 100, constlen: -1, constvalue: 94501921751512, constisnull: false, constbyval: false, location: 573}
                      }
                    },
                    1 = OpExpr {opno: 1054, opfuncid: 1048, opresulttype: 16, opretset: false, opcollid: 0, inputcollid: 100, location: 596} = {
                      args = List with 2 elements = {
                        0 = Var {varno: 7, varattno: 2, vartype: 1042, vartypmod: 29, varcollid: 100, varlevelsup: 0, varnosyn: 7, varattnosyn: 2, location: 586},
                        1 = Const {consttype: 1042, consttypmod: -1, constcollid: 100, constlen: -1, constvalue: 94501921751904, constisnull: false, constbyval: false, location: 598}
                      }
                    }
                  }
                },
                1 = BoolExpr {boolop: AND_EXPR, location: -1} = {
                  args = List with 2 elements = {
                    0 = OpExpr {opno: 1054, opfuncid: 1048, opresulttype: 16, opretset: false, opcollid: 0, inputcollid: 100, location: 631} = {
                      args = List with 2 elements = {
                        0 = Var {varno: 6, varattno: 2, vartype: 1042, vartypmod: 29, varcollid: 100, varlevelsup: 0, varnosyn: 6, varattnosyn: 2, location: 621},
                        1 = Const {consttype: 1042, consttypmod: -1, constcollid: 100, constlen: -1, constvalue: 94501921752440, constisnull: false, constbyval: false, location: 633}
                      }
                    },
                    1 = OpExpr {opno: 1054, opfuncid: 1048, opresulttype: 16, opretset: false, opcollid: 0, inputcollid: 100, location: 657} = {
                      args = List with 2 elements = {
                        0 = Var {varno: 7, varattno: 2, vartype: 1042, vartypmod: 29, varcollid: 100, varlevelsup: 0, varnosyn: 7, varattnosyn: 2, location: 647},
                        1 = Const {consttype: 1042, consttypmod: -1, constcollid: 100, constlen: -1, constvalue: 94501921752832, constisnull: false, constbyval: false, location: 659}
                      }
                    }
                  }
                }
              }
            },
            orclause = BoolExpr {boolop: OR_EXPR, location: -1} = {
              args = List with 2 elements = {
                0 = BoolExpr {boolop: AND_EXPR, location: -1} = {
                  args = List with 2 elements = {
                    0 = RestrictInfo {is_pushed_down: true, outerjoin_delayed: false, can_join: false, pseudoconstant: false, leakproof: false, security_level: 0, clause_relids: (b 6), required_relids: (b 6), outer_relids: (b), nullable_relids: (b), left_relids: (b 6), right_relids: (b), eval_cost: (0.00..0.00), norm_selec: 0.0059, outer_selec: -1.0000, outer_is_left: false, hashjoinoperator: 0, left_bucketsize: -1.0000, right_bucketsize: -1.0000, left_mcvfreq: -1.0000, right_mcvfreq: -1.0000} = {
                      clause = OpExpr {opno: 1054, opfuncid: 1048, opresulttype: 16, opretset: false, opcollid: 0, inputcollid: 100, location: 571} = {
                        args = List with 2 elements = {
                          0 = Var {varno: 6, varattno: 2, vartype: 1042, vartypmod: 29, varcollid: 100, varlevelsup: 0, varnosyn: 6, varattnosyn: 2, location: 561},
                          1 = Const {consttype: 1042, consttypmod: -1, constcollid: 100, constlen: -1, constvalue: 94501921751512, constisnull: false, constbyval: false, location: 573}
                        }
                      }
                    },
                    1 = RestrictInfo {is_pushed_down: true, outerjoin_delayed: false, can_join: false, pseudoconstant: false, leakproof: false, security_level: 0, clause_relids: (b 7), required_relids: (b 7), outer_relids: (b), nullable_relids: (b), left_relids: (b 7), right_relids: (b), eval_cost: (0.00..0.00), norm_selec: 0.0059, outer_selec: -1.0000, outer_is_left: false, hashjoinoperator: 0, left_bucketsize: -1.0000, right_bucketsize: -1.0000, left_mcvfreq: -1.0000, right_mcvfreq: -1.0000} = {
                      clause = OpExpr {opno: 1054, opfuncid: 1048, opresulttype: 16, opretset: false, opcollid: 0, inputcollid: 100, location: 596} = {
                        args = List with 2 elements = {
                          0 = Var {varno: 7, varattno: 2, vartype: 1042, vartypmod: 29, varcollid: 100, varlevelsup: 0, varnosyn: 7, varattnosyn: 2, location: 586},
                          1 = Const {consttype: 1042, consttypmod: -1, constcollid: 100, constlen: -1, constvalue: 94501921751904, constisnull: false, constbyval: false, location: 598}
                        }
                      }
                    }
                  }
                },
                1 = BoolExpr {boolop: AND_EXPR, location: -1} = {
                  args = List with 2 elements = {
                    0 = RestrictInfo {is_pushed_down: true, outerjoin_delayed: false, can_join: false, pseudoconstant: false, leakproof: false, security_level: 0, clause_relids: (b 6), required_relids: (b 6), outer_relids: (b), nullable_relids: (b), left_relids: (b 6), right_relids: (b), eval_cost: (0.00..0.00), norm_selec: 0.0059, outer_selec: -1.0000, outer_is_left: false, hashjoinoperator: 0, left_bucketsize: -1.0000, right_bucketsize: -1.0000, left_mcvfreq: -1.0000, right_mcvfreq: -1.0000} = {
                      clause = OpExpr {opno: 1054, opfuncid: 1048, opresulttype: 16, opretset: false, opcollid: 0, inputcollid: 100, location: 631} = {
                        args = List with 2 elements = {
                          0 = Var {varno: 6, varattno: 2, vartype: 1042, vartypmod: 29, varcollid: 100, varlevelsup: 0, varnosyn: 6, varattnosyn: 2, location: 621},
                          1 = Const {consttype: 1042, consttypmod: -1, constcollid: 100, constlen: -1, constvalue: 94501921752440, constisnull: false, constbyval: false, location: 633}
                        }
                      }
                    },
                    1 = RestrictInfo {is_pushed_down: true, outerjoin_delayed: false, can_join: false, pseudoconstant: false, leakproof: false, security_level: 0, clause_relids: (b 7), required_relids: (b 7), outer_relids: (b), nullable_relids: (b), left_relids: (b 7), right_relids: (b), eval_cost: (0.00..0.00), norm_selec: 0.0059, outer_selec: -1.0000, outer_is_left: false, hashjoinoperator: 0, left_bucketsize: -1.0000, right_bucketsize: -1.0000, left_mcvfreq: -1.0000, right_mcvfreq: -1.0000} = {
                      clause = OpExpr {opno: 1054, opfuncid: 1048, opresulttype: 16, opretset: false, opcollid: 0, inputcollid: 100, location: 657} = {
                        args = List with 2 elements = {
                          0 = Var {varno: 7, varattno: 2, vartype: 1042, vartypmod: 29, varcollid: 100, varlevelsup: 0, varnosyn: 7, varattnosyn: 2, location: 647},
                          1 = Const {consttype: 1042, consttypmod: -1, constcollid: 100, constlen: -1, constvalue: 94501921752832, constisnull: false, constbyval: false, location: 659}
                        }
                      }
                    }
                  }
                }
              }
            }
          },
          1 = RestrictInfo {is_pushed_down: true, outerjoin_delayed: false, can_join: true, pseudoconstant: false, leakproof: false, security_level: 0, clause_relids: (b 5 7), required_relids: (b 5 7), outer_relids: (b), nullable_relids: (b), left_relids: (b 5), right_relids: (b 7), eval_cost: (0.00..0.00), norm_selec: 0.0059, outer_selec: -1.0000, outer_is_left: false, hashjoinoperator: 96, left_bucketsize: 0.0213, right_bucketsize: 1.0000, left_mcvfreq: 0.0000, right_mcvfreq: 0.0000} = {
            clause = OpExpr {opno: 96, opfuncid: 65, opresulttype: 16, opretset: false, opcollid: 0, inputcollid: 0, location: -1} = {
              args = List with 2 elements = {
                0 = Var {varno: 5, varattno: 4, vartype: 23, vartypmod: -1, varcollid: 0, varlevelsup: 0, varnosyn: 5, varattnosyn: 4, location: 511},
                1 = Var {varno: 7, varattno: 1, vartype: 23, vartypmod: -1, varcollid: 0, varlevelsup: 0, varnosyn: 7, varattnosyn: 1, location: 525}
              }
            },
            mergeopfamilies = OidList with 1 elements = {1976},
            left_em = EquivalenceMember {em_relids: (b 5), em_is_const: false, em_is_child: false, em_datatype: 23} = {
              em_expr = Var {varno: 5, varattno: 4, vartype: 23, vartypmod: -1, varcollid: 0, varlevelsup: 0, varnosyn: 5, varattnosyn: 4, location: 511}
            },
            right_em = EquivalenceMember {em_relids: (b 7), em_is_const: false, em_is_child: false, em_datatype: 23} = {
              em_expr = Var {varno: 7, varattno: 1, vartype: 23, vartypmod: -1, varcollid: 0, varlevelsup: 0, varnosyn: 7, varattnosyn: 1, location: 525}
            }
          }
        }
      }
    }
  },
  groupClause = List with 3 elements = {
    0 = SortGroupClause {tleSortGroupRef: 1, eqop: 1054, sortop: 1058, nulls_first: false, hashable: true},
    1 = SortGroupClause {tleSortGroupRef: 2, eqop: 1054, sortop: 1058, nulls_first: false, hashable: true},
    2 = SortGroupClause {tleSortGroupRef: 3, eqop: 670, sortop: 672, nulls_first: false, hashable: true}
  }
}

Breakpoint 2, standard_planner (parse=0x55f2f1816d30, query_string=0x55f2f1676670 "select\n  supp_nation,\n  cust_nation,\n  l_year,\n  sum(volume) as revenue\nfrom\n  (\n    select\n      n1.n_name as supp_nation,\n      n2.n_name as cust_nation,\n      extract(year from l_shipdate) as l_yea"..., cursorOptions=33024, boundParams=0x0) at /workspaces/AntDB/src/backend/optimizer/plan/planner.c:761
761		result->commandType = parse->commandType;
$21 = Agg (cost=1000.84..1000.88 rows=1 width=248 plan_id=0 parallel_aware=False parallel_safe = False) {aggstrategy: AGG_SORTED, aggsplit: AGGSPLIT_SIMPLE, numCols: 3, numGroups: 1, transitionSpace: 128, aggParams: 0x0} = {
  grpColIdx = [1, 2, 3],
  grpOperators = [1054, 1054, 670],
  grpCollations = [100, 100, 0],
  plan.targetlist = List with 4 elements = {
    0 = TargetEntry {resno: 1, resname: 'supp_nation', ressortgroupref: 1, resorigtbl: 270657, resorigcol: 2, resjunk: false} = {
      expr = Var {varno: 65001, varattno: 1, vartype: 1042, vartypmod: 29, varcollid: 100, varlevelsup: 0, varnosyn: 0, varattnosyn: 0, location: -1}
    },
    1 = TargetEntry {resno: 2, resname: 'cust_nation', ressortgroupref: 2, resorigtbl: 270657, resorigcol: 2, resjunk: false} = {
      expr = Var {varno: 65001, varattno: 2, vartype: 1042, vartypmod: 29, varcollid: 100, varlevelsup: 0, varnosyn: 0, varattnosyn: 0, location: -1}
    },
    2 = TargetEntry {resno: 3, resname: 'l_year', ressortgroupref: 3, resorigtbl: 0, resorigcol: 0, resjunk: false} = {
      expr = Var {varno: 65001, varattno: 3, vartype: 701, vartypmod: -1, varcollid: 0, varlevelsup: 0, varnosyn: 0, varattnosyn: 0, location: -1}
    },
    3 = TargetEntry {resno: 4, resname: 'revenue', ressortgroupref: 0, resorigtbl: 0, resorigcol: 0, resjunk: false} = {
      expr = Aggref {aggfnoid: 2114, aggtype: 1700, aggcollid: 0, inputcollid: 0, aggtranstype: 2281, aggtrantype: 0, agghas_collectfn: false, rank_first: false, aggstar: false, aggvariadic: false, aggkind: 110 'n', agglevelsup: 0, aggsplit: AGGSPLIT_SIMPLE, location: 49} = {
        aggargtypes = OidList with 1 elements = {1700},
        args = List with 1 elements = {
          0 = TargetEntry {resno: 1, resname: 0x0, ressortgroupref: 0, resorigtbl: 0, resorigcol: 0, resjunk: false} = {
            expr = OpExpr {opno: 1760, opfuncid: 1726, opresulttype: 1700, opretset: false, opcollid: 0, inputcollid: 0, location: 225} = {
              args = List with 2 elements = {
                0 = Var {varno: 65001, varattno: 4, vartype: 1700, vartypmod: 983046, varcollid: 0, varlevelsup: 0, varnosyn: 3, varattnosyn: 6, location: 209},
                1 = OpExpr {opno: 1759, opfuncid: 1725, opresulttype: 1700, opretset: false, opcollid: 0, inputcollid: 0, location: 230} = {
                  args = List with 2 elements = {
                    0 = Const {consttype: 1700, consttypmod: -1, constcollid: 0, constlen: -1, constvalue: 94501922422784, constisnull: false, constbyval: false, location: -1},
                    1 = Var {varno: 65001, varattno: 5, vartype: 1700, vartypmod: 983046, varcollid: 0, varlevelsup: 0, varnosyn: 3, varattnosyn: 7, location: 232}
                  }
                }
              }
            }
          }
        }
      }
    }
  },
  plan.lefttree = Sort (cost=1000.84..1000.84 rows=1 width=252 plan_id=1 parallel_aware=False parallel_safe = False) numCols: 3 = {
    sortColIdx = [1, 2, 3],
    sortOperators = [1058, 1058, 672],
    collations = [100, 100, 0],
    nullsFirst = [False, False, False],
    plan.targetlist = List with 5 elements = {
      0 = TargetEntry {resno: 1, resname: 0x0, ressortgroupref: 1, resorigtbl: 0, resorigcol: 0, resjunk: false} = {
        expr = Var {varno: 65001, varattno: 1, vartype: 1042, vartypmod: 29, varcollid: 100, varlevelsup: 0, varnosyn: 6, varattnosyn: 2, location: -1}
      },
      1 = TargetEntry {resno: 2, resname: 0x0, ressortgroupref: 2, resorigtbl: 0, resorigcol: 0, resjunk: false} = {
        expr = Var {varno: 65001, varattno: 2, vartype: 1042, vartypmod: 29, varcollid: 100, varlevelsup: 0, varnosyn: 7, varattnosyn: 2, location: -1}
      },
      2 = TargetEntry {resno: 3, resname: 0x0, ressortgroupref: 3, resorigtbl: 0, resorigcol: 0, resjunk: false} = {
        expr = Var {varno: 65001, varattno: 3, vartype: 701, vartypmod: -1, varcollid: 0, varlevelsup: 0, varnosyn: 0, varattnosyn: 0, location: -1}
      },
      3 = TargetEntry {resno: 4, resname: 0x0, ressortgroupref: 0, resorigtbl: 0, resorigcol: 0, resjunk: false} = {
        expr = Var {varno: 65001, varattno: 4, vartype: 1700, vartypmod: 983046, varcollid: 0, varlevelsup: 0, varnosyn: 3, varattnosyn: 6, location: -1}
      },
      4 = TargetEntry {resno: 5, resname: 0x0, ressortgroupref: 0, resorigtbl: 0, resorigcol: 0, resjunk: false} = {
        expr = Var {varno: 65001, varattno: 5, vartype: 1700, vartypmod: 983046, varcollid: 0, varlevelsup: 0, varnosyn: 3, varattnosyn: 7, location: -1}
      }
    },
    plan.lefttree = NestLoop (cost=0.00..1000.83 rows=1 width=252 plan_id=2 parallel_aware=False parallel_safe = False) {join.jointype: JOIN_INNER, join.inner_unique: false} = {
      join.plan.targetlist = List with 5 elements = {
        0 = TargetEntry {resno: 1, resname: 0x0, ressortgroupref: 1, resorigtbl: 0, resorigcol: 0, resjunk: false} = {
          expr = Var {varno: 65001, varattno: 5, vartype: 1042, vartypmod: 29, varcollid: 100, varlevelsup: 0, varnosyn: 6, varattnosyn: 2, location: 98}
        },
        1 = TargetEntry {resno: 2, resname: 0x0, ressortgroupref: 2, resorigtbl: 0, resorigcol: 0, resjunk: false} = {
          expr = Var {varno: 65000, varattno: 1, vartype: 1042, vartypmod: 29, varcollid: 100, varlevelsup: 0, varnosyn: 7, varattnosyn: 2, location: 130}
        },
        2 = TargetEntry {resno: 3, resname: 0x0, ressortgroupref: 3, resorigtbl: 0, resorigcol: 0, resjunk: false} = {
          expr = FuncExpr {funcid: 2021, funcresulttype: 701, funcretset: false, funcvariadic: false, funcformat: COERCE_EXPLICIT_CALL, funccollid: 0, inputcollid: 100, location: 7} = {
            args = List with 2 elements = {
              0 = Const {consttype: 25, consttypmod: -1, constcollid: 100, constlen: -1, constvalue: 94501922421104, constisnull: false, constbyval: false, location: 170},
              1 = FuncExpr {funcid: 2024, funcresulttype: 1114, funcretset: false, funcvariadic: false, funcformat: COERCE_EXPLICIT_CAST, funccollid: 0, inputcollid: 0, location: 32} = {
                args = List with 1 elements = {
                  0 = Var {varno: 65001, varattno: 1, vartype: 1082, vartypmod: -1, varcollid: 0, varlevelsup: 0, varnosyn: 3, varattnosyn: 11, location: 180}
                }
              }
            }
          }
        },
        3 = TargetEntry {resno: 4, resname: 0x0, ressortgroupref: 0, resorigtbl: 0, resorigcol: 0, resjunk: false} = {
          expr = Var {varno: 65001, varattno: 2, vartype: 1700, vartypmod: 983046, varcollid: 0, varlevelsup: 0, varnosyn: 3, varattnosyn: 6, location: 209}
        },
        4 = TargetEntry {resno: 5, resname: 0x0, ressortgroupref: 0, resorigtbl: 0, resorigcol: 0, resjunk: false} = {
          expr = Var {varno: 65001, varattno: 3, vartype: 1700, vartypmod: 983046, varcollid: 0, varlevelsup: 0, varnosyn: 3, varattnosyn: 7, location: 232}
        }
      },
      join.plan.lefttree = NestLoop (cost=0.00..836.95 rows=1 width=148 plan_id=3 parallel_aware=False parallel_safe = False) {join.jointype: JOIN_INNER, join.inner_unique: false} = {
        join.plan.targetlist = List with 5 elements = {
          0 = TargetEntry {resno: 1, resname: 0x0, ressortgroupref: 0, resorigtbl: 0, resorigcol: 0, resjunk: false} = {
            expr = Var {varno: 65001, varattno: 2, vartype: 1082, vartypmod: -1, varcollid: 0, varlevelsup: 0, varnosyn: 3, varattnosyn: 11, location: 180}
          },
          1 = TargetEntry {resno: 2, resname: 0x0, ressortgroupref: 0, resorigtbl: 0, resorigcol: 0, resjunk: false} = {
            expr = Var {varno: 65001, varattno: 3, vartype: 1700, vartypmod: 983046, varcollid: 0, varlevelsup: 0, varnosyn: 3, varattnosyn: 6, location: 209}
          },
          2 = TargetEntry {resno: 3, resname: 0x0, ressortgroupref: 0, resorigtbl: 0, resorigcol: 0, resjunk: false} = {
            expr = Var {varno: 65001, varattno: 4, vartype: 1700, vartypmod: 983046, varcollid: 0, varlevelsup: 0, varnosyn: 3, varattnosyn: 7, location: 232}
          },
          3 = TargetEntry {resno: 4, resname: 0x0, ressortgroupref: 0, resorigtbl: 0, resorigcol: 0, resjunk: false} = {
            expr = Var {varno: 65001, varattno: 5, vartype: 23, vartypmod: -1, varcollid: 0, varlevelsup: 0, varnosyn: 5, varattnosyn: 4, location: 511}
          },
          4 = TargetEntry {resno: 5, resname: 0x0, ressortgroupref: 0, resorigtbl: 0, resorigcol: 0, resjunk: false} = {
            expr = Var {varno: 65000, varattno: 1, vartype: 1042, vartypmod: 29, varcollid: 100, varlevelsup: 0, varnosyn: 6, varattnosyn: 2, location: 98}
          }
        },
        join.plan.lefttree = NestLoop (cost=0.00..673.09 rows=1 width=48 plan_id=4 parallel_aware=False parallel_safe = False) {join.jointype: JOIN_INNER, join.inner_unique: false} = {
          join.plan.targetlist = List with 5 elements = {
            0 = TargetEntry {resno: 1, resname: 0x0, ressortgroupref: 0, resorigtbl: 0, resorigcol: 0, resjunk: false} = {
              expr = Var {varno: 65001, varattno: 1, vartype: 23, vartypmod: -1, varcollid: 0, varlevelsup: 0, varnosyn: 2, varattnosyn: 4, location: 472}
            },
            1 = TargetEntry {resno: 2, resname: 0x0, ressortgroupref: 0, resorigtbl: 0, resorigcol: 0, resjunk: false} = {
              expr = Var {varno: 65001, varattno: 2, vartype: 1082, vartypmod: -1, varcollid: 0, varlevelsup: 0, varnosyn: 3, varattnosyn: 11, location: 180}
            },
            2 = TargetEntry {resno: 3, resname: 0x0, ressortgroupref: 0, resorigtbl: 0, resorigcol: 0, resjunk: false} = {
              expr = Var {varno: 65001, varattno: 3, vartype: 1700, vartypmod: 983046, varcollid: 0, varlevelsup: 0, varnosyn: 3, varattnosyn: 6, location: 209}
            },
            3 = TargetEntry {resno: 4, resname: 0x0, ressortgroupref: 0, resorigtbl: 0, resorigcol: 0, resjunk: false} = {
              expr = Var {varno: 65001, varattno: 4, vartype: 1700, vartypmod: 983046, varcollid: 0, varlevelsup: 0, varnosyn: 3, varattnosyn: 7, location: 232}
            },
            4 = TargetEntry {resno: 5, resname: 0x0, ressortgroupref: 0, resorigtbl: 0, resorigcol: 0, resjunk: false} = {
              expr = Var {varno: 65000, varattno: 2, vartype: 23, vartypmod: -1, varcollid: 0, varlevelsup: 0, varnosyn: 5, varattnosyn: 4, location: 511}
            }
          },
          join.plan.lefttree = NestLoop (cost=0.00..536.50 rows=1 width=48 plan_id=5 parallel_aware=False parallel_safe = False) {join.jointype: JOIN_INNER, join.inner_unique: false} = {
            join.plan.targetlist = List with 5 elements = {
              0 = TargetEntry {resno: 1, resname: 0x0, ressortgroupref: 0, resorigtbl: 0, resorigcol: 0, resjunk: false} = {
                expr = Var {varno: 65001, varattno: 1, vartype: 23, vartypmod: -1, varcollid: 0, varlevelsup: 0, varnosyn: 2, varattnosyn: 4, location: 472}
              },
              1 = TargetEntry {resno: 2, resname: 0x0, ressortgroupref: 0, resorigtbl: 0, resorigcol: 0, resjunk: false} = {
                expr = Var {varno: 65001, varattno: 2, vartype: 1082, vartypmod: -1, varcollid: 0, varlevelsup: 0, varnosyn: 3, varattnosyn: 11, location: 180}
              },
              2 = TargetEntry {resno: 3, resname: 0x0, ressortgroupref: 0, resorigtbl: 0, resorigcol: 0, resjunk: false} = {
                expr = Var {varno: 65001, varattno: 3, vartype: 1700, vartypmod: 983046, varcollid: 0, varlevelsup: 0, varnosyn: 3, varattnosyn: 6, location: 209}
              },
              3 = TargetEntry {resno: 4, resname: 0x0, ressortgroupref: 0, resorigtbl: 0, resorigcol: 0, resjunk: false} = {
                expr = Var {varno: 65001, varattno: 4, vartype: 1700, vartypmod: 983046, varcollid: 0, varlevelsup: 0, varnosyn: 3, varattnosyn: 7, location: 232}
              },
              4 = TargetEntry {resno: 5, resname: 0x0, ressortgroupref: 0, resorigtbl: 0, resorigcol: 0, resjunk: false} = {
                expr = Var {varno: 65000, varattno: 2, vartype: 23, vartypmod: -1, varcollid: 0, varlevelsup: 0, varnosyn: 4, varattnosyn: 2, location: 452}
              }
            },
            join.plan.lefttree = NestLoop (cost=0.00..336.62 rows=1 width=48 plan_id=6 parallel_aware=False parallel_safe = False) {join.jointype: JOIN_INNER, join.inner_unique: false} = {
              join.plan.targetlist = List with 5 elements = {
                0 = TargetEntry {resno: 1, resname: 0x0, ressortgroupref: 0, resorigtbl: 0, resorigcol: 0, resjunk: false} = {
                  expr = Var {varno: 65000, varattno: 2, vartype: 23, vartypmod: -1, varcollid: 0, varlevelsup: 0, varnosyn: 2, varattnosyn: 4, location: 472}
                },
                1 = TargetEntry {resno: 2, resname: 0x0, ressortgroupref: 0, resorigtbl: 0, resorigcol: 0, resjunk: false} = {
                  expr = Var {varno: 65001, varattno: 1, vartype: 1082, vartypmod: -1, varcollid: 0, varlevelsup: 0, varnosyn: 3, varattnosyn: 11, location: 180}
                },
                2 = TargetEntry {resno: 3, resname: 0x0, ressortgroupref: 0, resorigtbl: 0, resorigcol: 0, resjunk: false} = {
                  expr = Var {varno: 65001, varattno: 2, vartype: 1700, vartypmod: 983046, varcollid: 0, varlevelsup: 0, varnosyn: 3, varattnosyn: 6, location: 209}
                },
                3 = TargetEntry {resno: 4, resname: 0x0, ressortgroupref: 0, resorigtbl: 0, resorigcol: 0, resjunk: false} = {
                  expr = Var {varno: 65001, varattno: 3, vartype: 1700, vartypmod: 983046, varcollid: 0, varlevelsup: 0, varnosyn: 3, varattnosyn: 7, location: 232}
                },
                4 = TargetEntry {resno: 5, resname: 0x0, ressortgroupref: 0, resorigtbl: 0, resorigcol: 0, resjunk: false} = {
                  expr = Var {varno: 65001, varattno: 5, vartype: 23, vartypmod: -1, varcollid: 0, varlevelsup: 0, varnosyn: 3, varattnosyn: 1, location: 419}
                }
              },
              join.plan.lefttree = RemoteQuery (cost=0.00..191.00 rows=1 width=48 plan_id=7 parallel_aware=False parallel_safe = False) {scan.scanrelid: 8, exec_direct_type: EXEC_DIRECT_NONE, sql_statement: 'SELECT l_shipdate, l_extendedprice, l_discount, l_suppkey, l_orderkey FROM ONLY public.lineitem line', sql_node: 0x0, combine_type: COMBINE_TYPE_NONE, read_only: true, force_autocommit: false, statement: 0x0, cursor: 0x0, rq_num_params: 0, rq_params_internal: false, exec_type: EXEC_ON_DATANODES, is_temp: false, rq_finalise_aggs: false, rq_sortgroup_colno: false, has_row_marks: false, rq_save_command_id: false, rq_use_pk_for_rep_change: false, rq_max_param_num: 0} = {
                scan.plan.targetlist = List with 5 elements = {
                  0 = TargetEntry {resno: 1, resname: 0x0, ressortgroupref: 0, resorigtbl: 0, resorigcol: 0, resjunk: false} = {
                    expr = Var {varno: 8, varattno: 1, vartype: 1082, vartypmod: -1, varcollid: 0, varlevelsup: 0, varnosyn: 3, varattnosyn: 11, location: 180}
                  },
                  1 = TargetEntry {resno: 2, resname: 0x0, ressortgroupref: 0, resorigtbl: 0, resorigcol: 0, resjunk: false} = {
                    expr = Var {varno: 8, varattno: 2, vartype: 1700, vartypmod: 983046, varcollid: 0, varlevelsup: 0, varnosyn: 3, varattnosyn: 6, location: 209}
                  },
                  2 = TargetEntry {resno: 3, resname: 0x0, ressortgroupref: 0, resorigtbl: 0, resorigcol: 0, resjunk: false} = {
                    expr = Var {varno: 8, varattno: 3, vartype: 1700, vartypmod: 983046, varcollid: 0, varlevelsup: 0, varnosyn: 3, varattnosyn: 7, location: 232}
                  },
                  3 = TargetEntry {resno: 4, resname: 0x0, ressortgroupref: 0, resorigtbl: 0, resorigcol: 0, resjunk: false} = {
                    expr = Var {varno: 8, varattno: 4, vartype: 23, vartypmod: -1, varcollid: 0, varlevelsup: 0, varnosyn: 3, varattnosyn: 3, location: 386}
                  },
                  4 = TargetEntry {resno: 5, resname: 0x0, ressortgroupref: 0, resorigtbl: 0, resorigcol: 0, resjunk: false} = {
                    expr = Var {varno: 8, varattno: 5, vartype: 23, vartypmod: -1, varcollid: 0, varlevelsup: 0, varnosyn: 3, varattnosyn: 1, location: 419}
                  }
                },
                exec_nodes = ExecNodes {accesstype: RELATION_ACCESS_READ, baselocatortype: 72 'H', en_relid: 0, en_funcid: 0} = {
                  en_dist_vars = List with 1 elements = {
                    0 = Var {varno: 3, varattno: 1, vartype: 23, vartypmod: -1, varcollid: 0, varlevelsup: 0, varnosyn: 3, varattnosyn: 1, location: 419}
                  },
                  nodeids = OidList with 3 elements = {16386, 16387, 16388}
                },
                remote_query = Query {commandType: CMD_SELECT, querySource: QSRC_ORIGINAL, queryId: 0, canSetTag: false, resultRelation: 0, hasAggs: false, hasWindowFuncs: false, hasTargetSRFs: false, hasSubLinks: false, hasDistinctOn: false, hasRecursive: false, hasModifyingCTE: false, hasForUpdate: false, hasRowSecurity: false, override: OVERRIDING_NOT_SET, limitOption: LIMIT_OPTION_COUNT, stmt_location: 0, stmt_len: 0, is_local: false, has_to_save_cmd_id: false, in_sub_plan: false, in_explain: false} = {
                  rtable = List with 1 elements = {
                    0 = RangeTblEntry {rtekind: RTE_RELATION, relname: 'lineitem', relid: 270678, relkind: 114 'r', rellockmode: 1, security_barrier: false, jointype: JOIN_INNER, joinmergedcols: 0, funcordinality: false, ctename: 0x0, ctelevelsup: 0, self_reference: false, enrname: 0x0, enrtuples: 0, param_new: -1, param_old: -1, mt_result: 0x0, defaultCols: 0x0, rows: 0, lateral: false, inh: false, inFromCl: true, requiredPerms: 2, checkAsUser: 0, selectedCols: (b 11 13 16 17 21), insertedCols: 0x0, updatedCols: 0x0, extraUpdatedCols: 0x0} = {
                      alias = Alias aliasname: 'lineitem',
                      eref = Alias aliasname: 'lineitem' = {
                        colnames = List with 16 elements = {
                          0 = String[ 'l_orderkey' ],
                          1 = String[ 'l_partkey' ],
                          2 = String[ 'l_suppkey' ],
                          3 = String[ 'l_linenumber' ],
                          4 = String[ 'l_quantity' ],
                          5 = String[ 'l_extendedprice' ],
                          6 = String[ 'l_discount' ],
                          7 = String[ 'l_tax' ],
                          8 = String[ 'l_returnflag' ],
                          9 = String[ 'l_linestatus' ],
                          10 = String[ 'l_shipdate' ],
                          11 = String[ 'l_commitdate' ],
                          12 = String[ 'l_receiptdate' ],
                          13 = String[ 'l_shipinstruct' ],
                          14 = String[ 'l_shipmode' ],
                          15 = String[ 'l_comment' ]
                        }
                      }
                    }
                  },
                  jointree = FromExpr  = {
                    fromlist = List with 1 elements = {
                      0 = RangeTblRef rtindex: 1
                    },
                    quals = BoolExpr {boolop: AND_EXPR, location: -1} = {
                      args = List with 2 elements = {
                        0 = OpExpr {opno: 1098, opfuncid: 1090, opresulttype: 16, opretset: false, opcollid: 0, inputcollid: 0, location: 698} = {
                          args = List with 2 elements = {
                            0 = Var {varno: 1, varattno: 11, vartype: 1082, vartypmod: -1, varcollid: 0, varlevelsup: 0, varnosyn: 0, varattnosyn: 11, location: 687},
                            1 = Const {consttype: 1082, consttypmod: -1, constcollid: 0, constlen: 4, constvalue: 18446744073709549790, constisnull: false, constbyval: true, location: 711}
                          }
                        },
                        1 = OpExpr {opno: 1096, opfuncid: 1088, opresulttype: 16, opretset: false, opcollid: 0, inputcollid: 0, location: 698} = {
                          args = List with 2 elements = {
                            0 = Var {varno: 1, varattno: 11, vartype: 1082, vartypmod: -1, varcollid: 0, varlevelsup: 0, varnosyn: 0, varattnosyn: 11, location: 687},
                            1 = Const {consttype: 1082, consttypmod: -1, constcollid: 0, constlen: 4, constvalue: 18446744073709550520, constisnull: false, constbyval: true, location: 733}
                          }
                        }
                      }
                    }
                  },
                  targetList = List with 5 elements = {
                    0 = TargetEntry {resno: 1, resname: 0x0, ressortgroupref: 0, resorigtbl: 0, resorigcol: 0, resjunk: false} = {
                      expr = Var {varno: 1, varattno: 11, vartype: 1082, vartypmod: -1, varcollid: 0, varlevelsup: 0, varnosyn: 0, varattnosyn: 11, location: 180}
                    },
                    1 = TargetEntry {resno: 2, resname: 0x0, ressortgroupref: 0, resorigtbl: 0, resorigcol: 0, resjunk: false} = {
                      expr = Var {varno: 1, varattno: 6, vartype: 1700, vartypmod: 983046, varcollid: 0, varlevelsup: 0, varnosyn: 0, varattnosyn: 6, location: 209}
                    },
                    2 = TargetEntry {resno: 3, resname: 0x0, ressortgroupref: 0, resorigtbl: 0, resorigcol: 0, resjunk: false} = {
                      expr = Var {varno: 1, varattno: 7, vartype: 1700, vartypmod: 983046, varcollid: 0, varlevelsup: 0, varnosyn: 0, varattnosyn: 7, location: 232}
                    },
                    3 = TargetEntry {resno: 4, resname: 0x0, ressortgroupref: 0, resorigtbl: 0, resorigcol: 0, resjunk: false} = {
                      expr = Var {varno: 1, varattno: 3, vartype: 23, vartypmod: -1, varcollid: 0, varlevelsup: 0, varnosyn: 0, varattnosyn: 3, location: 386}
                    },
                    4 = TargetEntry {resno: 5, resname: 0x0, ressortgroupref: 0, resorigtbl: 0, resorigcol: 0, resjunk: false} = {
                      expr = Var {varno: 1, varattno: 1, vartype: 23, vartypmod: -1, varcollid: 0, varlevelsup: 0, varnosyn: 0, varattnosyn: 1, location: 419}
                    }
                  }
                },
                base_tlist = List with 5 elements = {
                  0 = TargetEntry {resno: 1, resname: 0x0, ressortgroupref: 0, resorigtbl: 0, resorigcol: 0, resjunk: false} = {
                    expr = Var {varno: 3, varattno: 11, vartype: 1082, vartypmod: -1, varcollid: 0, varlevelsup: 0, varnosyn: 3, varattnosyn: 11, location: 180}
                  },
                  1 = TargetEntry {resno: 2, resname: 0x0, ressortgroupref: 0, resorigtbl: 0, resorigcol: 0, resjunk: false} = {
                    expr = Var {varno: 3, varattno: 6, vartype: 1700, vartypmod: 983046, varcollid: 0, varlevelsup: 0, varnosyn: 3, varattnosyn: 6, location: 209}
                  },
                  2 = TargetEntry {resno: 3, resname: 0x0, ressortgroupref: 0, resorigtbl: 0, resorigcol: 0, resjunk: false} = {
                    expr = Var {varno: 3, varattno: 7, vartype: 1700, vartypmod: 983046, varcollid: 0, varlevelsup: 0, varnosyn: 3, varattnosyn: 7, location: 232}
                  },
                  3 = TargetEntry {resno: 4, resname: 0x0, ressortgroupref: 0, resorigtbl: 0, resorigcol: 0, resjunk: false} = {
                    expr = Var {varno: 3, varattno: 3, vartype: 23, vartypmod: -1, varcollid: 0, varlevelsup: 0, varnosyn: 3, varattnosyn: 3, location: 386}
                  },
                  4 = TargetEntry {resno: 5, resname: 0x0, ressortgroupref: 0, resorigtbl: 0, resorigcol: 0, resjunk: false} = {
                    expr = Var {varno: 3, varattno: 1, vartype: 23, vartypmod: -1, varcollid: 0, varlevelsup: 0, varnosyn: 3, varattnosyn: 1, location: 419}
                  }
                },
                coord_var_tlist = List with 5 elements = {
                  0 = TargetEntry {resno: 1, resname: 0x0, ressortgroupref: 0, resorigtbl: 0, resorigcol: 0, resjunk: false} = {
                    expr = Var {varno: 3, varattno: 11, vartype: 1082, vartypmod: -1, varcollid: 0, varlevelsup: 0, varnosyn: 3, varattnosyn: 11, location: 180}
                  },
                  1 = TargetEntry {resno: 2, resname: 0x0, ressortgroupref: 0, resorigtbl: 0, resorigcol: 0, resjunk: false} = {
                    expr = Var {varno: 3, varattno: 6, vartype: 1700, vartypmod: 983046, varcollid: 0, varlevelsup: 0, varnosyn: 3, varattnosyn: 6, location: 209}
                  },
                  2 = TargetEntry {resno: 3, resname: 0x0, ressortgroupref: 0, resorigtbl: 0, resorigcol: 0, resjunk: false} = {
                    expr = Var {varno: 3, varattno: 7, vartype: 1700, vartypmod: 983046, varcollid: 0, varlevelsup: 0, varnosyn: 3, varattnosyn: 7, location: 232}
                  },
                  3 = TargetEntry {resno: 4, resname: 0x0, ressortgroupref: 0, resorigtbl: 0, resorigcol: 0, resjunk: false} = {
                    expr = Var {varno: 3, varattno: 3, vartype: 23, vartypmod: -1, varcollid: 0, varlevelsup: 0, varnosyn: 3, varattnosyn: 3, location: 386}
                  },
                  4 = TargetEntry {resno: 5, resname: 0x0, ressortgroupref: 0, resorigtbl: 0, resorigcol: 0, resjunk: false} = {
                    expr = Var {varno: 3, varattno: 1, vartype: 23, vartypmod: -1, varcollid: 0, varlevelsup: 0, varnosyn: 3, varattnosyn: 1, location: 419}
                  }
                },
                query_var_tlist = List with 5 elements = {
                  0 = TargetEntry {resno: 1, resname: 0x0, ressortgroupref: 0, resorigtbl: 0, resorigcol: 0, resjunk: false} = {
                    expr = Var {varno: 1, varattno: 11, vartype: 1082, vartypmod: -1, varcollid: 0, varlevelsup: 0, varnosyn: 0, varattnosyn: 11, location: 180}
                  },
                  1 = TargetEntry {resno: 2, resname: 0x0, ressortgroupref: 0, resorigtbl: 0, resorigcol: 0, resjunk: false} = {
                    expr = Var {varno: 1, varattno: 6, vartype: 1700, vartypmod: 983046, varcollid: 0, varlevelsup: 0, varnosyn: 0, varattnosyn: 6, location: 209}
                  },
                  2 = TargetEntry {resno: 3, resname: 0x0, ressortgroupref: 0, resorigtbl: 0, resorigcol: 0, resjunk: false} = {
                    expr = Var {varno: 1, varattno: 7, vartype: 1700, vartypmod: 983046, varcollid: 0, varlevelsup: 0, varnosyn: 0, varattnosyn: 7, location: 232}
                  },
                  3 = TargetEntry {resno: 4, resname: 0x0, ressortgroupref: 0, resorigtbl: 0, resorigcol: 0, resjunk: false} = {
                    expr = Var {varno: 1, varattno: 3, vartype: 23, vartypmod: -1, varcollid: 0, varlevelsup: 0, varnosyn: 0, varattnosyn: 3, location: 386}
                  },
                  4 = TargetEntry {resno: 5, resname: 0x0, ressortgroupref: 0, resorigtbl: 0, resorigcol: 0, resjunk: false} = {
                    expr = Var {varno: 1, varattno: 1, vartype: 23, vartypmod: -1, varcollid: 0, varlevelsup: 0, varnosyn: 0, varattnosyn: 1, location: 419}
                  }
                }
              },
              join.plan.righttree = RemoteQuery (cost=0.00..145.00 rows=50 width=8 plan_id=8 parallel_aware=False parallel_safe = False) {scan.scanrelid: 9, exec_direct_type: EXEC_DIRECT_NONE, sql_statement: 'SELECT s_suppkey, s_nationkey FROM ONLY public.supplier supplier WHERE true', sql_node: 0x0, combine_type: COMBINE_TYPE_NONE, read_only: true, force_autocommit: false, statement: 0x0, cursor: 0x0, rq_num_params: 0, rq_params_internal: false, exec_type: EXEC_ON_DATANODES, is_temp: false, rq_finalise_aggs: false, rq_sortgroup_colno: false, has_row_marks: false, rq_save_command_id: false, rq_use_pk_for_rep_change: false, rq_max_param_num: 0} = {
                scan.plan.targetlist = List with 2 elements = {
                  0 = TargetEntry {resno: 1, resname: 0x0, ressortgroupref: 0, resorigtbl: 0, resorigcol: 0, resjunk: false} = {
                    expr = Var {varno: 9, varattno: 1, vartype: 23, vartypmod: -1, varcollid: 0, varlevelsup: 0, varnosyn: 2, varattnosyn: 1, location: 374}
                  },
                  1 = TargetEntry {resno: 2, resname: 0x0, ressortgroupref: 0, resorigtbl: 0, resorigcol: 0, resjunk: false} = {
                    expr = Var {varno: 9, varattno: 2, vartype: 23, vartypmod: -1, varcollid: 0, varlevelsup: 0, varnosyn: 2, varattnosyn: 4, location: 472}
                  }
                },
                exec_nodes = ExecNodes {accesstype: RELATION_ACCESS_READ, baselocatortype: 72 'H', en_relid: 0, en_funcid: 0} = {
                  en_dist_vars = List with 1 elements = {
                    0 = Var {varno: 2, varattno: 1, vartype: 23, vartypmod: -1, varcollid: 0, varlevelsup: 0, varnosyn: 2, varattnosyn: 1, location: 374}
                  },
                  nodeids = OidList with 3 elements = {16386, 16387, 16388}
                },
                remote_query = Query {commandType: CMD_SELECT, querySource: QSRC_ORIGINAL, queryId: 0, canSetTag: false, resultRelation: 0, hasAggs: false, hasWindowFuncs: false, hasTargetSRFs: false, hasSubLinks: false, hasDistinctOn: false, hasRecursive: false, hasModifyingCTE: false, hasForUpdate: false, hasRowSecurity: false, override: OVERRIDING_NOT_SET, limitOption: LIMIT_OPTION_COUNT, stmt_location: 0, stmt_len: 0, is_local: false, has_to_save_cmd_id: false, in_sub_plan: false, in_explain: false} = {
                  rtable = List with 1 elements = {
                    0 = RangeTblEntry {rtekind: RTE_RELATION, relname: 'supplier', relid: 270666, relkind: 114 'r', rellockmode: 1, security_barrier: false, jointype: JOIN_INNER, joinmergedcols: 0, funcordinality: false, ctename: 0x0, ctelevelsup: 0, self_reference: false, enrname: 0x0, enrtuples: 0, param_new: -1, param_old: -1, mt_result: 0x0, defaultCols: 0x0, rows: 0, lateral: false, inh: false, inFromCl: true, requiredPerms: 2, checkAsUser: 0, selectedCols: (b 11 14), insertedCols: 0x0, updatedCols: 0x0, extraUpdatedCols: 0x0} = {
                      alias = Alias aliasname: 'supplier',
                      eref = Alias aliasname: 'supplier' = {
                        colnames = List with 7 elements = {
                          0 = String[ 's_suppkey' ],
                          1 = String[ 's_name' ],
                          2 = String[ 's_address' ],
                          3 = String[ 's_nationkey' ],
                          4 = String[ 's_phone' ],
                          5 = String[ 's_acctbal' ],
                          6 = String[ 's_comment' ]
                        }
                      }
                    }
                  },
                  jointree = FromExpr  = {
                    fromlist = List with 1 elements = {
                      0 = RangeTblRef rtindex: 1
                    },
                    quals = Const {consttype: 16, consttypmod: -1, constcollid: 0, constlen: 1, constvalue: 1, constisnull: false, constbyval: true, location: -1}
                  },
                  targetList = List with 2 elements = {
                    0 = TargetEntry {resno: 1, resname: 0x0, ressortgroupref: 0, resorigtbl: 0, resorigcol: 0, resjunk: false} = {
                      expr = Var {varno: 1, varattno: 1, vartype: 23, vartypmod: -1, varcollid: 0, varlevelsup: 0, varnosyn: 0, varattnosyn: 1, location: 374}
                    },
                    1 = TargetEntry {resno: 2, resname: 0x0, ressortgroupref: 0, resorigtbl: 0, resorigcol: 0, resjunk: false} = {
                      expr = Var {varno: 1, varattno: 4, vartype: 23, vartypmod: -1, varcollid: 0, varlevelsup: 0, varnosyn: 0, varattnosyn: 4, location: 472}
                    }
                  }
                },
                base_tlist = List with 2 elements = {
                  0 = TargetEntry {resno: 1, resname: 0x0, ressortgroupref: 0, resorigtbl: 0, resorigcol: 0, resjunk: false} = {
                    expr = Var {varno: 2, varattno: 1, vartype: 23, vartypmod: -1, varcollid: 0, varlevelsup: 0, varnosyn: 2, varattnosyn: 1, location: 374}
                  },
                  1 = TargetEntry {resno: 2, resname: 0x0, ressortgroupref: 0, resorigtbl: 0, resorigcol: 0, resjunk: false} = {
                    expr = Var {varno: 2, varattno: 4, vartype: 23, vartypmod: -1, varcollid: 0, varlevelsup: 0, varnosyn: 2, varattnosyn: 4, location: 472}
                  }
                },
                coord_var_tlist = List with 2 elements = {
                  0 = TargetEntry {resno: 1, resname: 0x0, ressortgroupref: 0, resorigtbl: 0, resorigcol: 0, resjunk: false} = {
                    expr = Var {varno: 2, varattno: 1, vartype: 23, vartypmod: -1, varcollid: 0, varlevelsup: 0, varnosyn: 2, varattnosyn: 1, location: 374}
                  },
                  1 = TargetEntry {resno: 2, resname: 0x0, ressortgroupref: 0, resorigtbl: 0, resorigcol: 0, resjunk: false} = {
                    expr = Var {varno: 2, varattno: 4, vartype: 23, vartypmod: -1, varcollid: 0, varlevelsup: 0, varnosyn: 2, varattnosyn: 4, location: 472}
                  }
                },
                query_var_tlist = List with 2 elements = {
                  0 = TargetEntry {resno: 1, resname: 0x0, ressortgroupref: 0, resorigtbl: 0, resorigcol: 0, resjunk: false} = {
                    expr = Var {varno: 1, varattno: 1, vartype: 23, vartypmod: -1, varcollid: 0, varlevelsup: 0, varnosyn: 0, varattnosyn: 1, location: 374}
                  },
                  1 = TargetEntry {resno: 2, resname: 0x0, ressortgroupref: 0, resorigtbl: 0, resorigcol: 0, resjunk: false} = {
                    expr = Var {varno: 1, varattno: 4, vartype: 23, vartypmod: -1, varcollid: 0, varlevelsup: 0, varnosyn: 0, varattnosyn: 4, location: 472}
                  }
                }
              },
              join.joinqual = List with 1 elements = {
                0 = OpExpr {opno: 96, opfuncid: 65, opresulttype: 16, opretset: false, opcollid: 0, inputcollid: 0, location: -1} = {
                  args = List with 2 elements = {
                    0 = Var {varno: 65000, varattno: 1, vartype: 23, vartypmod: -1, varcollid: 0, varlevelsup: 0, varnosyn: 2, varattnosyn: 1, location: 374},
                    1 = Var {varno: 65001, varattno: 4, vartype: 23, vartypmod: -1, varcollid: 0, varlevelsup: 0, varnosyn: 3, varattnosyn: 3, location: 386}
                  }
                }
              }
            },
            join.plan.righttree = RemoteQuery (cost=0.00..199.00 rows=70 width=8 plan_id=9 parallel_aware=False parallel_safe = False) {scan.scanrelid: 10, exec_direct_type: EXEC_DIRECT_NONE, sql_statement: 'SELECT o_orderkey, o_custkey FROM ONLY public.orders orders WHERE true', sql_node: 0x0, combine_type: COMBINE_TYPE_NONE, read_only: true, force_autocommit: false, statement: 0x0, cursor: 0x0, rq_num_params: 0, rq_params_internal: false, exec_type: EXEC_ON_DATANODES, is_temp: false, rq_finalise_aggs: false, rq_sortgroup_colno: false, has_row_marks: false, rq_save_command_id: false, rq_use_pk_for_rep_change: false, rq_max_param_num: 0} = {
              scan.plan.targetlist = List with 2 elements = {
                0 = TargetEntry {resno: 1, resname: 0x0, ressortgroupref: 0, resorigtbl: 0, resorigcol: 0, resjunk: false} = {
                  expr = Var {varno: 10, varattno: 1, vartype: 23, vartypmod: -1, varcollid: 0, varlevelsup: 0, varnosyn: 4, varattnosyn: 1, location: 406}
                },
                1 = TargetEntry {resno: 2, resname: 0x0, ressortgroupref: 0, resorigtbl: 0, resorigcol: 0, resjunk: false} = {
                  expr = Var {varno: 10, varattno: 2, vartype: 23, vartypmod: -1, varcollid: 0, varlevelsup: 0, varnosyn: 4, varattnosyn: 2, location: 452}
                }
              },
              exec_nodes = ExecNodes {accesstype: RELATION_ACCESS_READ, baselocatortype: 72 'H', en_relid: 0, en_funcid: 0} = {
                en_dist_vars = List with 1 elements = {
                  0 = Var {varno: 4, varattno: 1, vartype: 23, vartypmod: -1, varcollid: 0, varlevelsup: 0, varnosyn: 4, varattnosyn: 1, location: 406}
                },
                nodeids = OidList with 3 elements = {16386, 16387, 16388}
              },
              remote_query = Query {commandType: CMD_SELECT, querySource: QSRC_ORIGINAL, queryId: 0, canSetTag: false, resultRelation: 0, hasAggs: false, hasWindowFuncs: false, hasTargetSRFs: false, hasSubLinks: false, hasDistinctOn: false, hasRecursive: false, hasModifyingCTE: false, hasForUpdate: false, hasRowSecurity: false, override: OVERRIDING_NOT_SET, limitOption: LIMIT_OPTION_COUNT, stmt_location: 0, stmt_len: 0, is_local: false, has_to_save_cmd_id: false, in_sub_plan: false, in_explain: false} = {
                rtable = List with 1 elements = {
                  0 = RangeTblEntry {rtekind: RTE_RELATION, relname: 'orders', relid: 270675, relkind: 114 'r', rellockmode: 1, security_barrier: false, jointype: JOIN_INNER, joinmergedcols: 0, funcordinality: false, ctename: 0x0, ctelevelsup: 0, self_reference: false, enrname: 0x0, enrtuples: 0, param_new: -1, param_old: -1, mt_result: 0x0, defaultCols: 0x0, rows: 0, lateral: false, inh: false, inFromCl: true, requiredPerms: 2, checkAsUser: 0, selectedCols: (b 11 12), insertedCols: 0x0, updatedCols: 0x0, extraUpdatedCols: 0x0} = {
                    alias = Alias aliasname: 'orders',
                    eref = Alias aliasname: 'orders' = {
                      colnames = List with 9 elements = {
                        0 = String[ 'o_orderkey' ],
                        1 = String[ 'o_custkey' ],
                        2 = String[ 'o_orderstatus' ],
                        3 = String[ 'o_totalprice' ],
                        4 = String[ 'o_orderdate' ],
                        5 = String[ 'o_orderpriority' ],
                        6 = String[ 'o_clerk' ],
                        7 = String[ 'o_shippriority' ],
                        8 = String[ 'o_comment' ]
                      }
                    }
                  }
                },
                jointree = FromExpr  = {
                  fromlist = List with 1 elements = {
                    0 = RangeTblRef rtindex: 1
                  },
                  quals = Const {consttype: 16, consttypmod: -1, constcollid: 0, constlen: 1, constvalue: 1, constisnull: false, constbyval: true, location: -1}
                },
                targetList = List with 2 elements = {
                  0 = TargetEntry {resno: 1, resname: 0x0, ressortgroupref: 0, resorigtbl: 0, resorigcol: 0, resjunk: false} = {
                    expr = Var {varno: 1, varattno: 1, vartype: 23, vartypmod: -1, varcollid: 0, varlevelsup: 0, varnosyn: 0, varattnosyn: 1, location: 406}
                  },
                  1 = TargetEntry {resno: 2, resname: 0x0, ressortgroupref: 0, resorigtbl: 0, resorigcol: 0, resjunk: false} = {
                    expr = Var {varno: 1, varattno: 2, vartype: 23, vartypmod: -1, varcollid: 0, varlevelsup: 0, varnosyn: 0, varattnosyn: 2, location: 452}
                  }
                }
              },
              base_tlist = List with 2 elements = {
                0 = TargetEntry {resno: 1, resname: 0x0, ressortgroupref: 0, resorigtbl: 0, resorigcol: 0, resjunk: false} = {
                  expr = Var {varno: 4, varattno: 1, vartype: 23, vartypmod: -1, varcollid: 0, varlevelsup: 0, varnosyn: 4, varattnosyn: 1, location: 406}
                },
                1 = TargetEntry {resno: 2, resname: 0x0, ressortgroupref: 0, resorigtbl: 0, resorigcol: 0, resjunk: false} = {
                  expr = Var {varno: 4, varattno: 2, vartype: 23, vartypmod: -1, varcollid: 0, varlevelsup: 0, varnosyn: 4, varattnosyn: 2, location: 452}
                }
              },
              coord_var_tlist = List with 2 elements = {
                0 = TargetEntry {resno: 1, resname: 0x0, ressortgroupref: 0, resorigtbl: 0, resorigcol: 0, resjunk: false} = {
                  expr = Var {varno: 4, varattno: 1, vartype: 23, vartypmod: -1, varcollid: 0, varlevelsup: 0, varnosyn: 4, varattnosyn: 1, location: 406}
                },
                1 = TargetEntry {resno: 2, resname: 0x0, ressortgroupref: 0, resorigtbl: 0, resorigcol: 0, resjunk: false} = {
                  expr = Var {varno: 4, varattno: 2, vartype: 23, vartypmod: -1, varcollid: 0, varlevelsup: 0, varnosyn: 4, varattnosyn: 2, location: 452}
                }
              },
              query_var_tlist = List with 2 elements = {
                0 = TargetEntry {resno: 1, resname: 0x0, ressortgroupref: 0, resorigtbl: 0, resorigcol: 0, resjunk: false} = {
                  expr = Var {varno: 1, varattno: 1, vartype: 23, vartypmod: -1, varcollid: 0, varlevelsup: 0, varnosyn: 0, varattnosyn: 1, location: 406}
                },
                1 = TargetEntry {resno: 2, resname: 0x0, ressortgroupref: 0, resorigtbl: 0, resorigcol: 0, resjunk: false} = {
                  expr = Var {varno: 1, varattno: 2, vartype: 23, vartypmod: -1, varcollid: 0, varlevelsup: 0, varnosyn: 0, varattnosyn: 2, location: 452}
                }
              }
            },
            join.joinqual = List with 1 elements = {
              0 = OpExpr {opno: 96, opfuncid: 65, opresulttype: 16, opretset: false, opcollid: 0, inputcollid: 0, location: -1} = {
                args = List with 2 elements = {
                  0 = Var {varno: 65001, varattno: 5, vartype: 23, vartypmod: -1, varcollid: 0, varlevelsup: 0, varnosyn: 3, varattnosyn: 1, location: 419},
                  1 = Var {varno: 65000, varattno: 1, vartype: 23, vartypmod: -1, varcollid: 0, varlevelsup: 0, varnosyn: 4, varattnosyn: 1, location: 406}
                }
              }
            }
          },
          join.plan.righttree = RemoteQuery (cost=0.00..136.00 rows=47 width=8 plan_id=10 parallel_aware=False parallel_safe = False) {scan.scanrelid: 11, exec_direct_type: EXEC_DIRECT_NONE, sql_statement: 'SELECT c_custkey, c_nationkey FROM ONLY public.customer customer WHERE true', sql_node: 0x0, combine_type: COMBINE_TYPE_NONE, read_only: true, force_autocommit: false, statement: 0x0, cursor: 0x0, rq_num_params: 0, rq_params_internal: false, exec_type: EXEC_ON_DATANODES, is_temp: false, rq_finalise_aggs: false, rq_sortgroup_colno: false, has_row_marks: false, rq_save_command_id: false, rq_use_pk_for_rep_change: false, rq_max_param_num: 0} = {
            scan.plan.targetlist = List with 2 elements = {
              0 = TargetEntry {resno: 1, resname: 0x0, ressortgroupref: 0, resorigtbl: 0, resorigcol: 0, resjunk: false} = {
                expr = Var {varno: 11, varattno: 1, vartype: 23, vartypmod: -1, varcollid: 0, varlevelsup: 0, varnosyn: 5, varattnosyn: 1, location: 440}
              },
              1 = TargetEntry {resno: 2, resname: 0x0, ressortgroupref: 0, resorigtbl: 0, resorigcol: 0, resjunk: false} = {
                expr = Var {varno: 11, varattno: 2, vartype: 23, vartypmod: -1, varcollid: 0, varlevelsup: 0, varnosyn: 5, varattnosyn: 4, location: 511}
              }
            },
            exec_nodes = ExecNodes {accesstype: RELATION_ACCESS_READ, baselocatortype: 72 'H', en_relid: 0, en_funcid: 0} = {
              en_dist_vars = List with 1 elements = {
                0 = Var {varno: 5, varattno: 1, vartype: 23, vartypmod: -1, varcollid: 0, varlevelsup: 0, varnosyn: 5, varattnosyn: 1, location: 440}
              },
              nodeids = OidList with 3 elements = {16386, 16387, 16388}
            },
            remote_query = Query {commandType: CMD_SELECT, querySource: QSRC_ORIGINAL, queryId: 0, canSetTag: false, resultRelation: 0, hasAggs: false, hasWindowFuncs: false, hasTargetSRFs: false, hasSubLinks: false, hasDistinctOn: false, hasRecursive: false, hasModifyingCTE: false, hasForUpdate: false, hasRowSecurity: false, override: OVERRIDING_NOT_SET, limitOption: LIMIT_OPTION_COUNT, stmt_location: 0, stmt_len: 0, is_local: false, has_to_save_cmd_id: false, in_sub_plan: false, in_explain: false} = {
              rtable = List with 1 elements = {
                0 = RangeTblEntry {rtekind: RTE_RELATION, relname: 'customer', relid: 270672, relkind: 114 'r', rellockmode: 1, security_barrier: false, jointype: JOIN_INNER, joinmergedcols: 0, funcordinality: false, ctename: 0x0, ctelevelsup: 0, self_reference: false, enrname: 0x0, enrtuples: 0, param_new: -1, param_old: -1, mt_result: 0x0, defaultCols: 0x0, rows: 0, lateral: false, inh: false, inFromCl: true, requiredPerms: 2, checkAsUser: 0, selectedCols: (b 11 14), insertedCols: 0x0, updatedCols: 0x0, extraUpdatedCols: 0x0} = {
                  alias = Alias aliasname: 'customer',
                  eref = Alias aliasname: 'customer' = {
                    colnames = List with 8 elements = {
                      0 = String[ 'c_custkey' ],
                      1 = String[ 'c_name' ],
                      2 = String[ 'c_address' ],
                      3 = String[ 'c_nationkey' ],
                      4 = String[ 'c_phone' ],
                      5 = String[ 'c_acctbal' ],
                      6 = String[ 'c_mktsegment' ],
                      7 = String[ 'c_comment' ]
                    }
                  }
                }
              },
              jointree = FromExpr  = {
                fromlist = List with 1 elements = {
                  0 = RangeTblRef rtindex: 1
                },
                quals = Const {consttype: 16, consttypmod: -1, constcollid: 0, constlen: 1, constvalue: 1, constisnull: false, constbyval: true, location: -1}
              },
              targetList = List with 2 elements = {
                0 = TargetEntry {resno: 1, resname: 0x0, ressortgroupref: 0, resorigtbl: 0, resorigcol: 0, resjunk: false} = {
                  expr = Var {varno: 1, varattno: 1, vartype: 23, vartypmod: -1, varcollid: 0, varlevelsup: 0, varnosyn: 0, varattnosyn: 1, location: 440}
                },
                1 = TargetEntry {resno: 2, resname: 0x0, ressortgroupref: 0, resorigtbl: 0, resorigcol: 0, resjunk: false} = {
                  expr = Var {varno: 1, varattno: 4, vartype: 23, vartypmod: -1, varcollid: 0, varlevelsup: 0, varnosyn: 0, varattnosyn: 4, location: 511}
                }
              }
            },
            base_tlist = List with 2 elements = {
              0 = TargetEntry {resno: 1, resname: 0x0, ressortgroupref: 0, resorigtbl: 0, resorigcol: 0, resjunk: false} = {
                expr = Var {varno: 5, varattno: 1, vartype: 23, vartypmod: -1, varcollid: 0, varlevelsup: 0, varnosyn: 5, varattnosyn: 1, location: 440}
              },
              1 = TargetEntry {resno: 2, resname: 0x0, ressortgroupref: 0, resorigtbl: 0, resorigcol: 0, resjunk: false} = {
                expr = Var {varno: 5, varattno: 4, vartype: 23, vartypmod: -1, varcollid: 0, varlevelsup: 0, varnosyn: 5, varattnosyn: 4, location: 511}
              }
            },
            coord_var_tlist = List with 2 elements = {
              0 = TargetEntry {resno: 1, resname: 0x0, ressortgroupref: 0, resorigtbl: 0, resorigcol: 0, resjunk: false} = {
                expr = Var {varno: 5, varattno: 1, vartype: 23, vartypmod: -1, varcollid: 0, varlevelsup: 0, varnosyn: 5, varattnosyn: 1, location: 440}
              },
              1 = TargetEntry {resno: 2, resname: 0x0, ressortgroupref: 0, resorigtbl: 0, resorigcol: 0, resjunk: false} = {
                expr = Var {varno: 5, varattno: 4, vartype: 23, vartypmod: -1, varcollid: 0, varlevelsup: 0, varnosyn: 5, varattnosyn: 4, location: 511}
              }
            },
            query_var_tlist = List with 2 elements = {
              0 = TargetEntry {resno: 1, resname: 0x0, ressortgroupref: 0, resorigtbl: 0, resorigcol: 0, resjunk: false} = {
                expr = Var {varno: 1, varattno: 1, vartype: 23, vartypmod: -1, varcollid: 0, varlevelsup: 0, varnosyn: 0, varattnosyn: 1, location: 440}
              },
              1 = TargetEntry {resno: 2, resname: 0x0, ressortgroupref: 0, resorigtbl: 0, resorigcol: 0, resjunk: false} = {
                expr = Var {varno: 1, varattno: 4, vartype: 23, vartypmod: -1, varcollid: 0, varlevelsup: 0, varnosyn: 0, varattnosyn: 4, location: 511}
              }
            }
          },
          join.joinqual = List with 1 elements = {
            0 = OpExpr {opno: 96, opfuncid: 65, opresulttype: 16, opretset: false, opcollid: 0, inputcollid: 0, location: -1} = {
              args = List with 2 elements = {
                0 = Var {varno: 65001, varattno: 5, vartype: 23, vartypmod: -1, varcollid: 0, varlevelsup: 0, varnosyn: 4, varattnosyn: 2, location: 452},
                1 = Var {varno: 65000, varattno: 1, vartype: 23, vartypmod: -1, varcollid: 0, varlevelsup: 0, varnosyn: 5, varattnosyn: 1, location: 440}
              }
            }
          }
        },
        join.plan.righttree = RemoteQuery (cost=0.00..163.85 rows=1 width=108 plan_id=11 parallel_aware=False parallel_safe = False) {scan.scanrelid: 12, exec_direct_type: EXEC_DIRECT_NONE, sql_statement: 'SELECT n_name, n_nationkey FROM ONLY public.nation n1 WHERE ((n_name = 'FRANCE'::bpchar) OR (n_name ', sql_node: 0x0, combine_type: COMBINE_TYPE_NONE, read_only: true, force_autocommit: false, statement: 0x0, cursor: 0x0, rq_num_params: 0, rq_params_internal: false, exec_type: EXEC_ON_DATANODES, is_temp: false, rq_finalise_aggs: false, rq_sortgroup_colno: false, has_row_marks: false, rq_save_command_id: false, rq_use_pk_for_rep_change: false, rq_max_param_num: 0} = {
          scan.plan.targetlist = List with 2 elements = {
            0 = TargetEntry {resno: 1, resname: 0x0, ressortgroupref: 0, resorigtbl: 0, resorigcol: 0, resjunk: false} = {
              expr = Var {varno: 12, varattno: 1, vartype: 1042, vartypmod: 29, varcollid: 100, varlevelsup: 0, varnosyn: 6, varattnosyn: 2, location: 98}
            },
            1 = TargetEntry {resno: 2, resname: 0x0, ressortgroupref: 0, resorigtbl: 0, resorigcol: 0, resjunk: false} = {
              expr = Var {varno: 12, varattno: 2, vartype: 23, vartypmod: -1, varcollid: 0, varlevelsup: 0, varnosyn: 6, varattnosyn: 1, location: 486}
            }
          },
          exec_nodes = ExecNodes {accesstype: RELATION_ACCESS_READ, baselocatortype: 72 'H', en_relid: 0, en_funcid: 0} = {
            en_dist_vars = List with 1 elements = {
              0 = Var {varno: 6, varattno: 1, vartype: 23, vartypmod: -1, varcollid: 0, varlevelsup: 0, varnosyn: 6, varattnosyn: 1, location: 486}
            },
            nodeids = OidList with 3 elements = {16386, 16387, 16388}
          },
          remote_query = Query {commandType: CMD_SELECT, querySource: QSRC_ORIGINAL, queryId: 0, canSetTag: false, resultRelation: 0, hasAggs: false, hasWindowFuncs: false, hasTargetSRFs: false, hasSubLinks: false, hasDistinctOn: false, hasRecursive: false, hasModifyingCTE: false, hasForUpdate: false, hasRowSecurity: false, override: OVERRIDING_NOT_SET, limitOption: LIMIT_OPTION_COUNT, stmt_location: 0, stmt_len: 0, is_local: false, has_to_save_cmd_id: false, in_sub_plan: false, in_explain: false} = {
            rtable = List with 1 elements = {
              0 = RangeTblEntry {rtekind: RTE_RELATION, relname: 'nation', relid: 270657, relkind: 114 'r', rellockmode: 1, security_barrier: false, jointype: JOIN_INNER, joinmergedcols: 0, funcordinality: false, ctename: 0x0, ctelevelsup: 0, self_reference: false, enrname: 0x0, enrtuples: 0, param_new: -1, param_old: -1, mt_result: 0x0, defaultCols: 0x0, rows: 0, lateral: false, inh: false, inFromCl: true, requiredPerms: 2, checkAsUser: 0, selectedCols: (b 11 12), insertedCols: 0x0, updatedCols: 0x0, extraUpdatedCols: 0x0} = {
                alias = Alias aliasname: 'n1',
                eref = Alias aliasname: 'n1' = {
                  colnames = List with 4 elements = {
                    0 = String[ 'n_nationkey' ],
                    1 = String[ 'n_name' ],
                    2 = String[ 'n_regionkey' ],
                    3 = String[ 'n_comment' ]
                  }
                }
              }
            },
            jointree = FromExpr  = {
              fromlist = List with 1 elements = {
                0 = RangeTblRef rtindex: 1
              },
              quals = BoolExpr {boolop: OR_EXPR, location: -1} = {
                args = List with 2 elements = {
                  0 = OpExpr {opno: 1054, opfuncid: 1048, opresulttype: 16, opretset: false, opcollid: 0, inputcollid: 100, location: 571} = {
                    args = List with 2 elements = {
                      0 = Var {varno: 1, varattno: 2, vartype: 1042, vartypmod: 29, varcollid: 100, varlevelsup: 0, varnosyn: 0, varattnosyn: 2, location: 561},
                      1 = Const {consttype: 1042, consttypmod: -1, constcollid: 100, constlen: -1, constvalue: 94501925872216, constisnull: false, constbyval: false, location: 573}
                    }
                  },
                  1 = OpExpr {opno: 1054, opfuncid: 1048, opresulttype: 16, opretset: false, opcollid: 0, inputcollid: 100, location: 631} = {
                    args = List with 2 elements = {
                      0 = Var {varno: 1, varattno: 2, vartype: 1042, vartypmod: 29, varcollid: 100, varlevelsup: 0, varnosyn: 0, varattnosyn: 2, location: 621},
                      1 = Const {consttype: 1042, consttypmod: -1, constcollid: 100, constlen: -1, constvalue: 94501925872608, constisnull: false, constbyval: false, location: 633}
                    }
                  }
                }
              }
            },
            targetList = List with 2 elements = {
              0 = TargetEntry {resno: 1, resname: 0x0, ressortgroupref: 0, resorigtbl: 0, resorigcol: 0, resjunk: false} = {
                expr = Var {varno: 1, varattno: 2, vartype: 1042, vartypmod: 29, varcollid: 100, varlevelsup: 0, varnosyn: 0, varattnosyn: 2, location: 98}
              },
              1 = TargetEntry {resno: 2, resname: 0x0, ressortgroupref: 0, resorigtbl: 0, resorigcol: 0, resjunk: false} = {
                expr = Var {varno: 1, varattno: 1, vartype: 23, vartypmod: -1, varcollid: 0, varlevelsup: 0, varnosyn: 0, varattnosyn: 1, location: 486}
              }
            }
          },
          base_tlist = List with 2 elements = {
            0 = TargetEntry {resno: 1, resname: 0x0, ressortgroupref: 0, resorigtbl: 0, resorigcol: 0, resjunk: false} = {
              expr = Var {varno: 6, varattno: 2, vartype: 1042, vartypmod: 29, varcollid: 100, varlevelsup: 0, varnosyn: 6, varattnosyn: 2, location: 98}
            },
            1 = TargetEntry {resno: 2, resname: 0x0, ressortgroupref: 0, resorigtbl: 0, resorigcol: 0, resjunk: false} = {
              expr = Var {varno: 6, varattno: 1, vartype: 23, vartypmod: -1, varcollid: 0, varlevelsup: 0, varnosyn: 6, varattnosyn: 1, location: 486}
            }
          },
          coord_var_tlist = List with 2 elements = {
            0 = TargetEntry {resno: 1, resname: 0x0, ressortgroupref: 0, resorigtbl: 0, resorigcol: 0, resjunk: false} = {
              expr = Var {varno: 6, varattno: 2, vartype: 1042, vartypmod: 29, varcollid: 100, varlevelsup: 0, varnosyn: 6, varattnosyn: 2, location: 98}
            },
            1 = TargetEntry {resno: 2, resname: 0x0, ressortgroupref: 0, resorigtbl: 0, resorigcol: 0, resjunk: false} = {
              expr = Var {varno: 6, varattno: 1, vartype: 23, vartypmod: -1, varcollid: 0, varlevelsup: 0, varnosyn: 6, varattnosyn: 1, location: 486}
            }
          },
          query_var_tlist = List with 2 elements = {
            0 = TargetEntry {resno: 1, resname: 0x0, ressortgroupref: 0, resorigtbl: 0, resorigcol: 0, resjunk: false} = {
              expr = Var {varno: 1, varattno: 2, vartype: 1042, vartypmod: 29, varcollid: 100, varlevelsup: 0, varnosyn: 0, varattnosyn: 2, location: 98}
            },
            1 = TargetEntry {resno: 2, resname: 0x0, ressortgroupref: 0, resorigtbl: 0, resorigcol: 0, resjunk: false} = {
              expr = Var {varno: 1, varattno: 1, vartype: 23, vartypmod: -1, varcollid: 0, varlevelsup: 0, varnosyn: 0, varattnosyn: 1, location: 486}
            }
          }
        },
        join.joinqual = List with 1 elements = {
          0 = OpExpr {opno: 96, opfuncid: 65, opresulttype: 16, opretset: false, opcollid: 0, inputcollid: 0, location: -1} = {
            args = List with 2 elements = {
              0 = Var {varno: 65001, varattno: 1, vartype: 23, vartypmod: -1, varcollid: 0, varlevelsup: 0, varnosyn: 2, varattnosyn: 4, location: 472},
              1 = Var {varno: 65000, varattno: 2, vartype: 23, vartypmod: -1, varcollid: 0, varlevelsup: 0, varnosyn: 6, varattnosyn: 1, location: 486}
            }
          }
        }
      },
      join.plan.righttree = RemoteQuery (cost=0.00..163.85 rows=1 width=108 plan_id=12 parallel_aware=False parallel_safe = False) {scan.scanrelid: 13, exec_direct_type: EXEC_DIRECT_NONE, sql_statement: 'SELECT n_name, n_nationkey FROM ONLY public.nation n2 WHERE ((n_name = 'GERMANY'::bpchar) OR (n_name', sql_node: 0x0, combine_type: COMBINE_TYPE_NONE, read_only: true, force_autocommit: false, statement: 0x0, cursor: 0x0, rq_num_params: 0, rq_params_internal: false, exec_type: EXEC_ON_DATANODES, is_temp: false, rq_finalise_aggs: false, rq_sortgroup_colno: false, has_row_marks: false, rq_save_command_id: false, rq_use_pk_for_rep_change: false, rq_max_param_num: 0} = {
        scan.plan.targetlist = List with 2 elements = {
          0 = TargetEntry {resno: 1, resname: 0x0, ressortgroupref: 0, resorigtbl: 0, resorigcol: 0, resjunk: false} = {
            expr = Var {varno: 13, varattno: 1, vartype: 1042, vartypmod: 29, varcollid: 100, varlevelsup: 0, varnosyn: 7, varattnosyn: 2, location: 130}
          },
          1 = TargetEntry {resno: 2, resname: 0x0, ressortgroupref: 0, resorigtbl: 0, resorigcol: 0, resjunk: false} = {
            expr = Var {varno: 13, varattno: 2, vartype: 23, vartypmod: -1, varcollid: 0, varlevelsup: 0, varnosyn: 7, varattnosyn: 1, location: 525}
          }
        },
        exec_nodes = ExecNodes {accesstype: RELATION_ACCESS_READ, baselocatortype: 72 'H', en_relid: 0, en_funcid: 0} = {
          en_dist_vars = List with 1 elements = {
            0 = Var {varno: 7, varattno: 1, vartype: 23, vartypmod: -1, varcollid: 0, varlevelsup: 0, varnosyn: 7, varattnosyn: 1, location: 525}
          },
          nodeids = OidList with 3 elements = {16386, 16387, 16388}
        },
        remote_query = Query {commandType: CMD_SELECT, querySource: QSRC_ORIGINAL, queryId: 0, canSetTag: false, resultRelation: 0, hasAggs: false, hasWindowFuncs: false, hasTargetSRFs: false, hasSubLinks: false, hasDistinctOn: false, hasRecursive: false, hasModifyingCTE: false, hasForUpdate: false, hasRowSecurity: false, override: OVERRIDING_NOT_SET, limitOption: LIMIT_OPTION_COUNT, stmt_location: 0, stmt_len: 0, is_local: false, has_to_save_cmd_id: false, in_sub_plan: false, in_explain: false} = {
          rtable = List with 1 elements = {
            0 = RangeTblEntry {rtekind: RTE_RELATION, relname: 'nation', relid: 270657, relkind: 114 'r', rellockmode: 1, security_barrier: false, jointype: JOIN_INNER, joinmergedcols: 0, funcordinality: false, ctename: 0x0, ctelevelsup: 0, self_reference: false, enrname: 0x0, enrtuples: 0, param_new: -1, param_old: -1, mt_result: 0x0, defaultCols: 0x0, rows: 0, lateral: false, inh: false, inFromCl: true, requiredPerms: 2, checkAsUser: 0, selectedCols: (b 11 12), insertedCols: 0x0, updatedCols: 0x0, extraUpdatedCols: 0x0} = {
              alias = Alias aliasname: 'n2',
              eref = Alias aliasname: 'n2' = {
                colnames = List with 4 elements = {
                  0 = String[ 'n_nationkey' ],
                  1 = String[ 'n_name' ],
                  2 = String[ 'n_regionkey' ],
                  3 = String[ 'n_comment' ]
                }
              }
            }
          },
          jointree = FromExpr  = {
            fromlist = List with 1 elements = {
              0 = RangeTblRef rtindex: 1
            },
            quals = BoolExpr {boolop: OR_EXPR, location: -1} = {
              args = List with 2 elements = {
                0 = OpExpr {opno: 1054, opfuncid: 1048, opresulttype: 16, opretset: false, opcollid: 0, inputcollid: 100, location: 596} = {
                  args = List with 2 elements = {
                    0 = Var {varno: 1, varattno: 2, vartype: 1042, vartypmod: 29, varcollid: 100, varlevelsup: 0, varnosyn: 0, varattnosyn: 2, location: 586},
                    1 = Const {consttype: 1042, consttypmod: -1, constcollid: 100, constlen: -1, constvalue: 94501925884776, constisnull: false, constbyval: false, location: 598}
                  }
                },
                1 = OpExpr {opno: 1054, opfuncid: 1048, opresulttype: 16, opretset: false, opcollid: 0, inputcollid: 100, location: 657} = {
                  args = List with 2 elements = {
                    0 = Var {varno: 1, varattno: 2, vartype: 1042, vartypmod: 29, varcollid: 100, varlevelsup: 0, varnosyn: 0, varattnosyn: 2, location: 647},
                    1 = Const {consttype: 1042, consttypmod: -1, constcollid: 100, constlen: -1, constvalue: 94501925885168, constisnull: false, constbyval: false, location: 659}
                  }
                }
              }
            }
          },
          targetList = List with 2 elements = {
            0 = TargetEntry {resno: 1, resname: 0x0, ressortgroupref: 0, resorigtbl: 0, resorigcol: 0, resjunk: false} = {
              expr = Var {varno: 1, varattno: 2, vartype: 1042, vartypmod: 29, varcollid: 100, varlevelsup: 0, varnosyn: 0, varattnosyn: 2, location: 130}
            },
            1 = TargetEntry {resno: 2, resname: 0x0, ressortgroupref: 0, resorigtbl: 0, resorigcol: 0, resjunk: false} = {
              expr = Var {varno: 1, varattno: 1, vartype: 23, vartypmod: -1, varcollid: 0, varlevelsup: 0, varnosyn: 0, varattnosyn: 1, location: 525}
            }
          }
        },
        base_tlist = List with 2 elements = {
          0 = TargetEntry {resno: 1, resname: 0x0, ressortgroupref: 0, resorigtbl: 0, resorigcol: 0, resjunk: false} = {
            expr = Var {varno: 7, varattno: 2, vartype: 1042, vartypmod: 29, varcollid: 100, varlevelsup: 0, varnosyn: 7, varattnosyn: 2, location: 130}
          },
          1 = TargetEntry {resno: 2, resname: 0x0, ressortgroupref: 0, resorigtbl: 0, resorigcol: 0, resjunk: false} = {
            expr = Var {varno: 7, varattno: 1, vartype: 23, vartypmod: -1, varcollid: 0, varlevelsup: 0, varnosyn: 7, varattnosyn: 1, location: 525}
          }
        },
        coord_var_tlist = List with 2 elements = {
          0 = TargetEntry {resno: 1, resname: 0x0, ressortgroupref: 0, resorigtbl: 0, resorigcol: 0, resjunk: false} = {
            expr = Var {varno: 7, varattno: 2, vartype: 1042, vartypmod: 29, varcollid: 100, varlevelsup: 0, varnosyn: 7, varattnosyn: 2, location: 130}
          },
          1 = TargetEntry {resno: 2, resname: 0x0, ressortgroupref: 0, resorigtbl: 0, resorigcol: 0, resjunk: false} = {
            expr = Var {varno: 7, varattno: 1, vartype: 23, vartypmod: -1, varcollid: 0, varlevelsup: 0, varnosyn: 7, varattnosyn: 1, location: 525}
          }
        },
        query_var_tlist = List with 2 elements = {
          0 = TargetEntry {resno: 1, resname: 0x0, ressortgroupref: 0, resorigtbl: 0, resorigcol: 0, resjunk: false} = {
            expr = Var {varno: 1, varattno: 2, vartype: 1042, vartypmod: 29, varcollid: 100, varlevelsup: 0, varnosyn: 0, varattnosyn: 2, location: 130}
          },
          1 = TargetEntry {resno: 2, resname: 0x0, ressortgroupref: 0, resorigtbl: 0, resorigcol: 0, resjunk: false} = {
            expr = Var {varno: 1, varattno: 1, vartype: 23, vartypmod: -1, varcollid: 0, varlevelsup: 0, varnosyn: 0, varattnosyn: 1, location: 525}
          }
        }
      },
      join.joinqual = List with 2 elements = {
        0 = OpExpr {opno: 96, opfuncid: 65, opresulttype: 16, opretset: false, opcollid: 0, inputcollid: 0, location: -1} = {
          args = List with 2 elements = {
            0 = Var {varno: 65001, varattno: 4, vartype: 23, vartypmod: -1, varcollid: 0, varlevelsup: 0, varnosyn: 5, varattnosyn: 4, location: 511},
            1 = Var {varno: 65000, varattno: 2, vartype: 23, vartypmod: -1, varcollid: 0, varlevelsup: 0, varnosyn: 7, varattnosyn: 1, location: 525}
          }
        },
        1 = BoolExpr {boolop: OR_EXPR, location: -1} = {
          args = List with 2 elements = {
            0 = BoolExpr {boolop: AND_EXPR, location: -1} = {
              args = List with 2 elements = {
                0 = OpExpr {opno: 1054, opfuncid: 1048, opresulttype: 16, opretset: false, opcollid: 0, inputcollid: 100, location: 571} = {
                  args = List with 2 elements = {
                    0 = Var {varno: 65001, varattno: 5, vartype: 1042, vartypmod: 29, varcollid: 100, varlevelsup: 0, varnosyn: 6, varattnosyn: 2, location: 561},
                    1 = Const {consttype: 1042, consttypmod: -1, constcollid: 100, constlen: -1, constvalue: 94501921751512, constisnull: false, constbyval: false, location: 573}
                  }
                },
                1 = OpExpr {opno: 1054, opfuncid: 1048, opresulttype: 16, opretset: false, opcollid: 0, inputcollid: 100, location: 596} = {
                  args = List with 2 elements = {
                    0 = Var {varno: 65000, varattno: 1, vartype: 1042, vartypmod: 29, varcollid: 100, varlevelsup: 0, varnosyn: 7, varattnosyn: 2, location: 586},
                    1 = Const {consttype: 1042, consttypmod: -1, constcollid: 100, constlen: -1, constvalue: 94501921751904, constisnull: false, constbyval: false, location: 598}
                  }
                }
              }
            },
            1 = BoolExpr {boolop: AND_EXPR, location: -1} = {
              args = List with 2 elements = {
                0 = OpExpr {opno: 1054, opfuncid: 1048, opresulttype: 16, opretset: false, opcollid: 0, inputcollid: 100, location: 631} = {
                  args = List with 2 elements = {
                    0 = Var {varno: 65001, varattno: 5, vartype: 1042, vartypmod: 29, varcollid: 100, varlevelsup: 0, varnosyn: 6, varattnosyn: 2, location: 621},
                    1 = Const {consttype: 1042, consttypmod: -1, constcollid: 100, constlen: -1, constvalue: 94501921752440, constisnull: false, constbyval: false, location: 633}
                  }
                },
                1 = OpExpr {opno: 1054, opfuncid: 1048, opresulttype: 16, opretset: false, opcollid: 0, inputcollid: 100, location: 657} = {
                  args = List with 2 elements = {
                    0 = Var {varno: 65000, varattno: 1, vartype: 1042, vartypmod: 29, varcollid: 100, varlevelsup: 0, varnosyn: 7, varattnosyn: 2, location: 647},
                    1 = Const {consttype: 1042, consttypmod: -1, constcollid: 100, constlen: -1, constvalue: 94501921752832, constisnull: false, constbyval: false, location: 659}
                  }
                }
              }
            }
          }
        }
      }
    }
  }
}

Breakpoint 1, standard_planner (parse=0x55f2f1816af8, query_string=0x55f2f1676670 "select\n  o_year,\n  sum(case\n    when nation = 'BRAZIL' then volume\n    else 0\n  end) / sum(volume) as mkt_share\nfrom\n  (\n    select\n      extract(year from o_orderdate) as o_year,\n      l_extendedpric"..., cursorOptions=33024, boundParams=0x0) at /workspaces/AntDB/src/backend/optimizer/plan/planner.c:661
661		top_plan = create_plan(root, best_path);
$22 = Query {commandType: CMD_SELECT, querySource: QSRC_ORIGINAL, queryId: 0, canSetTag: true, resultRelation: 0, hasAggs: true, hasWindowFuncs: false, hasTargetSRFs: false, hasSubLinks: false, hasDistinctOn: false, hasRecursive: false, hasModifyingCTE: false, hasForUpdate: false, hasRowSecurity: false, override: OVERRIDING_NOT_SET, limitOption: LIMIT_OPTION_COUNT, stmt_location: 0, stmt_len: 838, is_local: false, has_to_save_cmd_id: false, in_sub_plan: false, in_explain: false} = {
  rtable = List with 9 elements = {
    0 = RangeTblEntry {rtekind: RTE_SUBQUERY, relname: 0x0, relid: 0, relkind: 0 '\000', rellockmode: 0, security_barrier: false, jointype: JOIN_INNER, joinmergedcols: 0, funcordinality: false, ctename: 0x0, ctelevelsup: 0, self_reference: false, enrname: 0x0, enrtuples: 0, param_new: -1, param_old: -1, mt_result: 0x0, defaultCols: 0x0, rows: 0, lateral: false, inh: false, inFromCl: true, requiredPerms: 0, checkAsUser: 0, selectedCols: 0x0, insertedCols: 0x0, updatedCols: 0x0, extraUpdatedCols: 0x0} = {
      subquery = Query {commandType: CMD_SELECT, querySource: QSRC_ORIGINAL, queryId: 0, canSetTag: true, resultRelation: 0, hasAggs: false, hasWindowFuncs: false, hasTargetSRFs: false, hasSubLinks: false, hasDistinctOn: false, hasRecursive: false, hasModifyingCTE: false, hasForUpdate: false, hasRowSecurity: false, override: OVERRIDING_NOT_SET, limitOption: LIMIT_OPTION_COUNT, stmt_location: 0, stmt_len: 0, is_local: false, has_to_save_cmd_id: false, in_sub_plan: false, in_explain: false} = {
        rtable = List with 8 elements = {
          0 = RangeTblEntry {rtekind: RTE_RELATION, relname: 'part', relid: 270663, relkind: 114 'r', rellockmode: 1, security_barrier: false, jointype: JOIN_INNER, joinmergedcols: 0, funcordinality: false, ctename: 0x0, ctelevelsup: 0, self_reference: false, enrname: 0x0, enrtuples: 0, param_new: -1, param_old: -1, mt_result: 0x0, defaultCols: 0x0, rows: 0, lateral: false, inh: true, inFromCl: true, requiredPerms: 2, checkAsUser: 0, selectedCols: (b 11 15), insertedCols: 0x0, updatedCols: 0x0, extraUpdatedCols: 0x0} = {
            eref = Alias aliasname: 'part' = {
              colnames = List with 9 elements = {
                0 = String[ 'p_partkey' ],
                1 = String[ 'p_name' ],
                2 = String[ 'p_mfgr' ],
                3 = String[ 'p_brand' ],
                4 = String[ 'p_type' ],
                5 = String[ 'p_size' ],
                6 = String[ 'p_container' ],
                7 = String[ 'p_retailprice' ],
                8 = String[ 'p_comment' ]
              }
            }
          },
          1 = RangeTblEntry {rtekind: RTE_RELATION, relname: 'supplier', relid: 270666, relkind: 114 'r', rellockmode: 1, security_barrier: false, jointype: JOIN_INNER, joinmergedcols: 0, funcordinality: false, ctename: 0x0, ctelevelsup: 0, self_reference: false, enrname: 0x0, enrtuples: 0, param_new: -1, param_old: -1, mt_result: 0x0, defaultCols: 0x0, rows: 0, lateral: false, inh: true, inFromCl: true, requiredPerms: 2, checkAsUser: 0, selectedCols: (b 11 14), insertedCols: 0x0, updatedCols: 0x0, extraUpdatedCols: 0x0} = {
            eref = Alias aliasname: 'supplier' = {
              colnames = List with 7 elements = {
                0 = String[ 's_suppkey' ],
                1 = String[ 's_name' ],
                2 = String[ 's_address' ],
                3 = String[ 's_nationkey' ],
                4 = String[ 's_phone' ],
                5 = String[ 's_acctbal' ],
                6 = String[ 's_comment' ]
              }
            }
          },
          2 = RangeTblEntry {rtekind: RTE_RELATION, relname: 'lineitem', relid: 270678, relkind: 114 'r', rellockmode: 1, security_barrier: false, jointype: JOIN_INNER, joinmergedcols: 0, funcordinality: false, ctename: 0x0, ctelevelsup: 0, self_reference: false, enrname: 0x0, enrtuples: 0, param_new: -1, param_old: -1, mt_result: 0x0, defaultCols: 0x0, rows: 0, lateral: false, inh: true, inFromCl: true, requiredPerms: 2, checkAsUser: 0, selectedCols: (b 11 12 13 16 17), insertedCols: 0x0, updatedCols: 0x0, extraUpdatedCols: 0x0} = {
            eref = Alias aliasname: 'lineitem' = {
              colnames = List with 16 elements = {
                0 = String[ 'l_orderkey' ],
                1 = String[ 'l_partkey' ],
                2 = String[ 'l_suppkey' ],
                3 = String[ 'l_linenumber' ],
                4 = String[ 'l_quantity' ],
                5 = String[ 'l_extendedprice' ],
                6 = String[ 'l_discount' ],
                7 = String[ 'l_tax' ],
                8 = String[ 'l_returnflag' ],
                9 = String[ 'l_linestatus' ],
                10 = String[ 'l_shipdate' ],
                11 = String[ 'l_commitdate' ],
                12 = String[ 'l_receiptdate' ],
                13 = String[ 'l_shipinstruct' ],
                14 = String[ 'l_shipmode' ],
                15 = String[ 'l_comment' ]
              }
            }
          },
          3 = RangeTblEntry {rtekind: RTE_RELATION, relname: 'orders', relid: 270675, relkind: 114 'r', rellockmode: 1, security_barrier: false, jointype: JOIN_INNER, joinmergedcols: 0, funcordinality: false, ctename: 0x0, ctelevelsup: 0, self_reference: false, enrname: 0x0, enrtuples: 0, param_new: -1, param_old: -1, mt_result: 0x0, defaultCols: 0x0, rows: 0, lateral: false, inh: true, inFromCl: true, requiredPerms: 2, checkAsUser: 0, selectedCols: (b 11 12 15), insertedCols: 0x0, updatedCols: 0x0, extraUpdatedCols: 0x0} = {
            eref = Alias aliasname: 'orders' = {
              colnames = List with 9 elements = {
                0 = String[ 'o_orderkey' ],
                1 = String[ 'o_custkey' ],
                2 = String[ 'o_orderstatus' ],
                3 = String[ 'o_totalprice' ],
                4 = String[ 'o_orderdate' ],
                5 = String[ 'o_orderpriority' ],
                6 = String[ 'o_clerk' ],
                7 = String[ 'o_shippriority' ],
                8 = String[ 'o_comment' ]
              }
            }
          },
          4 = RangeTblEntry {rtekind: RTE_RELATION, relname: 'customer', relid: 270672, relkind: 114 'r', rellockmode: 1, security_barrier: false, jointype: JOIN_INNER, joinmergedcols: 0, funcordinality: false, ctename: 0x0, ctelevelsup: 0, self_reference: false, enrname: 0x0, enrtuples: 0, param_new: -1, param_old: -1, mt_result: 0x0, defaultCols: 0x0, rows: 0, lateral: false, inh: true, inFromCl: true, requiredPerms: 2, checkAsUser: 0, selectedCols: (b 11 14), insertedCols: 0x0, updatedCols: 0x0, extraUpdatedCols: 0x0} = {
            eref = Alias aliasname: 'customer' = {
              colnames = List with 8 elements = {
                0 = String[ 'c_custkey' ],
                1 = String[ 'c_name' ],
                2 = String[ 'c_address' ],
                3 = String[ 'c_nationkey' ],
                4 = String[ 'c_phone' ],
                5 = String[ 'c_acctbal' ],
                6 = String[ 'c_mktsegment' ],
                7 = String[ 'c_comment' ]
              }
            }
          },
          5 = RangeTblEntry {rtekind: RTE_RELATION, relname: 'nation', relid: 270657, relkind: 114 'r', rellockmode: 1, security_barrier: false, jointype: JOIN_INNER, joinmergedcols: 0, funcordinality: false, ctename: 0x0, ctelevelsup: 0, self_reference: false, enrname: 0x0, enrtuples: 0, param_new: -1, param_old: -1, mt_result: 0x0, defaultCols: 0x0, rows: 0, lateral: false, inh: true, inFromCl: true, requiredPerms: 2, checkAsUser: 0, selectedCols: (b 11 13), insertedCols: 0x0, updatedCols: 0x0, extraUpdatedCols: 0x0} = {
            alias = Alias aliasname: 'n1',
            eref = Alias aliasname: 'n1' = {
              colnames = List with 4 elements = {
                0 = String[ 'n_nationkey' ],
                1 = String[ 'n_name' ],
                2 = String[ 'n_regionkey' ],
                3 = String[ 'n_comment' ]
              }
            }
          },
          6 = RangeTblEntry {rtekind: RTE_RELATION, relname: 'nation', relid: 270657, relkind: 114 'r', rellockmode: 1, security_barrier: false, jointype: JOIN_INNER, joinmergedcols: 0, funcordinality: false, ctename: 0x0, ctelevelsup: 0, self_reference: false, enrname: 0x0, enrtuples: 0, param_new: -1, param_old: -1, mt_result: 0x0, defaultCols: 0x0, rows: 0, lateral: false, inh: true, inFromCl: true, requiredPerms: 2, checkAsUser: 0, selectedCols: (b 11 12), insertedCols: 0x0, updatedCols: 0x0, extraUpdatedCols: 0x0} = {
            alias = Alias aliasname: 'n2',
            eref = Alias aliasname: 'n2' = {
              colnames = List with 4 elements = {
                0 = String[ 'n_nationkey' ],
                1 = String[ 'n_name' ],
                2 = String[ 'n_regionkey' ],
                3 = String[ 'n_comment' ]
              }
            }
          },
          7 = RangeTblEntry {rtekind: RTE_RELATION, relname: 'region', relid: 270660, relkind: 114 'r', rellockmode: 1, security_barrier: false, jointype: JOIN_INNER, joinmergedcols: 0, funcordinality: false, ctename: 0x0, ctelevelsup: 0, self_reference: false, enrname: 0x0, enrtuples: 0, param_new: -1, param_old: -1, mt_result: 0x0, defaultCols: 0x0, rows: 0, lateral: false, inh: true, inFromCl: true, requiredPerms: 2, checkAsUser: 0, selectedCols: (b 11 12), insertedCols: 0x0, updatedCols: 0x0, extraUpdatedCols: 0x0} = {
            eref = Alias aliasname: 'region' = {
              colnames = List with 3 elements = {
                0 = String[ 'r_regionkey' ],
                1 = String[ 'r_name' ],
                2 = String[ 'r_comment' ]
              }
            }
          }
        },
        jointree = FromExpr  = {
          fromlist = List with 8 elements = {
            0 = RangeTblRef rtindex: 1,
            1 = RangeTblRef rtindex: 2,
            2 = RangeTblRef rtindex: 3,
            3 = RangeTblRef rtindex: 4,
            4 = RangeTblRef rtindex: 5,
            5 = RangeTblRef rtindex: 6,
            6 = RangeTblRef rtindex: 7,
            7 = RangeTblRef rtindex: 8
          },
          quals = BoolExpr {boolop: AND_EXPR, location: 432} = {
            args = List with 10 elements = {
              0 = OpExpr {opno: 96, opfuncid: 65, opresulttype: 16, opretset: false, opcollid: 0, inputcollid: 0, location: 414} = {
                args = List with 2 elements = {
                  0 = Var {varno: 1, varattno: 1, vartype: 23, vartypmod: -1, varcollid: 0, varlevelsup: 0, varnosyn: 1, varattnosyn: 1, location: 404},
                  1 = Var {varno: 3, varattno: 2, vartype: 23, vartypmod: -1, varcollid: 0, varlevelsup: 0, varnosyn: 3, varattnosyn: 2, location: 416}
                }
              },
              1 = OpExpr {opno: 96, opfuncid: 65, opresulttype: 16, opretset: false, opcollid: 0, inputcollid: 0, location: 446} = {
                args = List with 2 elements = {
                  0 = Var {varno: 2, varattno: 1, vartype: 23, vartypmod: -1, varcollid: 0, varlevelsup: 0, varnosyn: 2, varattnosyn: 1, location: 436},
                  1 = Var {varno: 3, varattno: 3, vartype: 23, vartypmod: -1, varcollid: 0, varlevelsup: 0, varnosyn: 3, varattnosyn: 3, location: 448}
                }
              },
              2 = OpExpr {opno: 96, opfuncid: 65, opresulttype: 16, opretset: false, opcollid: 0, inputcollid: 0, location: 479} = {
                args = List with 2 elements = {
                  0 = Var {varno: 3, varattno: 1, vartype: 23, vartypmod: -1, varcollid: 0, varlevelsup: 0, varnosyn: 3, varattnosyn: 1, location: 468},
                  1 = Var {varno: 4, varattno: 1, vartype: 23, vartypmod: -1, varcollid: 0, varlevelsup: 0, varnosyn: 4, varattnosyn: 1, location: 481}
                }
              },
              3 = OpExpr {opno: 96, opfuncid: 65, opresulttype: 16, opretset: false, opcollid: 0, inputcollid: 0, location: 512} = {
                args = List with 2 elements = {
                  0 = Var {varno: 4, varattno: 2, vartype: 23, vartypmod: -1, varcollid: 0, varlevelsup: 0, varnosyn: 4, varattnosyn: 2, location: 502},
                  1 = Var {varno: 5, varattno: 1, vartype: 23, vartypmod: -1, varcollid: 0, varlevelsup: 0, varnosyn: 5, varattnosyn: 1, location: 514}
                }
              },
              4 = OpExpr {opno: 96, opfuncid: 65, opresulttype: 16, opretset: false, opcollid: 0, inputcollid: 0, location: 546} = {
                args = List with 2 elements = {
                  0 = Var {varno: 5, varattno: 4, vartype: 23, vartypmod: -1, varcollid: 0, varlevelsup: 0, varnosyn: 5, varattnosyn: 4, location: 534},
                  1 = Var {varno: 6, varattno: 1, vartype: 23, vartypmod: -1, varcollid: 0, varlevelsup: 0, varnosyn: 6, varattnosyn: 1, location: 548}
                }
              },
              5 = OpExpr {opno: 96, opfuncid: 65, opresulttype: 16, opretset: false, opcollid: 0, inputcollid: 0, location: 588} = {
                args = List with 2 elements = {
                  0 = Var {varno: 6, varattno: 3, vartype: 23, vartypmod: -1, varcollid: 0, varlevelsup: 0, varnosyn: 6, varattnosyn: 3, location: 573},
                  1 = Var {varno: 8, varattno: 1, vartype: 23, vartypmod: -1, varcollid: 0, varlevelsup: 0, varnosyn: 8, varattnosyn: 1, location: 590}
                }
              },
              6 = OpExpr {opno: 1054, opfuncid: 1048, opresulttype: 16, opretset: false, opcollid: 0, inputcollid: 100, location: 619} = {
                args = List with 2 elements = {
                  0 = Var {varno: 8, varattno: 2, vartype: 1042, vartypmod: 29, varcollid: 100, varlevelsup: 0, varnosyn: 8, varattnosyn: 2, location: 612},
                  1 = Const {consttype: 1042, consttypmod: -1, constcollid: 100, constlen: -1, constvalue: 94501921730744, constisnull: false, constbyval: false, location: 621}
                }
              },
              7 = OpExpr {opno: 96, opfuncid: 65, opresulttype: 16, opretset: false, opcollid: 0, inputcollid: 0, location: 653} = {
                args = List with 2 elements = {
                  0 = Var {varno: 2, varattno: 4, vartype: 23, vartypmod: -1, varcollid: 0, varlevelsup: 0, varnosyn: 2, varattnosyn: 4, location: 641},
                  1 = Var {varno: 7, varattno: 1, vartype: 23, vartypmod: -1, varcollid: 0, varlevelsup: 0, varnosyn: 7, varattnosyn: 1, location: 655}
                }
              },
              8 = BoolExpr {boolop: AND_EXPR, location: 692} = {
                args = List with 2 elements = {
                  0 = OpExpr {opno: 1098, opfuncid: 1090, opresulttype: 16, opretset: false, opcollid: 0, inputcollid: 0, location: 692} = {
                    args = List with 2 elements = {
                      0 = Var {varno: 4, varattno: 5, vartype: 1082, vartypmod: -1, varcollid: 0, varlevelsup: 0, varnosyn: 4, varattnosyn: 5, location: 680},
                      1 = Const {consttype: 1082, consttypmod: -1, constcollid: 0, constlen: 4, constvalue: 18446744073709549790, constisnull: false, constbyval: true, location: 705}
                    }
                  },
                  1 = OpExpr {opno: 1096, opfuncid: 1088, opresulttype: 16, opretset: false, opcollid: 0, inputcollid: 0, location: 692} = {
                    args = List with 2 elements = {
                      0 = Var {varno: 4, varattno: 5, vartype: 1082, vartypmod: -1, varcollid: 0, varlevelsup: 0, varnosyn: 4, varattnosyn: 5, location: 680},
                      1 = Const {consttype: 1082, consttypmod: -1, constcollid: 0, constlen: 4, constvalue: 18446744073709550520, constisnull: false, constbyval: true, location: 727}
                    }
                  }
                }
              },
              9 = OpExpr {opno: 98, opfuncid: 67, opresulttype: 16, opretset: false, opcollid: 0, inputcollid: 100, location: 757} = {
                args = List with 2 elements = {
                  0 = RelabelType {resulttype: 25, resulttypmod: -1, resultcollid: 100, relabelformat: COERCE_IMPLICIT_CAST, location: -1} = {
                    arg = Var {varno: 1, varattno: 5, vartype: 1043, vartypmod: 29, varcollid: 100, varlevelsup: 0, varnosyn: 1, varattnosyn: 5, location: 750}
                  },
                  1 = Const {consttype: 25, consttypmod: -1, constcollid: 100, constlen: -1, constvalue: 94501921733488, constisnull: false, constbyval: false, location: 759}
                }
              }
            }
          }
        },
        targetList = List with 3 elements = {
          0 = TargetEntry {resno: 1, resname: 'o_year', ressortgroupref: 0, resorigtbl: 0, resorigcol: 0, resjunk: false} = {
            expr = FuncExpr {funcid: 1384, funcresulttype: 701, funcretset: false, funcvariadic: false, funcformat: COERCE_EXPLICIT_CALL, funccollid: 0, inputcollid: 100, location: 138} = {
              args = List with 2 elements = {
                0 = Const {consttype: 25, consttypmod: -1, constcollid: 100, constlen: -1, constvalue: 94501921726408, constisnull: false, constbyval: false, location: 146},
                1 = Var {varno: 4, varattno: 5, vartype: 1082, vartypmod: -1, varcollid: 0, varlevelsup: 0, varnosyn: 4, varattnosyn: 5, location: 156}
              }
            }
          },
          1 = TargetEntry {resno: 2, resname: 'volume', ressortgroupref: 0, resorigtbl: 0, resorigcol: 0, resjunk: false} = {
            expr = OpExpr {opno: 1760, opfuncid: 1726, opresulttype: 1700, opretset: false, opcollid: 0, inputcollid: 0, location: 202} = {
              args = List with 2 elements = {
                0 = Var {varno: 3, varattno: 6, vartype: 1700, vartypmod: 983046, varcollid: 0, varlevelsup: 0, varnosyn: 3, varattnosyn: 6, location: 186},
                1 = OpExpr {opno: 1759, opfuncid: 1725, opresulttype: 1700, opretset: false, opcollid: 0, inputcollid: 0, location: 207} = {
                  args = List with 2 elements = {
                    0 = FuncExpr {funcid: 1740, funcresulttype: 1700, funcretset: false, funcvariadic: false, funcformat: COERCE_IMPLICIT_CAST, funccollid: 0, inputcollid: 0, location: -1} = {
                      args = List with 1 elements = {
                        0 = Const {consttype: 23, consttypmod: -1, constcollid: 0, constlen: 4, constvalue: 1, constisnull: false, constbyval: true, location: 205}
                      }
                    },
                    1 = Var {varno: 3, varattno: 7, vartype: 1700, vartypmod: 983046, varcollid: 0, varlevelsup: 0, varnosyn: 3, varattnosyn: 7, location: 209}
                  }
                }
              }
            }
          },
          2 = TargetEntry {resno: 3, resname: 'nation', ressortgroupref: 0, resorigtbl: 270657, resorigcol: 2, resjunk: false} = {
            expr = Var {varno: 7, varattno: 2, vartype: 1042, vartypmod: 29, varcollid: 100, varlevelsup: 0, varnosyn: 7, varattnosyn: 2, location: 238}
          }
        }
      },
      alias = Alias aliasname: 'all_nations',
      eref = Alias aliasname: 'all_nations' = {
        colnames = List with 3 elements = {
          0 = String[ 'o_year' ],
          1 = String[ 'volume' ],
          2 = String[ 'nation' ]
        }
      }
    },
    1 = RangeTblEntry {rtekind: RTE_RELATION, relname: 'part', relid: 270663, relkind: 114 'r', rellockmode: 1, security_barrier: false, jointype: JOIN_INNER, joinmergedcols: 0, funcordinality: false, ctename: 0x0, ctelevelsup: 0, self_reference: false, enrname: 0x0, enrtuples: 0, param_new: -1, param_old: -1, mt_result: 0x0, defaultCols: 0x0, rows: 0, lateral: false, inh: false, inFromCl: true, requiredPerms: 2, checkAsUser: 0, selectedCols: (b 11 15), insertedCols: 0x0, updatedCols: 0x0, extraUpdatedCols: 0x0} = {
      eref = Alias aliasname: 'part' = {
        colnames = List with 9 elements = {
          0 = String[ 'p_partkey' ],
          1 = String[ 'p_name' ],
          2 = String[ 'p_mfgr' ],
          3 = String[ 'p_brand' ],
          4 = String[ 'p_type' ],
          5 = String[ 'p_size' ],
          6 = String[ 'p_container' ],
          7 = String[ 'p_retailprice' ],
          8 = String[ 'p_comment' ]
        }
      }
    },
    2 = RangeTblEntry {rtekind: RTE_RELATION, relname: 'supplier', relid: 270666, relkind: 114 'r', rellockmode: 1, security_barrier: false, jointype: JOIN_INNER, joinmergedcols: 0, funcordinality: false, ctename: 0x0, ctelevelsup: 0, self_reference: false, enrname: 0x0, enrtuples: 0, param_new: -1, param_old: -1, mt_result: 0x0, defaultCols: 0x0, rows: 0, lateral: false, inh: false, inFromCl: true, requiredPerms: 2, checkAsUser: 0, selectedCols: (b 11 14), insertedCols: 0x0, updatedCols: 0x0, extraUpdatedCols: 0x0} = {
      eref = Alias aliasname: 'supplier' = {
        colnames = List with 7 elements = {
          0 = String[ 's_suppkey' ],
          1 = String[ 's_name' ],
          2 = String[ 's_address' ],
          3 = String[ 's_nationkey' ],
          4 = String[ 's_phone' ],
          5 = String[ 's_acctbal' ],
          6 = String[ 's_comment' ]
        }
      }
    },
    3 = RangeTblEntry {rtekind: RTE_RELATION, relname: 'lineitem', relid: 270678, relkind: 114 'r', rellockmode: 1, security_barrier: false, jointype: JOIN_INNER, joinmergedcols: 0, funcordinality: false, ctename: 0x0, ctelevelsup: 0, self_reference: false, enrname: 0x0, enrtuples: 0, param_new: -1, param_old: -1, mt_result: 0x0, defaultCols: 0x0, rows: 0, lateral: false, inh: false, inFromCl: true, requiredPerms: 2, checkAsUser: 0, selectedCols: (b 11 12 13 16 17), insertedCols: 0x0, updatedCols: 0x0, extraUpdatedCols: 0x0} = {
      eref = Alias aliasname: 'lineitem' = {
        colnames = List with 16 elements = {
          0 = String[ 'l_orderkey' ],
          1 = String[ 'l_partkey' ],
          2 = String[ 'l_suppkey' ],
          3 = String[ 'l_linenumber' ],
          4 = String[ 'l_quantity' ],
          5 = String[ 'l_extendedprice' ],
          6 = String[ 'l_discount' ],
          7 = String[ 'l_tax' ],
          8 = String[ 'l_returnflag' ],
          9 = String[ 'l_linestatus' ],
          10 = String[ 'l_shipdate' ],
          11 = String[ 'l_commitdate' ],
          12 = String[ 'l_receiptdate' ],
          13 = String[ 'l_shipinstruct' ],
          14 = String[ 'l_shipmode' ],
          15 = String[ 'l_comment' ]
        }
      }
    },
    4 = RangeTblEntry {rtekind: RTE_RELATION, relname: 'orders', relid: 270675, relkind: 114 'r', rellockmode: 1, security_barrier: false, jointype: JOIN_INNER, joinmergedcols: 0, funcordinality: false, ctename: 0x0, ctelevelsup: 0, self_reference: false, enrname: 0x0, enrtuples: 0, param_new: -1, param_old: -1, mt_result: 0x0, defaultCols: 0x0, rows: 0, lateral: false, inh: false, inFromCl: true, requiredPerms: 2, checkAsUser: 0, selectedCols: (b 11 12 15), insertedCols: 0x0, updatedCols: 0x0, extraUpdatedCols: 0x0} = {
      eref = Alias aliasname: 'orders' = {
        colnames = List with 9 elements = {
          0 = String[ 'o_orderkey' ],
          1 = String[ 'o_custkey' ],
          2 = String[ 'o_orderstatus' ],
          3 = String[ 'o_totalprice' ],
          4 = String[ 'o_orderdate' ],
          5 = String[ 'o_orderpriority' ],
          6 = String[ 'o_clerk' ],
          7 = String[ 'o_shippriority' ],
          8 = String[ 'o_comment' ]
        }
      }
    },
    5 = RangeTblEntry {rtekind: RTE_RELATION, relname: 'customer', relid: 270672, relkind: 114 'r', rellockmode: 1, security_barrier: false, jointype: JOIN_INNER, joinmergedcols: 0, funcordinality: false, ctename: 0x0, ctelevelsup: 0, self_reference: false, enrname: 0x0, enrtuples: 0, param_new: -1, param_old: -1, mt_result: 0x0, defaultCols: 0x0, rows: 0, lateral: false, inh: false, inFromCl: true, requiredPerms: 2, checkAsUser: 0, selectedCols: (b 11 14), insertedCols: 0x0, updatedCols: 0x0, extraUpdatedCols: 0x0} = {
      eref = Alias aliasname: 'customer' = {
        colnames = List with 8 elements = {
          0 = String[ 'c_custkey' ],
          1 = String[ 'c_name' ],
          2 = String[ 'c_address' ],
          3 = String[ 'c_nationkey' ],
          4 = String[ 'c_phone' ],
          5 = String[ 'c_acctbal' ],
          6 = String[ 'c_mktsegment' ],
          7 = String[ 'c_comment' ]
        }
      }
    },
    6 = RangeTblEntry {rtekind: RTE_RELATION, relname: 'nation', relid: 270657, relkind: 114 'r', rellockmode: 1, security_barrier: false, jointype: JOIN_INNER, joinmergedcols: 0, funcordinality: false, ctename: 0x0, ctelevelsup: 0, self_reference: false, enrname: 0x0, enrtuples: 0, param_new: -1, param_old: -1, mt_result: 0x0, defaultCols: 0x0, rows: 0, lateral: false, inh: false, inFromCl: true, requiredPerms: 2, checkAsUser: 0, selectedCols: (b 11 13), insertedCols: 0x0, updatedCols: 0x0, extraUpdatedCols: 0x0} = {
      alias = Alias aliasname: 'n1',
      eref = Alias aliasname: 'n1' = {
        colnames = List with 4 elements = {
          0 = String[ 'n_nationkey' ],
          1 = String[ 'n_name' ],
          2 = String[ 'n_regionkey' ],
          3 = String[ 'n_comment' ]
        }
      }
    },
    7 = RangeTblEntry {rtekind: RTE_RELATION, relname: 'nation', relid: 270657, relkind: 114 'r', rellockmode: 1, security_barrier: false, jointype: JOIN_INNER, joinmergedcols: 0, funcordinality: false, ctename: 0x0, ctelevelsup: 0, self_reference: false, enrname: 0x0, enrtuples: 0, param_new: -1, param_old: -1, mt_result: 0x0, defaultCols: 0x0, rows: 0, lateral: false, inh: false, inFromCl: true, requiredPerms: 2, checkAsUser: 0, selectedCols: (b 11 12), insertedCols: 0x0, updatedCols: 0x0, extraUpdatedCols: 0x0} = {
      alias = Alias aliasname: 'n2',
      eref = Alias aliasname: 'n2' = {
        colnames = List with 4 elements = {
          0 = String[ 'n_nationkey' ],
          1 = String[ 'n_name' ],
          2 = String[ 'n_regionkey' ],
          3 = String[ 'n_comment' ]
        }
      }
    },
    8 = RangeTblEntry {rtekind: RTE_RELATION, relname: 'region', relid: 270660, relkind: 114 'r', rellockmode: 1, security_barrier: false, jointype: JOIN_INNER, joinmergedcols: 0, funcordinality: false, ctename: 0x0, ctelevelsup: 0, self_reference: false, enrname: 0x0, enrtuples: 0, param_new: -1, param_old: -1, mt_result: 0x0, defaultCols: 0x0, rows: 0, lateral: false, inh: false, inFromCl: true, requiredPerms: 2, checkAsUser: 0, selectedCols: (b 11 12), insertedCols: 0x0, updatedCols: 0x0, extraUpdatedCols: 0x0} = {
      eref = Alias aliasname: 'region' = {
        colnames = List with 3 elements = {
          0 = String[ 'r_regionkey' ],
          1 = String[ 'r_name' ],
          2 = String[ 'r_comment' ]
        }
      }
    }
  },
  jointree = FromExpr  = {
    fromlist = List with 1 elements = {
      0 = FromExpr  = {
        fromlist = List with 8 elements = {
          0 = RangeTblRef rtindex: 2,
          1 = RangeTblRef rtindex: 3,
          2 = RangeTblRef rtindex: 4,
          3 = RangeTblRef rtindex: 5,
          4 = RangeTblRef rtindex: 6,
          5 = RangeTblRef rtindex: 7,
          6 = RangeTblRef rtindex: 8,
          7 = RangeTblRef rtindex: 9
        },
        quals = List with 11 elements = {
          0 = OpExpr {opno: 96, opfuncid: 65, opresulttype: 16, opretset: false, opcollid: 0, inputcollid: 0, location: 414} = {
            args = List with 2 elements = {
              0 = Var {varno: 2, varattno: 1, vartype: 23, vartypmod: -1, varcollid: 0, varlevelsup: 0, varnosyn: 2, varattnosyn: 1, location: 404},
              1 = Var {varno: 4, varattno: 2, vartype: 23, vartypmod: -1, varcollid: 0, varlevelsup: 0, varnosyn: 4, varattnosyn: 2, location: 416}
            }
          },
          1 = OpExpr {opno: 96, opfuncid: 65, opresulttype: 16, opretset: false, opcollid: 0, inputcollid: 0, location: 446} = {
            args = List with 2 elements = {
              0 = Var {varno: 3, varattno: 1, vartype: 23, vartypmod: -1, varcollid: 0, varlevelsup: 0, varnosyn: 3, varattnosyn: 1, location: 436},
              1 = Var {varno: 4, varattno: 3, vartype: 23, vartypmod: -1, varcollid: 0, varlevelsup: 0, varnosyn: 4, varattnosyn: 3, location: 448}
            }
          },
          2 = OpExpr {opno: 96, opfuncid: 65, opresulttype: 16, opretset: false, opcollid: 0, inputcollid: 0, location: 479} = {
            args = List with 2 elements = {
              0 = Var {varno: 4, varattno: 1, vartype: 23, vartypmod: -1, varcollid: 0, varlevelsup: 0, varnosyn: 4, varattnosyn: 1, location: 468},
              1 = Var {varno: 5, varattno: 1, vartype: 23, vartypmod: -1, varcollid: 0, varlevelsup: 0, varnosyn: 5, varattnosyn: 1, location: 481}
            }
          },
          3 = OpExpr {opno: 96, opfuncid: 65, opresulttype: 16, opretset: false, opcollid: 0, inputcollid: 0, location: 512} = {
            args = List with 2 elements = {
              0 = Var {varno: 5, varattno: 2, vartype: 23, vartypmod: -1, varcollid: 0, varlevelsup: 0, varnosyn: 5, varattnosyn: 2, location: 502},
              1 = Var {varno: 6, varattno: 1, vartype: 23, vartypmod: -1, varcollid: 0, varlevelsup: 0, varnosyn: 6, varattnosyn: 1, location: 514}
            }
          },
          4 = OpExpr {opno: 96, opfuncid: 65, opresulttype: 16, opretset: false, opcollid: 0, inputcollid: 0, location: 546} = {
            args = List with 2 elements = {
              0 = Var {varno: 6, varattno: 4, vartype: 23, vartypmod: -1, varcollid: 0, varlevelsup: 0, varnosyn: 6, varattnosyn: 4, location: 534},
              1 = Var {varno: 7, varattno: 1, vartype: 23, vartypmod: -1, varcollid: 0, varlevelsup: 0, varnosyn: 7, varattnosyn: 1, location: 548}
            }
          },
          5 = OpExpr {opno: 96, opfuncid: 65, opresulttype: 16, opretset: false, opcollid: 0, inputcollid: 0, location: 588} = {
            args = List with 2 elements = {
              0 = Var {varno: 7, varattno: 3, vartype: 23, vartypmod: -1, varcollid: 0, varlevelsup: 0, varnosyn: 7, varattnosyn: 3, location: 573},
              1 = Var {varno: 9, varattno: 1, vartype: 23, vartypmod: -1, varcollid: 0, varlevelsup: 0, varnosyn: 9, varattnosyn: 1, location: 590}
            }
          },
          6 = OpExpr {opno: 1054, opfuncid: 1048, opresulttype: 16, opretset: false, opcollid: 0, inputcollid: 100, location: 619} = {
            args = List with 2 elements = {
              0 = Var {varno: 9, varattno: 2, vartype: 1042, vartypmod: 29, varcollid: 100, varlevelsup: 0, varnosyn: 9, varattnosyn: 2, location: 612},
              1 = Const {consttype: 1042, consttypmod: -1, constcollid: 100, constlen: -1, constvalue: 94501922417248, constisnull: false, constbyval: false, location: 621}
            }
          },
          7 = OpExpr {opno: 96, opfuncid: 65, opresulttype: 16, opretset: false, opcollid: 0, inputcollid: 0, location: 653} = {
            args = List with 2 elements = {
              0 = Var {varno: 3, varattno: 4, vartype: 23, vartypmod: -1, varcollid: 0, varlevelsup: 0, varnosyn: 3, varattnosyn: 4, location: 641},
              1 = Var {varno: 8, varattno: 1, vartype: 23, vartypmod: -1, varcollid: 0, varlevelsup: 0, varnosyn: 8, varattnosyn: 1, location: 655}
            }
          },
          8 = OpExpr {opno: 1098, opfuncid: 1090, opresulttype: 16, opretset: false, opcollid: 0, inputcollid: 0, location: 692} = {
            args = List with 2 elements = {
              0 = Var {varno: 5, varattno: 5, vartype: 1082, vartypmod: -1, varcollid: 0, varlevelsup: 0, varnosyn: 5, varattnosyn: 5, location: 680},
              1 = Const {consttype: 1082, consttypmod: -1, constcollid: 0, constlen: 4, constvalue: 18446744073709549790, constisnull: false, constbyval: true, location: 705}
            }
          },
          9 = OpExpr {opno: 1096, opfuncid: 1088, opresulttype: 16, opretset: false, opcollid: 0, inputcollid: 0, location: 692} = {
            args = List with 2 elements = {
              0 = Var {varno: 5, varattno: 5, vartype: 1082, vartypmod: -1, varcollid: 0, varlevelsup: 0, varnosyn: 5, varattnosyn: 5, location: 680},
              1 = Const {consttype: 1082, consttypmod: -1, constcollid: 0, constlen: 4, constvalue: 18446744073709550520, constisnull: false, constbyval: true, location: 727}
            }
          },
          10 = OpExpr {opno: 98, opfuncid: 67, opresulttype: 16, opretset: false, opcollid: 0, inputcollid: 100, location: 757} = {
            args = List with 2 elements = {
              0 = RelabelType {resulttype: 25, resulttypmod: -1, resultcollid: 100, relabelformat: COERCE_IMPLICIT_CAST, location: -1} = {
                arg = Var {varno: 2, varattno: 5, vartype: 1043, vartypmod: 29, varcollid: 100, varlevelsup: 0, varnosyn: 2, varattnosyn: 5, location: 750}
              },
              1 = Const {consttype: 25, consttypmod: -1, constcollid: 100, constlen: -1, constvalue: 94501922418928, constisnull: false, constbyval: false, location: 759}
            }
          }
        }
      }
    }
  },
  targetList = List with 2 elements = {
    0 = TargetEntry {resno: 1, resname: 'o_year', ressortgroupref: 1, resorigtbl: 0, resorigcol: 0, resjunk: false} = {
      expr = FuncExpr {funcid: 2021, funcresulttype: 701, funcretset: false, funcvariadic: false, funcformat: COERCE_EXPLICIT_CALL, funccollid: 0, inputcollid: 100, location: 7} = {
        args = List with 2 elements = {
          0 = Const {consttype: 25, consttypmod: -1, constcollid: 100, constlen: -1, constvalue: 94501922427888, constisnull: false, constbyval: false, location: 146},
          1 = FuncExpr {funcid: 2024, funcresulttype: 1114, funcretset: false, funcvariadic: false, funcformat: COERCE_EXPLICIT_CAST, funccollid: 0, inputcollid: 0, location: 32} = {
            args = List with 1 elements = {
              0 = Var {varno: 5, varattno: 5, vartype: 1082, vartypmod: -1, varcollid: 0, varlevelsup: 0, varnosyn: 5, varattnosyn: 5, location: 156}
            }
          }
        }
      }
    },
    1 = TargetEntry {resno: 2, resname: 'mkt_share', ressortgroupref: 0, resorigtbl: 0, resorigcol: 0, resjunk: false} = {
      expr = OpExpr {opno: 1761, opfuncid: 1727, opresulttype: 1700, opretset: false, opcollid: 0, inputcollid: 0, location: 85} = {
        args = List with 2 elements = {
          0 = Aggref {aggfnoid: 2114, aggtype: 1700, aggcollid: 0, inputcollid: 0, aggtranstype: 2281, aggtrantype: 0, agghas_collectfn: false, rank_first: false, aggstar: false, aggvariadic: false, aggkind: 110 'n', agglevelsup: 0, aggsplit: AGGSPLIT_SIMPLE, location: 19} = {
            aggargtypes = OidList with 1 elements = {1700},
            args = List with 1 elements = {
              0 = TargetEntry {resno: 1, resname: 0x0, ressortgroupref: 0, resorigtbl: 0, resorigcol: 0, resjunk: false} = {
                expr = CaseExpr {casetype: 1700, casecollid: 0, location: 23} = {
                  args = List with 1 elements = {
                    0 = CaseWhen location: 32 = {
                      expr = OpExpr {opno: 1054, opfuncid: 1048, opresulttype: 16, opretset: false, opcollid: 0, inputcollid: 100, location: 44} = {
                        args = List with 2 elements = {
                          0 = Var {varno: 8, varattno: 2, vartype: 1042, vartypmod: 29, varcollid: 100, varlevelsup: 0, varnosyn: 8, varattnosyn: 2, location: 238},
                          1 = Const {consttype: 1042, consttypmod: -1, constcollid: 100, constlen: -1, constvalue: 94501921736296, constisnull: false, constbyval: false, location: 46}
                        }
                      },
                      result = OpExpr {opno: 1760, opfuncid: 1726, opresulttype: 1700, opretset: false, opcollid: 0, inputcollid: 0, location: 202} = {
                        args = List with 2 elements = {
                          0 = Var {varno: 4, varattno: 6, vartype: 1700, vartypmod: 983046, varcollid: 0, varlevelsup: 0, varnosyn: 4, varattnosyn: 6, location: 186},
                          1 = OpExpr {opno: 1759, opfuncid: 1725, opresulttype: 1700, opretset: false, opcollid: 0, inputcollid: 0, location: 207} = {
                            args = List with 2 elements = {
                              0 = Const {consttype: 1700, consttypmod: -1, constcollid: 0, constlen: -1, constvalue: 94501922430008, constisnull: false, constbyval: false, location: -1},
                              1 = Var {varno: 4, varattno: 7, vartype: 1700, vartypmod: 983046, varcollid: 0, varlevelsup: 0, varnosyn: 4, varattnosyn: 7, location: 209}
                            }
                          }
                        }
                      }
                    }
                  },
                  defresult = Const {consttype: 1700, consttypmod: -1, constcollid: 0, constlen: -1, constvalue: 94501922430888, constisnull: false, constbyval: false, location: -1}
                }
              }
            }
          },
          1 = Aggref {aggfnoid: 2114, aggtype: 1700, aggcollid: 0, inputcollid: 0, aggtranstype: 2281, aggtrantype: 0, agghas_collectfn: false, rank_first: false, aggstar: false, aggvariadic: false, aggkind: 110 'n', agglevelsup: 0, aggsplit: AGGSPLIT_SIMPLE, location: 87} = {
            aggargtypes = OidList with 1 elements = {1700},
            args = List with 1 elements = {
              0 = TargetEntry {resno: 1, resname: 0x0, ressortgroupref: 0, resorigtbl: 0, resorigcol: 0, resjunk: false} = {
                expr = OpExpr {opno: 1760, opfuncid: 1726, opresulttype: 1700, opretset: false, opcollid: 0, inputcollid: 0, location: 202} = {
                  args = List with 2 elements = {
                    0 = Var {varno: 4, varattno: 6, vartype: 1700, vartypmod: 983046, varcollid: 0, varlevelsup: 0, varnosyn: 4, varattnosyn: 6, location: 186},
                    1 = OpExpr {opno: 1759, opfuncid: 1725, opresulttype: 1700, opretset: false, opcollid: 0, inputcollid: 0, location: 207} = {
                      args = List with 2 elements = {
                        0 = Const {consttype: 1700, consttypmod: -1, constcollid: 0, constlen: -1, constvalue: 94501922432040, constisnull: false, constbyval: false, location: -1},
                        1 = Var {varno: 4, varattno: 7, vartype: 1700, vartypmod: 983046, varcollid: 0, varlevelsup: 0, varnosyn: 4, varattnosyn: 7, location: 209}
                      }
                    }
                  }
                }
              }
            }
          }
        }
      }
    }
  },
  groupClause = List with 1 elements = {
    0 = SortGroupClause {tleSortGroupRef: 1, eqop: 670, sortop: 672, nulls_first: false, hashable: true}
  },
  sortClause = List with 1 elements = {
    0 = SortGroupClause {tleSortGroupRef: 1, eqop: 670, sortop: 672, nulls_first: false, hashable: true}
  }
}
$23 = AggPath T_Agg (cost=1121.11..1121.20 rows=1 parallel_aware=False parallel_safe=False parallel_workers=0) {aggstrategy: AGG_SORTED, aggsplit: AGGSPLIT_FINAL_DESERIAL, numGroups: 1, transitionSpace: 256} = {
  path.parent = (b),
  path.pathtarget = PathTarget {cost: (0.00..0.01), width: 40} = {
    sortgrouprefs = [1, 0],
    exprs = List with 2 elements = {
      0 = FuncExpr {funcid: 2021, funcresulttype: 701, funcretset: false, funcvariadic: false, funcformat: COERCE_EXPLICIT_CALL, funccollid: 0, inputcollid: 100, location: 7} = {
        args = List with 2 elements = {
          0 = Const {consttype: 25, consttypmod: -1, constcollid: 100, constlen: -1, constvalue: 94501922427888, constisnull: false, constbyval: false, location: 146},
          1 = FuncExpr {funcid: 2024, funcresulttype: 1114, funcretset: false, funcvariadic: false, funcformat: COERCE_EXPLICIT_CAST, funccollid: 0, inputcollid: 0, location: 32} = {
            args = List with 1 elements = {
              0 = Var {varno: 5, varattno: 5, vartype: 1082, vartypmod: -1, varcollid: 0, varlevelsup: 0, varnosyn: 5, varattnosyn: 5, location: 156}
            }
          }
        }
      },
      1 = OpExpr {opno: 1761, opfuncid: 1727, opresulttype: 1700, opretset: false, opcollid: 0, inputcollid: 0, location: 85} = {
        args = List with 2 elements = {
          0 = Aggref {aggfnoid: 2114, aggtype: 1700, aggcollid: 0, inputcollid: 0, aggtranstype: 2281, aggtrantype: 0, agghas_collectfn: false, rank_first: false, aggstar: false, aggvariadic: false, aggkind: 110 'n', agglevelsup: 0, aggsplit: AGGSPLIT_SIMPLE, location: 19} = {
            aggargtypes = OidList with 1 elements = {1700},
            args = List with 1 elements = {
              0 = TargetEntry {resno: 1, resname: 0x0, ressortgroupref: 0, resorigtbl: 0, resorigcol: 0, resjunk: false} = {
                expr = CaseExpr {casetype: 1700, casecollid: 0, location: 23} = {
                  args = List with 1 elements = {
                    0 = CaseWhen location: 32 = {
                      expr = OpExpr {opno: 1054, opfuncid: 1048, opresulttype: 16, opretset: false, opcollid: 0, inputcollid: 100, location: 44} = {
                        args = List with 2 elements = {
                          0 = Var {varno: 8, varattno: 2, vartype: 1042, vartypmod: 29, varcollid: 100, varlevelsup: 0, varnosyn: 8, varattnosyn: 2, location: 238},
                          1 = Const {consttype: 1042, consttypmod: -1, constcollid: 100, constlen: -1, constvalue: 94501921736296, constisnull: false, constbyval: false, location: 46}
                        }
                      },
                      result = OpExpr {opno: 1760, opfuncid: 1726, opresulttype: 1700, opretset: false, opcollid: 0, inputcollid: 0, location: 202} = {
                        args = List with 2 elements = {
                          0 = Var {varno: 4, varattno: 6, vartype: 1700, vartypmod: 983046, varcollid: 0, varlevelsup: 0, varnosyn: 4, varattnosyn: 6, location: 186},
                          1 = OpExpr {opno: 1759, opfuncid: 1725, opresulttype: 1700, opretset: false, opcollid: 0, inputcollid: 0, location: 207} = {
                            args = List with 2 elements = {
                              0 = Const {consttype: 1700, consttypmod: -1, constcollid: 0, constlen: -1, constvalue: 94501922430008, constisnull: false, constbyval: false, location: -1},
                              1 = Var {varno: 4, varattno: 7, vartype: 1700, vartypmod: 983046, varcollid: 0, varlevelsup: 0, varnosyn: 4, varattnosyn: 7, location: 209}
                            }
                          }
                        }
                      }
                    }
                  },
                  defresult = Const {consttype: 1700, consttypmod: -1, constcollid: 0, constlen: -1, constvalue: 94501922430888, constisnull: false, constbyval: false, location: -1}
                }
              }
            }
          },
          1 = Aggref {aggfnoid: 2114, aggtype: 1700, aggcollid: 0, inputcollid: 0, aggtranstype: 2281, aggtrantype: 0, agghas_collectfn: false, rank_first: false, aggstar: false, aggvariadic: false, aggkind: 110 'n', agglevelsup: 0, aggsplit: AGGSPLIT_SIMPLE, location: 87} = {
            aggargtypes = OidList with 1 elements = {1700},
            args = List with 1 elements = {
              0 = TargetEntry {resno: 1, resname: 0x0, ressortgroupref: 0, resorigtbl: 0, resorigcol: 0, resjunk: false} = {
                expr = OpExpr {opno: 1760, opfuncid: 1726, opresulttype: 1700, opretset: false, opcollid: 0, inputcollid: 0, location: 202} = {
                  args = List with 2 elements = {
                    0 = Var {varno: 4, varattno: 6, vartype: 1700, vartypmod: 983046, varcollid: 0, varlevelsup: 0, varnosyn: 4, varattnosyn: 6, location: 186},
                    1 = OpExpr {opno: 1759, opfuncid: 1725, opresulttype: 1700, opretset: false, opcollid: 0, inputcollid: 0, location: 207} = {
                      args = List with 2 elements = {
                        0 = Const {consttype: 1700, consttypmod: -1, constcollid: 0, constlen: -1, constvalue: 94501922432040, constisnull: false, constbyval: false, location: -1},
                        1 = Var {varno: 4, varattno: 7, vartype: 1700, vartypmod: 983046, varcollid: 0, varlevelsup: 0, varnosyn: 4, varattnosyn: 7, location: 209}
                      }
                    }
                  }
                }
              }
            }
          }
        }
      }
    },
    as_loc_list = IntList with 2 elements = {-1, 102},
    expr_loc_list = IntList with 2 elements = {9, 19},
    expr_len_list = IntList with 2 elements = {-1, 80},
    expr_type_list = IntList with 2 elements = {398, 397}
  },
  path.pathkeys = List with 1 elements = {
    0 = PathKey {pk_opfamily: 1970, pk_strategy: 1, pk_nulls_first: false} = {
      pk_eclass = EquivalenceClass {ec_collation: 0, ec_relids: (b 5), ec_has_const: false, ec_has_volatile: false, ec_broken: false, ec_sortref: 1, ec_min_security: 4294967295, ec_max_security: 0} = {
        ec_opfamilies = OidList with 1 elements = {1970},
        ec_members = List with 1 elements = {
          0 = EquivalenceMember {em_relids: (b 5), em_is_const: false, em_is_child: false, em_datatype: 701} = {
            em_expr = FuncExpr {funcid: 2021, funcresulttype: 701, funcretset: false, funcvariadic: false, funcformat: COERCE_EXPLICIT_CALL, funccollid: 0, inputcollid: 100, location: 7} = {
              args = List with 2 elements = {
                0 = Const {consttype: 25, consttypmod: -1, constcollid: 100, constlen: -1, constvalue: 94501922466208, constisnull: false, constbyval: false, location: 146},
                1 = FuncExpr {funcid: 2024, funcresulttype: 1114, funcretset: false, funcvariadic: false, funcformat: COERCE_EXPLICIT_CAST, funccollid: 0, inputcollid: 0, location: 32} = {
                  args = List with 1 elements = {
                    0 = Var {varno: 5, varattno: 5, vartype: 1082, vartypmod: -1, varcollid: 0, varlevelsup: 0, varnosyn: 5, varattnosyn: 5, location: 156}
                  }
                }
              }
            }
          }
        }
      }
    }
  },
  subpath = ClusterMergeGatherPath T_ClusterMergeGather (cost=1121.11..1121.14 rows=3 parallel_aware=False parallel_safe=False parallel_workers=0)  = {
    path.parent = (b),
    path.pathtarget = PathTarget {cost: (0.00..0.01), width: 40} = {
      sortgrouprefs = [1, 0],
      exprs = List with 2 elements = {
        0 = FuncExpr {funcid: 2021, funcresulttype: 701, funcretset: false, funcvariadic: false, funcformat: COERCE_EXPLICIT_CALL, funccollid: 0, inputcollid: 100, location: 7} = {
          args = List with 2 elements = {
            0 = Const {consttype: 25, consttypmod: -1, constcollid: 100, constlen: -1, constvalue: 94501922427888, constisnull: false, constbyval: false, location: 146},
            1 = FuncExpr {funcid: 2024, funcresulttype: 1114, funcretset: false, funcvariadic: false, funcformat: COERCE_EXPLICIT_CAST, funccollid: 0, inputcollid: 0, location: 32} = {
              args = List with 1 elements = {
                0 = Var {varno: 5, varattno: 5, vartype: 1082, vartypmod: -1, varcollid: 0, varlevelsup: 0, varnosyn: 5, varattnosyn: 5, location: 156}
              }
            }
          }
        },
        1 = OpExpr {opno: 1761, opfuncid: 1727, opresulttype: 1700, opretset: false, opcollid: 0, inputcollid: 0, location: 85} = {
          args = List with 2 elements = {
            0 = Aggref {aggfnoid: 2114, aggtype: 1700, aggcollid: 0, inputcollid: 0, aggtranstype: 2281, aggtrantype: 0, agghas_collectfn: false, rank_first: false, aggstar: false, aggvariadic: false, aggkind: 110 'n', agglevelsup: 0, aggsplit: AGGSPLIT_SIMPLE, location: 19} = {
              aggargtypes = OidList with 1 elements = {1700},
              args = List with 1 elements = {
                0 = TargetEntry {resno: 1, resname: 0x0, ressortgroupref: 0, resorigtbl: 0, resorigcol: 0, resjunk: false} = {
                  expr = CaseExpr {casetype: 1700, casecollid: 0, location: 23} = {
                    args = List with 1 elements = {
                      0 = CaseWhen location: 32 = {
                        expr = OpExpr {opno: 1054, opfuncid: 1048, opresulttype: 16, opretset: false, opcollid: 0, inputcollid: 100, location: 44} = {
                          args = List with 2 elements = {
                            0 = Var {varno: 8, varattno: 2, vartype: 1042, vartypmod: 29, varcollid: 100, varlevelsup: 0, varnosyn: 8, varattnosyn: 2, location: 238},
                            1 = Const {consttype: 1042, consttypmod: -1, constcollid: 100, constlen: -1, constvalue: 94501921736296, constisnull: false, constbyval: false, location: 46}
                          }
                        },
                        result = OpExpr {opno: 1760, opfuncid: 1726, opresulttype: 1700, opretset: false, opcollid: 0, inputcollid: 0, location: 202} = {
                          args = List with 2 elements = {
                            0 = Var {varno: 4, varattno: 6, vartype: 1700, vartypmod: 983046, varcollid: 0, varlevelsup: 0, varnosyn: 4, varattnosyn: 6, location: 186},
                            1 = OpExpr {opno: 1759, opfuncid: 1725, opresulttype: 1700, opretset: false, opcollid: 0, inputcollid: 0, location: 207} = {
                              args = List with 2 elements = {
                                0 = Const {consttype: 1700, consttypmod: -1, constcollid: 0, constlen: -1, constvalue: 94501922430008, constisnull: false, constbyval: false, location: -1},
                                1 = Var {varno: 4, varattno: 7, vartype: 1700, vartypmod: 983046, varcollid: 0, varlevelsup: 0, varnosyn: 4, varattnosyn: 7, location: 209}
                              }
                            }
                          }
                        }
                      }
                    },
                    defresult = Const {consttype: 1700, consttypmod: -1, constcollid: 0, constlen: -1, constvalue: 94501922430888, constisnull: false, constbyval: false, location: -1}
                  }
                }
              }
            },
            1 = Aggref {aggfnoid: 2114, aggtype: 1700, aggcollid: 0, inputcollid: 0, aggtranstype: 2281, aggtrantype: 0, agghas_collectfn: false, rank_first: false, aggstar: false, aggvariadic: false, aggkind: 110 'n', agglevelsup: 0, aggsplit: AGGSPLIT_SIMPLE, location: 87} = {
              aggargtypes = OidList with 1 elements = {1700},
              args = List with 1 elements = {
                0 = TargetEntry {resno: 1, resname: 0x0, ressortgroupref: 0, resorigtbl: 0, resorigcol: 0, resjunk: false} = {
                  expr = OpExpr {opno: 1760, opfuncid: 1726, opresulttype: 1700, opretset: false, opcollid: 0, inputcollid: 0, location: 202} = {
                    args = List with 2 elements = {
                      0 = Var {varno: 4, varattno: 6, vartype: 1700, vartypmod: 983046, varcollid: 0, varlevelsup: 0, varnosyn: 4, varattnosyn: 6, location: 186},
                      1 = OpExpr {opno: 1759, opfuncid: 1725, opresulttype: 1700, opretset: false, opcollid: 0, inputcollid: 0, location: 207} = {
                        args = List with 2 elements = {
                          0 = Const {consttype: 1700, consttypmod: -1, constcollid: 0, constlen: -1, constvalue: 94501922432040, constisnull: false, constbyval: false, location: -1},
                          1 = Var {varno: 4, varattno: 7, vartype: 1700, vartypmod: 983046, varcollid: 0, varlevelsup: 0, varnosyn: 4, varattnosyn: 7, location: 209}
                        }
                      }
                    }
                  }
                }
              }
            }
          }
        }
      },
      as_loc_list = IntList with 2 elements = {-1, 102},
      expr_loc_list = IntList with 2 elements = {9, 19},
      expr_len_list = IntList with 2 elements = {-1, 80},
      expr_type_list = IntList with 2 elements = {398, 397}
    },
    path.pathkeys = List with 1 elements = {
      0 = PathKey {pk_opfamily: 1970, pk_strategy: 1, pk_nulls_first: false} = {
        pk_eclass = EquivalenceClass {ec_collation: 0, ec_relids: (b 5), ec_has_const: false, ec_has_volatile: false, ec_broken: false, ec_sortref: 1, ec_min_security: 4294967295, ec_max_security: 0} = {
          ec_opfamilies = OidList with 1 elements = {1970},
          ec_members = List with 1 elements = {
            0 = EquivalenceMember {em_relids: (b 5), em_is_const: false, em_is_child: false, em_datatype: 701} = {
              em_expr = FuncExpr {funcid: 2021, funcresulttype: 701, funcretset: false, funcvariadic: false, funcformat: COERCE_EXPLICIT_CALL, funccollid: 0, inputcollid: 100, location: 7} = {
                args = List with 2 elements = {
                  0 = Const {consttype: 25, consttypmod: -1, constcollid: 100, constlen: -1, constvalue: 94501922466208, constisnull: false, constbyval: false, location: 146},
                  1 = FuncExpr {funcid: 2024, funcresulttype: 1114, funcretset: false, funcvariadic: false, funcformat: COERCE_EXPLICIT_CAST, funccollid: 0, inputcollid: 0, location: 32} = {
                    args = List with 1 elements = {
                      0 = Var {varno: 5, varattno: 5, vartype: 1082, vartypmod: -1, varcollid: 0, varlevelsup: 0, varnosyn: 5, varattnosyn: 5, location: 156}
                    }
                  }
                }
              }
            }
          }
        }
      }
    },
    subpath = AggPath T_Agg (cost=121.05..121.08 rows=1 parallel_aware=False parallel_safe=False parallel_workers=0) {aggstrategy: AGG_SORTED, aggsplit: AGGSPLIT_INITIAL_SERIAL, numGroups: 1, transitionSpace: 256} = {
      path.parent = (b),
      path.pathtarget = PathTarget {cost: (0.00..0.01), width: 72} = {
        sortgrouprefs = [1, 0, 0],
        exprs = List with 3 elements = {
          0 = FuncExpr {funcid: 2021, funcresulttype: 701, funcretset: false, funcvariadic: false, funcformat: COERCE_EXPLICIT_CALL, funccollid: 0, inputcollid: 100, location: 7} = {
            args = List with 2 elements = {
              0 = Const {consttype: 25, consttypmod: -1, constcollid: 100, constlen: -1, constvalue: 94501922427888, constisnull: false, constbyval: false, location: 146},
              1 = FuncExpr {funcid: 2024, funcresulttype: 1114, funcretset: false, funcvariadic: false, funcformat: COERCE_EXPLICIT_CAST, funccollid: 0, inputcollid: 0, location: 32} = {
                args = List with 1 elements = {
                  0 = Var {varno: 5, varattno: 5, vartype: 1082, vartypmod: -1, varcollid: 0, varlevelsup: 0, varnosyn: 5, varattnosyn: 5, location: 156}
                }
              }
            }
          },
          1 = Aggref {aggfnoid: 2114, aggtype: 17, aggcollid: 0, inputcollid: 0, aggtranstype: 2281, aggtrantype: 0, agghas_collectfn: false, rank_first: false, aggstar: false, aggvariadic: false, aggkind: 110 'n', agglevelsup: 0, aggsplit: AGGSPLIT_INITIAL_SERIAL, location: 19} = {
            aggargtypes = OidList with 1 elements = {1700},
            args = List with 1 elements = {
              0 = TargetEntry {resno: 1, resname: 0x0, ressortgroupref: 0, resorigtbl: 0, resorigcol: 0, resjunk: false} = {
                expr = CaseExpr {casetype: 1700, casecollid: 0, location: 23} = {
                  args = List with 1 elements = {
                    0 = CaseWhen location: 32 = {
                      expr = OpExpr {opno: 1054, opfuncid: 1048, opresulttype: 16, opretset: false, opcollid: 0, inputcollid: 100, location: 44} = {
                        args = List with 2 elements = {
                          0 = Var {varno: 8, varattno: 2, vartype: 1042, vartypmod: 29, varcollid: 100, varlevelsup: 0, varnosyn: 8, varattnosyn: 2, location: 238},
                          1 = Const {consttype: 1042, consttypmod: -1, constcollid: 100, constlen: -1, constvalue: 94501921736296, constisnull: false, constbyval: false, location: 46}
                        }
                      },
                      result = OpExpr {opno: 1760, opfuncid: 1726, opresulttype: 1700, opretset: false, opcollid: 0, inputcollid: 0, location: 202} = {
                        args = List with 2 elements = {
                          0 = Var {varno: 4, varattno: 6, vartype: 1700, vartypmod: 983046, varcollid: 0, varlevelsup: 0, varnosyn: 4, varattnosyn: 6, location: 186},
                          1 = OpExpr {opno: 1759, opfuncid: 1725, opresulttype: 1700, opretset: false, opcollid: 0, inputcollid: 0, location: 207} = {
                            args = List with 2 elements = {
                              0 = Const {consttype: 1700, consttypmod: -1, constcollid: 0, constlen: -1, constvalue: 94501922430008, constisnull: false, constbyval: false, location: -1},
                              1 = Var {varno: 4, varattno: 7, vartype: 1700, vartypmod: 983046, varcollid: 0, varlevelsup: 0, varnosyn: 4, varattnosyn: 7, location: 209}
                            }
                          }
                        }
                      }
                    }
                  },
                  defresult = Const {consttype: 1700, consttypmod: -1, constcollid: 0, constlen: -1, constvalue: 94501922430888, constisnull: false, constbyval: false, location: -1}
                }
              }
            }
          },
          2 = Aggref {aggfnoid: 2114, aggtype: 17, aggcollid: 0, inputcollid: 0, aggtranstype: 2281, aggtrantype: 0, agghas_collectfn: false, rank_first: false, aggstar: false, aggvariadic: false, aggkind: 110 'n', agglevelsup: 0, aggsplit: AGGSPLIT_INITIAL_SERIAL, location: 87} = {
            aggargtypes = OidList with 1 elements = {1700},
            args = List with 1 elements = {
              0 = TargetEntry {resno: 1, resname: 0x0, ressortgroupref: 0, resorigtbl: 0, resorigcol: 0, resjunk: false} = {
                expr = OpExpr {opno: 1760, opfuncid: 1726, opresulttype: 1700, opretset: false, opcollid: 0, inputcollid: 0, location: 202} = {
                  args = List with 2 elements = {
                    0 = Var {varno: 4, varattno: 6, vartype: 1700, vartypmod: 983046, varcollid: 0, varlevelsup: 0, varnosyn: 4, varattnosyn: 6, location: 186},
                    1 = OpExpr {opno: 1759, opfuncid: 1725, opresulttype: 1700, opretset: false, opcollid: 0, inputcollid: 0, location: 207} = {
                      args = List with 2 elements = {
                        0 = Const {consttype: 1700, consttypmod: -1, constcollid: 0, constlen: -1, constvalue: 94501922432040, constisnull: false, constbyval: false, location: -1},
                        1 = Var {varno: 4, varattno: 7, vartype: 1700, vartypmod: 983046, varcollid: 0, varlevelsup: 0, varnosyn: 4, varattnosyn: 7, location: 209}
                      }
                    }
                  }
                }
              }
            }
          }
        }
      },
      path.pathkeys = List with 1 elements = {
        0 = PathKey {pk_opfamily: 1970, pk_strategy: 1, pk_nulls_first: false} = {
          pk_eclass = EquivalenceClass {ec_collation: 0, ec_relids: (b 5), ec_has_const: false, ec_has_volatile: false, ec_broken: false, ec_sortref: 1, ec_min_security: 4294967295, ec_max_security: 0} = {
            ec_opfamilies = OidList with 1 elements = {1970},
            ec_members = List with 1 elements = {
              0 = EquivalenceMember {em_relids: (b 5), em_is_const: false, em_is_child: false, em_datatype: 701} = {
                em_expr = FuncExpr {funcid: 2021, funcresulttype: 701, funcretset: false, funcvariadic: false, funcformat: COERCE_EXPLICIT_CALL, funccollid: 0, inputcollid: 100, location: 7} = {
                  args = List with 2 elements = {
                    0 = Const {consttype: 25, consttypmod: -1, constcollid: 100, constlen: -1, constvalue: 94501922466208, constisnull: false, constbyval: false, location: 146},
                    1 = FuncExpr {funcid: 2024, funcresulttype: 1114, funcretset: false, funcvariadic: false, funcformat: COERCE_EXPLICIT_CAST, funccollid: 0, inputcollid: 0, location: 32} = {
                      args = List with 1 elements = {
                        0 = Var {varno: 5, varattno: 5, vartype: 1082, vartypmod: -1, varcollid: 0, varlevelsup: 0, varnosyn: 5, varattnosyn: 5, location: 156}
                      }
                    }
                  }
                }
              }
            }
          }
        }
      },
      subpath = SortPath T_Sort (cost=121.05..121.05 rows=0 parallel_aware=False parallel_safe=False parallel_workers=0)  = {
        path.parent = (b),
        path.pathtarget = PathTarget {cost: (0.00..0.01), width: 148} = {
          sortgrouprefs = [1, 0, 0, 0],
          exprs = List with 4 elements = {
            0 = FuncExpr {funcid: 2021, funcresulttype: 701, funcretset: false, funcvariadic: false, funcformat: COERCE_EXPLICIT_CALL, funccollid: 0, inputcollid: 100, location: 7} = {
              args = List with 2 elements = {
                0 = Const {consttype: 25, consttypmod: -1, constcollid: 100, constlen: -1, constvalue: 94501922427888, constisnull: false, constbyval: false, location: 146},
                1 = FuncExpr {funcid: 2024, funcresulttype: 1114, funcretset: false, funcvariadic: false, funcformat: COERCE_EXPLICIT_CAST, funccollid: 0, inputcollid: 0, location: 32} = {
                  args = List with 1 elements = {
                    0 = Var {varno: 5, varattno: 5, vartype: 1082, vartypmod: -1, varcollid: 0, varlevelsup: 0, varnosyn: 5, varattnosyn: 5, location: 156}
                  }
                }
              }
            },
            1 = Var {varno: 8, varattno: 2, vartype: 1042, vartypmod: 29, varcollid: 100, varlevelsup: 0, varnosyn: 8, varattnosyn: 2, location: 238},
            2 = Var {varno: 4, varattno: 6, vartype: 1700, vartypmod: 983046, varcollid: 0, varlevelsup: 0, varnosyn: 4, varattnosyn: 6, location: 186},
            3 = Var {varno: 4, varattno: 7, vartype: 1700, vartypmod: 983046, varcollid: 0, varlevelsup: 0, varnosyn: 4, varattnosyn: 7, location: 209}
          }
        },
        path.pathkeys = List with 1 elements = {
          0 = PathKey {pk_opfamily: 1970, pk_strategy: 1, pk_nulls_first: false} = {
            pk_eclass = EquivalenceClass {ec_collation: 0, ec_relids: (b 5), ec_has_const: false, ec_has_volatile: false, ec_broken: false, ec_sortref: 1, ec_min_security: 4294967295, ec_max_security: 0} = {
              ec_opfamilies = OidList with 1 elements = {1970},
              ec_members = List with 1 elements = {
                0 = EquivalenceMember {em_relids: (b 5), em_is_const: false, em_is_child: false, em_datatype: 701} = {
                  em_expr = FuncExpr {funcid: 2021, funcresulttype: 701, funcretset: false, funcvariadic: false, funcformat: COERCE_EXPLICIT_CALL, funccollid: 0, inputcollid: 100, location: 7} = {
                    args = List with 2 elements = {
                      0 = Const {consttype: 25, consttypmod: -1, constcollid: 100, constlen: -1, constvalue: 94501922466208, constisnull: false, constbyval: false, location: 146},
                      1 = FuncExpr {funcid: 2024, funcresulttype: 1114, funcretset: false, funcvariadic: false, funcformat: COERCE_EXPLICIT_CAST, funccollid: 0, inputcollid: 0, location: 32} = {
                        args = List with 1 elements = {
                          0 = Var {varno: 5, varattno: 5, vartype: 1082, vartypmod: -1, varcollid: 0, varlevelsup: 0, varnosyn: 5, varattnosyn: 5, location: 156}
                        }
                      }
                    }
                  }
                }
              }
            }
          }
        },
        subpath = ProjectionPath T_Result (cost=19.16..121.04 rows=0 parallel_aware=False parallel_safe=False parallel_workers=0) dummypp: true = {
          path.parent = (b 2 3 4 5 6 7 8 9),
          path.pathtarget = PathTarget {cost: (0.00..0.01), width: 148} = {
            sortgrouprefs = [1, 0, 0, 0],
            exprs = List with 4 elements = {
              0 = FuncExpr {funcid: 2021, funcresulttype: 701, funcretset: false, funcvariadic: false, funcformat: COERCE_EXPLICIT_CALL, funccollid: 0, inputcollid: 100, location: 7} = {
                args = List with 2 elements = {
                  0 = Const {consttype: 25, consttypmod: -1, constcollid: 100, constlen: -1, constvalue: 94501922427888, constisnull: false, constbyval: false, location: 146},
                  1 = FuncExpr {funcid: 2024, funcresulttype: 1114, funcretset: false, funcvariadic: false, funcformat: COERCE_EXPLICIT_CAST, funccollid: 0, inputcollid: 0, location: 32} = {
                    args = List with 1 elements = {
                      0 = Var {varno: 5, varattno: 5, vartype: 1082, vartypmod: -1, varcollid: 0, varlevelsup: 0, varnosyn: 5, varattnosyn: 5, location: 156}
                    }
                  }
                }
              },
              1 = Var {varno: 8, varattno: 2, vartype: 1042, vartypmod: 29, varcollid: 100, varlevelsup: 0, varnosyn: 8, varattnosyn: 2, location: 238},
              2 = Var {varno: 4, varattno: 6, vartype: 1700, vartypmod: 983046, varcollid: 0, varlevelsup: 0, varnosyn: 4, varattnosyn: 6, location: 186},
              3 = Var {varno: 4, varattno: 7, vartype: 1700, vartypmod: 983046, varcollid: 0, varlevelsup: 0, varnosyn: 4, varattnosyn: 7, location: 209}
            }
          },
          subpath = JoinPath T_NestLoop (cost=19.16..121.04 rows=0 parallel_aware=False parallel_safe=False parallel_workers=0) {jointype: JOIN_INNER, inner_unique: false} = {
            path.parent = (b 2 3 4 5 6 7 8 9),
            path.pathtarget = PathTarget {cost: (0.00..0.00), width: 144} = {
              exprs = List with 4 elements = {
                0 = Var {varno: 4, varattno: 6, vartype: 1700, vartypmod: 983046, varcollid: 0, varlevelsup: 0, varnosyn: 4, varattnosyn: 6, location: 186},
                1 = Var {varno: 4, varattno: 7, vartype: 1700, vartypmod: 983046, varcollid: 0, varlevelsup: 0, varnosyn: 4, varattnosyn: 7, location: 209},
                2 = Var {varno: 5, varattno: 5, vartype: 1082, vartypmod: -1, varcollid: 0, varlevelsup: 0, varnosyn: 5, varattnosyn: 5, location: 156},
                3 = Var {varno: 8, varattno: 2, vartype: 1042, vartypmod: 29, varcollid: 100, varlevelsup: 0, varnosyn: 8, varattnosyn: 2, location: 238}
              }
            },
            outerjoinpath = ClusterReducePath T_ClusterReduce (cost=19.16..108.91 rows=0 parallel_aware=False parallel_safe=False parallel_workers=0) special_node: 0 = {
              path.parent = (b 2 3 4 5 6 7 8),
              path.pathtarget = PathTarget {cost: (0.00..0.00), width: 148} = {
                exprs = List with 5 elements = {
                  0 = Var {varno: 4, varattno: 6, vartype: 1700, vartypmod: 983046, varcollid: 0, varlevelsup: 0, varnosyn: 4, varattnosyn: 6, location: 186},
                  1 = Var {varno: 4, varattno: 7, vartype: 1700, vartypmod: 983046, varcollid: 0, varlevelsup: 0, varnosyn: 4, varattnosyn: 7, location: 209},
                  2 = Var {varno: 5, varattno: 5, vartype: 1082, vartypmod: -1, varcollid: 0, varlevelsup: 0, varnosyn: 5, varattnosyn: 5, location: 156},
                  3 = Var {varno: 7, varattno: 3, vartype: 23, vartypmod: -1, varcollid: 0, varlevelsup: 0, varnosyn: 7, varattnosyn: 3, location: 573},
                  4 = Var {varno: 8, varattno: 2, vartype: 1042, vartypmod: 29, varcollid: 100, varlevelsup: 0, varnosyn: 8, varattnosyn: 2, location: 238}
                }
              },
              subpath = JoinPath T_NestLoop (cost=18.16..104.86 rows=0 parallel_aware=False parallel_safe=False parallel_workers=0) {jointype: JOIN_INNER, inner_unique: false} = {
                path.parent = (b 2 3 4 5 6 7 8),
                path.pathtarget = PathTarget {cost: (0.00..0.00), width: 148} = {
                  exprs = List with 5 elements = {
                    0 = Var {varno: 4, varattno: 6, vartype: 1700, vartypmod: 983046, varcollid: 0, varlevelsup: 0, varnosyn: 4, varattnosyn: 6, location: 186},
                    1 = Var {varno: 4, varattno: 7, vartype: 1700, vartypmod: 983046, varcollid: 0, varlevelsup: 0, varnosyn: 4, varattnosyn: 7, location: 209},
                    2 = Var {varno: 5, varattno: 5, vartype: 1082, vartypmod: -1, varcollid: 0, varlevelsup: 0, varnosyn: 5, varattnosyn: 5, location: 156},
                    3 = Var {varno: 7, varattno: 3, vartype: 23, vartypmod: -1, varcollid: 0, varlevelsup: 0, varnosyn: 7, varattnosyn: 3, location: 573},
                    4 = Var {varno: 8, varattno: 2, vartype: 1042, vartypmod: 29, varcollid: 100, varlevelsup: 0, varnosyn: 8, varattnosyn: 2, location: 238}
                  }
                },
                outerjoinpath = ClusterReducePath T_ClusterReduce (cost=18.16..92.92 rows=0 parallel_aware=False parallel_safe=False parallel_workers=0) special_node: 0 = {
                  path.parent = (b 2 3 4 5 6 7),
                  path.pathtarget = PathTarget {cost: (0.00..0.00), width: 48} = {
                    exprs = List with 5 elements = {
                      0 = Var {varno: 4, varattno: 6, vartype: 1700, vartypmod: 983046, varcollid: 0, varlevelsup: 0, varnosyn: 4, varattnosyn: 6, location: 186},
                      1 = Var {varno: 4, varattno: 7, vartype: 1700, vartypmod: 983046, varcollid: 0, varlevelsup: 0, varnosyn: 4, varattnosyn: 7, location: 209},
                      2 = Var {varno: 3, varattno: 4, vartype: 23, vartypmod: -1, varcollid: 0, varlevelsup: 0, varnosyn: 3, varattnosyn: 4, location: 641},
                      3 = Var {varno: 5, varattno: 5, vartype: 1082, vartypmod: -1, varcollid: 0, varlevelsup: 0, varnosyn: 5, varattnosyn: 5, location: 156},
                      4 = Var {varno: 7, varattno: 3, vartype: 23, vartypmod: -1, varcollid: 0, varlevelsup: 0, varnosyn: 7, varattnosyn: 3, location: 573}
                    }
                  },
                  subpath = JoinPath T_NestLoop (cost=17.16..88.87 rows=0 parallel_aware=False parallel_safe=False parallel_workers=0) {jointype: JOIN_INNER, inner_unique: false} = {
                    path.parent = (b 2 3 4 5 6 7),
                    path.pathtarget = PathTarget {cost: (0.00..0.00), width: 48} = {
                      exprs = List with 5 elements = {
                        0 = Var {varno: 4, varattno: 6, vartype: 1700, vartypmod: 983046, varcollid: 0, varlevelsup: 0, varnosyn: 4, varattnosyn: 6, location: 186},
                        1 = Var {varno: 4, varattno: 7, vartype: 1700, vartypmod: 983046, varcollid: 0, varlevelsup: 0, varnosyn: 4, varattnosyn: 7, location: 209},
                        2 = Var {varno: 3, varattno: 4, vartype: 23, vartypmod: -1, varcollid: 0, varlevelsup: 0, varnosyn: 3, varattnosyn: 4, location: 641},
                        3 = Var {varno: 5, varattno: 5, vartype: 1082, vartypmod: -1, varcollid: 0, varlevelsup: 0, varnosyn: 5, varattnosyn: 5, location: 156},
                        4 = Var {varno: 7, varattno: 3, vartype: 23, vartypmod: -1, varcollid: 0, varlevelsup: 0, varnosyn: 7, varattnosyn: 3, location: 573}
                      }
                    },
                    outerjoinpath = ClusterReducePath T_ClusterReduce (cost=17.16..76.93 rows=0 parallel_aware=False parallel_safe=False parallel_workers=0) special_node: 0 = {
                      path.parent = (b 2 3 4 5 6),
                      path.pathtarget = PathTarget {cost: (0.00..0.00), width: 48} = {
                        exprs = List with 5 elements = {
                          0 = Var {varno: 4, varattno: 6, vartype: 1700, vartypmod: 983046, varcollid: 0, varlevelsup: 0, varnosyn: 4, varattnosyn: 6, location: 186},
                          1 = Var {varno: 4, varattno: 7, vartype: 1700, vartypmod: 983046, varcollid: 0, varlevelsup: 0, varnosyn: 4, varattnosyn: 7, location: 209},
                          2 = Var {varno: 3, varattno: 4, vartype: 23, vartypmod: -1, varcollid: 0, varlevelsup: 0, varnosyn: 3, varattnosyn: 4, location: 641},
                          3 = Var {varno: 5, varattno: 5, vartype: 1082, vartypmod: -1, varcollid: 0, varlevelsup: 0, varnosyn: 5, varattnosyn: 5, location: 156},
                          4 = Var {varno: 6, varattno: 4, vartype: 23, vartypmod: -1, varcollid: 0, varlevelsup: 0, varnosyn: 6, varattnosyn: 4, location: 534}
                        }
                      },
                      subpath = JoinPath T_NestLoop (cost=16.16..72.88 rows=0 parallel_aware=False parallel_safe=False parallel_workers=0) {jointype: JOIN_INNER, inner_unique: false} = {
                        path.parent = (b 2 3 4 5 6),
                        path.pathtarget = PathTarget {cost: (0.00..0.00), width: 48} = {
                          exprs = List with 5 elements = {
                            0 = Var {varno: 4, varattno: 6, vartype: 1700, vartypmod: 983046, varcollid: 0, varlevelsup: 0, varnosyn: 4, varattnosyn: 6, location: 186},
                            1 = Var {varno: 4, varattno: 7, vartype: 1700, vartypmod: 983046, varcollid: 0, varlevelsup: 0, varnosyn: 4, varattnosyn: 7, location: 209},
                            2 = Var {varno: 3, varattno: 4, vartype: 23, vartypmod: -1, varcollid: 0, varlevelsup: 0, varnosyn: 3, varattnosyn: 4, location: 641},
                            3 = Var {varno: 5, varattno: 5, vartype: 1082, vartypmod: -1, varcollid: 0, varlevelsup: 0, varnosyn: 5, varattnosyn: 5, location: 156},
                            4 = Var {varno: 6, varattno: 4, vartype: 23, vartypmod: -1, varcollid: 0, varlevelsup: 0, varnosyn: 6, varattnosyn: 4, location: 534}
                          }
                        },
                        outerjoinpath = ClusterReducePath T_ClusterReduce (cost=16.16..61.29 rows=0 parallel_aware=False parallel_safe=False parallel_workers=0) special_node: 0 = {
                          path.parent = (b 2 3 4 5),
                          path.pathtarget = PathTarget {cost: (0.00..0.00), width: 48} = {
                            exprs = List with 5 elements = {
                              0 = Var {varno: 4, varattno: 6, vartype: 1700, vartypmod: 983046, varcollid: 0, varlevelsup: 0, varnosyn: 4, varattnosyn: 6, location: 186},
                              1 = Var {varno: 4, varattno: 7, vartype: 1700, vartypmod: 983046, varcollid: 0, varlevelsup: 0, varnosyn: 4, varattnosyn: 7, location: 209},
                              2 = Var {varno: 3, varattno: 4, vartype: 23, vartypmod: -1, varcollid: 0, varlevelsup: 0, varnosyn: 3, varattnosyn: 4, location: 641},
                              3 = Var {varno: 5, varattno: 5, vartype: 1082, vartypmod: -1, varcollid: 0, varlevelsup: 0, varnosyn: 5, varattnosyn: 5, location: 156},
                              4 = Var {varno: 5, varattno: 2, vartype: 23, vartypmod: -1, varcollid: 0, varlevelsup: 0, varnosyn: 5, varattnosyn: 2, location: 502}
                            }
                          },
                          subpath = JoinPath T_NestLoop (cost=15.16..57.24 rows=0 parallel_aware=False parallel_safe=False parallel_workers=0) {jointype: JOIN_INNER, inner_unique: false} = {
                            path.parent = (b 2 3 4 5),
                            path.pathtarget = PathTarget {cost: (0.00..0.00), width: 48} = {
                              exprs = List with 5 elements = {
                                0 = Var {varno: 4, varattno: 6, vartype: 1700, vartypmod: 983046, varcollid: 0, varlevelsup: 0, varnosyn: 4, varattnosyn: 6, location: 186},
                                1 = Var {varno: 4, varattno: 7, vartype: 1700, vartypmod: 983046, varcollid: 0, varlevelsup: 0, varnosyn: 4, varattnosyn: 7, location: 209},
                                2 = Var {varno: 3, varattno: 4, vartype: 23, vartypmod: -1, varcollid: 0, varlevelsup: 0, varnosyn: 3, varattnosyn: 4, location: 641},
                                3 = Var {varno: 5, varattno: 5, vartype: 1082, vartypmod: -1, varcollid: 0, varlevelsup: 0, varnosyn: 5, varattnosyn: 5, location: 156},
                                4 = Var {varno: 5, varattno: 2, vartype: 23, vartypmod: -1, varcollid: 0, varlevelsup: 0, varnosyn: 5, varattnosyn: 2, location: 502}
                              }
                            },
                            outerjoinpath = ClusterReducePath T_ClusterReduce (cost=15.16..45.53 rows=0 parallel_aware=False parallel_safe=False parallel_workers=0) special_node: 0 = {
                              path.parent = (b 2 4 5),
                              path.pathtarget = PathTarget {cost: (0.00..0.00), width: 48} = {
                                exprs = List with 5 elements = {
                                  0 = Var {varno: 4, varattno: 6, vartype: 1700, vartypmod: 983046, varcollid: 0, varlevelsup: 0, varnosyn: 4, varattnosyn: 6, location: 186},
                                  1 = Var {varno: 4, varattno: 7, vartype: 1700, vartypmod: 983046, varcollid: 0, varlevelsup: 0, varnosyn: 4, varattnosyn: 7, location: 209},
                                  2 = Var {varno: 4, varattno: 3, vartype: 23, vartypmod: -1, varcollid: 0, varlevelsup: 0, varnosyn: 4, varattnosyn: 3, location: 448},
                                  3 = Var {varno: 5, varattno: 5, vartype: 1082, vartypmod: -1, varcollid: 0, varlevelsup: 0, varnosyn: 5, varattnosyn: 5, location: 156},
                                  4 = Var {varno: 5, varattno: 2, vartype: 23, vartypmod: -1, varcollid: 0, varlevelsup: 0, varnosyn: 5, varattnosyn: 2, location: 502}
                                }
                              },
                              subpath = JoinPath T_NestLoop (cost=14.16..41.48 rows=0 parallel_aware=False parallel_safe=False parallel_workers=0) {jointype: JOIN_INNER, inner_unique: false} = {
                                path.parent = (b 2 4 5),
                                path.pathtarget = PathTarget {cost: (0.00..0.00), width: 48} = {
                                  exprs = List with 5 elements = {
                                    0 = Var {varno: 4, varattno: 6, vartype: 1700, vartypmod: 983046, varcollid: 0, varlevelsup: 0, varnosyn: 4, varattnosyn: 6, location: 186},
                                    1 = Var {varno: 4, varattno: 7, vartype: 1700, vartypmod: 983046, varcollid: 0, varlevelsup: 0, varnosyn: 4, varattnosyn: 7, location: 209},
                                    2 = Var {varno: 4, varattno: 3, vartype: 23, vartypmod: -1, varcollid: 0, varlevelsup: 0, varnosyn: 4, varattnosyn: 3, location: 448},
                                    3 = Var {varno: 5, varattno: 5, vartype: 1082, vartypmod: -1, varcollid: 0, varlevelsup: 0, varnosyn: 5, varattnosyn: 5, location: 156},
                                    4 = Var {varno: 5, varattno: 2, vartype: 23, vartypmod: -1, varcollid: 0, varlevelsup: 0, varnosyn: 5, varattnosyn: 2, location: 502}
                                  }
                                },
                                outerjoinpath = ClusterReducePath T_ClusterReduce (cost=14.16..29.47 rows=0 parallel_aware=False parallel_safe=False parallel_workers=0) special_node: 0 = {
                                  path.parent = (b 4 5),
                                  path.pathtarget = PathTarget {cost: (0.00..0.00), width: 52} = {
                                    exprs = List with 6 elements = {
                                      0 = Var {varno: 4, varattno: 6, vartype: 1700, vartypmod: 983046, varcollid: 0, varlevelsup: 0, varnosyn: 4, varattnosyn: 6, location: 186},
                                      1 = Var {varno: 4, varattno: 7, vartype: 1700, vartypmod: 983046, varcollid: 0, varlevelsup: 0, varnosyn: 4, varattnosyn: 7, location: 209},
                                      2 = Var {varno: 4, varattno: 2, vartype: 23, vartypmod: -1, varcollid: 0, varlevelsup: 0, varnosyn: 4, varattnosyn: 2, location: 416},
                                      3 = Var {varno: 4, varattno: 3, vartype: 23, vartypmod: -1, varcollid: 0, varlevelsup: 0, varnosyn: 4, varattnosyn: 3, location: 448},
                                      4 = Var {varno: 5, varattno: 5, vartype: 1082, vartypmod: -1, varcollid: 0, varlevelsup: 0, varnosyn: 5, varattnosyn: 5, location: 156},
                                      5 = Var {varno: 5, varattno: 2, vartype: 23, vartypmod: -1, varcollid: 0, varlevelsup: 0, varnosyn: 5, varattnosyn: 2, location: 502}
                                    }
                                  },
                                  subpath = HashPath T_HashJoin (cost=13.16..25.42 rows=0 parallel_aware=False parallel_safe=True parallel_workers=0) {num_batches: 1, inner_rows_total: 1} = {
                                    jpath.path.parent = (b 4 5),
                                    jpath.path.pathtarget = PathTarget {cost: (0.00..0.00), width: 52} = {
                                      exprs = List with 6 elements = {
                                        0 = Var {varno: 4, varattno: 6, vartype: 1700, vartypmod: 983046, varcollid: 0, varlevelsup: 0, varnosyn: 4, varattnosyn: 6, location: 186},
                                        1 = Var {varno: 4, varattno: 7, vartype: 1700, vartypmod: 983046, varcollid: 0, varlevelsup: 0, varnosyn: 4, varattnosyn: 7, location: 209},
                                        2 = Var {varno: 4, varattno: 2, vartype: 23, vartypmod: -1, varcollid: 0, varlevelsup: 0, varnosyn: 4, varattnosyn: 2, location: 416},
                                        3 = Var {varno: 4, varattno: 3, vartype: 23, vartypmod: -1, varcollid: 0, varlevelsup: 0, varnosyn: 4, varattnosyn: 3, location: 448},
                                        4 = Var {varno: 5, varattno: 5, vartype: 1082, vartypmod: -1, varcollid: 0, varlevelsup: 0, varnosyn: 5, varattnosyn: 5, location: 156},
                                        5 = Var {varno: 5, varattno: 2, vartype: 23, vartypmod: -1, varcollid: 0, varlevelsup: 0, varnosyn: 5, varattnosyn: 2, location: 502}
                                      }
                                    },
                                    jpath.outerjoinpath = T_SeqScan (cost=0.00..12.00 rows=67 parallel_aware=False parallel_safe=True parallel_workers=0) = {
                                      parent = (b 4),
                                      pathtarget = PathTarget {cost: (0.00..0.00), width: 48} = {
                                        exprs = List with 5 elements = {...}
                                      }
                                    },
                                    jpath.innerjoinpath = T_SeqScan (cost=0.00..13.15 rows=1 parallel_aware=False parallel_safe=True parallel_workers=0) = {
                                      parent = (b 5),
                                      pathtarget = PathTarget {cost: (0.00..0.00), width: 12} = {
                                        exprs = List with 3 elements = {...}
                                      }
                                    },
                                    jpath.joinrestrictinfo = List with 1 elements = {
                                      0 = RestrictInfo {is_pushed_down: true, outerjoin_delayed: false, can_join: true, pseudoconstant: false, leakproof: false, security_level: 0, clause_relids: (b 4 5), required_relids: (b 4 5), outer_relids: (b), nullable_relids: (b), left_relids: (b 4), right_relids: (b 5), eval_cost: (0.00..0.00), norm_selec: 0.0050, outer_selec: -1.0000, outer_is_left: false, hashjoinoperator: 96, left_bucketsize: 0.1000, right_bucketsize: 0.1000, left_mcvfreq: 0.0000, right_mcvfreq: 0.0000} = {
                                        clause = OpExpr {opno: 96, opfuncid: 65, opresulttype: 16, opretset: false, opcollid: 0, inputcollid: 0, location: -1} = {...},
                                        mergeopfamilies = OidList with 1 elements = {...},
                                        left_em = EquivalenceMember {em_relids: (b 4), em_is_const: false, em_is_child: false, em_datatype: 23} = {...},
                                        right_em = EquivalenceMember {em_relids: (b 5), em_is_const: false, em_is_child: false, em_datatype: 23} = {...}
                                      }
                                    },
                                    path_hashclauses = List with 1 elements = {
                                      0 = RestrictInfo {is_pushed_down: true, outerjoin_delayed: false, can_join: true, pseudoconstant: false, leakproof: false, security_level: 0, clause_relids: (b 4 5), required_relids: (b 4 5), outer_relids: (b), nullable_relids: (b), left_relids: (b 4), right_relids: (b 5), eval_cost: (0.00..0.00), norm_selec: 0.0050, outer_selec: -1.0000, outer_is_left: false, hashjoinoperator: 96, left_bucketsize: 0.1000, right_bucketsize: 0.1000, left_mcvfreq: 0.0000, right_mcvfreq: 0.0000} = {
                                        clause = OpExpr {opno: 96, opfuncid: 65, opresulttype: 16, opretset: false, opcollid: 0, inputcollid: 0, location: -1} = {...},
                                        mergeopfamilies = OidList with 1 elements = {...},
                                        left_em = EquivalenceMember {em_relids: (b 4), em_is_const: false, em_is_child: false, em_datatype: 23} = {...},
                                        right_em = EquivalenceMember {em_relids: (b 5), em_is_const: false, em_is_child: false, em_datatype: 23} = {...}
                                      }
                                    }
                                  },
                                  rnodes = OidList with 3 elements = {16386, 16387, 16388}
                                },
                                innerjoinpath = T_SeqScan (cost=0.00..12.00 rows=1 parallel_aware=False parallel_safe=True parallel_workers=0) = {
                                  parent = (b 2),
                                  pathtarget = PathTarget {cost: (0.00..0.00), width: 4} = {
                                    exprs = List with 1 elements = {
                                      0 = Var {varno: 2, varattno: 1, vartype: 23, vartypmod: -1, varcollid: 0, varlevelsup: 0, varnosyn: 2, varattnosyn: 1, location: 404}
                                    }
                                  }
                                },
                                joinrestrictinfo = List with 1 elements = {
                                  0 = RestrictInfo {is_pushed_down: true, outerjoin_delayed: false, can_join: true, pseudoconstant: false, leakproof: false, security_level: 0, clause_relids: (b 2 4), required_relids: (b 2 4), outer_relids: (b), nullable_relids: (b), left_relids: (b 4), right_relids: (b 2), eval_cost: (0.00..0.00), norm_selec: 0.0050, outer_selec: -1.0000, outer_is_left: false, hashjoinoperator: 96, left_bucketsize: 0.1000, right_bucketsize: 1.0000, left_mcvfreq: 0.0000, right_mcvfreq: 0.0000} = {
                                    clause = OpExpr {opno: 96, opfuncid: 65, opresulttype: 16, opretset: false, opcollid: 0, inputcollid: 0, location: -1} = {
                                      args = List with 2 elements = {
                                        0 = Var {varno: 4, varattno: 2, vartype: 23, vartypmod: -1, varcollid: 0, varlevelsup: 0, varnosyn: 4, varattnosyn: 2, location: 416},
                                        1 = Var {varno: 2, varattno: 1, vartype: 23, vartypmod: -1, varcollid: 0, varlevelsup: 0, varnosyn: 2, varattnosyn: 1, location: 404}
                                      }
                                    },
                                    mergeopfamilies = OidList with 1 elements = {1976},
                                    left_em = EquivalenceMember {em_relids: (b 4), em_is_const: false, em_is_child: false, em_datatype: 23} = {
                                      em_expr = Var {varno: 4, varattno: 2, vartype: 23, vartypmod: -1, varcollid: 0, varlevelsup: 0, varnosyn: 4, varattnosyn: 2, location: 416}
                                    },
                                    right_em = EquivalenceMember {em_relids: (b 2), em_is_const: false, em_is_child: false, em_datatype: 23} = {
                                      em_expr = Var {varno: 2, varattno: 1, vartype: 23, vartypmod: -1, varcollid: 0, varlevelsup: 0, varnosyn: 2, varattnosyn: 1, location: 404}
                                    }
                                  }
                                }
                              },
                              rnodes = OidList with 3 elements = {16386, 16387, 16388}
                            },
                            innerjoinpath = T_SeqScan (cost=0.00..11.50 rows=50 parallel_aware=False parallel_safe=True parallel_workers=0) = {
                              parent = (b 3),
                              pathtarget = PathTarget {cost: (0.00..0.00), width: 8} = {
                                exprs = List with 2 elements = {
                                  0 = Var {varno: 3, varattno: 1, vartype: 23, vartypmod: -1, varcollid: 0, varlevelsup: 0, varnosyn: 3, varattnosyn: 1, location: 436},
                                  1 = Var {varno: 3, varattno: 4, vartype: 23, vartypmod: -1, varcollid: 0, varlevelsup: 0, varnosyn: 3, varattnosyn: 4, location: 641}
                                }
                              }
                            },
                            joinrestrictinfo = List with 1 elements = {
                              0 = RestrictInfo {is_pushed_down: true, outerjoin_delayed: false, can_join: true, pseudoconstant: false, leakproof: false, security_level: 0, clause_relids: (b 3 4), required_relids: (b 3 4), outer_relids: (b), nullable_relids: (b), left_relids: (b 4), right_relids: (b 3), eval_cost: (0.00..0.00), norm_selec: 0.0050, outer_selec: -1.0000, outer_is_left: false, hashjoinoperator: 96, left_bucketsize: 0.1000, right_bucketsize: 0.0200, left_mcvfreq: 0.0000, right_mcvfreq: 0.0000} = {
                                clause = OpExpr {opno: 96, opfuncid: 65, opresulttype: 16, opretset: false, opcollid: 0, inputcollid: 0, location: -1} = {
                                  args = List with 2 elements = {
                                    0 = Var {varno: 4, varattno: 3, vartype: 23, vartypmod: -1, varcollid: 0, varlevelsup: 0, varnosyn: 4, varattnosyn: 3, location: 448},
                                    1 = Var {varno: 3, varattno: 1, vartype: 23, vartypmod: -1, varcollid: 0, varlevelsup: 0, varnosyn: 3, varattnosyn: 1, location: 436}
                                  }
                                },
                                mergeopfamilies = OidList with 1 elements = {1976},
                                left_em = EquivalenceMember {em_relids: (b 4), em_is_const: false, em_is_child: false, em_datatype: 23} = {
                                  em_expr = Var {varno: 4, varattno: 3, vartype: 23, vartypmod: -1, varcollid: 0, varlevelsup: 0, varnosyn: 4, varattnosyn: 3, location: 448}
                                },
                                right_em = EquivalenceMember {em_relids: (b 3), em_is_const: false, em_is_child: false, em_datatype: 23} = {
                                  em_expr = Var {varno: 3, varattno: 1, vartype: 23, vartypmod: -1, varcollid: 0, varlevelsup: 0, varnosyn: 3, varattnosyn: 1, location: 436}
                                }
                              }
                            }
                          },
                          rnodes = OidList with 3 elements = {16386, 16387, 16388}
                        },
                        innerjoinpath = T_SeqScan (cost=0.00..11.40 rows=47 parallel_aware=False parallel_safe=True parallel_workers=0) = {
                          parent = (b 6),
                          pathtarget = PathTarget {cost: (0.00..0.00), width: 8} = {
                            exprs = List with 2 elements = {
                              0 = Var {varno: 6, varattno: 1, vartype: 23, vartypmod: -1, varcollid: 0, varlevelsup: 0, varnosyn: 6, varattnosyn: 1, location: 514},
                              1 = Var {varno: 6, varattno: 4, vartype: 23, vartypmod: -1, varcollid: 0, varlevelsup: 0, varnosyn: 6, varattnosyn: 4, location: 534}
                            }
                          }
                        },
                        joinrestrictinfo = List with 1 elements = {
                          0 = RestrictInfo {is_pushed_down: true, outerjoin_delayed: false, can_join: true, pseudoconstant: false, leakproof: false, security_level: 0, clause_relids: (b 5 6), required_relids: (b 5 6), outer_relids: (b), nullable_relids: (b), left_relids: (b 5), right_relids: (b 6), eval_cost: (0.00..0.00), norm_selec: 0.0050, outer_selec: -1.0000, outer_is_left: false, hashjoinoperator: 96, left_bucketsize: 0.1000, right_bucketsize: 0.0213, left_mcvfreq: 0.0000, right_mcvfreq: 0.0000} = {
                            clause = OpExpr {opno: 96, opfuncid: 65, opresulttype: 16, opretset: false, opcollid: 0, inputcollid: 0, location: -1} = {
                              args = List with 2 elements = {
                                0 = Var {varno: 5, varattno: 2, vartype: 23, vartypmod: -1, varcollid: 0, varlevelsup: 0, varnosyn: 5, varattnosyn: 2, location: 502},
                                1 = Var {varno: 6, varattno: 1, vartype: 23, vartypmod: -1, varcollid: 0, varlevelsup: 0, varnosyn: 6, varattnosyn: 1, location: 514}
                              }
                            },
                            mergeopfamilies = OidList with 1 elements = {1976},
                            left_em = EquivalenceMember {em_relids: (b 5), em_is_const: false, em_is_child: false, em_datatype: 23} = {
                              em_expr = Var {varno: 5, varattno: 2, vartype: 23, vartypmod: -1, varcollid: 0, varlevelsup: 0, varnosyn: 5, varattnosyn: 2, location: 502}
                            },
                            right_em = EquivalenceMember {em_relids: (b 6), em_is_const: false, em_is_child: false, em_datatype: 23} = {
                              em_expr = Var {varno: 6, varattno: 1, vartype: 23, vartypmod: -1, varcollid: 0, varlevelsup: 0, varnosyn: 6, varattnosyn: 1, location: 514}
                            }
                          }
                        }
                      },
                      rnodes = OidList with 3 elements = {16386, 16387, 16388}
                    },
                    innerjoinpath = T_SeqScan (cost=0.00..11.70 rows=57 parallel_aware=False parallel_safe=True parallel_workers=0) = {
                      parent = (b 7),
                      pathtarget = PathTarget {cost: (0.00..0.00), width: 8} = {
                        exprs = List with 2 elements = {
                          0 = Var {varno: 7, varattno: 1, vartype: 23, vartypmod: -1, varcollid: 0, varlevelsup: 0, varnosyn: 7, varattnosyn: 1, location: 548},
                          1 = Var {varno: 7, varattno: 3, vartype: 23, vartypmod: -1, varcollid: 0, varlevelsup: 0, varnosyn: 7, varattnosyn: 3, location: 573}
                        }
                      }
                    },
                    joinrestrictinfo = List with 1 elements = {
                      0 = RestrictInfo {is_pushed_down: true, outerjoin_delayed: false, can_join: true, pseudoconstant: false, leakproof: false, security_level: 0, clause_relids: (b 6 7), required_relids: (b 6 7), outer_relids: (b), nullable_relids: (b), left_relids: (b 6), right_relids: (b 7), eval_cost: (0.00..0.00), norm_selec: 0.0059, outer_selec: -1.0000, outer_is_left: false, hashjoinoperator: 96, left_bucketsize: 0.0213, right_bucketsize: 0.0175, left_mcvfreq: 0.0000, right_mcvfreq: 0.0000} = {
                        clause = OpExpr {opno: 96, opfuncid: 65, opresulttype: 16, opretset: false, opcollid: 0, inputcollid: 0, location: -1} = {
                          args = List with 2 elements = {
                            0 = Var {varno: 6, varattno: 4, vartype: 23, vartypmod: -1, varcollid: 0, varlevelsup: 0, varnosyn: 6, varattnosyn: 4, location: 534},
                            1 = Var {varno: 7, varattno: 1, vartype: 23, vartypmod: -1, varcollid: 0, varlevelsup: 0, varnosyn: 7, varattnosyn: 1, location: 548}
                          }
                        },
                        mergeopfamilies = OidList with 1 elements = {1976},
                        left_em = EquivalenceMember {em_relids: (b 6), em_is_const: false, em_is_child: false, em_datatype: 23} = {
                          em_expr = Var {varno: 6, varattno: 4, vartype: 23, vartypmod: -1, varcollid: 0, varlevelsup: 0, varnosyn: 6, varattnosyn: 4, location: 534}
                        },
                        right_em = EquivalenceMember {em_relids: (b 7), em_is_const: false, em_is_child: false, em_datatype: 23} = {
                          em_expr = Var {varno: 7, varattno: 1, vartype: 23, vartypmod: -1, varcollid: 0, varlevelsup: 0, varnosyn: 7, varattnosyn: 1, location: 548}
                        }
                      }
                    }
                  },
                  rnodes = OidList with 3 elements = {16386, 16387, 16388}
                },
                innerjoinpath = T_SeqScan (cost=0.00..11.70 rows=57 parallel_aware=False parallel_safe=True parallel_workers=0) = {
                  parent = (b 8),
                  pathtarget = PathTarget {cost: (0.00..0.00), width: 108} = {
                    exprs = List with 2 elements = {
                      0 = Var {varno: 8, varattno: 2, vartype: 1042, vartypmod: 29, varcollid: 100, varlevelsup: 0, varnosyn: 8, varattnosyn: 2, location: 238},
                      1 = Var {varno: 8, varattno: 1, vartype: 23, vartypmod: -1, varcollid: 0, varlevelsup: 0, varnosyn: 8, varattnosyn: 1, location: 655}
                    }
                  }
                },
                joinrestrictinfo = List with 1 elements = {
                  0 = RestrictInfo {is_pushed_down: true, outerjoin_delayed: false, can_join: true, pseudoconstant: false, leakproof: false, security_level: 0, clause_relids: (b 3 8), required_relids: (b 3 8), outer_relids: (b), nullable_relids: (b), left_relids: (b 3), right_relids: (b 8), eval_cost: (0.00..0.00), norm_selec: 0.0059, outer_selec: -1.0000, outer_is_left: false, hashjoinoperator: 96, left_bucketsize: 0.0200, right_bucketsize: 0.0175, left_mcvfreq: 0.0000, right_mcvfreq: 0.0000} = {
                    clause = OpExpr {opno: 96, opfuncid: 65, opresulttype: 16, opretset: false, opcollid: 0, inputcollid: 0, location: -1} = {
                      args = List with 2 elements = {
                        0 = Var {varno: 3, varattno: 4, vartype: 23, vartypmod: -1, varcollid: 0, varlevelsup: 0, varnosyn: 3, varattnosyn: 4, location: 641},
                        1 = Var {varno: 8, varattno: 1, vartype: 23, vartypmod: -1, varcollid: 0, varlevelsup: 0, varnosyn: 8, varattnosyn: 1, location: 655}
                      }
                    },
                    mergeopfamilies = OidList with 1 elements = {1976},
                    left_em = EquivalenceMember {em_relids: (b 3), em_is_const: false, em_is_child: false, em_datatype: 23} = {
                      em_expr = Var {varno: 3, varattno: 4, vartype: 23, vartypmod: -1, varcollid: 0, varlevelsup: 0, varnosyn: 3, varattnosyn: 4, location: 641}
                    },
                    right_em = EquivalenceMember {em_relids: (b 8), em_is_const: false, em_is_child: false, em_datatype: 23} = {
                      em_expr = Var {varno: 8, varattno: 1, vartype: 23, vartypmod: -1, varcollid: 0, varlevelsup: 0, varnosyn: 8, varattnosyn: 1, location: 655}
                    }
                  }
                }
              },
              rnodes = OidList with 3 elements = {16386, 16387, 16388}
            },
            innerjoinpath = T_SeqScan (cost=0.00..12.12 rows=1 parallel_aware=False parallel_safe=True parallel_workers=0) = {
              parent = (b 9),
              pathtarget = PathTarget {cost: (0.00..0.00), width: 4} = {
                exprs = List with 1 elements = {
                  0 = Var {varno: 9, varattno: 1, vartype: 23, vartypmod: -1, varcollid: 0, varlevelsup: 0, varnosyn: 9, varattnosyn: 1, location: 590}
                }
              }
            },
            joinrestrictinfo = List with 1 elements = {
              0 = RestrictInfo {is_pushed_down: true, outerjoin_delayed: false, can_join: true, pseudoconstant: false, leakproof: false, security_level: 0, clause_relids: (b 7 9), required_relids: (b 7 9), outer_relids: (b), nullable_relids: (b), left_relids: (b 7), right_relids: (b 9), eval_cost: (0.00..0.00), norm_selec: 0.0059, outer_selec: -1.0000, outer_is_left: false, hashjoinoperator: 96, left_bucketsize: 0.0175, right_bucketsize: 1.0000, left_mcvfreq: 0.0000, right_mcvfreq: 0.0000} = {
                clause = OpExpr {opno: 96, opfuncid: 65, opresulttype: 16, opretset: false, opcollid: 0, inputcollid: 0, location: -1} = {
                  args = List with 2 elements = {
                    0 = Var {varno: 7, varattno: 3, vartype: 23, vartypmod: -1, varcollid: 0, varlevelsup: 0, varnosyn: 7, varattnosyn: 3, location: 573},
                    1 = Var {varno: 9, varattno: 1, vartype: 23, vartypmod: -1, varcollid: 0, varlevelsup: 0, varnosyn: 9, varattnosyn: 1, location: 590}
                  }
                },
                mergeopfamilies = OidList with 1 elements = {1976},
                left_em = EquivalenceMember {em_relids: (b 7), em_is_const: false, em_is_child: false, em_datatype: 23} = {
                  em_expr = Var {varno: 7, varattno: 3, vartype: 23, vartypmod: -1, varcollid: 0, varlevelsup: 0, varnosyn: 7, varattnosyn: 3, location: 573}
                },
                right_em = EquivalenceMember {em_relids: (b 9), em_is_const: false, em_is_child: false, em_datatype: 23} = {
                  em_expr = Var {varno: 9, varattno: 1, vartype: 23, vartypmod: -1, varcollid: 0, varlevelsup: 0, varnosyn: 9, varattnosyn: 1, location: 590}
                }
              }
            }
          }
        }
      },
      groupClause = List with 1 elements = {
        0 = SortGroupClause {tleSortGroupRef: 1, eqop: 670, sortop: 672, nulls_first: false, hashable: true}
      }
    },
    rnodes = OidList with 3 elements = {16386, 16387, 16388}
  },
  groupClause = List with 1 elements = {
    0 = SortGroupClause {tleSortGroupRef: 1, eqop: 670, sortop: 672, nulls_first: false, hashable: true}
  }
}

Breakpoint 2, standard_planner (parse=0x55f2f1816af8, query_string=0x55f2f1676670 "select\n  o_year,\n  sum(case\n    when nation = 'BRAZIL' then volume\n    else 0\n  end) / sum(volume) as mkt_share\nfrom\n  (\n    select\n      extract(year from o_orderdate) as o_year,\n      l_extendedpric"..., cursorOptions=33024, boundParams=0x0) at /workspaces/AntDB/src/backend/optimizer/plan/planner.c:761
761		result->commandType = parse->commandType;
$24 = Agg (cost=1121.11..1121.20 rows=1 width=40 plan_id=0 parallel_aware=False parallel_safe = False) {aggstrategy: AGG_SORTED, aggsplit: AGGSPLIT_FINAL_DESERIAL, numCols: 1, numGroups: 1, transitionSpace: 256, aggParams: 0x0} = {
  grpColIdx = [1],
  grpOperators = [670],
  grpCollations = [0],
  plan.targetlist = List with 2 elements = {
    0 = TargetEntry {resno: 1, resname: 'o_year', ressortgroupref: 1, resorigtbl: 0, resorigcol: 0, resjunk: false} = {
      expr = Var {varno: 65001, varattno: 1, vartype: 701, vartypmod: -1, varcollid: 0, varlevelsup: 0, varnosyn: 0, varattnosyn: 0, location: -1}
    },
    1 = TargetEntry {resno: 2, resname: 'mkt_share', ressortgroupref: 0, resorigtbl: 0, resorigcol: 0, resjunk: false} = {
      expr = OpExpr {opno: 1761, opfuncid: 1727, opresulttype: 1700, opretset: false, opcollid: 0, inputcollid: 0, location: 85} = {
        args = List with 2 elements = {
          0 = Aggref {aggfnoid: 2114, aggtype: 1700, aggcollid: 0, inputcollid: 0, aggtranstype: 2281, aggtrantype: 0, agghas_collectfn: false, rank_first: false, aggstar: false, aggvariadic: false, aggkind: 110 'n', agglevelsup: 0, aggsplit: AGGSPLIT_FINAL_DESERIAL, location: 19} = {
            aggargtypes = OidList with 1 elements = {1700},
            args = List with 1 elements = {
              0 = TargetEntry {resno: 1, resname: 0x0, ressortgroupref: 0, resorigtbl: 0, resorigcol: 0, resjunk: false} = {
                expr = Var {varno: 65001, varattno: 2, vartype: 17, vartypmod: -1, varcollid: 0, varlevelsup: 0, varnosyn: 0, varattnosyn: 0, location: -1}
              }
            }
          },
          1 = Aggref {aggfnoid: 2114, aggtype: 1700, aggcollid: 0, inputcollid: 0, aggtranstype: 2281, aggtrantype: 0, agghas_collectfn: false, rank_first: false, aggstar: false, aggvariadic: false, aggkind: 110 'n', agglevelsup: 0, aggsplit: AGGSPLIT_FINAL_DESERIAL, location: 87} = {
            aggargtypes = OidList with 1 elements = {1700},
            args = List with 1 elements = {
              0 = TargetEntry {resno: 1, resname: 0x0, ressortgroupref: 0, resorigtbl: 0, resorigcol: 0, resjunk: false} = {
                expr = Var {varno: 65001, varattno: 3, vartype: 17, vartypmod: -1, varcollid: 0, varlevelsup: 0, varnosyn: 0, varattnosyn: 0, location: -1}
              }
            }
          }
        }
      }
    }
  },
  plan.lefttree = ClusterMergeGather (cost=1121.11..1121.14 rows=3 width=40 plan_id=1 parallel_aware=False parallel_safe = False) {gatherType: CLUSTER_GATHER_DATANODE, numCols: 1} = {
    sortColIdx = [1],
    sortOperators = [672],
    collations = [0],
    nullsFirst = [False],
    plan.targetlist = List with 3 elements = {
      0 = TargetEntry {resno: 1, resname: 0x0, ressortgroupref: 1, resorigtbl: 0, resorigcol: 0, resjunk: false} = {
        expr = Var {varno: 65001, varattno: 1, vartype: 701, vartypmod: -1, varcollid: 0, varlevelsup: 0, varnosyn: 0, varattnosyn: 0, location: -1}
      },
      1 = TargetEntry {resno: 2, resname: 0x0, ressortgroupref: 0, resorigtbl: 0, resorigcol: 0, resjunk: false} = {
        expr = Var {varno: 65001, varattno: 2, vartype: 17, vartypmod: -1, varcollid: 0, varlevelsup: 0, varnosyn: 0, varattnosyn: 0, location: -1}
      },
      2 = TargetEntry {resno: 3, resname: 0x0, ressortgroupref: 0, resorigtbl: 0, resorigcol: 0, resjunk: false} = {
        expr = Var {varno: 65001, varattno: 3, vartype: 17, vartypmod: -1, varcollid: 0, varlevelsup: 0, varnosyn: 0, varattnosyn: 0, location: -1}
      }
    },
    plan.lefttree = Agg (cost=121.05..121.08 rows=1 width=72 plan_id=2 parallel_aware=False parallel_safe = False) {aggstrategy: AGG_SORTED, aggsplit: AGGSPLIT_INITIAL_SERIAL, numCols: 1, numGroups: 1, transitionSpace: 256, aggParams: 0x0} = {
      grpColIdx = [1],
      grpOperators = [670],
      grpCollations = [0],
      plan.targetlist = List with 3 elements = {
        0 = TargetEntry {resno: 1, resname: 0x0, ressortgroupref: 1, resorigtbl: 0, resorigcol: 0, resjunk: false} = {
          expr = Var {varno: 65001, varattno: 1, vartype: 701, vartypmod: -1, varcollid: 0, varlevelsup: 0, varnosyn: 0, varattnosyn: 0, location: -1}
        },
        1 = TargetEntry {resno: 2, resname: 0x0, ressortgroupref: 0, resorigtbl: 0, resorigcol: 0, resjunk: false} = {
          expr = Aggref {aggfnoid: 2114, aggtype: 17, aggcollid: 0, inputcollid: 0, aggtranstype: 2281, aggtrantype: 0, agghas_collectfn: false, rank_first: false, aggstar: false, aggvariadic: false, aggkind: 110 'n', agglevelsup: 0, aggsplit: AGGSPLIT_INITIAL_SERIAL, location: 19} = {
            aggargtypes = OidList with 1 elements = {1700},
            args = List with 1 elements = {
              0 = TargetEntry {resno: 1, resname: 0x0, ressortgroupref: 0, resorigtbl: 0, resorigcol: 0, resjunk: false} = {
                expr = CaseExpr {casetype: 1700, casecollid: 0, location: 23} = {
                  args = List with 1 elements = {
                    0 = CaseWhen location: 32 = {
                      expr = OpExpr {opno: 1054, opfuncid: 1048, opresulttype: 16, opretset: false, opcollid: 0, inputcollid: 100, location: 44} = {
                        args = List with 2 elements = {
                          0 = Var {varno: 65001, varattno: 2, vartype: 1042, vartypmod: 29, varcollid: 100, varlevelsup: 0, varnosyn: 8, varattnosyn: 2, location: 238},
                          1 = Const {consttype: 1042, consttypmod: -1, constcollid: 100, constlen: -1, constvalue: 94501921736296, constisnull: false, constbyval: false, location: 46}
                        }
                      },
                      result = OpExpr {opno: 1760, opfuncid: 1726, opresulttype: 1700, opretset: false, opcollid: 0, inputcollid: 0, location: 202} = {
                        args = List with 2 elements = {
                          0 = Var {varno: 65001, varattno: 3, vartype: 1700, vartypmod: 983046, varcollid: 0, varlevelsup: 0, varnosyn: 4, varattnosyn: 6, location: 186},
                          1 = OpExpr {opno: 1759, opfuncid: 1725, opresulttype: 1700, opretset: false, opcollid: 0, inputcollid: 0, location: 207} = {
                            args = List with 2 elements = {
                              0 = Const {consttype: 1700, consttypmod: -1, constcollid: 0, constlen: -1, constvalue: 94501922430008, constisnull: false, constbyval: false, location: -1},
                              1 = Var {varno: 65001, varattno: 4, vartype: 1700, vartypmod: 983046, varcollid: 0, varlevelsup: 0, varnosyn: 4, varattnosyn: 7, location: 209}
                            }
                          }
                        }
                      }
                    }
                  },
                  defresult = Const {consttype: 1700, consttypmod: -1, constcollid: 0, constlen: -1, constvalue: 94501922430888, constisnull: false, constbyval: false, location: -1}
                }
              }
            }
          }
        },
        2 = TargetEntry {resno: 3, resname: 0x0, ressortgroupref: 0, resorigtbl: 0, resorigcol: 0, resjunk: false} = {
          expr = Aggref {aggfnoid: 2114, aggtype: 17, aggcollid: 0, inputcollid: 0, aggtranstype: 2281, aggtrantype: 0, agghas_collectfn: false, rank_first: false, aggstar: false, aggvariadic: false, aggkind: 110 'n', agglevelsup: 0, aggsplit: AGGSPLIT_INITIAL_SERIAL, location: 87} = {
            aggargtypes = OidList with 1 elements = {1700},
            args = List with 1 elements = {
              0 = TargetEntry {resno: 1, resname: 0x0, ressortgroupref: 0, resorigtbl: 0, resorigcol: 0, resjunk: false} = {
                expr = OpExpr {opno: 1760, opfuncid: 1726, opresulttype: 1700, opretset: false, opcollid: 0, inputcollid: 0, location: 202} = {
                  args = List with 2 elements = {
                    0 = Var {varno: 65001, varattno: 3, vartype: 1700, vartypmod: 983046, varcollid: 0, varlevelsup: 0, varnosyn: 4, varattnosyn: 6, location: 186},
                    1 = OpExpr {opno: 1759, opfuncid: 1725, opresulttype: 1700, opretset: false, opcollid: 0, inputcollid: 0, location: 207} = {
                      args = List with 2 elements = {
                        0 = Const {consttype: 1700, consttypmod: -1, constcollid: 0, constlen: -1, constvalue: 94501922432040, constisnull: false, constbyval: false, location: -1},
                        1 = Var {varno: 65001, varattno: 4, vartype: 1700, vartypmod: 983046, varcollid: 0, varlevelsup: 0, varnosyn: 4, varattnosyn: 7, location: 209}
                      }
                    }
                  }
                }
              }
            }
          }
        }
      },
      plan.lefttree = Sort (cost=121.05..121.05 rows=0 width=148 plan_id=3 parallel_aware=False parallel_safe = False) numCols: 1 = {
        sortColIdx = [1],
        sortOperators = [672],
        collations = [0],
        nullsFirst = [False],
        plan.targetlist = List with 4 elements = {
          0 = TargetEntry {resno: 1, resname: 0x0, ressortgroupref: 1, resorigtbl: 0, resorigcol: 0, resjunk: false} = {
            expr = Var {varno: 65001, varattno: 1, vartype: 701, vartypmod: -1, varcollid: 0, varlevelsup: 0, varnosyn: 0, varattnosyn: 0, location: -1}
          },
          1 = TargetEntry {resno: 2, resname: 0x0, ressortgroupref: 0, resorigtbl: 0, resorigcol: 0, resjunk: false} = {
            expr = Var {varno: 65001, varattno: 2, vartype: 1042, vartypmod: 29, varcollid: 100, varlevelsup: 0, varnosyn: 8, varattnosyn: 2, location: -1}
          },
          2 = TargetEntry {resno: 3, resname: 0x0, ressortgroupref: 0, resorigtbl: 0, resorigcol: 0, resjunk: false} = {
            expr = Var {varno: 65001, varattno: 3, vartype: 1700, vartypmod: 983046, varcollid: 0, varlevelsup: 0, varnosyn: 4, varattnosyn: 6, location: -1}
          },
          3 = TargetEntry {resno: 4, resname: 0x0, ressortgroupref: 0, resorigtbl: 0, resorigcol: 0, resjunk: false} = {
            expr = Var {varno: 65001, varattno: 4, vartype: 1700, vartypmod: 983046, varcollid: 0, varlevelsup: 0, varnosyn: 4, varattnosyn: 7, location: -1}
          }
        },
        plan.lefttree = NestLoop (cost=19.16..121.04 rows=0 width=148 plan_id=4 parallel_aware=False parallel_safe = False) {join.jointype: JOIN_INNER, join.inner_unique: false} = {
          join.plan.targetlist = List with 4 elements = {
            0 = TargetEntry {resno: 1, resname: 0x0, ressortgroupref: 1, resorigtbl: 0, resorigcol: 0, resjunk: false} = {
              expr = FuncExpr {funcid: 2021, funcresulttype: 701, funcretset: false, funcvariadic: false, funcformat: COERCE_EXPLICIT_CALL, funccollid: 0, inputcollid: 100, location: 7} = {
                args = List with 2 elements = {
                  0 = Const {consttype: 25, consttypmod: -1, constcollid: 100, constlen: -1, constvalue: 94501922427888, constisnull: false, constbyval: false, location: 146},
                  1 = FuncExpr {funcid: 2024, funcresulttype: 1114, funcretset: false, funcvariadic: false, funcformat: COERCE_EXPLICIT_CAST, funccollid: 0, inputcollid: 0, location: 32} = {
                    args = List with 1 elements = {
                      0 = Var {varno: 65001, varattno: 3, vartype: 1082, vartypmod: -1, varcollid: 0, varlevelsup: 0, varnosyn: 5, varattnosyn: 5, location: 156}
                    }
                  }
                }
              }
            },
            1 = TargetEntry {resno: 2, resname: 0x0, ressortgroupref: 0, resorigtbl: 0, resorigcol: 0, resjunk: false} = {
              expr = Var {varno: 65001, varattno: 5, vartype: 1042, vartypmod: 29, varcollid: 100, varlevelsup: 0, varnosyn: 8, varattnosyn: 2, location: 238}
            },
            2 = TargetEntry {resno: 3, resname: 0x0, ressortgroupref: 0, resorigtbl: 0, resorigcol: 0, resjunk: false} = {
              expr = Var {varno: 65001, varattno: 1, vartype: 1700, vartypmod: 983046, varcollid: 0, varlevelsup: 0, varnosyn: 4, varattnosyn: 6, location: 186}
            },
            3 = TargetEntry {resno: 4, resname: 0x0, ressortgroupref: 0, resorigtbl: 0, resorigcol: 0, resjunk: false} = {
              expr = Var {varno: 65001, varattno: 2, vartype: 1700, vartypmod: 983046, varcollid: 0, varlevelsup: 0, varnosyn: 4, varattnosyn: 7, location: 209}
            }
          },
          join.plan.lefttree = ClusterReduce (cost=19.16..108.91 rows=0 width=148 plan_id=5 parallel_aware=False parallel_safe = False) {special_node: 0, numCols: 0, reduce_flags: 0, ignore_params: 0x0} = {
            plan.targetlist = List with 5 elements = {
              0 = TargetEntry {resno: 1, resname: 0x0, ressortgroupref: 0, resorigtbl: 0, resorigcol: 0, resjunk: false} = {
                expr = Var {varno: 65001, varattno: 1, vartype: 1700, vartypmod: 983046, varcollid: 0, varlevelsup: 0, varnosyn: 4, varattnosyn: 6, location: -1}
              },
              1 = TargetEntry {resno: 2, resname: 0x0, ressortgroupref: 0, resorigtbl: 0, resorigcol: 0, resjunk: false} = {
                expr = Var {varno: 65001, varattno: 2, vartype: 1700, vartypmod: 983046, varcollid: 0, varlevelsup: 0, varnosyn: 4, varattnosyn: 7, location: -1}
              },
              2 = TargetEntry {resno: 3, resname: 0x0, ressortgroupref: 0, resorigtbl: 0, resorigcol: 0, resjunk: false} = {
                expr = Var {varno: 65001, varattno: 3, vartype: 1082, vartypmod: -1, varcollid: 0, varlevelsup: 0, varnosyn: 5, varattnosyn: 5, location: -1}
              },
              3 = TargetEntry {resno: 4, resname: 0x0, ressortgroupref: 0, resorigtbl: 0, resorigcol: 0, resjunk: false} = {
                expr = Var {varno: 65001, varattno: 4, vartype: 23, vartypmod: -1, varcollid: 0, varlevelsup: 0, varnosyn: 7, varattnosyn: 3, location: -1}
              },
              4 = TargetEntry {resno: 5, resname: 0x0, ressortgroupref: 0, resorigtbl: 0, resorigcol: 0, resjunk: false} = {
                expr = Var {varno: 65001, varattno: 5, vartype: 1042, vartypmod: 29, varcollid: 100, varlevelsup: 0, varnosyn: 8, varattnosyn: 2, location: -1}
              }
            },
            plan.lefttree = NestLoop (cost=18.16..104.86 rows=0 width=148 plan_id=6 parallel_aware=False parallel_safe = False) {join.jointype: JOIN_INNER, join.inner_unique: false} = {
              join.plan.targetlist = List with 5 elements = {
                0 = TargetEntry {resno: 1, resname: 0x0, ressortgroupref: 0, resorigtbl: 0, resorigcol: 0, resjunk: false} = {
                  expr = Var {varno: 65001, varattno: 1, vartype: 1700, vartypmod: 983046, varcollid: 0, varlevelsup: 0, varnosyn: 4, varattnosyn: 6, location: 186}
                },
                1 = TargetEntry {resno: 2, resname: 0x0, ressortgroupref: 0, resorigtbl: 0, resorigcol: 0, resjunk: false} = {
                  expr = Var {varno: 65001, varattno: 2, vartype: 1700, vartypmod: 983046, varcollid: 0, varlevelsup: 0, varnosyn: 4, varattnosyn: 7, location: 209}
                },
                2 = TargetEntry {resno: 3, resname: 0x0, ressortgroupref: 0, resorigtbl: 0, resorigcol: 0, resjunk: false} = {
                  expr = Var {varno: 65001, varattno: 4, vartype: 1082, vartypmod: -1, varcollid: 0, varlevelsup: 0, varnosyn: 5, varattnosyn: 5, location: 156}
                },
                3 = TargetEntry {resno: 4, resname: 0x0, ressortgroupref: 0, resorigtbl: 0, resorigcol: 0, resjunk: false} = {
                  expr = Var {varno: 65001, varattno: 5, vartype: 23, vartypmod: -1, varcollid: 0, varlevelsup: 0, varnosyn: 7, varattnosyn: 3, location: 573}
                },
                4 = TargetEntry {resno: 5, resname: 0x0, ressortgroupref: 0, resorigtbl: 0, resorigcol: 0, resjunk: false} = {
                  expr = Var {varno: 65000, varattno: 2, vartype: 1042, vartypmod: 29, varcollid: 100, varlevelsup: 0, varnosyn: 8, varattnosyn: 2, location: 238}
                }
              },
              join.plan.lefttree = ClusterReduce (cost=18.16..92.92 rows=0 width=48 plan_id=7 parallel_aware=False parallel_safe = False) {special_node: 0, numCols: 0, reduce_flags: 0, ignore_params: 0x0} = {
                plan.targetlist = List with 5 elements = {
                  0 = TargetEntry {resno: 1, resname: 0x0, ressortgroupref: 0, resorigtbl: 0, resorigcol: 0, resjunk: false} = {
                    expr = Var {varno: 65001, varattno: 1, vartype: 1700, vartypmod: 983046, varcollid: 0, varlevelsup: 0, varnosyn: 4, varattnosyn: 6, location: -1}
                  },
                  1 = TargetEntry {resno: 2, resname: 0x0, ressortgroupref: 0, resorigtbl: 0, resorigcol: 0, resjunk: false} = {
                    expr = Var {varno: 65001, varattno: 2, vartype: 1700, vartypmod: 983046, varcollid: 0, varlevelsup: 0, varnosyn: 4, varattnosyn: 7, location: -1}
                  },
                  2 = TargetEntry {resno: 3, resname: 0x0, ressortgroupref: 0, resorigtbl: 0, resorigcol: 0, resjunk: false} = {
                    expr = Var {varno: 65001, varattno: 3, vartype: 23, vartypmod: -1, varcollid: 0, varlevelsup: 0, varnosyn: 3, varattnosyn: 4, location: -1}
                  },
                  3 = TargetEntry {resno: 4, resname: 0x0, ressortgroupref: 0, resorigtbl: 0, resorigcol: 0, resjunk: false} = {
                    expr = Var {varno: 65001, varattno: 4, vartype: 1082, vartypmod: -1, varcollid: 0, varlevelsup: 0, varnosyn: 5, varattnosyn: 5, location: -1}
                  },
                  4 = TargetEntry {resno: 5, resname: 0x0, ressortgroupref: 0, resorigtbl: 0, resorigcol: 0, resjunk: false} = {
                    expr = Var {varno: 65001, varattno: 5, vartype: 23, vartypmod: -1, varcollid: 0, varlevelsup: 0, varnosyn: 7, varattnosyn: 3, location: -1}
                  }
                },
                plan.lefttree = NestLoop (cost=17.16..88.87 rows=0 width=48 plan_id=8 parallel_aware=False parallel_safe = False) {join.jointype: JOIN_INNER, join.inner_unique: false} = {
                  join.plan.targetlist = List with 5 elements = {
                    0 = TargetEntry {resno: 1, resname: 0x0, ressortgroupref: 0, resorigtbl: 0, resorigcol: 0, resjunk: false} = {
                      expr = Var {varno: 65001, varattno: 1, vartype: 1700, vartypmod: 983046, varcollid: 0, varlevelsup: 0, varnosyn: 4, varattnosyn: 6, location: 186}
                    },
                    1 = TargetEntry {resno: 2, resname: 0x0, ressortgroupref: 0, resorigtbl: 0, resorigcol: 0, resjunk: false} = {
                      expr = Var {varno: 65001, varattno: 2, vartype: 1700, vartypmod: 983046, varcollid: 0, varlevelsup: 0, varnosyn: 4, varattnosyn: 7, location: 209}
                    },
                    2 = TargetEntry {resno: 3, resname: 0x0, ressortgroupref: 0, resorigtbl: 0, resorigcol: 0, resjunk: false} = {
                      expr = Var {varno: 65001, varattno: 3, vartype: 23, vartypmod: -1, varcollid: 0, varlevelsup: 0, varnosyn: 3, varattnosyn: 4, location: 641}
                    },
                    3 = TargetEntry {resno: 4, resname: 0x0, ressortgroupref: 0, resorigtbl: 0, resorigcol: 0, resjunk: false} = {
                      expr = Var {varno: 65001, varattno: 4, vartype: 1082, vartypmod: -1, varcollid: 0, varlevelsup: 0, varnosyn: 5, varattnosyn: 5, location: 156}
                    },
                    4 = TargetEntry {resno: 5, resname: 0x0, ressortgroupref: 0, resorigtbl: 0, resorigcol: 0, resjunk: false} = {
                      expr = Var {varno: 65000, varattno: 3, vartype: 23, vartypmod: -1, varcollid: 0, varlevelsup: 0, varnosyn: 7, varattnosyn: 3, location: 573}
                    }
                  },
                  join.plan.lefttree = ClusterReduce (cost=17.16..76.93 rows=0 width=48 plan_id=9 parallel_aware=False parallel_safe = False) {special_node: 0, numCols: 0, reduce_flags: 0, ignore_params: 0x0} = {
                    plan.targetlist = List with 5 elements = {
                      0 = TargetEntry {resno: 1, resname: 0x0, ressortgroupref: 0, resorigtbl: 0, resorigcol: 0, resjunk: false} = {
                        expr = Var {varno: 65001, varattno: 1, vartype: 1700, vartypmod: 983046, varcollid: 0, varlevelsup: 0, varnosyn: 4, varattnosyn: 6, location: -1}
                      },
                      1 = TargetEntry {resno: 2, resname: 0x0, ressortgroupref: 0, resorigtbl: 0, resorigcol: 0, resjunk: false} = {
                        expr = Var {varno: 65001, varattno: 2, vartype: 1700, vartypmod: 983046, varcollid: 0, varlevelsup: 0, varnosyn: 4, varattnosyn: 7, location: -1}
                      },
                      2 = TargetEntry {resno: 3, resname: 0x0, ressortgroupref: 0, resorigtbl: 0, resorigcol: 0, resjunk: false} = {
                        expr = Var {varno: 65001, varattno: 3, vartype: 23, vartypmod: -1, varcollid: 0, varlevelsup: 0, varnosyn: 3, varattnosyn: 4, location: -1}
                      },
                      3 = TargetEntry {resno: 4, resname: 0x0, ressortgroupref: 0, resorigtbl: 0, resorigcol: 0, resjunk: false} = {
                        expr = Var {varno: 65001, varattno: 4, vartype: 1082, vartypmod: -1, varcollid: 0, varlevelsup: 0, varnosyn: 5, varattnosyn: 5, location: -1}
                      },
                      4 = TargetEntry {resno: 5, resname: 0x0, ressortgroupref: 0, resorigtbl: 0, resorigcol: 0, resjunk: false} = {
                        expr = Var {varno: 65001, varattno: 5, vartype: 23, vartypmod: -1, varcollid: 0, varlevelsup: 0, varnosyn: 6, varattnosyn: 4, location: -1}
                      }
                    },
                    plan.lefttree = NestLoop (cost=16.16..72.88 rows=0 width=48 plan_id=10 parallel_aware=False parallel_safe = False) {join.jointype: JOIN_INNER, join.inner_unique: false} = {
                      join.plan.targetlist = List with 5 elements = {
                        0 = TargetEntry {resno: 1, resname: 0x0, ressortgroupref: 0, resorigtbl: 0, resorigcol: 0, resjunk: false} = {
                          expr = Var {varno: 65001, varattno: 1, vartype: 1700, vartypmod: 983046, varcollid: 0, varlevelsup: 0, varnosyn: 4, varattnosyn: 6, location: 186}
                        },
                        1 = TargetEntry {resno: 2, resname: 0x0, ressortgroupref: 0, resorigtbl: 0, resorigcol: 0, resjunk: false} = {
                          expr = Var {varno: 65001, varattno: 2, vartype: 1700, vartypmod: 983046, varcollid: 0, varlevelsup: 0, varnosyn: 4, varattnosyn: 7, location: 209}
                        },
                        2 = TargetEntry {resno: 3, resname: 0x0, ressortgroupref: 0, resorigtbl: 0, resorigcol: 0, resjunk: false} = {
                          expr = Var {varno: 65001, varattno: 3, vartype: 23, vartypmod: -1, varcollid: 0, varlevelsup: 0, varnosyn: 3, varattnosyn: 4, location: 641}
                        },
                        3 = TargetEntry {resno: 4, resname: 0x0, ressortgroupref: 0, resorigtbl: 0, resorigcol: 0, resjunk: false} = {
                          expr = Var {varno: 65001, varattno: 4, vartype: 1082, vartypmod: -1, varcollid: 0, varlevelsup: 0, varnosyn: 5, varattnosyn: 5, location: 156}
                        },
                        4 = TargetEntry {resno: 5, resname: 0x0, ressortgroupref: 0, resorigtbl: 0, resorigcol: 0, resjunk: false} = {
                          expr = Var {varno: 65000, varattno: 4, vartype: 23, vartypmod: -1, varcollid: 0, varlevelsup: 0, varnosyn: 6, varattnosyn: 4, location: 534}
                        }
                      },
                      join.plan.lefttree = ClusterReduce (cost=16.16..61.29 rows=0 width=48 plan_id=11 parallel_aware=False parallel_safe = False) {special_node: 0, numCols: 0, reduce_flags: 0, ignore_params: 0x0} = {
                        plan.targetlist = List with 5 elements = {
                          0 = TargetEntry {resno: 1, resname: 0x0, ressortgroupref: 0, resorigtbl: 0, resorigcol: 0, resjunk: false} = {
                            expr = Var {varno: 65001, varattno: 1, vartype: 1700, vartypmod: 983046, varcollid: 0, varlevelsup: 0, varnosyn: 4, varattnosyn: 6, location: -1}
                          },
                          1 = TargetEntry {resno: 2, resname: 0x0, ressortgroupref: 0, resorigtbl: 0, resorigcol: 0, resjunk: false} = {
                            expr = Var {varno: 65001, varattno: 2, vartype: 1700, vartypmod: 983046, varcollid: 0, varlevelsup: 0, varnosyn: 4, varattnosyn: 7, location: -1}
                          },
                          2 = TargetEntry {resno: 3, resname: 0x0, ressortgroupref: 0, resorigtbl: 0, resorigcol: 0, resjunk: false} = {
                            expr = Var {varno: 65001, varattno: 3, vartype: 23, vartypmod: -1, varcollid: 0, varlevelsup: 0, varnosyn: 3, varattnosyn: 4, location: -1}
                          },
                          3 = TargetEntry {resno: 4, resname: 0x0, ressortgroupref: 0, resorigtbl: 0, resorigcol: 0, resjunk: false} = {
                            expr = Var {varno: 65001, varattno: 4, vartype: 1082, vartypmod: -1, varcollid: 0, varlevelsup: 0, varnosyn: 5, varattnosyn: 5, location: -1}
                          },
                          4 = TargetEntry {resno: 5, resname: 0x0, ressortgroupref: 0, resorigtbl: 0, resorigcol: 0, resjunk: false} = {
                            expr = Var {varno: 65001, varattno: 5, vartype: 23, vartypmod: -1, varcollid: 0, varlevelsup: 0, varnosyn: 5, varattnosyn: 2, location: -1}
                          }
                        },
                        plan.lefttree = NestLoop (cost=15.16..57.24 rows=0 width=48 plan_id=12 parallel_aware=False parallel_safe = False) {join.jointype: JOIN_INNER, join.inner_unique: false} = {
                          join.plan.targetlist = List with 5 elements = {
                            0 = TargetEntry {resno: 1, resname: 0x0, ressortgroupref: 0, resorigtbl: 0, resorigcol: 0, resjunk: false} = {
                              expr = Var {varno: 65001, varattno: 1, vartype: 1700, vartypmod: 983046, varcollid: 0, varlevelsup: 0, varnosyn: 4, varattnosyn: 6, location: 186}
                            },
                            1 = TargetEntry {resno: 2, resname: 0x0, ressortgroupref: 0, resorigtbl: 0, resorigcol: 0, resjunk: false} = {
                              expr = Var {varno: 65001, varattno: 2, vartype: 1700, vartypmod: 983046, varcollid: 0, varlevelsup: 0, varnosyn: 4, varattnosyn: 7, location: 209}
                            },
                            2 = TargetEntry {resno: 3, resname: 0x0, ressortgroupref: 0, resorigtbl: 0, resorigcol: 0, resjunk: false} = {
                              expr = Var {varno: 65000, varattno: 4, vartype: 23, vartypmod: -1, varcollid: 0, varlevelsup: 0, varnosyn: 3, varattnosyn: 4, location: 641}
                            },
                            3 = TargetEntry {resno: 4, resname: 0x0, ressortgroupref: 0, resorigtbl: 0, resorigcol: 0, resjunk: false} = {
                              expr = Var {varno: 65001, varattno: 4, vartype: 1082, vartypmod: -1, varcollid: 0, varlevelsup: 0, varnosyn: 5, varattnosyn: 5, location: 156}
                            },
                            4 = TargetEntry {resno: 5, resname: 0x0, ressortgroupref: 0, resorigtbl: 0, resorigcol: 0, resjunk: false} = {
                              expr = Var {varno: 65001, varattno: 5, vartype: 23, vartypmod: -1, varcollid: 0, varlevelsup: 0, varnosyn: 5, varattnosyn: 2, location: 502}
                            }
                          },
                          join.plan.lefttree = ClusterReduce (cost=15.16..45.53 rows=0 width=48 plan_id=13 parallel_aware=False parallel_safe = False) {special_node: 0, numCols: 0, reduce_flags: 0, ignore_params: 0x0} = {
                            plan.targetlist = List with 5 elements = {
                              0 = TargetEntry {resno: 1, resname: 0x0, ressortgroupref: 0, resorigtbl: 0, resorigcol: 0, resjunk: false} = {
                                expr = Var {varno: 65001, varattno: 1, vartype: 1700, vartypmod: 983046, varcollid: 0, varlevelsup: 0, varnosyn: 4, varattnosyn: 6, location: -1}
                              },
                              1 = TargetEntry {resno: 2, resname: 0x0, ressortgroupref: 0, resorigtbl: 0, resorigcol: 0, resjunk: false} = {
                                expr = Var {varno: 65001, varattno: 2, vartype: 1700, vartypmod: 983046, varcollid: 0, varlevelsup: 0, varnosyn: 4, varattnosyn: 7, location: -1}
                              },
                              2 = TargetEntry {resno: 3, resname: 0x0, ressortgroupref: 0, resorigtbl: 0, resorigcol: 0, resjunk: false} = {
                                expr = Var {varno: 65001, varattno: 3, vartype: 23, vartypmod: -1, varcollid: 0, varlevelsup: 0, varnosyn: 4, varattnosyn: 3, location: -1}
                              },
                              3 = TargetEntry {resno: 4, resname: 0x0, ressortgroupref: 0, resorigtbl: 0, resorigcol: 0, resjunk: false} = {
                                expr = Var {varno: 65001, varattno: 4, vartype: 1082, vartypmod: -1, varcollid: 0, varlevelsup: 0, varnosyn: 5, varattnosyn: 5, location: -1}
                              },
                              4 = TargetEntry {resno: 5, resname: 0x0, ressortgroupref: 0, resorigtbl: 0, resorigcol: 0, resjunk: false} = {
                                expr = Var {varno: 65001, varattno: 5, vartype: 23, vartypmod: -1, varcollid: 0, varlevelsup: 0, varnosyn: 5, varattnosyn: 2, location: -1}
                              }
                            },
                            plan.lefttree = NestLoop (cost=14.16..41.48 rows=0 width=48 plan_id=14 parallel_aware=False parallel_safe = False) {join.jointype: JOIN_INNER, join.inner_unique: false} = {
                              join.plan.targetlist = List with 5 elements = {
                                0 = TargetEntry {resno: 1, resname: 0x0, ressortgroupref: 0, resorigtbl: 0, resorigcol: 0, resjunk: false} = {
                                  expr = Var {varno: 65001, varattno: 1, vartype: 1700, vartypmod: 983046, varcollid: 0, varlevelsup: 0, varnosyn: 4, varattnosyn: 6, location: 186}
                                },
                                1 = TargetEntry {resno: 2, resname: 0x0, ressortgroupref: 0, resorigtbl: 0, resorigcol: 0, resjunk: false} = {
                                  expr = Var {varno: 65001, varattno: 2, vartype: 1700, vartypmod: 983046, varcollid: 0, varlevelsup: 0, varnosyn: 4, varattnosyn: 7, location: 209}
                                },
                                2 = TargetEntry {resno: 3, resname: 0x0, ressortgroupref: 0, resorigtbl: 0, resorigcol: 0, resjunk: false} = {
                                  expr = Var {varno: 65001, varattno: 4, vartype: 23, vartypmod: -1, varcollid: 0, varlevelsup: 0, varnosyn: 4, varattnosyn: 3, location: 448}
                                },
                                3 = TargetEntry {resno: 4, resname: 0x0, ressortgroupref: 0, resorigtbl: 0, resorigcol: 0, resjunk: false} = {
                                  expr = Var {varno: 65001, varattno: 5, vartype: 1082, vartypmod: -1, varcollid: 0, varlevelsup: 0, varnosyn: 5, varattnosyn: 5, location: 156}
                                },
                                4 = TargetEntry {resno: 5, resname: 0x0, ressortgroupref: 0, resorigtbl: 0, resorigcol: 0, resjunk: false} = {
                                  expr = Var {varno: 65001, varattno: 6, vartype: 23, vartypmod: -1, varcollid: 0, varlevelsup: 0, varnosyn: 5, varattnosyn: 2, location: 502}
                                }
                              },
                              join.plan.lefttree = ClusterReduce (cost=14.16..29.47 rows=0 width=52 plan_id=15 parallel_aware=False parallel_safe = False) {special_node: 0, numCols: 0, reduce_flags: 0, ignore_params: 0x0} = {
                                plan.targetlist = List with 6 elements = {
                                  0 = TargetEntry {resno: 1, resname: 0x0, ressortgroupref: 0, resorigtbl: 0, resorigcol: 0, resjunk: false} = {
                                    expr = Var {varno: 65001, varattno: 1, vartype: 1700, vartypmod: 983046, varcollid: 0, varlevelsup: 0, varnosyn: 4, varattnosyn: 6, location: -1}
                                  },
                                  1 = TargetEntry {resno: 2, resname: 0x0, ressortgroupref: 0, resorigtbl: 0, resorigcol: 0, resjunk: false} = {
                                    expr = Var {varno: 65001, varattno: 2, vartype: 1700, vartypmod: 983046, varcollid: 0, varlevelsup: 0, varnosyn: 4, varattnosyn: 7, location: -1}
                                  },
                                  2 = TargetEntry {resno: 3, resname: 0x0, ressortgroupref: 0, resorigtbl: 0, resorigcol: 0, resjunk: false} = {
                                    expr = Var {varno: 65001, varattno: 3, vartype: 23, vartypmod: -1, varcollid: 0, varlevelsup: 0, varnosyn: 4, varattnosyn: 2, location: -1}
                                  },
                                  3 = TargetEntry {resno: 4, resname: 0x0, ressortgroupref: 0, resorigtbl: 0, resorigcol: 0, resjunk: false} = {
                                    expr = Var {varno: 65001, varattno: 4, vartype: 23, vartypmod: -1, varcollid: 0, varlevelsup: 0, varnosyn: 4, varattnosyn: 3, location: -1}
                                  },
                                  4 = TargetEntry {resno: 5, resname: 0x0, ressortgroupref: 0, resorigtbl: 0, resorigcol: 0, resjunk: false} = {
                                    expr = Var {varno: 65001, varattno: 5, vartype: 1082, vartypmod: -1, varcollid: 0, varlevelsup: 0, varnosyn: 5, varattnosyn: 5, location: -1}
                                  },
                                  5 = TargetEntry {resno: 6, resname: 0x0, ressortgroupref: 0, resorigtbl: 0, resorigcol: 0, resjunk: false} = {
                                    expr = Var {varno: 65001, varattno: 6, vartype: 23, vartypmod: -1, varcollid: 0, varlevelsup: 0, varnosyn: 5, varattnosyn: 2, location: -1}
                                  }
                                },
                                plan.lefttree = HashJoin (cost=13.16..25.42 rows=0 width=52 plan_id=16 parallel_aware=False parallel_safe = True) {join.jointype: JOIN_INNER, join.inner_unique: false} = {
                                  join.plan.targetlist = List with 6 elements = {
                                    0 = TargetEntry {resno: 1, resname: 0x0, ressortgroupref: 0, resorigtbl: 0, resorigcol: 0, resjunk: false} = {
                                      expr = Var {varno: 65001, varattno: 6, vartype: 1700, vartypmod: 983046, varcollid: 0, varlevelsup: 0, varnosyn: 4, varattnosyn: 6, location: 186}
                                    },
                                    1 = TargetEntry {resno: 2, resname: 0x0, ressortgroupref: 0, resorigtbl: 0, resorigcol: 0, resjunk: false} = {
                                      expr = Var {varno: 65001, varattno: 7, vartype: 1700, vartypmod: 983046, varcollid: 0, varlevelsup: 0, varnosyn: 4, varattnosyn: 7, location: 209}
                                    },
                                    2 = TargetEntry {resno: 3, resname: 0x0, ressortgroupref: 0, resorigtbl: 0, resorigcol: 0, resjunk: false} = {
                                      expr = Var {varno: 65001, varattno: 2, vartype: 23, vartypmod: -1, varcollid: 0, varlevelsup: 0, varnosyn: 4, varattnosyn: 2, location: 416}
                                    },
                                    3 = TargetEntry {resno: 4, resname: 0x0, ressortgroupref: 0, resorigtbl: 0, resorigcol: 0, resjunk: false} = {
                                      expr = Var {varno: 65001, varattno: 3, vartype: 23, vartypmod: -1, varcollid: 0, varlevelsup: 0, varnosyn: 4, varattnosyn: 3, location: 448}
                                    },
                                    4 = TargetEntry {resno: 5, resname: 0x0, ressortgroupref: 0, resorigtbl: 0, resorigcol: 0, resjunk: false} = {
                                      expr = Var {varno: 65000, varattno: 1, vartype: 1082, vartypmod: -1, varcollid: 0, varlevelsup: 0, varnosyn: 5, varattnosyn: 5, location: 156}
                                    },
                                    5 = TargetEntry {resno: 6, resname: 0x0, ressortgroupref: 0, resorigtbl: 0, resorigcol: 0, resjunk: false} = {
                                      expr = Var {varno: 65000, varattno: 3, vartype: 23, vartypmod: -1, varcollid: 0, varlevelsup: 0, varnosyn: 5, varattnosyn: 2, location: 502}
                                    }
                                  },
                                  join.plan.lefttree = Scan (cost=0.00..12.00 rows=67 width=48 plan_id=17 parallel_aware=False parallel_safe = True) scanrelid: 4 = {
                                    plan.targetlist = List with 16 elements = {
                                      0 = TargetEntry {resno: 1, resname: 0x0, ressortgroupref: 0, resorigtbl: 0, resorigcol: 0, resjunk: false} = {
                                        expr = Var {varno: 4, varattno: 1, vartype: 23, vartypmod: -1, varcollid: 0, varlevelsup: 0, varnosyn: 4, varattnosyn: 1, location: -1}
                                      },
                                      1 = TargetEntry {resno: 2, resname: 0x0, ressortgroupref: 0, resorigtbl: 0, resorigcol: 0, resjunk: false} = {
                                        expr = Var {varno: 4, varattno: 2, vartype: 23, vartypmod: -1, varcollid: 0, varlevelsup: 0, varnosyn: 4, varattnosyn: 2, location: -1}
                                      },
                                      2 = TargetEntry {resno: 3, resname: 0x0, ressortgroupref: 0, resorigtbl: 0, resorigcol: 0, resjunk: false} = {
                                        expr = Var {varno: 4, varattno: 3, vartype: 23, vartypmod: -1, varcollid: 0, varlevelsup: 0, varnosyn: 4, varattnosyn: 3, location: -1}
                                      },
                                      3 = TargetEntry {resno: 4, resname: 0x0, ressortgroupref: 0, resorigtbl: 0, resorigcol: 0, resjunk: false} = {
                                        expr = Var {varno: 4, varattno: 4, vartype: 23, vartypmod: -1, varcollid: 0, varlevelsup: 0, varnosyn: 4, varattnosyn: 4, location: -1}
                                      },
                                      4 = TargetEntry {resno: 5, resname: 0x0, ressortgroupref: 0, resorigtbl: 0, resorigcol: 0, resjunk: false} = {
                                        expr = Var {varno: 4, varattno: 5, vartype: 1700, vartypmod: 983046, varcollid: 0, varlevelsup: 0, varnosyn: 4, varattnosyn: 5, location: -1}
                                      },
                                      5 = TargetEntry {resno: 6, resname: 0x0, ressortgroupref: 0, resorigtbl: 0, resorigcol: 0, resjunk: false} = {
                                        expr = Var {varno: 4, varattno: 6, vartype: 1700, vartypmod: 983046, varcollid: 0, varlevelsup: 0, varnosyn: 4, varattnosyn: 6, location: -1}
                                      },
                                      6 = TargetEntry {resno: 7, resname: 0x0, ressortgroupref: 0, resorigtbl: 0, resorigcol: 0, resjunk: false} = {
                                        expr = Var {varno: 4, varattno: 7, vartype: 1700, vartypmod: 983046, varcollid: 0, varlevelsup: 0, varnosyn: 4, varattnosyn: 7, location: -1}
                                      },
                                      7 = TargetEntry {resno: 8, resname: 0x0, ressortgroupref: 0, resorigtbl: 0, resorigcol: 0, resjunk: false} = {
                                        expr = Var {varno: 4, varattno: 8, vartype: 1700, vartypmod: 983046, varcollid: 0, varlevelsup: 0, varnosyn: 4, varattnosyn: 8, location: -1}
                                      },
                                      8 = TargetEntry {resno: 9, resname: 0x0, ressortgroupref: 0, resorigtbl: 0, resorigcol: 0, resjunk: false} = {
                                        expr = Var {varno: 4, varattno: 9, vartype: 1042, vartypmod: 5, varcollid: 100, varlevelsup: 0, varnosyn: 4, varattnosyn: 9, location: -1}
                                      },
                                      9 = TargetEntry {resno: 10, resname: 0x0, ressortgroupref: 0, resorigtbl: 0, resorigcol: 0, resjunk: false} = {
                                        expr = Var {varno: 4, varattno: 10, vartype: 1042, vartypmod: 5, varcollid: 100, varlevelsup: 0, varnosyn: 4, varattnosyn: 10, location: -1}
                                      },
                                      10 = TargetEntry {resno: 11, resname: 0x0, ressortgroupref: 0, resorigtbl: 0, resorigcol: 0, resjunk: false} = {
                                        expr = Var {varno: 4, varattno: 11, vartype: 1082, vartypmod: -1, varcollid: 0, varlevelsup: 0, varnosyn: 4, varattnosyn: 11, location: -1}
                                      },
                                      11 = TargetEntry {resno: 12, resname: 0x0, ressortgroupref: 0, resorigtbl: 0, resorigcol: 0, resjunk: false} = {
                                        expr = Var {varno: 4, varattno: 12, vartype: 1082, vartypmod: -1, varcollid: 0, varlevelsup: 0, varnosyn: 4, varattnosyn: 12, location: -1}
                                      },
                                      12 = TargetEntry {resno: 13, resname: 0x0, ressortgroupref: 0, resorigtbl: 0, resorigcol: 0, resjunk: false} = {
                                        expr = Var {varno: 4, varattno: 13, vartype: 1082, vartypmod: -1, varcollid: 0, varlevelsup: 0, varnosyn: 4, varattnosyn: 13, location: -1}
                                      },
                                      13 = TargetEntry {resno: 14, resname: 0x0, ressortgroupref: 0, resorigtbl: 0, resorigcol: 0, resjunk: false} = {
                                        expr = Var {varno: 4, varattno: 14, vartype: 1042, vartypmod: 29, varcollid: 100, varlevelsup: 0, varnosyn: 4, varattnosyn: 14, location: -1}
                                      },
                                      14 = TargetEntry {resno: 15, resname: 0x0, ressortgroupref: 0, resorigtbl: 0, resorigcol: 0, resjunk: false} = {
                                        expr = Var {varno: 4, varattno: 15, vartype: 1042, vartypmod: 14, varcollid: 100, varlevelsup: 0, varnosyn: 4, varattnosyn: 15, location: -1}
                                      },
                                      15 = TargetEntry {resno: 16, resname: 0x0, ressortgroupref: 0, resorigtbl: 0, resorigcol: 0, resjunk: false} = {
                                        expr = Var {varno: 4, varattno: 16, vartype: 1043, vartypmod: 48, varcollid: 100, varlevelsup: 0, varnosyn: 4, varattnosyn: 16, location: -1}
                                      }
                                    }
                                  },
                                  join.plan.righttree = Hash (cost=13.15..13.15 rows=1 width=12 plan_id=18 parallel_aware=False parallel_safe = True) {skewTable: 270678, skewColumn: 1, skewInherit: false, rows_total: 0} = {
                                    plan.targetlist = List with 3 elements = {
                                      0 = TargetEntry {resno: 1, resname: 0x0, ressortgroupref: 0, resorigtbl: 0, resorigcol: 0, resjunk: false} = {
                                        expr = Var {varno: 65001, varattno: 1, vartype: 1082, vartypmod: -1, varcollid: 0, varlevelsup: 0, varnosyn: 5, varattnosyn: 5, location: -1}
                                      },
                                      1 = TargetEntry {resno: 2, resname: 0x0, ressortgroupref: 0, resorigtbl: 0, resorigcol: 0, resjunk: false} = {
                                        expr = Var {varno: 65001, varattno: 2, vartype: 23, vartypmod: -1, varcollid: 0, varlevelsup: 0, varnosyn: 5, varattnosyn: 1, location: -1}
                                      },
                                      2 = TargetEntry {resno: 3, resname: 0x0, ressortgroupref: 0, resorigtbl: 0, resorigcol: 0, resjunk: false} = {
                                        expr = Var {varno: 65001, varattno: 3, vartype: 23, vartypmod: -1, varcollid: 0, varlevelsup: 0, varnosyn: 5, varattnosyn: 2, location: -1}
                                      }
                                    },
                                    plan.lefttree = Scan (cost=0.00..13.15 rows=1 width=12 plan_id=19 parallel_aware=False parallel_safe = True) scanrelid: 5 = {
                                      plan.targetlist = List with 3 elements = {
                                        0 = TargetEntry {resno: 1, resname: 0x0, ressortgroupref: 0, resorigtbl: 0, resorigcol: 0, resjunk: false} = {...},
                                        1 = TargetEntry {resno: 2, resname: 0x0, ressortgroupref: 0, resorigtbl: 0, resorigcol: 0, resjunk: false} = {...},
                                        2 = TargetEntry {resno: 3, resname: 0x0, ressortgroupref: 0, resorigtbl: 0, resorigcol: 0, resjunk: false} = {...}
                                      },
                                      plan.qual = List with 2 elements = {
                                        0 = OpExpr {opno: 1098, opfuncid: 1090, opresulttype: 16, opretset: false, opcollid: 0, inputcollid: 0, location: 692} = {...},
                                        1 = OpExpr {opno: 1096, opfuncid: 1088, opresulttype: 16, opretset: false, opcollid: 0, inputcollid: 0, location: 692} = {...}
                                      }
                                    },
                                    hashkeys = List with 1 elements = {
                                      0 = Var {varno: 65001, varattno: 2, vartype: 23, vartypmod: -1, varcollid: 0, varlevelsup: 0, varnosyn: 5, varattnosyn: 1, location: 481}
                                    }
                                  },
                                  hashclauses = List with 1 elements = {
                                    0 = OpExpr {opno: 96, opfuncid: 65, opresulttype: 16, opretset: false, opcollid: 0, inputcollid: 0, location: -1} = {
                                      args = List with 2 elements = {
                                        0 = Var {varno: 65001, varattno: 1, vartype: 23, vartypmod: -1, varcollid: 0, varlevelsup: 0, varnosyn: 4, varattnosyn: 1, location: 468},
                                        1 = Var {varno: 65000, varattno: 2, vartype: 23, vartypmod: -1, varcollid: 0, varlevelsup: 0, varnosyn: 5, varattnosyn: 1, location: 481}
                                      }
                                    }
                                  },
                                  hashoperators = OidList with 1 elements = {96},
                                  hashcollations = OidList with 1 elements = {0},
                                  hashkeys = List with 1 elements = {
                                    0 = Var {varno: 65001, varattno: 1, vartype: 23, vartypmod: -1, varcollid: 0, varlevelsup: 0, varnosyn: 4, varattnosyn: 1, location: 468}
                                  }
                                },
                                reduce = SubscriptingRef {refcontainertype: 1028, refelemtype: 26, reftypmod: -1, refcollid: 0} = {
                                  refupperindexpr = List with 1 elements = {
                                    0 = CoalesceExpr {coalescetype: 23, coalescecollid: 0, location: -1} = {
                                      args = List with 2 elements = {
                                        0 = FuncExpr {funcid: 9125, funcresulttype: 23, funcretset: false, funcvariadic: false, funcformat: COERCE_EXPLICIT_CALL, funccollid: 0, inputcollid: 0, location: -1} = {...},
                                        1 = Const {consttype: 23, consttypmod: -1, constcollid: 0, constlen: 4, constvalue: 0, constisnull: false, constbyval: true, location: -1}
                                      }
                                    }
                                  },
                                  refexpr = Const {consttype: 1028, consttypmod: -1, constcollid: 0, constlen: -1, constvalue: 94501927836624, constisnull: false, constbyval: false, location: -1}
                                },
                                reduce_oids = OidList with 3 elements = {16386, 16387, 16388}
                              },
                              join.plan.righttree = Scan (cost=0.00..12.00 rows=1 width=4 plan_id=20 parallel_aware=False parallel_safe = True) scanrelid: 2 = {
                                plan.targetlist = List with 9 elements = {
                                  0 = TargetEntry {resno: 1, resname: 0x0, ressortgroupref: 0, resorigtbl: 0, resorigcol: 0, resjunk: false} = {
                                    expr = Var {varno: 2, varattno: 1, vartype: 23, vartypmod: -1, varcollid: 0, varlevelsup: 0, varnosyn: 2, varattnosyn: 1, location: -1}
                                  },
                                  1 = TargetEntry {resno: 2, resname: 0x0, ressortgroupref: 0, resorigtbl: 0, resorigcol: 0, resjunk: false} = {
                                    expr = Var {varno: 2, varattno: 2, vartype: 1043, vartypmod: 59, varcollid: 100, varlevelsup: 0, varnosyn: 2, varattnosyn: 2, location: -1}
                                  },
                                  2 = TargetEntry {resno: 3, resname: 0x0, ressortgroupref: 0, resorigtbl: 0, resorigcol: 0, resjunk: false} = {
                                    expr = Var {varno: 2, varattno: 3, vartype: 1042, vartypmod: 29, varcollid: 100, varlevelsup: 0, varnosyn: 2, varattnosyn: 3, location: -1}
                                  },
                                  3 = TargetEntry {resno: 4, resname: 0x0, ressortgroupref: 0, resorigtbl: 0, resorigcol: 0, resjunk: false} = {
                                    expr = Var {varno: 2, varattno: 4, vartype: 1042, vartypmod: 14, varcollid: 100, varlevelsup: 0, varnosyn: 2, varattnosyn: 4, location: -1}
                                  },
                                  4 = TargetEntry {resno: 5, resname: 0x0, ressortgroupref: 0, resorigtbl: 0, resorigcol: 0, resjunk: false} = {
                                    expr = Var {varno: 2, varattno: 5, vartype: 1043, vartypmod: 29, varcollid: 100, varlevelsup: 0, varnosyn: 2, varattnosyn: 5, location: -1}
                                  },
                                  5 = TargetEntry {resno: 6, resname: 0x0, ressortgroupref: 0, resorigtbl: 0, resorigcol: 0, resjunk: false} = {
                                    expr = Var {varno: 2, varattno: 6, vartype: 23, vartypmod: -1, varcollid: 0, varlevelsup: 0, varnosyn: 2, varattnosyn: 6, location: -1}
                                  },
                                  6 = TargetEntry {resno: 7, resname: 0x0, ressortgroupref: 0, resorigtbl: 0, resorigcol: 0, resjunk: false} = {
                                    expr = Var {varno: 2, varattno: 7, vartype: 1042, vartypmod: 14, varcollid: 100, varlevelsup: 0, varnosyn: 2, varattnosyn: 7, location: -1}
                                  },
                                  7 = TargetEntry {resno: 8, resname: 0x0, ressortgroupref: 0, resorigtbl: 0, resorigcol: 0, resjunk: false} = {
                                    expr = Var {varno: 2, varattno: 8, vartype: 1700, vartypmod: 983046, varcollid: 0, varlevelsup: 0, varnosyn: 2, varattnosyn: 8, location: -1}
                                  },
                                  8 = TargetEntry {resno: 9, resname: 0x0, ressortgroupref: 0, resorigtbl: 0, resorigcol: 0, resjunk: false} = {
                                    expr = Var {varno: 2, varattno: 9, vartype: 1043, vartypmod: 27, varcollid: 100, varlevelsup: 0, varnosyn: 2, varattnosyn: 9, location: -1}
                                  }
                                },
                                plan.qual = List with 1 elements = {
                                  0 = OpExpr {opno: 98, opfuncid: 67, opresulttype: 16, opretset: false, opcollid: 0, inputcollid: 100, location: 757} = {
                                    args = List with 2 elements = {
                                      0 = RelabelType {resulttype: 25, resulttypmod: -1, resultcollid: 100, relabelformat: COERCE_IMPLICIT_CAST, location: -1} = {
                                        arg = Var {varno: 2, varattno: 5, vartype: 1043, vartypmod: 29, varcollid: 100, varlevelsup: 0, varnosyn: 2, varattnosyn: 5, location: 750}
                                      },
                                      1 = Const {consttype: 25, consttypmod: -1, constcollid: 100, constlen: -1, constvalue: 94501922418928, constisnull: false, constbyval: false, location: 759}
                                    }
                                  }
                                }
                              },
                              join.joinqual = List with 1 elements = {
                                0 = OpExpr {opno: 96, opfuncid: 65, opresulttype: 16, opretset: false, opcollid: 0, inputcollid: 0, location: -1} = {
                                  args = List with 2 elements = {
                                    0 = Var {varno: 65001, varattno: 3, vartype: 23, vartypmod: -1, varcollid: 0, varlevelsup: 0, varnosyn: 4, varattnosyn: 2, location: 416},
                                    1 = Var {varno: 65000, varattno: 1, vartype: 23, vartypmod: -1, varcollid: 0, varlevelsup: 0, varnosyn: 2, varattnosyn: 1, location: 404}
                                  }
                                }
                              }
                            },
                            reduce = SubscriptingRef {refcontainertype: 1028, refelemtype: 26, reftypmod: -1, refcollid: 0} = {
                              refupperindexpr = List with 1 elements = {
                                0 = CoalesceExpr {coalescetype: 23, coalescecollid: 0, location: -1} = {
                                  args = List with 2 elements = {
                                    0 = FuncExpr {funcid: 9125, funcresulttype: 23, funcretset: false, funcvariadic: false, funcformat: COERCE_EXPLICIT_CALL, funccollid: 0, inputcollid: 0, location: -1} = {
                                      args = List with 2 elements = {
                                        0 = Const {consttype: 23, consttypmod: -1, constcollid: 0, constlen: 4, constvalue: 3, constisnull: false, constbyval: true, location: -1},
                                        1 = FuncExpr {funcid: 450, funcresulttype: 23, funcretset: false, funcvariadic: false, funcformat: COERCE_EXPLICIT_CALL, funccollid: 0, inputcollid: 100, location: -1} = {...}
                                      }
                                    },
                                    1 = Const {consttype: 23, consttypmod: -1, constcollid: 0, constlen: 4, constvalue: 0, constisnull: false, constbyval: true, location: -1}
                                  }
                                }
                              },
                              refexpr = Const {consttype: 1028, consttypmod: -1, constcollid: 0, constlen: -1, constvalue: 94501927840080, constisnull: false, constbyval: false, location: -1}
                            },
                            reduce_oids = OidList with 3 elements = {16386, 16387, 16388}
                          },
                          join.plan.righttree = Scan (cost=0.00..11.50 rows=50 width=8 plan_id=21 parallel_aware=False parallel_safe = True) scanrelid: 3 = {
                            plan.targetlist = List with 7 elements = {
                              0 = TargetEntry {resno: 1, resname: 0x0, ressortgroupref: 0, resorigtbl: 0, resorigcol: 0, resjunk: false} = {
                                expr = Var {varno: 3, varattno: 1, vartype: 23, vartypmod: -1, varcollid: 0, varlevelsup: 0, varnosyn: 3, varattnosyn: 1, location: -1}
                              },
                              1 = TargetEntry {resno: 2, resname: 0x0, ressortgroupref: 0, resorigtbl: 0, resorigcol: 0, resjunk: false} = {
                                expr = Var {varno: 3, varattno: 2, vartype: 1042, vartypmod: 29, varcollid: 100, varlevelsup: 0, varnosyn: 3, varattnosyn: 2, location: -1}
                              },
                              2 = TargetEntry {resno: 3, resname: 0x0, ressortgroupref: 0, resorigtbl: 0, resorigcol: 0, resjunk: false} = {
                                expr = Var {varno: 3, varattno: 3, vartype: 1043, vartypmod: 44, varcollid: 100, varlevelsup: 0, varnosyn: 3, varattnosyn: 3, location: -1}
                              },
                              3 = TargetEntry {resno: 4, resname: 0x0, ressortgroupref: 0, resorigtbl: 0, resorigcol: 0, resjunk: false} = {
                                expr = Var {varno: 3, varattno: 4, vartype: 23, vartypmod: -1, varcollid: 0, varlevelsup: 0, varnosyn: 3, varattnosyn: 4, location: -1}
                              },
                              4 = TargetEntry {resno: 5, resname: 0x0, ressortgroupref: 0, resorigtbl: 0, resorigcol: 0, resjunk: false} = {
                                expr = Var {varno: 3, varattno: 5, vartype: 1042, vartypmod: 19, varcollid: 100, varlevelsup: 0, varnosyn: 3, varattnosyn: 5, location: -1}
                              },
                              5 = TargetEntry {resno: 6, resname: 0x0, ressortgroupref: 0, resorigtbl: 0, resorigcol: 0, resjunk: false} = {
                                expr = Var {varno: 3, varattno: 6, vartype: 1700, vartypmod: 983046, varcollid: 0, varlevelsup: 0, varnosyn: 3, varattnosyn: 6, location: -1}
                              },
                              6 = TargetEntry {resno: 7, resname: 0x0, ressortgroupref: 0, resorigtbl: 0, resorigcol: 0, resjunk: false} = {
                                expr = Var {varno: 3, varattno: 7, vartype: 1043, vartypmod: 105, varcollid: 100, varlevelsup: 0, varnosyn: 3, varattnosyn: 7, location: -1}
                              }
                            }
                          },
                          join.joinqual = List with 1 elements = {
                            0 = OpExpr {opno: 96, opfuncid: 65, opresulttype: 16, opretset: false, opcollid: 0, inputcollid: 0, location: -1} = {
                              args = List with 2 elements = {
                                0 = Var {varno: 65001, varattno: 3, vartype: 23, vartypmod: -1, varcollid: 0, varlevelsup: 0, varnosyn: 4, varattnosyn: 3, location: 448},
                                1 = Var {varno: 65000, varattno: 1, vartype: 23, vartypmod: -1, varcollid: 0, varlevelsup: 0, varnosyn: 3, varattnosyn: 1, location: 436}
                              }
                            }
                          }
                        },
                        reduce = SubscriptingRef {refcontainertype: 1028, refelemtype: 26, reftypmod: -1, refcollid: 0} = {
                          refupperindexpr = List with 1 elements = {
                            0 = CoalesceExpr {coalescetype: 23, coalescecollid: 0, location: -1} = {
                              args = List with 2 elements = {
                                0 = FuncExpr {funcid: 9125, funcresulttype: 23, funcretset: false, funcvariadic: false, funcformat: COERCE_EXPLICIT_CALL, funccollid: 0, inputcollid: 0, location: -1} = {
                                  args = List with 2 elements = {
                                    0 = Const {consttype: 23, consttypmod: -1, constcollid: 0, constlen: 4, constvalue: 3, constisnull: false, constbyval: true, location: -1},
                                    1 = FuncExpr {funcid: 450, funcresulttype: 23, funcretset: false, funcvariadic: false, funcformat: COERCE_EXPLICIT_CALL, funccollid: 0, inputcollid: 100, location: -1} = {
                                      args = List with 1 elements = {
                                        0 = Var {varno: 65001, varattno: 5, vartype: 23, vartypmod: -1, varcollid: 0, varlevelsup: 0, varnosyn: 5, varattnosyn: 2, location: 502}
                                      }
                                    }
                                  }
                                },
                                1 = Const {consttype: 23, consttypmod: -1, constcollid: 0, constlen: 4, constvalue: 0, constisnull: false, constbyval: true, location: -1}
                              }
                            }
                          },
                          refexpr = Const {consttype: 1028, consttypmod: -1, constcollid: 0, constlen: -1, constvalue: 94501927843056, constisnull: false, constbyval: false, location: -1}
                        },
                        reduce_oids = OidList with 3 elements = {16386, 16387, 16388}
                      },
                      join.plan.righttree = Scan (cost=0.00..11.40 rows=47 width=8 plan_id=22 parallel_aware=False parallel_safe = True) scanrelid: 6 = {
                        plan.targetlist = List with 8 elements = {
                          0 = TargetEntry {resno: 1, resname: 0x0, ressortgroupref: 0, resorigtbl: 0, resorigcol: 0, resjunk: false} = {
                            expr = Var {varno: 6, varattno: 1, vartype: 23, vartypmod: -1, varcollid: 0, varlevelsup: 0, varnosyn: 6, varattnosyn: 1, location: -1}
                          },
                          1 = TargetEntry {resno: 2, resname: 0x0, ressortgroupref: 0, resorigtbl: 0, resorigcol: 0, resjunk: false} = {
                            expr = Var {varno: 6, varattno: 2, vartype: 1043, vartypmod: 29, varcollid: 100, varlevelsup: 0, varnosyn: 6, varattnosyn: 2, location: -1}
                          },
                          2 = TargetEntry {resno: 3, resname: 0x0, ressortgroupref: 0, resorigtbl: 0, resorigcol: 0, resjunk: false} = {
                            expr = Var {varno: 6, varattno: 3, vartype: 1043, vartypmod: 44, varcollid: 100, varlevelsup: 0, varnosyn: 6, varattnosyn: 3, location: -1}
                          },
                          3 = TargetEntry {resno: 4, resname: 0x0, ressortgroupref: 0, resorigtbl: 0, resorigcol: 0, resjunk: false} = {
                            expr = Var {varno: 6, varattno: 4, vartype: 23, vartypmod: -1, varcollid: 0, varlevelsup: 0, varnosyn: 6, varattnosyn: 4, location: -1}
                          },
                          4 = TargetEntry {resno: 5, resname: 0x0, ressortgroupref: 0, resorigtbl: 0, resorigcol: 0, resjunk: false} = {
                            expr = Var {varno: 6, varattno: 5, vartype: 1042, vartypmod: 19, varcollid: 100, varlevelsup: 0, varnosyn: 6, varattnosyn: 5, location: -1}
                          },
                          5 = TargetEntry {resno: 6, resname: 0x0, ressortgroupref: 0, resorigtbl: 0, resorigcol: 0, resjunk: false} = {
                            expr = Var {varno: 6, varattno: 6, vartype: 1700, vartypmod: 983046, varcollid: 0, varlevelsup: 0, varnosyn: 6, varattnosyn: 6, location: -1}
                          },
                          6 = TargetEntry {resno: 7, resname: 0x0, ressortgroupref: 0, resorigtbl: 0, resorigcol: 0, resjunk: false} = {
                            expr = Var {varno: 6, varattno: 7, vartype: 1042, vartypmod: 14, varcollid: 100, varlevelsup: 0, varnosyn: 6, varattnosyn: 7, location: -1}
                          },
                          7 = TargetEntry {resno: 8, resname: 0x0, ressortgroupref: 0, resorigtbl: 0, resorigcol: 0, resjunk: false} = {
                            expr = Var {varno: 6, varattno: 8, vartype: 1043, vartypmod: 121, varcollid: 100, varlevelsup: 0, varnosyn: 6, varattnosyn: 8, location: -1}
                          }
                        }
                      },
                      join.joinqual = List with 1 elements = {
                        0 = OpExpr {opno: 96, opfuncid: 65, opresulttype: 16, opretset: false, opcollid: 0, inputcollid: 0, location: -1} = {
                          args = List with 2 elements = {
                            0 = Var {varno: 65001, varattno: 5, vartype: 23, vartypmod: -1, varcollid: 0, varlevelsup: 0, varnosyn: 5, varattnosyn: 2, location: 502},
                            1 = Var {varno: 65000, varattno: 1, vartype: 23, vartypmod: -1, varcollid: 0, varlevelsup: 0, varnosyn: 6, varattnosyn: 1, location: 514}
                          }
                        }
                      }
                    },
                    reduce = SubscriptingRef {refcontainertype: 1028, refelemtype: 26, reftypmod: -1, refcollid: 0} = {
                      refupperindexpr = List with 1 elements = {
                        0 = CoalesceExpr {coalescetype: 23, coalescecollid: 0, location: -1} = {
                          args = List with 2 elements = {
                            0 = FuncExpr {funcid: 9125, funcresulttype: 23, funcretset: false, funcvariadic: false, funcformat: COERCE_EXPLICIT_CALL, funccollid: 0, inputcollid: 0, location: -1} = {
                              args = List with 2 elements = {
                                0 = Const {consttype: 23, consttypmod: -1, constcollid: 0, constlen: 4, constvalue: 3, constisnull: false, constbyval: true, location: -1},
                                1 = FuncExpr {funcid: 450, funcresulttype: 23, funcretset: false, funcvariadic: false, funcformat: COERCE_EXPLICIT_CALL, funccollid: 0, inputcollid: 100, location: -1} = {
                                  args = List with 1 elements = {
                                    0 = Var {varno: 65001, varattno: 5, vartype: 23, vartypmod: -1, varcollid: 0, varlevelsup: 0, varnosyn: 6, varattnosyn: 4, location: 534}
                                  }
                                }
                              }
                            },
                            1 = Const {consttype: 23, consttypmod: -1, constcollid: 0, constlen: 4, constvalue: 0, constisnull: false, constbyval: true, location: -1}
                          }
                        }
                      },
                      refexpr = Const {consttype: 1028, consttypmod: -1, constcollid: 0, constlen: -1, constvalue: 94501927846208, constisnull: false, constbyval: false, location: -1}
                    },
                    reduce_oids = OidList with 3 elements = {16386, 16387, 16388}
                  },
                  join.plan.righttree = Scan (cost=0.00..11.70 rows=57 width=8 plan_id=23 parallel_aware=False parallel_safe = True) scanrelid: 7 = {
                    plan.targetlist = List with 4 elements = {
                      0 = TargetEntry {resno: 1, resname: 0x0, ressortgroupref: 0, resorigtbl: 0, resorigcol: 0, resjunk: false} = {
                        expr = Var {varno: 7, varattno: 1, vartype: 23, vartypmod: -1, varcollid: 0, varlevelsup: 0, varnosyn: 7, varattnosyn: 1, location: -1}
                      },
                      1 = TargetEntry {resno: 2, resname: 0x0, ressortgroupref: 0, resorigtbl: 0, resorigcol: 0, resjunk: false} = {
                        expr = Var {varno: 7, varattno: 2, vartype: 1042, vartypmod: 29, varcollid: 100, varlevelsup: 0, varnosyn: 7, varattnosyn: 2, location: -1}
                      },
                      2 = TargetEntry {resno: 3, resname: 0x0, ressortgroupref: 0, resorigtbl: 0, resorigcol: 0, resjunk: false} = {
                        expr = Var {varno: 7, varattno: 3, vartype: 23, vartypmod: -1, varcollid: 0, varlevelsup: 0, varnosyn: 7, varattnosyn: 3, location: -1}
                      },
                      3 = TargetEntry {resno: 4, resname: 0x0, ressortgroupref: 0, resorigtbl: 0, resorigcol: 0, resjunk: false} = {
                        expr = Var {varno: 7, varattno: 4, vartype: 1043, vartypmod: 156, varcollid: 100, varlevelsup: 0, varnosyn: 7, varattnosyn: 4, location: -1}
                      }
                    }
                  },
                  join.joinqual = List with 1 elements = {
                    0 = OpExpr {opno: 96, opfuncid: 65, opresulttype: 16, opretset: false, opcollid: 0, inputcollid: 0, location: -1} = {
                      args = List with 2 elements = {
                        0 = Var {varno: 65001, varattno: 5, vartype: 23, vartypmod: -1, varcollid: 0, varlevelsup: 0, varnosyn: 6, varattnosyn: 4, location: 534},
                        1 = Var {varno: 65000, varattno: 1, vartype: 23, vartypmod: -1, varcollid: 0, varlevelsup: 0, varnosyn: 7, varattnosyn: 1, location: 548}
                      }
                    }
                  }
                },
                reduce = SubscriptingRef {refcontainertype: 1028, refelemtype: 26, reftypmod: -1, refcollid: 0} = {
                  refupperindexpr = List with 1 elements = {
                    0 = CoalesceExpr {coalescetype: 23, coalescecollid: 0, location: -1} = {
                      args = List with 2 elements = {
                        0 = FuncExpr {funcid: 9125, funcresulttype: 23, funcretset: false, funcvariadic: false, funcformat: COERCE_EXPLICIT_CALL, funccollid: 0, inputcollid: 0, location: -1} = {
                          args = List with 2 elements = {
                            0 = Const {consttype: 23, consttypmod: -1, constcollid: 0, constlen: 4, constvalue: 3, constisnull: false, constbyval: true, location: -1},
                            1 = FuncExpr {funcid: 450, funcresulttype: 23, funcretset: false, funcvariadic: false, funcformat: COERCE_EXPLICIT_CALL, funccollid: 0, inputcollid: 100, location: -1} = {
                              args = List with 1 elements = {
                                0 = Var {varno: 65001, varattno: 3, vartype: 23, vartypmod: -1, varcollid: 0, varlevelsup: 0, varnosyn: 3, varattnosyn: 4, location: 641}
                              }
                            }
                          }
                        },
                        1 = Const {consttype: 23, consttypmod: -1, constcollid: 0, constlen: 4, constvalue: 0, constisnull: false, constbyval: true, location: -1}
                      }
                    }
                  },
                  refexpr = Const {consttype: 1028, consttypmod: -1, constcollid: 0, constlen: -1, constvalue: 94501927848504, constisnull: false, constbyval: false, location: -1}
                },
                reduce_oids = OidList with 3 elements = {16386, 16387, 16388}
              },
              join.plan.righttree = Scan (cost=0.00..11.70 rows=57 width=108 plan_id=24 parallel_aware=False parallel_safe = True) scanrelid: 8 = {
                plan.targetlist = List with 4 elements = {
                  0 = TargetEntry {resno: 1, resname: 0x0, ressortgroupref: 0, resorigtbl: 0, resorigcol: 0, resjunk: false} = {
                    expr = Var {varno: 8, varattno: 1, vartype: 23, vartypmod: -1, varcollid: 0, varlevelsup: 0, varnosyn: 8, varattnosyn: 1, location: -1}
                  },
                  1 = TargetEntry {resno: 2, resname: 0x0, ressortgroupref: 0, resorigtbl: 0, resorigcol: 0, resjunk: false} = {
                    expr = Var {varno: 8, varattno: 2, vartype: 1042, vartypmod: 29, varcollid: 100, varlevelsup: 0, varnosyn: 8, varattnosyn: 2, location: -1}
                  },
                  2 = TargetEntry {resno: 3, resname: 0x0, ressortgroupref: 0, resorigtbl: 0, resorigcol: 0, resjunk: false} = {
                    expr = Var {varno: 8, varattno: 3, vartype: 23, vartypmod: -1, varcollid: 0, varlevelsup: 0, varnosyn: 8, varattnosyn: 3, location: -1}
                  },
                  3 = TargetEntry {resno: 4, resname: 0x0, ressortgroupref: 0, resorigtbl: 0, resorigcol: 0, resjunk: false} = {
                    expr = Var {varno: 8, varattno: 4, vartype: 1043, vartypmod: 156, varcollid: 100, varlevelsup: 0, varnosyn: 8, varattnosyn: 4, location: -1}
                  }
                }
              },
              join.joinqual = List with 1 elements = {
                0 = OpExpr {opno: 96, opfuncid: 65, opresulttype: 16, opretset: false, opcollid: 0, inputcollid: 0, location: -1} = {
                  args = List with 2 elements = {
                    0 = Var {varno: 65001, varattno: 3, vartype: 23, vartypmod: -1, varcollid: 0, varlevelsup: 0, varnosyn: 3, varattnosyn: 4, location: 641},
                    1 = Var {varno: 65000, varattno: 1, vartype: 23, vartypmod: -1, varcollid: 0, varlevelsup: 0, varnosyn: 8, varattnosyn: 1, location: 655}
                  }
                }
              }
            },
            reduce = SubscriptingRef {refcontainertype: 1028, refelemtype: 26, reftypmod: -1, refcollid: 0} = {
              refupperindexpr = List with 1 elements = {
                0 = CoalesceExpr {coalescetype: 23, coalescecollid: 0, location: -1} = {
                  args = List with 2 elements = {
                    0 = FuncExpr {funcid: 9125, funcresulttype: 23, funcretset: false, funcvariadic: false, funcformat: COERCE_EXPLICIT_CALL, funccollid: 0, inputcollid: 0, location: -1} = {
                      args = List with 2 elements = {
                        0 = Const {consttype: 23, consttypmod: -1, constcollid: 0, constlen: 4, constvalue: 3, constisnull: false, constbyval: true, location: -1},
                        1 = FuncExpr {funcid: 450, funcresulttype: 23, funcretset: false, funcvariadic: false, funcformat: COERCE_EXPLICIT_CALL, funccollid: 0, inputcollid: 100, location: -1} = {
                          args = List with 1 elements = {
                            0 = Var {varno: 65001, varattno: 4, vartype: 23, vartypmod: -1, varcollid: 0, varlevelsup: 0, varnosyn: 7, varattnosyn: 3, location: 573}
                          }
                        }
                      }
                    },
                    1 = Const {consttype: 23, consttypmod: -1, constcollid: 0, constlen: 4, constvalue: 0, constisnull: false, constbyval: true, location: -1}
                  }
                }
              },
              refexpr = Const {consttype: 1028, consttypmod: -1, constcollid: 0, constlen: -1, constvalue: 94501927850800, constisnull: false, constbyval: false, location: -1}
            },
            reduce_oids = OidList with 3 elements = {16386, 16387, 16388}
          },
          join.plan.righttree = Scan (cost=0.00..12.12 rows=1 width=4 plan_id=25 parallel_aware=False parallel_safe = True) scanrelid: 9 = {
            plan.targetlist = List with 3 elements = {
              0 = TargetEntry {resno: 1, resname: 0x0, ressortgroupref: 0, resorigtbl: 0, resorigcol: 0, resjunk: false} = {
                expr = Var {varno: 9, varattno: 1, vartype: 23, vartypmod: -1, varcollid: 0, varlevelsup: 0, varnosyn: 9, varattnosyn: 1, location: -1}
              },
              1 = TargetEntry {resno: 2, resname: 0x0, ressortgroupref: 0, resorigtbl: 0, resorigcol: 0, resjunk: false} = {
                expr = Var {varno: 9, varattno: 2, vartype: 1042, vartypmod: 29, varcollid: 100, varlevelsup: 0, varnosyn: 9, varattnosyn: 2, location: -1}
              },
              2 = TargetEntry {resno: 3, resname: 0x0, ressortgroupref: 0, resorigtbl: 0, resorigcol: 0, resjunk: false} = {
                expr = Var {varno: 9, varattno: 3, vartype: 1043, vartypmod: 156, varcollid: 100, varlevelsup: 0, varnosyn: 9, varattnosyn: 3, location: -1}
              }
            },
            plan.qual = List with 1 elements = {
              0 = OpExpr {opno: 1054, opfuncid: 1048, opresulttype: 16, opretset: false, opcollid: 0, inputcollid: 100, location: 619} = {
                args = List with 2 elements = {
                  0 = Var {varno: 9, varattno: 2, vartype: 1042, vartypmod: 29, varcollid: 100, varlevelsup: 0, varnosyn: 9, varattnosyn: 2, location: 612},
                  1 = Const {consttype: 1042, consttypmod: -1, constcollid: 100, constlen: -1, constvalue: 94501922417248, constisnull: false, constbyval: false, location: 621}
                }
              }
            }
          },
          join.joinqual = List with 1 elements = {
            0 = OpExpr {opno: 96, opfuncid: 65, opresulttype: 16, opretset: false, opcollid: 0, inputcollid: 0, location: -1} = {
              args = List with 2 elements = {
                0 = Var {varno: 65001, varattno: 4, vartype: 23, vartypmod: -1, varcollid: 0, varlevelsup: 0, varnosyn: 7, varattnosyn: 3, location: 573},
                1 = Var {varno: 65000, varattno: 1, vartype: 23, vartypmod: -1, varcollid: 0, varlevelsup: 0, varnosyn: 9, varattnosyn: 1, location: 590}
              }
            }
          }
        }
      }
    },
    rnodes = OidList with 3 elements = {16386, 16387, 16388}
  }
}

Breakpoint 1, standard_planner (parse=0x55f2f1815e88, query_string=0x55f2f1676670 "select\n  nation,\n  o_year,\n  sum(amount) as sum_profit\nfrom\n  (\n    select\n      n_name as nation,\n      extract(year from o_orderdate) as o_year,\n      l_extendedprice * (1 - l_discount) - ps_supplyc"..., cursorOptions=33024, boundParams=0x0) at /workspaces/AntDB/src/backend/optimizer/plan/planner.c:661
661		top_plan = create_plan(root, best_path);
$25 = Query {commandType: CMD_SELECT, querySource: QSRC_ORIGINAL, queryId: 0, canSetTag: true, resultRelation: 0, hasAggs: true, hasWindowFuncs: false, hasTargetSRFs: false, hasSubLinks: false, hasDistinctOn: false, hasRecursive: false, hasModifyingCTE: false, hasForUpdate: false, hasRowSecurity: false, override: OVERRIDING_NOT_SET, limitOption: LIMIT_OPTION_COUNT, stmt_location: 0, stmt_len: 635, is_local: false, has_to_save_cmd_id: false, in_sub_plan: false, in_explain: false} = {
  rtable = List with 7 elements = {
    0 = RangeTblEntry {rtekind: RTE_SUBQUERY, relname: 0x0, relid: 0, relkind: 0 '\000', rellockmode: 0, security_barrier: false, jointype: JOIN_INNER, joinmergedcols: 0, funcordinality: false, ctename: 0x0, ctelevelsup: 0, self_reference: false, enrname: 0x0, enrtuples: 0, param_new: -1, param_old: -1, mt_result: 0x0, defaultCols: 0x0, rows: 0, lateral: false, inh: false, inFromCl: true, requiredPerms: 0, checkAsUser: 0, selectedCols: 0x0, insertedCols: 0x0, updatedCols: 0x0, extraUpdatedCols: 0x0} = {
      subquery = Query {commandType: CMD_SELECT, querySource: QSRC_ORIGINAL, queryId: 0, canSetTag: true, resultRelation: 0, hasAggs: false, hasWindowFuncs: false, hasTargetSRFs: false, hasSubLinks: false, hasDistinctOn: false, hasRecursive: false, hasModifyingCTE: false, hasForUpdate: false, hasRowSecurity: false, override: OVERRIDING_NOT_SET, limitOption: LIMIT_OPTION_COUNT, stmt_location: 0, stmt_len: 0, is_local: false, has_to_save_cmd_id: false, in_sub_plan: false, in_explain: false} = {
        rtable = List with 6 elements = {
          0 = RangeTblEntry {rtekind: RTE_RELATION, relname: 'part', relid: 270663, relkind: 114 'r', rellockmode: 1, security_barrier: false, jointype: JOIN_INNER, joinmergedcols: 0, funcordinality: false, ctename: 0x0, ctelevelsup: 0, self_reference: false, enrname: 0x0, enrtuples: 0, param_new: -1, param_old: -1, mt_result: 0x0, defaultCols: 0x0, rows: 0, lateral: false, inh: true, inFromCl: true, requiredPerms: 2, checkAsUser: 0, selectedCols: (b 11 12), insertedCols: 0x0, updatedCols: 0x0, extraUpdatedCols: 0x0} = {
            eref = Alias aliasname: 'part' = {
              colnames = List with 9 elements = {
                0 = String[ 'p_partkey' ],
                1 = String[ 'p_name' ],
                2 = String[ 'p_mfgr' ],
                3 = String[ 'p_brand' ],
                4 = String[ 'p_type' ],
                5 = String[ 'p_size' ],
                6 = String[ 'p_container' ],
                7 = String[ 'p_retailprice' ],
                8 = String[ 'p_comment' ]
              }
            }
          },
          1 = RangeTblEntry {rtekind: RTE_RELATION, relname: 'supplier', relid: 270666, relkind: 114 'r', rellockmode: 1, security_barrier: false, jointype: JOIN_INNER, joinmergedcols: 0, funcordinality: false, ctename: 0x0, ctelevelsup: 0, self_reference: false, enrname: 0x0, enrtuples: 0, param_new: -1, param_old: -1, mt_result: 0x0, defaultCols: 0x0, rows: 0, lateral: false, inh: true, inFromCl: true, requiredPerms: 2, checkAsUser: 0, selectedCols: (b 11 14), insertedCols: 0x0, updatedCols: 0x0, extraUpdatedCols: 0x0} = {
            eref = Alias aliasname: 'supplier' = {
              colnames = List with 7 elements = {
                0 = String[ 's_suppkey' ],
                1 = String[ 's_name' ],
                2 = String[ 's_address' ],
                3 = String[ 's_nationkey' ],
                4 = String[ 's_phone' ],
                5 = String[ 's_acctbal' ],
                6 = String[ 's_comment' ]
              }
            }
          },
          2 = RangeTblEntry {rtekind: RTE_RELATION, relname: 'lineitem', relid: 270678, relkind: 114 'r', rellockmode: 1, security_barrier: false, jointype: JOIN_INNER, joinmergedcols: 0, funcordinality: false, ctename: 0x0, ctelevelsup: 0, self_reference: false, enrname: 0x0, enrtuples: 0, param_new: -1, param_old: -1, mt_result: 0x0, defaultCols: 0x0, rows: 0, lateral: false, inh: true, inFromCl: true, requiredPerms: 2, checkAsUser: 0, selectedCols: (b 11 12 13 15 16 17), insertedCols: 0x0, updatedCols: 0x0, extraUpdatedCols: 0x0} = {
            eref = Alias aliasname: 'lineitem' = {
              colnames = List with 16 elements = {
                0 = String[ 'l_orderkey' ],
                1 = String[ 'l_partkey' ],
                2 = String[ 'l_suppkey' ],
                3 = String[ 'l_linenumber' ],
                4 = String[ 'l_quantity' ],
                5 = String[ 'l_extendedprice' ],
                6 = String[ 'l_discount' ],
                7 = String[ 'l_tax' ],
                8 = String[ 'l_returnflag' ],
                9 = String[ 'l_linestatus' ],
                10 = String[ 'l_shipdate' ],
                11 = String[ 'l_commitdate' ],
                12 = String[ 'l_receiptdate' ],
                13 = String[ 'l_shipinstruct' ],
                14 = String[ 'l_shipmode' ],
                15 = String[ 'l_comment' ]
              }
            }
          },
          3 = RangeTblEntry {rtekind: RTE_RELATION, relname: 'partsupp', relid: 270669, relkind: 114 'r', rellockmode: 1, security_barrier: false, jointype: JOIN_INNER, joinmergedcols: 0, funcordinality: false, ctename: 0x0, ctelevelsup: 0, self_reference: false, enrname: 0x0, enrtuples: 0, param_new: -1, param_old: -1, mt_result: 0x0, defaultCols: 0x0, rows: 0, lateral: false, inh: true, inFromCl: true, requiredPerms: 2, checkAsUser: 0, selectedCols: (b 11 12 14), insertedCols: 0x0, updatedCols: 0x0, extraUpdatedCols: 0x0} = {
            eref = Alias aliasname: 'partsupp' = {
              colnames = List with 5 elements = {
                0 = String[ 'ps_partkey' ],
                1 = String[ 'ps_suppkey' ],
                2 = String[ 'ps_availqty' ],
                3 = String[ 'ps_supplycost' ],
                4 = String[ 'ps_comment' ]
              }
            }
          },
          4 = RangeTblEntry {rtekind: RTE_RELATION, relname: 'orders', relid: 270675, relkind: 114 'r', rellockmode: 1, security_barrier: false, jointype: JOIN_INNER, joinmergedcols: 0, funcordinality: false, ctename: 0x0, ctelevelsup: 0, self_reference: false, enrname: 0x0, enrtuples: 0, param_new: -1, param_old: -1, mt_result: 0x0, defaultCols: 0x0, rows: 0, lateral: false, inh: true, inFromCl: true, requiredPerms: 2, checkAsUser: 0, selectedCols: (b 11 15), insertedCols: 0x0, updatedCols: 0x0, extraUpdatedCols: 0x0} = {
            eref = Alias aliasname: 'orders' = {
              colnames = List with 9 elements = {
                0 = String[ 'o_orderkey' ],
                1 = String[ 'o_custkey' ],
                2 = String[ 'o_orderstatus' ],
                3 = String[ 'o_totalprice' ],
                4 = String[ 'o_orderdate' ],
                5 = String[ 'o_orderpriority' ],
                6 = String[ 'o_clerk' ],
                7 = String[ 'o_shippriority' ],
                8 = String[ 'o_comment' ]
              }
            }
          },
          5 = RangeTblEntry {rtekind: RTE_RELATION, relname: 'nation', relid: 270657, relkind: 114 'r', rellockmode: 1, security_barrier: false, jointype: JOIN_INNER, joinmergedcols: 0, funcordinality: false, ctename: 0x0, ctelevelsup: 0, self_reference: false, enrname: 0x0, enrtuples: 0, param_new: -1, param_old: -1, mt_result: 0x0, defaultCols: 0x0, rows: 0, lateral: false, inh: true, inFromCl: true, requiredPerms: 2, checkAsUser: 0, selectedCols: (b 11 12), insertedCols: 0x0, updatedCols: 0x0, extraUpdatedCols: 0x0} = {
            eref = Alias aliasname: 'nation' = {
              colnames = List with 4 elements = {
                0 = String[ 'n_nationkey' ],
                1 = String[ 'n_name' ],
                2 = String[ 'n_regionkey' ],
                3 = String[ 'n_comment' ]
              }
            }
          }
        },
        jointree = FromExpr  = {
          fromlist = List with 6 elements = {
            0 = RangeTblRef rtindex: 1,
            1 = RangeTblRef rtindex: 2,
            2 = RangeTblRef rtindex: 3,
            3 = RangeTblRef rtindex: 4,
            4 = RangeTblRef rtindex: 5,
            5 = RangeTblRef rtindex: 6
          },
          quals = BoolExpr {boolop: AND_EXPR, location: 367} = {
            args = List with 7 elements = {
              0 = OpExpr {opno: 96, opfuncid: 65, opresulttype: 16, opretset: false, opcollid: 0, inputcollid: 0, location: 349} = {
                args = List with 2 elements = {
                  0 = Var {varno: 2, varattno: 1, vartype: 23, vartypmod: -1, varcollid: 0, varlevelsup: 0, varnosyn: 2, varattnosyn: 1, location: 339},
                  1 = Var {varno: 3, varattno: 3, vartype: 23, vartypmod: -1, varcollid: 0, varlevelsup: 0, varnosyn: 3, varattnosyn: 3, location: 351}
                }
              },
              1 = OpExpr {opno: 96, opfuncid: 65, opresulttype: 16, opretset: false, opcollid: 0, inputcollid: 0, location: 382} = {
                args = List with 2 elements = {
                  0 = Var {varno: 4, varattno: 2, vartype: 23, vartypmod: -1, varcollid: 0, varlevelsup: 0, varnosyn: 4, varattnosyn: 2, location: 371},
                  1 = Var {varno: 3, varattno: 3, vartype: 23, vartypmod: -1, varcollid: 0, varlevelsup: 0, varnosyn: 3, varattnosyn: 3, location: 384}
                }
              },
              2 = OpExpr {opno: 96, opfuncid: 65, opresulttype: 16, opretset: false, opcollid: 0, inputcollid: 0, location: 415} = {
                args = List with 2 elements = {
                  0 = Var {varno: 4, varattno: 1, vartype: 23, vartypmod: -1, varcollid: 0, varlevelsup: 0, varnosyn: 4, varattnosyn: 1, location: 404},
                  1 = Var {varno: 3, varattno: 2, vartype: 23, vartypmod: -1, varcollid: 0, varlevelsup: 0, varnosyn: 3, varattnosyn: 2, location: 417}
                }
              },
              3 = OpExpr {opno: 96, opfuncid: 65, opresulttype: 16, opretset: false, opcollid: 0, inputcollid: 0, location: 447} = {
                args = List with 2 elements = {
                  0 = Var {varno: 1, varattno: 1, vartype: 23, vartypmod: -1, varcollid: 0, varlevelsup: 0, varnosyn: 1, varattnosyn: 1, location: 437},
                  1 = Var {varno: 3, varattno: 2, vartype: 23, vartypmod: -1, varcollid: 0, varlevelsup: 0, varnosyn: 3, varattnosyn: 2, location: 449}
                }
              },
              4 = OpExpr {opno: 96, opfuncid: 65, opresulttype: 16, opretset: false, opcollid: 0, inputcollid: 0, location: 480} = {
                args = List with 2 elements = {
                  0 = Var {varno: 5, varattno: 1, vartype: 23, vartypmod: -1, varcollid: 0, varlevelsup: 0, varnosyn: 5, varattnosyn: 1, location: 469},
                  1 = Var {varno: 3, varattno: 1, vartype: 23, vartypmod: -1, varcollid: 0, varlevelsup: 0, varnosyn: 3, varattnosyn: 1, location: 482}
                }
              },
              5 = OpExpr {opno: 96, opfuncid: 65, opresulttype: 16, opretset: false, opcollid: 0, inputcollid: 0, location: 515} = {
                args = List with 2 elements = {
                  0 = Var {varno: 2, varattno: 4, vartype: 23, vartypmod: -1, varcollid: 0, varlevelsup: 0, varnosyn: 2, varattnosyn: 4, location: 503},
                  1 = Var {varno: 6, varattno: 1, vartype: 23, vartypmod: -1, varcollid: 0, varlevelsup: 0, varnosyn: 6, varattnosyn: 1, location: 517}
                }
              },
              6 = OpExpr {opno: 1209, opfuncid: 850, opresulttype: 16, opretset: false, opcollid: 0, inputcollid: 100, location: 546} = {
                args = List with 2 elements = {
                  0 = RelabelType {resulttype: 25, resulttypmod: -1, resultcollid: 100, relabelformat: COERCE_IMPLICIT_CAST, location: -1} = {
                    arg = Var {varno: 1, varattno: 2, vartype: 1043, vartypmod: 59, varcollid: 100, varlevelsup: 0, varnosyn: 1, varattnosyn: 2, location: 539}
                  },
                  1 = Const {consttype: 25, consttypmod: -1, constcollid: 100, constlen: -1, constvalue: 94501921725088, constisnull: false, constbyval: false, location: 551}
                }
              }
            }
          }
        },
        targetList = List with 3 elements = {
          0 = TargetEntry {resno: 1, resname: 'nation', ressortgroupref: 0, resorigtbl: 270657, resorigcol: 2, resjunk: false} = {
            expr = Var {varno: 6, varattno: 2, vartype: 1042, vartypmod: 29, varcollid: 100, varlevelsup: 0, varnosyn: 6, varattnosyn: 2, location: 81}
          },
          1 = TargetEntry {resno: 2, resname: 'o_year', ressortgroupref: 0, resorigtbl: 0, resorigcol: 0, resjunk: false} = {
            expr = FuncExpr {funcid: 1384, funcresulttype: 701, funcretset: false, funcvariadic: false, funcformat: COERCE_EXPLICIT_CALL, funccollid: 0, inputcollid: 100, location: 105} = {
              args = List with 2 elements = {
                0 = Const {consttype: 25, consttypmod: -1, constcollid: 100, constlen: -1, constvalue: 94501922248320, constisnull: false, constbyval: false, location: 113},
                1 = Var {varno: 5, varattno: 5, vartype: 1082, vartypmod: -1, varcollid: 0, varlevelsup: 0, varnosyn: 5, varattnosyn: 5, location: 123}
              }
            }
          },
          2 = TargetEntry {resno: 3, resname: 'amount', ressortgroupref: 0, resorigtbl: 0, resorigcol: 0, resjunk: false} = {
            expr = OpExpr {opno: 1759, opfuncid: 1725, opresulttype: 1700, opretset: false, opcollid: 0, inputcollid: 0, location: 188} = {
              args = List with 2 elements = {
                0 = OpExpr {opno: 1760, opfuncid: 1726, opresulttype: 1700, opretset: false, opcollid: 0, inputcollid: 0, location: 169} = {
                  args = List with 2 elements = {
                    0 = Var {varno: 3, varattno: 6, vartype: 1700, vartypmod: 983046, varcollid: 0, varlevelsup: 0, varnosyn: 3, varattnosyn: 6, location: 153},
                    1 = OpExpr {opno: 1759, opfuncid: 1725, opresulttype: 1700, opretset: false, opcollid: 0, inputcollid: 0, location: 174} = {
                      args = List with 2 elements = {
                        0 = FuncExpr {funcid: 1740, funcresulttype: 1700, funcretset: false, funcvariadic: false, funcformat: COERCE_IMPLICIT_CAST, funccollid: 0, inputcollid: 0, location: -1} = {
                          args = List with 1 elements = {
                            0 = Const {consttype: 23, consttypmod: -1, constcollid: 0, constlen: 4, constvalue: 1, constisnull: false, constbyval: true, location: 172}
                          }
                        },
                        1 = Var {varno: 3, varattno: 7, vartype: 1700, vartypmod: 983046, varcollid: 0, varlevelsup: 0, varnosyn: 3, varattnosyn: 7, location: 176}
                      }
                    }
                  }
                },
                1 = OpExpr {opno: 1760, opfuncid: 1726, opresulttype: 1700, opretset: false, opcollid: 0, inputcollid: 0, location: 204} = {
                  args = List with 2 elements = {
                    0 = Var {varno: 4, varattno: 4, vartype: 1700, vartypmod: 983046, varcollid: 0, varlevelsup: 0, varnosyn: 4, varattnosyn: 4, location: 190},
                    1 = Var {varno: 3, varattno: 5, vartype: 1700, vartypmod: 983046, varcollid: 0, varlevelsup: 0, varnosyn: 3, varattnosyn: 5, location: 206}
                  }
                }
              }
            }
          }
        }
      },
      alias = Alias aliasname: 'profit',
      eref = Alias aliasname: 'profit' = {
        colnames = List with 3 elements = {
          0 = String[ 'nation' ],
          1 = String[ 'o_year' ],
          2 = String[ 'amount' ]
        }
      }
    },
    1 = RangeTblEntry {rtekind: RTE_RELATION, relname: 'part', relid: 270663, relkind: 114 'r', rellockmode: 1, security_barrier: false, jointype: JOIN_INNER, joinmergedcols: 0, funcordinality: false, ctename: 0x0, ctelevelsup: 0, self_reference: false, enrname: 0x0, enrtuples: 0, param_new: -1, param_old: -1, mt_result: 0x0, defaultCols: 0x0, rows: 0, lateral: false, inh: false, inFromCl: true, requiredPerms: 2, checkAsUser: 0, selectedCols: (b 11 12), insertedCols: 0x0, updatedCols: 0x0, extraUpdatedCols: 0x0} = {
      eref = Alias aliasname: 'part' = {
        colnames = List with 9 elements = {
          0 = String[ 'p_partkey' ],
          1 = String[ 'p_name' ],
          2 = String[ 'p_mfgr' ],
          3 = String[ 'p_brand' ],
          4 = String[ 'p_type' ],
          5 = String[ 'p_size' ],
          6 = String[ 'p_container' ],
          7 = String[ 'p_retailprice' ],
          8 = String[ 'p_comment' ]
        }
      }
    },
    2 = RangeTblEntry {rtekind: RTE_RELATION, relname: 'supplier', relid: 270666, relkind: 114 'r', rellockmode: 1, security_barrier: false, jointype: JOIN_INNER, joinmergedcols: 0, funcordinality: false, ctename: 0x0, ctelevelsup: 0, self_reference: false, enrname: 0x0, enrtuples: 0, param_new: -1, param_old: -1, mt_result: 0x0, defaultCols: 0x0, rows: 0, lateral: false, inh: false, inFromCl: true, requiredPerms: 2, checkAsUser: 0, selectedCols: (b 11 14), insertedCols: 0x0, updatedCols: 0x0, extraUpdatedCols: 0x0} = {
      eref = Alias aliasname: 'supplier' = {
        colnames = List with 7 elements = {
          0 = String[ 's_suppkey' ],
          1 = String[ 's_name' ],
          2 = String[ 's_address' ],
          3 = String[ 's_nationkey' ],
          4 = String[ 's_phone' ],
          5 = String[ 's_acctbal' ],
          6 = String[ 's_comment' ]
        }
      }
    },
    3 = RangeTblEntry {rtekind: RTE_RELATION, relname: 'lineitem', relid: 270678, relkind: 114 'r', rellockmode: 1, security_barrier: false, jointype: JOIN_INNER, joinmergedcols: 0, funcordinality: false, ctename: 0x0, ctelevelsup: 0, self_reference: false, enrname: 0x0, enrtuples: 0, param_new: -1, param_old: -1, mt_result: 0x0, defaultCols: 0x0, rows: 0, lateral: false, inh: false, inFromCl: true, requiredPerms: 2, checkAsUser: 0, selectedCols: (b 11 12 13 15 16 17), insertedCols: 0x0, updatedCols: 0x0, extraUpdatedCols: 0x0} = {
      eref = Alias aliasname: 'lineitem' = {
        colnames = List with 16 elements = {
          0 = String[ 'l_orderkey' ],
          1 = String[ 'l_partkey' ],
          2 = String[ 'l_suppkey' ],
          3 = String[ 'l_linenumber' ],
          4 = String[ 'l_quantity' ],
          5 = String[ 'l_extendedprice' ],
          6 = String[ 'l_discount' ],
          7 = String[ 'l_tax' ],
          8 = String[ 'l_returnflag' ],
          9 = String[ 'l_linestatus' ],
          10 = String[ 'l_shipdate' ],
          11 = String[ 'l_commitdate' ],
          12 = String[ 'l_receiptdate' ],
          13 = String[ 'l_shipinstruct' ],
          14 = String[ 'l_shipmode' ],
          15 = String[ 'l_comment' ]
        }
      }
    },
    4 = RangeTblEntry {rtekind: RTE_RELATION, relname: 'partsupp', relid: 270669, relkind: 114 'r', rellockmode: 1, security_barrier: false, jointype: JOIN_INNER, joinmergedcols: 0, funcordinality: false, ctename: 0x0, ctelevelsup: 0, self_reference: false, enrname: 0x0, enrtuples: 0, param_new: -1, param_old: -1, mt_result: 0x0, defaultCols: 0x0, rows: 0, lateral: false, inh: false, inFromCl: true, requiredPerms: 2, checkAsUser: 0, selectedCols: (b 11 12 14), insertedCols: 0x0, updatedCols: 0x0, extraUpdatedCols: 0x0} = {
      eref = Alias aliasname: 'partsupp' = {
        colnames = List with 5 elements = {
          0 = String[ 'ps_partkey' ],
          1 = String[ 'ps_suppkey' ],
          2 = String[ 'ps_availqty' ],
          3 = String[ 'ps_supplycost' ],
          4 = String[ 'ps_comment' ]
        }
      }
    },
    5 = RangeTblEntry {rtekind: RTE_RELATION, relname: 'orders', relid: 270675, relkind: 114 'r', rellockmode: 1, security_barrier: false, jointype: JOIN_INNER, joinmergedcols: 0, funcordinality: false, ctename: 0x0, ctelevelsup: 0, self_reference: false, enrname: 0x0, enrtuples: 0, param_new: -1, param_old: -1, mt_result: 0x0, defaultCols: 0x0, rows: 0, lateral: false, inh: false, inFromCl: true, requiredPerms: 2, checkAsUser: 0, selectedCols: (b 11 15), insertedCols: 0x0, updatedCols: 0x0, extraUpdatedCols: 0x0} = {
      eref = Alias aliasname: 'orders' = {
        colnames = List with 9 elements = {
          0 = String[ 'o_orderkey' ],
          1 = String[ 'o_custkey' ],
          2 = String[ 'o_orderstatus' ],
          3 = String[ 'o_totalprice' ],
          4 = String[ 'o_orderdate' ],
          5 = String[ 'o_orderpriority' ],
          6 = String[ 'o_clerk' ],
          7 = String[ 'o_shippriority' ],
          8 = String[ 'o_comment' ]
        }
      }
    },
    6 = RangeTblEntry {rtekind: RTE_RELATION, relname: 'nation', relid: 270657, relkind: 114 'r', rellockmode: 1, security_barrier: false, jointype: JOIN_INNER, joinmergedcols: 0, funcordinality: false, ctename: 0x0, ctelevelsup: 0, self_reference: false, enrname: 0x0, enrtuples: 0, param_new: -1, param_old: -1, mt_result: 0x0, defaultCols: 0x0, rows: 0, lateral: false, inh: false, inFromCl: true, requiredPerms: 2, checkAsUser: 0, selectedCols: (b 11 12), insertedCols: 0x0, updatedCols: 0x0, extraUpdatedCols: 0x0} = {
      eref = Alias aliasname: 'nation' = {
        colnames = List with 4 elements = {
          0 = String[ 'n_nationkey' ],
          1 = String[ 'n_name' ],
          2 = String[ 'n_regionkey' ],
          3 = String[ 'n_comment' ]
        }
      }
    }
  },
  jointree = FromExpr  = {
    fromlist = List with 1 elements = {
      0 = FromExpr  = {
        fromlist = List with 6 elements = {
          0 = RangeTblRef rtindex: 2,
          1 = RangeTblRef rtindex: 3,
          2 = RangeTblRef rtindex: 4,
          3 = RangeTblRef rtindex: 5,
          4 = RangeTblRef rtindex: 6,
          5 = RangeTblRef rtindex: 7
        },
        quals = List with 7 elements = {
          0 = OpExpr {opno: 96, opfuncid: 65, opresulttype: 16, opretset: false, opcollid: 0, inputcollid: 0, location: 349} = {
            args = List with 2 elements = {
              0 = Var {varno: 3, varattno: 1, vartype: 23, vartypmod: -1, varcollid: 0, varlevelsup: 0, varnosyn: 3, varattnosyn: 1, location: 339},
              1 = Var {varno: 4, varattno: 3, vartype: 23, vartypmod: -1, varcollid: 0, varlevelsup: 0, varnosyn: 4, varattnosyn: 3, location: 351}
            }
          },
          1 = OpExpr {opno: 96, opfuncid: 65, opresulttype: 16, opretset: false, opcollid: 0, inputcollid: 0, location: 382} = {
            args = List with 2 elements = {
              0 = Var {varno: 5, varattno: 2, vartype: 23, vartypmod: -1, varcollid: 0, varlevelsup: 0, varnosyn: 5, varattnosyn: 2, location: 371},
              1 = Var {varno: 4, varattno: 3, vartype: 23, vartypmod: -1, varcollid: 0, varlevelsup: 0, varnosyn: 4, varattnosyn: 3, location: 384}
            }
          },
          2 = OpExpr {opno: 96, opfuncid: 65, opresulttype: 16, opretset: false, opcollid: 0, inputcollid: 0, location: 415} = {
            args = List with 2 elements = {
              0 = Var {varno: 5, varattno: 1, vartype: 23, vartypmod: -1, varcollid: 0, varlevelsup: 0, varnosyn: 5, varattnosyn: 1, location: 404},
              1 = Var {varno: 4, varattno: 2, vartype: 23, vartypmod: -1, varcollid: 0, varlevelsup: 0, varnosyn: 4, varattnosyn: 2, location: 417}
            }
          },
          3 = OpExpr {opno: 96, opfuncid: 65, opresulttype: 16, opretset: false, opcollid: 0, inputcollid: 0, location: 447} = {
            args = List with 2 elements = {
              0 = Var {varno: 2, varattno: 1, vartype: 23, vartypmod: -1, varcollid: 0, varlevelsup: 0, varnosyn: 2, varattnosyn: 1, location: 437},
              1 = Var {varno: 4, varattno: 2, vartype: 23, vartypmod: -1, varcollid: 0, varlevelsup: 0, varnosyn: 4, varattnosyn: 2, location: 449}
            }
          },
          4 = OpExpr {opno: 96, opfuncid: 65, opresulttype: 16, opretset: false, opcollid: 0, inputcollid: 0, location: 480} = {
            args = List with 2 elements = {
              0 = Var {varno: 6, varattno: 1, vartype: 23, vartypmod: -1, varcollid: 0, varlevelsup: 0, varnosyn: 6, varattnosyn: 1, location: 469},
              1 = Var {varno: 4, varattno: 1, vartype: 23, vartypmod: -1, varcollid: 0, varlevelsup: 0, varnosyn: 4, varattnosyn: 1, location: 482}
            }
          },
          5 = OpExpr {opno: 96, opfuncid: 65, opresulttype: 16, opretset: false, opcollid: 0, inputcollid: 0, location: 515} = {
            args = List with 2 elements = {
              0 = Var {varno: 3, varattno: 4, vartype: 23, vartypmod: -1, varcollid: 0, varlevelsup: 0, varnosyn: 3, varattnosyn: 4, location: 503},
              1 = Var {varno: 7, varattno: 1, vartype: 23, vartypmod: -1, varcollid: 0, varlevelsup: 0, varnosyn: 7, varattnosyn: 1, location: 517}
            }
          },
          6 = OpExpr {opno: 1209, opfuncid: 850, opresulttype: 16, opretset: false, opcollid: 0, inputcollid: 100, location: 546} = {
            args = List with 2 elements = {
              0 = RelabelType {resulttype: 25, resulttypmod: -1, resultcollid: 100, relabelformat: COERCE_IMPLICIT_CAST, location: -1} = {
                arg = Var {varno: 2, varattno: 2, vartype: 1043, vartypmod: 59, varcollid: 100, varlevelsup: 0, varnosyn: 2, varattnosyn: 2, location: 539}
              },
              1 = Const {consttype: 25, consttypmod: -1, constcollid: 100, constlen: -1, constvalue: 94501921744688, constisnull: false, constbyval: false, location: 551}
            }
          }
        }
      }
    }
  },
  targetList = List with 3 elements = {
    0 = TargetEntry {resno: 1, resname: 'nation', ressortgroupref: 1, resorigtbl: 270657, resorigcol: 2, resjunk: false} = {
      expr = Var {varno: 7, varattno: 2, vartype: 1042, vartypmod: 29, varcollid: 100, varlevelsup: 0, varnosyn: 7, varattnosyn: 2, location: 81}
    },
    1 = TargetEntry {resno: 2, resname: 'o_year', ressortgroupref: 2, resorigtbl: 0, resorigcol: 0, resjunk: false} = {
      expr = FuncExpr {funcid: 2021, funcresulttype: 701, funcretset: false, funcvariadic: false, funcformat: COERCE_EXPLICIT_CALL, funccollid: 0, inputcollid: 100, location: 7} = {
        args = List with 2 elements = {
          0 = Const {consttype: 25, consttypmod: -1, constcollid: 100, constlen: -1, constvalue: 94501921753248, constisnull: false, constbyval: false, location: 113},
          1 = FuncExpr {funcid: 2024, funcresulttype: 1114, funcretset: false, funcvariadic: false, funcformat: COERCE_EXPLICIT_CAST, funccollid: 0, inputcollid: 0, location: 32} = {
            args = List with 1 elements = {
              0 = Var {varno: 6, varattno: 5, vartype: 1082, vartypmod: -1, varcollid: 0, varlevelsup: 0, varnosyn: 6, varattnosyn: 5, location: 123}
            }
          }
        }
      }
    },
    2 = TargetEntry {resno: 3, resname: 'sum_profit', ressortgroupref: 0, resorigtbl: 0, resorigcol: 0, resjunk: false} = {
      expr = Aggref {aggfnoid: 2114, aggtype: 1700, aggcollid: 0, inputcollid: 0, aggtranstype: 2281, aggtrantype: 0, agghas_collectfn: false, rank_first: false, aggstar: false, aggvariadic: false, aggkind: 110 'n', agglevelsup: 0, aggsplit: AGGSPLIT_SIMPLE, location: 29} = {
        aggargtypes = OidList with 1 elements = {1700},
        args = List with 1 elements = {
          0 = TargetEntry {resno: 1, resname: 0x0, ressortgroupref: 0, resorigtbl: 0, resorigcol: 0, resjunk: false} = {
            expr = OpExpr {opno: 1759, opfuncid: 1725, opresulttype: 1700, opretset: false, opcollid: 0, inputcollid: 0, location: 188} = {
              args = List with 2 elements = {
                0 = OpExpr {opno: 1760, opfuncid: 1726, opresulttype: 1700, opretset: false, opcollid: 0, inputcollid: 0, location: 169} = {
                  args = List with 2 elements = {
                    0 = Var {varno: 4, varattno: 6, vartype: 1700, vartypmod: 983046, varcollid: 0, varlevelsup: 0, varnosyn: 4, varattnosyn: 6, location: 153},
                    1 = OpExpr {opno: 1759, opfuncid: 1725, opresulttype: 1700, opretset: false, opcollid: 0, inputcollid: 0, location: 174} = {
                      args = List with 2 elements = {
                        0 = Const {consttype: 1700, consttypmod: -1, constcollid: 0, constlen: -1, constvalue: 94501922414496, constisnull: false, constbyval: false, location: -1},
                        1 = Var {varno: 4, varattno: 7, vartype: 1700, vartypmod: 983046, varcollid: 0, varlevelsup: 0, varnosyn: 4, varattnosyn: 7, location: 176}
                      }
                    }
                  }
                },
                1 = OpExpr {opno: 1760, opfuncid: 1726, opresulttype: 1700, opretset: false, opcollid: 0, inputcollid: 0, location: 204} = {
                  args = List with 2 elements = {
                    0 = Var {varno: 5, varattno: 4, vartype: 1700, vartypmod: 983046, varcollid: 0, varlevelsup: 0, varnosyn: 5, varattnosyn: 4, location: 190},
                    1 = Var {varno: 4, varattno: 5, vartype: 1700, vartypmod: 983046, varcollid: 0, varlevelsup: 0, varnosyn: 4, varattnosyn: 5, location: 206}
                  }
                }
              }
            }
          }
        }
      }
    }
  },
  groupClause = List with 2 elements = {
    0 = SortGroupClause {tleSortGroupRef: 1, eqop: 1054, sortop: 1058, nulls_first: false, hashable: true},
    1 = SortGroupClause {tleSortGroupRef: 2, eqop: 670, sortop: 674, nulls_first: true, hashable: true}
  },
  sortClause = List with 2 elements = {
    0 = SortGroupClause {tleSortGroupRef: 1, eqop: 1054, sortop: 1058, nulls_first: false, hashable: true},
    1 = SortGroupClause {tleSortGroupRef: 2, eqop: 670, sortop: 674, nulls_first: true, hashable: true}
  }
}
$26 = AggPath T_Agg (cost=1018.32..1018.36 rows=1 parallel_aware=False parallel_safe=False parallel_workers=0) {aggstrategy: AGG_SORTED, aggsplit: AGGSPLIT_SIMPLE, numGroups: 1, transitionSpace: 128} = {
  path.parent = (b),
  path.pathtarget = PathTarget {cost: (0.00..0.01), width: 144} = {
    sortgrouprefs = [1, 2, 0],
    exprs = List with 3 elements = {
      0 = Var {varno: 7, varattno: 2, vartype: 1042, vartypmod: 29, varcollid: 100, varlevelsup: 0, varnosyn: 7, varattnosyn: 2, location: 81},
      1 = FuncExpr {funcid: 2021, funcresulttype: 701, funcretset: false, funcvariadic: false, funcformat: COERCE_EXPLICIT_CALL, funccollid: 0, inputcollid: 100, location: 7} = {
        args = List with 2 elements = {
          0 = Const {consttype: 25, consttypmod: -1, constcollid: 100, constlen: -1, constvalue: 94501921753248, constisnull: false, constbyval: false, location: 113},
          1 = FuncExpr {funcid: 2024, funcresulttype: 1114, funcretset: false, funcvariadic: false, funcformat: COERCE_EXPLICIT_CAST, funccollid: 0, inputcollid: 0, location: 32} = {
            args = List with 1 elements = {
              0 = Var {varno: 6, varattno: 5, vartype: 1082, vartypmod: -1, varcollid: 0, varlevelsup: 0, varnosyn: 6, varattnosyn: 5, location: 123}
            }
          }
        }
      },
      2 = Aggref {aggfnoid: 2114, aggtype: 1700, aggcollid: 0, inputcollid: 0, aggtranstype: 2281, aggtrantype: 0, agghas_collectfn: false, rank_first: false, aggstar: false, aggvariadic: false, aggkind: 110 'n', agglevelsup: 0, aggsplit: AGGSPLIT_SIMPLE, location: 29} = {
        aggargtypes = OidList with 1 elements = {1700},
        args = List with 1 elements = {
          0 = TargetEntry {resno: 1, resname: 0x0, ressortgroupref: 0, resorigtbl: 0, resorigcol: 0, resjunk: false} = {
            expr = OpExpr {opno: 1759, opfuncid: 1725, opresulttype: 1700, opretset: false, opcollid: 0, inputcollid: 0, location: 188} = {
              args = List with 2 elements = {
                0 = OpExpr {opno: 1760, opfuncid: 1726, opresulttype: 1700, opretset: false, opcollid: 0, inputcollid: 0, location: 169} = {
                  args = List with 2 elements = {
                    0 = Var {varno: 4, varattno: 6, vartype: 1700, vartypmod: 983046, varcollid: 0, varlevelsup: 0, varnosyn: 4, varattnosyn: 6, location: 153},
                    1 = OpExpr {opno: 1759, opfuncid: 1725, opresulttype: 1700, opretset: false, opcollid: 0, inputcollid: 0, location: 174} = {
                      args = List with 2 elements = {
                        0 = Const {consttype: 1700, consttypmod: -1, constcollid: 0, constlen: -1, constvalue: 94501922414496, constisnull: false, constbyval: false, location: -1},
                        1 = Var {varno: 4, varattno: 7, vartype: 1700, vartypmod: 983046, varcollid: 0, varlevelsup: 0, varnosyn: 4, varattnosyn: 7, location: 176}
                      }
                    }
                  }
                },
                1 = OpExpr {opno: 1760, opfuncid: 1726, opresulttype: 1700, opretset: false, opcollid: 0, inputcollid: 0, location: 204} = {
                  args = List with 2 elements = {
                    0 = Var {varno: 5, varattno: 4, vartype: 1700, vartypmod: 983046, varcollid: 0, varlevelsup: 0, varnosyn: 5, varattnosyn: 4, location: 190},
                    1 = Var {varno: 4, varattno: 5, vartype: 1700, vartypmod: 983046, varcollid: 0, varlevelsup: 0, varnosyn: 4, varattnosyn: 5, location: 206}
                  }
                }
              }
            }
          }
        }
      }
    },
    as_loc_list = IntList with 3 elements = {-1, -1, 44},
    expr_loc_list = IntList with 3 elements = {9, 19, 29},
    expr_len_list = IntList with 3 elements = {-1, -1, 12},
    expr_type_list = IntList with 3 elements = {398, 398, 405}
  },
  path.pathkeys = List with 2 elements = {
    0 = PathKey {pk_opfamily: 426, pk_strategy: 1, pk_nulls_first: false} = {
      pk_eclass = EquivalenceClass {ec_collation: 100, ec_relids: (b 7), ec_has_const: false, ec_has_volatile: false, ec_broken: false, ec_sortref: 1, ec_min_security: 4294967295, ec_max_security: 0} = {
        ec_opfamilies = OidList with 2 elements = {426, 2097},
        ec_members = List with 1 elements = {
          0 = EquivalenceMember {em_relids: (b 7), em_is_const: false, em_is_child: false, em_datatype: 1042} = {
            em_expr = Var {varno: 7, varattno: 2, vartype: 1042, vartypmod: 29, varcollid: 100, varlevelsup: 0, varnosyn: 7, varattnosyn: 2, location: 81}
          }
        }
      }
    },
    1 = PathKey {pk_opfamily: 1970, pk_strategy: 5, pk_nulls_first: true} = {
      pk_eclass = EquivalenceClass {ec_collation: 0, ec_relids: (b 6), ec_has_const: false, ec_has_volatile: false, ec_broken: false, ec_sortref: 2, ec_min_security: 4294967295, ec_max_security: 0} = {
        ec_opfamilies = OidList with 1 elements = {1970},
        ec_members = List with 1 elements = {
          0 = EquivalenceMember {em_relids: (b 6), em_is_const: false, em_is_child: false, em_datatype: 701} = {
            em_expr = FuncExpr {funcid: 2021, funcresulttype: 701, funcretset: false, funcvariadic: false, funcformat: COERCE_EXPLICIT_CALL, funccollid: 0, inputcollid: 100, location: 7} = {
              args = List with 2 elements = {
                0 = Const {consttype: 25, consttypmod: -1, constcollid: 100, constlen: -1, constvalue: 94501922440208, constisnull: false, constbyval: false, location: 113},
                1 = FuncExpr {funcid: 2024, funcresulttype: 1114, funcretset: false, funcvariadic: false, funcformat: COERCE_EXPLICIT_CAST, funccollid: 0, inputcollid: 0, location: 32} = {
                  args = List with 1 elements = {
                    0 = Var {varno: 6, varattno: 5, vartype: 1082, vartypmod: -1, varcollid: 0, varlevelsup: 0, varnosyn: 6, varattnosyn: 5, location: 123}
                  }
                }
              }
            }
          }
        }
      }
    }
  },
  subpath = SortPath T_Sort (cost=1018.32..1018.32 rows=1 parallel_aware=False parallel_safe=False parallel_workers=0)  = {
    path.parent = (b),
    path.pathtarget = PathTarget {cost: (0.00..0.01), width: 184} = {
      sortgrouprefs = [1, 2, 0, 0, 0, 0],
      exprs = List with 6 elements = {
        0 = Var {varno: 7, varattno: 2, vartype: 1042, vartypmod: 29, varcollid: 100, varlevelsup: 0, varnosyn: 7, varattnosyn: 2, location: 81},
        1 = FuncExpr {funcid: 2021, funcresulttype: 701, funcretset: false, funcvariadic: false, funcformat: COERCE_EXPLICIT_CALL, funccollid: 0, inputcollid: 100, location: 7} = {
          args = List with 2 elements = {
            0 = Const {consttype: 25, consttypmod: -1, constcollid: 100, constlen: -1, constvalue: 94501921753248, constisnull: false, constbyval: false, location: 113},
            1 = FuncExpr {funcid: 2024, funcresulttype: 1114, funcretset: false, funcvariadic: false, funcformat: COERCE_EXPLICIT_CAST, funccollid: 0, inputcollid: 0, location: 32} = {
              args = List with 1 elements = {
                0 = Var {varno: 6, varattno: 5, vartype: 1082, vartypmod: -1, varcollid: 0, varlevelsup: 0, varnosyn: 6, varattnosyn: 5, location: 123}
              }
            }
          }
        },
        2 = Var {varno: 4, varattno: 6, vartype: 1700, vartypmod: 983046, varcollid: 0, varlevelsup: 0, varnosyn: 4, varattnosyn: 6, location: 153},
        3 = Var {varno: 4, varattno: 7, vartype: 1700, vartypmod: 983046, varcollid: 0, varlevelsup: 0, varnosyn: 4, varattnosyn: 7, location: 176},
        4 = Var {varno: 5, varattno: 4, vartype: 1700, vartypmod: 983046, varcollid: 0, varlevelsup: 0, varnosyn: 5, varattnosyn: 4, location: 190},
        5 = Var {varno: 4, varattno: 5, vartype: 1700, vartypmod: 983046, varcollid: 0, varlevelsup: 0, varnosyn: 4, varattnosyn: 5, location: 206}
      }
    },
    path.pathkeys = List with 2 elements = {
      0 = PathKey {pk_opfamily: 426, pk_strategy: 1, pk_nulls_first: false} = {
        pk_eclass = EquivalenceClass {ec_collation: 100, ec_relids: (b 7), ec_has_const: false, ec_has_volatile: false, ec_broken: false, ec_sortref: 1, ec_min_security: 4294967295, ec_max_security: 0} = {
          ec_opfamilies = OidList with 2 elements = {426, 2097},
          ec_members = List with 1 elements = {
            0 = EquivalenceMember {em_relids: (b 7), em_is_const: false, em_is_child: false, em_datatype: 1042} = {
              em_expr = Var {varno: 7, varattno: 2, vartype: 1042, vartypmod: 29, varcollid: 100, varlevelsup: 0, varnosyn: 7, varattnosyn: 2, location: 81}
            }
          }
        }
      },
      1 = PathKey {pk_opfamily: 1970, pk_strategy: 5, pk_nulls_first: true} = {
        pk_eclass = EquivalenceClass {ec_collation: 0, ec_relids: (b 6), ec_has_const: false, ec_has_volatile: false, ec_broken: false, ec_sortref: 2, ec_min_security: 4294967295, ec_max_security: 0} = {
          ec_opfamilies = OidList with 1 elements = {1970},
          ec_members = List with 1 elements = {
            0 = EquivalenceMember {em_relids: (b 6), em_is_const: false, em_is_child: false, em_datatype: 701} = {
              em_expr = FuncExpr {funcid: 2021, funcresulttype: 701, funcretset: false, funcvariadic: false, funcformat: COERCE_EXPLICIT_CALL, funccollid: 0, inputcollid: 100, location: 7} = {
                args = List with 2 elements = {
                  0 = Const {consttype: 25, consttypmod: -1, constcollid: 100, constlen: -1, constvalue: 94501922440208, constisnull: false, constbyval: false, location: 113},
                  1 = FuncExpr {funcid: 2024, funcresulttype: 1114, funcretset: false, funcvariadic: false, funcformat: COERCE_EXPLICIT_CAST, funccollid: 0, inputcollid: 0, location: 32} = {
                    args = List with 1 elements = {
                      0 = Var {varno: 6, varattno: 5, vartype: 1082, vartypmod: -1, varcollid: 0, varlevelsup: 0, varnosyn: 6, varattnosyn: 5, location: 123}
                    }
                  }
                }
              }
            }
          }
        }
      }
    },
    subpath = ProjectionPath T_Result (cost=0.00..1018.31 rows=1 parallel_aware=False parallel_safe=False parallel_workers=0) dummypp: true = {
      path.parent = (b 2 3 4 5 6 7),
      path.pathtarget = PathTarget {cost: (0.00..0.01), width: 184} = {
        sortgrouprefs = [1, 2, 0, 0, 0, 0],
        exprs = List with 6 elements = {
          0 = Var {varno: 7, varattno: 2, vartype: 1042, vartypmod: 29, varcollid: 100, varlevelsup: 0, varnosyn: 7, varattnosyn: 2, location: 81},
          1 = FuncExpr {funcid: 2021, funcresulttype: 701, funcretset: false, funcvariadic: false, funcformat: COERCE_EXPLICIT_CALL, funccollid: 0, inputcollid: 100, location: 7} = {
            args = List with 2 elements = {
              0 = Const {consttype: 25, consttypmod: -1, constcollid: 100, constlen: -1, constvalue: 94501921753248, constisnull: false, constbyval: false, location: 113},
              1 = FuncExpr {funcid: 2024, funcresulttype: 1114, funcretset: false, funcvariadic: false, funcformat: COERCE_EXPLICIT_CAST, funccollid: 0, inputcollid: 0, location: 32} = {
                args = List with 1 elements = {
                  0 = Var {varno: 6, varattno: 5, vartype: 1082, vartypmod: -1, varcollid: 0, varlevelsup: 0, varnosyn: 6, varattnosyn: 5, location: 123}
                }
              }
            }
          },
          2 = Var {varno: 4, varattno: 6, vartype: 1700, vartypmod: 983046, varcollid: 0, varlevelsup: 0, varnosyn: 4, varattnosyn: 6, location: 153},
          3 = Var {varno: 4, varattno: 7, vartype: 1700, vartypmod: 983046, varcollid: 0, varlevelsup: 0, varnosyn: 4, varattnosyn: 7, location: 176},
          4 = Var {varno: 5, varattno: 4, vartype: 1700, vartypmod: 983046, varcollid: 0, varlevelsup: 0, varnosyn: 5, varattnosyn: 4, location: 190},
          5 = Var {varno: 4, varattno: 5, vartype: 1700, vartypmod: 983046, varcollid: 0, varlevelsup: 0, varnosyn: 4, varattnosyn: 5, location: 206}
        }
      },
      subpath = JoinPath T_NestLoop (cost=0.00..1018.30 rows=1 parallel_aware=False parallel_safe=False parallel_workers=0) {jointype: JOIN_INNER, inner_unique: false} = {
        path.parent = (b 2 3 4 5 6 7),
        path.pathtarget = PathTarget {cost: (0.00..0.00), width: 180} = {
          exprs = List with 6 elements = {
            0 = Var {varno: 4, varattno: 6, vartype: 1700, vartypmod: 983046, varcollid: 0, varlevelsup: 0, varnosyn: 4, varattnosyn: 6, location: 153},
            1 = Var {varno: 4, varattno: 7, vartype: 1700, vartypmod: 983046, varcollid: 0, varlevelsup: 0, varnosyn: 4, varattnosyn: 7, location: 176},
            2 = Var {varno: 4, varattno: 5, vartype: 1700, vartypmod: 983046, varcollid: 0, varlevelsup: 0, varnosyn: 4, varattnosyn: 5, location: 206},
            3 = Var {varno: 5, varattno: 4, vartype: 1700, vartypmod: 983046, varcollid: 0, varlevelsup: 0, varnosyn: 5, varattnosyn: 4, location: 190},
            4 = Var {varno: 6, varattno: 5, vartype: 1082, vartypmod: -1, varcollid: 0, varlevelsup: 0, varnosyn: 6, varattnosyn: 5, location: 123},
            5 = Var {varno: 7, varattno: 2, vartype: 1042, vartypmod: 29, varcollid: 100, varlevelsup: 0, varnosyn: 7, varattnosyn: 2, location: 81}
          }
        },
        outerjoinpath = JoinPath T_NestLoop (cost=0.00..854.59 rows=1 parallel_aware=False parallel_safe=False parallel_workers=0) {jointype: JOIN_INNER, inner_unique: false} = {
          path.parent = (b 2 3 4 5 6),
          path.pathtarget = PathTarget {cost: (0.00..0.00), width: 80} = {
            exprs = List with 6 elements = {
              0 = Var {varno: 4, varattno: 6, vartype: 1700, vartypmod: 983046, varcollid: 0, varlevelsup: 0, varnosyn: 4, varattnosyn: 6, location: 153},
              1 = Var {varno: 4, varattno: 7, vartype: 1700, vartypmod: 983046, varcollid: 0, varlevelsup: 0, varnosyn: 4, varattnosyn: 7, location: 176},
              2 = Var {varno: 4, varattno: 5, vartype: 1700, vartypmod: 983046, varcollid: 0, varlevelsup: 0, varnosyn: 4, varattnosyn: 5, location: 206},
              3 = Var {varno: 3, varattno: 4, vartype: 23, vartypmod: -1, varcollid: 0, varlevelsup: 0, varnosyn: 3, varattnosyn: 4, location: 503},
              4 = Var {varno: 5, varattno: 4, vartype: 1700, vartypmod: 983046, varcollid: 0, varlevelsup: 0, varnosyn: 5, varattnosyn: 4, location: 190},
              5 = Var {varno: 6, varattno: 5, vartype: 1082, vartypmod: -1, varcollid: 0, varlevelsup: 0, varnosyn: 6, varattnosyn: 5, location: 123}
            }
          },
          outerjoinpath = JoinPath T_NestLoop (cost=0.00..654.72 rows=1 parallel_aware=False parallel_safe=False parallel_workers=0) {jointype: JOIN_INNER, inner_unique: false} = {
            path.parent = (b 2 3 4 5),
            path.pathtarget = PathTarget {cost: (0.00..0.00), width: 80} = {
              exprs = List with 6 elements = {
                0 = Var {varno: 4, varattno: 6, vartype: 1700, vartypmod: 983046, varcollid: 0, varlevelsup: 0, varnosyn: 4, varattnosyn: 6, location: 153},
                1 = Var {varno: 4, varattno: 7, vartype: 1700, vartypmod: 983046, varcollid: 0, varlevelsup: 0, varnosyn: 4, varattnosyn: 7, location: 176},
                2 = Var {varno: 4, varattno: 5, vartype: 1700, vartypmod: 983046, varcollid: 0, varlevelsup: 0, varnosyn: 4, varattnosyn: 5, location: 206},
                3 = Var {varno: 4, varattno: 1, vartype: 23, vartypmod: -1, varcollid: 0, varlevelsup: 0, varnosyn: 4, varattnosyn: 1, location: 482},
                4 = Var {varno: 3, varattno: 4, vartype: 23, vartypmod: -1, varcollid: 0, varlevelsup: 0, varnosyn: 3, varattnosyn: 4, location: 503},
                5 = Var {varno: 5, varattno: 4, vartype: 1700, vartypmod: 983046, varcollid: 0, varlevelsup: 0, varnosyn: 5, varattnosyn: 4, location: 190}
              }
            },
            outerjoinpath = JoinPath T_NestLoop (cost=0.00..490.86 rows=1 parallel_aware=False parallel_safe=False parallel_workers=0) {jointype: JOIN_INNER, inner_unique: false} = {
              path.parent = (b 2 3 4),
              path.pathtarget = PathTarget {cost: (0.00..0.00), width: 78} = {
                exprs = List with 9 elements = {
                  0 = Var {varno: 2, varattno: 1, vartype: 23, vartypmod: -1, varcollid: 0, varlevelsup: 0, varnosyn: 2, varattnosyn: 1, location: 437},
                  1 = Var {varno: 4, varattno: 6, vartype: 1700, vartypmod: 983046, varcollid: 0, varlevelsup: 0, varnosyn: 4, varattnosyn: 6, location: 153},
                  2 = Var {varno: 4, varattno: 7, vartype: 1700, vartypmod: 983046, varcollid: 0, varlevelsup: 0, varnosyn: 4, varattnosyn: 7, location: 176},
                  3 = Var {varno: 4, varattno: 5, vartype: 1700, vartypmod: 983046, varcollid: 0, varlevelsup: 0, varnosyn: 4, varattnosyn: 5, location: 206},
                  4 = Var {varno: 4, varattno: 3, vartype: 23, vartypmod: -1, varcollid: 0, varlevelsup: 0, varnosyn: 4, varattnosyn: 3, location: 351},
                  5 = Var {varno: 4, varattno: 2, vartype: 23, vartypmod: -1, varcollid: 0, varlevelsup: 0, varnosyn: 4, varattnosyn: 2, location: 417},
                  6 = Var {varno: 4, varattno: 1, vartype: 23, vartypmod: -1, varcollid: 0, varlevelsup: 0, varnosyn: 4, varattnosyn: 1, location: 482},
                  7 = Var {varno: 3, varattno: 1, vartype: 23, vartypmod: -1, varcollid: 0, varlevelsup: 0, varnosyn: 3, varattnosyn: 1, location: 339},
                  8 = Var {varno: 3, varattno: 4, vartype: 23, vartypmod: -1, varcollid: 0, varlevelsup: 0, varnosyn: 3, varattnosyn: 4, location: 503}
                }
              },
              outerjoinpath = JoinPath T_NestLoop (cost=0.00..345.24 rows=1 parallel_aware=False parallel_safe=False parallel_workers=0) {jointype: JOIN_INNER, inner_unique: false} = {
                path.parent = (b 2 4),
                path.pathtarget = PathTarget {cost: (0.00..0.00), width: 70} = {
                  exprs = List with 7 elements = {
                    0 = Var {varno: 2, varattno: 1, vartype: 23, vartypmod: -1, varcollid: 0, varlevelsup: 0, varnosyn: 2, varattnosyn: 1, location: 437},
                    1 = Var {varno: 4, varattno: 6, vartype: 1700, vartypmod: 983046, varcollid: 0, varlevelsup: 0, varnosyn: 4, varattnosyn: 6, location: 153},
                    2 = Var {varno: 4, varattno: 7, vartype: 1700, vartypmod: 983046, varcollid: 0, varlevelsup: 0, varnosyn: 4, varattnosyn: 7, location: 176},
                    3 = Var {varno: 4, varattno: 5, vartype: 1700, vartypmod: 983046, varcollid: 0, varlevelsup: 0, varnosyn: 4, varattnosyn: 5, location: 206},
                    4 = Var {varno: 4, varattno: 3, vartype: 23, vartypmod: -1, varcollid: 0, varlevelsup: 0, varnosyn: 4, varattnosyn: 3, location: 351},
                    5 = Var {varno: 4, varattno: 2, vartype: 23, vartypmod: -1, varcollid: 0, varlevelsup: 0, varnosyn: 4, varattnosyn: 2, location: 417},
                    6 = Var {varno: 4, varattno: 1, vartype: 23, vartypmod: -1, varcollid: 0, varlevelsup: 0, varnosyn: 4, varattnosyn: 1, location: 482}
                  }
                },
                outerjoinpath = RemoteQueryPath T_RemoteQuery (cost=0.00..154.40 rows=1 parallel_aware=False parallel_safe=False parallel_workers=0) {jointype: JOIN_INNER, rqhas_unshippable_qual: false, rqhas_temp_rel: false, rqhas_unshippable_tlist: false} = {
                  path.parent = (b 2),
                  path.pathtarget = PathTarget {cost: (0.00..0.00), width: 4} = {
                    exprs = List with 1 elements = {
                      0 = Var {varno: 2, varattno: 1, vartype: 23, vartypmod: -1, varcollid: 0, varlevelsup: 0, varnosyn: 2, varattnosyn: 1, location: 437}
                    }
                  },
                  rqpath_en = ExecNodes {accesstype: RELATION_ACCESS_READ, baselocatortype: 72 'H', en_relid: 0, en_funcid: 0} = {
                    en_dist_vars = List with 1 elements = {
                      0 = Var {varno: 2, varattno: 1, vartype: 23, vartypmod: -1, varcollid: 0, varlevelsup: 0, varnosyn: 2, varattnosyn: 1, location: 437}
                    },
                    nodeids = OidList with 3 elements = {16386, 16387, 16388}
                  }
                },
                innerjoinpath = RemoteQueryPath T_RemoteQuery (cost=0.00..190.00 rows=67 parallel_aware=False parallel_safe=False parallel_workers=0) {jointype: JOIN_INNER, rqhas_unshippable_qual: false, rqhas_temp_rel: false, rqhas_unshippable_tlist: false} = {
                  path.parent = (b 4),
                  path.pathtarget = PathTarget {cost: (0.00..0.00), width: 66} = {
                    exprs = List with 6 elements = {
                      0 = Var {varno: 4, varattno: 6, vartype: 1700, vartypmod: 983046, varcollid: 0, varlevelsup: 0, varnosyn: 4, varattnosyn: 6, location: 153},
                      1 = Var {varno: 4, varattno: 7, vartype: 1700, vartypmod: 983046, varcollid: 0, varlevelsup: 0, varnosyn: 4, varattnosyn: 7, location: 176},
                      2 = Var {varno: 4, varattno: 5, vartype: 1700, vartypmod: 983046, varcollid: 0, varlevelsup: 0, varnosyn: 4, varattnosyn: 5, location: 206},
                      3 = Var {varno: 4, varattno: 3, vartype: 23, vartypmod: -1, varcollid: 0, varlevelsup: 0, varnosyn: 4, varattnosyn: 3, location: 351},
                      4 = Var {varno: 4, varattno: 2, vartype: 23, vartypmod: -1, varcollid: 0, varlevelsup: 0, varnosyn: 4, varattnosyn: 2, location: 417},
                      5 = Var {varno: 4, varattno: 1, vartype: 23, vartypmod: -1, varcollid: 0, varlevelsup: 0, varnosyn: 4, varattnosyn: 1, location: 482}
                    }
                  },
                  rqpath_en = ExecNodes {accesstype: RELATION_ACCESS_READ, baselocatortype: 72 'H', en_relid: 0, en_funcid: 0} = {
                    en_dist_vars = List with 1 elements = {
                      0 = Var {varno: 4, varattno: 1, vartype: 23, vartypmod: -1, varcollid: 0, varlevelsup: 0, varnosyn: 4, varattnosyn: 1, location: 482}
                    },
                    nodeids = OidList with 3 elements = {16386, 16387, 16388}
                  }
                },
                joinrestrictinfo = List with 1 elements = {
                  0 = RestrictInfo {is_pushed_down: true, outerjoin_delayed: false, can_join: true, pseudoconstant: false, leakproof: false, security_level: 0, clause_relids: (b 2 4), required_relids: (b 2 4), outer_relids: (b), nullable_relids: (b), left_relids: (b 2), right_relids: (b 4), eval_cost: (0.00..0.00), norm_selec: 0.0050, outer_selec: -1.0000, outer_is_left: false, hashjoinoperator: 96, left_bucketsize: 1.0000, right_bucketsize: 0.1000, left_mcvfreq: 0.0000, right_mcvfreq: 0.0000} = {
                    clause = OpExpr {opno: 96, opfuncid: 65, opresulttype: 16, opretset: false, opcollid: 0, inputcollid: 0, location: -1} = {
                      args = List with 2 elements = {
                        0 = Var {varno: 2, varattno: 1, vartype: 23, vartypmod: -1, varcollid: 0, varlevelsup: 0, varnosyn: 2, varattnosyn: 1, location: 437},
                        1 = Var {varno: 4, varattno: 2, vartype: 23, vartypmod: -1, varcollid: 0, varlevelsup: 0, varnosyn: 4, varattnosyn: 2, location: 417}
                      }
                    },
                    mergeopfamilies = OidList with 1 elements = {1976},
                    left_em = EquivalenceMember {em_relids: (b 2), em_is_const: false, em_is_child: false, em_datatype: 23} = {
                      em_expr = Var {varno: 2, varattno: 1, vartype: 23, vartypmod: -1, varcollid: 0, varlevelsup: 0, varnosyn: 2, varattnosyn: 1, location: 437}
                    },
                    right_em = EquivalenceMember {em_relids: (b 4), em_is_const: false, em_is_child: false, em_datatype: 23} = {
                      em_expr = Var {varno: 4, varattno: 2, vartype: 23, vartypmod: -1, varcollid: 0, varlevelsup: 0, varnosyn: 4, varattnosyn: 2, location: 417}
                    }
                  }
                }
              },
              innerjoinpath = RemoteQueryPath T_RemoteQuery (cost=0.00..145.00 rows=50 parallel_aware=False parallel_safe=False parallel_workers=0) {jointype: JOIN_INNER, rqhas_unshippable_qual: false, rqhas_temp_rel: false, rqhas_unshippable_tlist: false} = {
                path.parent = (b 3),
                path.pathtarget = PathTarget {cost: (0.00..0.00), width: 8} = {
                  exprs = List with 2 elements = {
                    0 = Var {varno: 3, varattno: 1, vartype: 23, vartypmod: -1, varcollid: 0, varlevelsup: 0, varnosyn: 3, varattnosyn: 1, location: 339},
                    1 = Var {varno: 3, varattno: 4, vartype: 23, vartypmod: -1, varcollid: 0, varlevelsup: 0, varnosyn: 3, varattnosyn: 4, location: 503}
                  }
                },
                rqpath_en = ExecNodes {accesstype: RELATION_ACCESS_READ, baselocatortype: 72 'H', en_relid: 0, en_funcid: 0} = {
                  en_dist_vars = List with 1 elements = {
                    0 = Var {varno: 3, varattno: 1, vartype: 23, vartypmod: -1, varcollid: 0, varlevelsup: 0, varnosyn: 3, varattnosyn: 1, location: 339}
                  },
                  nodeids = OidList with 3 elements = {16386, 16387, 16388}
                }
              },
              joinrestrictinfo = List with 1 elements = {
                0 = RestrictInfo {is_pushed_down: true, outerjoin_delayed: false, can_join: true, pseudoconstant: false, leakproof: false, security_level: 0, clause_relids: (b 3 4), required_relids: (b 3 4), outer_relids: (b), nullable_relids: (b), left_relids: (b 4), right_relids: (b 3), eval_cost: (0.00..0.00), norm_selec: 0.0050, outer_selec: -1.0000, outer_is_left: false, hashjoinoperator: 96, left_bucketsize: 0.1000, right_bucketsize: 0.0200, left_mcvfreq: 0.0000, right_mcvfreq: 0.0000} = {
                  clause = OpExpr {opno: 96, opfuncid: 65, opresulttype: 16, opretset: false, opcollid: 0, inputcollid: 0, location: -1} = {
                    args = List with 2 elements = {
                      0 = Var {varno: 4, varattno: 3, vartype: 23, vartypmod: -1, varcollid: 0, varlevelsup: 0, varnosyn: 4, varattnosyn: 3, location: 351},
                      1 = Var {varno: 3, varattno: 1, vartype: 23, vartypmod: -1, varcollid: 0, varlevelsup: 0, varnosyn: 3, varattnosyn: 1, location: 339}
                    }
                  },
                  mergeopfamilies = OidList with 1 elements = {1976},
                  left_em = EquivalenceMember {em_relids: (b 4), em_is_const: false, em_is_child: false, em_datatype: 23} = {
                    em_expr = Var {varno: 4, varattno: 3, vartype: 23, vartypmod: -1, varcollid: 0, varlevelsup: 0, varnosyn: 4, varattnosyn: 3, location: 351}
                  },
                  right_em = EquivalenceMember {em_relids: (b 3), em_is_const: false, em_is_child: false, em_datatype: 23} = {
                    em_expr = Var {varno: 3, varattno: 1, vartype: 23, vartypmod: -1, varcollid: 0, varlevelsup: 0, varnosyn: 3, varattnosyn: 1, location: 339}
                  }
                }
              }
            },
            innerjoinpath = RemoteQueryPath T_RemoteQuery (cost=0.00..163.00 rows=57 parallel_aware=False parallel_safe=False parallel_workers=0) {jointype: JOIN_INNER, rqhas_unshippable_qual: false, rqhas_temp_rel: false, rqhas_unshippable_tlist: false} = {
              path.parent = (b 5),
              path.pathtarget = PathTarget {cost: (0.00..0.00), width: 26} = {
                exprs = List with 3 elements = {
                  0 = Var {varno: 5, varattno: 4, vartype: 1700, vartypmod: 983046, varcollid: 0, varlevelsup: 0, varnosyn: 5, varattnosyn: 4, location: 190},
                  1 = Var {varno: 5, varattno: 2, vartype: 23, vartypmod: -1, varcollid: 0, varlevelsup: 0, varnosyn: 5, varattnosyn: 2, location: 371},
                  2 = Var {varno: 5, varattno: 1, vartype: 23, vartypmod: -1, varcollid: 0, varlevelsup: 0, varnosyn: 5, varattnosyn: 1, location: 404}
                }
              },
              rqpath_en = ExecNodes {accesstype: RELATION_ACCESS_READ, baselocatortype: 72 'H', en_relid: 0, en_funcid: 0} = {
                en_dist_vars = List with 1 elements = {
                  0 = Var {varno: 5, varattno: 1, vartype: 23, vartypmod: -1, varcollid: 0, varlevelsup: 0, varnosyn: 5, varattnosyn: 1, location: 404}
                },
                nodeids = OidList with 3 elements = {16386, 16387, 16388}
              }
            },
            joinrestrictinfo = List with 2 elements = {
              0 = RestrictInfo {is_pushed_down: true, outerjoin_delayed: false, can_join: true, pseudoconstant: false, leakproof: false, security_level: 0, clause_relids: (b 3 5), required_relids: (b 3 5), outer_relids: (b), nullable_relids: (b), left_relids: (b 3), right_relids: (b 5), eval_cost: (0.00..0.00), norm_selec: 0.0059, outer_selec: -1.0000, outer_is_left: false, hashjoinoperator: 96, left_bucketsize: 0.0200, right_bucketsize: 0.0175, left_mcvfreq: 0.0000, right_mcvfreq: 0.0000} = {
                clause = OpExpr {opno: 96, opfuncid: 65, opresulttype: 16, opretset: false, opcollid: 0, inputcollid: 0, location: -1} = {
                  args = List with 2 elements = {
                    0 = Var {varno: 3, varattno: 1, vartype: 23, vartypmod: -1, varcollid: 0, varlevelsup: 0, varnosyn: 3, varattnosyn: 1, location: 339},
                    1 = Var {varno: 5, varattno: 2, vartype: 23, vartypmod: -1, varcollid: 0, varlevelsup: 0, varnosyn: 5, varattnosyn: 2, location: 371}
                  }
                },
                mergeopfamilies = OidList with 1 elements = {1976},
                left_em = EquivalenceMember {em_relids: (b 3), em_is_const: false, em_is_child: false, em_datatype: 23} = {
                  em_expr = Var {varno: 3, varattno: 1, vartype: 23, vartypmod: -1, varcollid: 0, varlevelsup: 0, varnosyn: 3, varattnosyn: 1, location: 339}
                },
                right_em = EquivalenceMember {em_relids: (b 5), em_is_const: false, em_is_child: false, em_datatype: 23} = {
                  em_expr = Var {varno: 5, varattno: 2, vartype: 23, vartypmod: -1, varcollid: 0, varlevelsup: 0, varnosyn: 5, varattnosyn: 2, location: 371}
                }
              },
              1 = RestrictInfo {is_pushed_down: true, outerjoin_delayed: false, can_join: true, pseudoconstant: false, leakproof: false, security_level: 0, clause_relids: (b 4 5), required_relids: (b 4 5), outer_relids: (b), nullable_relids: (b), left_relids: (b 4), right_relids: (b 5), eval_cost: (0.00..0.00), norm_selec: 0.0050, outer_selec: -1.0000, outer_is_left: false, hashjoinoperator: 96, left_bucketsize: 0.1000, right_bucketsize: 0.0175, left_mcvfreq: 0.0000, right_mcvfreq: 0.0000} = {
                clause = OpExpr {opno: 96, opfuncid: 65, opresulttype: 16, opretset: false, opcollid: 0, inputcollid: 0, location: -1} = {
                  args = List with 2 elements = {
                    0 = Var {varno: 4, varattno: 2, vartype: 23, vartypmod: -1, varcollid: 0, varlevelsup: 0, varnosyn: 4, varattnosyn: 2, location: 417},
                    1 = Var {varno: 5, varattno: 1, vartype: 23, vartypmod: -1, varcollid: 0, varlevelsup: 0, varnosyn: 5, varattnosyn: 1, location: 404}
                  }
                },
                mergeopfamilies = OidList with 1 elements = {1976},
                left_em = EquivalenceMember {em_relids: (b 4), em_is_const: false, em_is_child: false, em_datatype: 23} = {
                  em_expr = Var {varno: 4, varattno: 2, vartype: 23, vartypmod: -1, varcollid: 0, varlevelsup: 0, varnosyn: 4, varattnosyn: 2, location: 417}
                },
                right_em = EquivalenceMember {em_relids: (b 5), em_is_const: false, em_is_child: false, em_datatype: 23} = {
                  em_expr = Var {varno: 5, varattno: 1, vartype: 23, vartypmod: -1, varcollid: 0, varlevelsup: 0, varnosyn: 5, varattnosyn: 1, location: 404}
                }
              }
            }
          },
          innerjoinpath = RemoteQueryPath T_RemoteQuery (cost=0.00..199.00 rows=70 parallel_aware=False parallel_safe=False parallel_workers=0) {jointype: JOIN_INNER, rqhas_unshippable_qual: false, rqhas_temp_rel: false, rqhas_unshippable_tlist: false} = {
            path.parent = (b 6),
            path.pathtarget = PathTarget {cost: (0.00..0.00), width: 8} = {
              exprs = List with 2 elements = {
                0 = Var {varno: 6, varattno: 5, vartype: 1082, vartypmod: -1, varcollid: 0, varlevelsup: 0, varnosyn: 6, varattnosyn: 5, location: 123},
                1 = Var {varno: 6, varattno: 1, vartype: 23, vartypmod: -1, varcollid: 0, varlevelsup: 0, varnosyn: 6, varattnosyn: 1, location: 469}
              }
            },
            rqpath_en = ExecNodes {accesstype: RELATION_ACCESS_READ, baselocatortype: 72 'H', en_relid: 0, en_funcid: 0} = {
              en_dist_vars = List with 1 elements = {
                0 = Var {varno: 6, varattno: 1, vartype: 23, vartypmod: -1, varcollid: 0, varlevelsup: 0, varnosyn: 6, varattnosyn: 1, location: 469}
              },
              nodeids = OidList with 3 elements = {16386, 16387, 16388}
            }
          },
          joinrestrictinfo = List with 1 elements = {
            0 = RestrictInfo {is_pushed_down: true, outerjoin_delayed: false, can_join: true, pseudoconstant: false, leakproof: false, security_level: 0, clause_relids: (b 4 6), required_relids: (b 4 6), outer_relids: (b), nullable_relids: (b), left_relids: (b 4), right_relids: (b 6), eval_cost: (0.00..0.00), norm_selec: 0.0050, outer_selec: -1.0000, outer_is_left: false, hashjoinoperator: 96, left_bucketsize: 0.1000, right_bucketsize: 0.1000, left_mcvfreq: 0.0000, right_mcvfreq: 0.0000} = {
              clause = OpExpr {opno: 96, opfuncid: 65, opresulttype: 16, opretset: false, opcollid: 0, inputcollid: 0, location: -1} = {
                args = List with 2 elements = {
                  0 = Var {varno: 4, varattno: 1, vartype: 23, vartypmod: -1, varcollid: 0, varlevelsup: 0, varnosyn: 4, varattnosyn: 1, location: 482},
                  1 = Var {varno: 6, varattno: 1, vartype: 23, vartypmod: -1, varcollid: 0, varlevelsup: 0, varnosyn: 6, varattnosyn: 1, location: 469}
                }
              },
              mergeopfamilies = OidList with 1 elements = {1976},
              left_em = EquivalenceMember {em_relids: (b 4), em_is_const: false, em_is_child: false, em_datatype: 23} = {
                em_expr = Var {varno: 4, varattno: 1, vartype: 23, vartypmod: -1, varcollid: 0, varlevelsup: 0, varnosyn: 4, varattnosyn: 1, location: 482}
              },
              right_em = EquivalenceMember {em_relids: (b 6), em_is_const: false, em_is_child: false, em_datatype: 23} = {
                em_expr = Var {varno: 6, varattno: 1, vartype: 23, vartypmod: -1, varcollid: 0, varlevelsup: 0, varnosyn: 6, varattnosyn: 1, location: 469}
              }
            }
          }
        },
        innerjoinpath = RemoteQueryPath T_RemoteQuery (cost=0.00..163.00 rows=57 parallel_aware=False parallel_safe=False parallel_workers=0) {jointype: JOIN_INNER, rqhas_unshippable_qual: false, rqhas_temp_rel: false, rqhas_unshippable_tlist: false} = {
          path.parent = (b 7),
          path.pathtarget = PathTarget {cost: (0.00..0.00), width: 108} = {
            exprs = List with 2 elements = {
              0 = Var {varno: 7, varattno: 2, vartype: 1042, vartypmod: 29, varcollid: 100, varlevelsup: 0, varnosyn: 7, varattnosyn: 2, location: 81},
              1 = Var {varno: 7, varattno: 1, vartype: 23, vartypmod: -1, varcollid: 0, varlevelsup: 0, varnosyn: 7, varattnosyn: 1, location: 517}
            }
          },
          rqpath_en = ExecNodes {accesstype: RELATION_ACCESS_READ, baselocatortype: 72 'H', en_relid: 0, en_funcid: 0} = {
            en_dist_vars = List with 1 elements = {
              0 = Var {varno: 7, varattno: 1, vartype: 23, vartypmod: -1, varcollid: 0, varlevelsup: 0, varnosyn: 7, varattnosyn: 1, location: 517}
            },
            nodeids = OidList with 3 elements = {16386, 16387, 16388}
          }
        },
        joinrestrictinfo = List with 1 elements = {
          0 = RestrictInfo {is_pushed_down: true, outerjoin_delayed: false, can_join: true, pseudoconstant: false, leakproof: false, security_level: 0, clause_relids: (b 3 7), required_relids: (b 3 7), outer_relids: (b), nullable_relids: (b), left_relids: (b 3), right_relids: (b 7), eval_cost: (0.00..0.00), norm_selec: 0.0059, outer_selec: -1.0000, outer_is_left: false, hashjoinoperator: 96, left_bucketsize: 0.0200, right_bucketsize: 0.0175, left_mcvfreq: 0.0000, right_mcvfreq: 0.0000} = {
            clause = OpExpr {opno: 96, opfuncid: 65, opresulttype: 16, opretset: false, opcollid: 0, inputcollid: 0, location: -1} = {
              args = List with 2 elements = {
                0 = Var {varno: 3, varattno: 4, vartype: 23, vartypmod: -1, varcollid: 0, varlevelsup: 0, varnosyn: 3, varattnosyn: 4, location: 503},
                1 = Var {varno: 7, varattno: 1, vartype: 23, vartypmod: -1, varcollid: 0, varlevelsup: 0, varnosyn: 7, varattnosyn: 1, location: 517}
              }
            },
            mergeopfamilies = OidList with 1 elements = {1976},
            left_em = EquivalenceMember {em_relids: (b 3), em_is_const: false, em_is_child: false, em_datatype: 23} = {
              em_expr = Var {varno: 3, varattno: 4, vartype: 23, vartypmod: -1, varcollid: 0, varlevelsup: 0, varnosyn: 3, varattnosyn: 4, location: 503}
            },
            right_em = EquivalenceMember {em_relids: (b 7), em_is_const: false, em_is_child: false, em_datatype: 23} = {
              em_expr = Var {varno: 7, varattno: 1, vartype: 23, vartypmod: -1, varcollid: 0, varlevelsup: 0, varnosyn: 7, varattnosyn: 1, location: 517}
            }
          }
        }
      }
    }
  },
  groupClause = List with 2 elements = {
    0 = SortGroupClause {tleSortGroupRef: 1, eqop: 1054, sortop: 1058, nulls_first: false, hashable: true},
    1 = SortGroupClause {tleSortGroupRef: 2, eqop: 670, sortop: 674, nulls_first: true, hashable: true}
  }
}

Breakpoint 2, standard_planner (parse=0x55f2f1815e88, query_string=0x55f2f1676670 "select\n  nation,\n  o_year,\n  sum(amount) as sum_profit\nfrom\n  (\n    select\n      n_name as nation,\n      extract(year from o_orderdate) as o_year,\n      l_extendedprice * (1 - l_discount) - ps_supplyc"..., cursorOptions=33024, boundParams=0x0) at /workspaces/AntDB/src/backend/optimizer/plan/planner.c:761
761		result->commandType = parse->commandType;
$27 = Agg (cost=1018.32..1018.36 rows=1 width=144 plan_id=0 parallel_aware=False parallel_safe = False) {aggstrategy: AGG_SORTED, aggsplit: AGGSPLIT_SIMPLE, numCols: 2, numGroups: 1, transitionSpace: 128, aggParams: 0x0} = {
  grpColIdx = [1, 2],
  grpOperators = [1054, 670],
  grpCollations = [100, 0],
  plan.targetlist = List with 3 elements = {
    0 = TargetEntry {resno: 1, resname: 'nation', ressortgroupref: 1, resorigtbl: 270657, resorigcol: 2, resjunk: false} = {
      expr = Var {varno: 65001, varattno: 1, vartype: 1042, vartypmod: 29, varcollid: 100, varlevelsup: 0, varnosyn: 0, varattnosyn: 0, location: -1}
    },
    1 = TargetEntry {resno: 2, resname: 'o_year', ressortgroupref: 2, resorigtbl: 0, resorigcol: 0, resjunk: false} = {
      expr = Var {varno: 65001, varattno: 2, vartype: 701, vartypmod: -1, varcollid: 0, varlevelsup: 0, varnosyn: 0, varattnosyn: 0, location: -1}
    },
    2 = TargetEntry {resno: 3, resname: 'sum_profit', ressortgroupref: 0, resorigtbl: 0, resorigcol: 0, resjunk: false} = {
      expr = Aggref {aggfnoid: 2114, aggtype: 1700, aggcollid: 0, inputcollid: 0, aggtranstype: 2281, aggtrantype: 0, agghas_collectfn: false, rank_first: false, aggstar: false, aggvariadic: false, aggkind: 110 'n', agglevelsup: 0, aggsplit: AGGSPLIT_SIMPLE, location: 29} = {
        aggargtypes = OidList with 1 elements = {1700},
        args = List with 1 elements = {
          0 = TargetEntry {resno: 1, resname: 0x0, ressortgroupref: 0, resorigtbl: 0, resorigcol: 0, resjunk: false} = {
            expr = OpExpr {opno: 1759, opfuncid: 1725, opresulttype: 1700, opretset: false, opcollid: 0, inputcollid: 0, location: 188} = {
              args = List with 2 elements = {
                0 = OpExpr {opno: 1760, opfuncid: 1726, opresulttype: 1700, opretset: false, opcollid: 0, inputcollid: 0, location: 169} = {
                  args = List with 2 elements = {
                    0 = Var {varno: 65001, varattno: 3, vartype: 1700, vartypmod: 983046, varcollid: 0, varlevelsup: 0, varnosyn: 4, varattnosyn: 6, location: 153},
                    1 = OpExpr {opno: 1759, opfuncid: 1725, opresulttype: 1700, opretset: false, opcollid: 0, inputcollid: 0, location: 174} = {
                      args = List with 2 elements = {
                        0 = Const {consttype: 1700, consttypmod: -1, constcollid: 0, constlen: -1, constvalue: 94501922414496, constisnull: false, constbyval: false, location: -1},
                        1 = Var {varno: 65001, varattno: 4, vartype: 1700, vartypmod: 983046, varcollid: 0, varlevelsup: 0, varnosyn: 4, varattnosyn: 7, location: 176}
                      }
                    }
                  }
                },
                1 = OpExpr {opno: 1760, opfuncid: 1726, opresulttype: 1700, opretset: false, opcollid: 0, inputcollid: 0, location: 204} = {
                  args = List with 2 elements = {
                    0 = Var {varno: 65001, varattno: 5, vartype: 1700, vartypmod: 983046, varcollid: 0, varlevelsup: 0, varnosyn: 5, varattnosyn: 4, location: 190},
                    1 = Var {varno: 65001, varattno: 6, vartype: 1700, vartypmod: 983046, varcollid: 0, varlevelsup: 0, varnosyn: 4, varattnosyn: 5, location: 206}
                  }
                }
              }
            }
          }
        }
      }
    }
  },
  plan.lefttree = Sort (cost=1018.32..1018.32 rows=1 width=184 plan_id=1 parallel_aware=False parallel_safe = False) numCols: 2 = {
    sortColIdx = [1, 2],
    sortOperators = [1058, 674],
    collations = [100, 0],
    nullsFirst = [False, True],
    plan.targetlist = List with 6 elements = {
      0 = TargetEntry {resno: 1, resname: 0x0, ressortgroupref: 1, resorigtbl: 0, resorigcol: 0, resjunk: false} = {
        expr = Var {varno: 65001, varattno: 1, vartype: 1042, vartypmod: 29, varcollid: 100, varlevelsup: 0, varnosyn: 7, varattnosyn: 2, location: -1}
      },
      1 = TargetEntry {resno: 2, resname: 0x0, ressortgroupref: 2, resorigtbl: 0, resorigcol: 0, resjunk: false} = {
        expr = Var {varno: 65001, varattno: 2, vartype: 701, vartypmod: -1, varcollid: 0, varlevelsup: 0, varnosyn: 0, varattnosyn: 0, location: -1}
      },
      2 = TargetEntry {resno: 3, resname: 0x0, ressortgroupref: 0, resorigtbl: 0, resorigcol: 0, resjunk: false} = {
        expr = Var {varno: 65001, varattno: 3, vartype: 1700, vartypmod: 983046, varcollid: 0, varlevelsup: 0, varnosyn: 4, varattnosyn: 6, location: -1}
      },
      3 = TargetEntry {resno: 4, resname: 0x0, ressortgroupref: 0, resorigtbl: 0, resorigcol: 0, resjunk: false} = {
        expr = Var {varno: 65001, varattno: 4, vartype: 1700, vartypmod: 983046, varcollid: 0, varlevelsup: 0, varnosyn: 4, varattnosyn: 7, location: -1}
      },
      4 = TargetEntry {resno: 5, resname: 0x0, ressortgroupref: 0, resorigtbl: 0, resorigcol: 0, resjunk: false} = {
        expr = Var {varno: 65001, varattno: 5, vartype: 1700, vartypmod: 983046, varcollid: 0, varlevelsup: 0, varnosyn: 5, varattnosyn: 4, location: -1}
      },
      5 = TargetEntry {resno: 6, resname: 0x0, ressortgroupref: 0, resorigtbl: 0, resorigcol: 0, resjunk: false} = {
        expr = Var {varno: 65001, varattno: 6, vartype: 1700, vartypmod: 983046, varcollid: 0, varlevelsup: 0, varnosyn: 4, varattnosyn: 5, location: -1}
      }
    },
    plan.lefttree = NestLoop (cost=0.00..1018.31 rows=1 width=184 plan_id=2 parallel_aware=False parallel_safe = False) {join.jointype: JOIN_INNER, join.inner_unique: false} = {
      join.plan.targetlist = List with 6 elements = {
        0 = TargetEntry {resno: 1, resname: 0x0, ressortgroupref: 1, resorigtbl: 0, resorigcol: 0, resjunk: false} = {
          expr = Var {varno: 65000, varattno: 1, vartype: 1042, vartypmod: 29, varcollid: 100, varlevelsup: 0, varnosyn: 7, varattnosyn: 2, location: 81}
        },
        1 = TargetEntry {resno: 2, resname: 0x0, ressortgroupref: 2, resorigtbl: 0, resorigcol: 0, resjunk: false} = {
          expr = FuncExpr {funcid: 2021, funcresulttype: 701, funcretset: false, funcvariadic: false, funcformat: COERCE_EXPLICIT_CALL, funccollid: 0, inputcollid: 100, location: 7} = {
            args = List with 2 elements = {
              0 = Const {consttype: 25, consttypmod: -1, constcollid: 100, constlen: -1, constvalue: 94501921753248, constisnull: false, constbyval: false, location: 113},
              1 = FuncExpr {funcid: 2024, funcresulttype: 1114, funcretset: false, funcvariadic: false, funcformat: COERCE_EXPLICIT_CAST, funccollid: 0, inputcollid: 0, location: 32} = {
                args = List with 1 elements = {
                  0 = Var {varno: 65001, varattno: 6, vartype: 1082, vartypmod: -1, varcollid: 0, varlevelsup: 0, varnosyn: 6, varattnosyn: 5, location: 123}
                }
              }
            }
          }
        },
        2 = TargetEntry {resno: 3, resname: 0x0, ressortgroupref: 0, resorigtbl: 0, resorigcol: 0, resjunk: false} = {
          expr = Var {varno: 65001, varattno: 1, vartype: 1700, vartypmod: 983046, varcollid: 0, varlevelsup: 0, varnosyn: 4, varattnosyn: 6, location: 153}
        },
        3 = TargetEntry {resno: 4, resname: 0x0, ressortgroupref: 0, resorigtbl: 0, resorigcol: 0, resjunk: false} = {
          expr = Var {varno: 65001, varattno: 2, vartype: 1700, vartypmod: 983046, varcollid: 0, varlevelsup: 0, varnosyn: 4, varattnosyn: 7, location: 176}
        },
        4 = TargetEntry {resno: 5, resname: 0x0, ressortgroupref: 0, resorigtbl: 0, resorigcol: 0, resjunk: false} = {
          expr = Var {varno: 65001, varattno: 5, vartype: 1700, vartypmod: 983046, varcollid: 0, varlevelsup: 0, varnosyn: 5, varattnosyn: 4, location: 190}
        },
        5 = TargetEntry {resno: 6, resname: 0x0, ressortgroupref: 0, resorigtbl: 0, resorigcol: 0, resjunk: false} = {
          expr = Var {varno: 65001, varattno: 3, vartype: 1700, vartypmod: 983046, varcollid: 0, varlevelsup: 0, varnosyn: 4, varattnosyn: 5, location: 206}
        }
      },
      join.plan.lefttree = NestLoop (cost=0.00..854.59 rows=1 width=80 plan_id=3 parallel_aware=False parallel_safe = False) {join.jointype: JOIN_INNER, join.inner_unique: false} = {
        join.plan.targetlist = List with 6 elements = {
          0 = TargetEntry {resno: 1, resname: 0x0, ressortgroupref: 0, resorigtbl: 0, resorigcol: 0, resjunk: false} = {
            expr = Var {varno: 65001, varattno: 1, vartype: 1700, vartypmod: 983046, varcollid: 0, varlevelsup: 0, varnosyn: 4, varattnosyn: 6, location: 153}
          },
          1 = TargetEntry {resno: 2, resname: 0x0, ressortgroupref: 0, resorigtbl: 0, resorigcol: 0, resjunk: false} = {
            expr = Var {varno: 65001, varattno: 2, vartype: 1700, vartypmod: 983046, varcollid: 0, varlevelsup: 0, varnosyn: 4, varattnosyn: 7, location: 176}
          },
          2 = TargetEntry {resno: 3, resname: 0x0, ressortgroupref: 0, resorigtbl: 0, resorigcol: 0, resjunk: false} = {
            expr = Var {varno: 65001, varattno: 3, vartype: 1700, vartypmod: 983046, varcollid: 0, varlevelsup: 0, varnosyn: 4, varattnosyn: 5, location: 206}
          },
          3 = TargetEntry {resno: 4, resname: 0x0, ressortgroupref: 0, resorigtbl: 0, resorigcol: 0, resjunk: false} = {
            expr = Var {varno: 65001, varattno: 5, vartype: 23, vartypmod: -1, varcollid: 0, varlevelsup: 0, varnosyn: 3, varattnosyn: 4, location: 503}
          },
          4 = TargetEntry {resno: 5, resname: 0x0, ressortgroupref: 0, resorigtbl: 0, resorigcol: 0, resjunk: false} = {
            expr = Var {varno: 65001, varattno: 6, vartype: 1700, vartypmod: 983046, varcollid: 0, varlevelsup: 0, varnosyn: 5, varattnosyn: 4, location: 190}
          },
          5 = TargetEntry {resno: 6, resname: 0x0, ressortgroupref: 0, resorigtbl: 0, resorigcol: 0, resjunk: false} = {
            expr = Var {varno: 65000, varattno: 1, vartype: 1082, vartypmod: -1, varcollid: 0, varlevelsup: 0, varnosyn: 6, varattnosyn: 5, location: 123}
          }
        },
        join.plan.lefttree = NestLoop (cost=0.00..654.72 rows=1 width=80 plan_id=4 parallel_aware=False parallel_safe = False) {join.jointype: JOIN_INNER, join.inner_unique: false} = {
          join.plan.targetlist = List with 6 elements = {
            0 = TargetEntry {resno: 1, resname: 0x0, ressortgroupref: 0, resorigtbl: 0, resorigcol: 0, resjunk: false} = {
              expr = Var {varno: 65001, varattno: 2, vartype: 1700, vartypmod: 983046, varcollid: 0, varlevelsup: 0, varnosyn: 4, varattnosyn: 6, location: 153}
            },
            1 = TargetEntry {resno: 2, resname: 0x0, ressortgroupref: 0, resorigtbl: 0, resorigcol: 0, resjunk: false} = {
              expr = Var {varno: 65001, varattno: 3, vartype: 1700, vartypmod: 983046, varcollid: 0, varlevelsup: 0, varnosyn: 4, varattnosyn: 7, location: 176}
            },
            2 = TargetEntry {resno: 3, resname: 0x0, ressortgroupref: 0, resorigtbl: 0, resorigcol: 0, resjunk: false} = {
              expr = Var {varno: 65001, varattno: 4, vartype: 1700, vartypmod: 983046, varcollid: 0, varlevelsup: 0, varnosyn: 4, varattnosyn: 5, location: 206}
            },
            3 = TargetEntry {resno: 4, resname: 0x0, ressortgroupref: 0, resorigtbl: 0, resorigcol: 0, resjunk: false} = {
              expr = Var {varno: 65001, varattno: 7, vartype: 23, vartypmod: -1, varcollid: 0, varlevelsup: 0, varnosyn: 4, varattnosyn: 1, location: 482}
            },
            4 = TargetEntry {resno: 5, resname: 0x0, ressortgroupref: 0, resorigtbl: 0, resorigcol: 0, resjunk: false} = {
              expr = Var {varno: 65001, varattno: 9, vartype: 23, vartypmod: -1, varcollid: 0, varlevelsup: 0, varnosyn: 3, varattnosyn: 4, location: 503}
            },
            5 = TargetEntry {resno: 6, resname: 0x0, ressortgroupref: 0, resorigtbl: 0, resorigcol: 0, resjunk: false} = {
              expr = Var {varno: 65000, varattno: 1, vartype: 1700, vartypmod: 983046, varcollid: 0, varlevelsup: 0, varnosyn: 5, varattnosyn: 4, location: 190}
            }
          },
          join.plan.lefttree = NestLoop (cost=0.00..490.86 rows=1 width=78 plan_id=5 parallel_aware=False parallel_safe = False) {join.jointype: JOIN_INNER, join.inner_unique: false} = {
            join.plan.targetlist = List with 9 elements = {
              0 = TargetEntry {resno: 1, resname: 0x0, ressortgroupref: 0, resorigtbl: 0, resorigcol: 0, resjunk: false} = {
                expr = Var {varno: 65001, varattno: 1, vartype: 23, vartypmod: -1, varcollid: 0, varlevelsup: 0, varnosyn: 2, varattnosyn: 1, location: 437}
              },
              1 = TargetEntry {resno: 2, resname: 0x0, ressortgroupref: 0, resorigtbl: 0, resorigcol: 0, resjunk: false} = {
                expr = Var {varno: 65001, varattno: 2, vartype: 1700, vartypmod: 983046, varcollid: 0, varlevelsup: 0, varnosyn: 4, varattnosyn: 6, location: 153}
              },
              2 = TargetEntry {resno: 3, resname: 0x0, ressortgroupref: 0, resorigtbl: 0, resorigcol: 0, resjunk: false} = {
                expr = Var {varno: 65001, varattno: 3, vartype: 1700, vartypmod: 983046, varcollid: 0, varlevelsup: 0, varnosyn: 4, varattnosyn: 7, location: 176}
              },
              3 = TargetEntry {resno: 4, resname: 0x0, ressortgroupref: 0, resorigtbl: 0, resorigcol: 0, resjunk: false} = {
                expr = Var {varno: 65001, varattno: 4, vartype: 1700, vartypmod: 983046, varcollid: 0, varlevelsup: 0, varnosyn: 4, varattnosyn: 5, location: 206}
              },
              4 = TargetEntry {resno: 5, resname: 0x0, ressortgroupref: 0, resorigtbl: 0, resorigcol: 0, resjunk: false} = {
                expr = Var {varno: 65001, varattno: 5, vartype: 23, vartypmod: -1, varcollid: 0, varlevelsup: 0, varnosyn: 4, varattnosyn: 3, location: 351}
              },
              5 = TargetEntry {resno: 6, resname: 0x0, ressortgroupref: 0, resorigtbl: 0, resorigcol: 0, resjunk: false} = {
                expr = Var {varno: 65001, varattno: 6, vartype: 23, vartypmod: -1, varcollid: 0, varlevelsup: 0, varnosyn: 4, varattnosyn: 2, location: 417}
              },
              6 = TargetEntry {resno: 7, resname: 0x0, ressortgroupref: 0, resorigtbl: 0, resorigcol: 0, resjunk: false} = {
                expr = Var {varno: 65001, varattno: 7, vartype: 23, vartypmod: -1, varcollid: 0, varlevelsup: 0, varnosyn: 4, varattnosyn: 1, location: 482}
              },
              7 = TargetEntry {resno: 8, resname: 0x0, ressortgroupref: 0, resorigtbl: 0, resorigcol: 0, resjunk: false} = {
                expr = Var {varno: 65000, varattno: 1, vartype: 23, vartypmod: -1, varcollid: 0, varlevelsup: 0, varnosyn: 3, varattnosyn: 1, location: 339}
              },
              8 = TargetEntry {resno: 9, resname: 0x0, ressortgroupref: 0, resorigtbl: 0, resorigcol: 0, resjunk: false} = {
                expr = Var {varno: 65000, varattno: 2, vartype: 23, vartypmod: -1, varcollid: 0, varlevelsup: 0, varnosyn: 3, varattnosyn: 4, location: 503}
              }
            },
            join.plan.lefttree = NestLoop (cost=0.00..345.24 rows=1 width=70 plan_id=6 parallel_aware=False parallel_safe = False) {join.jointype: JOIN_INNER, join.inner_unique: false} = {
              join.plan.targetlist = List with 7 elements = {
                0 = TargetEntry {resno: 1, resname: 0x0, ressortgroupref: 0, resorigtbl: 0, resorigcol: 0, resjunk: false} = {
                  expr = Var {varno: 65001, varattno: 1, vartype: 23, vartypmod: -1, varcollid: 0, varlevelsup: 0, varnosyn: 2, varattnosyn: 1, location: 437}
                },
                1 = TargetEntry {resno: 2, resname: 0x0, ressortgroupref: 0, resorigtbl: 0, resorigcol: 0, resjunk: false} = {
                  expr = Var {varno: 65000, varattno: 1, vartype: 1700, vartypmod: 983046, varcollid: 0, varlevelsup: 0, varnosyn: 4, varattnosyn: 6, location: 153}
                },
                2 = TargetEntry {resno: 3, resname: 0x0, ressortgroupref: 0, resorigtbl: 0, resorigcol: 0, resjunk: false} = {
                  expr = Var {varno: 65000, varattno: 2, vartype: 1700, vartypmod: 983046, varcollid: 0, varlevelsup: 0, varnosyn: 4, varattnosyn: 7, location: 176}
                },
                3 = TargetEntry {resno: 4, resname: 0x0, ressortgroupref: 0, resorigtbl: 0, resorigcol: 0, resjunk: false} = {
                  expr = Var {varno: 65000, varattno: 3, vartype: 1700, vartypmod: 983046, varcollid: 0, varlevelsup: 0, varnosyn: 4, varattnosyn: 5, location: 206}
                },
                4 = TargetEntry {resno: 5, resname: 0x0, ressortgroupref: 0, resorigtbl: 0, resorigcol: 0, resjunk: false} = {
                  expr = Var {varno: 65000, varattno: 4, vartype: 23, vartypmod: -1, varcollid: 0, varlevelsup: 0, varnosyn: 4, varattnosyn: 3, location: 351}
                },
                5 = TargetEntry {resno: 6, resname: 0x0, ressortgroupref: 0, resorigtbl: 0, resorigcol: 0, resjunk: false} = {
                  expr = Var {varno: 65000, varattno: 5, vartype: 23, vartypmod: -1, varcollid: 0, varlevelsup: 0, varnosyn: 4, varattnosyn: 2, location: 417}
                },
                6 = TargetEntry {resno: 7, resname: 0x0, ressortgroupref: 0, resorigtbl: 0, resorigcol: 0, resjunk: false} = {
                  expr = Var {varno: 65000, varattno: 6, vartype: 23, vartypmod: -1, varcollid: 0, varlevelsup: 0, varnosyn: 4, varattnosyn: 1, location: 482}
                }
              },
              join.plan.lefttree = RemoteQuery (cost=0.00..154.40 rows=1 width=4 plan_id=7 parallel_aware=False parallel_safe = False) {scan.scanrelid: 8, exec_direct_type: EXEC_DIRECT_NONE, sql_statement: 'SELECT p_partkey FROM ONLY public.part part WHERE ((p_name)::text ~~ '%green%'::text)', sql_node: 0x0, combine_type: COMBINE_TYPE_NONE, read_only: true, force_autocommit: false, statement: 0x0, cursor: 0x0, rq_num_params: 0, rq_params_internal: false, exec_type: EXEC_ON_DATANODES, is_temp: false, rq_finalise_aggs: false, rq_sortgroup_colno: false, has_row_marks: false, rq_save_command_id: false, rq_use_pk_for_rep_change: false, rq_max_param_num: 0} = {
                scan.plan.targetlist = List with 1 elements = {
                  0 = TargetEntry {resno: 1, resname: 0x0, ressortgroupref: 0, resorigtbl: 0, resorigcol: 0, resjunk: false} = {
                    expr = Var {varno: 8, varattno: 1, vartype: 23, vartypmod: -1, varcollid: 0, varlevelsup: 0, varnosyn: 2, varattnosyn: 1, location: 437}
                  }
                },
                exec_nodes = ExecNodes {accesstype: RELATION_ACCESS_READ, baselocatortype: 72 'H', en_relid: 0, en_funcid: 0} = {
                  en_dist_vars = List with 1 elements = {
                    0 = Var {varno: 2, varattno: 1, vartype: 23, vartypmod: -1, varcollid: 0, varlevelsup: 0, varnosyn: 2, varattnosyn: 1, location: 437}
                  },
                  nodeids = OidList with 3 elements = {16386, 16387, 16388}
                },
                remote_query = Query {commandType: CMD_SELECT, querySource: QSRC_ORIGINAL, queryId: 0, canSetTag: false, resultRelation: 0, hasAggs: false, hasWindowFuncs: false, hasTargetSRFs: false, hasSubLinks: false, hasDistinctOn: false, hasRecursive: false, hasModifyingCTE: false, hasForUpdate: false, hasRowSecurity: false, override: OVERRIDING_NOT_SET, limitOption: LIMIT_OPTION_COUNT, stmt_location: 0, stmt_len: 0, is_local: false, has_to_save_cmd_id: false, in_sub_plan: false, in_explain: false} = {
                  rtable = List with 1 elements = {
                    0 = RangeTblEntry {rtekind: RTE_RELATION, relname: 'part', relid: 270663, relkind: 114 'r', rellockmode: 1, security_barrier: false, jointype: JOIN_INNER, joinmergedcols: 0, funcordinality: false, ctename: 0x0, ctelevelsup: 0, self_reference: false, enrname: 0x0, enrtuples: 0, param_new: -1, param_old: -1, mt_result: 0x0, defaultCols: 0x0, rows: 0, lateral: false, inh: false, inFromCl: true, requiredPerms: 2, checkAsUser: 0, selectedCols: (b 11 12), insertedCols: 0x0, updatedCols: 0x0, extraUpdatedCols: 0x0} = {
                      alias = Alias aliasname: 'part',
                      eref = Alias aliasname: 'part' = {
                        colnames = List with 9 elements = {
                          0 = String[ 'p_partkey' ],
                          1 = String[ 'p_name' ],
                          2 = String[ 'p_mfgr' ],
                          3 = String[ 'p_brand' ],
                          4 = String[ 'p_type' ],
                          5 = String[ 'p_size' ],
                          6 = String[ 'p_container' ],
                          7 = String[ 'p_retailprice' ],
                          8 = String[ 'p_comment' ]
                        }
                      }
                    }
                  },
                  jointree = FromExpr  = {
                    fromlist = List with 1 elements = {
                      0 = RangeTblRef rtindex: 1
                    },
                    quals = OpExpr {opno: 1209, opfuncid: 850, opresulttype: 16, opretset: false, opcollid: 0, inputcollid: 100, location: 546} = {
                      args = List with 2 elements = {
                        0 = RelabelType {resulttype: 25, resulttypmod: -1, resultcollid: 100, relabelformat: COERCE_IMPLICIT_CAST, location: -1} = {
                          arg = Var {varno: 1, varattno: 2, vartype: 1043, vartypmod: 59, varcollid: 100, varlevelsup: 0, varnosyn: 0, varattnosyn: 2, location: 539}
                        },
                        1 = Const {consttype: 25, consttypmod: -1, constcollid: 100, constlen: -1, constvalue: 94501926527056, constisnull: false, constbyval: false, location: 551}
                      }
                    }
                  },
                  targetList = List with 1 elements = {
                    0 = TargetEntry {resno: 1, resname: 0x0, ressortgroupref: 0, resorigtbl: 0, resorigcol: 0, resjunk: false} = {
                      expr = Var {varno: 1, varattno: 1, vartype: 23, vartypmod: -1, varcollid: 0, varlevelsup: 0, varnosyn: 0, varattnosyn: 1, location: 437}
                    }
                  }
                },
                base_tlist = List with 1 elements = {
                  0 = TargetEntry {resno: 1, resname: 0x0, ressortgroupref: 0, resorigtbl: 0, resorigcol: 0, resjunk: false} = {
                    expr = Var {varno: 2, varattno: 1, vartype: 23, vartypmod: -1, varcollid: 0, varlevelsup: 0, varnosyn: 2, varattnosyn: 1, location: 437}
                  }
                },
                coord_var_tlist = List with 1 elements = {
                  0 = TargetEntry {resno: 1, resname: 0x0, ressortgroupref: 0, resorigtbl: 0, resorigcol: 0, resjunk: false} = {
                    expr = Var {varno: 2, varattno: 1, vartype: 23, vartypmod: -1, varcollid: 0, varlevelsup: 0, varnosyn: 2, varattnosyn: 1, location: 437}
                  }
                },
                query_var_tlist = List with 1 elements = {
                  0 = TargetEntry {resno: 1, resname: 0x0, ressortgroupref: 0, resorigtbl: 0, resorigcol: 0, resjunk: false} = {
                    expr = Var {varno: 1, varattno: 1, vartype: 23, vartypmod: -1, varcollid: 0, varlevelsup: 0, varnosyn: 0, varattnosyn: 1, location: 437}
                  }
                }
              },
              join.plan.righttree = RemoteQuery (cost=0.00..190.00 rows=67 width=66 plan_id=8 parallel_aware=False parallel_safe = False) {scan.scanrelid: 9, exec_direct_type: EXEC_DIRECT_NONE, sql_statement: 'SELECT l_extendedprice, l_discount, l_quantity, l_suppkey, l_partkey, l_orderkey FROM ONLY public.li', sql_node: 0x0, combine_type: COMBINE_TYPE_NONE, read_only: true, force_autocommit: false, statement: 0x0, cursor: 0x0, rq_num_params: 0, rq_params_internal: false, exec_type: EXEC_ON_DATANODES, is_temp: false, rq_finalise_aggs: false, rq_sortgroup_colno: false, has_row_marks: false, rq_save_command_id: false, rq_use_pk_for_rep_change: false, rq_max_param_num: 0} = {
                scan.plan.targetlist = List with 6 elements = {
                  0 = TargetEntry {resno: 1, resname: 0x0, ressortgroupref: 0, resorigtbl: 0, resorigcol: 0, resjunk: false} = {
                    expr = Var {varno: 9, varattno: 1, vartype: 1700, vartypmod: 983046, varcollid: 0, varlevelsup: 0, varnosyn: 4, varattnosyn: 6, location: 153}
                  },
                  1 = TargetEntry {resno: 2, resname: 0x0, ressortgroupref: 0, resorigtbl: 0, resorigcol: 0, resjunk: false} = {
                    expr = Var {varno: 9, varattno: 2, vartype: 1700, vartypmod: 983046, varcollid: 0, varlevelsup: 0, varnosyn: 4, varattnosyn: 7, location: 176}
                  },
                  2 = TargetEntry {resno: 3, resname: 0x0, ressortgroupref: 0, resorigtbl: 0, resorigcol: 0, resjunk: false} = {
                    expr = Var {varno: 9, varattno: 3, vartype: 1700, vartypmod: 983046, varcollid: 0, varlevelsup: 0, varnosyn: 4, varattnosyn: 5, location: 206}
                  },
                  3 = TargetEntry {resno: 4, resname: 0x0, ressortgroupref: 0, resorigtbl: 0, resorigcol: 0, resjunk: false} = {
                    expr = Var {varno: 9, varattno: 4, vartype: 23, vartypmod: -1, varcollid: 0, varlevelsup: 0, varnosyn: 4, varattnosyn: 3, location: 351}
                  },
                  4 = TargetEntry {resno: 5, resname: 0x0, ressortgroupref: 0, resorigtbl: 0, resorigcol: 0, resjunk: false} = {
                    expr = Var {varno: 9, varattno: 5, vartype: 23, vartypmod: -1, varcollid: 0, varlevelsup: 0, varnosyn: 4, varattnosyn: 2, location: 417}
                  },
                  5 = TargetEntry {resno: 6, resname: 0x0, ressortgroupref: 0, resorigtbl: 0, resorigcol: 0, resjunk: false} = {
                    expr = Var {varno: 9, varattno: 6, vartype: 23, vartypmod: -1, varcollid: 0, varlevelsup: 0, varnosyn: 4, varattnosyn: 1, location: 482}
                  }
                },
                exec_nodes = ExecNodes {accesstype: RELATION_ACCESS_READ, baselocatortype: 72 'H', en_relid: 0, en_funcid: 0} = {
                  en_dist_vars = List with 1 elements = {
                    0 = Var {varno: 4, varattno: 1, vartype: 23, vartypmod: -1, varcollid: 0, varlevelsup: 0, varnosyn: 4, varattnosyn: 1, location: 482}
                  },
                  nodeids = OidList with 3 elements = {16386, 16387, 16388}
                },
                remote_query = Query {commandType: CMD_SELECT, querySource: QSRC_ORIGINAL, queryId: 0, canSetTag: false, resultRelation: 0, hasAggs: false, hasWindowFuncs: false, hasTargetSRFs: false, hasSubLinks: false, hasDistinctOn: false, hasRecursive: false, hasModifyingCTE: false, hasForUpdate: false, hasRowSecurity: false, override: OVERRIDING_NOT_SET, limitOption: LIMIT_OPTION_COUNT, stmt_location: 0, stmt_len: 0, is_local: false, has_to_save_cmd_id: false, in_sub_plan: false, in_explain: false} = {
                  rtable = List with 1 elements = {
                    0 = RangeTblEntry {rtekind: RTE_RELATION, relname: 'lineitem', relid: 270678, relkind: 114 'r', rellockmode: 1, security_barrier: false, jointype: JOIN_INNER, joinmergedcols: 0, funcordinality: false, ctename: 0x0, ctelevelsup: 0, self_reference: false, enrname: 0x0, enrtuples: 0, param_new: -1, param_old: -1, mt_result: 0x0, defaultCols: 0x0, rows: 0, lateral: false, inh: false, inFromCl: true, requiredPerms: 2, checkAsUser: 0, selectedCols: (b 11 12 13 15 16 17), insertedCols: 0x0, updatedCols: 0x0, extraUpdatedCols: 0x0} = {
                      alias = Alias aliasname: 'lineitem',
                      eref = Alias aliasname: 'lineitem' = {
                        colnames = List with 16 elements = {
                          0 = String[ 'l_orderkey' ],
                          1 = String[ 'l_partkey' ],
                          2 = String[ 'l_suppkey' ],
                          3 = String[ 'l_linenumber' ],
                          4 = String[ 'l_quantity' ],
                          5 = String[ 'l_extendedprice' ],
                          6 = String[ 'l_discount' ],
                          7 = String[ 'l_tax' ],
                          8 = String[ 'l_returnflag' ],
                          9 = String[ 'l_linestatus' ],
                          10 = String[ 'l_shipdate' ],
                          11 = String[ 'l_commitdate' ],
                          12 = String[ 'l_receiptdate' ],
                          13 = String[ 'l_shipinstruct' ],
                          14 = String[ 'l_shipmode' ],
                          15 = String[ 'l_comment' ]
                        }
                      }
                    }
                  },
                  jointree = FromExpr  = {
                    fromlist = List with 1 elements = {
                      0 = RangeTblRef rtindex: 1
                    },
                    quals = Const {consttype: 16, consttypmod: -1, constcollid: 0, constlen: 1, constvalue: 1, constisnull: false, constbyval: true, location: -1}
                  },
                  targetList = List with 6 elements = {
                    0 = TargetEntry {resno: 1, resname: 0x0, ressortgroupref: 0, resorigtbl: 0, resorigcol: 0, resjunk: false} = {
                      expr = Var {varno: 1, varattno: 6, vartype: 1700, vartypmod: 983046, varcollid: 0, varlevelsup: 0, varnosyn: 0, varattnosyn: 6, location: 153}
                    },
                    1 = TargetEntry {resno: 2, resname: 0x0, ressortgroupref: 0, resorigtbl: 0, resorigcol: 0, resjunk: false} = {
                      expr = Var {varno: 1, varattno: 7, vartype: 1700, vartypmod: 983046, varcollid: 0, varlevelsup: 0, varnosyn: 0, varattnosyn: 7, location: 176}
                    },
                    2 = TargetEntry {resno: 3, resname: 0x0, ressortgroupref: 0, resorigtbl: 0, resorigcol: 0, resjunk: false} = {
                      expr = Var {varno: 1, varattno: 5, vartype: 1700, vartypmod: 983046, varcollid: 0, varlevelsup: 0, varnosyn: 0, varattnosyn: 5, location: 206}
                    },
                    3 = TargetEntry {resno: 4, resname: 0x0, ressortgroupref: 0, resorigtbl: 0, resorigcol: 0, resjunk: false} = {
                      expr = Var {varno: 1, varattno: 3, vartype: 23, vartypmod: -1, varcollid: 0, varlevelsup: 0, varnosyn: 0, varattnosyn: 3, location: 351}
                    },
                    4 = TargetEntry {resno: 5, resname: 0x0, ressortgroupref: 0, resorigtbl: 0, resorigcol: 0, resjunk: false} = {
                      expr = Var {varno: 1, varattno: 2, vartype: 23, vartypmod: -1, varcollid: 0, varlevelsup: 0, varnosyn: 0, varattnosyn: 2, location: 417}
                    },
                    5 = TargetEntry {resno: 6, resname: 0x0, ressortgroupref: 0, resorigtbl: 0, resorigcol: 0, resjunk: false} = {
                      expr = Var {varno: 1, varattno: 1, vartype: 23, vartypmod: -1, varcollid: 0, varlevelsup: 0, varnosyn: 0, varattnosyn: 1, location: 482}
                    }
                  }
                },
                base_tlist = List with 6 elements = {
                  0 = TargetEntry {resno: 1, resname: 0x0, ressortgroupref: 0, resorigtbl: 0, resorigcol: 0, resjunk: false} = {
                    expr = Var {varno: 4, varattno: 6, vartype: 1700, vartypmod: 983046, varcollid: 0, varlevelsup: 0, varnosyn: 4, varattnosyn: 6, location: 153}
                  },
                  1 = TargetEntry {resno: 2, resname: 0x0, ressortgroupref: 0, resorigtbl: 0, resorigcol: 0, resjunk: false} = {
                    expr = Var {varno: 4, varattno: 7, vartype: 1700, vartypmod: 983046, varcollid: 0, varlevelsup: 0, varnosyn: 4, varattnosyn: 7, location: 176}
                  },
                  2 = TargetEntry {resno: 3, resname: 0x0, ressortgroupref: 0, resorigtbl: 0, resorigcol: 0, resjunk: false} = {
                    expr = Var {varno: 4, varattno: 5, vartype: 1700, vartypmod: 983046, varcollid: 0, varlevelsup: 0, varnosyn: 4, varattnosyn: 5, location: 206}
                  },
                  3 = TargetEntry {resno: 4, resname: 0x0, ressortgroupref: 0, resorigtbl: 0, resorigcol: 0, resjunk: false} = {
                    expr = Var {varno: 4, varattno: 3, vartype: 23, vartypmod: -1, varcollid: 0, varlevelsup: 0, varnosyn: 4, varattnosyn: 3, location: 351}
                  },
                  4 = TargetEntry {resno: 5, resname: 0x0, ressortgroupref: 0, resorigtbl: 0, resorigcol: 0, resjunk: false} = {
                    expr = Var {varno: 4, varattno: 2, vartype: 23, vartypmod: -1, varcollid: 0, varlevelsup: 0, varnosyn: 4, varattnosyn: 2, location: 417}
                  },
                  5 = TargetEntry {resno: 6, resname: 0x0, ressortgroupref: 0, resorigtbl: 0, resorigcol: 0, resjunk: false} = {
                    expr = Var {varno: 4, varattno: 1, vartype: 23, vartypmod: -1, varcollid: 0, varlevelsup: 0, varnosyn: 4, varattnosyn: 1, location: 482}
                  }
                },
                coord_var_tlist = List with 6 elements = {
                  0 = TargetEntry {resno: 1, resname: 0x0, ressortgroupref: 0, resorigtbl: 0, resorigcol: 0, resjunk: false} = {
                    expr = Var {varno: 4, varattno: 6, vartype: 1700, vartypmod: 983046, varcollid: 0, varlevelsup: 0, varnosyn: 4, varattnosyn: 6, location: 153}
                  },
                  1 = TargetEntry {resno: 2, resname: 0x0, ressortgroupref: 0, resorigtbl: 0, resorigcol: 0, resjunk: false} = {
                    expr = Var {varno: 4, varattno: 7, vartype: 1700, vartypmod: 983046, varcollid: 0, varlevelsup: 0, varnosyn: 4, varattnosyn: 7, location: 176}
                  },
                  2 = TargetEntry {resno: 3, resname: 0x0, ressortgroupref: 0, resorigtbl: 0, resorigcol: 0, resjunk: false} = {
                    expr = Var {varno: 4, varattno: 5, vartype: 1700, vartypmod: 983046, varcollid: 0, varlevelsup: 0, varnosyn: 4, varattnosyn: 5, location: 206}
                  },
                  3 = TargetEntry {resno: 4, resname: 0x0, ressortgroupref: 0, resorigtbl: 0, resorigcol: 0, resjunk: false} = {
                    expr = Var {varno: 4, varattno: 3, vartype: 23, vartypmod: -1, varcollid: 0, varlevelsup: 0, varnosyn: 4, varattnosyn: 3, location: 351}
                  },
                  4 = TargetEntry {resno: 5, resname: 0x0, ressortgroupref: 0, resorigtbl: 0, resorigcol: 0, resjunk: false} = {
                    expr = Var {varno: 4, varattno: 2, vartype: 23, vartypmod: -1, varcollid: 0, varlevelsup: 0, varnosyn: 4, varattnosyn: 2, location: 417}
                  },
                  5 = TargetEntry {resno: 6, resname: 0x0, ressortgroupref: 0, resorigtbl: 0, resorigcol: 0, resjunk: false} = {
                    expr = Var {varno: 4, varattno: 1, vartype: 23, vartypmod: -1, varcollid: 0, varlevelsup: 0, varnosyn: 4, varattnosyn: 1, location: 482}
                  }
                },
                query_var_tlist = List with 6 elements = {
                  0 = TargetEntry {resno: 1, resname: 0x0, ressortgroupref: 0, resorigtbl: 0, resorigcol: 0, resjunk: false} = {
                    expr = Var {varno: 1, varattno: 6, vartype: 1700, vartypmod: 983046, varcollid: 0, varlevelsup: 0, varnosyn: 0, varattnosyn: 6, location: 153}
                  },
                  1 = TargetEntry {resno: 2, resname: 0x0, ressortgroupref: 0, resorigtbl: 0, resorigcol: 0, resjunk: false} = {
                    expr = Var {varno: 1, varattno: 7, vartype: 1700, vartypmod: 983046, varcollid: 0, varlevelsup: 0, varnosyn: 0, varattnosyn: 7, location: 176}
                  },
                  2 = TargetEntry {resno: 3, resname: 0x0, ressortgroupref: 0, resorigtbl: 0, resorigcol: 0, resjunk: false} = {
                    expr = Var {varno: 1, varattno: 5, vartype: 1700, vartypmod: 983046, varcollid: 0, varlevelsup: 0, varnosyn: 0, varattnosyn: 5, location: 206}
                  },
                  3 = TargetEntry {resno: 4, resname: 0x0, ressortgroupref: 0, resorigtbl: 0, resorigcol: 0, resjunk: false} = {
                    expr = Var {varno: 1, varattno: 3, vartype: 23, vartypmod: -1, varcollid: 0, varlevelsup: 0, varnosyn: 0, varattnosyn: 3, location: 351}
                  },
                  4 = TargetEntry {resno: 5, resname: 0x0, ressortgroupref: 0, resorigtbl: 0, resorigcol: 0, resjunk: false} = {
                    expr = Var {varno: 1, varattno: 2, vartype: 23, vartypmod: -1, varcollid: 0, varlevelsup: 0, varnosyn: 0, varattnosyn: 2, location: 417}
                  },
                  5 = TargetEntry {resno: 6, resname: 0x0, ressortgroupref: 0, resorigtbl: 0, resorigcol: 0, resjunk: false} = {
                    expr = Var {varno: 1, varattno: 1, vartype: 23, vartypmod: -1, varcollid: 0, varlevelsup: 0, varnosyn: 0, varattnosyn: 1, location: 482}
                  }
                }
              },
              join.joinqual = List with 1 elements = {
                0 = OpExpr {opno: 96, opfuncid: 65, opresulttype: 16, opretset: false, opcollid: 0, inputcollid: 0, location: -1} = {
                  args = List with 2 elements = {
                    0 = Var {varno: 65001, varattno: 1, vartype: 23, vartypmod: -1, varcollid: 0, varlevelsup: 0, varnosyn: 2, varattnosyn: 1, location: 437},
                    1 = Var {varno: 65000, varattno: 5, vartype: 23, vartypmod: -1, varcollid: 0, varlevelsup: 0, varnosyn: 4, varattnosyn: 2, location: 417}
                  }
                }
              }
            },
            join.plan.righttree = RemoteQuery (cost=0.00..145.00 rows=50 width=8 plan_id=9 parallel_aware=False parallel_safe = False) {scan.scanrelid: 10, exec_direct_type: EXEC_DIRECT_NONE, sql_statement: 'SELECT s_suppkey, s_nationkey FROM ONLY public.supplier supplier WHERE true', sql_node: 0x0, combine_type: COMBINE_TYPE_NONE, read_only: true, force_autocommit: false, statement: 0x0, cursor: 0x0, rq_num_params: 0, rq_params_internal: false, exec_type: EXEC_ON_DATANODES, is_temp: false, rq_finalise_aggs: false, rq_sortgroup_colno: false, has_row_marks: false, rq_save_command_id: false, rq_use_pk_for_rep_change: false, rq_max_param_num: 0} = {
              scan.plan.targetlist = List with 2 elements = {
                0 = TargetEntry {resno: 1, resname: 0x0, ressortgroupref: 0, resorigtbl: 0, resorigcol: 0, resjunk: false} = {
                  expr = Var {varno: 10, varattno: 1, vartype: 23, vartypmod: -1, varcollid: 0, varlevelsup: 0, varnosyn: 3, varattnosyn: 1, location: 339}
                },
                1 = TargetEntry {resno: 2, resname: 0x0, ressortgroupref: 0, resorigtbl: 0, resorigcol: 0, resjunk: false} = {
                  expr = Var {varno: 10, varattno: 2, vartype: 23, vartypmod: -1, varcollid: 0, varlevelsup: 0, varnosyn: 3, varattnosyn: 4, location: 503}
                }
              },
              exec_nodes = ExecNodes {accesstype: RELATION_ACCESS_READ, baselocatortype: 72 'H', en_relid: 0, en_funcid: 0} = {
                en_dist_vars = List with 1 elements = {
                  0 = Var {varno: 3, varattno: 1, vartype: 23, vartypmod: -1, varcollid: 0, varlevelsup: 0, varnosyn: 3, varattnosyn: 1, location: 339}
                },
                nodeids = OidList with 3 elements = {16386, 16387, 16388}
              },
              remote_query = Query {commandType: CMD_SELECT, querySource: QSRC_ORIGINAL, queryId: 0, canSetTag: false, resultRelation: 0, hasAggs: false, hasWindowFuncs: false, hasTargetSRFs: false, hasSubLinks: false, hasDistinctOn: false, hasRecursive: false, hasModifyingCTE: false, hasForUpdate: false, hasRowSecurity: false, override: OVERRIDING_NOT_SET, limitOption: LIMIT_OPTION_COUNT, stmt_location: 0, stmt_len: 0, is_local: false, has_to_save_cmd_id: false, in_sub_plan: false, in_explain: false} = {
                rtable = List with 1 elements = {
                  0 = RangeTblEntry {rtekind: RTE_RELATION, relname: 'supplier', relid: 270666, relkind: 114 'r', rellockmode: 1, security_barrier: false, jointype: JOIN_INNER, joinmergedcols: 0, funcordinality: false, ctename: 0x0, ctelevelsup: 0, self_reference: false, enrname: 0x0, enrtuples: 0, param_new: -1, param_old: -1, mt_result: 0x0, defaultCols: 0x0, rows: 0, lateral: false, inh: false, inFromCl: true, requiredPerms: 2, checkAsUser: 0, selectedCols: (b 11 14), insertedCols: 0x0, updatedCols: 0x0, extraUpdatedCols: 0x0} = {
                    alias = Alias aliasname: 'supplier',
                    eref = Alias aliasname: 'supplier' = {
                      colnames = List with 7 elements = {
                        0 = String[ 's_suppkey' ],
                        1 = String[ 's_name' ],
                        2 = String[ 's_address' ],
                        3 = String[ 's_nationkey' ],
                        4 = String[ 's_phone' ],
                        5 = String[ 's_acctbal' ],
                        6 = String[ 's_comment' ]
                      }
                    }
                  }
                },
                jointree = FromExpr  = {
                  fromlist = List with 1 elements = {
                    0 = RangeTblRef rtindex: 1
                  },
                  quals = Const {consttype: 16, consttypmod: -1, constcollid: 0, constlen: 1, constvalue: 1, constisnull: false, constbyval: true, location: -1}
                },
                targetList = List with 2 elements = {
                  0 = TargetEntry {resno: 1, resname: 0x0, ressortgroupref: 0, resorigtbl: 0, resorigcol: 0, resjunk: false} = {
                    expr = Var {varno: 1, varattno: 1, vartype: 23, vartypmod: -1, varcollid: 0, varlevelsup: 0, varnosyn: 0, varattnosyn: 1, location: 339}
                  },
                  1 = TargetEntry {resno: 2, resname: 0x0, ressortgroupref: 0, resorigtbl: 0, resorigcol: 0, resjunk: false} = {
                    expr = Var {varno: 1, varattno: 4, vartype: 23, vartypmod: -1, varcollid: 0, varlevelsup: 0, varnosyn: 0, varattnosyn: 4, location: 503}
                  }
                }
              },
              base_tlist = List with 2 elements = {
                0 = TargetEntry {resno: 1, resname: 0x0, ressortgroupref: 0, resorigtbl: 0, resorigcol: 0, resjunk: false} = {
                  expr = Var {varno: 3, varattno: 1, vartype: 23, vartypmod: -1, varcollid: 0, varlevelsup: 0, varnosyn: 3, varattnosyn: 1, location: 339}
                },
                1 = TargetEntry {resno: 2, resname: 0x0, ressortgroupref: 0, resorigtbl: 0, resorigcol: 0, resjunk: false} = {
                  expr = Var {varno: 3, varattno: 4, vartype: 23, vartypmod: -1, varcollid: 0, varlevelsup: 0, varnosyn: 3, varattnosyn: 4, location: 503}
                }
              },
              coord_var_tlist = List with 2 elements = {
                0 = TargetEntry {resno: 1, resname: 0x0, ressortgroupref: 0, resorigtbl: 0, resorigcol: 0, resjunk: false} = {
                  expr = Var {varno: 3, varattno: 1, vartype: 23, vartypmod: -1, varcollid: 0, varlevelsup: 0, varnosyn: 3, varattnosyn: 1, location: 339}
                },
                1 = TargetEntry {resno: 2, resname: 0x0, ressortgroupref: 0, resorigtbl: 0, resorigcol: 0, resjunk: false} = {
                  expr = Var {varno: 3, varattno: 4, vartype: 23, vartypmod: -1, varcollid: 0, varlevelsup: 0, varnosyn: 3, varattnosyn: 4, location: 503}
                }
              },
              query_var_tlist = List with 2 elements = {
                0 = TargetEntry {resno: 1, resname: 0x0, ressortgroupref: 0, resorigtbl: 0, resorigcol: 0, resjunk: false} = {
                  expr = Var {varno: 1, varattno: 1, vartype: 23, vartypmod: -1, varcollid: 0, varlevelsup: 0, varnosyn: 0, varattnosyn: 1, location: 339}
                },
                1 = TargetEntry {resno: 2, resname: 0x0, ressortgroupref: 0, resorigtbl: 0, resorigcol: 0, resjunk: false} = {
                  expr = Var {varno: 1, varattno: 4, vartype: 23, vartypmod: -1, varcollid: 0, varlevelsup: 0, varnosyn: 0, varattnosyn: 4, location: 503}
                }
              }
            },
            join.joinqual = List with 1 elements = {
              0 = OpExpr {opno: 96, opfuncid: 65, opresulttype: 16, opretset: false, opcollid: 0, inputcollid: 0, location: -1} = {
                args = List with 2 elements = {
                  0 = Var {varno: 65001, varattno: 5, vartype: 23, vartypmod: -1, varcollid: 0, varlevelsup: 0, varnosyn: 4, varattnosyn: 3, location: 351},
                  1 = Var {varno: 65000, varattno: 1, vartype: 23, vartypmod: -1, varcollid: 0, varlevelsup: 0, varnosyn: 3, varattnosyn: 1, location: 339}
                }
              }
            }
          },
          join.plan.righttree = RemoteQuery (cost=0.00..163.00 rows=57 width=26 plan_id=10 parallel_aware=False parallel_safe = False) {scan.scanrelid: 11, exec_direct_type: EXEC_DIRECT_NONE, sql_statement: 'SELECT ps_supplycost, ps_suppkey, ps_partkey FROM ONLY public.partsupp partsupp WHERE true', sql_node: 0x0, combine_type: COMBINE_TYPE_NONE, read_only: true, force_autocommit: false, statement: 0x0, cursor: 0x0, rq_num_params: 0, rq_params_internal: false, exec_type: EXEC_ON_DATANODES, is_temp: false, rq_finalise_aggs: false, rq_sortgroup_colno: false, has_row_marks: false, rq_save_command_id: false, rq_use_pk_for_rep_change: false, rq_max_param_num: 0} = {
            scan.plan.targetlist = List with 3 elements = {
              0 = TargetEntry {resno: 1, resname: 0x0, ressortgroupref: 0, resorigtbl: 0, resorigcol: 0, resjunk: false} = {
                expr = Var {varno: 11, varattno: 1, vartype: 1700, vartypmod: 983046, varcollid: 0, varlevelsup: 0, varnosyn: 5, varattnosyn: 4, location: 190}
              },
              1 = TargetEntry {resno: 2, resname: 0x0, ressortgroupref: 0, resorigtbl: 0, resorigcol: 0, resjunk: false} = {
                expr = Var {varno: 11, varattno: 2, vartype: 23, vartypmod: -1, varcollid: 0, varlevelsup: 0, varnosyn: 5, varattnosyn: 2, location: 371}
              },
              2 = TargetEntry {resno: 3, resname: 0x0, ressortgroupref: 0, resorigtbl: 0, resorigcol: 0, resjunk: false} = {
                expr = Var {varno: 11, varattno: 3, vartype: 23, vartypmod: -1, varcollid: 0, varlevelsup: 0, varnosyn: 5, varattnosyn: 1, location: 404}
              }
            },
            exec_nodes = ExecNodes {accesstype: RELATION_ACCESS_READ, baselocatortype: 72 'H', en_relid: 0, en_funcid: 0} = {
              en_dist_vars = List with 1 elements = {
                0 = Var {varno: 5, varattno: 1, vartype: 23, vartypmod: -1, varcollid: 0, varlevelsup: 0, varnosyn: 5, varattnosyn: 1, location: 404}
              },
              nodeids = OidList with 3 elements = {16386, 16387, 16388}
            },
            remote_query = Query {commandType: CMD_SELECT, querySource: QSRC_ORIGINAL, queryId: 0, canSetTag: false, resultRelation: 0, hasAggs: false, hasWindowFuncs: false, hasTargetSRFs: false, hasSubLinks: false, hasDistinctOn: false, hasRecursive: false, hasModifyingCTE: false, hasForUpdate: false, hasRowSecurity: false, override: OVERRIDING_NOT_SET, limitOption: LIMIT_OPTION_COUNT, stmt_location: 0, stmt_len: 0, is_local: false, has_to_save_cmd_id: false, in_sub_plan: false, in_explain: false} = {
              rtable = List with 1 elements = {
                0 = RangeTblEntry {rtekind: RTE_RELATION, relname: 'partsupp', relid: 270669, relkind: 114 'r', rellockmode: 1, security_barrier: false, jointype: JOIN_INNER, joinmergedcols: 0, funcordinality: false, ctename: 0x0, ctelevelsup: 0, self_reference: false, enrname: 0x0, enrtuples: 0, param_new: -1, param_old: -1, mt_result: 0x0, defaultCols: 0x0, rows: 0, lateral: false, inh: false, inFromCl: true, requiredPerms: 2, checkAsUser: 0, selectedCols: (b 11 12 14), insertedCols: 0x0, updatedCols: 0x0, extraUpdatedCols: 0x0} = {
                  alias = Alias aliasname: 'partsupp',
                  eref = Alias aliasname: 'partsupp' = {
                    colnames = List with 5 elements = {
                      0 = String[ 'ps_partkey' ],
                      1 = String[ 'ps_suppkey' ],
                      2 = String[ 'ps_availqty' ],
                      3 = String[ 'ps_supplycost' ],
                      4 = String[ 'ps_comment' ]
                    }
                  }
                }
              },
              jointree = FromExpr  = {
                fromlist = List with 1 elements = {
                  0 = RangeTblRef rtindex: 1
                },
                quals = Const {consttype: 16, consttypmod: -1, constcollid: 0, constlen: 1, constvalue: 1, constisnull: false, constbyval: true, location: -1}
              },
              targetList = List with 3 elements = {
                0 = TargetEntry {resno: 1, resname: 0x0, ressortgroupref: 0, resorigtbl: 0, resorigcol: 0, resjunk: false} = {
                  expr = Var {varno: 1, varattno: 4, vartype: 1700, vartypmod: 983046, varcollid: 0, varlevelsup: 0, varnosyn: 0, varattnosyn: 4, location: 190}
                },
                1 = TargetEntry {resno: 2, resname: 0x0, ressortgroupref: 0, resorigtbl: 0, resorigcol: 0, resjunk: false} = {
                  expr = Var {varno: 1, varattno: 2, vartype: 23, vartypmod: -1, varcollid: 0, varlevelsup: 0, varnosyn: 0, varattnosyn: 2, location: 371}
                },
                2 = TargetEntry {resno: 3, resname: 0x0, ressortgroupref: 0, resorigtbl: 0, resorigcol: 0, resjunk: false} = {
                  expr = Var {varno: 1, varattno: 1, vartype: 23, vartypmod: -1, varcollid: 0, varlevelsup: 0, varnosyn: 0, varattnosyn: 1, location: 404}
                }
              }
            },
            base_tlist = List with 3 elements = {
              0 = TargetEntry {resno: 1, resname: 0x0, ressortgroupref: 0, resorigtbl: 0, resorigcol: 0, resjunk: false} = {
                expr = Var {varno: 5, varattno: 4, vartype: 1700, vartypmod: 983046, varcollid: 0, varlevelsup: 0, varnosyn: 5, varattnosyn: 4, location: 190}
              },
              1 = TargetEntry {resno: 2, resname: 0x0, ressortgroupref: 0, resorigtbl: 0, resorigcol: 0, resjunk: false} = {
                expr = Var {varno: 5, varattno: 2, vartype: 23, vartypmod: -1, varcollid: 0, varlevelsup: 0, varnosyn: 5, varattnosyn: 2, location: 371}
              },
              2 = TargetEntry {resno: 3, resname: 0x0, ressortgroupref: 0, resorigtbl: 0, resorigcol: 0, resjunk: false} = {
                expr = Var {varno: 5, varattno: 1, vartype: 23, vartypmod: -1, varcollid: 0, varlevelsup: 0, varnosyn: 5, varattnosyn: 1, location: 404}
              }
            },
            coord_var_tlist = List with 3 elements = {
              0 = TargetEntry {resno: 1, resname: 0x0, ressortgroupref: 0, resorigtbl: 0, resorigcol: 0, resjunk: false} = {
                expr = Var {varno: 5, varattno: 4, vartype: 1700, vartypmod: 983046, varcollid: 0, varlevelsup: 0, varnosyn: 5, varattnosyn: 4, location: 190}
              },
              1 = TargetEntry {resno: 2, resname: 0x0, ressortgroupref: 0, resorigtbl: 0, resorigcol: 0, resjunk: false} = {
                expr = Var {varno: 5, varattno: 2, vartype: 23, vartypmod: -1, varcollid: 0, varlevelsup: 0, varnosyn: 5, varattnosyn: 2, location: 371}
              },
              2 = TargetEntry {resno: 3, resname: 0x0, ressortgroupref: 0, resorigtbl: 0, resorigcol: 0, resjunk: false} = {
                expr = Var {varno: 5, varattno: 1, vartype: 23, vartypmod: -1, varcollid: 0, varlevelsup: 0, varnosyn: 5, varattnosyn: 1, location: 404}
              }
            },
            query_var_tlist = List with 3 elements = {
              0 = TargetEntry {resno: 1, resname: 0x0, ressortgroupref: 0, resorigtbl: 0, resorigcol: 0, resjunk: false} = {
                expr = Var {varno: 1, varattno: 4, vartype: 1700, vartypmod: 983046, varcollid: 0, varlevelsup: 0, varnosyn: 0, varattnosyn: 4, location: 190}
              },
              1 = TargetEntry {resno: 2, resname: 0x0, ressortgroupref: 0, resorigtbl: 0, resorigcol: 0, resjunk: false} = {
                expr = Var {varno: 1, varattno: 2, vartype: 23, vartypmod: -1, varcollid: 0, varlevelsup: 0, varnosyn: 0, varattnosyn: 2, location: 371}
              },
              2 = TargetEntry {resno: 3, resname: 0x0, ressortgroupref: 0, resorigtbl: 0, resorigcol: 0, resjunk: false} = {
                expr = Var {varno: 1, varattno: 1, vartype: 23, vartypmod: -1, varcollid: 0, varlevelsup: 0, varnosyn: 0, varattnosyn: 1, location: 404}
              }
            }
          },
          join.joinqual = List with 2 elements = {
            0 = OpExpr {opno: 96, opfuncid: 65, opresulttype: 16, opretset: false, opcollid: 0, inputcollid: 0, location: -1} = {
              args = List with 2 elements = {
                0 = Var {varno: 65001, varattno: 8, vartype: 23, vartypmod: -1, varcollid: 0, varlevelsup: 0, varnosyn: 3, varattnosyn: 1, location: 339},
                1 = Var {varno: 65000, varattno: 2, vartype: 23, vartypmod: -1, varcollid: 0, varlevelsup: 0, varnosyn: 5, varattnosyn: 2, location: 371}
              }
            },
            1 = OpExpr {opno: 96, opfuncid: 65, opresulttype: 16, opretset: false, opcollid: 0, inputcollid: 0, location: -1} = {
              args = List with 2 elements = {
                0 = Var {varno: 65001, varattno: 6, vartype: 23, vartypmod: -1, varcollid: 0, varlevelsup: 0, varnosyn: 4, varattnosyn: 2, location: 417},
                1 = Var {varno: 65000, varattno: 3, vartype: 23, vartypmod: -1, varcollid: 0, varlevelsup: 0, varnosyn: 5, varattnosyn: 1, location: 404}
              }
            }
          }
        },
        join.plan.righttree = RemoteQuery (cost=0.00..199.00 rows=70 width=8 plan_id=11 parallel_aware=False parallel_safe = False) {scan.scanrelid: 12, exec_direct_type: EXEC_DIRECT_NONE, sql_statement: 'SELECT o_orderdate, o_orderkey FROM ONLY public.orders orders WHERE true', sql_node: 0x0, combine_type: COMBINE_TYPE_NONE, read_only: true, force_autocommit: false, statement: 0x0, cursor: 0x0, rq_num_params: 0, rq_params_internal: false, exec_type: EXEC_ON_DATANODES, is_temp: false, rq_finalise_aggs: false, rq_sortgroup_colno: false, has_row_marks: false, rq_save_command_id: false, rq_use_pk_for_rep_change: false, rq_max_param_num: 0} = {
          scan.plan.targetlist = List with 2 elements = {
            0 = TargetEntry {resno: 1, resname: 0x0, ressortgroupref: 0, resorigtbl: 0, resorigcol: 0, resjunk: false} = {
              expr = Var {varno: 12, varattno: 1, vartype: 1082, vartypmod: -1, varcollid: 0, varlevelsup: 0, varnosyn: 6, varattnosyn: 5, location: 123}
            },
            1 = TargetEntry {resno: 2, resname: 0x0, ressortgroupref: 0, resorigtbl: 0, resorigcol: 0, resjunk: false} = {
              expr = Var {varno: 12, varattno: 2, vartype: 23, vartypmod: -1, varcollid: 0, varlevelsup: 0, varnosyn: 6, varattnosyn: 1, location: 469}
            }
          },
          exec_nodes = ExecNodes {accesstype: RELATION_ACCESS_READ, baselocatortype: 72 'H', en_relid: 0, en_funcid: 0} = {
            en_dist_vars = List with 1 elements = {
              0 = Var {varno: 6, varattno: 1, vartype: 23, vartypmod: -1, varcollid: 0, varlevelsup: 0, varnosyn: 6, varattnosyn: 1, location: 469}
            },
            nodeids = OidList with 3 elements = {16386, 16387, 16388}
          },
          remote_query = Query {commandType: CMD_SELECT, querySource: QSRC_ORIGINAL, queryId: 0, canSetTag: false, resultRelation: 0, hasAggs: false, hasWindowFuncs: false, hasTargetSRFs: false, hasSubLinks: false, hasDistinctOn: false, hasRecursive: false, hasModifyingCTE: false, hasForUpdate: false, hasRowSecurity: false, override: OVERRIDING_NOT_SET, limitOption: LIMIT_OPTION_COUNT, stmt_location: 0, stmt_len: 0, is_local: false, has_to_save_cmd_id: false, in_sub_plan: false, in_explain: false} = {
            rtable = List with 1 elements = {
              0 = RangeTblEntry {rtekind: RTE_RELATION, relname: 'orders', relid: 270675, relkind: 114 'r', rellockmode: 1, security_barrier: false, jointype: JOIN_INNER, joinmergedcols: 0, funcordinality: false, ctename: 0x0, ctelevelsup: 0, self_reference: false, enrname: 0x0, enrtuples: 0, param_new: -1, param_old: -1, mt_result: 0x0, defaultCols: 0x0, rows: 0, lateral: false, inh: false, inFromCl: true, requiredPerms: 2, checkAsUser: 0, selectedCols: (b 11 15), insertedCols: 0x0, updatedCols: 0x0, extraUpdatedCols: 0x0} = {
                alias = Alias aliasname: 'orders',
                eref = Alias aliasname: 'orders' = {
                  colnames = List with 9 elements = {
                    0 = String[ 'o_orderkey' ],
                    1 = String[ 'o_custkey' ],
                    2 = String[ 'o_orderstatus' ],
                    3 = String[ 'o_totalprice' ],
                    4 = String[ 'o_orderdate' ],
                    5 = String[ 'o_orderpriority' ],
                    6 = String[ 'o_clerk' ],
                    7 = String[ 'o_shippriority' ],
                    8 = String[ 'o_comment' ]
                  }
                }
              }
            },
            jointree = FromExpr  = {
              fromlist = List with 1 elements = {
                0 = RangeTblRef rtindex: 1
              },
              quals = Const {consttype: 16, consttypmod: -1, constcollid: 0, constlen: 1, constvalue: 1, constisnull: false, constbyval: true, location: -1}
            },
            targetList = List with 2 elements = {
              0 = TargetEntry {resno: 1, resname: 0x0, ressortgroupref: 0, resorigtbl: 0, resorigcol: 0, resjunk: false} = {
                expr = Var {varno: 1, varattno: 5, vartype: 1082, vartypmod: -1, varcollid: 0, varlevelsup: 0, varnosyn: 0, varattnosyn: 5, location: 123}
              },
              1 = TargetEntry {resno: 2, resname: 0x0, ressortgroupref: 0, resorigtbl: 0, resorigcol: 0, resjunk: false} = {
                expr = Var {varno: 1, varattno: 1, vartype: 23, vartypmod: -1, varcollid: 0, varlevelsup: 0, varnosyn: 0, varattnosyn: 1, location: 469}
              }
            }
          },
          base_tlist = List with 2 elements = {
            0 = TargetEntry {resno: 1, resname: 0x0, ressortgroupref: 0, resorigtbl: 0, resorigcol: 0, resjunk: false} = {
              expr = Var {varno: 6, varattno: 5, vartype: 1082, vartypmod: -1, varcollid: 0, varlevelsup: 0, varnosyn: 6, varattnosyn: 5, location: 123}
            },
            1 = TargetEntry {resno: 2, resname: 0x0, ressortgroupref: 0, resorigtbl: 0, resorigcol: 0, resjunk: false} = {
              expr = Var {varno: 6, varattno: 1, vartype: 23, vartypmod: -1, varcollid: 0, varlevelsup: 0, varnosyn: 6, varattnosyn: 1, location: 469}
            }
          },
          coord_var_tlist = List with 2 elements = {
            0 = TargetEntry {resno: 1, resname: 0x0, ressortgroupref: 0, resorigtbl: 0, resorigcol: 0, resjunk: false} = {
              expr = Var {varno: 6, varattno: 5, vartype: 1082, vartypmod: -1, varcollid: 0, varlevelsup: 0, varnosyn: 6, varattnosyn: 5, location: 123}
            },
            1 = TargetEntry {resno: 2, resname: 0x0, ressortgroupref: 0, resorigtbl: 0, resorigcol: 0, resjunk: false} = {
              expr = Var {varno: 6, varattno: 1, vartype: 23, vartypmod: -1, varcollid: 0, varlevelsup: 0, varnosyn: 6, varattnosyn: 1, location: 469}
            }
          },
          query_var_tlist = List with 2 elements = {
            0 = TargetEntry {resno: 1, resname: 0x0, ressortgroupref: 0, resorigtbl: 0, resorigcol: 0, resjunk: false} = {
              expr = Var {varno: 1, varattno: 5, vartype: 1082, vartypmod: -1, varcollid: 0, varlevelsup: 0, varnosyn: 0, varattnosyn: 5, location: 123}
            },
            1 = TargetEntry {resno: 2, resname: 0x0, ressortgroupref: 0, resorigtbl: 0, resorigcol: 0, resjunk: false} = {
              expr = Var {varno: 1, varattno: 1, vartype: 23, vartypmod: -1, varcollid: 0, varlevelsup: 0, varnosyn: 0, varattnosyn: 1, location: 469}
            }
          }
        },
        join.joinqual = List with 1 elements = {
          0 = OpExpr {opno: 96, opfuncid: 65, opresulttype: 16, opretset: false, opcollid: 0, inputcollid: 0, location: -1} = {
            args = List with 2 elements = {
              0 = Var {varno: 65001, varattno: 4, vartype: 23, vartypmod: -1, varcollid: 0, varlevelsup: 0, varnosyn: 4, varattnosyn: 1, location: 482},
              1 = Var {varno: 65000, varattno: 2, vartype: 23, vartypmod: -1, varcollid: 0, varlevelsup: 0, varnosyn: 6, varattnosyn: 1, location: 469}
            }
          }
        }
      },
      join.plan.righttree = RemoteQuery (cost=0.00..163.00 rows=57 width=108 plan_id=12 parallel_aware=False parallel_safe = False) {scan.scanrelid: 13, exec_direct_type: EXEC_DIRECT_NONE, sql_statement: 'SELECT n_name, n_nationkey FROM ONLY public.nation nation WHERE true', sql_node: 0x0, combine_type: COMBINE_TYPE_NONE, read_only: true, force_autocommit: false, statement: 0x0, cursor: 0x0, rq_num_params: 0, rq_params_internal: false, exec_type: EXEC_ON_DATANODES, is_temp: false, rq_finalise_aggs: false, rq_sortgroup_colno: false, has_row_marks: false, rq_save_command_id: false, rq_use_pk_for_rep_change: false, rq_max_param_num: 0} = {
        scan.plan.targetlist = List with 2 elements = {
          0 = TargetEntry {resno: 1, resname: 0x0, ressortgroupref: 0, resorigtbl: 0, resorigcol: 0, resjunk: false} = {
            expr = Var {varno: 13, varattno: 1, vartype: 1042, vartypmod: 29, varcollid: 100, varlevelsup: 0, varnosyn: 7, varattnosyn: 2, location: 81}
          },
          1 = TargetEntry {resno: 2, resname: 0x0, ressortgroupref: 0, resorigtbl: 0, resorigcol: 0, resjunk: false} = {
            expr = Var {varno: 13, varattno: 2, vartype: 23, vartypmod: -1, varcollid: 0, varlevelsup: 0, varnosyn: 7, varattnosyn: 1, location: 517}
          }
        },
        exec_nodes = ExecNodes {accesstype: RELATION_ACCESS_READ, baselocatortype: 72 'H', en_relid: 0, en_funcid: 0} = {
          en_dist_vars = List with 1 elements = {
            0 = Var {varno: 7, varattno: 1, vartype: 23, vartypmod: -1, varcollid: 0, varlevelsup: 0, varnosyn: 7, varattnosyn: 1, location: 517}
          },
          nodeids = OidList with 3 elements = {16386, 16387, 16388}
        },
        remote_query = Query {commandType: CMD_SELECT, querySource: QSRC_ORIGINAL, queryId: 0, canSetTag: false, resultRelation: 0, hasAggs: false, hasWindowFuncs: false, hasTargetSRFs: false, hasSubLinks: false, hasDistinctOn: false, hasRecursive: false, hasModifyingCTE: false, hasForUpdate: false, hasRowSecurity: false, override: OVERRIDING_NOT_SET, limitOption: LIMIT_OPTION_COUNT, stmt_location: 0, stmt_len: 0, is_local: false, has_to_save_cmd_id: false, in_sub_plan: false, in_explain: false} = {
          rtable = List with 1 elements = {
            0 = RangeTblEntry {rtekind: RTE_RELATION, relname: 'nation', relid: 270657, relkind: 114 'r', rellockmode: 1, security_barrier: false, jointype: JOIN_INNER, joinmergedcols: 0, funcordinality: false, ctename: 0x0, ctelevelsup: 0, self_reference: false, enrname: 0x0, enrtuples: 0, param_new: -1, param_old: -1, mt_result: 0x0, defaultCols: 0x0, rows: 0, lateral: false, inh: false, inFromCl: true, requiredPerms: 2, checkAsUser: 0, selectedCols: (b 11 12), insertedCols: 0x0, updatedCols: 0x0, extraUpdatedCols: 0x0} = {
              alias = Alias aliasname: 'nation',
              eref = Alias aliasname: 'nation' = {
                colnames = List with 4 elements = {
                  0 = String[ 'n_nationkey' ],
                  1 = String[ 'n_name' ],
                  2 = String[ 'n_regionkey' ],
                  3 = String[ 'n_comment' ]
                }
              }
            }
          },
          jointree = FromExpr  = {
            fromlist = List with 1 elements = {
              0 = RangeTblRef rtindex: 1
            },
            quals = Const {consttype: 16, consttypmod: -1, constcollid: 0, constlen: 1, constvalue: 1, constisnull: false, constbyval: true, location: -1}
          },
          targetList = List with 2 elements = {
            0 = TargetEntry {resno: 1, resname: 0x0, ressortgroupref: 0, resorigtbl: 0, resorigcol: 0, resjunk: false} = {
              expr = Var {varno: 1, varattno: 2, vartype: 1042, vartypmod: 29, varcollid: 100, varlevelsup: 0, varnosyn: 0, varattnosyn: 2, location: 81}
            },
            1 = TargetEntry {resno: 2, resname: 0x0, ressortgroupref: 0, resorigtbl: 0, resorigcol: 0, resjunk: false} = {
              expr = Var {varno: 1, varattno: 1, vartype: 23, vartypmod: -1, varcollid: 0, varlevelsup: 0, varnosyn: 0, varattnosyn: 1, location: 517}
            }
          }
        },
        base_tlist = List with 2 elements = {
          0 = TargetEntry {resno: 1, resname: 0x0, ressortgroupref: 0, resorigtbl: 0, resorigcol: 0, resjunk: false} = {
            expr = Var {varno: 7, varattno: 2, vartype: 1042, vartypmod: 29, varcollid: 100, varlevelsup: 0, varnosyn: 7, varattnosyn: 2, location: 81}
          },
          1 = TargetEntry {resno: 2, resname: 0x0, ressortgroupref: 0, resorigtbl: 0, resorigcol: 0, resjunk: false} = {
            expr = Var {varno: 7, varattno: 1, vartype: 23, vartypmod: -1, varcollid: 0, varlevelsup: 0, varnosyn: 7, varattnosyn: 1, location: 517}
          }
        },
        coord_var_tlist = List with 2 elements = {
          0 = TargetEntry {resno: 1, resname: 0x0, ressortgroupref: 0, resorigtbl: 0, resorigcol: 0, resjunk: false} = {
            expr = Var {varno: 7, varattno: 2, vartype: 1042, vartypmod: 29, varcollid: 100, varlevelsup: 0, varnosyn: 7, varattnosyn: 2, location: 81}
          },
          1 = TargetEntry {resno: 2, resname: 0x0, ressortgroupref: 0, resorigtbl: 0, resorigcol: 0, resjunk: false} = {
            expr = Var {varno: 7, varattno: 1, vartype: 23, vartypmod: -1, varcollid: 0, varlevelsup: 0, varnosyn: 7, varattnosyn: 1, location: 517}
          }
        },
        query_var_tlist = List with 2 elements = {
          0 = TargetEntry {resno: 1, resname: 0x0, ressortgroupref: 0, resorigtbl: 0, resorigcol: 0, resjunk: false} = {
            expr = Var {varno: 1, varattno: 2, vartype: 1042, vartypmod: 29, varcollid: 100, varlevelsup: 0, varnosyn: 0, varattnosyn: 2, location: 81}
          },
          1 = TargetEntry {resno: 2, resname: 0x0, ressortgroupref: 0, resorigtbl: 0, resorigcol: 0, resjunk: false} = {
            expr = Var {varno: 1, varattno: 1, vartype: 23, vartypmod: -1, varcollid: 0, varlevelsup: 0, varnosyn: 0, varattnosyn: 1, location: 517}
          }
        }
      },
      join.joinqual = List with 1 elements = {
        0 = OpExpr {opno: 96, opfuncid: 65, opresulttype: 16, opretset: false, opcollid: 0, inputcollid: 0, location: -1} = {
          args = List with 2 elements = {
            0 = Var {varno: 65001, varattno: 4, vartype: 23, vartypmod: -1, varcollid: 0, varlevelsup: 0, varnosyn: 3, varattnosyn: 4, location: 503},
            1 = Var {varno: 65000, varattno: 2, vartype: 23, vartypmod: -1, varcollid: 0, varlevelsup: 0, varnosyn: 7, varattnosyn: 1, location: 517}
          }
        }
      }
    }
  }
}

Breakpoint 1, standard_planner (parse=0x55f2f1815e10, query_string=0x55f2f1676670 "select\n  c_custkey,\n  c_name,\n  sum(l_extendedprice * (1 - l_discount)) as revenue,\n  c_acctbal,\n  n_name,\n  c_address,\n  c_phone,\n  c_comment\nfrom\n  customer,\n  orders,\n  lineitem,\n  nation\nwhere\n  c"..., cursorOptions=33024, boundParams=0x0) at /workspaces/AntDB/src/backend/optimizer/plan/planner.c:661
661		top_plan = create_plan(root, best_path);
$28 = Query {commandType: CMD_SELECT, querySource: QSRC_ORIGINAL, queryId: 0, canSetTag: true, resultRelation: 0, hasAggs: true, hasWindowFuncs: false, hasTargetSRFs: false, hasSubLinks: false, hasDistinctOn: false, hasRecursive: false, hasModifyingCTE: false, hasForUpdate: false, hasRowSecurity: false, override: OVERRIDING_NOT_SET, limitOption: LIMIT_OPTION_COUNT, stmt_location: 0, stmt_len: 530, is_local: false, has_to_save_cmd_id: false, in_sub_plan: false, in_explain: false} = {
  rtable = List with 4 elements = {
    0 = RangeTblEntry {rtekind: RTE_RELATION, relname: 'customer', relid: 270672, relkind: 114 'r', rellockmode: 1, security_barrier: false, jointype: JOIN_INNER, joinmergedcols: 0, funcordinality: false, ctename: 0x0, ctelevelsup: 0, self_reference: false, enrname: 0x0, enrtuples: 0, param_new: -1, param_old: -1, mt_result: 0x0, defaultCols: 0x0, rows: 0, lateral: false, inh: false, inFromCl: true, requiredPerms: 2, checkAsUser: 0, selectedCols: (b 11 12 13 14 15 16 18), insertedCols: 0x0, updatedCols: 0x0, extraUpdatedCols: 0x0} = {
      eref = Alias aliasname: 'customer' = {
        colnames = List with 8 elements = {
          0 = String[ 'c_custkey' ],
          1 = String[ 'c_name' ],
          2 = String[ 'c_address' ],
          3 = String[ 'c_nationkey' ],
          4 = String[ 'c_phone' ],
          5 = String[ 'c_acctbal' ],
          6 = String[ 'c_mktsegment' ],
          7 = String[ 'c_comment' ]
        }
      }
    },
    1 = RangeTblEntry {rtekind: RTE_RELATION, relname: 'orders', relid: 270675, relkind: 114 'r', rellockmode: 1, security_barrier: false, jointype: JOIN_INNER, joinmergedcols: 0, funcordinality: false, ctename: 0x0, ctelevelsup: 0, self_reference: false, enrname: 0x0, enrtuples: 0, param_new: -1, param_old: -1, mt_result: 0x0, defaultCols: 0x0, rows: 0, lateral: false, inh: false, inFromCl: true, requiredPerms: 2, checkAsUser: 0, selectedCols: (b 11 12 15), insertedCols: 0x0, updatedCols: 0x0, extraUpdatedCols: 0x0} = {
      eref = Alias aliasname: 'orders' = {
        colnames = List with 9 elements = {
          0 = String[ 'o_orderkey' ],
          1 = String[ 'o_custkey' ],
          2 = String[ 'o_orderstatus' ],
          3 = String[ 'o_totalprice' ],
          4 = String[ 'o_orderdate' ],
          5 = String[ 'o_orderpriority' ],
          6 = String[ 'o_clerk' ],
          7 = String[ 'o_shippriority' ],
          8 = String[ 'o_comment' ]
        }
      }
    },
    2 = RangeTblEntry {rtekind: RTE_RELATION, relname: 'lineitem', relid: 270678, relkind: 114 'r', rellockmode: 1, security_barrier: false, jointype: JOIN_INNER, joinmergedcols: 0, funcordinality: false, ctename: 0x0, ctelevelsup: 0, self_reference: false, enrname: 0x0, enrtuples: 0, param_new: -1, param_old: -1, mt_result: 0x0, defaultCols: 0x0, rows: 0, lateral: false, inh: false, inFromCl: true, requiredPerms: 2, checkAsUser: 0, selectedCols: (b 11 16 17 19), insertedCols: 0x0, updatedCols: 0x0, extraUpdatedCols: 0x0} = {
      eref = Alias aliasname: 'lineitem' = {
        colnames = List with 16 elements = {
          0 = String[ 'l_orderkey' ],
          1 = String[ 'l_partkey' ],
          2 = String[ 'l_suppkey' ],
          3 = String[ 'l_linenumber' ],
          4 = String[ 'l_quantity' ],
          5 = String[ 'l_extendedprice' ],
          6 = String[ 'l_discount' ],
          7 = String[ 'l_tax' ],
          8 = String[ 'l_returnflag' ],
          9 = String[ 'l_linestatus' ],
          10 = String[ 'l_shipdate' ],
          11 = String[ 'l_commitdate' ],
          12 = String[ 'l_receiptdate' ],
          13 = String[ 'l_shipinstruct' ],
          14 = String[ 'l_shipmode' ],
          15 = String[ 'l_comment' ]
        }
      }
    },
    3 = RangeTblEntry {rtekind: RTE_RELATION, relname: 'nation', relid: 270657, relkind: 114 'r', rellockmode: 1, security_barrier: false, jointype: JOIN_INNER, joinmergedcols: 0, funcordinality: false, ctename: 0x0, ctelevelsup: 0, self_reference: false, enrname: 0x0, enrtuples: 0, param_new: -1, param_old: -1, mt_result: 0x0, defaultCols: 0x0, rows: 0, lateral: false, inh: false, inFromCl: true, requiredPerms: 2, checkAsUser: 0, selectedCols: (b 11 12), insertedCols: 0x0, updatedCols: 0x0, extraUpdatedCols: 0x0} = {
      eref = Alias aliasname: 'nation' = {
        colnames = List with 4 elements = {
          0 = String[ 'n_nationkey' ],
          1 = String[ 'n_name' ],
          2 = String[ 'n_regionkey' ],
          3 = String[ 'n_comment' ]
        }
      }
    }
  },
  jointree = FromExpr  = {
    fromlist = List with 4 elements = {
      0 = RangeTblRef rtindex: 1,
      1 = RangeTblRef rtindex: 2,
      2 = RangeTblRef rtindex: 3,
      3 = RangeTblRef rtindex: 4
    },
    quals = List with 6 elements = {
      0 = OpExpr {opno: 96, opfuncid: 65, opresulttype: 16, opretset: false, opcollid: 0, inputcollid: 0, location: 209} = {
        args = List with 2 elements = {
          0 = Var {varno: 1, varattno: 1, vartype: 23, vartypmod: -1, varcollid: 0, varlevelsup: 0, varnosyn: 1, varattnosyn: 1, location: 199},
          1 = Var {varno: 2, varattno: 2, vartype: 23, vartypmod: -1, varcollid: 0, varlevelsup: 0, varnosyn: 2, varattnosyn: 2, location: 211}
        }
      },
      1 = OpExpr {opno: 96, opfuncid: 65, opresulttype: 16, opretset: false, opcollid: 0, inputcollid: 0, location: 238} = {
        args = List with 2 elements = {
          0 = Var {varno: 3, varattno: 1, vartype: 23, vartypmod: -1, varcollid: 0, varlevelsup: 0, varnosyn: 3, varattnosyn: 1, location: 227},
          1 = Var {varno: 2, varattno: 1, vartype: 23, vartypmod: -1, varcollid: 0, varlevelsup: 0, varnosyn: 2, varattnosyn: 1, location: 240}
        }
      },
      2 = OpExpr {opno: 1098, opfuncid: 1090, opresulttype: 16, opretset: false, opcollid: 0, inputcollid: 0, location: 269} = {
        args = List with 2 elements = {
          0 = Var {varno: 2, varattno: 5, vartype: 1082, vartypmod: -1, varcollid: 0, varlevelsup: 0, varnosyn: 2, varattnosyn: 5, location: 257},
          1 = Const {consttype: 1082, consttypmod: -1, constcollid: 0, constlen: 4, constvalue: 18446744073709549333, constisnull: false, constbyval: true, location: 277}
        }
      },
      3 = OpExpr {opno: 2345, opfuncid: 2338, opresulttype: 16, opretset: false, opcollid: 0, inputcollid: 0, location: 308} = {
        args = List with 2 elements = {
          0 = Var {varno: 2, varattno: 5, vartype: 1082, vartypmod: -1, varcollid: 0, varlevelsup: 0, varnosyn: 2, varattnosyn: 5, location: 296},
          1 = Const {consttype: 1114, consttypmod: -1, constcollid: 0, constlen: 8, constvalue: 18446554771309551616, constisnull: false, constbyval: true, location: -1}
        }
      },
      4 = OpExpr {opno: 1054, opfuncid: 1048, opresulttype: 16, opretset: false, opcollid: 0, inputcollid: 100, location: 368} = {
        args = List with 2 elements = {
          0 = Var {varno: 3, varattno: 9, vartype: 1042, vartypmod: 5, varcollid: 100, varlevelsup: 0, varnosyn: 3, varattnosyn: 9, location: 355},
          1 = Const {consttype: 1042, consttypmod: -1, constcollid: 100, constlen: -1, constvalue: 94501922247640, constisnull: false, constbyval: false, location: 370}
        }
      },
      5 = OpExpr {opno: 96, opfuncid: 65, opresulttype: 16, opretset: false, opcollid: 0, inputcollid: 0, location: 392} = {
        args = List with 2 elements = {
          0 = Var {varno: 1, varattno: 4, vartype: 23, vartypmod: -1, varcollid: 0, varlevelsup: 0, varnosyn: 1, varattnosyn: 4, location: 380},
          1 = Var {varno: 4, varattno: 1, vartype: 23, vartypmod: -1, varcollid: 0, varlevelsup: 0, varnosyn: 4, varattnosyn: 1, location: 394}
        }
      }
    }
  },
  targetList = List with 8 elements = {
    0 = TargetEntry {resno: 1, resname: 'c_custkey', ressortgroupref: 2, resorigtbl: 270672, resorigcol: 1, resjunk: false} = {
      expr = Var {varno: 1, varattno: 1, vartype: 23, vartypmod: -1, varcollid: 0, varlevelsup: 0, varnosyn: 1, varattnosyn: 1, location: 9}
    },
    1 = TargetEntry {resno: 2, resname: 'c_name', ressortgroupref: 3, resorigtbl: 270672, resorigcol: 2, resjunk: false} = {
      expr = Var {varno: 1, varattno: 2, vartype: 1043, vartypmod: 29, varcollid: 100, varlevelsup: 0, varnosyn: 1, varattnosyn: 2, location: 22}
    },
    2 = TargetEntry {resno: 3, resname: 'revenue', ressortgroupref: 1, resorigtbl: 0, resorigcol: 0, resjunk: false} = {
      expr = Aggref {aggfnoid: 2114, aggtype: 1700, aggcollid: 0, inputcollid: 0, aggtranstype: 2281, aggtrantype: 0, agghas_collectfn: false, rank_first: false, aggstar: false, aggvariadic: false, aggkind: 110 'n', agglevelsup: 0, aggsplit: AGGSPLIT_SIMPLE, location: 32} = {
        aggargtypes = OidList with 1 elements = {1700},
        args = List with 1 elements = {
          0 = TargetEntry {resno: 1, resname: 0x0, ressortgroupref: 0, resorigtbl: 0, resorigcol: 0, resjunk: false} = {
            expr = OpExpr {opno: 1760, opfuncid: 1726, opresulttype: 1700, opretset: false, opcollid: 0, inputcollid: 0, location: 52} = {
              args = List with 2 elements = {
                0 = Var {varno: 3, varattno: 6, vartype: 1700, vartypmod: 983046, varcollid: 0, varlevelsup: 0, varnosyn: 3, varattnosyn: 6, location: 36},
                1 = OpExpr {opno: 1759, opfuncid: 1725, opresulttype: 1700, opretset: false, opcollid: 0, inputcollid: 0, location: 57} = {
                  args = List with 2 elements = {
                    0 = Const {consttype: 1700, consttypmod: -1, constcollid: 0, constlen: -1, constvalue: 94501922247880, constisnull: false, constbyval: false, location: -1},
                    1 = Var {varno: 3, varattno: 7, vartype: 1700, vartypmod: 983046, varcollid: 0, varlevelsup: 0, varnosyn: 3, varattnosyn: 7, location: 59}
                  }
                }
              }
            }
          }
        }
      }
    },
    3 = TargetEntry {resno: 4, resname: 'c_acctbal', ressortgroupref: 4, resorigtbl: 270672, resorigcol: 6, resjunk: false} = {
      expr = Var {varno: 1, varattno: 6, vartype: 1700, vartypmod: 983046, varcollid: 0, varlevelsup: 0, varnosyn: 1, varattnosyn: 6, location: 86}
    },
    4 = TargetEntry {resno: 5, resname: 'n_name', ressortgroupref: 6, resorigtbl: 270657, resorigcol: 2, resjunk: false} = {
      expr = Var {varno: 4, varattno: 2, vartype: 1042, vartypmod: 29, varcollid: 100, varlevelsup: 0, varnosyn: 4, varattnosyn: 2, location: 99}
    },
    5 = TargetEntry {resno: 6, resname: 'c_address', ressortgroupref: 7, resorigtbl: 270672, resorigcol: 3, resjunk: false} = {
      expr = Var {varno: 1, varattno: 3, vartype: 1043, vartypmod: 44, varcollid: 100, varlevelsup: 0, varnosyn: 1, varattnosyn: 3, location: 109}
    },
    6 = TargetEntry {resno: 7, resname: 'c_phone', ressortgroupref: 5, resorigtbl: 270672, resorigcol: 5, resjunk: false} = {
      expr = Var {varno: 1, varattno: 5, vartype: 1042, vartypmod: 19, varcollid: 100, varlevelsup: 0, varnosyn: 1, varattnosyn: 5, location: 122}
    },
    7 = TargetEntry {resno: 8, resname: 'c_comment', ressortgroupref: 8, resorigtbl: 270672, resorigcol: 8, resjunk: false} = {
      expr = Var {varno: 1, varattno: 8, vartype: 1043, vartypmod: 121, varcollid: 100, varlevelsup: 0, varnosyn: 1, varattnosyn: 8, location: 133}
    }
  },
  groupClause = List with 7 elements = {
    0 = SortGroupClause {tleSortGroupRef: 2, eqop: 96, sortop: 97, nulls_first: false, hashable: true},
    1 = SortGroupClause {tleSortGroupRef: 3, eqop: 98, sortop: 664, nulls_first: false, hashable: true},
    2 = SortGroupClause {tleSortGroupRef: 4, eqop: 1752, sortop: 1754, nulls_first: false, hashable: true},
    3 = SortGroupClause {tleSortGroupRef: 5, eqop: 1054, sortop: 1058, nulls_first: false, hashable: true},
    4 = SortGroupClause {tleSortGroupRef: 6, eqop: 1054, sortop: 1058, nulls_first: false, hashable: true},
    5 = SortGroupClause {tleSortGroupRef: 7, eqop: 98, sortop: 664, nulls_first: false, hashable: true},
    6 = SortGroupClause {tleSortGroupRef: 8, eqop: 98, sortop: 664, nulls_first: false, hashable: true}
  },
  sortClause = List with 1 elements = {
    0 = SortGroupClause {tleSortGroupRef: 1, eqop: 1752, sortop: 1756, nulls_first: true, hashable: true}
  },
  limitCount = Const {consttype: 20, consttypmod: -1, constcollid: 0, constlen: 8, constvalue: 20, constisnull: false, constbyval: true, location: -1}
}
$29 = LimitPath T_Limit (cost=692.01..692.01 rows=1 parallel_aware=False parallel_safe=False parallel_workers=0) limitOption: LIMIT_OPTION_COUNT = {
  path.parent = (b),
  path.pathtarget = PathTarget {cost: (0.00..0.00), width: 640} = {
    sortgrouprefs = [2, 3, 1, 4, 6, 7, 5, 8],
    exprs = List with 8 elements = {
      0 = Var {varno: 1, varattno: 1, vartype: 23, vartypmod: -1, varcollid: 0, varlevelsup: 0, varnosyn: 1, varattnosyn: 1, location: 9},
      1 = Var {varno: 1, varattno: 2, vartype: 1043, vartypmod: 29, varcollid: 100, varlevelsup: 0, varnosyn: 1, varattnosyn: 2, location: 22},
      2 = Aggref {aggfnoid: 2114, aggtype: 1700, aggcollid: 0, inputcollid: 0, aggtranstype: 2281, aggtrantype: 0, agghas_collectfn: false, rank_first: false, aggstar: false, aggvariadic: false, aggkind: 110 'n', agglevelsup: 0, aggsplit: AGGSPLIT_SIMPLE, location: 32} = {
        aggargtypes = OidList with 1 elements = {1700},
        args = List with 1 elements = {
          0 = TargetEntry {resno: 1, resname: 0x0, ressortgroupref: 0, resorigtbl: 0, resorigcol: 0, resjunk: false} = {
            expr = OpExpr {opno: 1760, opfuncid: 1726, opresulttype: 1700, opretset: false, opcollid: 0, inputcollid: 0, location: 52} = {
              args = List with 2 elements = {
                0 = Var {varno: 3, varattno: 6, vartype: 1700, vartypmod: 983046, varcollid: 0, varlevelsup: 0, varnosyn: 3, varattnosyn: 6, location: 36},
                1 = OpExpr {opno: 1759, opfuncid: 1725, opresulttype: 1700, opretset: false, opcollid: 0, inputcollid: 0, location: 57} = {
                  args = List with 2 elements = {
                    0 = Const {consttype: 1700, consttypmod: -1, constcollid: 0, constlen: -1, constvalue: 94501922247880, constisnull: false, constbyval: false, location: -1},
                    1 = Var {varno: 3, varattno: 7, vartype: 1700, vartypmod: 983046, varcollid: 0, varlevelsup: 0, varnosyn: 3, varattnosyn: 7, location: 59}
                  }
                }
              }
            }
          }
        }
      },
      3 = Var {varno: 1, varattno: 6, vartype: 1700, vartypmod: 983046, varcollid: 0, varlevelsup: 0, varnosyn: 1, varattnosyn: 6, location: 86},
      4 = Var {varno: 4, varattno: 2, vartype: 1042, vartypmod: 29, varcollid: 100, varlevelsup: 0, varnosyn: 4, varattnosyn: 2, location: 99},
      5 = Var {varno: 1, varattno: 3, vartype: 1043, vartypmod: 44, varcollid: 100, varlevelsup: 0, varnosyn: 1, varattnosyn: 3, location: 109},
      6 = Var {varno: 1, varattno: 5, vartype: 1042, vartypmod: 19, varcollid: 100, varlevelsup: 0, varnosyn: 1, varattnosyn: 5, location: 122},
      7 = Var {varno: 1, varattno: 8, vartype: 1043, vartypmod: 121, varcollid: 100, varlevelsup: 0, varnosyn: 1, varattnosyn: 8, location: 133}
    },
    as_loc_list = IntList with 8 elements = {-1, -1, 75, -1, -1, -1, -1, -1},
    expr_loc_list = IntList with 8 elements = {9, 22, 32, 86, 99, 109, 122, 133},
    expr_len_list = IntList with 8 elements = {-1, -1, 40, -1, -1, -1, -1, -1},
    expr_type_list = IntList with 8 elements = {398, 398, 405, 398, 398, 398, 398, 398}
  },
  path.pathkeys = List with 1 elements = {
    0 = PathKey {pk_opfamily: 1988, pk_strategy: 5, pk_nulls_first: true} = {
      pk_eclass = EquivalenceClass {ec_collation: 0, ec_relids: (b 3), ec_has_const: false, ec_has_volatile: false, ec_broken: false, ec_sortref: 1, ec_min_security: 4294967295, ec_max_security: 0} = {
        ec_opfamilies = OidList with 1 elements = {1988},
        ec_members = List with 1 elements = {
          0 = EquivalenceMember {em_relids: (b 3), em_is_const: false, em_is_child: false, em_datatype: 1700} = {
            em_expr = Aggref {aggfnoid: 2114, aggtype: 1700, aggcollid: 0, inputcollid: 0, aggtranstype: 2281, aggtrantype: 0, agghas_collectfn: false, rank_first: false, aggstar: false, aggvariadic: false, aggkind: 110 'n', agglevelsup: 0, aggsplit: AGGSPLIT_SIMPLE, location: 32} = {
              aggargtypes = OidList with 1 elements = {1700},
              args = List with 1 elements = {
                0 = TargetEntry {resno: 1, resname: 0x0, ressortgroupref: 0, resorigtbl: 0, resorigcol: 0, resjunk: false} = {
                  expr = OpExpr {opno: 1760, opfuncid: 1726, opresulttype: 1700, opretset: false, opcollid: 0, inputcollid: 0, location: 52} = {
                    args = List with 2 elements = {
                      0 = Var {varno: 3, varattno: 6, vartype: 1700, vartypmod: 983046, varcollid: 0, varlevelsup: 0, varnosyn: 3, varattnosyn: 6, location: 36},
                      1 = OpExpr {opno: 1759, opfuncid: 1725, opresulttype: 1700, opretset: false, opcollid: 0, inputcollid: 0, location: 57} = {
                        args = List with 2 elements = {
                          0 = Const {consttype: 1700, consttypmod: -1, constcollid: 0, constlen: -1, constvalue: 94501922415024, constisnull: false, constbyval: false, location: -1},
                          1 = Var {varno: 3, varattno: 7, vartype: 1700, vartypmod: 983046, varcollid: 0, varlevelsup: 0, varnosyn: 3, varattnosyn: 7, location: 59}
                        }
                      }
                    }
                  }
                }
              }
            }
          }
        }
      }
    }
  },
  subpath = SortPath T_Sort (cost=692.01..692.01 rows=1 parallel_aware=False parallel_safe=False parallel_workers=0)  = {
    path.parent = (b),
    path.pathtarget = PathTarget {cost: (0.00..0.00), width: 640} = {
      sortgrouprefs = [2, 3, 1, 4, 6, 7, 5, 8],
      exprs = List with 8 elements = {
        0 = Var {varno: 1, varattno: 1, vartype: 23, vartypmod: -1, varcollid: 0, varlevelsup: 0, varnosyn: 1, varattnosyn: 1, location: 9},
        1 = Var {varno: 1, varattno: 2, vartype: 1043, vartypmod: 29, varcollid: 100, varlevelsup: 0, varnosyn: 1, varattnosyn: 2, location: 22},
        2 = Aggref {aggfnoid: 2114, aggtype: 1700, aggcollid: 0, inputcollid: 0, aggtranstype: 2281, aggtrantype: 0, agghas_collectfn: false, rank_first: false, aggstar: false, aggvariadic: false, aggkind: 110 'n', agglevelsup: 0, aggsplit: AGGSPLIT_SIMPLE, location: 32} = {
          aggargtypes = OidList with 1 elements = {1700},
          args = List with 1 elements = {
            0 = TargetEntry {resno: 1, resname: 0x0, ressortgroupref: 0, resorigtbl: 0, resorigcol: 0, resjunk: false} = {
              expr = OpExpr {opno: 1760, opfuncid: 1726, opresulttype: 1700, opretset: false, opcollid: 0, inputcollid: 0, location: 52} = {
                args = List with 2 elements = {
                  0 = Var {varno: 3, varattno: 6, vartype: 1700, vartypmod: 983046, varcollid: 0, varlevelsup: 0, varnosyn: 3, varattnosyn: 6, location: 36},
                  1 = OpExpr {opno: 1759, opfuncid: 1725, opresulttype: 1700, opretset: false, opcollid: 0, inputcollid: 0, location: 57} = {
                    args = List with 2 elements = {
                      0 = Const {consttype: 1700, consttypmod: -1, constcollid: 0, constlen: -1, constvalue: 94501922247880, constisnull: false, constbyval: false, location: -1},
                      1 = Var {varno: 3, varattno: 7, vartype: 1700, vartypmod: 983046, varcollid: 0, varlevelsup: 0, varnosyn: 3, varattnosyn: 7, location: 59}
                    }
                  }
                }
              }
            }
          }
        },
        3 = Var {varno: 1, varattno: 6, vartype: 1700, vartypmod: 983046, varcollid: 0, varlevelsup: 0, varnosyn: 1, varattnosyn: 6, location: 86},
        4 = Var {varno: 4, varattno: 2, vartype: 1042, vartypmod: 29, varcollid: 100, varlevelsup: 0, varnosyn: 4, varattnosyn: 2, location: 99},
        5 = Var {varno: 1, varattno: 3, vartype: 1043, vartypmod: 44, varcollid: 100, varlevelsup: 0, varnosyn: 1, varattnosyn: 3, location: 109},
        6 = Var {varno: 1, varattno: 5, vartype: 1042, vartypmod: 19, varcollid: 100, varlevelsup: 0, varnosyn: 1, varattnosyn: 5, location: 122},
        7 = Var {varno: 1, varattno: 8, vartype: 1043, vartypmod: 121, varcollid: 100, varlevelsup: 0, varnosyn: 1, varattnosyn: 8, location: 133}
      },
      as_loc_list = IntList with 8 elements = {-1, -1, 75, -1, -1, -1, -1, -1},
      expr_loc_list = IntList with 8 elements = {9, 22, 32, 86, 99, 109, 122, 133},
      expr_len_list = IntList with 8 elements = {-1, -1, 40, -1, -1, -1, -1, -1},
      expr_type_list = IntList with 8 elements = {398, 398, 405, 398, 398, 398, 398, 398}
    },
    path.pathkeys = List with 1 elements = {
      0 = PathKey {pk_opfamily: 1988, pk_strategy: 5, pk_nulls_first: true} = {
        pk_eclass = EquivalenceClass {ec_collation: 0, ec_relids: (b 3), ec_has_const: false, ec_has_volatile: false, ec_broken: false, ec_sortref: 1, ec_min_security: 4294967295, ec_max_security: 0} = {
          ec_opfamilies = OidList with 1 elements = {1988},
          ec_members = List with 1 elements = {
            0 = EquivalenceMember {em_relids: (b 3), em_is_const: false, em_is_child: false, em_datatype: 1700} = {
              em_expr = Aggref {aggfnoid: 2114, aggtype: 1700, aggcollid: 0, inputcollid: 0, aggtranstype: 2281, aggtrantype: 0, agghas_collectfn: false, rank_first: false, aggstar: false, aggvariadic: false, aggkind: 110 'n', agglevelsup: 0, aggsplit: AGGSPLIT_SIMPLE, location: 32} = {
                aggargtypes = OidList with 1 elements = {1700},
                args = List with 1 elements = {
                  0 = TargetEntry {resno: 1, resname: 0x0, ressortgroupref: 0, resorigtbl: 0, resorigcol: 0, resjunk: false} = {
                    expr = OpExpr {opno: 1760, opfuncid: 1726, opresulttype: 1700, opretset: false, opcollid: 0, inputcollid: 0, location: 52} = {
                      args = List with 2 elements = {
                        0 = Var {varno: 3, varattno: 6, vartype: 1700, vartypmod: 983046, varcollid: 0, varlevelsup: 0, varnosyn: 3, varattnosyn: 6, location: 36},
                        1 = OpExpr {opno: 1759, opfuncid: 1725, opresulttype: 1700, opretset: false, opcollid: 0, inputcollid: 0, location: 57} = {
                          args = List with 2 elements = {
                            0 = Const {consttype: 1700, consttypmod: -1, constcollid: 0, constlen: -1, constvalue: 94501922415024, constisnull: false, constbyval: false, location: -1},
                            1 = Var {varno: 3, varattno: 7, vartype: 1700, vartypmod: 983046, varcollid: 0, varlevelsup: 0, varnosyn: 3, varattnosyn: 7, location: 59}
                          }
                        }
                      }
                    }
                  }
                }
              }
            }
          }
        }
      }
    },
    subpath = AggPath T_Agg (cost=514.61..692.00 rows=1 parallel_aware=False parallel_safe=False parallel_workers=0) {aggstrategy: AGG_SORTED, aggsplit: AGGSPLIT_SIMPLE, numGroups: 1, transitionSpace: 128} = {
      path.parent = (b),
      path.pathtarget = PathTarget {cost: (0.00..0.00), width: 640} = {
        sortgrouprefs = [2, 3, 1, 4, 6, 7, 5, 8],
        exprs = List with 8 elements = {
          0 = Var {varno: 1, varattno: 1, vartype: 23, vartypmod: -1, varcollid: 0, varlevelsup: 0, varnosyn: 1, varattnosyn: 1, location: 9},
          1 = Var {varno: 1, varattno: 2, vartype: 1043, vartypmod: 29, varcollid: 100, varlevelsup: 0, varnosyn: 1, varattnosyn: 2, location: 22},
          2 = Aggref {aggfnoid: 2114, aggtype: 1700, aggcollid: 0, inputcollid: 0, aggtranstype: 2281, aggtrantype: 0, agghas_collectfn: false, rank_first: false, aggstar: false, aggvariadic: false, aggkind: 110 'n', agglevelsup: 0, aggsplit: AGGSPLIT_SIMPLE, location: 32} = {
            aggargtypes = OidList with 1 elements = {1700},
            args = List with 1 elements = {
              0 = TargetEntry {resno: 1, resname: 0x0, ressortgroupref: 0, resorigtbl: 0, resorigcol: 0, resjunk: false} = {
                expr = OpExpr {opno: 1760, opfuncid: 1726, opresulttype: 1700, opretset: false, opcollid: 0, inputcollid: 0, location: 52} = {
                  args = List with 2 elements = {
                    0 = Var {varno: 3, varattno: 6, vartype: 1700, vartypmod: 983046, varcollid: 0, varlevelsup: 0, varnosyn: 3, varattnosyn: 6, location: 36},
                    1 = OpExpr {opno: 1759, opfuncid: 1725, opresulttype: 1700, opretset: false, opcollid: 0, inputcollid: 0, location: 57} = {
                      args = List with 2 elements = {
                        0 = Const {consttype: 1700, consttypmod: -1, constcollid: 0, constlen: -1, constvalue: 94501922247880, constisnull: false, constbyval: false, location: -1},
                        1 = Var {varno: 3, varattno: 7, vartype: 1700, vartypmod: 983046, varcollid: 0, varlevelsup: 0, varnosyn: 3, varattnosyn: 7, location: 59}
                      }
                    }
                  }
                }
              }
            }
          },
          3 = Var {varno: 1, varattno: 6, vartype: 1700, vartypmod: 983046, varcollid: 0, varlevelsup: 0, varnosyn: 1, varattnosyn: 6, location: 86},
          4 = Var {varno: 4, varattno: 2, vartype: 1042, vartypmod: 29, varcollid: 100, varlevelsup: 0, varnosyn: 4, varattnosyn: 2, location: 99},
          5 = Var {varno: 1, varattno: 3, vartype: 1043, vartypmod: 44, varcollid: 100, varlevelsup: 0, varnosyn: 1, varattnosyn: 3, location: 109},
          6 = Var {varno: 1, varattno: 5, vartype: 1042, vartypmod: 19, varcollid: 100, varlevelsup: 0, varnosyn: 1, varattnosyn: 5, location: 122},
          7 = Var {varno: 1, varattno: 8, vartype: 1043, vartypmod: 121, varcollid: 100, varlevelsup: 0, varnosyn: 1, varattnosyn: 8, location: 133}
        },
        as_loc_list = IntList with 8 elements = {-1, -1, 75, -1, -1, -1, -1, -1},
        expr_loc_list = IntList with 8 elements = {9, 22, 32, 86, 99, 109, 122, 133},
        expr_len_list = IntList with 8 elements = {-1, -1, 40, -1, -1, -1, -1, -1},
        expr_type_list = IntList with 8 elements = {398, 398, 405, 398, 398, 398, 398, 398}
      },
      path.pathkeys = List with 7 elements = {
        0 = PathKey {pk_opfamily: 1976, pk_strategy: 1, pk_nulls_first: false} = {
          pk_eclass = EquivalenceClass {ec_collation: 0, ec_relids: (b 1 2), ec_has_const: false, ec_has_volatile: false, ec_broken: false, ec_sortref: 0, ec_min_security: 0, ec_max_security: 0} = {
            ec_opfamilies = OidList with 1 elements = {1976},
            ec_members = List with 2 elements = {
              0 = EquivalenceMember {em_relids: (b 1), em_is_const: false, em_is_child: false, em_datatype: 23} = {
                em_expr = Var {varno: 1, varattno: 1, vartype: 23, vartypmod: -1, varcollid: 0, varlevelsup: 0, varnosyn: 1, varattnosyn: 1, location: 199}
              },
              1 = EquivalenceMember {em_relids: (b 2), em_is_const: false, em_is_child: false, em_datatype: 23} = {
                em_expr = Var {varno: 2, varattno: 2, vartype: 23, vartypmod: -1, varcollid: 0, varlevelsup: 0, varnosyn: 2, varattnosyn: 2, location: 211}
              }
            },
            ec_sources = List with 1 elements = {
              0 = RestrictInfo {is_pushed_down: true, outerjoin_delayed: false, can_join: true, pseudoconstant: false, leakproof: false, security_level: 0, clause_relids: (b 1 2), required_relids: (b 1 2), outer_relids: (b), nullable_relids: (b), left_relids: (b 1), right_relids: (b 2), eval_cost: (-1.00..0.00), norm_selec: -1.0000, outer_selec: -1.0000, outer_is_left: false, hashjoinoperator: 0, left_bucketsize: -1.0000, right_bucketsize: -1.0000, left_mcvfreq: -1.0000, right_mcvfreq: -1.0000} = {
                clause = OpExpr {opno: 96, opfuncid: 65, opresulttype: 16, opretset: false, opcollid: 0, inputcollid: 0, location: 209} = {
                  args = List with 2 elements = {
                    0 = Var {varno: 1, varattno: 1, vartype: 23, vartypmod: -1, varcollid: 0, varlevelsup: 0, varnosyn: 1, varattnosyn: 1, location: 199},
                    1 = Var {varno: 2, varattno: 2, vartype: 23, vartypmod: -1, varcollid: 0, varlevelsup: 0, varnosyn: 2, varattnosyn: 2, location: 211}
                  }
                },
                mergeopfamilies = OidList with 1 elements = {1976},
                left_em = EquivalenceMember {em_relids: (b 1), em_is_const: false, em_is_child: false, em_datatype: 23} = {
                  em_expr = Var {varno: 1, varattno: 1, vartype: 23, vartypmod: -1, varcollid: 0, varlevelsup: 0, varnosyn: 1, varattnosyn: 1, location: 199}
                },
                right_em = EquivalenceMember {em_relids: (b 2), em_is_const: false, em_is_child: false, em_datatype: 23} = {
                  em_expr = Var {varno: 2, varattno: 2, vartype: 23, vartypmod: -1, varcollid: 0, varlevelsup: 0, varnosyn: 2, varattnosyn: 2, location: 211}
                }
              }
            },
            ec_derives = List with 2 elements = {
              0 = RestrictInfo {is_pushed_down: true, outerjoin_delayed: false, can_join: true, pseudoconstant: false, leakproof: false, security_level: 0, clause_relids: (b 1 2), required_relids: (b 1 2), outer_relids: (b), nullable_relids: (b), left_relids: (b 1), right_relids: (b 2), eval_cost: (0.00..0.00), norm_selec: 0.0050, outer_selec: -1.0000, outer_is_left: false, hashjoinoperator: 96, left_bucketsize: 0.0213, right_bucketsize: 0.1000, left_mcvfreq: 0.0000, right_mcvfreq: 0.0000} = {
                clause = OpExpr {opno: 96, opfuncid: 65, opresulttype: 16, opretset: false, opcollid: 0, inputcollid: 0, location: -1} = {
                  args = List with 2 elements = {
                    0 = Var {varno: 1, varattno: 1, vartype: 23, vartypmod: -1, varcollid: 0, varlevelsup: 0, varnosyn: 1, varattnosyn: 1, location: 199},
                    1 = Var {varno: 2, varattno: 2, vartype: 23, vartypmod: -1, varcollid: 0, varlevelsup: 0, varnosyn: 2, varattnosyn: 2, location: 211}
                  }
                },
                mergeopfamilies = OidList with 1 elements = {1976},
                left_em = EquivalenceMember {em_relids: (b 1), em_is_const: false, em_is_child: false, em_datatype: 23} = {
                  em_expr = Var {varno: 1, varattno: 1, vartype: 23, vartypmod: -1, varcollid: 0, varlevelsup: 0, varnosyn: 1, varattnosyn: 1, location: 199}
                },
                right_em = EquivalenceMember {em_relids: (b 2), em_is_const: false, em_is_child: false, em_datatype: 23} = {
                  em_expr = Var {varno: 2, varattno: 2, vartype: 23, vartypmod: -1, varcollid: 0, varlevelsup: 0, varnosyn: 2, varattnosyn: 2, location: 211}
                }
              },
              1 = RestrictInfo {is_pushed_down: true, outerjoin_delayed: false, can_join: true, pseudoconstant: false, leakproof: false, security_level: 0, clause_relids: (b 1 2), required_relids: (b 1 2), outer_relids: (b), nullable_relids: (b), left_relids: (b 2), right_relids: (b 1), eval_cost: (0.00..0.00), norm_selec: 0.0050, outer_selec: -1.0000, outer_is_left: false, hashjoinoperator: 96, left_bucketsize: 0.1000, right_bucketsize: 0.0213, left_mcvfreq: 0.0000, right_mcvfreq: 0.0000} = {
                clause = OpExpr {opno: 96, opfuncid: 65, opresulttype: 16, opretset: false, opcollid: 0, inputcollid: 0, location: -1} = {
                  args = List with 2 elements = {
                    0 = Var {varno: 2, varattno: 2, vartype: 23, vartypmod: -1, varcollid: 0, varlevelsup: 0, varnosyn: 2, varattnosyn: 2, location: 211},
                    1 = Var {varno: 1, varattno: 1, vartype: 23, vartypmod: -1, varcollid: 0, varlevelsup: 0, varnosyn: 1, varattnosyn: 1, location: 199}
                  }
                },
                mergeopfamilies = OidList with 1 elements = {1976},
                left_em = EquivalenceMember {em_relids: (b 2), em_is_const: false, em_is_child: false, em_datatype: 23} = {
                  em_expr = Var {varno: 2, varattno: 2, vartype: 23, vartypmod: -1, varcollid: 0, varlevelsup: 0, varnosyn: 2, varattnosyn: 2, location: 211}
                },
                right_em = EquivalenceMember {em_relids: (b 1), em_is_const: false, em_is_child: false, em_datatype: 23} = {
                  em_expr = Var {varno: 1, varattno: 1, vartype: 23, vartypmod: -1, varcollid: 0, varlevelsup: 0, varnosyn: 1, varattnosyn: 1, location: 199}
                }
              }
            }
          }
        },
        1 = PathKey {pk_opfamily: 1994, pk_strategy: 1, pk_nulls_first: false} = {
          pk_eclass = EquivalenceClass {ec_collation: 100, ec_relids: (b 1), ec_has_const: false, ec_has_volatile: false, ec_broken: false, ec_sortref: 3, ec_min_security: 4294967295, ec_max_security: 0} = {
            ec_opfamilies = OidList with 2 elements = {1994, 2095},
            ec_members = List with 1 elements = {
              0 = EquivalenceMember {em_relids: (b 1), em_is_const: false, em_is_child: false, em_datatype: 25} = {
                em_expr = RelabelType {resulttype: 25, resulttypmod: -1, resultcollid: 100, relabelformat: COERCE_IMPLICIT_CAST, location: -1} = {
                  arg = Var {varno: 1, varattno: 2, vartype: 1043, vartypmod: 29, varcollid: 100, varlevelsup: 0, varnosyn: 1, varattnosyn: 2, location: 22}
                }
              }
            }
          }
        },
        2 = PathKey {pk_opfamily: 1988, pk_strategy: 1, pk_nulls_first: false} = {
          pk_eclass = EquivalenceClass {ec_collation: 0, ec_relids: (b 1), ec_has_const: false, ec_has_volatile: false, ec_broken: false, ec_sortref: 4, ec_min_security: 4294967295, ec_max_security: 0} = {
            ec_opfamilies = OidList with 1 elements = {1988},
            ec_members = List with 1 elements = {
              0 = EquivalenceMember {em_relids: (b 1), em_is_const: false, em_is_child: false, em_datatype: 1700} = {
                em_expr = Var {varno: 1, varattno: 6, vartype: 1700, vartypmod: 983046, varcollid: 0, varlevelsup: 0, varnosyn: 1, varattnosyn: 6, location: 86}
              }
            }
          }
        },
        3 = PathKey {pk_opfamily: 426, pk_strategy: 1, pk_nulls_first: false} = {
          pk_eclass = EquivalenceClass {ec_collation: 100, ec_relids: (b 1), ec_has_const: false, ec_has_volatile: false, ec_broken: false, ec_sortref: 5, ec_min_security: 4294967295, ec_max_security: 0} = {
            ec_opfamilies = OidList with 2 elements = {426, 2097},
            ec_members = List with 1 elements = {
              0 = EquivalenceMember {em_relids: (b 1), em_is_const: false, em_is_child: false, em_datatype: 1042} = {
                em_expr = Var {varno: 1, varattno: 5, vartype: 1042, vartypmod: 19, varcollid: 100, varlevelsup: 0, varnosyn: 1, varattnosyn: 5, location: 122}
              }
            }
          }
        },
        4 = PathKey {pk_opfamily: 426, pk_strategy: 1, pk_nulls_first: false} = {
          pk_eclass = EquivalenceClass {ec_collation: 100, ec_relids: (b 4), ec_has_const: false, ec_has_volatile: false, ec_broken: false, ec_sortref: 6, ec_min_security: 4294967295, ec_max_security: 0} = {
            ec_opfamilies = OidList with 2 elements = {426, 2097},
            ec_members = List with 1 elements = {
              0 = EquivalenceMember {em_relids: (b 4), em_is_const: false, em_is_child: false, em_datatype: 1042} = {
                em_expr = Var {varno: 4, varattno: 2, vartype: 1042, vartypmod: 29, varcollid: 100, varlevelsup: 0, varnosyn: 4, varattnosyn: 2, location: 99}
              }
            }
          }
        },
        5 = PathKey {pk_opfamily: 1994, pk_strategy: 1, pk_nulls_first: false} = {
          pk_eclass = EquivalenceClass {ec_collation: 100, ec_relids: (b 1), ec_has_const: false, ec_has_volatile: false, ec_broken: false, ec_sortref: 7, ec_min_security: 4294967295, ec_max_security: 0} = {
            ec_opfamilies = OidList with 2 elements = {1994, 2095},
            ec_members = List with 1 elements = {
              0 = EquivalenceMember {em_relids: (b 1), em_is_const: false, em_is_child: false, em_datatype: 25} = {
                em_expr = RelabelType {resulttype: 25, resulttypmod: -1, resultcollid: 100, relabelformat: COERCE_IMPLICIT_CAST, location: -1} = {
                  arg = Var {varno: 1, varattno: 3, vartype: 1043, vartypmod: 44, varcollid: 100, varlevelsup: 0, varnosyn: 1, varattnosyn: 3, location: 109}
                }
              }
            }
          }
        },
        6 = PathKey {pk_opfamily: 1994, pk_strategy: 1, pk_nulls_first: false} = {
          pk_eclass = EquivalenceClass {ec_collation: 100, ec_relids: (b 1), ec_has_const: false, ec_has_volatile: false, ec_broken: false, ec_sortref: 8, ec_min_security: 4294967295, ec_max_security: 0} = {
            ec_opfamilies = OidList with 2 elements = {1994, 2095},
            ec_members = List with 1 elements = {
              0 = EquivalenceMember {em_relids: (b 1), em_is_const: false, em_is_child: false, em_datatype: 25} = {
                em_expr = RelabelType {resulttype: 25, resulttypmod: -1, resultcollid: 100, relabelformat: COERCE_IMPLICIT_CAST, location: -1} = {
                  arg = Var {varno: 1, varattno: 8, vartype: 1043, vartypmod: 121, varcollid: 100, varlevelsup: 0, varnosyn: 1, varattnosyn: 8, location: 133}
                }
              }
            }
          }
        }
      },
      subpath = {
        spath = SortPath T_IncrementalSort (cost=514.61..691.93 rows=2 parallel_aware=False parallel_safe=False parallel_workers=0)  = {
          path.parent = (b),
          path.pathtarget = PathTarget {cost: (0.00..0.00), width: 644} = {
            sortgrouprefs = [2, 3, 4, 6, 7, 5, 8, 0, 0],
            exprs = List with 9 elements = {
              0 = Var {varno: 1, varattno: 1, vartype: 23, vartypmod: -1, varcollid: 0, varlevelsup: 0, varnosyn: 1, varattnosyn: 1, location: 9},
              1 = Var {varno: 1, varattno: 2, vartype: 1043, vartypmod: 29, varcollid: 100, varlevelsup: 0, varnosyn: 1, varattnosyn: 2, location: 22},
              2 = Var {varno: 1, varattno: 6, vartype: 1700, vartypmod: 983046, varcollid: 0, varlevelsup: 0, varnosyn: 1, varattnosyn: 6, location: 86},
              3 = Var {varno: 4, varattno: 2, vartype: 1042, vartypmod: 29, varcollid: 100, varlevelsup: 0, varnosyn: 4, varattnosyn: 2, location: 99},
              4 = Var {varno: 1, varattno: 3, vartype: 1043, vartypmod: 44, varcollid: 100, varlevelsup: 0, varnosyn: 1, varattnosyn: 3, location: 109},
              5 = Var {varno: 1, varattno: 5, vartype: 1042, vartypmod: 19, varcollid: 100, varlevelsup: 0, varnosyn: 1, varattnosyn: 5, location: 122},
              6 = Var {varno: 1, varattno: 8, vartype: 1043, vartypmod: 121, varcollid: 100, varlevelsup: 0, varnosyn: 1, varattnosyn: 8, location: 133},
              7 = Var {varno: 3, varattno: 6, vartype: 1700, vartypmod: 983046, varcollid: 0, varlevelsup: 0, varnosyn: 3, varattnosyn: 6, location: 36},
              8 = Var {varno: 3, varattno: 7, vartype: 1700, vartypmod: 983046, varcollid: 0, varlevelsup: 0, varnosyn: 3, varattnosyn: 7, location: 59}
            }
          },
          path.pathkeys = List with 7 elements = {
            0 = PathKey {pk_opfamily: 1976, pk_strategy: 1, pk_nulls_first: false} = {
              pk_eclass = EquivalenceClass {ec_collation: 0, ec_relids: (b 1 2), ec_has_const: false, ec_has_volatile: false, ec_broken: false, ec_sortref: 0, ec_min_security: 0, ec_max_security: 0} = {
                ec_opfamilies = OidList with 1 elements = {1976},
                ec_members = List with 2 elements = {
                  0 = EquivalenceMember {em_relids: (b 1), em_is_const: false, em_is_child: false, em_datatype: 23} = {
                    em_expr = Var {varno: 1, varattno: 1, vartype: 23, vartypmod: -1, varcollid: 0, varlevelsup: 0, varnosyn: 1, varattnosyn: 1, location: 199}
                  },
                  1 = EquivalenceMember {em_relids: (b 2), em_is_const: false, em_is_child: false, em_datatype: 23} = {
                    em_expr = Var {varno: 2, varattno: 2, vartype: 23, vartypmod: -1, varcollid: 0, varlevelsup: 0, varnosyn: 2, varattnosyn: 2, location: 211}
                  }
                },
                ec_sources = List with 1 elements = {
                  0 = RestrictInfo {is_pushed_down: true, outerjoin_delayed: false, can_join: true, pseudoconstant: false, leakproof: false, security_level: 0, clause_relids: (b 1 2), required_relids: (b 1 2), outer_relids: (b), nullable_relids: (b), left_relids: (b 1), right_relids: (b 2), eval_cost: (-1.00..0.00), norm_selec: -1.0000, outer_selec: -1.0000, outer_is_left: false, hashjoinoperator: 0, left_bucketsize: -1.0000, right_bucketsize: -1.0000, left_mcvfreq: -1.0000, right_mcvfreq: -1.0000} = {
                    clause = OpExpr {opno: 96, opfuncid: 65, opresulttype: 16, opretset: false, opcollid: 0, inputcollid: 0, location: 209} = {
                      args = List with 2 elements = {
                        0 = Var {varno: 1, varattno: 1, vartype: 23, vartypmod: -1, varcollid: 0, varlevelsup: 0, varnosyn: 1, varattnosyn: 1, location: 199},
                        1 = Var {varno: 2, varattno: 2, vartype: 23, vartypmod: -1, varcollid: 0, varlevelsup: 0, varnosyn: 2, varattnosyn: 2, location: 211}
                      }
                    },
                    mergeopfamilies = OidList with 1 elements = {1976},
                    left_em = EquivalenceMember {em_relids: (b 1), em_is_const: false, em_is_child: false, em_datatype: 23} = {
                      em_expr = Var {varno: 1, varattno: 1, vartype: 23, vartypmod: -1, varcollid: 0, varlevelsup: 0, varnosyn: 1, varattnosyn: 1, location: 199}
                    },
                    right_em = EquivalenceMember {em_relids: (b 2), em_is_const: false, em_is_child: false, em_datatype: 23} = {
                      em_expr = Var {varno: 2, varattno: 2, vartype: 23, vartypmod: -1, varcollid: 0, varlevelsup: 0, varnosyn: 2, varattnosyn: 2, location: 211}
                    }
                  }
                },
                ec_derives = List with 2 elements = {
                  0 = RestrictInfo {is_pushed_down: true, outerjoin_delayed: false, can_join: true, pseudoconstant: false, leakproof: false, security_level: 0, clause_relids: (b 1 2), required_relids: (b 1 2), outer_relids: (b), nullable_relids: (b), left_relids: (b 1), right_relids: (b 2), eval_cost: (0.00..0.00), norm_selec: 0.0050, outer_selec: -1.0000, outer_is_left: false, hashjoinoperator: 96, left_bucketsize: 0.0213, right_bucketsize: 0.1000, left_mcvfreq: 0.0000, right_mcvfreq: 0.0000} = {
                    clause = OpExpr {opno: 96, opfuncid: 65, opresulttype: 16, opretset: false, opcollid: 0, inputcollid: 0, location: -1} = {
                      args = List with 2 elements = {
                        0 = Var {varno: 1, varattno: 1, vartype: 23, vartypmod: -1, varcollid: 0, varlevelsup: 0, varnosyn: 1, varattnosyn: 1, location: 199},
                        1 = Var {varno: 2, varattno: 2, vartype: 23, vartypmod: -1, varcollid: 0, varlevelsup: 0, varnosyn: 2, varattnosyn: 2, location: 211}
                      }
                    },
                    mergeopfamilies = OidList with 1 elements = {1976},
                    left_em = EquivalenceMember {em_relids: (b 1), em_is_const: false, em_is_child: false, em_datatype: 23} = {
                      em_expr = Var {varno: 1, varattno: 1, vartype: 23, vartypmod: -1, varcollid: 0, varlevelsup: 0, varnosyn: 1, varattnosyn: 1, location: 199}
                    },
                    right_em = EquivalenceMember {em_relids: (b 2), em_is_const: false, em_is_child: false, em_datatype: 23} = {
                      em_expr = Var {varno: 2, varattno: 2, vartype: 23, vartypmod: -1, varcollid: 0, varlevelsup: 0, varnosyn: 2, varattnosyn: 2, location: 211}
                    }
                  },
                  1 = RestrictInfo {is_pushed_down: true, outerjoin_delayed: false, can_join: true, pseudoconstant: false, leakproof: false, security_level: 0, clause_relids: (b 1 2), required_relids: (b 1 2), outer_relids: (b), nullable_relids: (b), left_relids: (b 2), right_relids: (b 1), eval_cost: (0.00..0.00), norm_selec: 0.0050, outer_selec: -1.0000, outer_is_left: false, hashjoinoperator: 96, left_bucketsize: 0.1000, right_bucketsize: 0.0213, left_mcvfreq: 0.0000, right_mcvfreq: 0.0000} = {
                    clause = OpExpr {opno: 96, opfuncid: 65, opresulttype: 16, opretset: false, opcollid: 0, inputcollid: 0, location: -1} = {
                      args = List with 2 elements = {
                        0 = Var {varno: 2, varattno: 2, vartype: 23, vartypmod: -1, varcollid: 0, varlevelsup: 0, varnosyn: 2, varattnosyn: 2, location: 211},
                        1 = Var {varno: 1, varattno: 1, vartype: 23, vartypmod: -1, varcollid: 0, varlevelsup: 0, varnosyn: 1, varattnosyn: 1, location: 199}
                      }
                    },
                    mergeopfamilies = OidList with 1 elements = {1976},
                    left_em = EquivalenceMember {em_relids: (b 2), em_is_const: false, em_is_child: false, em_datatype: 23} = {
                      em_expr = Var {varno: 2, varattno: 2, vartype: 23, vartypmod: -1, varcollid: 0, varlevelsup: 0, varnosyn: 2, varattnosyn: 2, location: 211}
                    },
                    right_em = EquivalenceMember {em_relids: (b 1), em_is_const: false, em_is_child: false, em_datatype: 23} = {
                      em_expr = Var {varno: 1, varattno: 1, vartype: 23, vartypmod: -1, varcollid: 0, varlevelsup: 0, varnosyn: 1, varattnosyn: 1, location: 199}
                    }
                  }
                }
              }
            },
            1 = PathKey {pk_opfamily: 1994, pk_strategy: 1, pk_nulls_first: false} = {
              pk_eclass = EquivalenceClass {ec_collation: 100, ec_relids: (b 1), ec_has_const: false, ec_has_volatile: false, ec_broken: false, ec_sortref: 3, ec_min_security: 4294967295, ec_max_security: 0} = {
                ec_opfamilies = OidList with 2 elements = {1994, 2095},
                ec_members = List with 1 elements = {
                  0 = EquivalenceMember {em_relids: (b 1), em_is_const: false, em_is_child: false, em_datatype: 25} = {
                    em_expr = RelabelType {resulttype: 25, resulttypmod: -1, resultcollid: 100, relabelformat: COERCE_IMPLICIT_CAST, location: -1} = {
                      arg = Var {varno: 1, varattno: 2, vartype: 1043, vartypmod: 29, varcollid: 100, varlevelsup: 0, varnosyn: 1, varattnosyn: 2, location: 22}
                    }
                  }
                }
              }
            },
            2 = PathKey {pk_opfamily: 1988, pk_strategy: 1, pk_nulls_first: false} = {
              pk_eclass = EquivalenceClass {ec_collation: 0, ec_relids: (b 1), ec_has_const: false, ec_has_volatile: false, ec_broken: false, ec_sortref: 4, ec_min_security: 4294967295, ec_max_security: 0} = {
                ec_opfamilies = OidList with 1 elements = {1988},
                ec_members = List with 1 elements = {
                  0 = EquivalenceMember {em_relids: (b 1), em_is_const: false, em_is_child: false, em_datatype: 1700} = {
                    em_expr = Var {varno: 1, varattno: 6, vartype: 1700, vartypmod: 983046, varcollid: 0, varlevelsup: 0, varnosyn: 1, varattnosyn: 6, location: 86}
                  }
                }
              }
            },
            3 = PathKey {pk_opfamily: 426, pk_strategy: 1, pk_nulls_first: false} = {
              pk_eclass = EquivalenceClass {ec_collation: 100, ec_relids: (b 1), ec_has_const: false, ec_has_volatile: false, ec_broken: false, ec_sortref: 5, ec_min_security: 4294967295, ec_max_security: 0} = {
                ec_opfamilies = OidList with 2 elements = {426, 2097},
                ec_members = List with 1 elements = {
                  0 = EquivalenceMember {em_relids: (b 1), em_is_const: false, em_is_child: false, em_datatype: 1042} = {
                    em_expr = Var {varno: 1, varattno: 5, vartype: 1042, vartypmod: 19, varcollid: 100, varlevelsup: 0, varnosyn: 1, varattnosyn: 5, location: 122}
                  }
                }
              }
            },
            4 = PathKey {pk_opfamily: 426, pk_strategy: 1, pk_nulls_first: false} = {
              pk_eclass = EquivalenceClass {ec_collation: 100, ec_relids: (b 4), ec_has_const: false, ec_has_volatile: false, ec_broken: false, ec_sortref: 6, ec_min_security: 4294967295, ec_max_security: 0} = {
                ec_opfamilies = OidList with 2 elements = {426, 2097},
                ec_members = List with 1 elements = {
                  0 = EquivalenceMember {em_relids: (b 4), em_is_const: false, em_is_child: false, em_datatype: 1042} = {
                    em_expr = Var {varno: 4, varattno: 2, vartype: 1042, vartypmod: 29, varcollid: 100, varlevelsup: 0, varnosyn: 4, varattnosyn: 2, location: 99}
                  }
                }
              }
            },
            5 = PathKey {pk_opfamily: 1994, pk_strategy: 1, pk_nulls_first: false} = {
              pk_eclass = EquivalenceClass {ec_collation: 100, ec_relids: (b 1), ec_has_const: false, ec_has_volatile: false, ec_broken: false, ec_sortref: 7, ec_min_security: 4294967295, ec_max_security: 0} = {
                ec_opfamilies = OidList with 2 elements = {1994, 2095},
                ec_members = List with 1 elements = {
                  0 = EquivalenceMember {em_relids: (b 1), em_is_const: false, em_is_child: false, em_datatype: 25} = {
                    em_expr = RelabelType {resulttype: 25, resulttypmod: -1, resultcollid: 100, relabelformat: COERCE_IMPLICIT_CAST, location: -1} = {
                      arg = Var {varno: 1, varattno: 3, vartype: 1043, vartypmod: 44, varcollid: 100, varlevelsup: 0, varnosyn: 1, varattnosyn: 3, location: 109}
                    }
                  }
                }
              }
            },
            6 = PathKey {pk_opfamily: 1994, pk_strategy: 1, pk_nulls_first: false} = {
              pk_eclass = EquivalenceClass {ec_collation: 100, ec_relids: (b 1), ec_has_const: false, ec_has_volatile: false, ec_broken: false, ec_sortref: 8, ec_min_security: 4294967295, ec_max_security: 0} = {
                ec_opfamilies = OidList with 2 elements = {1994, 2095},
                ec_members = List with 1 elements = {
                  0 = EquivalenceMember {em_relids: (b 1), em_is_const: false, em_is_child: false, em_datatype: 25} = {
                    em_expr = RelabelType {resulttype: 25, resulttypmod: -1, resultcollid: 100, relabelformat: COERCE_IMPLICIT_CAST, location: -1} = {
                      arg = Var {varno: 1, varattno: 8, vartype: 1043, vartypmod: 121, varcollid: 100, varlevelsup: 0, varnosyn: 1, varattnosyn: 8, location: 133}
                    }
                  }
                }
              }
            }
          },
          subpath = ProjectionPath T_Result (cost=337.37..691.84 rows=1 parallel_aware=False parallel_safe=False parallel_workers=0) dummypp: true = {
            path.parent = (b 1 2 3 4),
            path.pathtarget = PathTarget {cost: (0.00..0.00), width: 644} = {
              sortgrouprefs = [2, 3, 4, 6, 7, 5, 8, 0, 0],
              exprs = List with 9 elements = {
                0 = Var {varno: 1, varattno: 1, vartype: 23, vartypmod: -1, varcollid: 0, varlevelsup: 0, varnosyn: 1, varattnosyn: 1, location: 9},
                1 = Var {varno: 1, varattno: 2, vartype: 1043, vartypmod: 29, varcollid: 100, varlevelsup: 0, varnosyn: 1, varattnosyn: 2, location: 22},
                2 = Var {varno: 1, varattno: 6, vartype: 1700, vartypmod: 983046, varcollid: 0, varlevelsup: 0, varnosyn: 1, varattnosyn: 6, location: 86},
                3 = Var {varno: 4, varattno: 2, vartype: 1042, vartypmod: 29, varcollid: 100, varlevelsup: 0, varnosyn: 4, varattnosyn: 2, location: 99},
                4 = Var {varno: 1, varattno: 3, vartype: 1043, vartypmod: 44, varcollid: 100, varlevelsup: 0, varnosyn: 1, varattnosyn: 3, location: 109},
                5 = Var {varno: 1, varattno: 5, vartype: 1042, vartypmod: 19, varcollid: 100, varlevelsup: 0, varnosyn: 1, varattnosyn: 5, location: 122},
                6 = Var {varno: 1, varattno: 8, vartype: 1043, vartypmod: 121, varcollid: 100, varlevelsup: 0, varnosyn: 1, varattnosyn: 8, location: 133},
                7 = Var {varno: 3, varattno: 6, vartype: 1700, vartypmod: 983046, varcollid: 0, varlevelsup: 0, varnosyn: 3, varattnosyn: 6, location: 36},
                8 = Var {varno: 3, varattno: 7, vartype: 1700, vartypmod: 983046, varcollid: 0, varlevelsup: 0, varnosyn: 3, varattnosyn: 7, location: 59}
              }
            },
            path.pathkeys = List with 1 elements = {
              0 = PathKey {pk_opfamily: 1976, pk_strategy: 1, pk_nulls_first: false} = {
                pk_eclass = EquivalenceClass {ec_collation: 0, ec_relids: (b 1 2), ec_has_const: false, ec_has_volatile: false, ec_broken: false, ec_sortref: 0, ec_min_security: 0, ec_max_security: 0} = {
                  ec_opfamilies = OidList with 1 elements = {1976},
                  ec_members = List with 2 elements = {
                    0 = EquivalenceMember {em_relids: (b 1), em_is_const: false, em_is_child: false, em_datatype: 23} = {
                      em_expr = Var {varno: 1, varattno: 1, vartype: 23, vartypmod: -1, varcollid: 0, varlevelsup: 0, varnosyn: 1, varattnosyn: 1, location: 199}
                    },
                    1 = EquivalenceMember {em_relids: (b 2), em_is_const: false, em_is_child: false, em_datatype: 23} = {
                      em_expr = Var {varno: 2, varattno: 2, vartype: 23, vartypmod: -1, varcollid: 0, varlevelsup: 0, varnosyn: 2, varattnosyn: 2, location: 211}
                    }
                  },
                  ec_sources = List with 1 elements = {
                    0 = RestrictInfo {is_pushed_down: true, outerjoin_delayed: false, can_join: true, pseudoconstant: false, leakproof: false, security_level: 0, clause_relids: (b 1 2), required_relids: (b 1 2), outer_relids: (b), nullable_relids: (b), left_relids: (b 1), right_relids: (b 2), eval_cost: (-1.00..0.00), norm_selec: -1.0000, outer_selec: -1.0000, outer_is_left: false, hashjoinoperator: 0, left_bucketsize: -1.0000, right_bucketsize: -1.0000, left_mcvfreq: -1.0000, right_mcvfreq: -1.0000} = {
                      clause = OpExpr {opno: 96, opfuncid: 65, opresulttype: 16, opretset: false, opcollid: 0, inputcollid: 0, location: 209} = {
                        args = List with 2 elements = {
                          0 = Var {varno: 1, varattno: 1, vartype: 23, vartypmod: -1, varcollid: 0, varlevelsup: 0, varnosyn: 1, varattnosyn: 1, location: 199},
                          1 = Var {varno: 2, varattno: 2, vartype: 23, vartypmod: -1, varcollid: 0, varlevelsup: 0, varnosyn: 2, varattnosyn: 2, location: 211}
                        }
                      },
                      mergeopfamilies = OidList with 1 elements = {1976},
                      left_em = EquivalenceMember {em_relids: (b 1), em_is_const: false, em_is_child: false, em_datatype: 23} = {
                        em_expr = Var {varno: 1, varattno: 1, vartype: 23, vartypmod: -1, varcollid: 0, varlevelsup: 0, varnosyn: 1, varattnosyn: 1, location: 199}
                      },
                      right_em = EquivalenceMember {em_relids: (b 2), em_is_const: false, em_is_child: false, em_datatype: 23} = {
                        em_expr = Var {varno: 2, varattno: 2, vartype: 23, vartypmod: -1, varcollid: 0, varlevelsup: 0, varnosyn: 2, varattnosyn: 2, location: 211}
                      }
                    }
                  },
                  ec_derives = List with 2 elements = {
                    0 = RestrictInfo {is_pushed_down: true, outerjoin_delayed: false, can_join: true, pseudoconstant: false, leakproof: false, security_level: 0, clause_relids: (b 1 2), required_relids: (b 1 2), outer_relids: (b), nullable_relids: (b), left_relids: (b 1), right_relids: (b 2), eval_cost: (0.00..0.00), norm_selec: 0.0050, outer_selec: -1.0000, outer_is_left: false, hashjoinoperator: 96, left_bucketsize: 0.0213, right_bucketsize: 0.1000, left_mcvfreq: 0.0000, right_mcvfreq: 0.0000} = {
                      clause = OpExpr {opno: 96, opfuncid: 65, opresulttype: 16, opretset: false, opcollid: 0, inputcollid: 0, location: -1} = {
                        args = List with 2 elements = {
                          0 = Var {varno: 1, varattno: 1, vartype: 23, vartypmod: -1, varcollid: 0, varlevelsup: 0, varnosyn: 1, varattnosyn: 1, location: 199},
                          1 = Var {varno: 2, varattno: 2, vartype: 23, vartypmod: -1, varcollid: 0, varlevelsup: 0, varnosyn: 2, varattnosyn: 2, location: 211}
                        }
                      },
                      mergeopfamilies = OidList with 1 elements = {1976},
                      left_em = EquivalenceMember {em_relids: (b 1), em_is_const: false, em_is_child: false, em_datatype: 23} = {
                        em_expr = Var {varno: 1, varattno: 1, vartype: 23, vartypmod: -1, varcollid: 0, varlevelsup: 0, varnosyn: 1, varattnosyn: 1, location: 199}
                      },
                      right_em = EquivalenceMember {em_relids: (b 2), em_is_const: false, em_is_child: false, em_datatype: 23} = {
                        em_expr = Var {varno: 2, varattno: 2, vartype: 23, vartypmod: -1, varcollid: 0, varlevelsup: 0, varnosyn: 2, varattnosyn: 2, location: 211}
                      }
                    },
                    1 = RestrictInfo {is_pushed_down: true, outerjoin_delayed: false, can_join: true, pseudoconstant: false, leakproof: false, security_level: 0, clause_relids: (b 1 2), required_relids: (b 1 2), outer_relids: (b), nullable_relids: (b), left_relids: (b 2), right_relids: (b 1), eval_cost: (0.00..0.00), norm_selec: 0.0050, outer_selec: -1.0000, outer_is_left: false, hashjoinoperator: 96, left_bucketsize: 0.1000, right_bucketsize: 0.0213, left_mcvfreq: 0.0000, right_mcvfreq: 0.0000} = {
                      clause = OpExpr {opno: 96, opfuncid: 65, opresulttype: 16, opretset: false, opcollid: 0, inputcollid: 0, location: -1} = {
                        args = List with 2 elements = {
                          0 = Var {varno: 2, varattno: 2, vartype: 23, vartypmod: -1, varcollid: 0, varlevelsup: 0, varnosyn: 2, varattnosyn: 2, location: 211},
                          1 = Var {varno: 1, varattno: 1, vartype: 23, vartypmod: -1, varcollid: 0, varlevelsup: 0, varnosyn: 1, varattnosyn: 1, location: 199}
                        }
                      },
                      mergeopfamilies = OidList with 1 elements = {1976},
                      left_em = EquivalenceMember {em_relids: (b 2), em_is_const: false, em_is_child: false, em_datatype: 23} = {
                        em_expr = Var {varno: 2, varattno: 2, vartype: 23, vartypmod: -1, varcollid: 0, varlevelsup: 0, varnosyn: 2, varattnosyn: 2, location: 211}
                      },
                      right_em = EquivalenceMember {em_relids: (b 1), em_is_const: false, em_is_child: false, em_datatype: 23} = {
                        em_expr = Var {varno: 1, varattno: 1, vartype: 23, vartypmod: -1, varcollid: 0, varlevelsup: 0, varnosyn: 1, varattnosyn: 1, location: 199}
                      }
                    }
                  }
                }
              }
            },
            subpath = JoinPath T_NestLoop (cost=337.37..691.84 rows=1 parallel_aware=False parallel_safe=False parallel_workers=0) {jointype: JOIN_INNER, inner_unique: false} = {
              path.parent = (b 1 2 3 4),
              path.pathtarget = PathTarget {cost: (0.00..0.00), width: 644} = {
                exprs = List with 9 elements = {
                  0 = Var {varno: 1, varattno: 1, vartype: 23, vartypmod: -1, varcollid: 0, varlevelsup: 0, varnosyn: 1, varattnosyn: 1, location: 9},
                  1 = Var {varno: 1, varattno: 2, vartype: 1043, vartypmod: 29, varcollid: 100, varlevelsup: 0, varnosyn: 1, varattnosyn: 2, location: 22},
                  2 = Var {varno: 1, varattno: 6, vartype: 1700, vartypmod: 983046, varcollid: 0, varlevelsup: 0, varnosyn: 1, varattnosyn: 6, location: 86},
                  3 = Var {varno: 1, varattno: 3, vartype: 1043, vartypmod: 44, varcollid: 100, varlevelsup: 0, varnosyn: 1, varattnosyn: 3, location: 109},
                  4 = Var {varno: 1, varattno: 5, vartype: 1042, vartypmod: 19, varcollid: 100, varlevelsup: 0, varnosyn: 1, varattnosyn: 5, location: 122},
                  5 = Var {varno: 1, varattno: 8, vartype: 1043, vartypmod: 121, varcollid: 100, varlevelsup: 0, varnosyn: 1, varattnosyn: 8, location: 133},
                  6 = Var {varno: 3, varattno: 6, vartype: 1700, vartypmod: 983046, varcollid: 0, varlevelsup: 0, varnosyn: 3, varattnosyn: 6, location: 36},
                  7 = Var {varno: 3, varattno: 7, vartype: 1700, vartypmod: 983046, varcollid: 0, varlevelsup: 0, varnosyn: 3, varattnosyn: 7, location: 59},
                  8 = Var {varno: 4, varattno: 2, vartype: 1042, vartypmod: 29, varcollid: 100, varlevelsup: 0, varnosyn: 4, varattnosyn: 2, location: 99}
                }
              },
              path.pathkeys = List with 1 elements = {
                0 = PathKey {pk_opfamily: 1976, pk_strategy: 1, pk_nulls_first: false} = {
                  pk_eclass = EquivalenceClass {ec_collation: 0, ec_relids: (b 1 2), ec_has_const: false, ec_has_volatile: false, ec_broken: false, ec_sortref: 0, ec_min_security: 0, ec_max_security: 0} = {
                    ec_opfamilies = OidList with 1 elements = {1976},
                    ec_members = List with 2 elements = {
                      0 = EquivalenceMember {em_relids: (b 1), em_is_const: false, em_is_child: false, em_datatype: 23} = {
                        em_expr = Var {varno: 1, varattno: 1, vartype: 23, vartypmod: -1, varcollid: 0, varlevelsup: 0, varnosyn: 1, varattnosyn: 1, location: 199}
                      },
                      1 = EquivalenceMember {em_relids: (b 2), em_is_const: false, em_is_child: false, em_datatype: 23} = {
                        em_expr = Var {varno: 2, varattno: 2, vartype: 23, vartypmod: -1, varcollid: 0, varlevelsup: 0, varnosyn: 2, varattnosyn: 2, location: 211}
                      }
                    },
                    ec_sources = List with 1 elements = {
                      0 = RestrictInfo {is_pushed_down: true, outerjoin_delayed: false, can_join: true, pseudoconstant: false, leakproof: false, security_level: 0, clause_relids: (b 1 2), required_relids: (b 1 2), outer_relids: (b), nullable_relids: (b), left_relids: (b 1), right_relids: (b 2), eval_cost: (-1.00..0.00), norm_selec: -1.0000, outer_selec: -1.0000, outer_is_left: false, hashjoinoperator: 0, left_bucketsize: -1.0000, right_bucketsize: -1.0000, left_mcvfreq: -1.0000, right_mcvfreq: -1.0000} = {
                        clause = OpExpr {opno: 96, opfuncid: 65, opresulttype: 16, opretset: false, opcollid: 0, inputcollid: 0, location: 209} = {
                          args = List with 2 elements = {
                            0 = Var {varno: 1, varattno: 1, vartype: 23, vartypmod: -1, varcollid: 0, varlevelsup: 0, varnosyn: 1, varattnosyn: 1, location: 199},
                            1 = Var {varno: 2, varattno: 2, vartype: 23, vartypmod: -1, varcollid: 0, varlevelsup: 0, varnosyn: 2, varattnosyn: 2, location: 211}
                          }
                        },
                        mergeopfamilies = OidList with 1 elements = {1976},
                        left_em = EquivalenceMember {em_relids: (b 1), em_is_const: false, em_is_child: false, em_datatype: 23} = {
                          em_expr = Var {varno: 1, varattno: 1, vartype: 23, vartypmod: -1, varcollid: 0, varlevelsup: 0, varnosyn: 1, varattnosyn: 1, location: 199}
                        },
                        right_em = EquivalenceMember {em_relids: (b 2), em_is_const: false, em_is_child: false, em_datatype: 23} = {
                          em_expr = Var {varno: 2, varattno: 2, vartype: 23, vartypmod: -1, varcollid: 0, varlevelsup: 0, varnosyn: 2, varattnosyn: 2, location: 211}
                        }
                      }
                    },
                    ec_derives = List with 2 elements = {
                      0 = RestrictInfo {is_pushed_down: true, outerjoin_delayed: false, can_join: true, pseudoconstant: false, leakproof: false, security_level: 0, clause_relids: (b 1 2), required_relids: (b 1 2), outer_relids: (b), nullable_relids: (b), left_relids: (b 1), right_relids: (b 2), eval_cost: (0.00..0.00), norm_selec: 0.0050, outer_selec: -1.0000, outer_is_left: false, hashjoinoperator: 96, left_bucketsize: 0.0213, right_bucketsize: 0.1000, left_mcvfreq: 0.0000, right_mcvfreq: 0.0000} = {
                        clause = OpExpr {opno: 96, opfuncid: 65, opresulttype: 16, opretset: false, opcollid: 0, inputcollid: 0, location: -1} = {
                          args = List with 2 elements = {
                            0 = Var {varno: 1, varattno: 1, vartype: 23, vartypmod: -1, varcollid: 0, varlevelsup: 0, varnosyn: 1, varattnosyn: 1, location: 199},
                            1 = Var {varno: 2, varattno: 2, vartype: 23, vartypmod: -1, varcollid: 0, varlevelsup: 0, varnosyn: 2, varattnosyn: 2, location: 211}
                          }
                        },
                        mergeopfamilies = OidList with 1 elements = {1976},
                        left_em = EquivalenceMember {em_relids: (b 1), em_is_const: false, em_is_child: false, em_datatype: 23} = {
                          em_expr = Var {varno: 1, varattno: 1, vartype: 23, vartypmod: -1, varcollid: 0, varlevelsup: 0, varnosyn: 1, varattnosyn: 1, location: 199}
                        },
                        right_em = EquivalenceMember {em_relids: (b 2), em_is_const: false, em_is_child: false, em_datatype: 23} = {
                          em_expr = Var {varno: 2, varattno: 2, vartype: 23, vartypmod: -1, varcollid: 0, varlevelsup: 0, varnosyn: 2, varattnosyn: 2, location: 211}
                        }
                      },
                      1 = RestrictInfo {is_pushed_down: true, outerjoin_delayed: false, can_join: true, pseudoconstant: false, leakproof: false, security_level: 0, clause_relids: (b 1 2), required_relids: (b 1 2), outer_relids: (b), nullable_relids: (b), left_relids: (b 2), right_relids: (b 1), eval_cost: (0.00..0.00), norm_selec: 0.0050, outer_selec: -1.0000, outer_is_left: false, hashjoinoperator: 96, left_bucketsize: 0.1000, right_bucketsize: 0.0213, left_mcvfreq: 0.0000, right_mcvfreq: 0.0000} = {
                        clause = OpExpr {opno: 96, opfuncid: 65, opresulttype: 16, opretset: false, opcollid: 0, inputcollid: 0, location: -1} = {
                          args = List with 2 elements = {
                            0 = Var {varno: 2, varattno: 2, vartype: 23, vartypmod: -1, varcollid: 0, varlevelsup: 0, varnosyn: 2, varattnosyn: 2, location: 211},
                            1 = Var {varno: 1, varattno: 1, vartype: 23, vartypmod: -1, varcollid: 0, varlevelsup: 0, varnosyn: 1, varattnosyn: 1, location: 199}
                          }
                        },
                        mergeopfamilies = OidList with 1 elements = {1976},
                        left_em = EquivalenceMember {em_relids: (b 2), em_is_const: false, em_is_child: false, em_datatype: 23} = {
                          em_expr = Var {varno: 2, varattno: 2, vartype: 23, vartypmod: -1, varcollid: 0, varlevelsup: 0, varnosyn: 2, varattnosyn: 2, location: 211}
                        },
                        right_em = EquivalenceMember {em_relids: (b 1), em_is_const: false, em_is_child: false, em_datatype: 23} = {
                          em_expr = Var {varno: 1, varattno: 1, vartype: 23, vartypmod: -1, varcollid: 0, varlevelsup: 0, varnosyn: 1, varattnosyn: 1, location: 199}
                        }
                      }
                    }
                  }
                }
              },
              outerjoinpath = JoinPath T_NestLoop (cost=337.37..528.13 rows=1 parallel_aware=False parallel_safe=False parallel_workers=0) {jointype: JOIN_INNER, inner_unique: false} = {
                path.parent = (b 1 2 3),
                path.pathtarget = PathTarget {cost: (0.00..0.00), width: 544} = {
                  exprs = List with 9 elements = {
                    0 = Var {varno: 1, varattno: 1, vartype: 23, vartypmod: -1, varcollid: 0, varlevelsup: 0, varnosyn: 1, varattnosyn: 1, location: 9},
                    1 = Var {varno: 1, varattno: 2, vartype: 1043, vartypmod: 29, varcollid: 100, varlevelsup: 0, varnosyn: 1, varattnosyn: 2, location: 22},
                    2 = Var {varno: 1, varattno: 6, vartype: 1700, vartypmod: 983046, varcollid: 0, varlevelsup: 0, varnosyn: 1, varattnosyn: 6, location: 86},
                    3 = Var {varno: 1, varattno: 3, vartype: 1043, vartypmod: 44, varcollid: 100, varlevelsup: 0, varnosyn: 1, varattnosyn: 3, location: 109},
                    4 = Var {varno: 1, varattno: 5, vartype: 1042, vartypmod: 19, varcollid: 100, varlevelsup: 0, varnosyn: 1, varattnosyn: 5, location: 122},
                    5 = Var {varno: 1, varattno: 8, vartype: 1043, vartypmod: 121, varcollid: 100, varlevelsup: 0, varnosyn: 1, varattnosyn: 8, location: 133},
                    6 = Var {varno: 1, varattno: 4, vartype: 23, vartypmod: -1, varcollid: 0, varlevelsup: 0, varnosyn: 1, varattnosyn: 4, location: 380},
                    7 = Var {varno: 3, varattno: 6, vartype: 1700, vartypmod: 983046, varcollid: 0, varlevelsup: 0, varnosyn: 3, varattnosyn: 6, location: 36},
                    8 = Var {varno: 3, varattno: 7, vartype: 1700, vartypmod: 983046, varcollid: 0, varlevelsup: 0, varnosyn: 3, varattnosyn: 7, location: 59}
                  }
                },
                path.pathkeys = List with 1 elements = {
                  0 = PathKey {pk_opfamily: 1976, pk_strategy: 1, pk_nulls_first: false} = {
                    pk_eclass = EquivalenceClass {ec_collation: 0, ec_relids: (b 1 2), ec_has_const: false, ec_has_volatile: false, ec_broken: false, ec_sortref: 0, ec_min_security: 0, ec_max_security: 0} = {
                      ec_opfamilies = OidList with 1 elements = {1976},
                      ec_members = List with 2 elements = {
                        0 = EquivalenceMember {em_relids: (b 1), em_is_const: false, em_is_child: false, em_datatype: 23} = {
                          em_expr = Var {varno: 1, varattno: 1, vartype: 23, vartypmod: -1, varcollid: 0, varlevelsup: 0, varnosyn: 1, varattnosyn: 1, location: 199}
                        },
                        1 = EquivalenceMember {em_relids: (b 2), em_is_const: false, em_is_child: false, em_datatype: 23} = {
                          em_expr = Var {varno: 2, varattno: 2, vartype: 23, vartypmod: -1, varcollid: 0, varlevelsup: 0, varnosyn: 2, varattnosyn: 2, location: 211}
                        }
                      },
                      ec_sources = List with 1 elements = {
                        0 = RestrictInfo {is_pushed_down: true, outerjoin_delayed: false, can_join: true, pseudoconstant: false, leakproof: false, security_level: 0, clause_relids: (b 1 2), required_relids: (b 1 2), outer_relids: (b), nullable_relids: (b), left_relids: (b 1), right_relids: (b 2), eval_cost: (-1.00..0.00), norm_selec: -1.0000, outer_selec: -1.0000, outer_is_left: false, hashjoinoperator: 0, left_bucketsize: -1.0000, right_bucketsize: -1.0000, left_mcvfreq: -1.0000, right_mcvfreq: -1.0000} = {
                          clause = OpExpr {opno: 96, opfuncid: 65, opresulttype: 16, opretset: false, opcollid: 0, inputcollid: 0, location: 209} = {
                            args = List with 2 elements = {
                              0 = Var {varno: 1, varattno: 1, vartype: 23, vartypmod: -1, varcollid: 0, varlevelsup: 0, varnosyn: 1, varattnosyn: 1, location: 199},
                              1 = Var {varno: 2, varattno: 2, vartype: 23, vartypmod: -1, varcollid: 0, varlevelsup: 0, varnosyn: 2, varattnosyn: 2, location: 211}
                            }
                          },
                          mergeopfamilies = OidList with 1 elements = {1976},
                          left_em = EquivalenceMember {em_relids: (b 1), em_is_const: false, em_is_child: false, em_datatype: 23} = {
                            em_expr = Var {varno: 1, varattno: 1, vartype: 23, vartypmod: -1, varcollid: 0, varlevelsup: 0, varnosyn: 1, varattnosyn: 1, location: 199}
                          },
                          right_em = EquivalenceMember {em_relids: (b 2), em_is_const: false, em_is_child: false, em_datatype: 23} = {
                            em_expr = Var {varno: 2, varattno: 2, vartype: 23, vartypmod: -1, varcollid: 0, varlevelsup: 0, varnosyn: 2, varattnosyn: 2, location: 211}
                          }
                        }
                      },
                      ec_derives = List with 2 elements = {
                        0 = RestrictInfo {is_pushed_down: true, outerjoin_delayed: false, can_join: true, pseudoconstant: false, leakproof: false, security_level: 0, clause_relids: (b 1 2), required_relids: (b 1 2), outer_relids: (b), nullable_relids: (b), left_relids: (b 1), right_relids: (b 2), eval_cost: (0.00..0.00), norm_selec: 0.0050, outer_selec: -1.0000, outer_is_left: false, hashjoinoperator: 96, left_bucketsize: 0.0213, right_bucketsize: 0.1000, left_mcvfreq: 0.0000, right_mcvfreq: 0.0000} = {
                          clause = OpExpr {opno: 96, opfuncid: 65, opresulttype: 16, opretset: false, opcollid: 0, inputcollid: 0, location: -1} = {
                            args = List with 2 elements = {
                              0 = Var {varno: 1, varattno: 1, vartype: 23, vartypmod: -1, varcollid: 0, varlevelsup: 0, varnosyn: 1, varattnosyn: 1, location: 199},
                              1 = Var {varno: 2, varattno: 2, vartype: 23, vartypmod: -1, varcollid: 0, varlevelsup: 0, varnosyn: 2, varattnosyn: 2, location: 211}
                            }
                          },
                          mergeopfamilies = OidList with 1 elements = {1976},
                          left_em = EquivalenceMember {em_relids: (b 1), em_is_const: false, em_is_child: false, em_datatype: 23} = {
                            em_expr = Var {varno: 1, varattno: 1, vartype: 23, vartypmod: -1, varcollid: 0, varlevelsup: 0, varnosyn: 1, varattnosyn: 1, location: 199}
                          },
                          right_em = EquivalenceMember {em_relids: (b 2), em_is_const: false, em_is_child: false, em_datatype: 23} = {
                            em_expr = Var {varno: 2, varattno: 2, vartype: 23, vartypmod: -1, varcollid: 0, varlevelsup: 0, varnosyn: 2, varattnosyn: 2, location: 211}
                          }
                        },
                        1 = RestrictInfo {is_pushed_down: true, outerjoin_delayed: false, can_join: true, pseudoconstant: false, leakproof: false, security_level: 0, clause_relids: (b 1 2), required_relids: (b 1 2), outer_relids: (b), nullable_relids: (b), left_relids: (b 2), right_relids: (b 1), eval_cost: (0.00..0.00), norm_selec: 0.0050, outer_selec: -1.0000, outer_is_left: false, hashjoinoperator: 96, left_bucketsize: 0.1000, right_bucketsize: 0.0213, left_mcvfreq: 0.0000, right_mcvfreq: 0.0000} = {
                          clause = OpExpr {opno: 96, opfuncid: 65, opresulttype: 16, opretset: false, opcollid: 0, inputcollid: 0, location: -1} = {
                            args = List with 2 elements = {
                              0 = Var {varno: 2, varattno: 2, vartype: 23, vartypmod: -1, varcollid: 0, varlevelsup: 0, varnosyn: 2, varattnosyn: 2, location: 211},
                              1 = Var {varno: 1, varattno: 1, vartype: 23, vartypmod: -1, varcollid: 0, varlevelsup: 0, varnosyn: 1, varattnosyn: 1, location: 199}
                            }
                          },
                          mergeopfamilies = OidList with 1 elements = {1976},
                          left_em = EquivalenceMember {em_relids: (b 2), em_is_const: false, em_is_child: false, em_datatype: 23} = {
                            em_expr = Var {varno: 2, varattno: 2, vartype: 23, vartypmod: -1, varcollid: 0, varlevelsup: 0, varnosyn: 2, varattnosyn: 2, location: 211}
                          },
                          right_em = EquivalenceMember {em_relids: (b 1), em_is_const: false, em_is_child: false, em_datatype: 23} = {
                            em_expr = Var {varno: 1, varattno: 1, vartype: 23, vartypmod: -1, varcollid: 0, varlevelsup: 0, varnosyn: 1, varattnosyn: 1, location: 199}
                          }
                        }
                      }
                    }
                  }
                },
                outerjoinpath = MergePath T_MergeJoin (cost=337.37..337.62 rows=1 parallel_aware=False parallel_safe=False parallel_workers=0) {skip_mark_restore: false, materialize_inner: false} = {
                  jpath.path.parent = (b 1 2),
                  jpath.path.pathtarget = PathTarget {cost: (0.00..0.00), width: 512} = {
                    exprs = List with 8 elements = {
                      0 = Var {varno: 1, varattno: 1, vartype: 23, vartypmod: -1, varcollid: 0, varlevelsup: 0, varnosyn: 1, varattnosyn: 1, location: 9},
                      1 = Var {varno: 1, varattno: 2, vartype: 1043, vartypmod: 29, varcollid: 100, varlevelsup: 0, varnosyn: 1, varattnosyn: 2, location: 22},
                      2 = Var {varno: 1, varattno: 6, vartype: 1700, vartypmod: 983046, varcollid: 0, varlevelsup: 0, varnosyn: 1, varattnosyn: 6, location: 86},
                      3 = Var {varno: 1, varattno: 3, vartype: 1043, vartypmod: 44, varcollid: 100, varlevelsup: 0, varnosyn: 1, varattnosyn: 3, location: 109},
                      4 = Var {varno: 1, varattno: 5, vartype: 1042, vartypmod: 19, varcollid: 100, varlevelsup: 0, varnosyn: 1, varattnosyn: 5, location: 122},
                      5 = Var {varno: 1, varattno: 8, vartype: 1043, vartypmod: 121, varcollid: 100, varlevelsup: 0, varnosyn: 1, varattnosyn: 8, location: 133},
                      6 = Var {varno: 1, varattno: 4, vartype: 23, vartypmod: -1, varcollid: 0, varlevelsup: 0, varnosyn: 1, varattnosyn: 4, location: 380},
                      7 = Var {varno: 2, varattno: 1, vartype: 23, vartypmod: -1, varcollid: 0, varlevelsup: 0, varnosyn: 2, varattnosyn: 1, location: 240}
                    }
                  },
                  jpath.path.pathkeys = List with 1 elements = {
                    0 = PathKey {pk_opfamily: 1976, pk_strategy: 1, pk_nulls_first: false} = {
                      pk_eclass = EquivalenceClass {ec_collation: 0, ec_relids: (b 1 2), ec_has_const: false, ec_has_volatile: false, ec_broken: false, ec_sortref: 0, ec_min_security: 0, ec_max_security: 0} = {
                        ec_opfamilies = OidList with 1 elements = {1976},
                        ec_members = List with 2 elements = {
                          0 = EquivalenceMember {em_relids: (b 1), em_is_const: false, em_is_child: false, em_datatype: 23} = {
                            em_expr = Var {varno: 1, varattno: 1, vartype: 23, vartypmod: -1, varcollid: 0, varlevelsup: 0, varnosyn: 1, varattnosyn: 1, location: 199}
                          },
                          1 = EquivalenceMember {em_relids: (b 2), em_is_const: false, em_is_child: false, em_datatype: 23} = {
                            em_expr = Var {varno: 2, varattno: 2, vartype: 23, vartypmod: -1, varcollid: 0, varlevelsup: 0, varnosyn: 2, varattnosyn: 2, location: 211}
                          }
                        },
                        ec_sources = List with 1 elements = {
                          0 = RestrictInfo {is_pushed_down: true, outerjoin_delayed: false, can_join: true, pseudoconstant: false, leakproof: false, security_level: 0, clause_relids: (b 1 2), required_relids: (b 1 2), outer_relids: (b), nullable_relids: (b), left_relids: (b 1), right_relids: (b 2), eval_cost: (-1.00..0.00), norm_selec: -1.0000, outer_selec: -1.0000, outer_is_left: false, hashjoinoperator: 0, left_bucketsize: -1.0000, right_bucketsize: -1.0000, left_mcvfreq: -1.0000, right_mcvfreq: -1.0000} = {
                            clause = OpExpr {opno: 96, opfuncid: 65, opresulttype: 16, opretset: false, opcollid: 0, inputcollid: 0, location: 209} = {
                              args = List with 2 elements = {
                                0 = Var {varno: 1, varattno: 1, vartype: 23, vartypmod: -1, varcollid: 0, varlevelsup: 0, varnosyn: 1, varattnosyn: 1, location: 199},
                                1 = Var {varno: 2, varattno: 2, vartype: 23, vartypmod: -1, varcollid: 0, varlevelsup: 0, varnosyn: 2, varattnosyn: 2, location: 211}
                              }
                            },
                            mergeopfamilies = OidList with 1 elements = {1976},
                            left_em = EquivalenceMember {em_relids: (b 1), em_is_const: false, em_is_child: false, em_datatype: 23} = {
                              em_expr = Var {varno: 1, varattno: 1, vartype: 23, vartypmod: -1, varcollid: 0, varlevelsup: 0, varnosyn: 1, varattnosyn: 1, location: 199}
                            },
                            right_em = EquivalenceMember {em_relids: (b 2), em_is_const: false, em_is_child: false, em_datatype: 23} = {
                              em_expr = Var {varno: 2, varattno: 2, vartype: 23, vartypmod: -1, varcollid: 0, varlevelsup: 0, varnosyn: 2, varattnosyn: 2, location: 211}
                            }
                          }
                        },
                        ec_derives = List with 2 elements = {
                          0 = RestrictInfo {is_pushed_down: true, outerjoin_delayed: false, can_join: true, pseudoconstant: false, leakproof: false, security_level: 0, clause_relids: (b 1 2), required_relids: (b 1 2), outer_relids: (b), nullable_relids: (b), left_relids: (b 1), right_relids: (b 2), eval_cost: (0.00..0.00), norm_selec: 0.0050, outer_selec: -1.0000, outer_is_left: false, hashjoinoperator: 96, left_bucketsize: 0.0213, right_bucketsize: 0.1000, left_mcvfreq: 0.0000, right_mcvfreq: 0.0000} = {
                            clause = OpExpr {opno: 96, opfuncid: 65, opresulttype: 16, opretset: false, opcollid: 0, inputcollid: 0, location: -1} = {
                              args = List with 2 elements = {
                                0 = Var {varno: 1, varattno: 1, vartype: 23, vartypmod: -1, varcollid: 0, varlevelsup: 0, varnosyn: 1, varattnosyn: 1, location: 199},
                                1 = Var {varno: 2, varattno: 2, vartype: 23, vartypmod: -1, varcollid: 0, varlevelsup: 0, varnosyn: 2, varattnosyn: 2, location: 211}
                              }
                            },
                            mergeopfamilies = OidList with 1 elements = {1976},
                            left_em = EquivalenceMember {em_relids: (b 1), em_is_const: false, em_is_child: false, em_datatype: 23} = {
                              em_expr = Var {varno: 1, varattno: 1, vartype: 23, vartypmod: -1, varcollid: 0, varlevelsup: 0, varnosyn: 1, varattnosyn: 1, location: 199}
                            },
                            right_em = EquivalenceMember {em_relids: (b 2), em_is_const: false, em_is_child: false, em_datatype: 23} = {
                              em_expr = Var {varno: 2, varattno: 2, vartype: 23, vartypmod: -1, varcollid: 0, varlevelsup: 0, varnosyn: 2, varattnosyn: 2, location: 211}
                            }
                          },
                          1 = RestrictInfo {is_pushed_down: true, outerjoin_delayed: false, can_join: true, pseudoconstant: false, leakproof: false, security_level: 0, clause_relids: (b 1 2), required_relids: (b 1 2), outer_relids: (b), nullable_relids: (b), left_relids: (b 2), right_relids: (b 1), eval_cost: (0.00..0.00), norm_selec: 0.0050, outer_selec: -1.0000, outer_is_left: false, hashjoinoperator: 96, left_bucketsize: 0.1000, right_bucketsize: 0.0213, left_mcvfreq: 0.0000, right_mcvfreq: 0.0000} = {
                            clause = OpExpr {opno: 96, opfuncid: 65, opresulttype: 16, opretset: false, opcollid: 0, inputcollid: 0, location: -1} = {
                              args = List with 2 elements = {
                                0 = Var {varno: 2, varattno: 2, vartype: 23, vartypmod: -1, varcollid: 0, varlevelsup: 0, varnosyn: 2, varattnosyn: 2, location: 211},
                                1 = Var {varno: 1, varattno: 1, vartype: 23, vartypmod: -1, varcollid: 0, varlevelsup: 0, varnosyn: 1, varattnosyn: 1, location: 199}
                              }
                            },
                            mergeopfamilies = OidList with 1 elements = {1976},
                            left_em = EquivalenceMember {em_relids: (b 2), em_is_const: false, em_is_child: false, em_datatype: 23} = {
                              em_expr = Var {varno: 2, varattno: 2, vartype: 23, vartypmod: -1, varcollid: 0, varlevelsup: 0, varnosyn: 2, varattnosyn: 2, location: 211}
                            },
                            right_em = EquivalenceMember {em_relids: (b 1), em_is_const: false, em_is_child: false, em_datatype: 23} = {
                              em_expr = Var {varno: 1, varattno: 1, vartype: 23, vartypmod: -1, varcollid: 0, varlevelsup: 0, varnosyn: 1, varattnosyn: 1, location: 199}
                            }
                          }
                        }
                      }
                    }
                  },
                  jpath.outerjoinpath = RemoteQueryPath T_RemoteQuery (cost=0.00..136.00 rows=47 parallel_aware=False parallel_safe=False parallel_workers=0) {jointype: JOIN_INNER, rqhas_unshippable_qual: false, rqhas_temp_rel: false, rqhas_unshippable_tlist: false} = {
                    path.parent = (b 1),
                    path.pathtarget = PathTarget {cost: (0.00..0.00), width: 508} = {
                      exprs = List with 7 elements = {
                        0 = Var {varno: 1, varattno: 1, vartype: 23, vartypmod: -1, varcollid: 0, varlevelsup: 0, varnosyn: 1, varattnosyn: 1, location: 9},
                        1 = Var {varno: 1, varattno: 2, vartype: 1043, vartypmod: 29, varcollid: 100, varlevelsup: 0, varnosyn: 1, varattnosyn: 2, location: 22},
                        2 = Var {varno: 1, varattno: 6, vartype: 1700, vartypmod: 983046, varcollid: 0, varlevelsup: 0, varnosyn: 1, varattnosyn: 6, location: 86},
                        3 = Var {varno: 1, varattno: 3, vartype: 1043, vartypmod: 44, varcollid: 100, varlevelsup: 0, varnosyn: 1, varattnosyn: 3, location: 109},
                        4 = Var {varno: 1, varattno: 5, vartype: 1042, vartypmod: 19, varcollid: 100, varlevelsup: 0, varnosyn: 1, varattnosyn: 5, location: 122},
                        5 = Var {varno: 1, varattno: 8, vartype: 1043, vartypmod: 121, varcollid: 100, varlevelsup: 0, varnosyn: 1, varattnosyn: 8, location: 133},
                        6 = Var {varno: 1, varattno: 4, vartype: 23, vartypmod: -1, varcollid: 0, varlevelsup: 0, varnosyn: 1, varattnosyn: 4, location: 380}
                      }
                    },
                    rqpath_en = ExecNodes {accesstype: RELATION_ACCESS_READ, baselocatortype: 72 'H', en_relid: 0, en_funcid: 0} = {
                      en_dist_vars = List with 1 elements = {
                        0 = Var {varno: 1, varattno: 1, vartype: 23, vartypmod: -1, varcollid: 0, varlevelsup: 0, varnosyn: 1, varattnosyn: 1, location: 9}
                      },
                      nodeids = OidList with 3 elements = {16386, 16387, 16388}
                    }
                  },
                  jpath.innerjoinpath = RemoteQueryPath T_RemoteQuery (cost=0.00..200.05 rows=1 parallel_aware=False parallel_safe=False parallel_workers=0) {jointype: JOIN_INNER, rqhas_unshippable_qual: false, rqhas_temp_rel: false, rqhas_unshippable_tlist: false} = {
                    path.parent = (b 2),
                    path.pathtarget = PathTarget {cost: (0.00..0.00), width: 8} = {
                      exprs = List with 2 elements = {
                        0 = Var {varno: 2, varattno: 2, vartype: 23, vartypmod: -1, varcollid: 0, varlevelsup: 0, varnosyn: 2, varattnosyn: 2, location: 211},
                        1 = Var {varno: 2, varattno: 1, vartype: 23, vartypmod: -1, varcollid: 0, varlevelsup: 0, varnosyn: 2, varattnosyn: 1, location: 240}
                      }
                    },
                    rqpath_en = ExecNodes {accesstype: RELATION_ACCESS_READ, baselocatortype: 72 'H', en_relid: 0, en_funcid: 0} = {
                      en_dist_vars = List with 1 elements = {
                        0 = Var {varno: 2, varattno: 1, vartype: 23, vartypmod: -1, varcollid: 0, varlevelsup: 0, varnosyn: 2, varattnosyn: 1, location: 240}
                      },
                      nodeids = OidList with 3 elements = {16386, 16387, 16388}
                    }
                  },
                  jpath.joinrestrictinfo = List with 1 elements = {
                    0 = RestrictInfo {is_pushed_down: true, outerjoin_delayed: false, can_join: true, pseudoconstant: false, leakproof: false, security_level: 0, clause_relids: (b 1 2), required_relids: (b 1 2), outer_relids: (b), nullable_relids: (b), left_relids: (b 1), right_relids: (b 2), eval_cost: (0.00..0.00), norm_selec: 0.0050, outer_selec: -1.0000, outer_is_left: false, hashjoinoperator: 96, left_bucketsize: 0.0213, right_bucketsize: 0.1000, left_mcvfreq: 0.0000, right_mcvfreq: 0.0000} = {
                      clause = OpExpr {opno: 96, opfuncid: 65, opresulttype: 16, opretset: false, opcollid: 0, inputcollid: 0, location: -1} = {
                        args = List with 2 elements = {
                          0 = Var {varno: 1, varattno: 1, vartype: 23, vartypmod: -1, varcollid: 0, varlevelsup: 0, varnosyn: 1, varattnosyn: 1, location: 199},
                          1 = Var {varno: 2, varattno: 2, vartype: 23, vartypmod: -1, varcollid: 0, varlevelsup: 0, varnosyn: 2, varattnosyn: 2, location: 211}
                        }
                      },
                      mergeopfamilies = OidList with 1 elements = {1976},
                      left_em = EquivalenceMember {em_relids: (b 1), em_is_const: false, em_is_child: false, em_datatype: 23} = {
                        em_expr = Var {varno: 1, varattno: 1, vartype: 23, vartypmod: -1, varcollid: 0, varlevelsup: 0, varnosyn: 1, varattnosyn: 1, location: 199}
                      },
                      right_em = EquivalenceMember {em_relids: (b 2), em_is_const: false, em_is_child: false, em_datatype: 23} = {
                        em_expr = Var {varno: 2, varattno: 2, vartype: 23, vartypmod: -1, varcollid: 0, varlevelsup: 0, varnosyn: 2, varattnosyn: 2, location: 211}
                      }
                    }
                  },
                  outersortkeys = List with 1 elements = {
                    0 = PathKey {pk_opfamily: 1976, pk_strategy: 1, pk_nulls_first: false} = {
                      pk_eclass = EquivalenceClass {ec_collation: 0, ec_relids: (b 1 2), ec_has_const: false, ec_has_volatile: false, ec_broken: false, ec_sortref: 0, ec_min_security: 0, ec_max_security: 0} = {
                        ec_opfamilies = OidList with 1 elements = {1976},
                        ec_members = List with 2 elements = {
                          0 = EquivalenceMember {em_relids: (b 1), em_is_const: false, em_is_child: false, em_datatype: 23} = {
                            em_expr = Var {varno: 1, varattno: 1, vartype: 23, vartypmod: -1, varcollid: 0, varlevelsup: 0, varnosyn: 1, varattnosyn: 1, location: 199}
                          },
                          1 = EquivalenceMember {em_relids: (b 2), em_is_const: false, em_is_child: false, em_datatype: 23} = {
                            em_expr = Var {varno: 2, varattno: 2, vartype: 23, vartypmod: -1, varcollid: 0, varlevelsup: 0, varnosyn: 2, varattnosyn: 2, location: 211}
                          }
                        },
                        ec_sources = List with 1 elements = {
                          0 = RestrictInfo {is_pushed_down: true, outerjoin_delayed: false, can_join: true, pseudoconstant: false, leakproof: false, security_level: 0, clause_relids: (b 1 2), required_relids: (b 1 2), outer_relids: (b), nullable_relids: (b), left_relids: (b 1), right_relids: (b 2), eval_cost: (-1.00..0.00), norm_selec: -1.0000, outer_selec: -1.0000, outer_is_left: false, hashjoinoperator: 0, left_bucketsize: -1.0000, right_bucketsize: -1.0000, left_mcvfreq: -1.0000, right_mcvfreq: -1.0000} = {
                            clause = OpExpr {opno: 96, opfuncid: 65, opresulttype: 16, opretset: false, opcollid: 0, inputcollid: 0, location: 209} = {
                              args = List with 2 elements = {
                                0 = Var {varno: 1, varattno: 1, vartype: 23, vartypmod: -1, varcollid: 0, varlevelsup: 0, varnosyn: 1, varattnosyn: 1, location: 199},
                                1 = Var {varno: 2, varattno: 2, vartype: 23, vartypmod: -1, varcollid: 0, varlevelsup: 0, varnosyn: 2, varattnosyn: 2, location: 211}
                              }
                            },
                            mergeopfamilies = OidList with 1 elements = {1976},
                            left_em = EquivalenceMember {em_relids: (b 1), em_is_const: false, em_is_child: false, em_datatype: 23} = {
                              em_expr = Var {varno: 1, varattno: 1, vartype: 23, vartypmod: -1, varcollid: 0, varlevelsup: 0, varnosyn: 1, varattnosyn: 1, location: 199}
                            },
                            right_em = EquivalenceMember {em_relids: (b 2), em_is_const: false, em_is_child: false, em_datatype: 23} = {
                              em_expr = Var {varno: 2, varattno: 2, vartype: 23, vartypmod: -1, varcollid: 0, varlevelsup: 0, varnosyn: 2, varattnosyn: 2, location: 211}
                            }
                          }
                        },
                        ec_derives = List with 2 elements = {
                          0 = RestrictInfo {is_pushed_down: true, outerjoin_delayed: false, can_join: true, pseudoconstant: false, leakproof: false, security_level: 0, clause_relids: (b 1 2), required_relids: (b 1 2), outer_relids: (b), nullable_relids: (b), left_relids: (b 1), right_relids: (b 2), eval_cost: (0.00..0.00), norm_selec: 0.0050, outer_selec: -1.0000, outer_is_left: false, hashjoinoperator: 96, left_bucketsize: 0.0213, right_bucketsize: 0.1000, left_mcvfreq: 0.0000, right_mcvfreq: 0.0000} = {
                            clause = OpExpr {opno: 96, opfuncid: 65, opresulttype: 16, opretset: false, opcollid: 0, inputcollid: 0, location: -1} = {
                              args = List with 2 elements = {
                                0 = Var {varno: 1, varattno: 1, vartype: 23, vartypmod: -1, varcollid: 0, varlevelsup: 0, varnosyn: 1, varattnosyn: 1, location: 199},
                                1 = Var {varno: 2, varattno: 2, vartype: 23, vartypmod: -1, varcollid: 0, varlevelsup: 0, varnosyn: 2, varattnosyn: 2, location: 211}
                              }
                            },
                            mergeopfamilies = OidList with 1 elements = {1976},
                            left_em = EquivalenceMember {em_relids: (b 1), em_is_const: false, em_is_child: false, em_datatype: 23} = {
                              em_expr = Var {varno: 1, varattno: 1, vartype: 23, vartypmod: -1, varcollid: 0, varlevelsup: 0, varnosyn: 1, varattnosyn: 1, location: 199}
                            },
                            right_em = EquivalenceMember {em_relids: (b 2), em_is_const: false, em_is_child: false, em_datatype: 23} = {
                              em_expr = Var {varno: 2, varattno: 2, vartype: 23, vartypmod: -1, varcollid: 0, varlevelsup: 0, varnosyn: 2, varattnosyn: 2, location: 211}
                            }
                          },
                          1 = RestrictInfo {is_pushed_down: true, outerjoin_delayed: false, can_join: true, pseudoconstant: false, leakproof: false, security_level: 0, clause_relids: (b 1 2), required_relids: (b 1 2), outer_relids: (b), nullable_relids: (b), left_relids: (b 2), right_relids: (b 1), eval_cost: (0.00..0.00), norm_selec: 0.0050, outer_selec: -1.0000, outer_is_left: false, hashjoinoperator: 96, left_bucketsize: 0.1000, right_bucketsize: 0.0213, left_mcvfreq: 0.0000, right_mcvfreq: 0.0000} = {
                            clause = OpExpr {opno: 96, opfuncid: 65, opresulttype: 16, opretset: false, opcollid: 0, inputcollid: 0, location: -1} = {
                              args = List with 2 elements = {
                                0 = Var {varno: 2, varattno: 2, vartype: 23, vartypmod: -1, varcollid: 0, varlevelsup: 0, varnosyn: 2, varattnosyn: 2, location: 211},
                                1 = Var {varno: 1, varattno: 1, vartype: 23, vartypmod: -1, varcollid: 0, varlevelsup: 0, varnosyn: 1, varattnosyn: 1, location: 199}
                              }
                            },
                            mergeopfamilies = OidList with 1 elements = {1976},
                            left_em = EquivalenceMember {em_relids: (b 2), em_is_const: false, em_is_child: false, em_datatype: 23} = {
                              em_expr = Var {varno: 2, varattno: 2, vartype: 23, vartypmod: -1, varcollid: 0, varlevelsup: 0, varnosyn: 2, varattnosyn: 2, location: 211}
                            },
                            right_em = EquivalenceMember {em_relids: (b 1), em_is_const: false, em_is_child: false, em_datatype: 23} = {
                              em_expr = Var {varno: 1, varattno: 1, vartype: 23, vartypmod: -1, varcollid: 0, varlevelsup: 0, varnosyn: 1, varattnosyn: 1, location: 199}
                            }
                          }
                        }
                      }
                    }
                  },
                  innersortkeys = List with 1 elements = {
                    0 = PathKey {pk_opfamily: 1976, pk_strategy: 1, pk_nulls_first: false} = {
                      pk_eclass = EquivalenceClass {ec_collation: 0, ec_relids: (b 1 2), ec_has_const: false, ec_has_volatile: false, ec_broken: false, ec_sortref: 0, ec_min_security: 0, ec_max_security: 0} = {
                        ec_opfamilies = OidList with 1 elements = {1976},
                        ec_members = List with 2 elements = {
                          0 = EquivalenceMember {em_relids: (b 1), em_is_const: false, em_is_child: false, em_datatype: 23} = {
                            em_expr = Var {varno: 1, varattno: 1, vartype: 23, vartypmod: -1, varcollid: 0, varlevelsup: 0, varnosyn: 1, varattnosyn: 1, location: 199}
                          },
                          1 = EquivalenceMember {em_relids: (b 2), em_is_const: false, em_is_child: false, em_datatype: 23} = {
                            em_expr = Var {varno: 2, varattno: 2, vartype: 23, vartypmod: -1, varcollid: 0, varlevelsup: 0, varnosyn: 2, varattnosyn: 2, location: 211}
                          }
                        },
                        ec_sources = List with 1 elements = {
                          0 = RestrictInfo {is_pushed_down: true, outerjoin_delayed: false, can_join: true, pseudoconstant: false, leakproof: false, security_level: 0, clause_relids: (b 1 2), required_relids: (b 1 2), outer_relids: (b), nullable_relids: (b), left_relids: (b 1), right_relids: (b 2), eval_cost: (-1.00..0.00), norm_selec: -1.0000, outer_selec: -1.0000, outer_is_left: false, hashjoinoperator: 0, left_bucketsize: -1.0000, right_bucketsize: -1.0000, left_mcvfreq: -1.0000, right_mcvfreq: -1.0000} = {
                            clause = OpExpr {opno: 96, opfuncid: 65, opresulttype: 16, opretset: false, opcollid: 0, inputcollid: 0, location: 209} = {
                              args = List with 2 elements = {
                                0 = Var {varno: 1, varattno: 1, vartype: 23, vartypmod: -1, varcollid: 0, varlevelsup: 0, varnosyn: 1, varattnosyn: 1, location: 199},
                                1 = Var {varno: 2, varattno: 2, vartype: 23, vartypmod: -1, varcollid: 0, varlevelsup: 0, varnosyn: 2, varattnosyn: 2, location: 211}
                              }
                            },
                            mergeopfamilies = OidList with 1 elements = {1976},
                            left_em = EquivalenceMember {em_relids: (b 1), em_is_const: false, em_is_child: false, em_datatype: 23} = {
                              em_expr = Var {varno: 1, varattno: 1, vartype: 23, vartypmod: -1, varcollid: 0, varlevelsup: 0, varnosyn: 1, varattnosyn: 1, location: 199}
                            },
                            right_em = EquivalenceMember {em_relids: (b 2), em_is_const: false, em_is_child: false, em_datatype: 23} = {
                              em_expr = Var {varno: 2, varattno: 2, vartype: 23, vartypmod: -1, varcollid: 0, varlevelsup: 0, varnosyn: 2, varattnosyn: 2, location: 211}
                            }
                          }
                        },
                        ec_derives = List with 2 elements = {
                          0 = RestrictInfo {is_pushed_down: true, outerjoin_delayed: false, can_join: true, pseudoconstant: false, leakproof: false, security_level: 0, clause_relids: (b 1 2), required_relids: (b 1 2), outer_relids: (b), nullable_relids: (b), left_relids: (b 1), right_relids: (b 2), eval_cost: (0.00..0.00), norm_selec: 0.0050, outer_selec: -1.0000, outer_is_left: false, hashjoinoperator: 96, left_bucketsize: 0.0213, right_bucketsize: 0.1000, left_mcvfreq: 0.0000, right_mcvfreq: 0.0000} = {
                            clause = OpExpr {opno: 96, opfuncid: 65, opresulttype: 16, opretset: false, opcollid: 0, inputcollid: 0, location: -1} = {
                              args = List with 2 elements = {
                                0 = Var {varno: 1, varattno: 1, vartype: 23, vartypmod: -1, varcollid: 0, varlevelsup: 0, varnosyn: 1, varattnosyn: 1, location: 199},
                                1 = Var {varno: 2, varattno: 2, vartype: 23, vartypmod: -1, varcollid: 0, varlevelsup: 0, varnosyn: 2, varattnosyn: 2, location: 211}
                              }
                            },
                            mergeopfamilies = OidList with 1 elements = {1976},
                            left_em = EquivalenceMember {em_relids: (b 1), em_is_const: false, em_is_child: false, em_datatype: 23} = {
                              em_expr = Var {varno: 1, varattno: 1, vartype: 23, vartypmod: -1, varcollid: 0, varlevelsup: 0, varnosyn: 1, varattnosyn: 1, location: 199}
                            },
                            right_em = EquivalenceMember {em_relids: (b 2), em_is_const: false, em_is_child: false, em_datatype: 23} = {
                              em_expr = Var {varno: 2, varattno: 2, vartype: 23, vartypmod: -1, varcollid: 0, varlevelsup: 0, varnosyn: 2, varattnosyn: 2, location: 211}
                            }
                          },
                          1 = RestrictInfo {is_pushed_down: true, outerjoin_delayed: false, can_join: true, pseudoconstant: false, leakproof: false, security_level: 0, clause_relids: (b 1 2), required_relids: (b 1 2), outer_relids: (b), nullable_relids: (b), left_relids: (b 2), right_relids: (b 1), eval_cost: (0.00..0.00), norm_selec: 0.0050, outer_selec: -1.0000, outer_is_left: false, hashjoinoperator: 96, left_bucketsize: 0.1000, right_bucketsize: 0.0213, left_mcvfreq: 0.0000, right_mcvfreq: 0.0000} = {
                            clause = OpExpr {opno: 96, opfuncid: 65, opresulttype: 16, opretset: false, opcollid: 0, inputcollid: 0, location: -1} = {
                              args = List with 2 elements = {
                                0 = Var {varno: 2, varattno: 2, vartype: 23, vartypmod: -1, varcollid: 0, varlevelsup: 0, varnosyn: 2, varattnosyn: 2, location: 211},
                                1 = Var {varno: 1, varattno: 1, vartype: 23, vartypmod: -1, varcollid: 0, varlevelsup: 0, varnosyn: 1, varattnosyn: 1, location: 199}
                              }
                            },
                            mergeopfamilies = OidList with 1 elements = {1976},
                            left_em = EquivalenceMember {em_relids: (b 2), em_is_const: false, em_is_child: false, em_datatype: 23} = {
                              em_expr = Var {varno: 2, varattno: 2, vartype: 23, vartypmod: -1, varcollid: 0, varlevelsup: 0, varnosyn: 2, varattnosyn: 2, location: 211}
                            },
                            right_em = EquivalenceMember {em_relids: (b 1), em_is_const: false, em_is_child: false, em_datatype: 23} = {
                              em_expr = Var {varno: 1, varattno: 1, vartype: 23, vartypmod: -1, varcollid: 0, varlevelsup: 0, varnosyn: 1, varattnosyn: 1, location: 199}
                            }
                          }
                        }
                      }
                    }
                  }
                },
                innerjoinpath = RemoteQueryPath T_RemoteQuery (cost=0.00..190.50 rows=1 parallel_aware=False parallel_safe=False parallel_workers=0) {jointype: JOIN_INNER, rqhas_unshippable_qual: false, rqhas_temp_rel: false, rqhas_unshippable_tlist: false} = {
                  path.parent = (b 3),
                  path.pathtarget = PathTarget {cost: (0.00..0.00), width: 40} = {
                    exprs = List with 3 elements = {
                      0 = Var {varno: 3, varattno: 6, vartype: 1700, vartypmod: 983046, varcollid: 0, varlevelsup: 0, varnosyn: 3, varattnosyn: 6, location: 36},
                      1 = Var {varno: 3, varattno: 7, vartype: 1700, vartypmod: 983046, varcollid: 0, varlevelsup: 0, varnosyn: 3, varattnosyn: 7, location: 59},
                      2 = Var {varno: 3, varattno: 1, vartype: 23, vartypmod: -1, varcollid: 0, varlevelsup: 0, varnosyn: 3, varattnosyn: 1, location: 227}
                    }
                  },
                  rqpath_en = ExecNodes {accesstype: RELATION_ACCESS_READ, baselocatortype: 72 'H', en_relid: 0, en_funcid: 0} = {
                    en_dist_vars = List with 1 elements = {
                      0 = Var {varno: 3, varattno: 1, vartype: 23, vartypmod: -1, varcollid: 0, varlevelsup: 0, varnosyn: 3, varattnosyn: 1, location: 227}
                    },
                    nodeids = OidList with 3 elements = {16386, 16387, 16388}
                  }
                },
                joinrestrictinfo = List with 1 elements = {
                  0 = RestrictInfo {is_pushed_down: true, outerjoin_delayed: false, can_join: true, pseudoconstant: false, leakproof: false, security_level: 0, clause_relids: (b 2 3), required_relids: (b 2 3), outer_relids: (b), nullable_relids: (b), left_relids: (b 2), right_relids: (b 3), eval_cost: (0.00..0.00), norm_selec: 0.0050, outer_selec: -1.0000, outer_is_left: false, hashjoinoperator: 96, left_bucketsize: 0.1000, right_bucketsize: 0.1000, left_mcvfreq: 0.0000, right_mcvfreq: 0.0000} = {
                    clause = OpExpr {opno: 96, opfuncid: 65, opresulttype: 16, opretset: false, opcollid: 0, inputcollid: 0, location: -1} = {
                      args = List with 2 elements = {
                        0 = Var {varno: 2, varattno: 1, vartype: 23, vartypmod: -1, varcollid: 0, varlevelsup: 0, varnosyn: 2, varattnosyn: 1, location: 240},
                        1 = Var {varno: 3, varattno: 1, vartype: 23, vartypmod: -1, varcollid: 0, varlevelsup: 0, varnosyn: 3, varattnosyn: 1, location: 227}
                      }
                    },
                    mergeopfamilies = OidList with 1 elements = {1976},
                    left_em = EquivalenceMember {em_relids: (b 2), em_is_const: false, em_is_child: false, em_datatype: 23} = {
                      em_expr = Var {varno: 2, varattno: 1, vartype: 23, vartypmod: -1, varcollid: 0, varlevelsup: 0, varnosyn: 2, varattnosyn: 1, location: 240}
                    },
                    right_em = EquivalenceMember {em_relids: (b 3), em_is_const: false, em_is_child: false, em_datatype: 23} = {
                      em_expr = Var {varno: 3, varattno: 1, vartype: 23, vartypmod: -1, varcollid: 0, varlevelsup: 0, varnosyn: 3, varattnosyn: 1, location: 227}
                    }
                  }
                }
              },
              innerjoinpath = RemoteQueryPath T_RemoteQuery (cost=0.00..163.00 rows=57 parallel_aware=False parallel_safe=False parallel_workers=0) {jointype: JOIN_INNER, rqhas_unshippable_qual: false, rqhas_temp_rel: false, rqhas_unshippable_tlist: false} = {
                path.parent = (b 4),
                path.pathtarget = PathTarget {cost: (0.00..0.00), width: 108} = {
                  exprs = List with 2 elements = {
                    0 = Var {varno: 4, varattno: 2, vartype: 1042, vartypmod: 29, varcollid: 100, varlevelsup: 0, varnosyn: 4, varattnosyn: 2, location: 99},
                    1 = Var {varno: 4, varattno: 1, vartype: 23, vartypmod: -1, varcollid: 0, varlevelsup: 0, varnosyn: 4, varattnosyn: 1, location: 394}
                  }
                },
                rqpath_en = ExecNodes {accesstype: RELATION_ACCESS_READ, baselocatortype: 72 'H', en_relid: 0, en_funcid: 0} = {
                  en_dist_vars = List with 1 elements = {
                    0 = Var {varno: 4, varattno: 1, vartype: 23, vartypmod: -1, varcollid: 0, varlevelsup: 0, varnosyn: 4, varattnosyn: 1, location: 394}
                  },
                  nodeids = OidList with 3 elements = {16386, 16387, 16388}
                }
              },
              joinrestrictinfo = List with 1 elements = {
                0 = RestrictInfo {is_pushed_down: true, outerjoin_delayed: false, can_join: true, pseudoconstant: false, leakproof: false, security_level: 0, clause_relids: (b 1 4), required_relids: (b 1 4), outer_relids: (b), nullable_relids: (b), left_relids: (b 1), right_relids: (b 4), eval_cost: (0.00..0.00), norm_selec: 0.0059, outer_selec: -1.0000, outer_is_left: false, hashjoinoperator: 96, left_bucketsize: 0.0213, right_bucketsize: 0.0175, left_mcvfreq: 0.0000, right_mcvfreq: 0.0000} = {
                  clause = OpExpr {opno: 96, opfuncid: 65, opresulttype: 16, opretset: false, opcollid: 0, inputcollid: 0, location: -1} = {
                    args = List with 2 elements = {
                      0 = Var {varno: 1, varattno: 4, vartype: 23, vartypmod: -1, varcollid: 0, varlevelsup: 0, varnosyn: 1, varattnosyn: 4, location: 380},
                      1 = Var {varno: 4, varattno: 1, vartype: 23, vartypmod: -1, varcollid: 0, varlevelsup: 0, varnosyn: 4, varattnosyn: 1, location: 394}
                    }
                  },
                  mergeopfamilies = OidList with 1 elements = {1976},
                  left_em = EquivalenceMember {em_relids: (b 1), em_is_const: false, em_is_child: false, em_datatype: 23} = {
                    em_expr = Var {varno: 1, varattno: 4, vartype: 23, vartypmod: -1, varcollid: 0, varlevelsup: 0, varnosyn: 1, varattnosyn: 4, location: 380}
                  },
                  right_em = EquivalenceMember {em_relids: (b 4), em_is_const: false, em_is_child: false, em_datatype: 23} = {
                    em_expr = Var {varno: 4, varattno: 1, vartype: 23, vartypmod: -1, varcollid: 0, varlevelsup: 0, varnosyn: 4, varattnosyn: 1, location: 394}
                  }
                }
              }
            }
          }
        },
        nPresortedCols = 1
      },
      groupClause = List with 7 elements = {
        0 = SortGroupClause {tleSortGroupRef: 2, eqop: 96, sortop: 97, nulls_first: false, hashable: true},
        1 = SortGroupClause {tleSortGroupRef: 3, eqop: 98, sortop: 664, nulls_first: false, hashable: true},
        2 = SortGroupClause {tleSortGroupRef: 4, eqop: 1752, sortop: 1754, nulls_first: false, hashable: true},
        3 = SortGroupClause {tleSortGroupRef: 5, eqop: 1054, sortop: 1058, nulls_first: false, hashable: true},
        4 = SortGroupClause {tleSortGroupRef: 6, eqop: 1054, sortop: 1058, nulls_first: false, hashable: true},
        5 = SortGroupClause {tleSortGroupRef: 7, eqop: 98, sortop: 664, nulls_first: false, hashable: true},
        6 = SortGroupClause {tleSortGroupRef: 8, eqop: 98, sortop: 664, nulls_first: false, hashable: true}
      }
    }
  },
  limitCount = Const {consttype: 20, consttypmod: -1, constcollid: 0, constlen: 8, constvalue: 20, constisnull: false, constbyval: true, location: -1}
}

Breakpoint 2, standard_planner (parse=0x55f2f1815e10, query_string=0x55f2f1676670 "select\n  c_custkey,\n  c_name,\n  sum(l_extendedprice * (1 - l_discount)) as revenue,\n  c_acctbal,\n  n_name,\n  c_address,\n  c_phone,\n  c_comment\nfrom\n  customer,\n  orders,\n  lineitem,\n  nation\nwhere\n  c"..., cursorOptions=33024, boundParams=0x0) at /workspaces/AntDB/src/backend/optimizer/plan/planner.c:761
761		result->commandType = parse->commandType;
$30 = Limit (cost=692.01..692.01 rows=1 width=640 plan_id=0 parallel_aware=False parallel_safe = False) {limitOption: LIMIT_OPTION_COUNT, uniqNumCols: 0} = {
  plan.targetlist = List with 8 elements = {
    0 = TargetEntry {resno: 1, resname: 'c_custkey', ressortgroupref: 2, resorigtbl: 270672, resorigcol: 1, resjunk: false} = {
      expr = Var {varno: 65001, varattno: 1, vartype: 23, vartypmod: -1, varcollid: 0, varlevelsup: 0, varnosyn: 1, varattnosyn: 1, location: -1}
    },
    1 = TargetEntry {resno: 2, resname: 'c_name', ressortgroupref: 3, resorigtbl: 270672, resorigcol: 2, resjunk: false} = {
      expr = Var {varno: 65001, varattno: 2, vartype: 1043, vartypmod: 29, varcollid: 100, varlevelsup: 0, varnosyn: 1, varattnosyn: 2, location: -1}
    },
    2 = TargetEntry {resno: 3, resname: 'revenue', ressortgroupref: 1, resorigtbl: 0, resorigcol: 0, resjunk: false} = {
      expr = Var {varno: 65001, varattno: 3, vartype: 1700, vartypmod: -1, varcollid: 0, varlevelsup: 0, varnosyn: 0, varattnosyn: 0, location: -1}
    },
    3 = TargetEntry {resno: 4, resname: 'c_acctbal', ressortgroupref: 4, resorigtbl: 270672, resorigcol: 6, resjunk: false} = {
      expr = Var {varno: 65001, varattno: 4, vartype: 1700, vartypmod: 983046, varcollid: 0, varlevelsup: 0, varnosyn: 1, varattnosyn: 6, location: -1}
    },
    4 = TargetEntry {resno: 5, resname: 'n_name', ressortgroupref: 6, resorigtbl: 270657, resorigcol: 2, resjunk: false} = {
      expr = Var {varno: 65001, varattno: 5, vartype: 1042, vartypmod: 29, varcollid: 100, varlevelsup: 0, varnosyn: 4, varattnosyn: 2, location: -1}
    },
    5 = TargetEntry {resno: 6, resname: 'c_address', ressortgroupref: 7, resorigtbl: 270672, resorigcol: 3, resjunk: false} = {
      expr = Var {varno: 65001, varattno: 6, vartype: 1043, vartypmod: 44, varcollid: 100, varlevelsup: 0, varnosyn: 1, varattnosyn: 3, location: -1}
    },
    6 = TargetEntry {resno: 7, resname: 'c_phone', ressortgroupref: 5, resorigtbl: 270672, resorigcol: 5, resjunk: false} = {
      expr = Var {varno: 65001, varattno: 7, vartype: 1042, vartypmod: 19, varcollid: 100, varlevelsup: 0, varnosyn: 1, varattnosyn: 5, location: -1}
    },
    7 = TargetEntry {resno: 8, resname: 'c_comment', ressortgroupref: 8, resorigtbl: 270672, resorigcol: 8, resjunk: false} = {
      expr = Var {varno: 65001, varattno: 8, vartype: 1043, vartypmod: 121, varcollid: 100, varlevelsup: 0, varnosyn: 1, varattnosyn: 8, location: -1}
    }
  },
  plan.lefttree = Sort (cost=692.01..692.01 rows=1 width=640 plan_id=1 parallel_aware=False parallel_safe = False) numCols: 1 = {
    sortColIdx = [3],
    sortOperators = [1756],
    collations = [0],
    nullsFirst = [True],
    plan.targetlist = List with 8 elements = {
      0 = TargetEntry {resno: 1, resname: 'c_custkey', ressortgroupref: 2, resorigtbl: 270672, resorigcol: 1, resjunk: false} = {
        expr = Var {varno: 65001, varattno: 1, vartype: 23, vartypmod: -1, varcollid: 0, varlevelsup: 0, varnosyn: 1, varattnosyn: 1, location: -1}
      },
      1 = TargetEntry {resno: 2, resname: 'c_name', ressortgroupref: 3, resorigtbl: 270672, resorigcol: 2, resjunk: false} = {
        expr = Var {varno: 65001, varattno: 2, vartype: 1043, vartypmod: 29, varcollid: 100, varlevelsup: 0, varnosyn: 1, varattnosyn: 2, location: -1}
      },
      2 = TargetEntry {resno: 3, resname: 'revenue', ressortgroupref: 1, resorigtbl: 0, resorigcol: 0, resjunk: false} = {
        expr = Var {varno: 65001, varattno: 3, vartype: 1700, vartypmod: -1, varcollid: 0, varlevelsup: 0, varnosyn: 0, varattnosyn: 0, location: -1}
      },
      3 = TargetEntry {resno: 4, resname: 'c_acctbal', ressortgroupref: 4, resorigtbl: 270672, resorigcol: 6, resjunk: false} = {
        expr = Var {varno: 65001, varattno: 4, vartype: 1700, vartypmod: 983046, varcollid: 0, varlevelsup: 0, varnosyn: 1, varattnosyn: 6, location: -1}
      },
      4 = TargetEntry {resno: 5, resname: 'n_name', ressortgroupref: 6, resorigtbl: 270657, resorigcol: 2, resjunk: false} = {
        expr = Var {varno: 65001, varattno: 5, vartype: 1042, vartypmod: 29, varcollid: 100, varlevelsup: 0, varnosyn: 4, varattnosyn: 2, location: -1}
      },
      5 = TargetEntry {resno: 6, resname: 'c_address', ressortgroupref: 7, resorigtbl: 270672, resorigcol: 3, resjunk: false} = {
        expr = Var {varno: 65001, varattno: 6, vartype: 1043, vartypmod: 44, varcollid: 100, varlevelsup: 0, varnosyn: 1, varattnosyn: 3, location: -1}
      },
      6 = TargetEntry {resno: 7, resname: 'c_phone', ressortgroupref: 5, resorigtbl: 270672, resorigcol: 5, resjunk: false} = {
        expr = Var {varno: 65001, varattno: 7, vartype: 1042, vartypmod: 19, varcollid: 100, varlevelsup: 0, varnosyn: 1, varattnosyn: 5, location: -1}
      },
      7 = TargetEntry {resno: 8, resname: 'c_comment', ressortgroupref: 8, resorigtbl: 270672, resorigcol: 8, resjunk: false} = {
        expr = Var {varno: 65001, varattno: 8, vartype: 1043, vartypmod: 121, varcollid: 100, varlevelsup: 0, varnosyn: 1, varattnosyn: 8, location: -1}
      }
    },
    plan.lefttree = Agg (cost=514.61..692.00 rows=1 width=640 plan_id=2 parallel_aware=False parallel_safe = False) {aggstrategy: AGG_SORTED, aggsplit: AGGSPLIT_SIMPLE, numCols: 7, numGroups: 1, transitionSpace: 128, aggParams: 0x0} = {
      grpColIdx = [1, 2, 3, 6, 4, 5, 7],
      grpOperators = [96, 98, 1752, 1054, 1054, 98, 98],
      grpCollations = [0, 100, 0, 100, 100, 100, 100],
      plan.targetlist = List with 8 elements = {
        0 = TargetEntry {resno: 1, resname: 'c_custkey', ressortgroupref: 2, resorigtbl: 270672, resorigcol: 1, resjunk: false} = {
          expr = Var {varno: 65001, varattno: 1, vartype: 23, vartypmod: -1, varcollid: 0, varlevelsup: 0, varnosyn: 0, varattnosyn: 0, location: -1}
        },
        1 = TargetEntry {resno: 2, resname: 'c_name', ressortgroupref: 3, resorigtbl: 270672, resorigcol: 2, resjunk: false} = {
          expr = Var {varno: 65001, varattno: 2, vartype: 1043, vartypmod: 29, varcollid: 100, varlevelsup: 0, varnosyn: 0, varattnosyn: 0, location: -1}
        },
        2 = TargetEntry {resno: 3, resname: 'revenue', ressortgroupref: 1, resorigtbl: 0, resorigcol: 0, resjunk: false} = {
          expr = Aggref {aggfnoid: 2114, aggtype: 1700, aggcollid: 0, inputcollid: 0, aggtranstype: 2281, aggtrantype: 0, agghas_collectfn: false, rank_first: false, aggstar: false, aggvariadic: false, aggkind: 110 'n', agglevelsup: 0, aggsplit: AGGSPLIT_SIMPLE, location: 32} = {
            aggargtypes = OidList with 1 elements = {1700},
            args = List with 1 elements = {
              0 = TargetEntry {resno: 1, resname: 0x0, ressortgroupref: 0, resorigtbl: 0, resorigcol: 0, resjunk: false} = {
                expr = OpExpr {opno: 1760, opfuncid: 1726, opresulttype: 1700, opretset: false, opcollid: 0, inputcollid: 0, location: 52} = {
                  args = List with 2 elements = {
                    0 = Var {varno: 65001, varattno: 8, vartype: 1700, vartypmod: 983046, varcollid: 0, varlevelsup: 0, varnosyn: 3, varattnosyn: 6, location: 36},
                    1 = OpExpr {opno: 1759, opfuncid: 1725, opresulttype: 1700, opretset: false, opcollid: 0, inputcollid: 0, location: 57} = {
                      args = List with 2 elements = {
                        0 = Const {consttype: 1700, consttypmod: -1, constcollid: 0, constlen: -1, constvalue: 94501922247880, constisnull: false, constbyval: false, location: -1},
                        1 = Var {varno: 65001, varattno: 9, vartype: 1700, vartypmod: 983046, varcollid: 0, varlevelsup: 0, varnosyn: 3, varattnosyn: 7, location: 59}
                      }
                    }
                  }
                }
              }
            }
          }
        },
        3 = TargetEntry {resno: 4, resname: 'c_acctbal', ressortgroupref: 4, resorigtbl: 270672, resorigcol: 6, resjunk: false} = {
          expr = Var {varno: 65001, varattno: 3, vartype: 1700, vartypmod: 983046, varcollid: 0, varlevelsup: 0, varnosyn: 0, varattnosyn: 0, location: -1}
        },
        4 = TargetEntry {resno: 5, resname: 'n_name', ressortgroupref: 6, resorigtbl: 270657, resorigcol: 2, resjunk: false} = {
          expr = Var {varno: 65001, varattno: 4, vartype: 1042, vartypmod: 29, varcollid: 100, varlevelsup: 0, varnosyn: 0, varattnosyn: 0, location: -1}
        },
        5 = TargetEntry {resno: 6, resname: 'c_address', ressortgroupref: 7, resorigtbl: 270672, resorigcol: 3, resjunk: false} = {
          expr = Var {varno: 65001, varattno: 5, vartype: 1043, vartypmod: 44, varcollid: 100, varlevelsup: 0, varnosyn: 0, varattnosyn: 0, location: -1}
        },
        6 = TargetEntry {resno: 7, resname: 'c_phone', ressortgroupref: 5, resorigtbl: 270672, resorigcol: 5, resjunk: false} = {
          expr = Var {varno: 65001, varattno: 6, vartype: 1042, vartypmod: 19, varcollid: 100, varlevelsup: 0, varnosyn: 0, varattnosyn: 0, location: -1}
        },
        7 = TargetEntry {resno: 8, resname: 'c_comment', ressortgroupref: 8, resorigtbl: 270672, resorigcol: 8, resjunk: false} = {
          expr = Var {varno: 65001, varattno: 7, vartype: 1043, vartypmod: 121, varcollid: 100, varlevelsup: 0, varnosyn: 0, varattnosyn: 0, location: -1}
        }
      },
      plan.lefttree = {
        sort = Sort (cost=514.61..691.93 rows=2 width=644 plan_id=3 parallel_aware=False parallel_safe = False) numCols: 7 = {
          sortColIdx = [1, 2, 3, 6, 4, 5, 7],
          sortOperators = [97, 664, 1754, 1058, 1058, 664, 664],
          collations = [0, 100, 0, 100, 100, 100, 100],
          nullsFirst = [False, False, False, False, False, False, False],
          plan.targetlist = List with 9 elements = {
            0 = TargetEntry {resno: 1, resname: 0x0, ressortgroupref: 2, resorigtbl: 0, resorigcol: 0, resjunk: false} = {
              expr = Var {varno: 65001, varattno: 1, vartype: 23, vartypmod: -1, varcollid: 0, varlevelsup: 0, varnosyn: 1, varattnosyn: 1, location: -1}
            },
            1 = TargetEntry {resno: 2, resname: 0x0, ressortgroupref: 3, resorigtbl: 0, resorigcol: 0, resjunk: false} = {
              expr = Var {varno: 65001, varattno: 2, vartype: 1043, vartypmod: 29, varcollid: 100, varlevelsup: 0, varnosyn: 1, varattnosyn: 2, location: -1}
            },
            2 = TargetEntry {resno: 3, resname: 0x0, ressortgroupref: 4, resorigtbl: 0, resorigcol: 0, resjunk: false} = {
              expr = Var {varno: 65001, varattno: 3, vartype: 1700, vartypmod: 983046, varcollid: 0, varlevelsup: 0, varnosyn: 1, varattnosyn: 6, location: -1}
            },
            3 = TargetEntry {resno: 4, resname: 0x0, ressortgroupref: 6, resorigtbl: 0, resorigcol: 0, resjunk: false} = {
              expr = Var {varno: 65001, varattno: 4, vartype: 1042, vartypmod: 29, varcollid: 100, varlevelsup: 0, varnosyn: 4, varattnosyn: 2, location: -1}
            },
            4 = TargetEntry {resno: 5, resname: 0x0, ressortgroupref: 7, resorigtbl: 0, resorigcol: 0, resjunk: false} = {
              expr = Var {varno: 65001, varattno: 5, vartype: 1043, vartypmod: 44, varcollid: 100, varlevelsup: 0, varnosyn: 1, varattnosyn: 3, location: -1}
            },
            5 = TargetEntry {resno: 6, resname: 0x0, ressortgroupref: 5, resorigtbl: 0, resorigcol: 0, resjunk: false} = {
              expr = Var {varno: 65001, varattno: 6, vartype: 1042, vartypmod: 19, varcollid: 100, varlevelsup: 0, varnosyn: 1, varattnosyn: 5, location: -1}
            },
            6 = TargetEntry {resno: 7, resname: 0x0, ressortgroupref: 8, resorigtbl: 0, resorigcol: 0, resjunk: false} = {
              expr = Var {varno: 65001, varattno: 7, vartype: 1043, vartypmod: 121, varcollid: 100, varlevelsup: 0, varnosyn: 1, varattnosyn: 8, location: -1}
            },
            7 = TargetEntry {resno: 8, resname: 0x0, ressortgroupref: 0, resorigtbl: 0, resorigcol: 0, resjunk: false} = {
              expr = Var {varno: 65001, varattno: 8, vartype: 1700, vartypmod: 983046, varcollid: 0, varlevelsup: 0, varnosyn: 3, varattnosyn: 6, location: -1}
            },
            8 = TargetEntry {resno: 9, resname: 0x0, ressortgroupref: 0, resorigtbl: 0, resorigcol: 0, resjunk: false} = {
              expr = Var {varno: 65001, varattno: 9, vartype: 1700, vartypmod: 983046, varcollid: 0, varlevelsup: 0, varnosyn: 3, varattnosyn: 7, location: -1}
            }
          },
          plan.lefttree = NestLoop (cost=337.37..691.84 rows=1 width=644 plan_id=4 parallel_aware=False parallel_safe = False) {join.jointype: JOIN_INNER, join.inner_unique: false} = {
            join.plan.targetlist = List with 9 elements = {
              0 = TargetEntry {resno: 1, resname: 0x0, ressortgroupref: 2, resorigtbl: 0, resorigcol: 0, resjunk: false} = {
                expr = Var {varno: 65001, varattno: 1, vartype: 23, vartypmod: -1, varcollid: 0, varlevelsup: 0, varnosyn: 1, varattnosyn: 1, location: 9}
              },
              1 = TargetEntry {resno: 2, resname: 0x0, ressortgroupref: 3, resorigtbl: 0, resorigcol: 0, resjunk: false} = {
                expr = Var {varno: 65001, varattno: 2, vartype: 1043, vartypmod: 29, varcollid: 100, varlevelsup: 0, varnosyn: 1, varattnosyn: 2, location: 22}
              },
              2 = TargetEntry {resno: 3, resname: 0x0, ressortgroupref: 4, resorigtbl: 0, resorigcol: 0, resjunk: false} = {
                expr = Var {varno: 65001, varattno: 3, vartype: 1700, vartypmod: 983046, varcollid: 0, varlevelsup: 0, varnosyn: 1, varattnosyn: 6, location: 86}
              },
              3 = TargetEntry {resno: 4, resname: 0x0, ressortgroupref: 6, resorigtbl: 0, resorigcol: 0, resjunk: false} = {
                expr = Var {varno: 65000, varattno: 1, vartype: 1042, vartypmod: 29, varcollid: 100, varlevelsup: 0, varnosyn: 4, varattnosyn: 2, location: 99}
              },
              4 = TargetEntry {resno: 5, resname: 0x0, ressortgroupref: 7, resorigtbl: 0, resorigcol: 0, resjunk: false} = {
                expr = Var {varno: 65001, varattno: 4, vartype: 1043, vartypmod: 44, varcollid: 100, varlevelsup: 0, varnosyn: 1, varattnosyn: 3, location: 109}
              },
              5 = TargetEntry {resno: 6, resname: 0x0, ressortgroupref: 5, resorigtbl: 0, resorigcol: 0, resjunk: false} = {
                expr = Var {varno: 65001, varattno: 5, vartype: 1042, vartypmod: 19, varcollid: 100, varlevelsup: 0, varnosyn: 1, varattnosyn: 5, location: 122}
              },
              6 = TargetEntry {resno: 7, resname: 0x0, ressortgroupref: 8, resorigtbl: 0, resorigcol: 0, resjunk: false} = {
                expr = Var {varno: 65001, varattno: 6, vartype: 1043, vartypmod: 121, varcollid: 100, varlevelsup: 0, varnosyn: 1, varattnosyn: 8, location: 133}
              },
              7 = TargetEntry {resno: 8, resname: 0x0, ressortgroupref: 0, resorigtbl: 0, resorigcol: 0, resjunk: false} = {
                expr = Var {varno: 65001, varattno: 8, vartype: 1700, vartypmod: 983046, varcollid: 0, varlevelsup: 0, varnosyn: 3, varattnosyn: 6, location: 36}
              },
              8 = TargetEntry {resno: 9, resname: 0x0, ressortgroupref: 0, resorigtbl: 0, resorigcol: 0, resjunk: false} = {
                expr = Var {varno: 65001, varattno: 9, vartype: 1700, vartypmod: 983046, varcollid: 0, varlevelsup: 0, varnosyn: 3, varattnosyn: 7, location: 59}
              }
            },
            join.plan.lefttree = NestLoop (cost=337.37..528.13 rows=1 width=544 plan_id=5 parallel_aware=False parallel_safe = False) {join.jointype: JOIN_INNER, join.inner_unique: false} = {
              join.plan.targetlist = List with 9 elements = {
                0 = TargetEntry {resno: 1, resname: 0x0, ressortgroupref: 0, resorigtbl: 0, resorigcol: 0, resjunk: false} = {
                  expr = Var {varno: 65001, varattno: 1, vartype: 23, vartypmod: -1, varcollid: 0, varlevelsup: 0, varnosyn: 1, varattnosyn: 1, location: 9}
                },
                1 = TargetEntry {resno: 2, resname: 0x0, ressortgroupref: 0, resorigtbl: 0, resorigcol: 0, resjunk: false} = {
                  expr = Var {varno: 65001, varattno: 2, vartype: 1043, vartypmod: 29, varcollid: 100, varlevelsup: 0, varnosyn: 1, varattnosyn: 2, location: 22}
                },
                2 = TargetEntry {resno: 3, resname: 0x0, ressortgroupref: 0, resorigtbl: 0, resorigcol: 0, resjunk: false} = {
                  expr = Var {varno: 65001, varattno: 3, vartype: 1700, vartypmod: 983046, varcollid: 0, varlevelsup: 0, varnosyn: 1, varattnosyn: 6, location: 86}
                },
                3 = TargetEntry {resno: 4, resname: 0x0, ressortgroupref: 0, resorigtbl: 0, resorigcol: 0, resjunk: false} = {
                  expr = Var {varno: 65001, varattno: 4, vartype: 1043, vartypmod: 44, varcollid: 100, varlevelsup: 0, varnosyn: 1, varattnosyn: 3, location: 109}
                },
                4 = TargetEntry {resno: 5, resname: 0x0, ressortgroupref: 0, resorigtbl: 0, resorigcol: 0, resjunk: false} = {
                  expr = Var {varno: 65001, varattno: 5, vartype: 1042, vartypmod: 19, varcollid: 100, varlevelsup: 0, varnosyn: 1, varattnosyn: 5, location: 122}
                },
                5 = TargetEntry {resno: 6, resname: 0x0, ressortgroupref: 0, resorigtbl: 0, resorigcol: 0, resjunk: false} = {
                  expr = Var {varno: 65001, varattno: 6, vartype: 1043, vartypmod: 121, varcollid: 100, varlevelsup: 0, varnosyn: 1, varattnosyn: 8, location: 133}
                },
                6 = TargetEntry {resno: 7, resname: 0x0, ressortgroupref: 0, resorigtbl: 0, resorigcol: 0, resjunk: false} = {
                  expr = Var {varno: 65001, varattno: 7, vartype: 23, vartypmod: -1, varcollid: 0, varlevelsup: 0, varnosyn: 1, varattnosyn: 4, location: 380}
                },
                7 = TargetEntry {resno: 8, resname: 0x0, ressortgroupref: 0, resorigtbl: 0, resorigcol: 0, resjunk: false} = {
                  expr = Var {varno: 65000, varattno: 1, vartype: 1700, vartypmod: 983046, varcollid: 0, varlevelsup: 0, varnosyn: 3, varattnosyn: 6, location: 36}
                },
                8 = TargetEntry {resno: 9, resname: 0x0, ressortgroupref: 0, resorigtbl: 0, resorigcol: 0, resjunk: false} = {
                  expr = Var {varno: 65000, varattno: 2, vartype: 1700, vartypmod: 983046, varcollid: 0, varlevelsup: 0, varnosyn: 3, varattnosyn: 7, location: 59}
                }
              },
              join.plan.lefttree = MergeJoin (cost=337.37..337.62 rows=1 width=512 plan_id=6 parallel_aware=False parallel_safe = False) {join.jointype: JOIN_INNER, join.inner_unique: false, skip_mark_restore: false} = {
                mergeFamilies = [1976],
                mergeCollations = [0],
                mergeStrategies = [1],
                mergeNullsFirst = [False],
                join.plan.targetlist = List with 8 elements = {
                  0 = TargetEntry {resno: 1, resname: 0x0, ressortgroupref: 0, resorigtbl: 0, resorigcol: 0, resjunk: false} = {
                    expr = Var {varno: 65001, varattno: 1, vartype: 23, vartypmod: -1, varcollid: 0, varlevelsup: 0, varnosyn: 1, varattnosyn: 1, location: 9}
                  },
                  1 = TargetEntry {resno: 2, resname: 0x0, ressortgroupref: 0, resorigtbl: 0, resorigcol: 0, resjunk: false} = {
                    expr = Var {varno: 65001, varattno: 2, vartype: 1043, vartypmod: 29, varcollid: 100, varlevelsup: 0, varnosyn: 1, varattnosyn: 2, location: 22}
                  },
                  2 = TargetEntry {resno: 3, resname: 0x0, ressortgroupref: 0, resorigtbl: 0, resorigcol: 0, resjunk: false} = {
                    expr = Var {varno: 65001, varattno: 3, vartype: 1700, vartypmod: 983046, varcollid: 0, varlevelsup: 0, varnosyn: 1, varattnosyn: 6, location: 86}
                  },
                  3 = TargetEntry {resno: 4, resname: 0x0, ressortgroupref: 0, resorigtbl: 0, resorigcol: 0, resjunk: false} = {
                    expr = Var {varno: 65001, varattno: 4, vartype: 1043, vartypmod: 44, varcollid: 100, varlevelsup: 0, varnosyn: 1, varattnosyn: 3, location: 109}
                  },
                  4 = TargetEntry {resno: 5, resname: 0x0, ressortgroupref: 0, resorigtbl: 0, resorigcol: 0, resjunk: false} = {
                    expr = Var {varno: 65001, varattno: 5, vartype: 1042, vartypmod: 19, varcollid: 100, varlevelsup: 0, varnosyn: 1, varattnosyn: 5, location: 122}
                  },
                  5 = TargetEntry {resno: 6, resname: 0x0, ressortgroupref: 0, resorigtbl: 0, resorigcol: 0, resjunk: false} = {
                    expr = Var {varno: 65001, varattno: 6, vartype: 1043, vartypmod: 121, varcollid: 100, varlevelsup: 0, varnosyn: 1, varattnosyn: 8, location: 133}
                  },
                  6 = TargetEntry {resno: 7, resname: 0x0, ressortgroupref: 0, resorigtbl: 0, resorigcol: 0, resjunk: false} = {
                    expr = Var {varno: 65001, varattno: 7, vartype: 23, vartypmod: -1, varcollid: 0, varlevelsup: 0, varnosyn: 1, varattnosyn: 4, location: 380}
                  },
                  7 = TargetEntry {resno: 8, resname: 0x0, ressortgroupref: 0, resorigtbl: 0, resorigcol: 0, resjunk: false} = {
                    expr = Var {varno: 65000, varattno: 2, vartype: 23, vartypmod: -1, varcollid: 0, varlevelsup: 0, varnosyn: 2, varattnosyn: 1, location: 240}
                  }
                },
                join.plan.lefttree = Sort (cost=137.31..137.42 rows=47 width=508 plan_id=7 parallel_aware=False parallel_safe = False) numCols: 1 = {
                  sortColIdx = [1],
                  sortOperators = [97],
                  collations = [0],
                  nullsFirst = [False],
                  plan.targetlist = List with 7 elements = {
                    0 = TargetEntry {resno: 1, resname: 0x0, ressortgroupref: 1, resorigtbl: 0, resorigcol: 0, resjunk: false} = {
                      expr = Var {varno: 65001, varattno: 1, vartype: 23, vartypmod: -1, varcollid: 0, varlevelsup: 0, varnosyn: 1, varattnosyn: 1, location: -1}
                    },
                    1 = TargetEntry {resno: 2, resname: 0x0, ressortgroupref: 0, resorigtbl: 0, resorigcol: 0, resjunk: false} = {
                      expr = Var {varno: 65001, varattno: 2, vartype: 1043, vartypmod: 29, varcollid: 100, varlevelsup: 0, varnosyn: 1, varattnosyn: 2, location: -1}
                    },
                    2 = TargetEntry {resno: 3, resname: 0x0, ressortgroupref: 0, resorigtbl: 0, resorigcol: 0, resjunk: false} = {
                      expr = Var {varno: 65001, varattno: 3, vartype: 1700, vartypmod: 983046, varcollid: 0, varlevelsup: 0, varnosyn: 1, varattnosyn: 6, location: -1}
                    },
                    3 = TargetEntry {resno: 4, resname: 0x0, ressortgroupref: 0, resorigtbl: 0, resorigcol: 0, resjunk: false} = {
                      expr = Var {varno: 65001, varattno: 4, vartype: 1043, vartypmod: 44, varcollid: 100, varlevelsup: 0, varnosyn: 1, varattnosyn: 3, location: -1}
                    },
                    4 = TargetEntry {resno: 5, resname: 0x0, ressortgroupref: 0, resorigtbl: 0, resorigcol: 0, resjunk: false} = {
                      expr = Var {varno: 65001, varattno: 5, vartype: 1042, vartypmod: 19, varcollid: 100, varlevelsup: 0, varnosyn: 1, varattnosyn: 5, location: -1}
                    },
                    5 = TargetEntry {resno: 6, resname: 0x0, ressortgroupref: 0, resorigtbl: 0, resorigcol: 0, resjunk: false} = {
                      expr = Var {varno: 65001, varattno: 6, vartype: 1043, vartypmod: 121, varcollid: 100, varlevelsup: 0, varnosyn: 1, varattnosyn: 8, location: -1}
                    },
                    6 = TargetEntry {resno: 7, resname: 0x0, ressortgroupref: 0, resorigtbl: 0, resorigcol: 0, resjunk: false} = {
                      expr = Var {varno: 65001, varattno: 7, vartype: 23, vartypmod: -1, varcollid: 0, varlevelsup: 0, varnosyn: 1, varattnosyn: 4, location: -1}
                    }
                  },
                  plan.lefttree = RemoteQuery (cost=0.00..136.00 rows=47 width=508 plan_id=8 parallel_aware=False parallel_safe = False) {scan.scanrelid: 5, exec_direct_type: EXEC_DIRECT_NONE, sql_statement: 'SELECT c_custkey, c_name, c_acctbal, c_address, c_phone, c_comment, c_nationkey FROM ONLY public.cus', sql_node: 0x0, combine_type: COMBINE_TYPE_NONE, read_only: true, force_autocommit: false, statement: 0x0, cursor: 0x0, rq_num_params: 0, rq_params_internal: false, exec_type: EXEC_ON_DATANODES, is_temp: false, rq_finalise_aggs: false, rq_sortgroup_colno: true, has_row_marks: false, rq_save_command_id: false, rq_use_pk_for_rep_change: false, rq_max_param_num: 0} = {
                    scan.plan.targetlist = List with 7 elements = {
                      0 = TargetEntry {resno: 1, resname: 0x0, ressortgroupref: 1, resorigtbl: 0, resorigcol: 0, resjunk: false} = {
                        expr = Var {varno: 5, varattno: 1, vartype: 23, vartypmod: -1, varcollid: 0, varlevelsup: 0, varnosyn: 1, varattnosyn: 1, location: 9}
                      },
                      1 = TargetEntry {resno: 2, resname: 0x0, ressortgroupref: 0, resorigtbl: 0, resorigcol: 0, resjunk: false} = {
                        expr = Var {varno: 5, varattno: 2, vartype: 1043, vartypmod: 29, varcollid: 100, varlevelsup: 0, varnosyn: 1, varattnosyn: 2, location: 22}
                      },
                      2 = TargetEntry {resno: 3, resname: 0x0, ressortgroupref: 0, resorigtbl: 0, resorigcol: 0, resjunk: false} = {
                        expr = Var {varno: 5, varattno: 3, vartype: 1700, vartypmod: 983046, varcollid: 0, varlevelsup: 0, varnosyn: 1, varattnosyn: 6, location: 86}
                      },
                      3 = TargetEntry {resno: 4, resname: 0x0, ressortgroupref: 0, resorigtbl: 0, resorigcol: 0, resjunk: false} = {
                        expr = Var {varno: 5, varattno: 4, vartype: 1043, vartypmod: 44, varcollid: 100, varlevelsup: 0, varnosyn: 1, varattnosyn: 3, location: 109}
                      },
                      4 = TargetEntry {resno: 5, resname: 0x0, ressortgroupref: 0, resorigtbl: 0, resorigcol: 0, resjunk: false} = {
                        expr = Var {varno: 5, varattno: 5, vartype: 1042, vartypmod: 19, varcollid: 100, varlevelsup: 0, varnosyn: 1, varattnosyn: 5, location: 122}
                      },
                      5 = TargetEntry {resno: 6, resname: 0x0, ressortgroupref: 0, resorigtbl: 0, resorigcol: 0, resjunk: false} = {
                        expr = Var {varno: 5, varattno: 6, vartype: 1043, vartypmod: 121, varcollid: 100, varlevelsup: 0, varnosyn: 1, varattnosyn: 8, location: 133}
                      },
                      6 = TargetEntry {resno: 7, resname: 0x0, ressortgroupref: 0, resorigtbl: 0, resorigcol: 0, resjunk: false} = {
                        expr = Var {varno: 5, varattno: 7, vartype: 23, vartypmod: -1, varcollid: 0, varlevelsup: 0, varnosyn: 1, varattnosyn: 4, location: 380}
                      }
                    },
                    exec_nodes = ExecNodes {accesstype: RELATION_ACCESS_READ, baselocatortype: 72 'H', en_relid: 0, en_funcid: 0} = {
                      en_dist_vars = List with 1 elements = {
                        0 = Var {varno: 1, varattno: 1, vartype: 23, vartypmod: -1, varcollid: 0, varlevelsup: 0, varnosyn: 1, varattnosyn: 1, location: 9}
                      },
                      nodeids = OidList with 3 elements = {16386, 16387, 16388}
                    },
                    remote_query = Query {commandType: CMD_SELECT, querySource: QSRC_ORIGINAL, queryId: 0, canSetTag: false, resultRelation: 0, hasAggs: false, hasWindowFuncs: false, hasTargetSRFs: false, hasSubLinks: false, hasDistinctOn: false, hasRecursive: false, hasModifyingCTE: false, hasForUpdate: false, hasRowSecurity: false, override: OVERRIDING_NOT_SET, limitOption: LIMIT_OPTION_COUNT, stmt_location: 0, stmt_len: 0, is_local: false, has_to_save_cmd_id: false, in_sub_plan: false, in_explain: false} = {
                      rtable = List with 1 elements = {
                        0 = RangeTblEntry {rtekind: RTE_RELATION, relname: 'customer', relid: 270672, relkind: 114 'r', rellockmode: 1, security_barrier: false, jointype: JOIN_INNER, joinmergedcols: 0, funcordinality: false, ctename: 0x0, ctelevelsup: 0, self_reference: false, enrname: 0x0, enrtuples: 0, param_new: -1, param_old: -1, mt_result: 0x0, defaultCols: 0x0, rows: 0, lateral: false, inh: false, inFromCl: true, requiredPerms: 2, checkAsUser: 0, selectedCols: (b 11 12 13 14 15 16 18), insertedCols: 0x0, updatedCols: 0x0, extraUpdatedCols: 0x0} = {
                          alias = Alias aliasname: 'customer',
                          eref = Alias aliasname: 'customer' = {
                            colnames = List with 8 elements = {
                              0 = String[ 'c_custkey' ],
                              1 = String[ 'c_name' ],
                              2 = String[ 'c_address' ],
                              3 = String[ 'c_nationkey' ],
                              4 = String[ 'c_phone' ],
                              5 = String[ 'c_acctbal' ],
                              6 = String[ 'c_mktsegment' ],
                              7 = String[ 'c_comment' ]
                            }
                          }
                        }
                      },
                      jointree = FromExpr  = {
                        fromlist = List with 1 elements = {
                          0 = RangeTblRef rtindex: 1
                        },
                        quals = Const {consttype: 16, consttypmod: -1, constcollid: 0, constlen: 1, constvalue: 1, constisnull: false, constbyval: true, location: -1}
                      },
                      targetList = List with 7 elements = {
                        0 = TargetEntry {resno: 1, resname: 0x0, ressortgroupref: 1, resorigtbl: 0, resorigcol: 0, resjunk: false} = {
                          expr = Var {varno: 1, varattno: 1, vartype: 23, vartypmod: -1, varcollid: 0, varlevelsup: 0, varnosyn: 0, varattnosyn: 1, location: 9}
                        },
                        1 = TargetEntry {resno: 2, resname: 0x0, ressortgroupref: 0, resorigtbl: 0, resorigcol: 0, resjunk: false} = {
                          expr = Var {varno: 1, varattno: 2, vartype: 1043, vartypmod: 29, varcollid: 100, varlevelsup: 0, varnosyn: 0, varattnosyn: 2, location: 22}
                        },
                        2 = TargetEntry {resno: 3, resname: 0x0, ressortgroupref: 0, resorigtbl: 0, resorigcol: 0, resjunk: false} = {
                          expr = Var {varno: 1, varattno: 6, vartype: 1700, vartypmod: 983046, varcollid: 0, varlevelsup: 0, varnosyn: 0, varattnosyn: 6, location: 86}
                        },
                        3 = TargetEntry {resno: 4, resname: 0x0, ressortgroupref: 0, resorigtbl: 0, resorigcol: 0, resjunk: false} = {
                          expr = Var {varno: 1, varattno: 3, vartype: 1043, vartypmod: 44, varcollid: 100, varlevelsup: 0, varnosyn: 0, varattnosyn: 3, location: 109}
                        },
                        4 = TargetEntry {resno: 5, resname: 0x0, ressortgroupref: 0, resorigtbl: 0, resorigcol: 0, resjunk: false} = {
                          expr = Var {varno: 1, varattno: 5, vartype: 1042, vartypmod: 19, varcollid: 100, varlevelsup: 0, varnosyn: 0, varattnosyn: 5, location: 122}
                        },
                        5 = TargetEntry {resno: 6, resname: 0x0, ressortgroupref: 0, resorigtbl: 0, resorigcol: 0, resjunk: false} = {
                          expr = Var {varno: 1, varattno: 8, vartype: 1043, vartypmod: 121, varcollid: 100, varlevelsup: 0, varnosyn: 0, varattnosyn: 8, location: 133}
                        },
                        6 = TargetEntry {resno: 7, resname: 0x0, ressortgroupref: 0, resorigtbl: 0, resorigcol: 0, resjunk: false} = {
                          expr = Var {varno: 1, varattno: 4, vartype: 23, vartypmod: -1, varcollid: 0, varlevelsup: 0, varnosyn: 0, varattnosyn: 4, location: 380}
                        }
                      },
                      sortClause = List with 1 elements = {
                        0 = SortGroupClause {tleSortGroupRef: 1, eqop: 0, sortop: 97, nulls_first: false, hashable: false}
                      }
                    },
                    base_tlist = List with 7 elements = {
                      0 = TargetEntry {resno: 1, resname: 0x0, ressortgroupref: 1, resorigtbl: 0, resorigcol: 0, resjunk: false} = {
                        expr = Var {varno: 1, varattno: 1, vartype: 23, vartypmod: -1, varcollid: 0, varlevelsup: 0, varnosyn: 1, varattnosyn: 1, location: 9}
                      },
                      1 = TargetEntry {resno: 2, resname: 0x0, ressortgroupref: 0, resorigtbl: 0, resorigcol: 0, resjunk: false} = {
                        expr = Var {varno: 1, varattno: 2, vartype: 1043, vartypmod: 29, varcollid: 100, varlevelsup: 0, varnosyn: 1, varattnosyn: 2, location: 22}
                      },
                      2 = TargetEntry {resno: 3, resname: 0x0, ressortgroupref: 0, resorigtbl: 0, resorigcol: 0, resjunk: false} = {
                        expr = Var {varno: 1, varattno: 6, vartype: 1700, vartypmod: 983046, varcollid: 0, varlevelsup: 0, varnosyn: 1, varattnosyn: 6, location: 86}
                      },
                      3 = TargetEntry {resno: 4, resname: 0x0, ressortgroupref: 0, resorigtbl: 0, resorigcol: 0, resjunk: false} = {
                        expr = Var {varno: 1, varattno: 3, vartype: 1043, vartypmod: 44, varcollid: 100, varlevelsup: 0, varnosyn: 1, varattnosyn: 3, location: 109}
                      },
                      4 = TargetEntry {resno: 5, resname: 0x0, ressortgroupref: 0, resorigtbl: 0, resorigcol: 0, resjunk: false} = {
                        expr = Var {varno: 1, varattno: 5, vartype: 1042, vartypmod: 19, varcollid: 100, varlevelsup: 0, varnosyn: 1, varattnosyn: 5, location: 122}
                      },
                      5 = TargetEntry {resno: 6, resname: 0x0, ressortgroupref: 0, resorigtbl: 0, resorigcol: 0, resjunk: false} = {
                        expr = Var {varno: 1, varattno: 8, vartype: 1043, vartypmod: 121, varcollid: 100, varlevelsup: 0, varnosyn: 1, varattnosyn: 8, location: 133}
                      },
                      6 = TargetEntry {resno: 7, resname: 0x0, ressortgroupref: 0, resorigtbl: 0, resorigcol: 0, resjunk: false} = {
                        expr = Var {varno: 1, varattno: 4, vartype: 23, vartypmod: -1, varcollid: 0, varlevelsup: 0, varnosyn: 1, varattnosyn: 4, location: 380}
                      }
                    },
                    coord_var_tlist = List with 7 elements = {
                      0 = TargetEntry {resno: 1, resname: 0x0, ressortgroupref: 0, resorigtbl: 0, resorigcol: 0, resjunk: false} = {
                        expr = Var {varno: 1, varattno: 1, vartype: 23, vartypmod: -1, varcollid: 0, varlevelsup: 0, varnosyn: 1, varattnosyn: 1, location: 9}
                      },
                      1 = TargetEntry {resno: 2, resname: 0x0, ressortgroupref: 0, resorigtbl: 0, resorigcol: 0, resjunk: false} = {
                        expr = Var {varno: 1, varattno: 2, vartype: 1043, vartypmod: 29, varcollid: 100, varlevelsup: 0, varnosyn: 1, varattnosyn: 2, location: 22}
                      },
                      2 = TargetEntry {resno: 3, resname: 0x0, ressortgroupref: 0, resorigtbl: 0, resorigcol: 0, resjunk: false} = {
                        expr = Var {varno: 1, varattno: 6, vartype: 1700, vartypmod: 983046, varcollid: 0, varlevelsup: 0, varnosyn: 1, varattnosyn: 6, location: 86}
                      },
                      3 = TargetEntry {resno: 4, resname: 0x0, ressortgroupref: 0, resorigtbl: 0, resorigcol: 0, resjunk: false} = {
                        expr = Var {varno: 1, varattno: 3, vartype: 1043, vartypmod: 44, varcollid: 100, varlevelsup: 0, varnosyn: 1, varattnosyn: 3, location: 109}
                      },
                      4 = TargetEntry {resno: 5, resname: 0x0, ressortgroupref: 0, resorigtbl: 0, resorigcol: 0, resjunk: false} = {
                        expr = Var {varno: 1, varattno: 5, vartype: 1042, vartypmod: 19, varcollid: 100, varlevelsup: 0, varnosyn: 1, varattnosyn: 5, location: 122}
                      },
                      5 = TargetEntry {resno: 6, resname: 0x0, ressortgroupref: 0, resorigtbl: 0, resorigcol: 0, resjunk: false} = {
                        expr = Var {varno: 1, varattno: 8, vartype: 1043, vartypmod: 121, varcollid: 100, varlevelsup: 0, varnosyn: 1, varattnosyn: 8, location: 133}
                      },
                      6 = TargetEntry {resno: 7, resname: 0x0, ressortgroupref: 0, resorigtbl: 0, resorigcol: 0, resjunk: false} = {
                        expr = Var {varno: 1, varattno: 4, vartype: 23, vartypmod: -1, varcollid: 0, varlevelsup: 0, varnosyn: 1, varattnosyn: 4, location: 380}
                      }
                    },
                    query_var_tlist = List with 7 elements = {
                      0 = TargetEntry {resno: 1, resname: 0x0, ressortgroupref: 0, resorigtbl: 0, resorigcol: 0, resjunk: false} = {
                        expr = Var {varno: 1, varattno: 1, vartype: 23, vartypmod: -1, varcollid: 0, varlevelsup: 0, varnosyn: 0, varattnosyn: 1, location: 9}
                      },
                      1 = TargetEntry {resno: 2, resname: 0x0, ressortgroupref: 0, resorigtbl: 0, resorigcol: 0, resjunk: false} = {
                        expr = Var {varno: 1, varattno: 2, vartype: 1043, vartypmod: 29, varcollid: 100, varlevelsup: 0, varnosyn: 0, varattnosyn: 2, location: 22}
                      },
                      2 = TargetEntry {resno: 3, resname: 0x0, ressortgroupref: 0, resorigtbl: 0, resorigcol: 0, resjunk: false} = {
                        expr = Var {varno: 1, varattno: 6, vartype: 1700, vartypmod: 983046, varcollid: 0, varlevelsup: 0, varnosyn: 0, varattnosyn: 6, location: 86}
                      },
                      3 = TargetEntry {resno: 4, resname: 0x0, ressortgroupref: 0, resorigtbl: 0, resorigcol: 0, resjunk: false} = {
                        expr = Var {varno: 1, varattno: 3, vartype: 1043, vartypmod: 44, varcollid: 100, varlevelsup: 0, varnosyn: 0, varattnosyn: 3, location: 109}
                      },
                      4 = TargetEntry {resno: 5, resname: 0x0, ressortgroupref: 0, resorigtbl: 0, resorigcol: 0, resjunk: false} = {
                        expr = Var {varno: 1, varattno: 5, vartype: 1042, vartypmod: 19, varcollid: 100, varlevelsup: 0, varnosyn: 0, varattnosyn: 5, location: 122}
                      },
                      5 = TargetEntry {resno: 6, resname: 0x0, ressortgroupref: 0, resorigtbl: 0, resorigcol: 0, resjunk: false} = {
                        expr = Var {varno: 1, varattno: 8, vartype: 1043, vartypmod: 121, varcollid: 100, varlevelsup: 0, varnosyn: 0, varattnosyn: 8, location: 133}
                      },
                      6 = TargetEntry {resno: 7, resname: 0x0, ressortgroupref: 0, resorigtbl: 0, resorigcol: 0, resjunk: false} = {
                        expr = Var {varno: 1, varattno: 4, vartype: 23, vartypmod: -1, varcollid: 0, varlevelsup: 0, varnosyn: 0, varattnosyn: 4, location: 380}
                      }
                    }
                  }
                },
                join.plan.righttree = Sort (cost=200.06..200.06 rows=1 width=8 plan_id=9 parallel_aware=False parallel_safe = False) numCols: 1 = {
                  sortColIdx = [1],
                  sortOperators = [97],
                  collations = [0],
                  nullsFirst = [False],
                  plan.targetlist = List with 2 elements = {
                    0 = TargetEntry {resno: 1, resname: 0x0, ressortgroupref: 1, resorigtbl: 0, resorigcol: 0, resjunk: false} = {
                      expr = Var {varno: 65001, varattno: 1, vartype: 23, vartypmod: -1, varcollid: 0, varlevelsup: 0, varnosyn: 2, varattnosyn: 2, location: -1}
                    },
                    1 = TargetEntry {resno: 2, resname: 0x0, ressortgroupref: 0, resorigtbl: 0, resorigcol: 0, resjunk: false} = {
                      expr = Var {varno: 65001, varattno: 2, vartype: 23, vartypmod: -1, varcollid: 0, varlevelsup: 0, varnosyn: 2, varattnosyn: 1, location: -1}
                    }
                  },
                  plan.lefttree = RemoteQuery (cost=0.00..200.05 rows=1 width=8 plan_id=10 parallel_aware=False parallel_safe = False) {scan.scanrelid: 6, exec_direct_type: EXEC_DIRECT_NONE, sql_statement: 'SELECT o_custkey, o_orderkey FROM ONLY public.orders orders WHERE ((o_orderdate >= '1993-10-01'::dat', sql_node: 0x0, combine_type: COMBINE_TYPE_NONE, read_only: true, force_autocommit: false, statement: 0x0, cursor: 0x0, rq_num_params: 0, rq_params_internal: false, exec_type: EXEC_ON_DATANODES, is_temp: false, rq_finalise_aggs: false, rq_sortgroup_colno: true, has_row_marks: false, rq_save_command_id: false, rq_use_pk_for_rep_change: false, rq_max_param_num: 0} = {
                    scan.plan.targetlist = List with 2 elements = {
                      0 = TargetEntry {resno: 1, resname: 0x0, ressortgroupref: 1, resorigtbl: 0, resorigcol: 0, resjunk: false} = {
                        expr = Var {varno: 6, varattno: 1, vartype: 23, vartypmod: -1, varcollid: 0, varlevelsup: 0, varnosyn: 2, varattnosyn: 2, location: 211}
                      },
                      1 = TargetEntry {resno: 2, resname: 0x0, ressortgroupref: 0, resorigtbl: 0, resorigcol: 0, resjunk: false} = {
                        expr = Var {varno: 6, varattno: 2, vartype: 23, vartypmod: -1, varcollid: 0, varlevelsup: 0, varnosyn: 2, varattnosyn: 1, location: 240}
                      }
                    },
                    exec_nodes = ExecNodes {accesstype: RELATION_ACCESS_READ, baselocatortype: 72 'H', en_relid: 0, en_funcid: 0} = {
                      en_dist_vars = List with 1 elements = {
                        0 = Var {varno: 2, varattno: 1, vartype: 23, vartypmod: -1, varcollid: 0, varlevelsup: 0, varnosyn: 2, varattnosyn: 1, location: 240}
                      },
                      nodeids = OidList with 3 elements = {16386, 16387, 16388}
                    },
                    remote_query = Query {commandType: CMD_SELECT, querySource: QSRC_ORIGINAL, queryId: 0, canSetTag: false, resultRelation: 0, hasAggs: false, hasWindowFuncs: false, hasTargetSRFs: false, hasSubLinks: false, hasDistinctOn: false, hasRecursive: false, hasModifyingCTE: false, hasForUpdate: false, hasRowSecurity: false, override: OVERRIDING_NOT_SET, limitOption: LIMIT_OPTION_COUNT, stmt_location: 0, stmt_len: 0, is_local: false, has_to_save_cmd_id: false, in_sub_plan: false, in_explain: false} = {
                      rtable = List with 1 elements = {
                        0 = RangeTblEntry {rtekind: RTE_RELATION, relname: 'orders', relid: 270675, relkind: 114 'r', rellockmode: 1, security_barrier: false, jointype: JOIN_INNER, joinmergedcols: 0, funcordinality: false, ctename: 0x0, ctelevelsup: 0, self_reference: false, enrname: 0x0, enrtuples: 0, param_new: -1, param_old: -1, mt_result: 0x0, defaultCols: 0x0, rows: 0, lateral: false, inh: false, inFromCl: true, requiredPerms: 2, checkAsUser: 0, selectedCols: (b 11 12 15), insertedCols: 0x0, updatedCols: 0x0, extraUpdatedCols: 0x0} = {
                          alias = Alias aliasname: 'orders',
                          eref = Alias aliasname: 'orders' = {
                            colnames = List with 9 elements = {
                              0 = String[ 'o_orderkey' ],
                              1 = String[ 'o_custkey' ],
                              2 = String[ 'o_orderstatus' ],
                              3 = String[ 'o_totalprice' ],
                              4 = String[ 'o_orderdate' ],
                              5 = String[ 'o_orderpriority' ],
                              6 = String[ 'o_clerk' ],
                              7 = String[ 'o_shippriority' ],
                              8 = String[ 'o_comment' ]
                            }
                          }
                        }
                      },
                      jointree = FromExpr  = {
                        fromlist = List with 1 elements = {
                          0 = RangeTblRef rtindex: 1
                        },
                        quals = BoolExpr {boolop: AND_EXPR, location: -1} = {
                          args = List with 2 elements = {
                            0 = OpExpr {opno: 1098, opfuncid: 1090, opresulttype: 16, opretset: false, opcollid: 0, inputcollid: 0, location: 269} = {
                              args = List with 2 elements = {
                                0 = Var {varno: 1, varattno: 5, vartype: 1082, vartypmod: -1, varcollid: 0, varlevelsup: 0, varnosyn: 0, varattnosyn: 5, location: 257},
                                1 = Const {consttype: 1082, consttypmod: -1, constcollid: 0, constlen: 4, constvalue: 18446744073709549333, constisnull: false, constbyval: true, location: 277}
                              }
                            },
                            1 = OpExpr {opno: 2345, opfuncid: 2338, opresulttype: 16, opretset: false, opcollid: 0, inputcollid: 0, location: 308} = {
                              args = List with 2 elements = {
                                0 = Var {varno: 1, varattno: 5, vartype: 1082, vartypmod: -1, varcollid: 0, varlevelsup: 0, varnosyn: 0, varattnosyn: 5, location: 296},
                                1 = Const {consttype: 1114, consttypmod: -1, constcollid: 0, constlen: 8, constvalue: 18446554771309551616, constisnull: false, constbyval: true, location: -1}
                              }
                            }
                          }
                        }
                      },
                      targetList = List with 2 elements = {
                        0 = TargetEntry {resno: 1, resname: 0x0, ressortgroupref: 1, resorigtbl: 0, resorigcol: 0, resjunk: false} = {
                          expr = Var {varno: 1, varattno: 2, vartype: 23, vartypmod: -1, varcollid: 0, varlevelsup: 0, varnosyn: 0, varattnosyn: 2, location: 211}
                        },
                        1 = TargetEntry {resno: 2, resname: 0x0, ressortgroupref: 0, resorigtbl: 0, resorigcol: 0, resjunk: false} = {
                          expr = Var {varno: 1, varattno: 1, vartype: 23, vartypmod: -1, varcollid: 0, varlevelsup: 0, varnosyn: 0, varattnosyn: 1, location: 240}
                        }
                      },
                      sortClause = List with 1 elements = {
                        0 = SortGroupClause {tleSortGroupRef: 1, eqop: 0, sortop: 97, nulls_first: false, hashable: false}
                      }
                    },
                    base_tlist = List with 2 elements = {
                      0 = TargetEntry {resno: 1, resname: 0x0, ressortgroupref: 1, resorigtbl: 0, resorigcol: 0, resjunk: false} = {
                        expr = Var {varno: 2, varattno: 2, vartype: 23, vartypmod: -1, varcollid: 0, varlevelsup: 0, varnosyn: 2, varattnosyn: 2, location: 211}
                      },
                      1 = TargetEntry {resno: 2, resname: 0x0, ressortgroupref: 0, resorigtbl: 0, resorigcol: 0, resjunk: false} = {
                        expr = Var {varno: 2, varattno: 1, vartype: 23, vartypmod: -1, varcollid: 0, varlevelsup: 0, varnosyn: 2, varattnosyn: 1, location: 240}
                      }
                    },
                    coord_var_tlist = List with 2 elements = {
                      0 = TargetEntry {resno: 1, resname: 0x0, ressortgroupref: 0, resorigtbl: 0, resorigcol: 0, resjunk: false} = {
                        expr = Var {varno: 2, varattno: 2, vartype: 23, vartypmod: -1, varcollid: 0, varlevelsup: 0, varnosyn: 2, varattnosyn: 2, location: 211}
                      },
                      1 = TargetEntry {resno: 2, resname: 0x0, ressortgroupref: 0, resorigtbl: 0, resorigcol: 0, resjunk: false} = {
                        expr = Var {varno: 2, varattno: 1, vartype: 23, vartypmod: -1, varcollid: 0, varlevelsup: 0, varnosyn: 2, varattnosyn: 1, location: 240}
                      }
                    },
                    query_var_tlist = List with 2 elements = {
                      0 = TargetEntry {resno: 1, resname: 0x0, ressortgroupref: 0, resorigtbl: 0, resorigcol: 0, resjunk: false} = {
                        expr = Var {varno: 1, varattno: 2, vartype: 23, vartypmod: -1, varcollid: 0, varlevelsup: 0, varnosyn: 0, varattnosyn: 2, location: 211}
                      },
                      1 = TargetEntry {resno: 2, resname: 0x0, ressortgroupref: 0, resorigtbl: 0, resorigcol: 0, resjunk: false} = {
                        expr = Var {varno: 1, varattno: 1, vartype: 23, vartypmod: -1, varcollid: 0, varlevelsup: 0, varnosyn: 0, varattnosyn: 1, location: 240}
                      }
                    }
                  }
                },
                mergeclauses = List with 1 elements = {
                  0 = OpExpr {opno: 96, opfuncid: 65, opresulttype: 16, opretset: false, opcollid: 0, inputcollid: 0, location: -1} = {
                    args = List with 2 elements = {
                      0 = Var {varno: 65001, varattno: 1, vartype: 23, vartypmod: -1, varcollid: 0, varlevelsup: 0, varnosyn: 1, varattnosyn: 1, location: 199},
                      1 = Var {varno: 65000, varattno: 1, vartype: 23, vartypmod: -1, varcollid: 0, varlevelsup: 0, varnosyn: 2, varattnosyn: 2, location: 211}
                    }
                  }
                }
              },
              join.plan.righttree = RemoteQuery (cost=0.00..190.50 rows=1 width=40 plan_id=11 parallel_aware=False parallel_safe = False) {scan.scanrelid: 7, exec_direct_type: EXEC_DIRECT_NONE, sql_statement: 'SELECT l_extendedprice, l_discount, l_orderkey FROM ONLY public.lineitem lineitem WHERE (l_returnfla', sql_node: 0x0, combine_type: COMBINE_TYPE_NONE, read_only: true, force_autocommit: false, statement: 0x0, cursor: 0x0, rq_num_params: 0, rq_params_internal: false, exec_type: EXEC_ON_DATANODES, is_temp: false, rq_finalise_aggs: false, rq_sortgroup_colno: false, has_row_marks: false, rq_save_command_id: false, rq_use_pk_for_rep_change: false, rq_max_param_num: 0} = {
                scan.plan.targetlist = List with 3 elements = {
                  0 = TargetEntry {resno: 1, resname: 0x0, ressortgroupref: 0, resorigtbl: 0, resorigcol: 0, resjunk: false} = {
                    expr = Var {varno: 7, varattno: 1, vartype: 1700, vartypmod: 983046, varcollid: 0, varlevelsup: 0, varnosyn: 3, varattnosyn: 6, location: 36}
                  },
                  1 = TargetEntry {resno: 2, resname: 0x0, ressortgroupref: 0, resorigtbl: 0, resorigcol: 0, resjunk: false} = {
                    expr = Var {varno: 7, varattno: 2, vartype: 1700, vartypmod: 983046, varcollid: 0, varlevelsup: 0, varnosyn: 3, varattnosyn: 7, location: 59}
                  },
                  2 = TargetEntry {resno: 3, resname: 0x0, ressortgroupref: 0, resorigtbl: 0, resorigcol: 0, resjunk: false} = {
                    expr = Var {varno: 7, varattno: 3, vartype: 23, vartypmod: -1, varcollid: 0, varlevelsup: 0, varnosyn: 3, varattnosyn: 1, location: 227}
                  }
                },
                exec_nodes = ExecNodes {accesstype: RELATION_ACCESS_READ, baselocatortype: 72 'H', en_relid: 0, en_funcid: 0} = {
                  en_dist_vars = List with 1 elements = {
                    0 = Var {varno: 3, varattno: 1, vartype: 23, vartypmod: -1, varcollid: 0, varlevelsup: 0, varnosyn: 3, varattnosyn: 1, location: 227}
                  },
                  nodeids = OidList with 3 elements = {16386, 16387, 16388}
                },
                remote_query = Query {commandType: CMD_SELECT, querySource: QSRC_ORIGINAL, queryId: 0, canSetTag: false, resultRelation: 0, hasAggs: false, hasWindowFuncs: false, hasTargetSRFs: false, hasSubLinks: false, hasDistinctOn: false, hasRecursive: false, hasModifyingCTE: false, hasForUpdate: false, hasRowSecurity: false, override: OVERRIDING_NOT_SET, limitOption: LIMIT_OPTION_COUNT, stmt_location: 0, stmt_len: 0, is_local: false, has_to_save_cmd_id: false, in_sub_plan: false, in_explain: false} = {
                  rtable = List with 1 elements = {
                    0 = RangeTblEntry {rtekind: RTE_RELATION, relname: 'lineitem', relid: 270678, relkind: 114 'r', rellockmode: 1, security_barrier: false, jointype: JOIN_INNER, joinmergedcols: 0, funcordinality: false, ctename: 0x0, ctelevelsup: 0, self_reference: false, enrname: 0x0, enrtuples: 0, param_new: -1, param_old: -1, mt_result: 0x0, defaultCols: 0x0, rows: 0, lateral: false, inh: false, inFromCl: true, requiredPerms: 2, checkAsUser: 0, selectedCols: (b 11 16 17 19), insertedCols: 0x0, updatedCols: 0x0, extraUpdatedCols: 0x0} = {
                      alias = Alias aliasname: 'lineitem',
                      eref = Alias aliasname: 'lineitem' = {
                        colnames = List with 16 elements = {
                          0 = String[ 'l_orderkey' ],
                          1 = String[ 'l_partkey' ],
                          2 = String[ 'l_suppkey' ],
                          3 = String[ 'l_linenumber' ],
                          4 = String[ 'l_quantity' ],
                          5 = String[ 'l_extendedprice' ],
                          6 = String[ 'l_discount' ],
                          7 = String[ 'l_tax' ],
                          8 = String[ 'l_returnflag' ],
                          9 = String[ 'l_linestatus' ],
                          10 = String[ 'l_shipdate' ],
                          11 = String[ 'l_commitdate' ],
                          12 = String[ 'l_receiptdate' ],
                          13 = String[ 'l_shipinstruct' ],
                          14 = String[ 'l_shipmode' ],
                          15 = String[ 'l_comment' ]
                        }
                      }
                    }
                  },
                  jointree = FromExpr  = {
                    fromlist = List with 1 elements = {
                      0 = RangeTblRef rtindex: 1
                    },
                    quals = OpExpr {opno: 1054, opfuncid: 1048, opresulttype: 16, opretset: false, opcollid: 0, inputcollid: 100, location: 368} = {
                      args = List with 2 elements = {
                        0 = Var {varno: 1, varattno: 9, vartype: 1042, vartypmod: 5, varcollid: 100, varlevelsup: 0, varnosyn: 0, varattnosyn: 9, location: 355},
                        1 = Const {consttype: 1042, consttypmod: -1, constcollid: 100, constlen: -1, constvalue: 94501924047704, constisnull: false, constbyval: false, location: 370}
                      }
                    }
                  },
                  targetList = List with 3 elements = {
                    0 = TargetEntry {resno: 1, resname: 0x0, ressortgroupref: 0, resorigtbl: 0, resorigcol: 0, resjunk: false} = {
                      expr = Var {varno: 1, varattno: 6, vartype: 1700, vartypmod: 983046, varcollid: 0, varlevelsup: 0, varnosyn: 0, varattnosyn: 6, location: 36}
                    },
                    1 = TargetEntry {resno: 2, resname: 0x0, ressortgroupref: 0, resorigtbl: 0, resorigcol: 0, resjunk: false} = {
                      expr = Var {varno: 1, varattno: 7, vartype: 1700, vartypmod: 983046, varcollid: 0, varlevelsup: 0, varnosyn: 0, varattnosyn: 7, location: 59}
                    },
                    2 = TargetEntry {resno: 3, resname: 0x0, ressortgroupref: 0, resorigtbl: 0, resorigcol: 0, resjunk: false} = {
                      expr = Var {varno: 1, varattno: 1, vartype: 23, vartypmod: -1, varcollid: 0, varlevelsup: 0, varnosyn: 0, varattnosyn: 1, location: 227}
                    }
                  }
                },
                base_tlist = List with 3 elements = {
                  0 = TargetEntry {resno: 1, resname: 0x0, ressortgroupref: 0, resorigtbl: 0, resorigcol: 0, resjunk: false} = {
                    expr = Var {varno: 3, varattno: 6, vartype: 1700, vartypmod: 983046, varcollid: 0, varlevelsup: 0, varnosyn: 3, varattnosyn: 6, location: 36}
                  },
                  1 = TargetEntry {resno: 2, resname: 0x0, ressortgroupref: 0, resorigtbl: 0, resorigcol: 0, resjunk: false} = {
                    expr = Var {varno: 3, varattno: 7, vartype: 1700, vartypmod: 983046, varcollid: 0, varlevelsup: 0, varnosyn: 3, varattnosyn: 7, location: 59}
                  },
                  2 = TargetEntry {resno: 3, resname: 0x0, ressortgroupref: 0, resorigtbl: 0, resorigcol: 0, resjunk: false} = {
                    expr = Var {varno: 3, varattno: 1, vartype: 23, vartypmod: -1, varcollid: 0, varlevelsup: 0, varnosyn: 3, varattnosyn: 1, location: 227}
                  }
                },
                coord_var_tlist = List with 3 elements = {
                  0 = TargetEntry {resno: 1, resname: 0x0, ressortgroupref: 0, resorigtbl: 0, resorigcol: 0, resjunk: false} = {
                    expr = Var {varno: 3, varattno: 6, vartype: 1700, vartypmod: 983046, varcollid: 0, varlevelsup: 0, varnosyn: 3, varattnosyn: 6, location: 36}
                  },
                  1 = TargetEntry {resno: 2, resname: 0x0, ressortgroupref: 0, resorigtbl: 0, resorigcol: 0, resjunk: false} = {
                    expr = Var {varno: 3, varattno: 7, vartype: 1700, vartypmod: 983046, varcollid: 0, varlevelsup: 0, varnosyn: 3, varattnosyn: 7, location: 59}
                  },
                  2 = TargetEntry {resno: 3, resname: 0x0, ressortgroupref: 0, resorigtbl: 0, resorigcol: 0, resjunk: false} = {
                    expr = Var {varno: 3, varattno: 1, vartype: 23, vartypmod: -1, varcollid: 0, varlevelsup: 0, varnosyn: 3, varattnosyn: 1, location: 227}
                  }
                },
                query_var_tlist = List with 3 elements = {
                  0 = TargetEntry {resno: 1, resname: 0x0, ressortgroupref: 0, resorigtbl: 0, resorigcol: 0, resjunk: false} = {
                    expr = Var {varno: 1, varattno: 6, vartype: 1700, vartypmod: 983046, varcollid: 0, varlevelsup: 0, varnosyn: 0, varattnosyn: 6, location: 36}
                  },
                  1 = TargetEntry {resno: 2, resname: 0x0, ressortgroupref: 0, resorigtbl: 0, resorigcol: 0, resjunk: false} = {
                    expr = Var {varno: 1, varattno: 7, vartype: 1700, vartypmod: 983046, varcollid: 0, varlevelsup: 0, varnosyn: 0, varattnosyn: 7, location: 59}
                  },
                  2 = TargetEntry {resno: 3, resname: 0x0, ressortgroupref: 0, resorigtbl: 0, resorigcol: 0, resjunk: false} = {
                    expr = Var {varno: 1, varattno: 1, vartype: 23, vartypmod: -1, varcollid: 0, varlevelsup: 0, varnosyn: 0, varattnosyn: 1, location: 227}
                  }
                }
              },
              join.joinqual = List with 1 elements = {
                0 = OpExpr {opno: 96, opfuncid: 65, opresulttype: 16, opretset: false, opcollid: 0, inputcollid: 0, location: -1} = {
                  args = List with 2 elements = {
                    0 = Var {varno: 65001, varattno: 8, vartype: 23, vartypmod: -1, varcollid: 0, varlevelsup: 0, varnosyn: 2, varattnosyn: 1, location: 240},
                    1 = Var {varno: 65000, varattno: 3, vartype: 23, vartypmod: -1, varcollid: 0, varlevelsup: 0, varnosyn: 3, varattnosyn: 1, location: 227}
                  }
                }
              }
            },
            join.plan.righttree = RemoteQuery (cost=0.00..163.00 rows=57 width=108 plan_id=12 parallel_aware=False parallel_safe = False) {scan.scanrelid: 8, exec_direct_type: EXEC_DIRECT_NONE, sql_statement: 'SELECT n_name, n_nationkey FROM ONLY public.nation nation WHERE true', sql_node: 0x0, combine_type: COMBINE_TYPE_NONE, read_only: true, force_autocommit: false, statement: 0x0, cursor: 0x0, rq_num_params: 0, rq_params_internal: false, exec_type: EXEC_ON_DATANODES, is_temp: false, rq_finalise_aggs: false, rq_sortgroup_colno: false, has_row_marks: false, rq_save_command_id: false, rq_use_pk_for_rep_change: false, rq_max_param_num: 0} = {
              scan.plan.targetlist = List with 2 elements = {
                0 = TargetEntry {resno: 1, resname: 0x0, ressortgroupref: 0, resorigtbl: 0, resorigcol: 0, resjunk: false} = {
                  expr = Var {varno: 8, varattno: 1, vartype: 1042, vartypmod: 29, varcollid: 100, varlevelsup: 0, varnosyn: 4, varattnosyn: 2, location: 99}
                },
                1 = TargetEntry {resno: 2, resname: 0x0, ressortgroupref: 0, resorigtbl: 0, resorigcol: 0, resjunk: false} = {
                  expr = Var {varno: 8, varattno: 2, vartype: 23, vartypmod: -1, varcollid: 0, varlevelsup: 0, varnosyn: 4, varattnosyn: 1, location: 394}
                }
              },
              exec_nodes = ExecNodes {accesstype: RELATION_ACCESS_READ, baselocatortype: 72 'H', en_relid: 0, en_funcid: 0} = {
                en_dist_vars = List with 1 elements = {
                  0 = Var {varno: 4, varattno: 1, vartype: 23, vartypmod: -1, varcollid: 0, varlevelsup: 0, varnosyn: 4, varattnosyn: 1, location: 394}
                },
                nodeids = OidList with 3 elements = {16386, 16387, 16388}
              },
              remote_query = Query {commandType: CMD_SELECT, querySource: QSRC_ORIGINAL, queryId: 0, canSetTag: false, resultRelation: 0, hasAggs: false, hasWindowFuncs: false, hasTargetSRFs: false, hasSubLinks: false, hasDistinctOn: false, hasRecursive: false, hasModifyingCTE: false, hasForUpdate: false, hasRowSecurity: false, override: OVERRIDING_NOT_SET, limitOption: LIMIT_OPTION_COUNT, stmt_location: 0, stmt_len: 0, is_local: false, has_to_save_cmd_id: false, in_sub_plan: false, in_explain: false} = {
                rtable = List with 1 elements = {
                  0 = RangeTblEntry {rtekind: RTE_RELATION, relname: 'nation', relid: 270657, relkind: 114 'r', rellockmode: 1, security_barrier: false, jointype: JOIN_INNER, joinmergedcols: 0, funcordinality: false, ctename: 0x0, ctelevelsup: 0, self_reference: false, enrname: 0x0, enrtuples: 0, param_new: -1, param_old: -1, mt_result: 0x0, defaultCols: 0x0, rows: 0, lateral: false, inh: false, inFromCl: true, requiredPerms: 2, checkAsUser: 0, selectedCols: (b 11 12), insertedCols: 0x0, updatedCols: 0x0, extraUpdatedCols: 0x0} = {
                    alias = Alias aliasname: 'nation',
                    eref = Alias aliasname: 'nation' = {
                      colnames = List with 4 elements = {
                        0 = String[ 'n_nationkey' ],
                        1 = String[ 'n_name' ],
                        2 = String[ 'n_regionkey' ],
                        3 = String[ 'n_comment' ]
                      }
                    }
                  }
                },
                jointree = FromExpr  = {
                  fromlist = List with 1 elements = {
                    0 = RangeTblRef rtindex: 1
                  },
                  quals = Const {consttype: 16, consttypmod: -1, constcollid: 0, constlen: 1, constvalue: 1, constisnull: false, constbyval: true, location: -1}
                },
                targetList = List with 2 elements = {
                  0 = TargetEntry {resno: 1, resname: 0x0, ressortgroupref: 0, resorigtbl: 0, resorigcol: 0, resjunk: false} = {
                    expr = Var {varno: 1, varattno: 2, vartype: 1042, vartypmod: 29, varcollid: 100, varlevelsup: 0, varnosyn: 0, varattnosyn: 2, location: 99}
                  },
                  1 = TargetEntry {resno: 2, resname: 0x0, ressortgroupref: 0, resorigtbl: 0, resorigcol: 0, resjunk: false} = {
                    expr = Var {varno: 1, varattno: 1, vartype: 23, vartypmod: -1, varcollid: 0, varlevelsup: 0, varnosyn: 0, varattnosyn: 1, location: 394}
                  }
                }
              },
              base_tlist = List with 2 elements = {
                0 = TargetEntry {resno: 1, resname: 0x0, ressortgroupref: 0, resorigtbl: 0, resorigcol: 0, resjunk: false} = {
                  expr = Var {varno: 4, varattno: 2, vartype: 1042, vartypmod: 29, varcollid: 100, varlevelsup: 0, varnosyn: 4, varattnosyn: 2, location: 99}
                },
                1 = TargetEntry {resno: 2, resname: 0x0, ressortgroupref: 0, resorigtbl: 0, resorigcol: 0, resjunk: false} = {
                  expr = Var {varno: 4, varattno: 1, vartype: 23, vartypmod: -1, varcollid: 0, varlevelsup: 0, varnosyn: 4, varattnosyn: 1, location: 394}
                }
              },
              coord_var_tlist = List with 2 elements = {
                0 = TargetEntry {resno: 1, resname: 0x0, ressortgroupref: 0, resorigtbl: 0, resorigcol: 0, resjunk: false} = {
                  expr = Var {varno: 4, varattno: 2, vartype: 1042, vartypmod: 29, varcollid: 100, varlevelsup: 0, varnosyn: 4, varattnosyn: 2, location: 99}
                },
                1 = TargetEntry {resno: 2, resname: 0x0, ressortgroupref: 0, resorigtbl: 0, resorigcol: 0, resjunk: false} = {
                  expr = Var {varno: 4, varattno: 1, vartype: 23, vartypmod: -1, varcollid: 0, varlevelsup: 0, varnosyn: 4, varattnosyn: 1, location: 394}
                }
              },
              query_var_tlist = List with 2 elements = {
                0 = TargetEntry {resno: 1, resname: 0x0, ressortgroupref: 0, resorigtbl: 0, resorigcol: 0, resjunk: false} = {
                  expr = Var {varno: 1, varattno: 2, vartype: 1042, vartypmod: 29, varcollid: 100, varlevelsup: 0, varnosyn: 0, varattnosyn: 2, location: 99}
                },
                1 = TargetEntry {resno: 2, resname: 0x0, ressortgroupref: 0, resorigtbl: 0, resorigcol: 0, resjunk: false} = {
                  expr = Var {varno: 1, varattno: 1, vartype: 23, vartypmod: -1, varcollid: 0, varlevelsup: 0, varnosyn: 0, varattnosyn: 1, location: 394}
                }
              }
            },
            join.joinqual = List with 1 elements = {
              0 = OpExpr {opno: 96, opfuncid: 65, opresulttype: 16, opretset: false, opcollid: 0, inputcollid: 0, location: -1} = {
                args = List with 2 elements = {
                  0 = Var {varno: 65001, varattno: 7, vartype: 23, vartypmod: -1, varcollid: 0, varlevelsup: 0, varnosyn: 1, varattnosyn: 4, location: 380},
                  1 = Var {varno: 65000, varattno: 2, vartype: 23, vartypmod: -1, varcollid: 0, varlevelsup: 0, varnosyn: 4, varattnosyn: 1, location: 394}
                }
              }
            }
          }
        },
        nPresortedCols = 1
      }
    }
  },
  limitCount = Const {consttype: 20, consttypmod: -1, constcollid: 0, constlen: 8, constvalue: 20, constisnull: false, constbyval: true, location: -1}
}

Breakpoint 1, standard_planner (parse=0x55f2f17af580, query_string=0x55f2f1676670 "select\n  ps_partkey,\n  sum(ps_supplycost * ps_availqty) as value\nfrom\n  partsupp,\n  supplier,\n  nation\nwhere\n  ps_suppkey = s_suppkey\n  and s_nationkey = n_nationkey\n  and n_name = 'GERMANY'\ngroup by\n"..., cursorOptions=33024, boundParams=0x0) at /workspaces/AntDB/src/backend/optimizer/plan/planner.c:661
661		top_plan = create_plan(root, best_path);
$31 = Query {commandType: CMD_SELECT, querySource: QSRC_ORIGINAL, queryId: 0, canSetTag: true, resultRelation: 0, hasAggs: true, hasWindowFuncs: false, hasTargetSRFs: false, hasSubLinks: true, hasDistinctOn: false, hasRecursive: false, hasModifyingCTE: false, hasForUpdate: false, hasRowSecurity: false, override: OVERRIDING_NOT_SET, limitOption: LIMIT_OPTION_COUNT, stmt_location: 0, stmt_len: 531, is_local: false, has_to_save_cmd_id: false, in_sub_plan: false, in_explain: false} = {
  rtable = List with 3 elements = {
    0 = RangeTblEntry {rtekind: RTE_RELATION, relname: 'partsupp', relid: 270669, relkind: 114 'r', rellockmode: 1, security_barrier: false, jointype: JOIN_INNER, joinmergedcols: 0, funcordinality: false, ctename: 0x0, ctelevelsup: 0, self_reference: false, enrname: 0x0, enrtuples: 0, param_new: -1, param_old: -1, mt_result: 0x0, defaultCols: 0x0, rows: 0, lateral: false, inh: false, inFromCl: true, requiredPerms: 2, checkAsUser: 0, selectedCols: (b 11 12 13 14), insertedCols: 0x0, updatedCols: 0x0, extraUpdatedCols: 0x0} = {
      eref = Alias aliasname: 'partsupp' = {
        colnames = List with 5 elements = {
          0 = String[ 'ps_partkey' ],
          1 = String[ 'ps_suppkey' ],
          2 = String[ 'ps_availqty' ],
          3 = String[ 'ps_supplycost' ],
          4 = String[ 'ps_comment' ]
        }
      }
    },
    1 = RangeTblEntry {rtekind: RTE_RELATION, relname: 'supplier', relid: 270666, relkind: 114 'r', rellockmode: 1, security_barrier: false, jointype: JOIN_INNER, joinmergedcols: 0, funcordinality: false, ctename: 0x0, ctelevelsup: 0, self_reference: false, enrname: 0x0, enrtuples: 0, param_new: -1, param_old: -1, mt_result: 0x0, defaultCols: 0x0, rows: 0, lateral: false, inh: false, inFromCl: true, requiredPerms: 2, checkAsUser: 0, selectedCols: (b 11 14), insertedCols: 0x0, updatedCols: 0x0, extraUpdatedCols: 0x0} = {
      eref = Alias aliasname: 'supplier' = {
        colnames = List with 7 elements = {
          0 = String[ 's_suppkey' ],
          1 = String[ 's_name' ],
          2 = String[ 's_address' ],
          3 = String[ 's_nationkey' ],
          4 = String[ 's_phone' ],
          5 = String[ 's_acctbal' ],
          6 = String[ 's_comment' ]
        }
      }
    },
    2 = RangeTblEntry {rtekind: RTE_RELATION, relname: 'nation', relid: 270657, relkind: 114 'r', rellockmode: 1, security_barrier: false, jointype: JOIN_INNER, joinmergedcols: 0, funcordinality: false, ctename: 0x0, ctelevelsup: 0, self_reference: false, enrname: 0x0, enrtuples: 0, param_new: -1, param_old: -1, mt_result: 0x0, defaultCols: 0x0, rows: 0, lateral: false, inh: false, inFromCl: true, requiredPerms: 2, checkAsUser: 0, selectedCols: (b 11 12), insertedCols: 0x0, updatedCols: 0x0, extraUpdatedCols: 0x0} = {
      eref = Alias aliasname: 'nation' = {
        colnames = List with 4 elements = {
          0 = String[ 'n_nationkey' ],
          1 = String[ 'n_name' ],
          2 = String[ 'n_regionkey' ],
          3 = String[ 'n_comment' ]
        }
      }
    }
  },
  jointree = FromExpr  = {
    fromlist = List with 3 elements = {
      0 = RangeTblRef rtindex: 1,
      1 = RangeTblRef rtindex: 2,
      2 = RangeTblRef rtindex: 3
    },
    quals = List with 3 elements = {
      0 = OpExpr {opno: 96, opfuncid: 65, opresulttype: 16, opretset: false, opcollid: 0, inputcollid: 0, location: 122} = {
        args = List with 2 elements = {
          0 = Var {varno: 1, varattno: 2, vartype: 23, vartypmod: -1, varcollid: 0, varlevelsup: 0, varnosyn: 1, varattnosyn: 2, location: 111},
          1 = Var {varno: 2, varattno: 1, vartype: 23, vartypmod: -1, varcollid: 0, varlevelsup: 0, varnosyn: 2, varattnosyn: 1, location: 124}
        }
      },
      1 = OpExpr {opno: 96, opfuncid: 65, opresulttype: 16, opretset: false, opcollid: 0, inputcollid: 0, location: 152} = {
        args = List with 2 elements = {
          0 = Var {varno: 2, varattno: 4, vartype: 23, vartypmod: -1, varcollid: 0, varlevelsup: 0, varnosyn: 2, varattnosyn: 4, location: 140},
          1 = Var {varno: 3, varattno: 1, vartype: 23, vartypmod: -1, varcollid: 0, varlevelsup: 0, varnosyn: 3, varattnosyn: 1, location: 154}
        }
      },
      2 = OpExpr {opno: 1054, opfuncid: 1048, opresulttype: 16, opretset: false, opcollid: 0, inputcollid: 100, location: 179} = {
        args = List with 2 elements = {
          0 = Var {varno: 3, varattno: 2, vartype: 1042, vartypmod: 29, varcollid: 100, varlevelsup: 0, varnosyn: 3, varattnosyn: 2, location: 172},
          1 = Const {consttype: 1042, consttypmod: -1, constcollid: 100, constlen: -1, constvalue: 94501922240800, constisnull: false, constbyval: false, location: 181}
        }
      }
    }
  },
  targetList = List with 2 elements = {
    0 = TargetEntry {resno: 1, resname: 'ps_partkey', ressortgroupref: 2, resorigtbl: 270669, resorigcol: 1, resjunk: false} = {
      expr = Var {varno: 1, varattno: 1, vartype: 23, vartypmod: -1, varcollid: 0, varlevelsup: 0, varnosyn: 1, varattnosyn: 1, location: 9}
    },
    1 = TargetEntry {resno: 2, resname: 'value', ressortgroupref: 1, resorigtbl: 0, resorigcol: 0, resjunk: false} = {
      expr = Aggref {aggfnoid: 2114, aggtype: 1700, aggcollid: 0, inputcollid: 0, aggtranstype: 2281, aggtrantype: 0, agghas_collectfn: false, rank_first: false, aggstar: false, aggvariadic: false, aggkind: 110 'n', agglevelsup: 0, aggsplit: AGGSPLIT_SIMPLE, location: 23} = {
        aggargtypes = OidList with 1 elements = {1700},
        args = List with 1 elements = {
          0 = TargetEntry {resno: 1, resname: 0x0, ressortgroupref: 0, resorigtbl: 0, resorigcol: 0, resjunk: false} = {
            expr = OpExpr {opno: 1760, opfuncid: 1726, opresulttype: 1700, opretset: false, opcollid: 0, inputcollid: 0, location: 41} = {
              args = List with 2 elements = {
                0 = Var {varno: 1, varattno: 4, vartype: 1700, vartypmod: 983046, varcollid: 0, varlevelsup: 0, varnosyn: 1, varattnosyn: 4, location: 27},
                1 = FuncExpr {funcid: 1740, funcresulttype: 1700, funcretset: false, funcvariadic: false, funcformat: COERCE_IMPLICIT_CAST, funccollid: 0, inputcollid: 0, location: -1} = {
                  args = List with 1 elements = {
                    0 = Var {varno: 1, varattno: 3, vartype: 23, vartypmod: -1, varcollid: 0, varlevelsup: 0, varnosyn: 1, varattnosyn: 3, location: 43}
                  }
                }
              }
            }
          }
        }
      }
    }
  },
  groupClause = List with 1 elements = {
    0 = SortGroupClause {tleSortGroupRef: 2, eqop: 96, sortop: 97, nulls_first: false, hashable: true}
  },
  havingQual = List with 1 elements = {
    0 = OpExpr {opno: 1756, opfuncid: 1720, opresulttype: 16, opretset: false, opcollid: 0, inputcollid: 0, location: 257} = {
      args = List with 2 elements = {
        0 = Aggref {aggfnoid: 2114, aggtype: 1700, aggcollid: 0, inputcollid: 0, aggtranstype: 2281, aggtrantype: 0, agghas_collectfn: false, rank_first: false, aggstar: false, aggvariadic: false, aggkind: 110 'n', agglevelsup: 0, aggsplit: AGGSPLIT_SIMPLE, location: 224} = {
          aggargtypes = OidList with 1 elements = {1700},
          args = List with 1 elements = {
            0 = TargetEntry {resno: 1, resname: 0x0, ressortgroupref: 0, resorigtbl: 0, resorigcol: 0, resjunk: false} = {
              expr = OpExpr {opno: 1760, opfuncid: 1726, opresulttype: 1700, opretset: false, opcollid: 0, inputcollid: 0, location: 242} = {
                args = List with 2 elements = {
                  0 = Var {varno: 1, varattno: 4, vartype: 1700, vartypmod: 983046, varcollid: 0, varlevelsup: 0, varnosyn: 1, varattnosyn: 4, location: 228},
                  1 = FuncExpr {funcid: 1740, funcresulttype: 1700, funcretset: false, funcvariadic: false, funcformat: COERCE_IMPLICIT_CAST, funccollid: 0, inputcollid: 0, location: -1} = {
                    args = List with 1 elements = {
                      0 = Var {varno: 1, varattno: 3, vartype: 23, vartypmod: -1, varcollid: 0, varlevelsup: 0, varnosyn: 1, varattnosyn: 3, location: 244}
                    }
                  }
                }
              }
            }
          }
        },
        1 = Param {paramkind: PARAM_EXEC, paramid: 0, paramtype: 1700, paramtypmod: -1, paramcollid: 0, location: -1}
      }
    }
  },
  sortClause = List with 1 elements = {
    0 = SortGroupClause {tleSortGroupRef: 1, eqop: 1752, sortop: 1756, nulls_first: true, hashable: true}
  }
}
$32 = SortPath T_Sort (cost=945.61..945.61 rows=1 parallel_aware=False parallel_safe=False parallel_workers=0)  = {
  path.parent = (b),
  path.pathtarget = PathTarget {cost: (0.00..0.00), width: 36} = {
    sortgrouprefs = [2, 1],
    exprs = List with 2 elements = {
      0 = Var {varno: 1, varattno: 1, vartype: 23, vartypmod: -1, varcollid: 0, varlevelsup: 0, varnosyn: 1, varattnosyn: 1, location: 9},
      1 = Aggref {aggfnoid: 2114, aggtype: 1700, aggcollid: 0, inputcollid: 0, aggtranstype: 2281, aggtrantype: 0, agghas_collectfn: false, rank_first: false, aggstar: false, aggvariadic: false, aggkind: 110 'n', agglevelsup: 0, aggsplit: AGGSPLIT_SIMPLE, location: 23} = {
        aggargtypes = OidList with 1 elements = {1700},
        args = List with 1 elements = {
          0 = TargetEntry {resno: 1, resname: 0x0, ressortgroupref: 0, resorigtbl: 0, resorigcol: 0, resjunk: false} = {
            expr = OpExpr {opno: 1760, opfuncid: 1726, opresulttype: 1700, opretset: false, opcollid: 0, inputcollid: 0, location: 41} = {
              args = List with 2 elements = {
                0 = Var {varno: 1, varattno: 4, vartype: 1700, vartypmod: 983046, varcollid: 0, varlevelsup: 0, varnosyn: 1, varattnosyn: 4, location: 27},
                1 = FuncExpr {funcid: 1740, funcresulttype: 1700, funcretset: false, funcvariadic: false, funcformat: COERCE_IMPLICIT_CAST, funccollid: 0, inputcollid: 0, location: -1} = {
                  args = List with 1 elements = {
                    0 = Var {varno: 1, varattno: 3, vartype: 23, vartypmod: -1, varcollid: 0, varlevelsup: 0, varnosyn: 1, varattnosyn: 3, location: 43}
                  }
                }
              }
            }
          }
        }
      }
    },
    as_loc_list = IntList with 2 elements = {-1, 59},
    expr_loc_list = IntList with 2 elements = {9, 23},
    expr_len_list = IntList with 2 elements = {-1, 33},
    expr_type_list = IntList with 2 elements = {398, 405}
  },
  path.pathkeys = List with 1 elements = {
    0 = PathKey {pk_opfamily: 1988, pk_strategy: 5, pk_nulls_first: true} = {
      pk_eclass = EquivalenceClass {ec_collation: 0, ec_relids: (b 1), ec_has_const: false, ec_has_volatile: false, ec_broken: false, ec_sortref: 1, ec_min_security: 4294967295, ec_max_security: 0} = {
        ec_opfamilies = OidList with 1 elements = {1988},
        ec_members = List with 1 elements = {
          0 = EquivalenceMember {em_relids: (b 1), em_is_const: false, em_is_child: false, em_datatype: 1700} = {
            em_expr = Aggref {aggfnoid: 2114, aggtype: 1700, aggcollid: 0, inputcollid: 0, aggtranstype: 2281, aggtrantype: 0, agghas_collectfn: false, rank_first: false, aggstar: false, aggvariadic: false, aggkind: 110 'n', agglevelsup: 0, aggsplit: AGGSPLIT_SIMPLE, location: 23} = {
              aggargtypes = OidList with 1 elements = {1700},
              args = List with 1 elements = {
                0 = TargetEntry {resno: 1, resname: 0x0, ressortgroupref: 0, resorigtbl: 0, resorigcol: 0, resjunk: false} = {
                  expr = OpExpr {opno: 1760, opfuncid: 1726, opresulttype: 1700, opretset: false, opcollid: 0, inputcollid: 0, location: 41} = {
                    args = List with 2 elements = {
                      0 = Var {varno: 1, varattno: 4, vartype: 1700, vartypmod: 983046, varcollid: 0, varlevelsup: 0, varnosyn: 1, varattnosyn: 4, location: 27},
                      1 = FuncExpr {funcid: 1740, funcresulttype: 1700, funcretset: false, funcvariadic: false, funcformat: COERCE_IMPLICIT_CAST, funccollid: 0, inputcollid: 0, location: -1} = {
                        args = List with 1 elements = {
                          0 = Var {varno: 1, varattno: 3, vartype: 23, vartypmod: -1, varcollid: 0, varlevelsup: 0, varnosyn: 1, varattnosyn: 3, location: 43}
                        }
                      }
                    }
                  }
                }
              }
            }
          }
        }
      }
    }
  },
  subpath = AggPath T_Agg (cost=472.77..472.81 rows=1 parallel_aware=False parallel_safe=False parallel_workers=0) {aggstrategy: AGG_SORTED, aggsplit: AGGSPLIT_SIMPLE, numGroups: 1, transitionSpace: 256} = {
    path.parent = (b),
    path.pathtarget = PathTarget {cost: (0.00..0.00), width: 36} = {
      sortgrouprefs = [2, 1],
      exprs = List with 2 elements = {
        0 = Var {varno: 1, varattno: 1, vartype: 23, vartypmod: -1, varcollid: 0, varlevelsup: 0, varnosyn: 1, varattnosyn: 1, location: 9},
        1 = Aggref {aggfnoid: 2114, aggtype: 1700, aggcollid: 0, inputcollid: 0, aggtranstype: 2281, aggtrantype: 0, agghas_collectfn: false, rank_first: false, aggstar: false, aggvariadic: false, aggkind: 110 'n', agglevelsup: 0, aggsplit: AGGSPLIT_SIMPLE, location: 23} = {
          aggargtypes = OidList with 1 elements = {1700},
          args = List with 1 elements = {
            0 = TargetEntry {resno: 1, resname: 0x0, ressortgroupref: 0, resorigtbl: 0, resorigcol: 0, resjunk: false} = {
              expr = OpExpr {opno: 1760, opfuncid: 1726, opresulttype: 1700, opretset: false, opcollid: 0, inputcollid: 0, location: 41} = {
                args = List with 2 elements = {
                  0 = Var {varno: 1, varattno: 4, vartype: 1700, vartypmod: 983046, varcollid: 0, varlevelsup: 0, varnosyn: 1, varattnosyn: 4, location: 27},
                  1 = FuncExpr {funcid: 1740, funcresulttype: 1700, funcretset: false, funcvariadic: false, funcformat: COERCE_IMPLICIT_CAST, funccollid: 0, inputcollid: 0, location: -1} = {
                    args = List with 1 elements = {
                      0 = Var {varno: 1, varattno: 3, vartype: 23, vartypmod: -1, varcollid: 0, varlevelsup: 0, varnosyn: 1, varattnosyn: 3, location: 43}
                    }
                  }
                }
              }
            }
          }
        }
      },
      as_loc_list = IntList with 2 elements = {-1, 59},
      expr_loc_list = IntList with 2 elements = {9, 23},
      expr_len_list = IntList with 2 elements = {-1, 33},
      expr_type_list = IntList with 2 elements = {398, 405}
    },
    path.pathkeys = List with 1 elements = {
      0 = PathKey {pk_opfamily: 1976, pk_strategy: 1, pk_nulls_first: false} = {
        pk_eclass = EquivalenceClass {ec_collation: 0, ec_relids: (b 1), ec_has_const: false, ec_has_volatile: false, ec_broken: false, ec_sortref: 2, ec_min_security: 4294967295, ec_max_security: 0} = {
          ec_opfamilies = OidList with 1 elements = {1976},
          ec_members = List with 1 elements = {
            0 = EquivalenceMember {em_relids: (b 1), em_is_const: false, em_is_child: false, em_datatype: 23} = {
              em_expr = Var {varno: 1, varattno: 1, vartype: 23, vartypmod: -1, varcollid: 0, varlevelsup: 0, varnosyn: 1, varattnosyn: 1, location: 9}
            }
          }
        }
      }
    },
    subpath = SortPath T_Sort (cost=472.77..472.78 rows=1 parallel_aware=False parallel_safe=False parallel_workers=0)  = {
      path.parent = (b),
      path.pathtarget = PathTarget {cost: (0.00..0.00), width: 26} = {
        sortgrouprefs = [2, 0, 0],
        exprs = List with 3 elements = {
          0 = Var {varno: 1, varattno: 1, vartype: 23, vartypmod: -1, varcollid: 0, varlevelsup: 0, varnosyn: 1, varattnosyn: 1, location: 9},
          1 = Var {varno: 1, varattno: 4, vartype: 1700, vartypmod: 983046, varcollid: 0, varlevelsup: 0, varnosyn: 1, varattnosyn: 4, location: 27},
          2 = Var {varno: 1, varattno: 3, vartype: 23, vartypmod: -1, varcollid: 0, varlevelsup: 0, varnosyn: 1, varattnosyn: 3, location: 43}
        }
      },
      path.pathkeys = List with 1 elements = {
        0 = PathKey {pk_opfamily: 1976, pk_strategy: 1, pk_nulls_first: false} = {
          pk_eclass = EquivalenceClass {ec_collation: 0, ec_relids: (b 1), ec_has_const: false, ec_has_volatile: false, ec_broken: false, ec_sortref: 2, ec_min_security: 4294967295, ec_max_security: 0} = {
            ec_opfamilies = OidList with 1 elements = {1976},
            ec_members = List with 1 elements = {
              0 = EquivalenceMember {em_relids: (b 1), em_is_const: false, em_is_child: false, em_datatype: 23} = {
                em_expr = Var {varno: 1, varattno: 1, vartype: 23, vartypmod: -1, varcollid: 0, varlevelsup: 0, varnosyn: 1, varattnosyn: 1, location: 9}
              }
            }
          }
        }
      },
      subpath = JoinPath T_NestLoop (cost=0.00..472.76 rows=1 parallel_aware=False parallel_safe=False parallel_workers=0) {jointype: JOIN_INNER, inner_unique: false} = {
        path.parent = (b 1 2 3),
        path.pathtarget = PathTarget {cost: (0.00..0.00), width: 26} = {
          sortgrouprefs = [2, 0, 0],
          exprs = List with 3 elements = {
            0 = Var {varno: 1, varattno: 1, vartype: 23, vartypmod: -1, varcollid: 0, varlevelsup: 0, varnosyn: 1, varattnosyn: 1, location: 9},
            1 = Var {varno: 1, varattno: 4, vartype: 1700, vartypmod: 983046, varcollid: 0, varlevelsup: 0, varnosyn: 1, varattnosyn: 4, location: 27},
            2 = Var {varno: 1, varattno: 3, vartype: 23, vartypmod: -1, varcollid: 0, varlevelsup: 0, varnosyn: 1, varattnosyn: 3, location: 43}
          }
        },
        outerjoinpath = JoinPath T_NestLoop (cost=0.00..309.05 rows=1 parallel_aware=False parallel_safe=False parallel_workers=0) {jointype: JOIN_INNER, inner_unique: false} = {
          path.parent = (b 2 3),
          path.pathtarget = PathTarget {cost: (0.00..0.00), width: 4} = {
            exprs = List with 1 elements = {
              0 = Var {varno: 2, varattno: 1, vartype: 23, vartypmod: -1, varcollid: 0, varlevelsup: 0, varnosyn: 2, varattnosyn: 1, location: 124}
            }
          },
          outerjoinpath = RemoteQueryPath T_RemoteQuery (cost=0.00..163.42 rows=1 parallel_aware=False parallel_safe=False parallel_workers=0) {jointype: JOIN_INNER, rqhas_unshippable_qual: false, rqhas_temp_rel: false, rqhas_unshippable_tlist: false} = {
            path.parent = (b 3),
            path.pathtarget = PathTarget {cost: (0.00..0.00), width: 4} = {
              exprs = List with 1 elements = {
                0 = Var {varno: 3, varattno: 1, vartype: 23, vartypmod: -1, varcollid: 0, varlevelsup: 0, varnosyn: 3, varattnosyn: 1, location: 154}
              }
            },
            rqpath_en = ExecNodes {accesstype: RELATION_ACCESS_READ, baselocatortype: 72 'H', en_relid: 0, en_funcid: 0} = {
              en_dist_vars = List with 1 elements = {
                0 = Var {varno: 3, varattno: 1, vartype: 23, vartypmod: -1, varcollid: 0, varlevelsup: 0, varnosyn: 3, varattnosyn: 1, location: 154}
              },
              nodeids = OidList with 3 elements = {16386, 16387, 16388}
            }
          },
          innerjoinpath = RemoteQueryPath T_RemoteQuery (cost=0.00..145.00 rows=50 parallel_aware=False parallel_safe=False parallel_workers=0) {jointype: JOIN_INNER, rqhas_unshippable_qual: false, rqhas_temp_rel: false, rqhas_unshippable_tlist: false} = {
            path.parent = (b 2),
            path.pathtarget = PathTarget {cost: (0.00..0.00), width: 8} = {
              exprs = List with 2 elements = {
                0 = Var {varno: 2, varattno: 1, vartype: 23, vartypmod: -1, varcollid: 0, varlevelsup: 0, varnosyn: 2, varattnosyn: 1, location: 124},
                1 = Var {varno: 2, varattno: 4, vartype: 23, vartypmod: -1, varcollid: 0, varlevelsup: 0, varnosyn: 2, varattnosyn: 4, location: 140}
              }
            },
            rqpath_en = ExecNodes {accesstype: RELATION_ACCESS_READ, baselocatortype: 72 'H', en_relid: 0, en_funcid: 0} = {
              en_dist_vars = List with 1 elements = {
                0 = Var {varno: 2, varattno: 1, vartype: 23, vartypmod: -1, varcollid: 0, varlevelsup: 0, varnosyn: 2, varattnosyn: 1, location: 124}
              },
              nodeids = OidList with 3 elements = {16386, 16387, 16388}
            }
          },
          joinrestrictinfo = List with 1 elements = {
            0 = RestrictInfo {is_pushed_down: true, outerjoin_delayed: false, can_join: true, pseudoconstant: false, leakproof: false, security_level: 0, clause_relids: (b 2 3), required_relids: (b 2 3), outer_relids: (b), nullable_relids: (b), left_relids: (b 2), right_relids: (b 3), eval_cost: (0.00..0.00), norm_selec: 0.0059, outer_selec: -1.0000, outer_is_left: false, hashjoinoperator: 96, left_bucketsize: 0.0200, right_bucketsize: 1.0000, left_mcvfreq: 0.0000, right_mcvfreq: 0.0000} = {
              clause = OpExpr {opno: 96, opfuncid: 65, opresulttype: 16, opretset: false, opcollid: 0, inputcollid: 0, location: -1} = {
                args = List with 2 elements = {
                  0 = Var {varno: 2, varattno: 4, vartype: 23, vartypmod: -1, varcollid: 0, varlevelsup: 0, varnosyn: 2, varattnosyn: 4, location: 140},
                  1 = Var {varno: 3, varattno: 1, vartype: 23, vartypmod: -1, varcollid: 0, varlevelsup: 0, varnosyn: 3, varattnosyn: 1, location: 154}
                }
              },
              mergeopfamilies = OidList with 1 elements = {1976},
              left_em = EquivalenceMember {em_relids: (b 2), em_is_const: false, em_is_child: false, em_datatype: 23} = {
                em_expr = Var {varno: 2, varattno: 4, vartype: 23, vartypmod: -1, varcollid: 0, varlevelsup: 0, varnosyn: 2, varattnosyn: 4, location: 140}
              },
              right_em = EquivalenceMember {em_relids: (b 3), em_is_const: false, em_is_child: false, em_datatype: 23} = {
                em_expr = Var {varno: 3, varattno: 1, vartype: 23, vartypmod: -1, varcollid: 0, varlevelsup: 0, varnosyn: 3, varattnosyn: 1, location: 154}
              }
            }
          }
        },
        innerjoinpath = RemoteQueryPath T_RemoteQuery (cost=0.00..163.00 rows=57 parallel_aware=False parallel_safe=False parallel_workers=0) {jointype: JOIN_INNER, rqhas_unshippable_qual: false, rqhas_temp_rel: false, rqhas_unshippable_tlist: false} = {
          path.parent = (b 1),
          path.pathtarget = PathTarget {cost: (0.00..0.00), width: 30} = {
            exprs = List with 4 elements = {
              0 = Var {varno: 1, varattno: 1, vartype: 23, vartypmod: -1, varcollid: 0, varlevelsup: 0, varnosyn: 1, varattnosyn: 1, location: 9},
              1 = Var {varno: 1, varattno: 4, vartype: 1700, vartypmod: 983046, varcollid: 0, varlevelsup: 0, varnosyn: 1, varattnosyn: 4, location: 27},
              2 = Var {varno: 1, varattno: 3, vartype: 23, vartypmod: -1, varcollid: 0, varlevelsup: 0, varnosyn: 1, varattnosyn: 3, location: 43},
              3 = Var {varno: 1, varattno: 2, vartype: 23, vartypmod: -1, varcollid: 0, varlevelsup: 0, varnosyn: 1, varattnosyn: 2, location: 111}
            }
          },
          rqpath_en = ExecNodes {accesstype: RELATION_ACCESS_READ, baselocatortype: 72 'H', en_relid: 0, en_funcid: 0} = {
            en_dist_vars = List with 1 elements = {
              0 = Var {varno: 1, varattno: 1, vartype: 23, vartypmod: -1, varcollid: 0, varlevelsup: 0, varnosyn: 1, varattnosyn: 1, location: 9}
            },
            nodeids = OidList with 3 elements = {16386, 16387, 16388}
          }
        },
        joinrestrictinfo = List with 1 elements = {
          0 = RestrictInfo {is_pushed_down: true, outerjoin_delayed: false, can_join: true, pseudoconstant: false, leakproof: false, security_level: 0, clause_relids: (b 1 2), required_relids: (b 1 2), outer_relids: (b), nullable_relids: (b), left_relids: (b 2), right_relids: (b 1), eval_cost: (0.00..0.00), norm_selec: 0.0059, outer_selec: -1.0000, outer_is_left: false, hashjoinoperator: 96, left_bucketsize: 0.0200, right_bucketsize: 0.0175, left_mcvfreq: 0.0000, right_mcvfreq: 0.0000} = {
            clause = OpExpr {opno: 96, opfuncid: 65, opresulttype: 16, opretset: false, opcollid: 0, inputcollid: 0, location: -1} = {
              args = List with 2 elements = {
                0 = Var {varno: 2, varattno: 1, vartype: 23, vartypmod: -1, varcollid: 0, varlevelsup: 0, varnosyn: 2, varattnosyn: 1, location: 124},
                1 = Var {varno: 1, varattno: 2, vartype: 23, vartypmod: -1, varcollid: 0, varlevelsup: 0, varnosyn: 1, varattnosyn: 2, location: 111}
              }
            },
            mergeopfamilies = OidList with 1 elements = {1976},
            left_em = EquivalenceMember {em_relids: (b 2), em_is_const: false, em_is_child: false, em_datatype: 23} = {
              em_expr = Var {varno: 2, varattno: 1, vartype: 23, vartypmod: -1, varcollid: 0, varlevelsup: 0, varnosyn: 2, varattnosyn: 1, location: 124}
            },
            right_em = EquivalenceMember {em_relids: (b 1), em_is_const: false, em_is_child: false, em_datatype: 23} = {
              em_expr = Var {varno: 1, varattno: 2, vartype: 23, vartypmod: -1, varcollid: 0, varlevelsup: 0, varnosyn: 1, varattnosyn: 2, location: 111}
            }
          }
        }
      }
    },
    groupClause = List with 1 elements = {
      0 = SortGroupClause {tleSortGroupRef: 2, eqop: 96, sortop: 97, nulls_first: false, hashable: true}
    },
    qual = List with 1 elements = {
      0 = OpExpr {opno: 1756, opfuncid: 1720, opresulttype: 16, opretset: false, opcollid: 0, inputcollid: 0, location: 257} = {
        args = List with 2 elements = {
          0 = Aggref {aggfnoid: 2114, aggtype: 1700, aggcollid: 0, inputcollid: 0, aggtranstype: 2281, aggtrantype: 0, agghas_collectfn: false, rank_first: false, aggstar: false, aggvariadic: false, aggkind: 110 'n', agglevelsup: 0, aggsplit: AGGSPLIT_SIMPLE, location: 224} = {
            aggargtypes = OidList with 1 elements = {1700},
            args = List with 1 elements = {
              0 = TargetEntry {resno: 1, resname: 0x0, ressortgroupref: 0, resorigtbl: 0, resorigcol: 0, resjunk: false} = {
                expr = OpExpr {opno: 1760, opfuncid: 1726, opresulttype: 1700, opretset: false, opcollid: 0, inputcollid: 0, location: 242} = {
                  args = List with 2 elements = {
                    0 = Var {varno: 1, varattno: 4, vartype: 1700, vartypmod: 983046, varcollid: 0, varlevelsup: 0, varnosyn: 1, varattnosyn: 4, location: 228},
                    1 = FuncExpr {funcid: 1740, funcresulttype: 1700, funcretset: false, funcvariadic: false, funcformat: COERCE_IMPLICIT_CAST, funccollid: 0, inputcollid: 0, location: -1} = {
                      args = List with 1 elements = {
                        0 = Var {varno: 1, varattno: 3, vartype: 23, vartypmod: -1, varcollid: 0, varlevelsup: 0, varnosyn: 1, varattnosyn: 3, location: 244}
                      }
                    }
                  }
                }
              }
            }
          },
          1 = Param {paramkind: PARAM_EXEC, paramid: 0, paramtype: 1700, paramtypmod: -1, paramcollid: 0, location: -1}
        }
      }
    }
  }
}

Breakpoint 2, standard_planner (parse=0x55f2f17af580, query_string=0x55f2f1676670 "select\n  ps_partkey,\n  sum(ps_supplycost * ps_availqty) as value\nfrom\n  partsupp,\n  supplier,\n  nation\nwhere\n  ps_suppkey = s_suppkey\n  and s_nationkey = n_nationkey\n  and n_name = 'GERMANY'\ngroup by\n"..., cursorOptions=33024, boundParams=0x0) at /workspaces/AntDB/src/backend/optimizer/plan/planner.c:761
761		result->commandType = parse->commandType;
$33 = Sort (cost=945.61..945.61 rows=1 width=36 plan_id=0 parallel_aware=False parallel_safe = False) numCols: 1 = {
  sortColIdx = [2],
  sortOperators = [1756],
  collations = [0],
  nullsFirst = [True],
  plan.targetlist = List with 2 elements = {
    0 = TargetEntry {resno: 1, resname: 'ps_partkey', ressortgroupref: 2, resorigtbl: 270669, resorigcol: 1, resjunk: false} = {
      expr = Var {varno: 65001, varattno: 1, vartype: 23, vartypmod: -1, varcollid: 0, varlevelsup: 0, varnosyn: 1, varattnosyn: 1, location: -1}
    },
    1 = TargetEntry {resno: 2, resname: 'value', ressortgroupref: 1, resorigtbl: 0, resorigcol: 0, resjunk: false} = {
      expr = Var {varno: 65001, varattno: 2, vartype: 1700, vartypmod: -1, varcollid: 0, varlevelsup: 0, varnosyn: 0, varattnosyn: 0, location: -1}
    }
  },
  plan.lefttree = Agg (cost=472.77..472.81 rows=1 width=36 plan_id=1 parallel_aware=False parallel_safe = False) {aggstrategy: AGG_SORTED, aggsplit: AGGSPLIT_SIMPLE, numCols: 1, numGroups: 1, transitionSpace: 256, aggParams: 0x0} = {
    grpColIdx = [1],
    grpOperators = [96],
    grpCollations = [0],
    plan.targetlist = List with 2 elements = {
      0 = TargetEntry {resno: 1, resname: 'ps_partkey', ressortgroupref: 2, resorigtbl: 270669, resorigcol: 1, resjunk: false} = {
        expr = Var {varno: 65001, varattno: 1, vartype: 23, vartypmod: -1, varcollid: 0, varlevelsup: 0, varnosyn: 0, varattnosyn: 0, location: -1}
      },
      1 = TargetEntry {resno: 2, resname: 'value', ressortgroupref: 1, resorigtbl: 0, resorigcol: 0, resjunk: false} = {
        expr = Aggref {aggfnoid: 2114, aggtype: 1700, aggcollid: 0, inputcollid: 0, aggtranstype: 2281, aggtrantype: 0, agghas_collectfn: false, rank_first: false, aggstar: false, aggvariadic: false, aggkind: 110 'n', agglevelsup: 0, aggsplit: AGGSPLIT_SIMPLE, location: 23} = {
          aggargtypes = OidList with 1 elements = {1700},
          args = List with 1 elements = {
            0 = TargetEntry {resno: 1, resname: 0x0, ressortgroupref: 0, resorigtbl: 0, resorigcol: 0, resjunk: false} = {
              expr = OpExpr {opno: 1760, opfuncid: 1726, opresulttype: 1700, opretset: false, opcollid: 0, inputcollid: 0, location: 41} = {
                args = List with 2 elements = {
                  0 = Var {varno: 65001, varattno: 2, vartype: 1700, vartypmod: 983046, varcollid: 0, varlevelsup: 0, varnosyn: 1, varattnosyn: 4, location: 27},
                  1 = FuncExpr {funcid: 1740, funcresulttype: 1700, funcretset: false, funcvariadic: false, funcformat: COERCE_IMPLICIT_CAST, funccollid: 0, inputcollid: 0, location: -1} = {
                    args = List with 1 elements = {
                      0 = Var {varno: 65001, varattno: 3, vartype: 23, vartypmod: -1, varcollid: 0, varlevelsup: 0, varnosyn: 1, varattnosyn: 3, location: 43}
                    }
                  }
                }
              }
            }
          }
        }
      }
    },
    plan.qual = List with 1 elements = {
      0 = OpExpr {opno: 1756, opfuncid: 1720, opresulttype: 16, opretset: false, opcollid: 0, inputcollid: 0, location: 257} = {
        args = List with 2 elements = {
          0 = Aggref {aggfnoid: 2114, aggtype: 1700, aggcollid: 0, inputcollid: 0, aggtranstype: 2281, aggtrantype: 0, agghas_collectfn: false, rank_first: false, aggstar: false, aggvariadic: false, aggkind: 110 'n', agglevelsup: 0, aggsplit: AGGSPLIT_SIMPLE, location: 224} = {
            aggargtypes = OidList with 1 elements = {1700},
            args = List with 1 elements = {
              0 = TargetEntry {resno: 1, resname: 0x0, ressortgroupref: 0, resorigtbl: 0, resorigcol: 0, resjunk: false} = {
                expr = OpExpr {opno: 1760, opfuncid: 1726, opresulttype: 1700, opretset: false, opcollid: 0, inputcollid: 0, location: 242} = {
                  args = List with 2 elements = {
                    0 = Var {varno: 65001, varattno: 2, vartype: 1700, vartypmod: 983046, varcollid: 0, varlevelsup: 0, varnosyn: 1, varattnosyn: 4, location: 228},
                    1 = FuncExpr {funcid: 1740, funcresulttype: 1700, funcretset: false, funcvariadic: false, funcformat: COERCE_IMPLICIT_CAST, funccollid: 0, inputcollid: 0, location: -1} = {
                      args = List with 1 elements = {
                        0 = Var {varno: 65001, varattno: 3, vartype: 23, vartypmod: -1, varcollid: 0, varlevelsup: 0, varnosyn: 1, varattnosyn: 3, location: 244}
                      }
                    }
                  }
                }
              }
            }
          },
          1 = Param {paramkind: PARAM_EXEC, paramid: 0, paramtype: 1700, paramtypmod: -1, paramcollid: 0, location: -1}
        }
      }
    },
    plan.lefttree = Sort (cost=472.77..472.78 rows=1 width=26 plan_id=2 parallel_aware=False parallel_safe = False) numCols: 1 = {
      sortColIdx = [1],
      sortOperators = [97],
      collations = [0],
      nullsFirst = [False],
      plan.targetlist = List with 3 elements = {
        0 = TargetEntry {resno: 1, resname: 0x0, ressortgroupref: 2, resorigtbl: 0, resorigcol: 0, resjunk: false} = {
          expr = Var {varno: 65001, varattno: 1, vartype: 23, vartypmod: -1, varcollid: 0, varlevelsup: 0, varnosyn: 1, varattnosyn: 1, location: -1}
        },
        1 = TargetEntry {resno: 2, resname: 0x0, ressortgroupref: 0, resorigtbl: 0, resorigcol: 0, resjunk: false} = {
          expr = Var {varno: 65001, varattno: 2, vartype: 1700, vartypmod: 983046, varcollid: 0, varlevelsup: 0, varnosyn: 1, varattnosyn: 4, location: -1}
        },
        2 = TargetEntry {resno: 3, resname: 0x0, ressortgroupref: 0, resorigtbl: 0, resorigcol: 0, resjunk: false} = {
          expr = Var {varno: 65001, varattno: 3, vartype: 23, vartypmod: -1, varcollid: 0, varlevelsup: 0, varnosyn: 1, varattnosyn: 3, location: -1}
        }
      },
      plan.lefttree = NestLoop (cost=0.00..472.76 rows=1 width=26 plan_id=3 parallel_aware=False parallel_safe = False) {join.jointype: JOIN_INNER, join.inner_unique: false} = {
        join.plan.targetlist = List with 3 elements = {
          0 = TargetEntry {resno: 1, resname: 0x0, ressortgroupref: 2, resorigtbl: 0, resorigcol: 0, resjunk: false} = {
            expr = Var {varno: 65000, varattno: 1, vartype: 23, vartypmod: -1, varcollid: 0, varlevelsup: 0, varnosyn: 1, varattnosyn: 1, location: 9}
          },
          1 = TargetEntry {resno: 2, resname: 0x0, ressortgroupref: 0, resorigtbl: 0, resorigcol: 0, resjunk: false} = {
            expr = Var {varno: 65000, varattno: 2, vartype: 1700, vartypmod: 983046, varcollid: 0, varlevelsup: 0, varnosyn: 1, varattnosyn: 4, location: 27}
          },
          2 = TargetEntry {resno: 3, resname: 0x0, ressortgroupref: 0, resorigtbl: 0, resorigcol: 0, resjunk: false} = {
            expr = Var {varno: 65000, varattno: 3, vartype: 23, vartypmod: -1, varcollid: 0, varlevelsup: 0, varnosyn: 1, varattnosyn: 3, location: 43}
          }
        },
        join.plan.lefttree = NestLoop (cost=0.00..309.05 rows=1 width=4 plan_id=4 parallel_aware=False parallel_safe = False) {join.jointype: JOIN_INNER, join.inner_unique: false} = {
          join.plan.targetlist = List with 1 elements = {
            0 = TargetEntry {resno: 1, resname: 0x0, ressortgroupref: 0, resorigtbl: 0, resorigcol: 0, resjunk: false} = {
              expr = Var {varno: 65000, varattno: 1, vartype: 23, vartypmod: -1, varcollid: 0, varlevelsup: 0, varnosyn: 2, varattnosyn: 1, location: 124}
            }
          },
          join.plan.lefttree = RemoteQuery (cost=0.00..163.42 rows=1 width=4 plan_id=5 parallel_aware=False parallel_safe = False) {scan.scanrelid: 4, exec_direct_type: EXEC_DIRECT_NONE, sql_statement: 'SELECT n_nationkey FROM ONLY public.nation nation WHERE (n_name = 'GERMANY'::bpchar)', sql_node: 0x0, combine_type: COMBINE_TYPE_NONE, read_only: true, force_autocommit: false, statement: 0x0, cursor: 0x0, rq_num_params: 0, rq_params_internal: false, exec_type: EXEC_ON_DATANODES, is_temp: false, rq_finalise_aggs: false, rq_sortgroup_colno: false, has_row_marks: false, rq_save_command_id: false, rq_use_pk_for_rep_change: false, rq_max_param_num: 0} = {
            scan.plan.targetlist = List with 1 elements = {
              0 = TargetEntry {resno: 1, resname: 0x0, ressortgroupref: 0, resorigtbl: 0, resorigcol: 0, resjunk: false} = {
                expr = Var {varno: 4, varattno: 1, vartype: 23, vartypmod: -1, varcollid: 0, varlevelsup: 0, varnosyn: 3, varattnosyn: 1, location: 154}
              }
            },
            exec_nodes = ExecNodes {accesstype: RELATION_ACCESS_READ, baselocatortype: 72 'H', en_relid: 0, en_funcid: 0} = {
              en_dist_vars = List with 1 elements = {
                0 = Var {varno: 3, varattno: 1, vartype: 23, vartypmod: -1, varcollid: 0, varlevelsup: 0, varnosyn: 3, varattnosyn: 1, location: 154}
              },
              nodeids = OidList with 3 elements = {16386, 16387, 16388}
            },
            remote_query = Query {commandType: CMD_SELECT, querySource: QSRC_ORIGINAL, queryId: 0, canSetTag: false, resultRelation: 0, hasAggs: false, hasWindowFuncs: false, hasTargetSRFs: false, hasSubLinks: false, hasDistinctOn: false, hasRecursive: false, hasModifyingCTE: false, hasForUpdate: false, hasRowSecurity: false, override: OVERRIDING_NOT_SET, limitOption: LIMIT_OPTION_COUNT, stmt_location: 0, stmt_len: 0, is_local: false, has_to_save_cmd_id: false, in_sub_plan: false, in_explain: false} = {
              rtable = List with 1 elements = {
                0 = RangeTblEntry {rtekind: RTE_RELATION, relname: 'nation', relid: 270657, relkind: 114 'r', rellockmode: 1, security_barrier: false, jointype: JOIN_INNER, joinmergedcols: 0, funcordinality: false, ctename: 0x0, ctelevelsup: 0, self_reference: false, enrname: 0x0, enrtuples: 0, param_new: -1, param_old: -1, mt_result: 0x0, defaultCols: 0x0, rows: 0, lateral: false, inh: false, inFromCl: true, requiredPerms: 2, checkAsUser: 0, selectedCols: (b 11 12), insertedCols: 0x0, updatedCols: 0x0, extraUpdatedCols: 0x0} = {
                  alias = Alias aliasname: 'nation',
                  eref = Alias aliasname: 'nation' = {
                    colnames = List with 4 elements = {
                      0 = String[ 'n_nationkey' ],
                      1 = String[ 'n_name' ],
                      2 = String[ 'n_regionkey' ],
                      3 = String[ 'n_comment' ]
                    }
                  }
                }
              },
              jointree = FromExpr  = {
                fromlist = List with 1 elements = {
                  0 = RangeTblRef rtindex: 1
                },
                quals = OpExpr {opno: 1054, opfuncid: 1048, opresulttype: 16, opretset: false, opcollid: 0, inputcollid: 100, location: 179} = {
                  args = List with 2 elements = {
                    0 = Var {varno: 1, varattno: 2, vartype: 1042, vartypmod: 29, varcollid: 100, varlevelsup: 0, varnosyn: 0, varattnosyn: 2, location: 172},
                    1 = Const {consttype: 1042, consttypmod: -1, constcollid: 100, constlen: -1, constvalue: 94501923756960, constisnull: false, constbyval: false, location: 181}
                  }
                }
              },
              targetList = List with 1 elements = {
                0 = TargetEntry {resno: 1, resname: 0x0, ressortgroupref: 0, resorigtbl: 0, resorigcol: 0, resjunk: false} = {
                  expr = Var {varno: 1, varattno: 1, vartype: 23, vartypmod: -1, varcollid: 0, varlevelsup: 0, varnosyn: 0, varattnosyn: 1, location: 154}
                }
              }
            },
            base_tlist = List with 1 elements = {
              0 = TargetEntry {resno: 1, resname: 0x0, ressortgroupref: 0, resorigtbl: 0, resorigcol: 0, resjunk: false} = {
                expr = Var {varno: 3, varattno: 1, vartype: 23, vartypmod: -1, varcollid: 0, varlevelsup: 0, varnosyn: 3, varattnosyn: 1, location: 154}
              }
            },
            coord_var_tlist = List with 1 elements = {
              0 = TargetEntry {resno: 1, resname: 0x0, ressortgroupref: 0, resorigtbl: 0, resorigcol: 0, resjunk: false} = {
                expr = Var {varno: 3, varattno: 1, vartype: 23, vartypmod: -1, varcollid: 0, varlevelsup: 0, varnosyn: 3, varattnosyn: 1, location: 154}
              }
            },
            query_var_tlist = List with 1 elements = {
              0 = TargetEntry {resno: 1, resname: 0x0, ressortgroupref: 0, resorigtbl: 0, resorigcol: 0, resjunk: false} = {
                expr = Var {varno: 1, varattno: 1, vartype: 23, vartypmod: -1, varcollid: 0, varlevelsup: 0, varnosyn: 0, varattnosyn: 1, location: 154}
              }
            }
          },
          join.plan.righttree = RemoteQuery (cost=0.00..145.00 rows=50 width=8 plan_id=6 parallel_aware=False parallel_safe = False) {scan.scanrelid: 5, exec_direct_type: EXEC_DIRECT_NONE, sql_statement: 'SELECT s_suppkey, s_nationkey FROM ONLY public.supplier supplier WHERE true', sql_node: 0x0, combine_type: COMBINE_TYPE_NONE, read_only: true, force_autocommit: false, statement: 0x0, cursor: 0x0, rq_num_params: 0, rq_params_internal: false, exec_type: EXEC_ON_DATANODES, is_temp: false, rq_finalise_aggs: false, rq_sortgroup_colno: false, has_row_marks: false, rq_save_command_id: false, rq_use_pk_for_rep_change: false, rq_max_param_num: 0} = {
            scan.plan.targetlist = List with 2 elements = {
              0 = TargetEntry {resno: 1, resname: 0x0, ressortgroupref: 0, resorigtbl: 0, resorigcol: 0, resjunk: false} = {
                expr = Var {varno: 5, varattno: 1, vartype: 23, vartypmod: -1, varcollid: 0, varlevelsup: 0, varnosyn: 2, varattnosyn: 1, location: 124}
              },
              1 = TargetEntry {resno: 2, resname: 0x0, ressortgroupref: 0, resorigtbl: 0, resorigcol: 0, resjunk: false} = {
                expr = Var {varno: 5, varattno: 2, vartype: 23, vartypmod: -1, varcollid: 0, varlevelsup: 0, varnosyn: 2, varattnosyn: 4, location: 140}
              }
            },
            exec_nodes = ExecNodes {accesstype: RELATION_ACCESS_READ, baselocatortype: 72 'H', en_relid: 0, en_funcid: 0} = {
              en_dist_vars = List with 1 elements = {
                0 = Var {varno: 2, varattno: 1, vartype: 23, vartypmod: -1, varcollid: 0, varlevelsup: 0, varnosyn: 2, varattnosyn: 1, location: 124}
              },
              nodeids = OidList with 3 elements = {16386, 16387, 16388}
            },
            remote_query = Query {commandType: CMD_SELECT, querySource: QSRC_ORIGINAL, queryId: 0, canSetTag: false, resultRelation: 0, hasAggs: false, hasWindowFuncs: false, hasTargetSRFs: false, hasSubLinks: false, hasDistinctOn: false, hasRecursive: false, hasModifyingCTE: false, hasForUpdate: false, hasRowSecurity: false, override: OVERRIDING_NOT_SET, limitOption: LIMIT_OPTION_COUNT, stmt_location: 0, stmt_len: 0, is_local: false, has_to_save_cmd_id: false, in_sub_plan: false, in_explain: false} = {
              rtable = List with 1 elements = {
                0 = RangeTblEntry {rtekind: RTE_RELATION, relname: 'supplier', relid: 270666, relkind: 114 'r', rellockmode: 1, security_barrier: false, jointype: JOIN_INNER, joinmergedcols: 0, funcordinality: false, ctename: 0x0, ctelevelsup: 0, self_reference: false, enrname: 0x0, enrtuples: 0, param_new: -1, param_old: -1, mt_result: 0x0, defaultCols: 0x0, rows: 0, lateral: false, inh: false, inFromCl: true, requiredPerms: 2, checkAsUser: 0, selectedCols: (b 11 14), insertedCols: 0x0, updatedCols: 0x0, extraUpdatedCols: 0x0} = {
                  alias = Alias aliasname: 'supplier',
                  eref = Alias aliasname: 'supplier' = {
                    colnames = List with 7 elements = {
                      0 = String[ 's_suppkey' ],
                      1 = String[ 's_name' ],
                      2 = String[ 's_address' ],
                      3 = String[ 's_nationkey' ],
                      4 = String[ 's_phone' ],
                      5 = String[ 's_acctbal' ],
                      6 = String[ 's_comment' ]
                    }
                  }
                }
              },
              jointree = FromExpr  = {
                fromlist = List with 1 elements = {
                  0 = RangeTblRef rtindex: 1
                },
                quals = Const {consttype: 16, consttypmod: -1, constcollid: 0, constlen: 1, constvalue: 1, constisnull: false, constbyval: true, location: -1}
              },
              targetList = List with 2 elements = {
                0 = TargetEntry {resno: 1, resname: 0x0, ressortgroupref: 0, resorigtbl: 0, resorigcol: 0, resjunk: false} = {
                  expr = Var {varno: 1, varattno: 1, vartype: 23, vartypmod: -1, varcollid: 0, varlevelsup: 0, varnosyn: 0, varattnosyn: 1, location: 124}
                },
                1 = TargetEntry {resno: 2, resname: 0x0, ressortgroupref: 0, resorigtbl: 0, resorigcol: 0, resjunk: false} = {
                  expr = Var {varno: 1, varattno: 4, vartype: 23, vartypmod: -1, varcollid: 0, varlevelsup: 0, varnosyn: 0, varattnosyn: 4, location: 140}
                }
              }
            },
            base_tlist = List with 2 elements = {
              0 = TargetEntry {resno: 1, resname: 0x0, ressortgroupref: 0, resorigtbl: 0, resorigcol: 0, resjunk: false} = {
                expr = Var {varno: 2, varattno: 1, vartype: 23, vartypmod: -1, varcollid: 0, varlevelsup: 0, varnosyn: 2, varattnosyn: 1, location: 124}
              },
              1 = TargetEntry {resno: 2, resname: 0x0, ressortgroupref: 0, resorigtbl: 0, resorigcol: 0, resjunk: false} = {
                expr = Var {varno: 2, varattno: 4, vartype: 23, vartypmod: -1, varcollid: 0, varlevelsup: 0, varnosyn: 2, varattnosyn: 4, location: 140}
              }
            },
            coord_var_tlist = List with 2 elements = {
              0 = TargetEntry {resno: 1, resname: 0x0, ressortgroupref: 0, resorigtbl: 0, resorigcol: 0, resjunk: false} = {
                expr = Var {varno: 2, varattno: 1, vartype: 23, vartypmod: -1, varcollid: 0, varlevelsup: 0, varnosyn: 2, varattnosyn: 1, location: 124}
              },
              1 = TargetEntry {resno: 2, resname: 0x0, ressortgroupref: 0, resorigtbl: 0, resorigcol: 0, resjunk: false} = {
                expr = Var {varno: 2, varattno: 4, vartype: 23, vartypmod: -1, varcollid: 0, varlevelsup: 0, varnosyn: 2, varattnosyn: 4, location: 140}
              }
            },
            query_var_tlist = List with 2 elements = {
              0 = TargetEntry {resno: 1, resname: 0x0, ressortgroupref: 0, resorigtbl: 0, resorigcol: 0, resjunk: false} = {
                expr = Var {varno: 1, varattno: 1, vartype: 23, vartypmod: -1, varcollid: 0, varlevelsup: 0, varnosyn: 0, varattnosyn: 1, location: 124}
              },
              1 = TargetEntry {resno: 2, resname: 0x0, ressortgroupref: 0, resorigtbl: 0, resorigcol: 0, resjunk: false} = {
                expr = Var {varno: 1, varattno: 4, vartype: 23, vartypmod: -1, varcollid: 0, varlevelsup: 0, varnosyn: 0, varattnosyn: 4, location: 140}
              }
            }
          },
          join.joinqual = List with 1 elements = {
            0 = OpExpr {opno: 96, opfuncid: 65, opresulttype: 16, opretset: false, opcollid: 0, inputcollid: 0, location: -1} = {
              args = List with 2 elements = {
                0 = Var {varno: 65000, varattno: 2, vartype: 23, vartypmod: -1, varcollid: 0, varlevelsup: 0, varnosyn: 2, varattnosyn: 4, location: 140},
                1 = Var {varno: 65001, varattno: 1, vartype: 23, vartypmod: -1, varcollid: 0, varlevelsup: 0, varnosyn: 3, varattnosyn: 1, location: 154}
              }
            }
          }
        },
        join.plan.righttree = RemoteQuery (cost=0.00..163.00 rows=57 width=30 plan_id=7 parallel_aware=False parallel_safe = False) {scan.scanrelid: 6, exec_direct_type: EXEC_DIRECT_NONE, sql_statement: 'SELECT ps_partkey, ps_supplycost, ps_availqty, ps_suppkey FROM ONLY public.partsupp partsupp WHERE t', sql_node: 0x0, combine_type: COMBINE_TYPE_NONE, read_only: true, force_autocommit: false, statement: 0x0, cursor: 0x0, rq_num_params: 0, rq_params_internal: false, exec_type: EXEC_ON_DATANODES, is_temp: false, rq_finalise_aggs: false, rq_sortgroup_colno: false, has_row_marks: false, rq_save_command_id: false, rq_use_pk_for_rep_change: false, rq_max_param_num: 0} = {
          scan.plan.targetlist = List with 4 elements = {
            0 = TargetEntry {resno: 1, resname: 0x0, ressortgroupref: 0, resorigtbl: 0, resorigcol: 0, resjunk: false} = {
              expr = Var {varno: 6, varattno: 1, vartype: 23, vartypmod: -1, varcollid: 0, varlevelsup: 0, varnosyn: 1, varattnosyn: 1, location: 9}
            },
            1 = TargetEntry {resno: 2, resname: 0x0, ressortgroupref: 0, resorigtbl: 0, resorigcol: 0, resjunk: false} = {
              expr = Var {varno: 6, varattno: 2, vartype: 1700, vartypmod: 983046, varcollid: 0, varlevelsup: 0, varnosyn: 1, varattnosyn: 4, location: 27}
            },
            2 = TargetEntry {resno: 3, resname: 0x0, ressortgroupref: 0, resorigtbl: 0, resorigcol: 0, resjunk: false} = {
              expr = Var {varno: 6, varattno: 3, vartype: 23, vartypmod: -1, varcollid: 0, varlevelsup: 0, varnosyn: 1, varattnosyn: 3, location: 43}
            },
            3 = TargetEntry {resno: 4, resname: 0x0, ressortgroupref: 0, resorigtbl: 0, resorigcol: 0, resjunk: false} = {
              expr = Var {varno: 6, varattno: 4, vartype: 23, vartypmod: -1, varcollid: 0, varlevelsup: 0, varnosyn: 1, varattnosyn: 2, location: 111}
            }
          },
          exec_nodes = ExecNodes {accesstype: RELATION_ACCESS_READ, baselocatortype: 72 'H', en_relid: 0, en_funcid: 0} = {
            en_dist_vars = List with 1 elements = {
              0 = Var {varno: 1, varattno: 1, vartype: 23, vartypmod: -1, varcollid: 0, varlevelsup: 0, varnosyn: 1, varattnosyn: 1, location: 9}
            },
            nodeids = OidList with 3 elements = {16386, 16387, 16388}
          },
          remote_query = Query {commandType: CMD_SELECT, querySource: QSRC_ORIGINAL, queryId: 0, canSetTag: false, resultRelation: 0, hasAggs: false, hasWindowFuncs: false, hasTargetSRFs: false, hasSubLinks: false, hasDistinctOn: false, hasRecursive: false, hasModifyingCTE: false, hasForUpdate: false, hasRowSecurity: false, override: OVERRIDING_NOT_SET, limitOption: LIMIT_OPTION_COUNT, stmt_location: 0, stmt_len: 0, is_local: false, has_to_save_cmd_id: false, in_sub_plan: false, in_explain: false} = {
            rtable = List with 1 elements = {
              0 = RangeTblEntry {rtekind: RTE_RELATION, relname: 'partsupp', relid: 270669, relkind: 114 'r', rellockmode: 1, security_barrier: false, jointype: JOIN_INNER, joinmergedcols: 0, funcordinality: false, ctename: 0x0, ctelevelsup: 0, self_reference: false, enrname: 0x0, enrtuples: 0, param_new: -1, param_old: -1, mt_result: 0x0, defaultCols: 0x0, rows: 0, lateral: false, inh: false, inFromCl: true, requiredPerms: 2, checkAsUser: 0, selectedCols: (b 11 12 13 14), insertedCols: 0x0, updatedCols: 0x0, extraUpdatedCols: 0x0} = {
                alias = Alias aliasname: 'partsupp',
                eref = Alias aliasname: 'partsupp' = {
                  colnames = List with 5 elements = {
                    0 = String[ 'ps_partkey' ],
                    1 = String[ 'ps_suppkey' ],
                    2 = String[ 'ps_availqty' ],
                    3 = String[ 'ps_supplycost' ],
                    4 = String[ 'ps_comment' ]
                  }
                }
              }
            },
            jointree = FromExpr  = {
              fromlist = List with 1 elements = {
                0 = RangeTblRef rtindex: 1
              },
              quals = Const {consttype: 16, consttypmod: -1, constcollid: 0, constlen: 1, constvalue: 1, constisnull: false, constbyval: true, location: -1}
            },
            targetList = List with 4 elements = {
              0 = TargetEntry {resno: 1, resname: 0x0, ressortgroupref: 0, resorigtbl: 0, resorigcol: 0, resjunk: false} = {
                expr = Var {varno: 1, varattno: 1, vartype: 23, vartypmod: -1, varcollid: 0, varlevelsup: 0, varnosyn: 0, varattnosyn: 1, location: 9}
              },
              1 = TargetEntry {resno: 2, resname: 0x0, ressortgroupref: 0, resorigtbl: 0, resorigcol: 0, resjunk: false} = {
                expr = Var {varno: 1, varattno: 4, vartype: 1700, vartypmod: 983046, varcollid: 0, varlevelsup: 0, varnosyn: 0, varattnosyn: 4, location: 27}
              },
              2 = TargetEntry {resno: 3, resname: 0x0, ressortgroupref: 0, resorigtbl: 0, resorigcol: 0, resjunk: false} = {
                expr = Var {varno: 1, varattno: 3, vartype: 23, vartypmod: -1, varcollid: 0, varlevelsup: 0, varnosyn: 0, varattnosyn: 3, location: 43}
              },
              3 = TargetEntry {resno: 4, resname: 0x0, ressortgroupref: 0, resorigtbl: 0, resorigcol: 0, resjunk: false} = {
                expr = Var {varno: 1, varattno: 2, vartype: 23, vartypmod: -1, varcollid: 0, varlevelsup: 0, varnosyn: 0, varattnosyn: 2, location: 111}
              }
            }
          },
          base_tlist = List with 4 elements = {
            0 = TargetEntry {resno: 1, resname: 0x0, ressortgroupref: 0, resorigtbl: 0, resorigcol: 0, resjunk: false} = {
              expr = Var {varno: 1, varattno: 1, vartype: 23, vartypmod: -1, varcollid: 0, varlevelsup: 0, varnosyn: 1, varattnosyn: 1, location: 9}
            },
            1 = TargetEntry {resno: 2, resname: 0x0, ressortgroupref: 0, resorigtbl: 0, resorigcol: 0, resjunk: false} = {
              expr = Var {varno: 1, varattno: 4, vartype: 1700, vartypmod: 983046, varcollid: 0, varlevelsup: 0, varnosyn: 1, varattnosyn: 4, location: 27}
            },
            2 = TargetEntry {resno: 3, resname: 0x0, ressortgroupref: 0, resorigtbl: 0, resorigcol: 0, resjunk: false} = {
              expr = Var {varno: 1, varattno: 3, vartype: 23, vartypmod: -1, varcollid: 0, varlevelsup: 0, varnosyn: 1, varattnosyn: 3, location: 43}
            },
            3 = TargetEntry {resno: 4, resname: 0x0, ressortgroupref: 0, resorigtbl: 0, resorigcol: 0, resjunk: false} = {
              expr = Var {varno: 1, varattno: 2, vartype: 23, vartypmod: -1, varcollid: 0, varlevelsup: 0, varnosyn: 1, varattnosyn: 2, location: 111}
            }
          },
          coord_var_tlist = List with 4 elements = {
            0 = TargetEntry {resno: 1, resname: 0x0, ressortgroupref: 0, resorigtbl: 0, resorigcol: 0, resjunk: false} = {
              expr = Var {varno: 1, varattno: 1, vartype: 23, vartypmod: -1, varcollid: 0, varlevelsup: 0, varnosyn: 1, varattnosyn: 1, location: 9}
            },
            1 = TargetEntry {resno: 2, resname: 0x0, ressortgroupref: 0, resorigtbl: 0, resorigcol: 0, resjunk: false} = {
              expr = Var {varno: 1, varattno: 4, vartype: 1700, vartypmod: 983046, varcollid: 0, varlevelsup: 0, varnosyn: 1, varattnosyn: 4, location: 27}
            },
            2 = TargetEntry {resno: 3, resname: 0x0, ressortgroupref: 0, resorigtbl: 0, resorigcol: 0, resjunk: false} = {
              expr = Var {varno: 1, varattno: 3, vartype: 23, vartypmod: -1, varcollid: 0, varlevelsup: 0, varnosyn: 1, varattnosyn: 3, location: 43}
            },
            3 = TargetEntry {resno: 4, resname: 0x0, ressortgroupref: 0, resorigtbl: 0, resorigcol: 0, resjunk: false} = {
              expr = Var {varno: 1, varattno: 2, vartype: 23, vartypmod: -1, varcollid: 0, varlevelsup: 0, varnosyn: 1, varattnosyn: 2, location: 111}
            }
          },
          query_var_tlist = List with 4 elements = {
            0 = TargetEntry {resno: 1, resname: 0x0, ressortgroupref: 0, resorigtbl: 0, resorigcol: 0, resjunk: false} = {
              expr = Var {varno: 1, varattno: 1, vartype: 23, vartypmod: -1, varcollid: 0, varlevelsup: 0, varnosyn: 0, varattnosyn: 1, location: 9}
            },
            1 = TargetEntry {resno: 2, resname: 0x0, ressortgroupref: 0, resorigtbl: 0, resorigcol: 0, resjunk: false} = {
              expr = Var {varno: 1, varattno: 4, vartype: 1700, vartypmod: 983046, varcollid: 0, varlevelsup: 0, varnosyn: 0, varattnosyn: 4, location: 27}
            },
            2 = TargetEntry {resno: 3, resname: 0x0, ressortgroupref: 0, resorigtbl: 0, resorigcol: 0, resjunk: false} = {
              expr = Var {varno: 1, varattno: 3, vartype: 23, vartypmod: -1, varcollid: 0, varlevelsup: 0, varnosyn: 0, varattnosyn: 3, location: 43}
            },
            3 = TargetEntry {resno: 4, resname: 0x0, ressortgroupref: 0, resorigtbl: 0, resorigcol: 0, resjunk: false} = {
              expr = Var {varno: 1, varattno: 2, vartype: 23, vartypmod: -1, varcollid: 0, varlevelsup: 0, varnosyn: 0, varattnosyn: 2, location: 111}
            }
          }
        },
        join.joinqual = List with 1 elements = {
          0 = OpExpr {opno: 96, opfuncid: 65, opresulttype: 16, opretset: false, opcollid: 0, inputcollid: 0, location: -1} = {
            args = List with 2 elements = {
              0 = Var {varno: 65001, varattno: 1, vartype: 23, vartypmod: -1, varcollid: 0, varlevelsup: 0, varnosyn: 2, varattnosyn: 1, location: 124},
              1 = Var {varno: 65000, varattno: 4, vartype: 23, vartypmod: -1, varcollid: 0, varlevelsup: 0, varnosyn: 1, varattnosyn: 2, location: 111}
            }
          }
        }
      }
    }
  },
  plan.initPlan = List with 1 elements = {
    0 = SubPlan {subLinkType: EXPR_SUBLINK, plan_id: 1, plan_name: 'InitPlan 1 (returns $0)', firstColType: 1700, firstColTypmod: -1, firstColCollation: 0, useHashTable: false, unknownEqFalse: false, parallel_safe: false, startup_cost: 0, per_call_cost: 472.78499999999991} = {
      setParam = IntList with 1 elements = {0}
    }
  }
}

Breakpoint 1, standard_planner (parse=0x55f2f17af810, query_string=0x55f2f1676670 "select\n  l_shipmode,\n  sum(case\n    when o_orderpriority = '1-URGENT'\n      or o_orderpriority = '2-HIGH'\n      then 1\n    else 0\n  end) as high_line_count,\n  sum(case\n    when o_orderpriority <> '1-U"..., cursorOptions=33024, boundParams=0x0) at /workspaces/AntDB/src/backend/optimizer/plan/planner.c:661
661		top_plan = create_plan(root, best_path);
$34 = Query {commandType: CMD_SELECT, querySource: QSRC_ORIGINAL, queryId: 0, canSetTag: true, resultRelation: 0, hasAggs: true, hasWindowFuncs: false, hasTargetSRFs: false, hasSubLinks: false, hasDistinctOn: false, hasRecursive: false, hasModifyingCTE: false, hasForUpdate: false, hasRowSecurity: false, override: OVERRIDING_NOT_SET, limitOption: LIMIT_OPTION_COUNT, stmt_location: 0, stmt_len: 600, is_local: false, has_to_save_cmd_id: false, in_sub_plan: false, in_explain: false} = {
  rtable = List with 2 elements = {
    0 = RangeTblEntry {rtekind: RTE_RELATION, relname: 'orders', relid: 270675, relkind: 114 'r', rellockmode: 1, security_barrier: false, jointype: JOIN_INNER, joinmergedcols: 0, funcordinality: false, ctename: 0x0, ctelevelsup: 0, self_reference: false, enrname: 0x0, enrtuples: 0, param_new: -1, param_old: -1, mt_result: 0x0, defaultCols: 0x0, rows: 0, lateral: false, inh: false, inFromCl: true, requiredPerms: 2, checkAsUser: 0, selectedCols: (b 11 16), insertedCols: 0x0, updatedCols: 0x0, extraUpdatedCols: 0x0} = {
      eref = Alias aliasname: 'orders' = {
        colnames = List with 9 elements = {
          0 = String[ 'o_orderkey' ],
          1 = String[ 'o_custkey' ],
          2 = String[ 'o_orderstatus' ],
          3 = String[ 'o_totalprice' ],
          4 = String[ 'o_orderdate' ],
          5 = String[ 'o_orderpriority' ],
          6 = String[ 'o_clerk' ],
          7 = String[ 'o_shippriority' ],
          8 = String[ 'o_comment' ]
        }
      }
    },
    1 = RangeTblEntry {rtekind: RTE_RELATION, relname: 'lineitem', relid: 270678, relkind: 114 'r', rellockmode: 1, security_barrier: false, jointype: JOIN_INNER, joinmergedcols: 0, funcordinality: false, ctename: 0x0, ctelevelsup: 0, self_reference: false, enrname: 0x0, enrtuples: 0, param_new: -1, param_old: -1, mt_result: 0x0, defaultCols: 0x0, rows: 0, lateral: false, inh: false, inFromCl: true, requiredPerms: 2, checkAsUser: 0, selectedCols: (b 11 21 22 23 25), insertedCols: 0x0, updatedCols: 0x0, extraUpdatedCols: 0x0} = {
      eref = Alias aliasname: 'lineitem' = {
        colnames = List with 16 elements = {
          0 = String[ 'l_orderkey' ],
          1 = String[ 'l_partkey' ],
          2 = String[ 'l_suppkey' ],
          3 = String[ 'l_linenumber' ],
          4 = String[ 'l_quantity' ],
          5 = String[ 'l_extendedprice' ],
          6 = String[ 'l_discount' ],
          7 = String[ 'l_tax' ],
          8 = String[ 'l_returnflag' ],
          9 = String[ 'l_linestatus' ],
          10 = String[ 'l_shipdate' ],
          11 = String[ 'l_commitdate' ],
          12 = String[ 'l_receiptdate' ],
          13 = String[ 'l_shipinstruct' ],
          14 = String[ 'l_shipmode' ],
          15 = String[ 'l_comment' ]
        }
      }
    }
  },
  jointree = FromExpr  = {
    fromlist = List with 2 elements = {
      0 = RangeTblRef rtindex: 1,
      1 = RangeTblRef rtindex: 2
    },
    quals = List with 6 elements = {
      0 = OpExpr {opno: 96, opfuncid: 65, opresulttype: 16, opretset: false, opcollid: 0, inputcollid: 0, location: 339} = {
        args = List with 2 elements = {
          0 = Var {varno: 1, varattno: 1, vartype: 23, vartypmod: -1, varcollid: 0, varlevelsup: 0, varnosyn: 1, varattnosyn: 1, location: 328},
          1 = Var {varno: 2, varattno: 1, vartype: 23, vartypmod: -1, varcollid: 0, varlevelsup: 0, varnosyn: 2, varattnosyn: 1, location: 341}
        }
      },
      1 = ScalarArrayOpExpr {opno: 1054, opfuncid: 1048, useOr: true, inputcollid: 100, location: 369} = {
        args = List with 2 elements = {
          0 = Var {varno: 2, varattno: 15, vartype: 1042, vartypmod: 14, varcollid: 100, varlevelsup: 0, varnosyn: 2, varattnosyn: 15, location: 358},
          1 = Const {consttype: 1014, consttypmod: -1, constcollid: 100, constlen: -1, constvalue: 94501921729136, constisnull: false, constbyval: false, location: -1}
        }
      },
      2 = OpExpr {opno: 1095, opfuncid: 1087, opresulttype: 16, opretset: false, opcollid: 0, inputcollid: 0, location: 408} = {
        args = List with 2 elements = {
          0 = Var {varno: 2, varattno: 12, vartype: 1082, vartypmod: -1, varcollid: 0, varlevelsup: 0, varnosyn: 2, varattnosyn: 12, location: 395},
          1 = Var {varno: 2, varattno: 13, vartype: 1082, vartypmod: -1, varcollid: 0, varlevelsup: 0, varnosyn: 2, varattnosyn: 13, location: 410}
        }
      },
      3 = OpExpr {opno: 1095, opfuncid: 1087, opresulttype: 16, opretset: false, opcollid: 0, inputcollid: 0, location: 441} = {
        args = List with 2 elements = {
          0 = Var {varno: 2, varattno: 11, vartype: 1082, vartypmod: -1, varcollid: 0, varlevelsup: 0, varnosyn: 2, varattnosyn: 11, location: 430},
          1 = Var {varno: 2, varattno: 12, vartype: 1082, vartypmod: -1, varcollid: 0, varlevelsup: 0, varnosyn: 2, varattnosyn: 12, location: 443}
        }
      },
      4 = OpExpr {opno: 1098, opfuncid: 1090, opresulttype: 16, opretset: false, opcollid: 0, inputcollid: 0, location: 476} = {
        args = List with 2 elements = {
          0 = Var {varno: 2, varattno: 13, vartype: 1082, vartypmod: -1, varcollid: 0, varlevelsup: 0, varnosyn: 2, varattnosyn: 13, location: 462},
          1 = Const {consttype: 1082, consttypmod: -1, constcollid: 0, constlen: 4, constvalue: 18446744073709549425, constisnull: false, constbyval: true, location: 484}
        }
      },
      5 = OpExpr {opno: 2345, opfuncid: 2338, opresulttype: 16, opretset: false, opcollid: 0, inputcollid: 0, location: 517} = {
        args = List with 2 elements = {
          0 = Var {varno: 2, varattno: 13, vartype: 1082, vartypmod: -1, varcollid: 0, varlevelsup: 0, varnosyn: 2, varattnosyn: 13, location: 503},
          1 = Const {consttype: 1114, consttypmod: -1, constcollid: 0, constlen: 8, constvalue: 18446586307309551616, constisnull: false, constbyval: true, location: -1}
        }
      }
    }
  },
  targetList = List with 3 elements = {
    0 = TargetEntry {resno: 1, resname: 'l_shipmode', ressortgroupref: 1, resorigtbl: 270678, resorigcol: 15, resjunk: false} = {
      expr = Var {varno: 2, varattno: 15, vartype: 1042, vartypmod: 14, varcollid: 100, varlevelsup: 0, varnosyn: 2, varattnosyn: 15, location: 9}
    },
    1 = TargetEntry {resno: 2, resname: 'high_line_count', ressortgroupref: 0, resorigtbl: 0, resorigcol: 0, resjunk: false} = {
      expr = Aggref {aggfnoid: 2108, aggtype: 20, aggcollid: 0, inputcollid: 0, aggtranstype: 20, aggtrantype: 0, agghas_collectfn: false, rank_first: false, aggstar: false, aggvariadic: false, aggkind: 110 'n', agglevelsup: 0, aggsplit: AGGSPLIT_SIMPLE, location: 23} = {
        aggargtypes = OidList with 1 elements = {23},
        args = List with 1 elements = {
          0 = TargetEntry {resno: 1, resname: 0x0, ressortgroupref: 0, resorigtbl: 0, resorigcol: 0, resjunk: false} = {
            expr = CaseExpr {casetype: 23, casecollid: 0, location: 27} = {
              args = List with 1 elements = {
                0 = CaseWhen location: 36 = {
                  expr = BoolExpr {boolop: OR_EXPR, location: -1} = {
                    args = List with 2 elements = {
                      0 = OpExpr {opno: 1054, opfuncid: 1048, opresulttype: 16, opretset: false, opcollid: 0, inputcollid: 100, location: 57} = {
                        args = List with 2 elements = {
                          0 = Var {varno: 1, varattno: 6, vartype: 1042, vartypmod: 19, varcollid: 100, varlevelsup: 0, varnosyn: 1, varattnosyn: 6, location: 41},
                          1 = Const {consttype: 1042, consttypmod: -1, constcollid: 100, constlen: -1, constvalue: 94501922239048, constisnull: false, constbyval: false, location: 59}
                        }
                      },
                      1 = OpExpr {opno: 1054, opfuncid: 1048, opresulttype: 16, opretset: false, opcollid: 0, inputcollid: 100, location: 95} = {
                        args = List with 2 elements = {
                          0 = Var {varno: 1, varattno: 6, vartype: 1042, vartypmod: 19, varcollid: 100, varlevelsup: 0, varnosyn: 1, varattnosyn: 6, location: 79},
                          1 = Const {consttype: 1042, consttypmod: -1, constcollid: 100, constlen: -1, constvalue: 94501922239616, constisnull: false, constbyval: false, location: 97}
                        }
                      }
                    }
                  },
                  result = Const {consttype: 23, consttypmod: -1, constcollid: 0, constlen: 4, constvalue: 1, constisnull: false, constbyval: true, location: 117}
                }
              },
              defresult = Const {consttype: 23, consttypmod: -1, constcollid: 0, constlen: 4, constvalue: 0, constisnull: false, constbyval: true, location: 128}
            }
          }
        }
      }
    },
    2 = TargetEntry {resno: 3, resname: 'low_line_count', ressortgroupref: 0, resorigtbl: 0, resorigcol: 0, resjunk: false} = {
      expr = Aggref {aggfnoid: 2108, aggtype: 20, aggcollid: 0, inputcollid: 0, aggtranstype: 20, aggtrantype: 0, agghas_collectfn: false, rank_first: false, aggstar: false, aggvariadic: false, aggkind: 110 'n', agglevelsup: 0, aggsplit: AGGSPLIT_SIMPLE, location: 159} = {
        aggargtypes = OidList with 1 elements = {23},
        args = List with 1 elements = {
          0 = TargetEntry {resno: 1, resname: 0x0, ressortgroupref: 0, resorigtbl: 0, resorigcol: 0, resjunk: false} = {
            expr = CaseExpr {casetype: 23, casecollid: 0, location: 163} = {
              args = List with 1 elements = {
                0 = CaseWhen location: 172 = {
                  expr = BoolExpr {boolop: AND_EXPR, location: -1} = {
                    args = List with 2 elements = {
                      0 = OpExpr {opno: 1057, opfuncid: 1053, opresulttype: 16, opretset: false, opcollid: 0, inputcollid: 100, location: 193} = {
                        args = List with 2 elements = {
                          0 = Var {varno: 1, varattno: 6, vartype: 1042, vartypmod: 19, varcollid: 100, varlevelsup: 0, varnosyn: 1, varattnosyn: 6, location: 177},
                          1 = Const {consttype: 1042, consttypmod: -1, constcollid: 100, constlen: -1, constvalue: 94501922241944, constisnull: false, constbyval: false, location: 196}
                        }
                      },
                      1 = OpExpr {opno: 1057, opfuncid: 1053, opresulttype: 16, opretset: false, opcollid: 0, inputcollid: 100, location: 233} = {
                        args = List with 2 elements = {
                          0 = Var {varno: 1, varattno: 6, vartype: 1042, vartypmod: 19, varcollid: 100, varlevelsup: 0, varnosyn: 1, varattnosyn: 6, location: 217},
                          1 = Const {consttype: 1042, consttypmod: -1, constcollid: 100, constlen: -1, constvalue: 94501922242512, constisnull: false, constbyval: false, location: 236}
                        }
                      }
                    }
                  },
                  result = Const {consttype: 23, consttypmod: -1, constcollid: 0, constlen: 4, constvalue: 1, constisnull: false, constbyval: true, location: 256}
                }
              },
              defresult = Const {consttype: 23, consttypmod: -1, constcollid: 0, constlen: 4, constvalue: 0, constisnull: false, constbyval: true, location: 267}
            }
          }
        }
      }
    }
  },
  groupClause = List with 1 elements = {
    0 = SortGroupClause {tleSortGroupRef: 1, eqop: 1054, sortop: 1058, nulls_first: false, hashable: true}
  },
  sortClause = List with 1 elements = {
    0 = SortGroupClause {tleSortGroupRef: 1, eqop: 1054, sortop: 1058, nulls_first: false, hashable: true}
  }
}
$35 = AggPath T_Agg (cost=26.95..27.01 rows=1 parallel_aware=False parallel_safe=False parallel_workers=0) {aggstrategy: AGG_SORTED, aggsplit: AGGSPLIT_FINAL_DESERIAL, numGroups: 1, transitionSpace: 0} = {
  path.parent = (b),
  path.pathtarget = PathTarget {cost: (0.00..0.00), width: 60} = {
    sortgrouprefs = [1, 0, 0],
    exprs = List with 3 elements = {
      0 = Var {varno: 2, varattno: 15, vartype: 1042, vartypmod: 14, varcollid: 100, varlevelsup: 0, varnosyn: 2, varattnosyn: 15, location: 9},
      1 = Aggref {aggfnoid: 2108, aggtype: 20, aggcollid: 0, inputcollid: 0, aggtranstype: 20, aggtrantype: 0, agghas_collectfn: false, rank_first: false, aggstar: false, aggvariadic: false, aggkind: 110 'n', agglevelsup: 0, aggsplit: AGGSPLIT_SIMPLE, location: 23} = {
        aggargtypes = OidList with 1 elements = {23},
        args = List with 1 elements = {
          0 = TargetEntry {resno: 1, resname: 0x0, ressortgroupref: 0, resorigtbl: 0, resorigcol: 0, resjunk: false} = {
            expr = CaseExpr {casetype: 23, casecollid: 0, location: 27} = {
              args = List with 1 elements = {
                0 = CaseWhen location: 36 = {
                  expr = BoolExpr {boolop: OR_EXPR, location: -1} = {
                    args = List with 2 elements = {
                      0 = OpExpr {opno: 1054, opfuncid: 1048, opresulttype: 16, opretset: false, opcollid: 0, inputcollid: 100, location: 57} = {
                        args = List with 2 elements = {
                          0 = Var {varno: 1, varattno: 6, vartype: 1042, vartypmod: 19, varcollid: 100, varlevelsup: 0, varnosyn: 1, varattnosyn: 6, location: 41},
                          1 = Const {consttype: 1042, consttypmod: -1, constcollid: 100, constlen: -1, constvalue: 94501922239048, constisnull: false, constbyval: false, location: 59}
                        }
                      },
                      1 = OpExpr {opno: 1054, opfuncid: 1048, opresulttype: 16, opretset: false, opcollid: 0, inputcollid: 100, location: 95} = {
                        args = List with 2 elements = {
                          0 = Var {varno: 1, varattno: 6, vartype: 1042, vartypmod: 19, varcollid: 100, varlevelsup: 0, varnosyn: 1, varattnosyn: 6, location: 79},
                          1 = Const {consttype: 1042, consttypmod: -1, constcollid: 100, constlen: -1, constvalue: 94501922239616, constisnull: false, constbyval: false, location: 97}
                        }
                      }
                    }
                  },
                  result = Const {consttype: 23, consttypmod: -1, constcollid: 0, constlen: 4, constvalue: 1, constisnull: false, constbyval: true, location: 117}
                }
              },
              defresult = Const {consttype: 23, consttypmod: -1, constcollid: 0, constlen: 4, constvalue: 0, constisnull: false, constbyval: true, location: 128}
            }
          }
        }
      },
      2 = Aggref {aggfnoid: 2108, aggtype: 20, aggcollid: 0, inputcollid: 0, aggtranstype: 20, aggtrantype: 0, agghas_collectfn: false, rank_first: false, aggstar: false, aggvariadic: false, aggkind: 110 'n', agglevelsup: 0, aggsplit: AGGSPLIT_SIMPLE, location: 159} = {
        aggargtypes = OidList with 1 elements = {23},
        args = List with 1 elements = {
          0 = TargetEntry {resno: 1, resname: 0x0, ressortgroupref: 0, resorigtbl: 0, resorigcol: 0, resjunk: false} = {
            expr = CaseExpr {casetype: 23, casecollid: 0, location: 163} = {
              args = List with 1 elements = {
                0 = CaseWhen location: 172 = {
                  expr = BoolExpr {boolop: AND_EXPR, location: -1} = {
                    args = List with 2 elements = {
                      0 = OpExpr {opno: 1057, opfuncid: 1053, opresulttype: 16, opretset: false, opcollid: 0, inputcollid: 100, location: 193} = {
                        args = List with 2 elements = {
                          0 = Var {varno: 1, varattno: 6, vartype: 1042, vartypmod: 19, varcollid: 100, varlevelsup: 0, varnosyn: 1, varattnosyn: 6, location: 177},
                          1 = Const {consttype: 1042, consttypmod: -1, constcollid: 100, constlen: -1, constvalue: 94501922241944, constisnull: false, constbyval: false, location: 196}
                        }
                      },
                      1 = OpExpr {opno: 1057, opfuncid: 1053, opresulttype: 16, opretset: false, opcollid: 0, inputcollid: 100, location: 233} = {
                        args = List with 2 elements = {
                          0 = Var {varno: 1, varattno: 6, vartype: 1042, vartypmod: 19, varcollid: 100, varlevelsup: 0, varnosyn: 1, varattnosyn: 6, location: 217},
                          1 = Const {consttype: 1042, consttypmod: -1, constcollid: 100, constlen: -1, constvalue: 94501922242512, constisnull: false, constbyval: false, location: 236}
                        }
                      }
                    }
                  },
                  result = Const {consttype: 23, consttypmod: -1, constcollid: 0, constlen: 4, constvalue: 1, constisnull: false, constbyval: true, location: 256}
                }
              },
              defresult = Const {consttype: 23, consttypmod: -1, constcollid: 0, constlen: 4, constvalue: 0, constisnull: false, constbyval: true, location: 267}
            }
          }
        }
      }
    },
    as_loc_list = IntList with 3 elements = {-1, 140, 279},
    expr_loc_list = IntList with 3 elements = {9, 23, 159},
    expr_len_list = IntList with 3 elements = {-1, 114, 117},
    expr_type_list = IntList with 3 elements = {398, 405, 405}
  },
  path.pathkeys = List with 1 elements = {
    0 = PathKey {pk_opfamily: 426, pk_strategy: 1, pk_nulls_first: false} = {
      pk_eclass = EquivalenceClass {ec_collation: 100, ec_relids: (b 2), ec_has_const: false, ec_has_volatile: false, ec_broken: false, ec_sortref: 1, ec_min_security: 4294967295, ec_max_security: 0} = {
        ec_opfamilies = OidList with 2 elements = {426, 2097},
        ec_members = List with 1 elements = {
          0 = EquivalenceMember {em_relids: (b 2), em_is_const: false, em_is_child: false, em_datatype: 1042} = {
            em_expr = Var {varno: 2, varattno: 15, vartype: 1042, vartypmod: 14, varcollid: 100, varlevelsup: 0, varnosyn: 2, varattnosyn: 15, location: 9}
          }
        }
      }
    }
  },
  subpath = ClusterMergeGatherPath T_ClusterMergeGather (cost=26.95..26.98 rows=3 parallel_aware=False parallel_safe=False parallel_workers=0)  = {
    path.parent = (b),
    path.pathtarget = PathTarget {cost: (0.00..0.00), width: 60} = {
      sortgrouprefs = [1, 0, 0],
      exprs = List with 3 elements = {
        0 = Var {varno: 2, varattno: 15, vartype: 1042, vartypmod: 14, varcollid: 100, varlevelsup: 0, varnosyn: 2, varattnosyn: 15, location: 9},
        1 = Aggref {aggfnoid: 2108, aggtype: 20, aggcollid: 0, inputcollid: 0, aggtranstype: 20, aggtrantype: 0, agghas_collectfn: false, rank_first: false, aggstar: false, aggvariadic: false, aggkind: 110 'n', agglevelsup: 0, aggsplit: AGGSPLIT_SIMPLE, location: 23} = {
          aggargtypes = OidList with 1 elements = {23},
          args = List with 1 elements = {
            0 = TargetEntry {resno: 1, resname: 0x0, ressortgroupref: 0, resorigtbl: 0, resorigcol: 0, resjunk: false} = {
              expr = CaseExpr {casetype: 23, casecollid: 0, location: 27} = {
                args = List with 1 elements = {
                  0 = CaseWhen location: 36 = {
                    expr = BoolExpr {boolop: OR_EXPR, location: -1} = {
                      args = List with 2 elements = {
                        0 = OpExpr {opno: 1054, opfuncid: 1048, opresulttype: 16, opretset: false, opcollid: 0, inputcollid: 100, location: 57} = {
                          args = List with 2 elements = {
                            0 = Var {varno: 1, varattno: 6, vartype: 1042, vartypmod: 19, varcollid: 100, varlevelsup: 0, varnosyn: 1, varattnosyn: 6, location: 41},
                            1 = Const {consttype: 1042, consttypmod: -1, constcollid: 100, constlen: -1, constvalue: 94501922239048, constisnull: false, constbyval: false, location: 59}
                          }
                        },
                        1 = OpExpr {opno: 1054, opfuncid: 1048, opresulttype: 16, opretset: false, opcollid: 0, inputcollid: 100, location: 95} = {
                          args = List with 2 elements = {
                            0 = Var {varno: 1, varattno: 6, vartype: 1042, vartypmod: 19, varcollid: 100, varlevelsup: 0, varnosyn: 1, varattnosyn: 6, location: 79},
                            1 = Const {consttype: 1042, consttypmod: -1, constcollid: 100, constlen: -1, constvalue: 94501922239616, constisnull: false, constbyval: false, location: 97}
                          }
                        }
                      }
                    },
                    result = Const {consttype: 23, consttypmod: -1, constcollid: 0, constlen: 4, constvalue: 1, constisnull: false, constbyval: true, location: 117}
                  }
                },
                defresult = Const {consttype: 23, consttypmod: -1, constcollid: 0, constlen: 4, constvalue: 0, constisnull: false, constbyval: true, location: 128}
              }
            }
          }
        },
        2 = Aggref {aggfnoid: 2108, aggtype: 20, aggcollid: 0, inputcollid: 0, aggtranstype: 20, aggtrantype: 0, agghas_collectfn: false, rank_first: false, aggstar: false, aggvariadic: false, aggkind: 110 'n', agglevelsup: 0, aggsplit: AGGSPLIT_SIMPLE, location: 159} = {
          aggargtypes = OidList with 1 elements = {23},
          args = List with 1 elements = {
            0 = TargetEntry {resno: 1, resname: 0x0, ressortgroupref: 0, resorigtbl: 0, resorigcol: 0, resjunk: false} = {
              expr = CaseExpr {casetype: 23, casecollid: 0, location: 163} = {
                args = List with 1 elements = {
                  0 = CaseWhen location: 172 = {
                    expr = BoolExpr {boolop: AND_EXPR, location: -1} = {
                      args = List with 2 elements = {
                        0 = OpExpr {opno: 1057, opfuncid: 1053, opresulttype: 16, opretset: false, opcollid: 0, inputcollid: 100, location: 193} = {
                          args = List with 2 elements = {
                            0 = Var {varno: 1, varattno: 6, vartype: 1042, vartypmod: 19, varcollid: 100, varlevelsup: 0, varnosyn: 1, varattnosyn: 6, location: 177},
                            1 = Const {consttype: 1042, consttypmod: -1, constcollid: 100, constlen: -1, constvalue: 94501922241944, constisnull: false, constbyval: false, location: 196}
                          }
                        },
                        1 = OpExpr {opno: 1057, opfuncid: 1053, opresulttype: 16, opretset: false, opcollid: 0, inputcollid: 100, location: 233} = {
                          args = List with 2 elements = {
                            0 = Var {varno: 1, varattno: 6, vartype: 1042, vartypmod: 19, varcollid: 100, varlevelsup: 0, varnosyn: 1, varattnosyn: 6, location: 217},
                            1 = Const {consttype: 1042, consttypmod: -1, constcollid: 100, constlen: -1, constvalue: 94501922242512, constisnull: false, constbyval: false, location: 236}
                          }
                        }
                      }
                    },
                    result = Const {consttype: 23, consttypmod: -1, constcollid: 0, constlen: 4, constvalue: 1, constisnull: false, constbyval: true, location: 256}
                  }
                },
                defresult = Const {consttype: 23, consttypmod: -1, constcollid: 0, constlen: 4, constvalue: 0, constisnull: false, constbyval: true, location: 267}
              }
            }
          }
        }
      },
      as_loc_list = IntList with 3 elements = {-1, 140, 279},
      expr_loc_list = IntList with 3 elements = {9, 23, 159},
      expr_len_list = IntList with 3 elements = {-1, 114, 117},
      expr_type_list = IntList with 3 elements = {398, 405, 405}
    },
    path.pathkeys = List with 1 elements = {
      0 = PathKey {pk_opfamily: 426, pk_strategy: 1, pk_nulls_first: false} = {
        pk_eclass = EquivalenceClass {ec_collation: 100, ec_relids: (b 2), ec_has_const: false, ec_has_volatile: false, ec_broken: false, ec_sortref: 1, ec_min_security: 4294967295, ec_max_security: 0} = {
          ec_opfamilies = OidList with 2 elements = {426, 2097},
          ec_members = List with 1 elements = {
            0 = EquivalenceMember {em_relids: (b 2), em_is_const: false, em_is_child: false, em_datatype: 1042} = {
              em_expr = Var {varno: 2, varattno: 15, vartype: 1042, vartypmod: 14, varcollid: 100, varlevelsup: 0, varnosyn: 2, varattnosyn: 15, location: 9}
            }
          }
        }
      }
    },
    subpath = AggPath T_Agg (cost=26.89..26.92 rows=1 parallel_aware=False parallel_safe=True parallel_workers=0) {aggstrategy: AGG_SORTED, aggsplit: AGGSPLIT_INITIAL_SERIAL, numGroups: 1, transitionSpace: 0} = {
      path.parent = (b),
      path.pathtarget = PathTarget {cost: (0.00..0.00), width: 60} = {
        sortgrouprefs = [1, 0, 0],
        exprs = List with 3 elements = {
          0 = Var {varno: 2, varattno: 15, vartype: 1042, vartypmod: 14, varcollid: 100, varlevelsup: 0, varnosyn: 2, varattnosyn: 15, location: 9},
          1 = Aggref {aggfnoid: 2108, aggtype: 20, aggcollid: 0, inputcollid: 0, aggtranstype: 20, aggtrantype: 0, agghas_collectfn: false, rank_first: false, aggstar: false, aggvariadic: false, aggkind: 110 'n', agglevelsup: 0, aggsplit: AGGSPLIT_INITIAL_SERIAL, location: 23} = {
            aggargtypes = OidList with 1 elements = {23},
            args = List with 1 elements = {
              0 = TargetEntry {resno: 1, resname: 0x0, ressortgroupref: 0, resorigtbl: 0, resorigcol: 0, resjunk: false} = {
                expr = CaseExpr {casetype: 23, casecollid: 0, location: 27} = {
                  args = List with 1 elements = {
                    0 = CaseWhen location: 36 = {
                      expr = BoolExpr {boolop: OR_EXPR, location: -1} = {
                        args = List with 2 elements = {
                          0 = OpExpr {opno: 1054, opfuncid: 1048, opresulttype: 16, opretset: false, opcollid: 0, inputcollid: 100, location: 57} = {
                            args = List with 2 elements = {
                              0 = Var {varno: 1, varattno: 6, vartype: 1042, vartypmod: 19, varcollid: 100, varlevelsup: 0, varnosyn: 1, varattnosyn: 6, location: 41},
                              1 = Const {consttype: 1042, consttypmod: -1, constcollid: 100, constlen: -1, constvalue: 94501922239048, constisnull: false, constbyval: false, location: 59}
                            }
                          },
                          1 = OpExpr {opno: 1054, opfuncid: 1048, opresulttype: 16, opretset: false, opcollid: 0, inputcollid: 100, location: 95} = {
                            args = List with 2 elements = {
                              0 = Var {varno: 1, varattno: 6, vartype: 1042, vartypmod: 19, varcollid: 100, varlevelsup: 0, varnosyn: 1, varattnosyn: 6, location: 79},
                              1 = Const {consttype: 1042, consttypmod: -1, constcollid: 100, constlen: -1, constvalue: 94501922239616, constisnull: false, constbyval: false, location: 97}
                            }
                          }
                        }
                      },
                      result = Const {consttype: 23, consttypmod: -1, constcollid: 0, constlen: 4, constvalue: 1, constisnull: false, constbyval: true, location: 117}
                    }
                  },
                  defresult = Const {consttype: 23, consttypmod: -1, constcollid: 0, constlen: 4, constvalue: 0, constisnull: false, constbyval: true, location: 128}
                }
              }
            }
          },
          2 = Aggref {aggfnoid: 2108, aggtype: 20, aggcollid: 0, inputcollid: 0, aggtranstype: 20, aggtrantype: 0, agghas_collectfn: false, rank_first: false, aggstar: false, aggvariadic: false, aggkind: 110 'n', agglevelsup: 0, aggsplit: AGGSPLIT_INITIAL_SERIAL, location: 159} = {
            aggargtypes = OidList with 1 elements = {23},
            args = List with 1 elements = {
              0 = TargetEntry {resno: 1, resname: 0x0, ressortgroupref: 0, resorigtbl: 0, resorigcol: 0, resjunk: false} = {
                expr = CaseExpr {casetype: 23, casecollid: 0, location: 163} = {
                  args = List with 1 elements = {
                    0 = CaseWhen location: 172 = {
                      expr = BoolExpr {boolop: AND_EXPR, location: -1} = {
                        args = List with 2 elements = {
                          0 = OpExpr {opno: 1057, opfuncid: 1053, opresulttype: 16, opretset: false, opcollid: 0, inputcollid: 100, location: 193} = {
                            args = List with 2 elements = {
                              0 = Var {varno: 1, varattno: 6, vartype: 1042, vartypmod: 19, varcollid: 100, varlevelsup: 0, varnosyn: 1, varattnosyn: 6, location: 177},
                              1 = Const {consttype: 1042, consttypmod: -1, constcollid: 100, constlen: -1, constvalue: 94501922241944, constisnull: false, constbyval: false, location: 196}
                            }
                          },
                          1 = OpExpr {opno: 1057, opfuncid: 1053, opresulttype: 16, opretset: false, opcollid: 0, inputcollid: 100, location: 233} = {
                            args = List with 2 elements = {
                              0 = Var {varno: 1, varattno: 6, vartype: 1042, vartypmod: 19, varcollid: 100, varlevelsup: 0, varnosyn: 1, varattnosyn: 6, location: 217},
                              1 = Const {consttype: 1042, consttypmod: -1, constcollid: 100, constlen: -1, constvalue: 94501922242512, constisnull: false, constbyval: false, location: 236}
                            }
                          }
                        }
                      },
                      result = Const {consttype: 23, consttypmod: -1, constcollid: 0, constlen: 4, constvalue: 1, constisnull: false, constbyval: true, location: 256}
                    }
                  },
                  defresult = Const {consttype: 23, consttypmod: -1, constcollid: 0, constlen: 4, constvalue: 0, constisnull: false, constbyval: true, location: 267}
                }
              }
            }
          }
        }
      },
      path.pathkeys = List with 1 elements = {
        0 = PathKey {pk_opfamily: 426, pk_strategy: 1, pk_nulls_first: false} = {
          pk_eclass = EquivalenceClass {ec_collation: 100, ec_relids: (b 2), ec_has_const: false, ec_has_volatile: false, ec_broken: false, ec_sortref: 1, ec_min_security: 4294967295, ec_max_security: 0} = {
            ec_opfamilies = OidList with 2 elements = {426, 2097},
            ec_members = List with 1 elements = {
              0 = EquivalenceMember {em_relids: (b 2), em_is_const: false, em_is_child: false, em_datatype: 1042} = {
                em_expr = Var {varno: 2, varattno: 15, vartype: 1042, vartypmod: 14, varcollid: 100, varlevelsup: 0, varnosyn: 2, varattnosyn: 15, location: 9}
              }
            }
          }
        }
      },
      subpath = SortPath T_Sort (cost=26.89..26.90 rows=0 parallel_aware=False parallel_safe=True parallel_workers=0)  = {
        path.parent = (b),
        path.pathtarget = PathTarget {cost: (0.00..0.00), width: 108} = {
          sortgrouprefs = [1, 0],
          exprs = List with 2 elements = {
            0 = Var {varno: 2, varattno: 15, vartype: 1042, vartypmod: 14, varcollid: 100, varlevelsup: 0, varnosyn: 2, varattnosyn: 15, location: 9},
            1 = Var {varno: 1, varattno: 6, vartype: 1042, vartypmod: 19, varcollid: 100, varlevelsup: 0, varnosyn: 1, varattnosyn: 6, location: 41}
          }
        },
        path.pathkeys = List with 1 elements = {
          0 = PathKey {pk_opfamily: 426, pk_strategy: 1, pk_nulls_first: false} = {
            pk_eclass = EquivalenceClass {ec_collation: 100, ec_relids: (b 2), ec_has_const: false, ec_has_volatile: false, ec_broken: false, ec_sortref: 1, ec_min_security: 4294967295, ec_max_security: 0} = {
              ec_opfamilies = OidList with 2 elements = {426, 2097},
              ec_members = List with 1 elements = {
                0 = EquivalenceMember {em_relids: (b 2), em_is_const: false, em_is_child: false, em_datatype: 1042} = {
                  em_expr = Var {varno: 2, varattno: 15, vartype: 1042, vartypmod: 14, varcollid: 100, varlevelsup: 0, varnosyn: 2, varattnosyn: 15, location: 9}
                }
              }
            }
          }
        },
        subpath = ProjectionPath T_Result (cost=14.51..26.88 rows=0 parallel_aware=False parallel_safe=True parallel_workers=0) dummypp: true = {
          path.parent = (b 1 2),
          path.pathtarget = PathTarget {cost: (0.00..0.00), width: 108} = {
            sortgrouprefs = [1, 0],
            exprs = List with 2 elements = {
              0 = Var {varno: 2, varattno: 15, vartype: 1042, vartypmod: 14, varcollid: 100, varlevelsup: 0, varnosyn: 2, varattnosyn: 15, location: 9},
              1 = Var {varno: 1, varattno: 6, vartype: 1042, vartypmod: 19, varcollid: 100, varlevelsup: 0, varnosyn: 1, varattnosyn: 6, location: 41}
            }
          },
          subpath = HashPath T_HashJoin (cost=14.51..26.88 rows=0 parallel_aware=False parallel_safe=True parallel_workers=0) {num_batches: 1, inner_rows_total: 1} = {
            jpath.path.parent = (b 1 2),
            jpath.path.pathtarget = PathTarget {cost: (0.00..0.00), width: 108} = {
              exprs = List with 2 elements = {
                0 = Var {varno: 1, varattno: 6, vartype: 1042, vartypmod: 19, varcollid: 100, varlevelsup: 0, varnosyn: 1, varattnosyn: 6, location: 41},
                1 = Var {varno: 2, varattno: 15, vartype: 1042, vartypmod: 14, varcollid: 100, varlevelsup: 0, varnosyn: 2, varattnosyn: 15, location: 9}
              }
            },
            jpath.outerjoinpath = T_SeqScan (cost=0.00..12.10 rows=70 parallel_aware=False parallel_safe=True parallel_workers=0) = {
              parent = (b 1),
              pathtarget = PathTarget {cost: (0.00..0.00), width: 68} = {
                exprs = List with 2 elements = {
                  0 = Var {varno: 1, varattno: 6, vartype: 1042, vartypmod: 19, varcollid: 100, varlevelsup: 0, varnosyn: 1, varattnosyn: 6, location: 41},
                  1 = Var {varno: 1, varattno: 1, vartype: 23, vartypmod: -1, varcollid: 0, varlevelsup: 0, varnosyn: 1, varattnosyn: 1, location: 328}
                }
              }
            },
            jpath.innerjoinpath = T_SeqScan (cost=0.00..14.50 rows=1 parallel_aware=False parallel_safe=True parallel_workers=0) = {
              parent = (b 2),
              pathtarget = PathTarget {cost: (0.00..0.00), width: 48} = {
                exprs = List with 2 elements = {
                  0 = Var {varno: 2, varattno: 15, vartype: 1042, vartypmod: 14, varcollid: 100, varlevelsup: 0, varnosyn: 2, varattnosyn: 15, location: 9},
                  1 = Var {varno: 2, varattno: 1, vartype: 23, vartypmod: -1, varcollid: 0, varlevelsup: 0, varnosyn: 2, varattnosyn: 1, location: 341}
                }
              }
            },
            jpath.joinrestrictinfo = List with 1 elements = {
              0 = RestrictInfo {is_pushed_down: true, outerjoin_delayed: false, can_join: true, pseudoconstant: false, leakproof: false, security_level: 0, clause_relids: (b 1 2), required_relids: (b 1 2), outer_relids: (b), nullable_relids: (b), left_relids: (b 1), right_relids: (b 2), eval_cost: (0.00..0.00), norm_selec: 0.0050, outer_selec: -1.0000, outer_is_left: false, hashjoinoperator: 96, left_bucketsize: 0.1000, right_bucketsize: 0.1000, left_mcvfreq: 0.0000, right_mcvfreq: 0.0000} = {
                clause = OpExpr {opno: 96, opfuncid: 65, opresulttype: 16, opretset: false, opcollid: 0, inputcollid: 0, location: -1} = {
                  args = List with 2 elements = {
                    0 = Var {varno: 1, varattno: 1, vartype: 23, vartypmod: -1, varcollid: 0, varlevelsup: 0, varnosyn: 1, varattnosyn: 1, location: 328},
                    1 = Var {varno: 2, varattno: 1, vartype: 23, vartypmod: -1, varcollid: 0, varlevelsup: 0, varnosyn: 2, varattnosyn: 1, location: 341}
                  }
                },
                mergeopfamilies = OidList with 1 elements = {1976},
                left_em = EquivalenceMember {em_relids: (b 1), em_is_const: false, em_is_child: false, em_datatype: 23} = {
                  em_expr = Var {varno: 1, varattno: 1, vartype: 23, vartypmod: -1, varcollid: 0, varlevelsup: 0, varnosyn: 1, varattnosyn: 1, location: 328}
                },
                right_em = EquivalenceMember {em_relids: (b 2), em_is_const: false, em_is_child: false, em_datatype: 23} = {
                  em_expr = Var {varno: 2, varattno: 1, vartype: 23, vartypmod: -1, varcollid: 0, varlevelsup: 0, varnosyn: 2, varattnosyn: 1, location: 341}
                }
              }
            },
            path_hashclauses = List with 1 elements = {
              0 = RestrictInfo {is_pushed_down: true, outerjoin_delayed: false, can_join: true, pseudoconstant: false, leakproof: false, security_level: 0, clause_relids: (b 1 2), required_relids: (b 1 2), outer_relids: (b), nullable_relids: (b), left_relids: (b 1), right_relids: (b 2), eval_cost: (0.00..0.00), norm_selec: 0.0050, outer_selec: -1.0000, outer_is_left: false, hashjoinoperator: 96, left_bucketsize: 0.1000, right_bucketsize: 0.1000, left_mcvfreq: 0.0000, right_mcvfreq: 0.0000} = {
                clause = OpExpr {opno: 96, opfuncid: 65, opresulttype: 16, opretset: false, opcollid: 0, inputcollid: 0, location: -1} = {
                  args = List with 2 elements = {
                    0 = Var {varno: 1, varattno: 1, vartype: 23, vartypmod: -1, varcollid: 0, varlevelsup: 0, varnosyn: 1, varattnosyn: 1, location: 328},
                    1 = Var {varno: 2, varattno: 1, vartype: 23, vartypmod: -1, varcollid: 0, varlevelsup: 0, varnosyn: 2, varattnosyn: 1, location: 341}
                  }
                },
                mergeopfamilies = OidList with 1 elements = {1976},
                left_em = EquivalenceMember {em_relids: (b 1), em_is_const: false, em_is_child: false, em_datatype: 23} = {
                  em_expr = Var {varno: 1, varattno: 1, vartype: 23, vartypmod: -1, varcollid: 0, varlevelsup: 0, varnosyn: 1, varattnosyn: 1, location: 328}
                },
                right_em = EquivalenceMember {em_relids: (b 2), em_is_const: false, em_is_child: false, em_datatype: 23} = {
                  em_expr = Var {varno: 2, varattno: 1, vartype: 23, vartypmod: -1, varcollid: 0, varlevelsup: 0, varnosyn: 2, varattnosyn: 1, location: 341}
                }
              }
            }
          }
        }
      },
      groupClause = List with 1 elements = {
        0 = SortGroupClause {tleSortGroupRef: 1, eqop: 1054, sortop: 1058, nulls_first: false, hashable: true}
      }
    },
    rnodes = OidList with 3 elements = {16386, 16387, 16388}
  },
  groupClause = List with 1 elements = {
    0 = SortGroupClause {tleSortGroupRef: 1, eqop: 1054, sortop: 1058, nulls_first: false, hashable: true}
  }
}

Breakpoint 2, standard_planner (parse=0x55f2f17af810, query_string=0x55f2f1676670 "select\n  l_shipmode,\n  sum(case\n    when o_orderpriority = '1-URGENT'\n      or o_orderpriority = '2-HIGH'\n      then 1\n    else 0\n  end) as high_line_count,\n  sum(case\n    when o_orderpriority <> '1-U"..., cursorOptions=33024, boundParams=0x0) at /workspaces/AntDB/src/backend/optimizer/plan/planner.c:761
761		result->commandType = parse->commandType;
$36 = Agg (cost=26.95..27.01 rows=1 width=60 plan_id=0 parallel_aware=False parallel_safe = False) {aggstrategy: AGG_SORTED, aggsplit: AGGSPLIT_FINAL_DESERIAL, numCols: 1, numGroups: 1, transitionSpace: 0, aggParams: 0x0} = {
  grpColIdx = [1],
  grpOperators = [1054],
  grpCollations = [100],
  plan.targetlist = List with 3 elements = {
    0 = TargetEntry {resno: 1, resname: 'l_shipmode', ressortgroupref: 1, resorigtbl: 270678, resorigcol: 15, resjunk: false} = {
      expr = Var {varno: 65001, varattno: 1, vartype: 1042, vartypmod: 14, varcollid: 100, varlevelsup: 0, varnosyn: 0, varattnosyn: 0, location: -1}
    },
    1 = TargetEntry {resno: 2, resname: 'high_line_count', ressortgroupref: 0, resorigtbl: 0, resorigcol: 0, resjunk: false} = {
      expr = Aggref {aggfnoid: 2108, aggtype: 20, aggcollid: 0, inputcollid: 0, aggtranstype: 20, aggtrantype: 0, agghas_collectfn: false, rank_first: false, aggstar: false, aggvariadic: false, aggkind: 110 'n', agglevelsup: 0, aggsplit: AGGSPLIT_FINAL_DESERIAL, location: 23} = {
        aggargtypes = OidList with 1 elements = {23},
        args = List with 1 elements = {
          0 = TargetEntry {resno: 1, resname: 0x0, ressortgroupref: 0, resorigtbl: 0, resorigcol: 0, resjunk: false} = {
            expr = Var {varno: 65001, varattno: 2, vartype: 20, vartypmod: -1, varcollid: 0, varlevelsup: 0, varnosyn: 0, varattnosyn: 0, location: -1}
          }
        }
      }
    },
    2 = TargetEntry {resno: 3, resname: 'low_line_count', ressortgroupref: 0, resorigtbl: 0, resorigcol: 0, resjunk: false} = {
      expr = Aggref {aggfnoid: 2108, aggtype: 20, aggcollid: 0, inputcollid: 0, aggtranstype: 20, aggtrantype: 0, agghas_collectfn: false, rank_first: false, aggstar: false, aggvariadic: false, aggkind: 110 'n', agglevelsup: 0, aggsplit: AGGSPLIT_FINAL_DESERIAL, location: 159} = {
        aggargtypes = OidList with 1 elements = {23},
        args = List with 1 elements = {
          0 = TargetEntry {resno: 1, resname: 0x0, ressortgroupref: 0, resorigtbl: 0, resorigcol: 0, resjunk: false} = {
            expr = Var {varno: 65001, varattno: 3, vartype: 20, vartypmod: -1, varcollid: 0, varlevelsup: 0, varnosyn: 0, varattnosyn: 0, location: -1}
          }
        }
      }
    }
  },
  plan.lefttree = ClusterMergeGather (cost=26.95..26.98 rows=3 width=60 plan_id=1 parallel_aware=False parallel_safe = False) {gatherType: CLUSTER_GATHER_DATANODE, numCols: 1} = {
    sortColIdx = [1],
    sortOperators = [1058],
    collations = [100],
    nullsFirst = [False],
    plan.targetlist = List with 3 elements = {
      0 = TargetEntry {resno: 1, resname: 0x0, ressortgroupref: 1, resorigtbl: 0, resorigcol: 0, resjunk: false} = {
        expr = Var {varno: 65001, varattno: 1, vartype: 1042, vartypmod: 14, varcollid: 100, varlevelsup: 0, varnosyn: 2, varattnosyn: 15, location: -1}
      },
      1 = TargetEntry {resno: 2, resname: 0x0, ressortgroupref: 0, resorigtbl: 0, resorigcol: 0, resjunk: false} = {
        expr = Var {varno: 65001, varattno: 2, vartype: 20, vartypmod: -1, varcollid: 0, varlevelsup: 0, varnosyn: 0, varattnosyn: 0, location: -1}
      },
      2 = TargetEntry {resno: 3, resname: 0x0, ressortgroupref: 0, resorigtbl: 0, resorigcol: 0, resjunk: false} = {
        expr = Var {varno: 65001, varattno: 3, vartype: 20, vartypmod: -1, varcollid: 0, varlevelsup: 0, varnosyn: 0, varattnosyn: 0, location: -1}
      }
    },
    plan.lefttree = Agg (cost=26.89..26.92 rows=1 width=60 plan_id=2 parallel_aware=False parallel_safe = True) {aggstrategy: AGG_SORTED, aggsplit: AGGSPLIT_INITIAL_SERIAL, numCols: 1, numGroups: 1, transitionSpace: 0, aggParams: 0x0} = {
      grpColIdx = [1],
      grpOperators = [1054],
      grpCollations = [100],
      plan.targetlist = List with 3 elements = {
        0 = TargetEntry {resno: 1, resname: 0x0, ressortgroupref: 1, resorigtbl: 0, resorigcol: 0, resjunk: false} = {
          expr = Var {varno: 65001, varattno: 1, vartype: 1042, vartypmod: 14, varcollid: 100, varlevelsup: 0, varnosyn: 0, varattnosyn: 0, location: -1}
        },
        1 = TargetEntry {resno: 2, resname: 0x0, ressortgroupref: 0, resorigtbl: 0, resorigcol: 0, resjunk: false} = {
          expr = Aggref {aggfnoid: 2108, aggtype: 20, aggcollid: 0, inputcollid: 0, aggtranstype: 20, aggtrantype: 0, agghas_collectfn: false, rank_first: false, aggstar: false, aggvariadic: false, aggkind: 110 'n', agglevelsup: 0, aggsplit: AGGSPLIT_INITIAL_SERIAL, location: 23} = {
            aggargtypes = OidList with 1 elements = {23},
            args = List with 1 elements = {
              0 = TargetEntry {resno: 1, resname: 0x0, ressortgroupref: 0, resorigtbl: 0, resorigcol: 0, resjunk: false} = {
                expr = CaseExpr {casetype: 23, casecollid: 0, location: 27} = {
                  args = List with 1 elements = {
                    0 = CaseWhen location: 36 = {
                      expr = BoolExpr {boolop: OR_EXPR, location: -1} = {
                        args = List with 2 elements = {
                          0 = OpExpr {opno: 1054, opfuncid: 1048, opresulttype: 16, opretset: false, opcollid: 0, inputcollid: 100, location: 57} = {
                            args = List with 2 elements = {
                              0 = Var {varno: 65001, varattno: 2, vartype: 1042, vartypmod: 19, varcollid: 100, varlevelsup: 0, varnosyn: 1, varattnosyn: 6, location: 41},
                              1 = Const {consttype: 1042, consttypmod: -1, constcollid: 100, constlen: -1, constvalue: 94501922239048, constisnull: false, constbyval: false, location: 59}
                            }
                          },
                          1 = OpExpr {opno: 1054, opfuncid: 1048, opresulttype: 16, opretset: false, opcollid: 0, inputcollid: 100, location: 95} = {
                            args = List with 2 elements = {
                              0 = Var {varno: 65001, varattno: 2, vartype: 1042, vartypmod: 19, varcollid: 100, varlevelsup: 0, varnosyn: 1, varattnosyn: 6, location: 79},
                              1 = Const {consttype: 1042, consttypmod: -1, constcollid: 100, constlen: -1, constvalue: 94501922239616, constisnull: false, constbyval: false, location: 97}
                            }
                          }
                        }
                      },
                      result = Const {consttype: 23, consttypmod: -1, constcollid: 0, constlen: 4, constvalue: 1, constisnull: false, constbyval: true, location: 117}
                    }
                  },
                  defresult = Const {consttype: 23, consttypmod: -1, constcollid: 0, constlen: 4, constvalue: 0, constisnull: false, constbyval: true, location: 128}
                }
              }
            }
          }
        },
        2 = TargetEntry {resno: 3, resname: 0x0, ressortgroupref: 0, resorigtbl: 0, resorigcol: 0, resjunk: false} = {
          expr = Aggref {aggfnoid: 2108, aggtype: 20, aggcollid: 0, inputcollid: 0, aggtranstype: 20, aggtrantype: 0, agghas_collectfn: false, rank_first: false, aggstar: false, aggvariadic: false, aggkind: 110 'n', agglevelsup: 0, aggsplit: AGGSPLIT_INITIAL_SERIAL, location: 159} = {
            aggargtypes = OidList with 1 elements = {23},
            args = List with 1 elements = {
              0 = TargetEntry {resno: 1, resname: 0x0, ressortgroupref: 0, resorigtbl: 0, resorigcol: 0, resjunk: false} = {
                expr = CaseExpr {casetype: 23, casecollid: 0, location: 163} = {
                  args = List with 1 elements = {
                    0 = CaseWhen location: 172 = {
                      expr = BoolExpr {boolop: AND_EXPR, location: -1} = {
                        args = List with 2 elements = {
                          0 = OpExpr {opno: 1057, opfuncid: 1053, opresulttype: 16, opretset: false, opcollid: 0, inputcollid: 100, location: 193} = {
                            args = List with 2 elements = {
                              0 = Var {varno: 65001, varattno: 2, vartype: 1042, vartypmod: 19, varcollid: 100, varlevelsup: 0, varnosyn: 1, varattnosyn: 6, location: 177},
                              1 = Const {consttype: 1042, consttypmod: -1, constcollid: 100, constlen: -1, constvalue: 94501922241944, constisnull: false, constbyval: false, location: 196}
                            }
                          },
                          1 = OpExpr {opno: 1057, opfuncid: 1053, opresulttype: 16, opretset: false, opcollid: 0, inputcollid: 100, location: 233} = {
                            args = List with 2 elements = {
                              0 = Var {varno: 65001, varattno: 2, vartype: 1042, vartypmod: 19, varcollid: 100, varlevelsup: 0, varnosyn: 1, varattnosyn: 6, location: 217},
                              1 = Const {consttype: 1042, consttypmod: -1, constcollid: 100, constlen: -1, constvalue: 94501922242512, constisnull: false, constbyval: false, location: 236}
                            }
                          }
                        }
                      },
                      result = Const {consttype: 23, consttypmod: -1, constcollid: 0, constlen: 4, constvalue: 1, constisnull: false, constbyval: true, location: 256}
                    }
                  },
                  defresult = Const {consttype: 23, consttypmod: -1, constcollid: 0, constlen: 4, constvalue: 0, constisnull: false, constbyval: true, location: 267}
                }
              }
            }
          }
        }
      },
      plan.lefttree = Sort (cost=26.89..26.90 rows=0 width=108 plan_id=3 parallel_aware=False parallel_safe = True) numCols: 1 = {
        sortColIdx = [1],
        sortOperators = [1058],
        collations = [100],
        nullsFirst = [False],
        plan.targetlist = List with 2 elements = {
          0 = TargetEntry {resno: 1, resname: 0x0, ressortgroupref: 1, resorigtbl: 0, resorigcol: 0, resjunk: false} = {
            expr = Var {varno: 65001, varattno: 1, vartype: 1042, vartypmod: 14, varcollid: 100, varlevelsup: 0, varnosyn: 2, varattnosyn: 15, location: -1}
          },
          1 = TargetEntry {resno: 2, resname: 0x0, ressortgroupref: 0, resorigtbl: 0, resorigcol: 0, resjunk: false} = {
            expr = Var {varno: 65001, varattno: 2, vartype: 1042, vartypmod: 19, varcollid: 100, varlevelsup: 0, varnosyn: 1, varattnosyn: 6, location: -1}
          }
        },
        plan.lefttree = HashJoin (cost=14.51..26.88 rows=0 width=108 plan_id=4 parallel_aware=False parallel_safe = True) {join.jointype: JOIN_INNER, join.inner_unique: false} = {
          join.plan.targetlist = List with 2 elements = {
            0 = TargetEntry {resno: 1, resname: 0x0, ressortgroupref: 1, resorigtbl: 0, resorigcol: 0, resjunk: false} = {
              expr = Var {varno: 65000, varattno: 1, vartype: 1042, vartypmod: 14, varcollid: 100, varlevelsup: 0, varnosyn: 2, varattnosyn: 15, location: 9}
            },
            1 = TargetEntry {resno: 2, resname: 0x0, ressortgroupref: 0, resorigtbl: 0, resorigcol: 0, resjunk: false} = {
              expr = Var {varno: 65001, varattno: 6, vartype: 1042, vartypmod: 19, varcollid: 100, varlevelsup: 0, varnosyn: 1, varattnosyn: 6, location: 41}
            }
          },
          join.plan.lefttree = Scan (cost=0.00..12.10 rows=70 width=68 plan_id=5 parallel_aware=False parallel_safe = True) scanrelid: 1 = {
            plan.targetlist = List with 9 elements = {
              0 = TargetEntry {resno: 1, resname: 0x0, ressortgroupref: 0, resorigtbl: 0, resorigcol: 0, resjunk: false} = {
                expr = Var {varno: 1, varattno: 1, vartype: 23, vartypmod: -1, varcollid: 0, varlevelsup: 0, varnosyn: 1, varattnosyn: 1, location: -1}
              },
              1 = TargetEntry {resno: 2, resname: 0x0, ressortgroupref: 0, resorigtbl: 0, resorigcol: 0, resjunk: false} = {
                expr = Var {varno: 1, varattno: 2, vartype: 23, vartypmod: -1, varcollid: 0, varlevelsup: 0, varnosyn: 1, varattnosyn: 2, location: -1}
              },
              2 = TargetEntry {resno: 3, resname: 0x0, ressortgroupref: 0, resorigtbl: 0, resorigcol: 0, resjunk: false} = {
                expr = Var {varno: 1, varattno: 3, vartype: 1042, vartypmod: 5, varcollid: 100, varlevelsup: 0, varnosyn: 1, varattnosyn: 3, location: -1}
              },
              3 = TargetEntry {resno: 4, resname: 0x0, ressortgroupref: 0, resorigtbl: 0, resorigcol: 0, resjunk: false} = {
                expr = Var {varno: 1, varattno: 4, vartype: 1700, vartypmod: 983046, varcollid: 0, varlevelsup: 0, varnosyn: 1, varattnosyn: 4, location: -1}
              },
              4 = TargetEntry {resno: 5, resname: 0x0, ressortgroupref: 0, resorigtbl: 0, resorigcol: 0, resjunk: false} = {
                expr = Var {varno: 1, varattno: 5, vartype: 1082, vartypmod: -1, varcollid: 0, varlevelsup: 0, varnosyn: 1, varattnosyn: 5, location: -1}
              },
              5 = TargetEntry {resno: 6, resname: 0x0, ressortgroupref: 0, resorigtbl: 0, resorigcol: 0, resjunk: false} = {
                expr = Var {varno: 1, varattno: 6, vartype: 1042, vartypmod: 19, varcollid: 100, varlevelsup: 0, varnosyn: 1, varattnosyn: 6, location: -1}
              },
              6 = TargetEntry {resno: 7, resname: 0x0, ressortgroupref: 0, resorigtbl: 0, resorigcol: 0, resjunk: false} = {
                expr = Var {varno: 1, varattno: 7, vartype: 1042, vartypmod: 19, varcollid: 100, varlevelsup: 0, varnosyn: 1, varattnosyn: 7, location: -1}
              },
              7 = TargetEntry {resno: 8, resname: 0x0, ressortgroupref: 0, resorigtbl: 0, resorigcol: 0, resjunk: false} = {
                expr = Var {varno: 1, varattno: 8, vartype: 23, vartypmod: -1, varcollid: 0, varlevelsup: 0, varnosyn: 1, varattnosyn: 8, location: -1}
              },
              8 = TargetEntry {resno: 9, resname: 0x0, ressortgroupref: 0, resorigtbl: 0, resorigcol: 0, resjunk: false} = {
                expr = Var {varno: 1, varattno: 9, vartype: 1043, vartypmod: 83, varcollid: 100, varlevelsup: 0, varnosyn: 1, varattnosyn: 9, location: -1}
              }
            }
          },
          join.plan.righttree = Hash (cost=14.50..14.50 rows=1 width=48 plan_id=6 parallel_aware=False parallel_safe = True) {skewTable: 270675, skewColumn: 1, skewInherit: false, rows_total: 0} = {
            plan.targetlist = List with 2 elements = {
              0 = TargetEntry {resno: 1, resname: 0x0, ressortgroupref: 0, resorigtbl: 0, resorigcol: 0, resjunk: false} = {
                expr = Var {varno: 65001, varattno: 1, vartype: 1042, vartypmod: 14, varcollid: 100, varlevelsup: 0, varnosyn: 2, varattnosyn: 15, location: -1}
              },
              1 = TargetEntry {resno: 2, resname: 0x0, ressortgroupref: 0, resorigtbl: 0, resorigcol: 0, resjunk: false} = {
                expr = Var {varno: 65001, varattno: 2, vartype: 23, vartypmod: -1, varcollid: 0, varlevelsup: 0, varnosyn: 2, varattnosyn: 1, location: -1}
              }
            },
            plan.lefttree = Scan (cost=0.00..14.50 rows=1 width=48 plan_id=7 parallel_aware=False parallel_safe = True) scanrelid: 2 = {
              plan.targetlist = List with 2 elements = {
                0 = TargetEntry {resno: 1, resname: 0x0, ressortgroupref: 0, resorigtbl: 0, resorigcol: 0, resjunk: false} = {
                  expr = Var {varno: 2, varattno: 15, vartype: 1042, vartypmod: 14, varcollid: 100, varlevelsup: 0, varnosyn: 2, varattnosyn: 15, location: 9}
                },
                1 = TargetEntry {resno: 2, resname: 0x0, ressortgroupref: 0, resorigtbl: 0, resorigcol: 0, resjunk: false} = {
                  expr = Var {varno: 2, varattno: 1, vartype: 23, vartypmod: -1, varcollid: 0, varlevelsup: 0, varnosyn: 2, varattnosyn: 1, location: 341}
                }
              },
              plan.qual = List with 5 elements = {
                0 = ScalarArrayOpExpr {opno: 1054, opfuncid: 1048, useOr: true, inputcollid: 100, location: 369} = {
                  args = List with 2 elements = {
                    0 = Var {varno: 2, varattno: 15, vartype: 1042, vartypmod: 14, varcollid: 100, varlevelsup: 0, varnosyn: 2, varattnosyn: 15, location: 358},
                    1 = Const {consttype: 1014, consttypmod: -1, constcollid: 100, constlen: -1, constvalue: 94501921729136, constisnull: false, constbyval: false, location: -1}
                  }
                },
                1 = OpExpr {opno: 1095, opfuncid: 1087, opresulttype: 16, opretset: false, opcollid: 0, inputcollid: 0, location: 408} = {
                  args = List with 2 elements = {
                    0 = Var {varno: 2, varattno: 12, vartype: 1082, vartypmod: -1, varcollid: 0, varlevelsup: 0, varnosyn: 2, varattnosyn: 12, location: 395},
                    1 = Var {varno: 2, varattno: 13, vartype: 1082, vartypmod: -1, varcollid: 0, varlevelsup: 0, varnosyn: 2, varattnosyn: 13, location: 410}
                  }
                },
                2 = OpExpr {opno: 1095, opfuncid: 1087, opresulttype: 16, opretset: false, opcollid: 0, inputcollid: 0, location: 441} = {
                  args = List with 2 elements = {
                    0 = Var {varno: 2, varattno: 11, vartype: 1082, vartypmod: -1, varcollid: 0, varlevelsup: 0, varnosyn: 2, varattnosyn: 11, location: 430},
                    1 = Var {varno: 2, varattno: 12, vartype: 1082, vartypmod: -1, varcollid: 0, varlevelsup: 0, varnosyn: 2, varattnosyn: 12, location: 443}
                  }
                },
                3 = OpExpr {opno: 1098, opfuncid: 1090, opresulttype: 16, opretset: false, opcollid: 0, inputcollid: 0, location: 476} = {
                  args = List with 2 elements = {
                    0 = Var {varno: 2, varattno: 13, vartype: 1082, vartypmod: -1, varcollid: 0, varlevelsup: 0, varnosyn: 2, varattnosyn: 13, location: 462},
                    1 = Const {consttype: 1082, consttypmod: -1, constcollid: 0, constlen: 4, constvalue: 18446744073709549425, constisnull: false, constbyval: true, location: 484}
                  }
                },
                4 = OpExpr {opno: 2345, opfuncid: 2338, opresulttype: 16, opretset: false, opcollid: 0, inputcollid: 0, location: 517} = {
                  args = List with 2 elements = {
                    0 = Var {varno: 2, varattno: 13, vartype: 1082, vartypmod: -1, varcollid: 0, varlevelsup: 0, varnosyn: 2, varattnosyn: 13, location: 503},
                    1 = Const {consttype: 1114, consttypmod: -1, constcollid: 0, constlen: 8, constvalue: 18446586307309551616, constisnull: false, constbyval: true, location: -1}
                  }
                }
              }
            },
            hashkeys = List with 1 elements = {
              0 = Var {varno: 65001, varattno: 2, vartype: 23, vartypmod: -1, varcollid: 0, varlevelsup: 0, varnosyn: 2, varattnosyn: 1, location: 341}
            }
          },
          hashclauses = List with 1 elements = {
            0 = OpExpr {opno: 96, opfuncid: 65, opresulttype: 16, opretset: false, opcollid: 0, inputcollid: 0, location: -1} = {
              args = List with 2 elements = {
                0 = Var {varno: 65001, varattno: 1, vartype: 23, vartypmod: -1, varcollid: 0, varlevelsup: 0, varnosyn: 1, varattnosyn: 1, location: 328},
                1 = Var {varno: 65000, varattno: 2, vartype: 23, vartypmod: -1, varcollid: 0, varlevelsup: 0, varnosyn: 2, varattnosyn: 1, location: 341}
              }
            }
          },
          hashoperators = OidList with 1 elements = {96},
          hashcollations = OidList with 1 elements = {0},
          hashkeys = List with 1 elements = {
            0 = Var {varno: 65001, varattno: 1, vartype: 23, vartypmod: -1, varcollid: 0, varlevelsup: 0, varnosyn: 1, varattnosyn: 1, location: 328}
          }
        }
      }
    },
    rnodes = OidList with 3 elements = {16386, 16387, 16388}
  }
}

Breakpoint 1, standard_planner (parse=0x55f2f17ae198, query_string=0x55f2f1676670 "select\n  c_count,\n  count(*) as custdist\nfrom\n  (\n    select\n      c_custkey,\n      count(o_orderkey)\n    from\n      customer left outer join orders on\n        c_custkey = o_custkey\n        and o_comm"..., cursorOptions=33024, boundParams=0x0) at /workspaces/AntDB/src/backend/optimizer/plan/planner.c:661
661		top_plan = create_plan(root, best_path);
$37 = Query {commandType: CMD_SELECT, querySource: QSRC_ORIGINAL, queryId: 0, canSetTag: true, resultRelation: 0, hasAggs: true, hasWindowFuncs: false, hasTargetSRFs: false, hasSubLinks: false, hasDistinctOn: false, hasRecursive: false, hasModifyingCTE: false, hasForUpdate: false, hasRowSecurity: false, override: OVERRIDING_NOT_SET, limitOption: LIMIT_OPTION_COUNT, stmt_location: 0, stmt_len: 359, is_local: false, has_to_save_cmd_id: false, in_sub_plan: false, in_explain: false} = {
  rtable = List with 1 elements = {
    0 = RangeTblEntry {rtekind: RTE_SUBQUERY, relname: 0x0, relid: 0, relkind: 0 '\000', rellockmode: 0, security_barrier: false, jointype: JOIN_INNER, joinmergedcols: 0, funcordinality: false, ctename: 0x0, ctelevelsup: 0, self_reference: false, enrname: 0x0, enrtuples: 0, param_new: -1, param_old: -1, mt_result: 0x0, defaultCols: 0x0, rows: 0, lateral: false, inh: false, inFromCl: true, requiredPerms: 0, checkAsUser: 0, selectedCols: 0x0, insertedCols: 0x0, updatedCols: 0x0, extraUpdatedCols: 0x0} = {
      subquery = Query {commandType: CMD_SELECT, querySource: QSRC_ORIGINAL, queryId: 0, canSetTag: true, resultRelation: 0, hasAggs: true, hasWindowFuncs: false, hasTargetSRFs: false, hasSubLinks: false, hasDistinctOn: false, hasRecursive: false, hasModifyingCTE: false, hasForUpdate: false, hasRowSecurity: false, override: OVERRIDING_NOT_SET, limitOption: LIMIT_OPTION_COUNT, stmt_location: 0, stmt_len: 0, is_local: false, has_to_save_cmd_id: false, in_sub_plan: false, in_explain: false} = {
        rtable = List with 3 elements = {
          0 = RangeTblEntry {rtekind: RTE_RELATION, relname: 'customer', relid: 270672, relkind: 114 'r', rellockmode: 1, security_barrier: false, jointype: JOIN_INNER, joinmergedcols: 0, funcordinality: false, ctename: 0x0, ctelevelsup: 0, self_reference: false, enrname: 0x0, enrtuples: 0, param_new: -1, param_old: -1, mt_result: 0x0, defaultCols: 0x0, rows: 0, lateral: false, inh: true, inFromCl: true, requiredPerms: 2, checkAsUser: 0, selectedCols: (b 11), insertedCols: 0x0, updatedCols: 0x0, extraUpdatedCols: 0x0} = {
            eref = Alias aliasname: 'customer' = {
              colnames = List with 8 elements = {
                0 = String[ 'c_custkey' ],
                1 = String[ 'c_name' ],
                2 = String[ 'c_address' ],
                3 = String[ 'c_nationkey' ],
                4 = String[ 'c_phone' ],
                5 = String[ 'c_acctbal' ],
                6 = String[ 'c_mktsegment' ],
                7 = String[ 'c_comment' ]
              }
            }
          },
          1 = RangeTblEntry {rtekind: RTE_RELATION, relname: 'orders', relid: 270675, relkind: 114 'r', rellockmode: 1, security_barrier: false, jointype: JOIN_INNER, joinmergedcols: 0, funcordinality: false, ctename: 0x0, ctelevelsup: 0, self_reference: false, enrname: 0x0, enrtuples: 0, param_new: -1, param_old: -1, mt_result: 0x0, defaultCols: 0x0, rows: 0, lateral: false, inh: true, inFromCl: true, requiredPerms: 2, checkAsUser: 0, selectedCols: (b 11 12 19), insertedCols: 0x0, updatedCols: 0x0, extraUpdatedCols: 0x0} = {
            eref = Alias aliasname: 'orders' = {
              colnames = List with 9 elements = {
                0 = String[ 'o_orderkey' ],
                1 = String[ 'o_custkey' ],
                2 = String[ 'o_orderstatus' ],
                3 = String[ 'o_totalprice' ],
                4 = String[ 'o_orderdate' ],
                5 = String[ 'o_orderpriority' ],
                6 = String[ 'o_clerk' ],
                7 = String[ 'o_shippriority' ],
                8 = String[ 'o_comment' ]
              }
            }
          },
          2 = RangeTblEntry {rtekind: RTE_JOIN, relname: 0x0, relid: 0, relkind: 0 '\000', rellockmode: 0, security_barrier: false, jointype: JOIN_LEFT, joinmergedcols: 0, funcordinality: false, ctename: 0x0, ctelevelsup: 0, self_reference: false, enrname: 0x0, enrtuples: 0, param_new: -1, param_old: -1, mt_result: 0x0, defaultCols: 0x0, rows: 0, lateral: false, inh: false, inFromCl: true, requiredPerms: 0, checkAsUser: 0, selectedCols: 0x0, insertedCols: 0x0, updatedCols: 0x0, extraUpdatedCols: 0x0} = {
            joinaliasvars = List with 17 elements = {
              0 = Var {varno: 1, varattno: 1, vartype: 23, vartypmod: -1, varcollid: 0, varlevelsup: 0, varnosyn: 1, varattnosyn: 1, location: -1},
              1 = Var {varno: 1, varattno: 2, vartype: 1043, vartypmod: 29, varcollid: 100, varlevelsup: 0, varnosyn: 1, varattnosyn: 2, location: -1},
              2 = Var {varno: 1, varattno: 3, vartype: 1043, vartypmod: 44, varcollid: 100, varlevelsup: 0, varnosyn: 1, varattnosyn: 3, location: -1},
              3 = Var {varno: 1, varattno: 4, vartype: 23, vartypmod: -1, varcollid: 0, varlevelsup: 0, varnosyn: 1, varattnosyn: 4, location: -1},
              4 = Var {varno: 1, varattno: 5, vartype: 1042, vartypmod: 19, varcollid: 100, varlevelsup: 0, varnosyn: 1, varattnosyn: 5, location: -1},
              5 = Var {varno: 1, varattno: 6, vartype: 1700, vartypmod: 983046, varcollid: 0, varlevelsup: 0, varnosyn: 1, varattnosyn: 6, location: -1},
              6 = Var {varno: 1, varattno: 7, vartype: 1042, vartypmod: 14, varcollid: 100, varlevelsup: 0, varnosyn: 1, varattnosyn: 7, location: -1},
              7 = Var {varno: 1, varattno: 8, vartype: 1043, vartypmod: 121, varcollid: 100, varlevelsup: 0, varnosyn: 1, varattnosyn: 8, location: -1},
              8 = Var {varno: 2, varattno: 1, vartype: 23, vartypmod: -1, varcollid: 0, varlevelsup: 0, varnosyn: 2, varattnosyn: 1, location: -1},
              9 = Var {varno: 2, varattno: 2, vartype: 23, vartypmod: -1, varcollid: 0, varlevelsup: 0, varnosyn: 2, varattnosyn: 2, location: -1},
              10 = Var {varno: 2, varattno: 3, vartype: 1042, vartypmod: 5, varcollid: 100, varlevelsup: 0, varnosyn: 2, varattnosyn: 3, location: -1},
              11 = Var {varno: 2, varattno: 4, vartype: 1700, vartypmod: 983046, varcollid: 0, varlevelsup: 0, varnosyn: 2, varattnosyn: 4, location: -1},
              12 = Var {varno: 2, varattno: 5, vartype: 1082, vartypmod: -1, varcollid: 0, varlevelsup: 0, varnosyn: 2, varattnosyn: 5, location: -1},
              13 = Var {varno: 2, varattno: 6, vartype: 1042, vartypmod: 19, varcollid: 100, varlevelsup: 0, varnosyn: 2, varattnosyn: 6, location: -1},
              14 = Var {varno: 2, varattno: 7, vartype: 1042, vartypmod: 19, varcollid: 100, varlevelsup: 0, varnosyn: 2, varattnosyn: 7, location: -1},
              15 = Var {varno: 2, varattno: 8, vartype: 23, vartypmod: -1, varcollid: 0, varlevelsup: 0, varnosyn: 2, varattnosyn: 8, location: -1},
              16 = Var {varno: 2, varattno: 9, vartype: 1043, vartypmod: 83, varcollid: 100, varlevelsup: 0, varnosyn: 2, varattnosyn: 9, location: -1}
            },
            joinleftcols = IntList with 8 elements = {1, 2, 3, 4, 5, 6, 7, 8},
            joinrightcols = IntList with 9 elements = {1, 2, 3, 4, 5, 6, 7, 8, 9},
            eref = Alias aliasname: 'unnamed_join' = {
              colnames = List with 17 elements = {
                0 = String[ 'c_custkey' ],
                1 = String[ 'c_name' ],
                2 = String[ 'c_address' ],
                3 = String[ 'c_nationkey' ],
                4 = String[ 'c_phone' ],
                5 = String[ 'c_acctbal' ],
                6 = String[ 'c_mktsegment' ],
                7 = String[ 'c_comment' ],
                8 = String[ 'o_orderkey' ],
                9 = String[ 'o_custkey' ],
                10 = String[ 'o_orderstatus' ],
                11 = String[ 'o_totalprice' ],
                12 = String[ 'o_orderdate' ],
                13 = String[ 'o_orderpriority' ],
                14 = String[ 'o_clerk' ],
                15 = String[ 'o_shippriority' ],
                16 = String[ 'o_comment' ]
              }
            }
          }
        },
        jointree = FromExpr  = {
          fromlist = List with 1 elements = {
            0 = JoinExpr {jointype: JOIN_LEFT, isNatural: false, rtindex: 3} = {
              larg = RangeTblRef rtindex: 1,
              rarg = RangeTblRef rtindex: 2,
              quals = BoolExpr {boolop: AND_EXPR, location: 190} = {
                args = List with 2 elements = {
                  0 = OpExpr {opno: 96, opfuncid: 65, opresulttype: 16, opretset: false, opcollid: 0, inputcollid: 0, location: 170} = {
                    args = List with 2 elements = {
                      0 = Var {varno: 1, varattno: 1, vartype: 23, vartypmod: -1, varcollid: 0, varlevelsup: 0, varnosyn: 1, varattnosyn: 1, location: 160},
                      1 = Var {varno: 2, varattno: 2, vartype: 23, vartypmod: -1, varcollid: 0, varlevelsup: 0, varnosyn: 2, varattnosyn: 2, location: 172}
                    }
                  },
                  1 = OpExpr {opno: 1210, opfuncid: 851, opresulttype: 16, opretset: false, opcollid: 0, inputcollid: 100, location: 204} = {
                    args = List with 2 elements = {
                      0 = RelabelType {resulttype: 25, resulttypmod: -1, resultcollid: 100, relabelformat: COERCE_IMPLICIT_CAST, location: -1} = {
                        arg = Var {varno: 2, varattno: 9, vartype: 1043, vartypmod: 83, varcollid: 100, varlevelsup: 0, varnosyn: 2, varattnosyn: 9, location: 194}
                      },
                      1 = Const {consttype: 25, consttypmod: -1, constcollid: 100, constlen: -1, constvalue: 94501922233536, constisnull: false, constbyval: false, location: 213}
                    }
                  }
                }
              }
            }
          }
        },
        targetList = List with 2 elements = {
          0 = TargetEntry {resno: 1, resname: 'c_custkey', ressortgroupref: 1, resorigtbl: 270672, resorigcol: 1, resjunk: false} = {
            expr = Var {varno: 1, varattno: 1, vartype: 23, vartypmod: -1, varcollid: 0, varlevelsup: 0, varnosyn: 1, varattnosyn: 1, location: 67}
          },
          1 = TargetEntry {resno: 2, resname: 'count', ressortgroupref: 0, resorigtbl: 0, resorigcol: 0, resjunk: false} = {
            expr = Aggref {aggfnoid: 2147, aggtype: 20, aggcollid: 0, inputcollid: 0, aggtranstype: 0, aggtrantype: 0, agghas_collectfn: false, rank_first: false, aggstar: false, aggvariadic: false, aggkind: 110 'n', agglevelsup: 0, aggsplit: AGGSPLIT_SIMPLE, location: 84} = {
              aggargtypes = OidList with 1 elements = {23},
              args = List with 1 elements = {
                0 = TargetEntry {resno: 1, resname: 0x0, ressortgroupref: 0, resorigtbl: 0, resorigcol: 0, resjunk: false} = {
                  expr = Var {varno: 2, varattno: 1, vartype: 23, vartypmod: -1, varcollid: 0, varlevelsup: 0, varnosyn: 2, varattnosyn: 1, location: 90}
                }
              }
            }
          }
        },
        groupClause = List with 1 elements = {
          0 = SortGroupClause {tleSortGroupRef: 1, eqop: 96, sortop: 97, nulls_first: false, hashable: true}
        }
      },
      alias = Alias aliasname: 'c_orders' = {
        colnames = List with 2 elements = {
          0 = String[ 'c_custkey' ],
          1 = String[ 'c_count' ]
        }
      },
      eref = Alias aliasname: 'c_orders' = {
        colnames = List with 2 elements = {
          0 = String[ 'c_custkey' ],
          1 = String[ 'c_count' ]
        }
      }
    }
  },
  jointree = FromExpr  = {
    fromlist = List with 1 elements = {
      0 = RangeTblRef rtindex: 1
    }
  },
  targetList = List with 2 elements = {
    0 = TargetEntry {resno: 1, resname: 'c_count', ressortgroupref: 2, resorigtbl: 0, resorigcol: 0, resjunk: false} = {
      expr = Var {varno: 1, varattno: 2, vartype: 20, vartypmod: -1, varcollid: 0, varlevelsup: 0, varnosyn: 1, varattnosyn: 2, location: 9}
    },
    1 = TargetEntry {resno: 2, resname: 'custdist', ressortgroupref: 1, resorigtbl: 0, resorigcol: 0, resjunk: false} = {
      expr = Aggref {aggfnoid: 2803, aggtype: 20, aggcollid: 0, inputcollid: 0, aggtranstype: 20, aggtrantype: 0, agghas_collectfn: false, rank_first: false, aggstar: true, aggvariadic: false, aggkind: 110 'n', agglevelsup: 0, aggsplit: AGGSPLIT_SIMPLE, location: 20}
    }
  },
  groupClause = List with 1 elements = {
    0 = SortGroupClause {tleSortGroupRef: 2, eqop: 410, sortop: 413, nulls_first: true, hashable: true}
  },
  sortClause = List with 2 elements = {
    0 = SortGroupClause {tleSortGroupRef: 1, eqop: 410, sortop: 413, nulls_first: true, hashable: true},
    1 = SortGroupClause {tleSortGroupRef: 2, eqop: 410, sortop: 413, nulls_first: true, hashable: true}
  }
}
$38 = SortPath T_Sort (cost=342.57..342.68 rows=47 parallel_aware=False parallel_safe=False parallel_workers=0)  = {
  path.parent = (b),
  path.pathtarget = PathTarget {cost: (0.00..0.00), width: 16} = {
    sortgrouprefs = [2, 1],
    exprs = List with 2 elements = {
      0 = Var {varno: 1, varattno: 2, vartype: 20, vartypmod: -1, varcollid: 0, varlevelsup: 0, varnosyn: 1, varattnosyn: 2, location: 9},
      1 = Aggref {aggfnoid: 2803, aggtype: 20, aggcollid: 0, inputcollid: 0, aggtranstype: 20, aggtrantype: 0, agghas_collectfn: false, rank_first: false, aggstar: true, aggvariadic: false, aggkind: 110 'n', agglevelsup: 0, aggsplit: AGGSPLIT_SIMPLE, location: 20}
    },
    as_loc_list = IntList with 2 elements = {-1, 32},
    expr_loc_list = IntList with 2 elements = {9, 20},
    expr_len_list = IntList with 2 elements = {-1, 9},
    expr_type_list = IntList with 2 elements = {398, 405}
  },
  path.pathkeys = List with 2 elements = {
    0 = PathKey {pk_opfamily: 1976, pk_strategy: 5, pk_nulls_first: true} = {
      pk_eclass = EquivalenceClass {ec_collation: 0, ec_relids: (b), ec_has_const: false, ec_has_volatile: false, ec_broken: false, ec_sortref: 1, ec_min_security: 4294967295, ec_max_security: 0} = {
        ec_opfamilies = OidList with 1 elements = {1976},
        ec_members = List with 1 elements = {
          0 = EquivalenceMember {em_relids: (b), em_is_const: false, em_is_child: false, em_datatype: 20} = {
            em_expr = Aggref {aggfnoid: 2803, aggtype: 20, aggcollid: 0, inputcollid: 0, aggtranstype: 20, aggtrantype: 0, agghas_collectfn: false, rank_first: false, aggstar: true, aggvariadic: false, aggkind: 110 'n', agglevelsup: 0, aggsplit: AGGSPLIT_SIMPLE, location: 20}
          }
        }
      }
    },
    1 = PathKey {pk_opfamily: 1976, pk_strategy: 5, pk_nulls_first: true} = {
      pk_eclass = EquivalenceClass {ec_collation: 0, ec_relids: (b 1), ec_has_const: false, ec_has_volatile: false, ec_broken: false, ec_sortref: 2, ec_min_security: 4294967295, ec_max_security: 0} = {
        ec_opfamilies = OidList with 1 elements = {1976},
        ec_members = List with 1 elements = {
          0 = EquivalenceMember {em_relids: (b 1), em_is_const: false, em_is_child: false, em_datatype: 20} = {
            em_expr = Var {varno: 1, varattno: 2, vartype: 20, vartypmod: -1, varcollid: 0, varlevelsup: 0, varnosyn: 1, varattnosyn: 2, location: 9}
          }
        }
      }
    }
  },
  subpath = AggPath T_Agg (cost=340.44..341.26 rows=47 parallel_aware=False parallel_safe=False parallel_workers=0) {aggstrategy: AGG_SORTED, aggsplit: AGGSPLIT_SIMPLE, numGroups: 47, transitionSpace: 0} = {
    path.parent = (b),
    path.pathtarget = PathTarget {cost: (0.00..0.00), width: 16} = {
      sortgrouprefs = [2, 1],
      exprs = List with 2 elements = {
        0 = Var {varno: 1, varattno: 2, vartype: 20, vartypmod: -1, varcollid: 0, varlevelsup: 0, varnosyn: 1, varattnosyn: 2, location: 9},
        1 = Aggref {aggfnoid: 2803, aggtype: 20, aggcollid: 0, inputcollid: 0, aggtranstype: 20, aggtrantype: 0, agghas_collectfn: false, rank_first: false, aggstar: true, aggvariadic: false, aggkind: 110 'n', agglevelsup: 0, aggsplit: AGGSPLIT_SIMPLE, location: 20}
      },
      as_loc_list = IntList with 2 elements = {-1, 32},
      expr_loc_list = IntList with 2 elements = {9, 20},
      expr_len_list = IntList with 2 elements = {-1, 9},
      expr_type_list = IntList with 2 elements = {398, 405}
    },
    path.pathkeys = List with 1 elements = {
      0 = PathKey {pk_opfamily: 1976, pk_strategy: 5, pk_nulls_first: true} = {
        pk_eclass = EquivalenceClass {ec_collation: 0, ec_relids: (b 1), ec_has_const: false, ec_has_volatile: false, ec_broken: false, ec_sortref: 2, ec_min_security: 4294967295, ec_max_security: 0} = {
          ec_opfamilies = OidList with 1 elements = {1976},
          ec_members = List with 1 elements = {
            0 = EquivalenceMember {em_relids: (b 1), em_is_const: false, em_is_child: false, em_datatype: 20} = {
              em_expr = Var {varno: 1, varattno: 2, vartype: 20, vartypmod: -1, varcollid: 0, varlevelsup: 0, varnosyn: 1, varattnosyn: 2, location: 9}
            }
          }
        }
      }
    },
    subpath = SortPath T_Sort (cost=340.44..340.56 rows=47 parallel_aware=False parallel_safe=False parallel_workers=0)  = {
      path.parent = (b),
      path.pathtarget = PathTarget {cost: (0.00..0.00), width: 8} = {
        sortgrouprefs = [2],
        exprs = List with 1 elements = {
          0 = Var {varno: 1, varattno: 2, vartype: 20, vartypmod: -1, varcollid: 0, varlevelsup: 0, varnosyn: 1, varattnosyn: 2, location: 9}
        }
      },
      path.pathkeys = List with 1 elements = {
        0 = PathKey {pk_opfamily: 1976, pk_strategy: 5, pk_nulls_first: true} = {
          pk_eclass = EquivalenceClass {ec_collation: 0, ec_relids: (b 1), ec_has_const: false, ec_has_volatile: false, ec_broken: false, ec_sortref: 2, ec_min_security: 4294967295, ec_max_security: 0} = {
            ec_opfamilies = OidList with 1 elements = {1976},
            ec_members = List with 1 elements = {
              0 = EquivalenceMember {em_relids: (b 1), em_is_const: false, em_is_child: false, em_datatype: 20} = {
                em_expr = Var {varno: 1, varattno: 2, vartype: 20, vartypmod: -1, varcollid: 0, varlevelsup: 0, varnosyn: 1, varattnosyn: 2, location: 9}
              }
            }
          }
        }
      },
      subpath = SubqueryScanPath T_SubqueryScan (cost=337.84..339.13 rows=47 parallel_aware=False parallel_safe=False parallel_workers=0)  = {
        path.parent = (b 1),
        path.pathtarget = PathTarget {cost: (0.00..0.00), width: 8} = {
          sortgrouprefs = [2],
          exprs = List with 1 elements = {
            0 = Var {varno: 1, varattno: 2, vartype: 20, vartypmod: -1, varcollid: 0, varlevelsup: 0, varnosyn: 1, varattnosyn: 2, location: 9}
          }
        },
        subpath = AggPath T_Agg (cost=337.84..338.66 rows=47 parallel_aware=False parallel_safe=False parallel_workers=0) {aggstrategy: AGG_SORTED, aggsplit: AGGSPLIT_SIMPLE, numGroups: 47, transitionSpace: 0} = {
          path.parent = (b),
          path.pathtarget = PathTarget {cost: (0.00..0.00), width: 12} = {
            sortgrouprefs = [1, 0],
            exprs = List with 2 elements = {
              0 = Var {varno: 1, varattno: 1, vartype: 23, vartypmod: -1, varcollid: 0, varlevelsup: 0, varnosyn: 1, varattnosyn: 1, location: 67},
              1 = Aggref {aggfnoid: 2147, aggtype: 20, aggcollid: 0, inputcollid: 0, aggtranstype: 20, aggtrantype: 0, agghas_collectfn: false, rank_first: false, aggstar: false, aggvariadic: false, aggkind: 110 'n', agglevelsup: 0, aggsplit: AGGSPLIT_SIMPLE, location: 84} = {
                aggargtypes = OidList with 1 elements = {23},
                args = List with 1 elements = {
                  0 = TargetEntry {resno: 1, resname: 0x0, ressortgroupref: 0, resorigtbl: 0, resorigcol: 0, resjunk: false} = {
                    expr = Var {varno: 2, varattno: 1, vartype: 23, vartypmod: -1, varcollid: 0, varlevelsup: 0, varnosyn: 2, varattnosyn: 1, location: 90}
                  }
                }
              }
            },
            as_loc_list = IntList with 2 elements = {-1, -1},
            expr_loc_list = IntList with 2 elements = {67, 84},
            expr_len_list = IntList with 2 elements = {-1, -1},
            expr_type_list = IntList with 2 elements = {398, 405}
          },
          path.pathkeys = List with 1 elements = {
            0 = PathKey {pk_opfamily: 1976, pk_strategy: 1, pk_nulls_first: false} = {
              pk_eclass = EquivalenceClass {ec_collation: 0, ec_relids: (b 1), ec_has_const: false, ec_has_volatile: false, ec_broken: false, ec_sortref: 0, ec_min_security: 4294967295, ec_max_security: 0} = {
                ec_opfamilies = OidList with 1 elements = {1976},
                ec_members = List with 1 elements = {
                  0 = EquivalenceMember {em_relids: (b 1), em_is_const: false, em_is_child: false, em_datatype: 23} = {
                    em_expr = Var {varno: 1, varattno: 1, vartype: 23, vartypmod: -1, varcollid: 0, varlevelsup: 0, varnosyn: 1, varattnosyn: 1, location: 160}
                  }
                }
              }
            }
          },
          subpath = SortPath T_Sort (cost=337.84..337.96 rows=47 parallel_aware=False parallel_safe=False parallel_workers=0)  = {
            path.parent = (b),
            path.pathtarget = PathTarget {cost: (0.00..0.00), width: 8} = {
              sortgrouprefs = [1, 0],
              exprs = List with 2 elements = {
                0 = Var {varno: 1, varattno: 1, vartype: 23, vartypmod: -1, varcollid: 0, varlevelsup: 0, varnosyn: 1, varattnosyn: 1, location: 67},
                1 = Var {varno: 2, varattno: 1, vartype: 23, vartypmod: -1, varcollid: 0, varlevelsup: 0, varnosyn: 2, varattnosyn: 1, location: 90}
              }
            },
            path.pathkeys = List with 1 elements = {
              0 = PathKey {pk_opfamily: 1976, pk_strategy: 1, pk_nulls_first: false} = {
                pk_eclass = EquivalenceClass {ec_collation: 0, ec_relids: (b 1), ec_has_const: false, ec_has_volatile: false, ec_broken: false, ec_sortref: 0, ec_min_security: 4294967295, ec_max_security: 0} = {
                  ec_opfamilies = OidList with 1 elements = {1976},
                  ec_members = List with 1 elements = {
                    0 = EquivalenceMember {em_relids: (b 1), em_is_const: false, em_is_child: false, em_datatype: 23} = {
                      em_expr = Var {varno: 1, varattno: 1, vartype: 23, vartypmod: -1, varcollid: 0, varlevelsup: 0, varnosyn: 1, varattnosyn: 1, location: 160}
                    }
                  }
                }
              }
            },
            subpath = HashPath T_HashJoin (cost=136.59..336.54 rows=47 parallel_aware=False parallel_safe=False parallel_workers=0) {num_batches: 1, inner_rows_total: 47} = {
              jpath.path.parent = (b 1 2),
              jpath.path.pathtarget = PathTarget {cost: (0.00..0.00), width: 8} = {
                sortgrouprefs = [1, 0],
                exprs = List with 2 elements = {
                  0 = Var {varno: 1, varattno: 1, vartype: 23, vartypmod: -1, varcollid: 0, varlevelsup: 0, varnosyn: 1, varattnosyn: 1, location: 67},
                  1 = Var {varno: 2, varattno: 1, vartype: 23, vartypmod: -1, varcollid: 0, varlevelsup: 0, varnosyn: 2, varattnosyn: 1, location: 90}
                }
              },
              jpath.outerjoinpath = RemoteQueryPath T_RemoteQuery (cost=0.00..199.53 rows=70 parallel_aware=False parallel_safe=False parallel_workers=0) {jointype: JOIN_INNER, rqhas_unshippable_qual: false, rqhas_temp_rel: false, rqhas_unshippable_tlist: false} = {
                path.parent = (b 2),
                path.pathtarget = PathTarget {cost: (0.00..0.00), width: 8} = {
                  exprs = List with 2 elements = {
                    0 = Var {varno: 2, varattno: 1, vartype: 23, vartypmod: -1, varcollid: 0, varlevelsup: 0, varnosyn: 2, varattnosyn: 1, location: 90},
                    1 = Var {varno: 2, varattno: 2, vartype: 23, vartypmod: -1, varcollid: 0, varlevelsup: 0, varnosyn: 2, varattnosyn: 2, location: 172}
                  }
                },
                rqpath_en = ExecNodes {accesstype: RELATION_ACCESS_READ, baselocatortype: 72 'H', en_relid: 0, en_funcid: 0} = {
                  en_dist_vars = List with 1 elements = {
                    0 = Var {varno: 2, varattno: 1, vartype: 23, vartypmod: -1, varcollid: 0, varlevelsup: 0, varnosyn: 2, varattnosyn: 1, location: 90}
                  },
                  nodeids = OidList with 3 elements = {16386, 16387, 16388}
                }
              },
              jpath.innerjoinpath = RemoteQueryPath T_RemoteQuery (cost=0.00..136.00 rows=47 parallel_aware=False parallel_safe=False parallel_workers=0) {jointype: JOIN_INNER, rqhas_unshippable_qual: false, rqhas_temp_rel: false, rqhas_unshippable_tlist: false} = {
                path.parent = (b 1),
                path.pathtarget = PathTarget {cost: (0.00..0.00), width: 4} = {
                  exprs = List with 1 elements = {
                    0 = Var {varno: 1, varattno: 1, vartype: 23, vartypmod: -1, varcollid: 0, varlevelsup: 0, varnosyn: 1, varattnosyn: 1, location: 67}
                  }
                },
                rqpath_en = ExecNodes {accesstype: RELATION_ACCESS_READ, baselocatortype: 72 'H', en_relid: 0, en_funcid: 0} = {
                  en_dist_vars = List with 1 elements = {
                    0 = Var {varno: 1, varattno: 1, vartype: 23, vartypmod: -1, varcollid: 0, varlevelsup: 0, varnosyn: 1, varattnosyn: 1, location: 67}
                  },
                  nodeids = OidList with 3 elements = {16386, 16387, 16388}
                }
              },
              jpath.joinrestrictinfo = List with 1 elements = {
                0 = RestrictInfo {is_pushed_down: false, outerjoin_delayed: false, can_join: true, pseudoconstant: false, leakproof: false, security_level: 0, clause_relids: (b 1 2), required_relids: (b 1 2), outer_relids: (b 1), nullable_relids: (b), left_relids: (b 1), right_relids: (b 2), eval_cost: (0.00..0.00), norm_selec: 0.0050, outer_selec: 0.0050, outer_is_left: false, hashjoinoperator: 96, left_bucketsize: 0.0213, right_bucketsize: 0.1000, left_mcvfreq: 0.0000, right_mcvfreq: 0.0000} = {
                  clause = OpExpr {opno: 96, opfuncid: 65, opresulttype: 16, opretset: false, opcollid: 0, inputcollid: 0, location: 170} = {
                    args = List with 2 elements = {
                      0 = Var {varno: 1, varattno: 1, vartype: 23, vartypmod: -1, varcollid: 0, varlevelsup: 0, varnosyn: 1, varattnosyn: 1, location: 160},
                      1 = Var {varno: 2, varattno: 2, vartype: 23, vartypmod: -1, varcollid: 0, varlevelsup: 0, varnosyn: 2, varattnosyn: 2, location: 172}
                    }
                  },
                  mergeopfamilies = OidList with 1 elements = {1976}
                }
              },
              path_hashclauses = List with 1 elements = {
                0 = RestrictInfo {is_pushed_down: false, outerjoin_delayed: false, can_join: true, pseudoconstant: false, leakproof: false, security_level: 0, clause_relids: (b 1 2), required_relids: (b 1 2), outer_relids: (b 1), nullable_relids: (b), left_relids: (b 1), right_relids: (b 2), eval_cost: (0.00..0.00), norm_selec: 0.0050, outer_selec: 0.0050, outer_is_left: false, hashjoinoperator: 96, left_bucketsize: 0.0213, right_bucketsize: 0.1000, left_mcvfreq: 0.0000, right_mcvfreq: 0.0000} = {
                  clause = OpExpr {opno: 96, opfuncid: 65, opresulttype: 16, opretset: false, opcollid: 0, inputcollid: 0, location: 170} = {
                    args = List with 2 elements = {
                      0 = Var {varno: 1, varattno: 1, vartype: 23, vartypmod: -1, varcollid: 0, varlevelsup: 0, varnosyn: 1, varattnosyn: 1, location: 160},
                      1 = Var {varno: 2, varattno: 2, vartype: 23, vartypmod: -1, varcollid: 0, varlevelsup: 0, varnosyn: 2, varattnosyn: 2, location: 172}
                    }
                  },
                  mergeopfamilies = OidList with 1 elements = {1976}
                }
              }
            }
          },
          groupClause = List with 1 elements = {
            0 = SortGroupClause {tleSortGroupRef: 1, eqop: 96, sortop: 97, nulls_first: false, hashable: true}
          }
        }
      }
    },
    groupClause = List with 1 elements = {
      0 = SortGroupClause {tleSortGroupRef: 2, eqop: 410, sortop: 413, nulls_first: true, hashable: true}
    }
  }
}

Breakpoint 2, standard_planner (parse=0x55f2f17ae198, query_string=0x55f2f1676670 "select\n  c_count,\n  count(*) as custdist\nfrom\n  (\n    select\n      c_custkey,\n      count(o_orderkey)\n    from\n      customer left outer join orders on\n        c_custkey = o_custkey\n        and o_comm"..., cursorOptions=33024, boundParams=0x0) at /workspaces/AntDB/src/backend/optimizer/plan/planner.c:761
761		result->commandType = parse->commandType;
$39 = Sort (cost=342.57..342.68 rows=47 width=16 plan_id=0 parallel_aware=False parallel_safe = False) numCols: 2 = {
  sortColIdx = [2, 1],
  sortOperators = [413, 413],
  collations = [0, 0],
  nullsFirst = [True, True],
  plan.targetlist = List with 2 elements = {
    0 = TargetEntry {resno: 1, resname: 'c_count', ressortgroupref: 2, resorigtbl: 0, resorigcol: 0, resjunk: false} = {
      expr = Var {varno: 65001, varattno: 1, vartype: 20, vartypmod: -1, varcollid: 0, varlevelsup: 0, varnosyn: 1, varattnosyn: 2, location: -1}
    },
    1 = TargetEntry {resno: 2, resname: 'custdist', ressortgroupref: 1, resorigtbl: 0, resorigcol: 0, resjunk: false} = {
      expr = Var {varno: 65001, varattno: 2, vartype: 20, vartypmod: -1, varcollid: 0, varlevelsup: 0, varnosyn: 0, varattnosyn: 0, location: -1}
    }
  },
  plan.lefttree = Agg (cost=340.44..341.26 rows=47 width=16 plan_id=1 parallel_aware=False parallel_safe = False) {aggstrategy: AGG_SORTED, aggsplit: AGGSPLIT_SIMPLE, numCols: 1, numGroups: 47, transitionSpace: 0, aggParams: 0x0} = {
    grpColIdx = [1],
    grpOperators = [410],
    grpCollations = [0],
    plan.targetlist = List with 2 elements = {
      0 = TargetEntry {resno: 1, resname: 'c_count', ressortgroupref: 2, resorigtbl: 0, resorigcol: 0, resjunk: false} = {
        expr = Var {varno: 65001, varattno: 1, vartype: 20, vartypmod: -1, varcollid: 0, varlevelsup: 0, varnosyn: 0, varattnosyn: 0, location: -1}
      },
      1 = TargetEntry {resno: 2, resname: 'custdist', ressortgroupref: 1, resorigtbl: 0, resorigcol: 0, resjunk: false} = {
        expr = Aggref {aggfnoid: 2803, aggtype: 20, aggcollid: 0, inputcollid: 0, aggtranstype: 20, aggtrantype: 0, agghas_collectfn: false, rank_first: false, aggstar: true, aggvariadic: false, aggkind: 110 'n', agglevelsup: 0, aggsplit: AGGSPLIT_SIMPLE, location: 20}
      }
    },
    plan.lefttree = Sort (cost=340.44..340.56 rows=47 width=8 plan_id=2 parallel_aware=False parallel_safe = False) numCols: 1 = {
      sortColIdx = [1],
      sortOperators = [413],
      collations = [0],
      nullsFirst = [True],
      plan.targetlist = List with 1 elements = {
        0 = TargetEntry {resno: 1, resname: 0x0, ressortgroupref: 2, resorigtbl: 0, resorigcol: 0, resjunk: false} = {
          expr = Var {varno: 65001, varattno: 1, vartype: 20, vartypmod: -1, varcollid: 0, varlevelsup: 0, varnosyn: 1, varattnosyn: 2, location: -1}
        }
      },
      plan.lefttree = SubqueryScan (cost=337.84..339.13 rows=47 width=8 plan_id=3 parallel_aware=False parallel_safe = False) scan.scanrelid: 1 = {
        scan.plan.targetlist = List with 1 elements = {
          0 = TargetEntry {resno: 1, resname: 0x0, ressortgroupref: 2, resorigtbl: 0, resorigcol: 0, resjunk: false} = {
            expr = Var {varno: 1, varattno: 2, vartype: 20, vartypmod: -1, varcollid: 0, varlevelsup: 0, varnosyn: 1, varattnosyn: 2, location: 9}
          }
        },
        subplan = Agg (cost=337.84..338.66 rows=47 width=12 plan_id=4 parallel_aware=False parallel_safe = False) {aggstrategy: AGG_SORTED, aggsplit: AGGSPLIT_SIMPLE, numCols: 1, numGroups: 47, transitionSpace: 0, aggParams: 0x0} = {
          grpColIdx = [1],
          grpOperators = [96],
          grpCollations = [0],
          plan.targetlist = List with 2 elements = {
            0 = TargetEntry {resno: 1, resname: 'c_custkey', ressortgroupref: 1, resorigtbl: 270672, resorigcol: 1, resjunk: false} = {
              expr = Var {varno: 65001, varattno: 1, vartype: 23, vartypmod: -1, varcollid: 0, varlevelsup: 0, varnosyn: 0, varattnosyn: 0, location: -1}
            },
            1 = TargetEntry {resno: 2, resname: 'count', ressortgroupref: 0, resorigtbl: 0, resorigcol: 0, resjunk: false} = {
              expr = Aggref {aggfnoid: 2147, aggtype: 20, aggcollid: 0, inputcollid: 0, aggtranstype: 20, aggtrantype: 0, agghas_collectfn: false, rank_first: false, aggstar: false, aggvariadic: false, aggkind: 110 'n', agglevelsup: 0, aggsplit: AGGSPLIT_SIMPLE, location: 84} = {
                aggargtypes = OidList with 1 elements = {23},
                args = List with 1 elements = {
                  0 = TargetEntry {resno: 1, resname: 0x0, ressortgroupref: 0, resorigtbl: 0, resorigcol: 0, resjunk: false} = {
                    expr = Var {varno: 65001, varattno: 2, vartype: 23, vartypmod: -1, varcollid: 0, varlevelsup: 0, varnosyn: 3, varattnosyn: 1, location: 90}
                  }
                }
              }
            }
          },
          plan.lefttree = Sort (cost=337.84..337.96 rows=47 width=8 plan_id=5 parallel_aware=False parallel_safe = False) numCols: 1 = {
            sortColIdx = [1],
            sortOperators = [97],
            collations = [0],
            nullsFirst = [False],
            plan.targetlist = List with 2 elements = {
              0 = TargetEntry {resno: 1, resname: 0x0, ressortgroupref: 1, resorigtbl: 0, resorigcol: 0, resjunk: false} = {
                expr = Var {varno: 65001, varattno: 1, vartype: 23, vartypmod: -1, varcollid: 0, varlevelsup: 0, varnosyn: 2, varattnosyn: 1, location: -1}
              },
              1 = TargetEntry {resno: 2, resname: 0x0, ressortgroupref: 0, resorigtbl: 0, resorigcol: 0, resjunk: false} = {
                expr = Var {varno: 65001, varattno: 2, vartype: 23, vartypmod: -1, varcollid: 0, varlevelsup: 0, varnosyn: 3, varattnosyn: 1, location: -1}
              }
            },
            plan.lefttree = HashJoin (cost=136.59..336.54 rows=47 width=8 plan_id=6 parallel_aware=False parallel_safe = False) {join.jointype: JOIN_RIGHT, join.inner_unique: false} = {
              join.plan.targetlist = List with 2 elements = {
                0 = TargetEntry {resno: 1, resname: 0x0, ressortgroupref: 1, resorigtbl: 0, resorigcol: 0, resjunk: false} = {
                  expr = Var {varno: 65000, varattno: 1, vartype: 23, vartypmod: -1, varcollid: 0, varlevelsup: 0, varnosyn: 2, varattnosyn: 1, location: 67}
                },
                1 = TargetEntry {resno: 2, resname: 0x0, ressortgroupref: 0, resorigtbl: 0, resorigcol: 0, resjunk: false} = {
                  expr = Var {varno: 65001, varattno: 1, vartype: 23, vartypmod: -1, varcollid: 0, varlevelsup: 0, varnosyn: 3, varattnosyn: 1, location: 90}
                }
              },
              join.plan.lefttree = RemoteQuery (cost=0.00..199.53 rows=70 width=8 plan_id=7 parallel_aware=False parallel_safe = False) {scan.scanrelid: 5, exec_direct_type: EXEC_DIRECT_NONE, sql_statement: 'SELECT o_orderkey, o_custkey FROM ONLY public.orders orders WHERE ((o_comment)::text !~~ '%special%r', sql_node: 0x0, combine_type: COMBINE_TYPE_NONE, read_only: true, force_autocommit: false, statement: 0x0, cursor: 0x0, rq_num_params: 0, rq_params_internal: false, exec_type: EXEC_ON_DATANODES, is_temp: false, rq_finalise_aggs: false, rq_sortgroup_colno: false, has_row_marks: false, rq_save_command_id: false, rq_use_pk_for_rep_change: false, rq_max_param_num: 0} = {
                scan.plan.targetlist = List with 2 elements = {
                  0 = TargetEntry {resno: 1, resname: 0x0, ressortgroupref: 0, resorigtbl: 0, resorigcol: 0, resjunk: false} = {
                    expr = Var {varno: 5, varattno: 1, vartype: 23, vartypmod: -1, varcollid: 0, varlevelsup: 0, varnosyn: 4, varattnosyn: 1, location: 90}
                  },
                  1 = TargetEntry {resno: 2, resname: 0x0, ressortgroupref: 0, resorigtbl: 0, resorigcol: 0, resjunk: false} = {
                    expr = Var {varno: 5, varattno: 2, vartype: 23, vartypmod: -1, varcollid: 0, varlevelsup: 0, varnosyn: 4, varattnosyn: 2, location: 172}
                  }
                },
                exec_nodes = ExecNodes {accesstype: RELATION_ACCESS_READ, baselocatortype: 72 'H', en_relid: 0, en_funcid: 0} = {
                  en_dist_vars = List with 1 elements = {
                    0 = Var {varno: 2, varattno: 1, vartype: 23, vartypmod: -1, varcollid: 0, varlevelsup: 0, varnosyn: 2, varattnosyn: 1, location: 90}
                  },
                  nodeids = OidList with 3 elements = {16386, 16387, 16388}
                },
                remote_query = Query {commandType: CMD_SELECT, querySource: QSRC_ORIGINAL, queryId: 0, canSetTag: false, resultRelation: 0, hasAggs: false, hasWindowFuncs: false, hasTargetSRFs: false, hasSubLinks: false, hasDistinctOn: false, hasRecursive: false, hasModifyingCTE: false, hasForUpdate: false, hasRowSecurity: false, override: OVERRIDING_NOT_SET, limitOption: LIMIT_OPTION_COUNT, stmt_location: 0, stmt_len: 0, is_local: false, has_to_save_cmd_id: false, in_sub_plan: false, in_explain: false} = {
                  rtable = List with 1 elements = {
                    0 = RangeTblEntry {rtekind: RTE_RELATION, relname: 'orders', relid: 270675, relkind: 114 'r', rellockmode: 1, security_barrier: false, jointype: JOIN_INNER, joinmergedcols: 0, funcordinality: false, ctename: 0x0, ctelevelsup: 0, self_reference: false, enrname: 0x0, enrtuples: 0, param_new: -1, param_old: -1, mt_result: 0x0, defaultCols: 0x0, rows: 0, lateral: false, inh: false, inFromCl: true, requiredPerms: 2, checkAsUser: 0, selectedCols: (b 11 12 19), insertedCols: 0x0, updatedCols: 0x0, extraUpdatedCols: 0x0} = {
                      alias = Alias aliasname: 'orders',
                      eref = Alias aliasname: 'orders' = {
                        colnames = List with 9 elements = {
                          0 = String[ 'o_orderkey' ],
                          1 = String[ 'o_custkey' ],
                          2 = String[ 'o_orderstatus' ],
                          3 = String[ 'o_totalprice' ],
                          4 = String[ 'o_orderdate' ],
                          5 = String[ 'o_orderpriority' ],
                          6 = String[ 'o_clerk' ],
                          7 = String[ 'o_shippriority' ],
                          8 = String[ 'o_comment' ]
                        }
                      }
                    }
                  },
                  jointree = FromExpr  = {
                    fromlist = List with 1 elements = {
                      0 = RangeTblRef rtindex: 1
                    },
                    quals = OpExpr {opno: 1210, opfuncid: 851, opresulttype: 16, opretset: false, opcollid: 0, inputcollid: 100, location: 204} = {
                      args = List with 2 elements = {
                        0 = RelabelType {resulttype: 25, resulttypmod: -1, resultcollid: 100, relabelformat: COERCE_IMPLICIT_CAST, location: -1} = {
                          arg = Var {varno: 1, varattno: 9, vartype: 1043, vartypmod: 83, varcollid: 100, varlevelsup: 0, varnosyn: 0, varattnosyn: 9, location: 194}
                        },
                        1 = Const {consttype: 25, consttypmod: -1, constcollid: 100, constlen: -1, constvalue: 94501922479736, constisnull: false, constbyval: false, location: 213}
                      }
                    }
                  },
                  targetList = List with 2 elements = {
                    0 = TargetEntry {resno: 1, resname: 0x0, ressortgroupref: 0, resorigtbl: 0, resorigcol: 0, resjunk: false} = {
                      expr = Var {varno: 1, varattno: 1, vartype: 23, vartypmod: -1, varcollid: 0, varlevelsup: 0, varnosyn: 0, varattnosyn: 1, location: 90}
                    },
                    1 = TargetEntry {resno: 2, resname: 0x0, ressortgroupref: 0, resorigtbl: 0, resorigcol: 0, resjunk: false} = {
                      expr = Var {varno: 1, varattno: 2, vartype: 23, vartypmod: -1, varcollid: 0, varlevelsup: 0, varnosyn: 0, varattnosyn: 2, location: 172}
                    }
                  }
                },
                base_tlist = List with 2 elements = {
                  0 = TargetEntry {resno: 1, resname: 0x0, ressortgroupref: 0, resorigtbl: 0, resorigcol: 0, resjunk: false} = {
                    expr = Var {varno: 3, varattno: 1, vartype: 23, vartypmod: -1, varcollid: 0, varlevelsup: 0, varnosyn: 3, varattnosyn: 1, location: 90}
                  },
                  1 = TargetEntry {resno: 2, resname: 0x0, ressortgroupref: 0, resorigtbl: 0, resorigcol: 0, resjunk: false} = {
                    expr = Var {varno: 3, varattno: 2, vartype: 23, vartypmod: -1, varcollid: 0, varlevelsup: 0, varnosyn: 3, varattnosyn: 2, location: 172}
                  }
                },
                coord_var_tlist = List with 2 elements = {
                  0 = TargetEntry {resno: 1, resname: 0x0, ressortgroupref: 0, resorigtbl: 0, resorigcol: 0, resjunk: false} = {
                    expr = Var {varno: 2, varattno: 1, vartype: 23, vartypmod: -1, varcollid: 0, varlevelsup: 0, varnosyn: 2, varattnosyn: 1, location: 90}
                  },
                  1 = TargetEntry {resno: 2, resname: 0x0, ressortgroupref: 0, resorigtbl: 0, resorigcol: 0, resjunk: false} = {
                    expr = Var {varno: 2, varattno: 2, vartype: 23, vartypmod: -1, varcollid: 0, varlevelsup: 0, varnosyn: 2, varattnosyn: 2, location: 172}
                  }
                },
                query_var_tlist = List with 2 elements = {
                  0 = TargetEntry {resno: 1, resname: 0x0, ressortgroupref: 0, resorigtbl: 0, resorigcol: 0, resjunk: false} = {
                    expr = Var {varno: 1, varattno: 1, vartype: 23, vartypmod: -1, varcollid: 0, varlevelsup: 0, varnosyn: 0, varattnosyn: 1, location: 90}
                  },
                  1 = TargetEntry {resno: 2, resname: 0x0, ressortgroupref: 0, resorigtbl: 0, resorigcol: 0, resjunk: false} = {
                    expr = Var {varno: 1, varattno: 2, vartype: 23, vartypmod: -1, varcollid: 0, varlevelsup: 0, varnosyn: 0, varattnosyn: 2, location: 172}
                  }
                }
              },
              join.plan.righttree = Hash (cost=136.00..136.00 rows=47 width=4 plan_id=8 parallel_aware=False parallel_safe = False) {skewTable: 270675, skewColumn: 2, skewInherit: false, rows_total: 0} = {
                plan.targetlist = List with 1 elements = {
                  0 = TargetEntry {resno: 1, resname: 0x0, ressortgroupref: 0, resorigtbl: 0, resorigcol: 0, resjunk: false} = {
                    expr = Var {varno: 65001, varattno: 1, vartype: 23, vartypmod: -1, varcollid: 0, varlevelsup: 0, varnosyn: 2, varattnosyn: 1, location: -1}
                  }
                },
                plan.lefttree = RemoteQuery (cost=0.00..136.00 rows=47 width=4 plan_id=9 parallel_aware=False parallel_safe = False) {scan.scanrelid: 6, exec_direct_type: EXEC_DIRECT_NONE, sql_statement: 'SELECT c_custkey FROM ONLY public.customer customer WHERE true', sql_node: 0x0, combine_type: COMBINE_TYPE_NONE, read_only: true, force_autocommit: false, statement: 0x0, cursor: 0x0, rq_num_params: 0, rq_params_internal: false, exec_type: EXEC_ON_DATANODES, is_temp: false, rq_finalise_aggs: false, rq_sortgroup_colno: false, has_row_marks: false, rq_save_command_id: false, rq_use_pk_for_rep_change: false, rq_max_param_num: 0} = {
                  scan.plan.targetlist = List with 1 elements = {
                    0 = TargetEntry {resno: 1, resname: 0x0, ressortgroupref: 0, resorigtbl: 0, resorigcol: 0, resjunk: false} = {
                      expr = Var {varno: 6, varattno: 1, vartype: 23, vartypmod: -1, varcollid: 0, varlevelsup: 0, varnosyn: 3, varattnosyn: 1, location: 67}
                    }
                  },
                  exec_nodes = ExecNodes {accesstype: RELATION_ACCESS_READ, baselocatortype: 72 'H', en_relid: 0, en_funcid: 0} = {
                    en_dist_vars = List with 1 elements = {
                      0 = Var {varno: 1, varattno: 1, vartype: 23, vartypmod: -1, varcollid: 0, varlevelsup: 0, varnosyn: 1, varattnosyn: 1, location: 67}
                    },
                    nodeids = OidList with 3 elements = {16386, 16387, 16388}
                  },
                  remote_query = Query {commandType: CMD_SELECT, querySource: QSRC_ORIGINAL, queryId: 0, canSetTag: false, resultRelation: 0, hasAggs: false, hasWindowFuncs: false, hasTargetSRFs: false, hasSubLinks: false, hasDistinctOn: false, hasRecursive: false, hasModifyingCTE: false, hasForUpdate: false, hasRowSecurity: false, override: OVERRIDING_NOT_SET, limitOption: LIMIT_OPTION_COUNT, stmt_location: 0, stmt_len: 0, is_local: false, has_to_save_cmd_id: false, in_sub_plan: false, in_explain: false} = {
                    rtable = List with 1 elements = {
                      0 = RangeTblEntry {rtekind: RTE_RELATION, relname: 'customer', relid: 270672, relkind: 114 'r', rellockmode: 1, security_barrier: false, jointype: JOIN_INNER, joinmergedcols: 0, funcordinality: false, ctename: 0x0, ctelevelsup: 0, self_reference: false, enrname: 0x0, enrtuples: 0, param_new: -1, param_old: -1, mt_result: 0x0, defaultCols: 0x0, rows: 0, lateral: false, inh: false, inFromCl: true, requiredPerms: 2, checkAsUser: 0, selectedCols: (b 11), insertedCols: 0x0, updatedCols: 0x0, extraUpdatedCols: 0x0} = {
                        alias = Alias aliasname: 'customer',
                        eref = Alias aliasname: 'customer' = {
                          colnames = List with 8 elements = {
                            0 = String[ 'c_custkey' ],
                            1 = String[ 'c_name' ],
                            2 = String[ 'c_address' ],
                            3 = String[ 'c_nationkey' ],
                            4 = String[ 'c_phone' ],
                            5 = String[ 'c_acctbal' ],
                            6 = String[ 'c_mktsegment' ],
                            7 = String[ 'c_comment' ]
                          }
                        }
                      }
                    },
                    jointree = FromExpr  = {
                      fromlist = List with 1 elements = {
                        0 = RangeTblRef rtindex: 1
                      },
                      quals = Const {consttype: 16, consttypmod: -1, constcollid: 0, constlen: 1, constvalue: 1, constisnull: false, constbyval: true, location: -1}
                    },
                    targetList = List with 1 elements = {
                      0 = TargetEntry {resno: 1, resname: 0x0, ressortgroupref: 0, resorigtbl: 0, resorigcol: 0, resjunk: false} = {
                        expr = Var {varno: 1, varattno: 1, vartype: 23, vartypmod: -1, varcollid: 0, varlevelsup: 0, varnosyn: 0, varattnosyn: 1, location: 67}
                      }
                    }
                  },
                  base_tlist = List with 1 elements = {
                    0 = TargetEntry {resno: 1, resname: 0x0, ressortgroupref: 0, resorigtbl: 0, resorigcol: 0, resjunk: false} = {
                      expr = Var {varno: 2, varattno: 1, vartype: 23, vartypmod: -1, varcollid: 0, varlevelsup: 0, varnosyn: 2, varattnosyn: 1, location: 67}
                    }
                  },
                  coord_var_tlist = List with 1 elements = {
                    0 = TargetEntry {resno: 1, resname: 0x0, ressortgroupref: 0, resorigtbl: 0, resorigcol: 0, resjunk: false} = {
                      expr = Var {varno: 1, varattno: 1, vartype: 23, vartypmod: -1, varcollid: 0, varlevelsup: 0, varnosyn: 1, varattnosyn: 1, location: 67}
                    }
                  },
                  query_var_tlist = List with 1 elements = {
                    0 = TargetEntry {resno: 1, resname: 0x0, ressortgroupref: 0, resorigtbl: 0, resorigcol: 0, resjunk: false} = {
                      expr = Var {varno: 1, varattno: 1, vartype: 23, vartypmod: -1, varcollid: 0, varlevelsup: 0, varnosyn: 0, varattnosyn: 1, location: 67}
                    }
                  }
                },
                hashkeys = List with 1 elements = {
                  0 = Var {varno: 65001, varattno: 1, vartype: 23, vartypmod: -1, varcollid: 0, varlevelsup: 0, varnosyn: 2, varattnosyn: 1, location: 160}
                }
              },
              hashclauses = List with 1 elements = {
                0 = OpExpr {opno: 96, opfuncid: 65, opresulttype: 16, opretset: false, opcollid: 0, inputcollid: 0, location: 170} = {
                  args = List with 2 elements = {
                    0 = Var {varno: 65001, varattno: 2, vartype: 23, vartypmod: -1, varcollid: 0, varlevelsup: 0, varnosyn: 3, varattnosyn: 2, location: 172},
                    1 = Var {varno: 65000, varattno: 1, vartype: 23, vartypmod: -1, varcollid: 0, varlevelsup: 0, varnosyn: 2, varattnosyn: 1, location: 160}
                  }
                }
              },
              hashoperators = OidList with 1 elements = {96},
              hashcollations = OidList with 1 elements = {0},
              hashkeys = List with 1 elements = {
                0 = Var {varno: 65001, varattno: 2, vartype: 23, vartypmod: -1, varcollid: 0, varlevelsup: 0, varnosyn: 3, varattnosyn: 2, location: 172}
              }
            }
          }
        }
      }
    }
  }
}

Breakpoint 1, standard_planner (parse=0x55f2f17ae970, query_string=0x55f2f1676670 "select\n  100.00 * sum(case\n    when p_type like 'PROMO%'\n      then l_extendedprice * (1 - l_discount)\n    else 0\n  end) / sum(l_extendedprice * (1 - l_discount)) as promo_revenue\nfrom\n  lineitem,\n  p"..., cursorOptions=33024, boundParams=0x0) at /workspaces/AntDB/src/backend/optimizer/plan/planner.c:661
661		top_plan = create_plan(root, best_path);
$40 = Query {commandType: CMD_SELECT, querySource: QSRC_ORIGINAL, queryId: 0, canSetTag: true, resultRelation: 0, hasAggs: true, hasWindowFuncs: false, hasTargetSRFs: false, hasSubLinks: false, hasDistinctOn: false, hasRecursive: false, hasModifyingCTE: false, hasForUpdate: false, hasRowSecurity: false, override: OVERRIDING_NOT_SET, limitOption: LIMIT_OPTION_COUNT, stmt_location: 0, stmt_len: 329, is_local: false, has_to_save_cmd_id: false, in_sub_plan: false, in_explain: false} = {
  rtable = List with 2 elements = {
    0 = RangeTblEntry {rtekind: RTE_RELATION, relname: 'lineitem', relid: 270678, relkind: 114 'r', rellockmode: 1, security_barrier: false, jointype: JOIN_INNER, joinmergedcols: 0, funcordinality: false, ctename: 0x0, ctelevelsup: 0, self_reference: false, enrname: 0x0, enrtuples: 0, param_new: -1, param_old: -1, mt_result: 0x0, defaultCols: 0x0, rows: 0, lateral: false, inh: false, inFromCl: true, requiredPerms: 2, checkAsUser: 0, selectedCols: (b 12 16 17 21), insertedCols: 0x0, updatedCols: 0x0, extraUpdatedCols: 0x0} = {
      eref = Alias aliasname: 'lineitem' = {
        colnames = List with 16 elements = {
          0 = String[ 'l_orderkey' ],
          1 = String[ 'l_partkey' ],
          2 = String[ 'l_suppkey' ],
          3 = String[ 'l_linenumber' ],
          4 = String[ 'l_quantity' ],
          5 = String[ 'l_extendedprice' ],
          6 = String[ 'l_discount' ],
          7 = String[ 'l_tax' ],
          8 = String[ 'l_returnflag' ],
          9 = String[ 'l_linestatus' ],
          10 = String[ 'l_shipdate' ],
          11 = String[ 'l_commitdate' ],
          12 = String[ 'l_receiptdate' ],
          13 = String[ 'l_shipinstruct' ],
          14 = String[ 'l_shipmode' ],
          15 = String[ 'l_comment' ]
        }
      }
    },
    1 = RangeTblEntry {rtekind: RTE_RELATION, relname: 'part', relid: 270663, relkind: 114 'r', rellockmode: 1, security_barrier: false, jointype: JOIN_INNER, joinmergedcols: 0, funcordinality: false, ctename: 0x0, ctelevelsup: 0, self_reference: false, enrname: 0x0, enrtuples: 0, param_new: -1, param_old: -1, mt_result: 0x0, defaultCols: 0x0, rows: 0, lateral: false, inh: false, inFromCl: true, requiredPerms: 2, checkAsUser: 0, selectedCols: (b 11 15), insertedCols: 0x0, updatedCols: 0x0, extraUpdatedCols: 0x0} = {
      eref = Alias aliasname: 'part' = {
        colnames = List with 9 elements = {
          0 = String[ 'p_partkey' ],
          1 = String[ 'p_name' ],
          2 = String[ 'p_mfgr' ],
          3 = String[ 'p_brand' ],
          4 = String[ 'p_type' ],
          5 = String[ 'p_size' ],
          6 = String[ 'p_container' ],
          7 = String[ 'p_retailprice' ],
          8 = String[ 'p_comment' ]
        }
      }
    }
  },
  jointree = FromExpr  = {
    fromlist = List with 2 elements = {
      0 = RangeTblRef rtindex: 1,
      1 = RangeTblRef rtindex: 2
    },
    quals = List with 3 elements = {
      0 = OpExpr {opno: 96, opfuncid: 65, opresulttype: 16, opretset: false, opcollid: 0, inputcollid: 0, location: 222} = {
        args = List with 2 elements = {
          0 = Var {varno: 1, varattno: 2, vartype: 23, vartypmod: -1, varcollid: 0, varlevelsup: 0, varnosyn: 1, varattnosyn: 2, location: 212},
          1 = Var {varno: 2, varattno: 1, vartype: 23, vartypmod: -1, varcollid: 0, varlevelsup: 0, varnosyn: 2, varattnosyn: 1, location: 224}
        }
      },
      1 = OpExpr {opno: 1098, opfuncid: 1090, opresulttype: 16, opretset: false, opcollid: 0, inputcollid: 0, location: 251} = {
        args = List with 2 elements = {
          0 = Var {varno: 1, varattno: 11, vartype: 1082, vartypmod: -1, varcollid: 0, varlevelsup: 0, varnosyn: 1, varattnosyn: 11, location: 240},
          1 = Const {consttype: 1082, consttypmod: -1, constcollid: 0, constlen: 4, constvalue: 18446744073709550033, constisnull: false, constbyval: true, location: 259}
        }
      },
      2 = OpExpr {opno: 2345, opfuncid: 2338, opresulttype: 16, opretset: false, opcollid: 0, inputcollid: 0, location: 289} = {
        args = List with 2 elements = {
          0 = Var {varno: 1, varattno: 11, vartype: 1082, vartypmod: -1, varcollid: 0, varlevelsup: 0, varnosyn: 1, varattnosyn: 11, location: 278},
          1 = Const {consttype: 1114, consttypmod: -1, constcollid: 0, constlen: 8, constvalue: 18446609894509551616, constisnull: false, constbyval: true, location: -1}
        }
      }
    }
  },
  targetList = List with 1 elements = {
    0 = TargetEntry {resno: 1, resname: 'promo_revenue', ressortgroupref: 0, resorigtbl: 0, resorigcol: 0, resjunk: false} = {
      expr = OpExpr {opno: 1761, opfuncid: 1727, opresulttype: 1700, opretset: false, opcollid: 0, inputcollid: 0, location: 121} = {
        args = List with 2 elements = {
          0 = OpExpr {opno: 1760, opfuncid: 1726, opresulttype: 1700, opretset: false, opcollid: 0, inputcollid: 0, location: 16} = {
            args = List with 2 elements = {
              0 = Const {consttype: 1700, consttypmod: -1, constcollid: 0, constlen: -1, constvalue: 94501922234496, constisnull: false, constbyval: false, location: 9},
              1 = Aggref {aggfnoid: 2114, aggtype: 1700, aggcollid: 0, inputcollid: 0, aggtranstype: 2281, aggtrantype: 0, agghas_collectfn: false, rank_first: false, aggstar: false, aggvariadic: false, aggkind: 110 'n', agglevelsup: 0, aggsplit: AGGSPLIT_SIMPLE, location: 18} = {
                aggargtypes = OidList with 1 elements = {1700},
                args = List with 1 elements = {
                  0 = TargetEntry {resno: 1, resname: 0x0, ressortgroupref: 0, resorigtbl: 0, resorigcol: 0, resjunk: false} = {
                    expr = CaseExpr {casetype: 1700, casecollid: 0, location: 22} = {
                      args = List with 1 elements = {
                        0 = CaseWhen location: 31 = {
                          expr = OpExpr {opno: 1209, opfuncid: 850, opresulttype: 16, opretset: false, opcollid: 0, inputcollid: 100, location: 43} = {
                            args = List with 2 elements = {
                              0 = RelabelType {resulttype: 25, resulttypmod: -1, resultcollid: 100, relabelformat: COERCE_IMPLICIT_CAST, location: -1} = {
                                arg = Var {varno: 2, varattno: 5, vartype: 1043, vartypmod: 29, varcollid: 100, varlevelsup: 0, varnosyn: 2, varattnosyn: 5, location: 36}
                              },
                              1 = Const {consttype: 25, consttypmod: -1, constcollid: 100, constlen: -1, constvalue: 94501922235200, constisnull: false, constbyval: false, location: 48}
                            }
                          },
                          result = OpExpr {opno: 1760, opfuncid: 1726, opresulttype: 1700, opretset: false, opcollid: 0, inputcollid: 0, location: 84} = {
                            args = List with 2 elements = {
                              0 = Var {varno: 1, varattno: 6, vartype: 1700, vartypmod: 983046, varcollid: 0, varlevelsup: 0, varnosyn: 1, varattnosyn: 6, location: 68},
                              1 = OpExpr {opno: 1759, opfuncid: 1725, opresulttype: 1700, opretset: false, opcollid: 0, inputcollid: 0, location: 89} = {
                                args = List with 2 elements = {
                                  0 = Const {consttype: 1700, consttypmod: -1, constcollid: 0, constlen: -1, constvalue: 94501922234464, constisnull: false, constbyval: false, location: -1},
                                  1 = Var {varno: 1, varattno: 7, vartype: 1700, vartypmod: 983046, varcollid: 0, varlevelsup: 0, varnosyn: 1, varattnosyn: 7, location: 91}
                                }
                              }
                            }
                          }
                        }
                      },
                      defresult = Const {consttype: 1700, consttypmod: -1, constcollid: 0, constlen: -1, constvalue: 94501922241688, constisnull: false, constbyval: false, location: -1}
                    }
                  }
                }
              }
            }
          },
          1 = Aggref {aggfnoid: 2114, aggtype: 1700, aggcollid: 0, inputcollid: 0, aggtranstype: 2281, aggtrantype: 0, agghas_collectfn: false, rank_first: false, aggstar: false, aggvariadic: false, aggkind: 110 'n', agglevelsup: 0, aggsplit: AGGSPLIT_SIMPLE, location: 123} = {
            aggargtypes = OidList with 1 elements = {1700},
            args = List with 1 elements = {
              0 = TargetEntry {resno: 1, resname: 0x0, ressortgroupref: 0, resorigtbl: 0, resorigcol: 0, resjunk: false} = {
                expr = OpExpr {opno: 1760, opfuncid: 1726, opresulttype: 1700, opretset: false, opcollid: 0, inputcollid: 0, location: 143} = {
                  args = List with 2 elements = {
                    0 = Var {varno: 1, varattno: 6, vartype: 1700, vartypmod: 983046, varcollid: 0, varlevelsup: 0, varnosyn: 1, varattnosyn: 6, location: 127},
                    1 = OpExpr {opno: 1759, opfuncid: 1725, opresulttype: 1700, opretset: false, opcollid: 0, inputcollid: 0, location: 148} = {
                      args = List with 2 elements = {
                        0 = Const {consttype: 1700, consttypmod: -1, constcollid: 0, constlen: -1, constvalue: 94501922247664, constisnull: false, constbyval: false, location: -1},
                        1 = Var {varno: 1, varattno: 7, vartype: 1700, vartypmod: 983046, varcollid: 0, varlevelsup: 0, varnosyn: 1, varattnosyn: 7, location: 150}
                      }
                    }
                  }
                }
              }
            }
          }
        }
      }
    }
  }
}
$41 = AggPath T_Agg (cost=345.69..345.70 rows=1 parallel_aware=False parallel_safe=False parallel_workers=0) {aggstrategy: AGG_PLAIN, aggsplit: AGGSPLIT_SIMPLE, numGroups: 1, transitionSpace: 256} = {
  path.parent = (b),
  path.pathtarget = PathTarget {cost: (0.00..0.01), width: 32} = {
    sortgrouprefs = [0],
    exprs = List with 1 elements = {
      0 = OpExpr {opno: 1761, opfuncid: 1727, opresulttype: 1700, opretset: false, opcollid: 0, inputcollid: 0, location: 121} = {
        args = List with 2 elements = {
          0 = OpExpr {opno: 1760, opfuncid: 1726, opresulttype: 1700, opretset: false, opcollid: 0, inputcollid: 0, location: 16} = {
            args = List with 2 elements = {
              0 = Const {consttype: 1700, consttypmod: -1, constcollid: 0, constlen: -1, constvalue: 94501922234496, constisnull: false, constbyval: false, location: 9},
              1 = Aggref {aggfnoid: 2114, aggtype: 1700, aggcollid: 0, inputcollid: 0, aggtranstype: 2281, aggtrantype: 0, agghas_collectfn: false, rank_first: false, aggstar: false, aggvariadic: false, aggkind: 110 'n', agglevelsup: 0, aggsplit: AGGSPLIT_SIMPLE, location: 18} = {
                aggargtypes = OidList with 1 elements = {1700},
                args = List with 1 elements = {
                  0 = TargetEntry {resno: 1, resname: 0x0, ressortgroupref: 0, resorigtbl: 0, resorigcol: 0, resjunk: false} = {
                    expr = CaseExpr {casetype: 1700, casecollid: 0, location: 22} = {
                      args = List with 1 elements = {
                        0 = CaseWhen location: 31 = {
                          expr = OpExpr {opno: 1209, opfuncid: 850, opresulttype: 16, opretset: false, opcollid: 0, inputcollid: 100, location: 43} = {
                            args = List with 2 elements = {
                              0 = RelabelType {resulttype: 25, resulttypmod: -1, resultcollid: 100, relabelformat: COERCE_IMPLICIT_CAST, location: -1} = {
                                arg = Var {varno: 2, varattno: 5, vartype: 1043, vartypmod: 29, varcollid: 100, varlevelsup: 0, varnosyn: 2, varattnosyn: 5, location: 36}
                              },
                              1 = Const {consttype: 25, consttypmod: -1, constcollid: 100, constlen: -1, constvalue: 94501922235200, constisnull: false, constbyval: false, location: 48}
                            }
                          },
                          result = OpExpr {opno: 1760, opfuncid: 1726, opresulttype: 1700, opretset: false, opcollid: 0, inputcollid: 0, location: 84} = {
                            args = List with 2 elements = {
                              0 = Var {varno: 1, varattno: 6, vartype: 1700, vartypmod: 983046, varcollid: 0, varlevelsup: 0, varnosyn: 1, varattnosyn: 6, location: 68},
                              1 = OpExpr {opno: 1759, opfuncid: 1725, opresulttype: 1700, opretset: false, opcollid: 0, inputcollid: 0, location: 89} = {
                                args = List with 2 elements = {
                                  0 = Const {consttype: 1700, consttypmod: -1, constcollid: 0, constlen: -1, constvalue: 94501922234464, constisnull: false, constbyval: false, location: -1},
                                  1 = Var {varno: 1, varattno: 7, vartype: 1700, vartypmod: 983046, varcollid: 0, varlevelsup: 0, varnosyn: 1, varattnosyn: 7, location: 91}
                                }
                              }
                            }
                          }
                        }
                      },
                      defresult = Const {consttype: 1700, consttypmod: -1, constcollid: 0, constlen: -1, constvalue: 94501922241688, constisnull: false, constbyval: false, location: -1}
                    }
                  }
                }
              }
            }
          },
          1 = Aggref {aggfnoid: 2114, aggtype: 1700, aggcollid: 0, inputcollid: 0, aggtranstype: 2281, aggtrantype: 0, agghas_collectfn: false, rank_first: false, aggstar: false, aggvariadic: false, aggkind: 110 'n', agglevelsup: 0, aggsplit: AGGSPLIT_SIMPLE, location: 123} = {
            aggargtypes = OidList with 1 elements = {1700},
            args = List with 1 elements = {
              0 = TargetEntry {resno: 1, resname: 0x0, ressortgroupref: 0, resorigtbl: 0, resorigcol: 0, resjunk: false} = {
                expr = OpExpr {opno: 1760, opfuncid: 1726, opresulttype: 1700, opretset: false, opcollid: 0, inputcollid: 0, location: 143} = {
                  args = List with 2 elements = {
                    0 = Var {varno: 1, varattno: 6, vartype: 1700, vartypmod: 983046, varcollid: 0, varlevelsup: 0, varnosyn: 1, varattnosyn: 6, location: 127},
                    1 = OpExpr {opno: 1759, opfuncid: 1725, opresulttype: 1700, opretset: false, opcollid: 0, inputcollid: 0, location: 148} = {
                      args = List with 2 elements = {
                        0 = Const {consttype: 1700, consttypmod: -1, constcollid: 0, constlen: -1, constvalue: 94501922247664, constisnull: false, constbyval: false, location: -1},
                        1 = Var {varno: 1, varattno: 7, vartype: 1700, vartypmod: 983046, varcollid: 0, varlevelsup: 0, varnosyn: 1, varattnosyn: 7, location: 150}
                      }
                    }
                  }
                }
              }
            }
          }
        }
      }
    },
    as_loc_list = IntList with 1 elements = {166},
    expr_loc_list = IntList with 1 elements = {9},
    expr_len_list = IntList with 1 elements = {154},
    expr_type_list = IntList with 1 elements = {397}
  },
  subpath = ProjectionPath T_Result (cost=0.00..345.66 rows=1 parallel_aware=False parallel_safe=False parallel_workers=0) dummypp: true = {
    path.parent = (b 1 2),
    path.pathtarget = PathTarget {cost: (0.00..0.00), width: 104} = {
      exprs = List with 3 elements = {
        0 = Var {varno: 2, varattno: 5, vartype: 1043, vartypmod: 29, varcollid: 100, varlevelsup: 0, varnosyn: 2, varattnosyn: 5, location: 36},
        1 = Var {varno: 1, varattno: 6, vartype: 1700, vartypmod: 983046, varcollid: 0, varlevelsup: 0, varnosyn: 1, varattnosyn: 6, location: 68},
        2 = Var {varno: 1, varattno: 7, vartype: 1700, vartypmod: 983046, varcollid: 0, varlevelsup: 0, varnosyn: 1, varattnosyn: 7, location: 91}
      }
    },
    subpath = JoinPath T_NestLoop (cost=0.00..345.66 rows=1 parallel_aware=False parallel_safe=False parallel_workers=0) {jointype: JOIN_INNER, inner_unique: false} = {
      path.parent = (b 1 2),
      path.pathtarget = PathTarget {cost: (0.00..0.00), width: 104} = {
        exprs = List with 3 elements = {
          0 = Var {varno: 1, varattno: 6, vartype: 1700, vartypmod: 983046, varcollid: 0, varlevelsup: 0, varnosyn: 1, varattnosyn: 6, location: 68},
          1 = Var {varno: 1, varattno: 7, vartype: 1700, vartypmod: 983046, varcollid: 0, varlevelsup: 0, varnosyn: 1, varattnosyn: 7, location: 91},
          2 = Var {varno: 2, varattno: 5, vartype: 1043, vartypmod: 29, varcollid: 100, varlevelsup: 0, varnosyn: 2, varattnosyn: 5, location: 36}
        }
      },
      outerjoinpath = RemoteQueryPath T_RemoteQuery (cost=0.00..191.00 rows=1 parallel_aware=False parallel_safe=False parallel_workers=0) {jointype: JOIN_INNER, rqhas_unshippable_qual: false, rqhas_temp_rel: false, rqhas_unshippable_tlist: false} = {
        path.parent = (b 1),
        path.pathtarget = PathTarget {cost: (0.00..0.00), width: 40} = {
          exprs = List with 3 elements = {
            0 = Var {varno: 1, varattno: 6, vartype: 1700, vartypmod: 983046, varcollid: 0, varlevelsup: 0, varnosyn: 1, varattnosyn: 6, location: 68},
            1 = Var {varno: 1, varattno: 7, vartype: 1700, vartypmod: 983046, varcollid: 0, varlevelsup: 0, varnosyn: 1, varattnosyn: 7, location: 91},
            2 = Var {varno: 1, varattno: 2, vartype: 23, vartypmod: -1, varcollid: 0, varlevelsup: 0, varnosyn: 1, varattnosyn: 2, location: 212}
          }
        },
        rqpath_en = ExecNodes {accesstype: RELATION_ACCESS_READ, baselocatortype: 72 'H', en_relid: 0, en_funcid: 0} = {
          en_dist_vars = List with 1 elements = {
            0 = Var {varno: 1, varattno: 1, vartype: 23, vartypmod: -1, varcollid: 0, varlevelsup: 0, varnosyn: 1, varattnosyn: 1, location: -1}
          },
          nodeids = OidList with 3 elements = {16386, 16387, 16388}
        }
      },
      innerjoinpath = RemoteQueryPath T_RemoteQuery (cost=0.00..154.00 rows=53 parallel_aware=False parallel_safe=False parallel_workers=0) {jointype: JOIN_INNER, rqhas_unshippable_qual: false, rqhas_temp_rel: false, rqhas_unshippable_tlist: false} = {
        path.parent = (b 2),
        path.pathtarget = PathTarget {cost: (0.00..0.00), width: 72} = {
          exprs = List with 2 elements = {
            0 = Var {varno: 2, varattno: 5, vartype: 1043, vartypmod: 29, varcollid: 100, varlevelsup: 0, varnosyn: 2, varattnosyn: 5, location: 36},
            1 = Var {varno: 2, varattno: 1, vartype: 23, vartypmod: -1, varcollid: 0, varlevelsup: 0, varnosyn: 2, varattnosyn: 1, location: 224}
          }
        },
        rqpath_en = ExecNodes {accesstype: RELATION_ACCESS_READ, baselocatortype: 72 'H', en_relid: 0, en_funcid: 0} = {
          en_dist_vars = List with 1 elements = {
            0 = Var {varno: 2, varattno: 1, vartype: 23, vartypmod: -1, varcollid: 0, varlevelsup: 0, varnosyn: 2, varattnosyn: 1, location: 224}
          },
          nodeids = OidList with 3 elements = {16386, 16387, 16388}
        }
      },
      joinrestrictinfo = List with 1 elements = {
        0 = RestrictInfo {is_pushed_down: true, outerjoin_delayed: false, can_join: true, pseudoconstant: false, leakproof: false, security_level: 0, clause_relids: (b 1 2), required_relids: (b 1 2), outer_relids: (b), nullable_relids: (b), left_relids: (b 1), right_relids: (b 2), eval_cost: (0.00..0.00), norm_selec: 0.0050, outer_selec: -1.0000, outer_is_left: false, hashjoinoperator: 96, left_bucketsize: 0.1000, right_bucketsize: 0.0189, left_mcvfreq: 0.0000, right_mcvfreq: 0.0000} = {
          clause = OpExpr {opno: 96, opfuncid: 65, opresulttype: 16, opretset: false, opcollid: 0, inputcollid: 0, location: -1} = {
            args = List with 2 elements = {
              0 = Var {varno: 1, varattno: 2, vartype: 23, vartypmod: -1, varcollid: 0, varlevelsup: 0, varnosyn: 1, varattnosyn: 2, location: 212},
              1 = Var {varno: 2, varattno: 1, vartype: 23, vartypmod: -1, varcollid: 0, varlevelsup: 0, varnosyn: 2, varattnosyn: 1, location: 224}
            }
          },
          mergeopfamilies = OidList with 1 elements = {1976},
          left_em = EquivalenceMember {em_relids: (b 1), em_is_const: false, em_is_child: false, em_datatype: 23} = {
            em_expr = Var {varno: 1, varattno: 2, vartype: 23, vartypmod: -1, varcollid: 0, varlevelsup: 0, varnosyn: 1, varattnosyn: 2, location: 212}
          },
          right_em = EquivalenceMember {em_relids: (b 2), em_is_const: false, em_is_child: false, em_datatype: 23} = {
            em_expr = Var {varno: 2, varattno: 1, vartype: 23, vartypmod: -1, varcollid: 0, varlevelsup: 0, varnosyn: 2, varattnosyn: 1, location: 224}
          }
        }
      }
    }
  }
}

Breakpoint 2, standard_planner (parse=0x55f2f17ae970, query_string=0x55f2f1676670 "select\n  100.00 * sum(case\n    when p_type like 'PROMO%'\n      then l_extendedprice * (1 - l_discount)\n    else 0\n  end) / sum(l_extendedprice * (1 - l_discount)) as promo_revenue\nfrom\n  lineitem,\n  p"..., cursorOptions=33024, boundParams=0x0) at /workspaces/AntDB/src/backend/optimizer/plan/planner.c:761
761		result->commandType = parse->commandType;
$42 = Agg (cost=345.69..345.70 rows=1 width=32 plan_id=0 parallel_aware=False parallel_safe = False) {aggstrategy: AGG_PLAIN, aggsplit: AGGSPLIT_SIMPLE, numCols: 0, numGroups: 1, transitionSpace: 256, aggParams: 0x0} = {
  plan.targetlist = List with 1 elements = {
    0 = TargetEntry {resno: 1, resname: 'promo_revenue', ressortgroupref: 0, resorigtbl: 0, resorigcol: 0, resjunk: false} = {
      expr = OpExpr {opno: 1761, opfuncid: 1727, opresulttype: 1700, opretset: false, opcollid: 0, inputcollid: 0, location: 121} = {
        args = List with 2 elements = {
          0 = OpExpr {opno: 1760, opfuncid: 1726, opresulttype: 1700, opretset: false, opcollid: 0, inputcollid: 0, location: 16} = {
            args = List with 2 elements = {
              0 = Const {consttype: 1700, consttypmod: -1, constcollid: 0, constlen: -1, constvalue: 94501922234496, constisnull: false, constbyval: false, location: 9},
              1 = Aggref {aggfnoid: 2114, aggtype: 1700, aggcollid: 0, inputcollid: 0, aggtranstype: 2281, aggtrantype: 0, agghas_collectfn: false, rank_first: false, aggstar: false, aggvariadic: false, aggkind: 110 'n', agglevelsup: 0, aggsplit: AGGSPLIT_SIMPLE, location: 18} = {
                aggargtypes = OidList with 1 elements = {1700},
                args = List with 1 elements = {
                  0 = TargetEntry {resno: 1, resname: 0x0, ressortgroupref: 0, resorigtbl: 0, resorigcol: 0, resjunk: false} = {
                    expr = CaseExpr {casetype: 1700, casecollid: 0, location: 22} = {
                      args = List with 1 elements = {
                        0 = CaseWhen location: 31 = {
                          expr = OpExpr {opno: 1209, opfuncid: 850, opresulttype: 16, opretset: false, opcollid: 0, inputcollid: 100, location: 43} = {
                            args = List with 2 elements = {
                              0 = RelabelType {resulttype: 25, resulttypmod: -1, resultcollid: 100, relabelformat: COERCE_IMPLICIT_CAST, location: -1} = {
                                arg = Var {varno: 65001, varattno: 1, vartype: 1043, vartypmod: 29, varcollid: 100, varlevelsup: 0, varnosyn: 2, varattnosyn: 5, location: 36}
                              },
                              1 = Const {consttype: 25, consttypmod: -1, constcollid: 100, constlen: -1, constvalue: 94501922235200, constisnull: false, constbyval: false, location: 48}
                            }
                          },
                          result = OpExpr {opno: 1760, opfuncid: 1726, opresulttype: 1700, opretset: false, opcollid: 0, inputcollid: 0, location: 84} = {
                            args = List with 2 elements = {
                              0 = Var {varno: 65001, varattno: 2, vartype: 1700, vartypmod: 983046, varcollid: 0, varlevelsup: 0, varnosyn: 1, varattnosyn: 6, location: 68},
                              1 = OpExpr {opno: 1759, opfuncid: 1725, opresulttype: 1700, opretset: false, opcollid: 0, inputcollid: 0, location: 89} = {
                                args = List with 2 elements = {
                                  0 = Const {consttype: 1700, consttypmod: -1, constcollid: 0, constlen: -1, constvalue: 94501922234464, constisnull: false, constbyval: false, location: -1},
                                  1 = Var {varno: 65001, varattno: 3, vartype: 1700, vartypmod: 983046, varcollid: 0, varlevelsup: 0, varnosyn: 1, varattnosyn: 7, location: 91}
                                }
                              }
                            }
                          }
                        }
                      },
                      defresult = Const {consttype: 1700, consttypmod: -1, constcollid: 0, constlen: -1, constvalue: 94501922241688, constisnull: false, constbyval: false, location: -1}
                    }
                  }
                }
              }
            }
          },
          1 = Aggref {aggfnoid: 2114, aggtype: 1700, aggcollid: 0, inputcollid: 0, aggtranstype: 2281, aggtrantype: 0, agghas_collectfn: false, rank_first: false, aggstar: false, aggvariadic: false, aggkind: 110 'n', agglevelsup: 0, aggsplit: AGGSPLIT_SIMPLE, location: 123} = {
            aggargtypes = OidList with 1 elements = {1700},
            args = List with 1 elements = {
              0 = TargetEntry {resno: 1, resname: 0x0, ressortgroupref: 0, resorigtbl: 0, resorigcol: 0, resjunk: false} = {
                expr = OpExpr {opno: 1760, opfuncid: 1726, opresulttype: 1700, opretset: false, opcollid: 0, inputcollid: 0, location: 143} = {
                  args = List with 2 elements = {
                    0 = Var {varno: 65001, varattno: 2, vartype: 1700, vartypmod: 983046, varcollid: 0, varlevelsup: 0, varnosyn: 1, varattnosyn: 6, location: 127},
                    1 = OpExpr {opno: 1759, opfuncid: 1725, opresulttype: 1700, opretset: false, opcollid: 0, inputcollid: 0, location: 148} = {
                      args = List with 2 elements = {
                        0 = Const {consttype: 1700, consttypmod: -1, constcollid: 0, constlen: -1, constvalue: 94501922247664, constisnull: false, constbyval: false, location: -1},
                        1 = Var {varno: 65001, varattno: 3, vartype: 1700, vartypmod: 983046, varcollid: 0, varlevelsup: 0, varnosyn: 1, varattnosyn: 7, location: 150}
                      }
                    }
                  }
                }
              }
            }
          }
        }
      }
    }
  },
  plan.lefttree = NestLoop (cost=0.00..345.66 rows=1 width=104 plan_id=1 parallel_aware=False parallel_safe = False) {join.jointype: JOIN_INNER, join.inner_unique: false} = {
    join.plan.targetlist = List with 3 elements = {
      0 = TargetEntry {resno: 1, resname: 0x0, ressortgroupref: 0, resorigtbl: 0, resorigcol: 0, resjunk: false} = {
        expr = Var {varno: 65000, varattno: 1, vartype: 1043, vartypmod: 29, varcollid: 100, varlevelsup: 0, varnosyn: 2, varattnosyn: 5, location: 36}
      },
      1 = TargetEntry {resno: 2, resname: 0x0, ressortgroupref: 0, resorigtbl: 0, resorigcol: 0, resjunk: false} = {
        expr = Var {varno: 65001, varattno: 1, vartype: 1700, vartypmod: 983046, varcollid: 0, varlevelsup: 0, varnosyn: 1, varattnosyn: 6, location: 68}
      },
      2 = TargetEntry {resno: 3, resname: 0x0, ressortgroupref: 0, resorigtbl: 0, resorigcol: 0, resjunk: false} = {
        expr = Var {varno: 65001, varattno: 2, vartype: 1700, vartypmod: 983046, varcollid: 0, varlevelsup: 0, varnosyn: 1, varattnosyn: 7, location: 91}
      }
    },
    join.plan.lefttree = RemoteQuery (cost=0.00..191.00 rows=1 width=40 plan_id=2 parallel_aware=False parallel_safe = False) {scan.scanrelid: 3, exec_direct_type: EXEC_DIRECT_NONE, sql_statement: 'SELECT l_extendedprice, l_discount, l_partkey FROM ONLY public.lineitem lineitem WHERE ((l_shipdate ', sql_node: 0x0, combine_type: COMBINE_TYPE_NONE, read_only: true, force_autocommit: false, statement: 0x0, cursor: 0x0, rq_num_params: 0, rq_params_internal: false, exec_type: EXEC_ON_DATANODES, is_temp: false, rq_finalise_aggs: false, rq_sortgroup_colno: false, has_row_marks: false, rq_save_command_id: false, rq_use_pk_for_rep_change: false, rq_max_param_num: 0} = {
      scan.plan.targetlist = List with 3 elements = {
        0 = TargetEntry {resno: 1, resname: 0x0, ressortgroupref: 0, resorigtbl: 0, resorigcol: 0, resjunk: false} = {
          expr = Var {varno: 3, varattno: 1, vartype: 1700, vartypmod: 983046, varcollid: 0, varlevelsup: 0, varnosyn: 1, varattnosyn: 6, location: 68}
        },
        1 = TargetEntry {resno: 2, resname: 0x0, ressortgroupref: 0, resorigtbl: 0, resorigcol: 0, resjunk: false} = {
          expr = Var {varno: 3, varattno: 2, vartype: 1700, vartypmod: 983046, varcollid: 0, varlevelsup: 0, varnosyn: 1, varattnosyn: 7, location: 91}
        },
        2 = TargetEntry {resno: 3, resname: 0x0, ressortgroupref: 0, resorigtbl: 0, resorigcol: 0, resjunk: false} = {
          expr = Var {varno: 3, varattno: 3, vartype: 23, vartypmod: -1, varcollid: 0, varlevelsup: 0, varnosyn: 1, varattnosyn: 2, location: 212}
        }
      },
      exec_nodes = ExecNodes {accesstype: RELATION_ACCESS_READ, baselocatortype: 72 'H', en_relid: 0, en_funcid: 0} = {
        en_dist_vars = List with 1 elements = {
          0 = Var {varno: 1, varattno: 1, vartype: 23, vartypmod: -1, varcollid: 0, varlevelsup: 0, varnosyn: 1, varattnosyn: 1, location: -1}
        },
        nodeids = OidList with 3 elements = {16386, 16387, 16388}
      },
      remote_query = Query {commandType: CMD_SELECT, querySource: QSRC_ORIGINAL, queryId: 0, canSetTag: false, resultRelation: 0, hasAggs: false, hasWindowFuncs: false, hasTargetSRFs: false, hasSubLinks: false, hasDistinctOn: false, hasRecursive: false, hasModifyingCTE: false, hasForUpdate: false, hasRowSecurity: false, override: OVERRIDING_NOT_SET, limitOption: LIMIT_OPTION_COUNT, stmt_location: 0, stmt_len: 0, is_local: false, has_to_save_cmd_id: false, in_sub_plan: false, in_explain: false} = {
        rtable = List with 1 elements = {
          0 = RangeTblEntry {rtekind: RTE_RELATION, relname: 'lineitem', relid: 270678, relkind: 114 'r', rellockmode: 1, security_barrier: false, jointype: JOIN_INNER, joinmergedcols: 0, funcordinality: false, ctename: 0x0, ctelevelsup: 0, self_reference: false, enrname: 0x0, enrtuples: 0, param_new: -1, param_old: -1, mt_result: 0x0, defaultCols: 0x0, rows: 0, lateral: false, inh: false, inFromCl: true, requiredPerms: 2, checkAsUser: 0, selectedCols: (b 12 16 17 21), insertedCols: 0x0, updatedCols: 0x0, extraUpdatedCols: 0x0} = {
            alias = Alias aliasname: 'lineitem',
            eref = Alias aliasname: 'lineitem' = {
              colnames = List with 16 elements = {
                0 = String[ 'l_orderkey' ],
                1 = String[ 'l_partkey' ],
                2 = String[ 'l_suppkey' ],
                3 = String[ 'l_linenumber' ],
                4 = String[ 'l_quantity' ],
                5 = String[ 'l_extendedprice' ],
                6 = String[ 'l_discount' ],
                7 = String[ 'l_tax' ],
                8 = String[ 'l_returnflag' ],
                9 = String[ 'l_linestatus' ],
                10 = String[ 'l_shipdate' ],
                11 = String[ 'l_commitdate' ],
                12 = String[ 'l_receiptdate' ],
                13 = String[ 'l_shipinstruct' ],
                14 = String[ 'l_shipmode' ],
                15 = String[ 'l_comment' ]
              }
            }
          }
        },
        jointree = FromExpr  = {
          fromlist = List with 1 elements = {
            0 = RangeTblRef rtindex: 1
          },
          quals = BoolExpr {boolop: AND_EXPR, location: -1} = {
            args = List with 2 elements = {
              0 = OpExpr {opno: 1098, opfuncid: 1090, opresulttype: 16, opretset: false, opcollid: 0, inputcollid: 0, location: 251} = {
                args = List with 2 elements = {
                  0 = Var {varno: 1, varattno: 11, vartype: 1082, vartypmod: -1, varcollid: 0, varlevelsup: 0, varnosyn: 0, varattnosyn: 11, location: 240},
                  1 = Const {consttype: 1082, consttypmod: -1, constcollid: 0, constlen: 4, constvalue: 18446744073709550033, constisnull: false, constbyval: true, location: 259}
                }
              },
              1 = OpExpr {opno: 2345, opfuncid: 2338, opresulttype: 16, opretset: false, opcollid: 0, inputcollid: 0, location: 289} = {
                args = List with 2 elements = {
                  0 = Var {varno: 1, varattno: 11, vartype: 1082, vartypmod: -1, varcollid: 0, varlevelsup: 0, varnosyn: 0, varattnosyn: 11, location: 278},
                  1 = Const {consttype: 1114, consttypmod: -1, constcollid: 0, constlen: 8, constvalue: 18446609894509551616, constisnull: false, constbyval: true, location: -1}
                }
              }
            }
          }
        },
        targetList = List with 3 elements = {
          0 = TargetEntry {resno: 1, resname: 0x0, ressortgroupref: 0, resorigtbl: 0, resorigcol: 0, resjunk: false} = {
            expr = Var {varno: 1, varattno: 6, vartype: 1700, vartypmod: 983046, varcollid: 0, varlevelsup: 0, varnosyn: 0, varattnosyn: 6, location: 68}
          },
          1 = TargetEntry {resno: 2, resname: 0x0, ressortgroupref: 0, resorigtbl: 0, resorigcol: 0, resjunk: false} = {
            expr = Var {varno: 1, varattno: 7, vartype: 1700, vartypmod: 983046, varcollid: 0, varlevelsup: 0, varnosyn: 0, varattnosyn: 7, location: 91}
          },
          2 = TargetEntry {resno: 3, resname: 0x0, ressortgroupref: 0, resorigtbl: 0, resorigcol: 0, resjunk: false} = {
            expr = Var {varno: 1, varattno: 2, vartype: 23, vartypmod: -1, varcollid: 0, varlevelsup: 0, varnosyn: 0, varattnosyn: 2, location: 212}
          }
        }
      },
      base_tlist = List with 3 elements = {
        0 = TargetEntry {resno: 1, resname: 0x0, ressortgroupref: 0, resorigtbl: 0, resorigcol: 0, resjunk: false} = {
          expr = Var {varno: 1, varattno: 6, vartype: 1700, vartypmod: 983046, varcollid: 0, varlevelsup: 0, varnosyn: 1, varattnosyn: 6, location: 68}
        },
        1 = TargetEntry {resno: 2, resname: 0x0, ressortgroupref: 0, resorigtbl: 0, resorigcol: 0, resjunk: false} = {
          expr = Var {varno: 1, varattno: 7, vartype: 1700, vartypmod: 983046, varcollid: 0, varlevelsup: 0, varnosyn: 1, varattnosyn: 7, location: 91}
        },
        2 = TargetEntry {resno: 3, resname: 0x0, ressortgroupref: 0, resorigtbl: 0, resorigcol: 0, resjunk: false} = {
          expr = Var {varno: 1, varattno: 2, vartype: 23, vartypmod: -1, varcollid: 0, varlevelsup: 0, varnosyn: 1, varattnosyn: 2, location: 212}
        }
      },
      coord_var_tlist = List with 3 elements = {
        0 = TargetEntry {resno: 1, resname: 0x0, ressortgroupref: 0, resorigtbl: 0, resorigcol: 0, resjunk: false} = {
          expr = Var {varno: 1, varattno: 6, vartype: 1700, vartypmod: 983046, varcollid: 0, varlevelsup: 0, varnosyn: 1, varattnosyn: 6, location: 68}
        },
        1 = TargetEntry {resno: 2, resname: 0x0, ressortgroupref: 0, resorigtbl: 0, resorigcol: 0, resjunk: false} = {
          expr = Var {varno: 1, varattno: 7, vartype: 1700, vartypmod: 983046, varcollid: 0, varlevelsup: 0, varnosyn: 1, varattnosyn: 7, location: 91}
        },
        2 = TargetEntry {resno: 3, resname: 0x0, ressortgroupref: 0, resorigtbl: 0, resorigcol: 0, resjunk: false} = {
          expr = Var {varno: 1, varattno: 2, vartype: 23, vartypmod: -1, varcollid: 0, varlevelsup: 0, varnosyn: 1, varattnosyn: 2, location: 212}
        }
      },
      query_var_tlist = List with 3 elements = {
        0 = TargetEntry {resno: 1, resname: 0x0, ressortgroupref: 0, resorigtbl: 0, resorigcol: 0, resjunk: false} = {
          expr = Var {varno: 1, varattno: 6, vartype: 1700, vartypmod: 983046, varcollid: 0, varlevelsup: 0, varnosyn: 0, varattnosyn: 6, location: 68}
        },
        1 = TargetEntry {resno: 2, resname: 0x0, ressortgroupref: 0, resorigtbl: 0, resorigcol: 0, resjunk: false} = {
          expr = Var {varno: 1, varattno: 7, vartype: 1700, vartypmod: 983046, varcollid: 0, varlevelsup: 0, varnosyn: 0, varattnosyn: 7, location: 91}
        },
        2 = TargetEntry {resno: 3, resname: 0x0, ressortgroupref: 0, resorigtbl: 0, resorigcol: 0, resjunk: false} = {
          expr = Var {varno: 1, varattno: 2, vartype: 23, vartypmod: -1, varcollid: 0, varlevelsup: 0, varnosyn: 0, varattnosyn: 2, location: 212}
        }
      }
    },
    join.plan.righttree = RemoteQuery (cost=0.00..154.00 rows=53 width=72 plan_id=3 parallel_aware=False parallel_safe = False) {scan.scanrelid: 4, exec_direct_type: EXEC_DIRECT_NONE, sql_statement: 'SELECT p_type, p_partkey FROM ONLY public.part part WHERE true', sql_node: 0x0, combine_type: COMBINE_TYPE_NONE, read_only: true, force_autocommit: false, statement: 0x0, cursor: 0x0, rq_num_params: 0, rq_params_internal: false, exec_type: EXEC_ON_DATANODES, is_temp: false, rq_finalise_aggs: false, rq_sortgroup_colno: false, has_row_marks: false, rq_save_command_id: false, rq_use_pk_for_rep_change: false, rq_max_param_num: 0} = {
      scan.plan.targetlist = List with 2 elements = {
        0 = TargetEntry {resno: 1, resname: 0x0, ressortgroupref: 0, resorigtbl: 0, resorigcol: 0, resjunk: false} = {
          expr = Var {varno: 4, varattno: 1, vartype: 1043, vartypmod: 29, varcollid: 100, varlevelsup: 0, varnosyn: 2, varattnosyn: 5, location: 36}
        },
        1 = TargetEntry {resno: 2, resname: 0x0, ressortgroupref: 0, resorigtbl: 0, resorigcol: 0, resjunk: false} = {
          expr = Var {varno: 4, varattno: 2, vartype: 23, vartypmod: -1, varcollid: 0, varlevelsup: 0, varnosyn: 2, varattnosyn: 1, location: 224}
        }
      },
      exec_nodes = ExecNodes {accesstype: RELATION_ACCESS_READ, baselocatortype: 72 'H', en_relid: 0, en_funcid: 0} = {
        en_dist_vars = List with 1 elements = {
          0 = Var {varno: 2, varattno: 1, vartype: 23, vartypmod: -1, varcollid: 0, varlevelsup: 0, varnosyn: 2, varattnosyn: 1, location: 224}
        },
        nodeids = OidList with 3 elements = {16386, 16387, 16388}
      },
      remote_query = Query {commandType: CMD_SELECT, querySource: QSRC_ORIGINAL, queryId: 0, canSetTag: false, resultRelation: 0, hasAggs: false, hasWindowFuncs: false, hasTargetSRFs: false, hasSubLinks: false, hasDistinctOn: false, hasRecursive: false, hasModifyingCTE: false, hasForUpdate: false, hasRowSecurity: false, override: OVERRIDING_NOT_SET, limitOption: LIMIT_OPTION_COUNT, stmt_location: 0, stmt_len: 0, is_local: false, has_to_save_cmd_id: false, in_sub_plan: false, in_explain: false} = {
        rtable = List with 1 elements = {
          0 = RangeTblEntry {rtekind: RTE_RELATION, relname: 'part', relid: 270663, relkind: 114 'r', rellockmode: 1, security_barrier: false, jointype: JOIN_INNER, joinmergedcols: 0, funcordinality: false, ctename: 0x0, ctelevelsup: 0, self_reference: false, enrname: 0x0, enrtuples: 0, param_new: -1, param_old: -1, mt_result: 0x0, defaultCols: 0x0, rows: 0, lateral: false, inh: false, inFromCl: true, requiredPerms: 2, checkAsUser: 0, selectedCols: (b 11 15), insertedCols: 0x0, updatedCols: 0x0, extraUpdatedCols: 0x0} = {
            alias = Alias aliasname: 'part',
            eref = Alias aliasname: 'part' = {
              colnames = List with 9 elements = {
                0 = String[ 'p_partkey' ],
                1 = String[ 'p_name' ],
                2 = String[ 'p_mfgr' ],
                3 = String[ 'p_brand' ],
                4 = String[ 'p_type' ],
                5 = String[ 'p_size' ],
                6 = String[ 'p_container' ],
                7 = String[ 'p_retailprice' ],
                8 = String[ 'p_comment' ]
              }
            }
          }
        },
        jointree = FromExpr  = {
          fromlist = List with 1 elements = {
            0 = RangeTblRef rtindex: 1
          },
          quals = Const {consttype: 16, consttypmod: -1, constcollid: 0, constlen: 1, constvalue: 1, constisnull: false, constbyval: true, location: -1}
        },
        targetList = List with 2 elements = {
          0 = TargetEntry {resno: 1, resname: 0x0, ressortgroupref: 0, resorigtbl: 0, resorigcol: 0, resjunk: false} = {
            expr = Var {varno: 1, varattno: 5, vartype: 1043, vartypmod: 29, varcollid: 100, varlevelsup: 0, varnosyn: 0, varattnosyn: 5, location: 36}
          },
          1 = TargetEntry {resno: 2, resname: 0x0, ressortgroupref: 0, resorigtbl: 0, resorigcol: 0, resjunk: false} = {
            expr = Var {varno: 1, varattno: 1, vartype: 23, vartypmod: -1, varcollid: 0, varlevelsup: 0, varnosyn: 0, varattnosyn: 1, location: 224}
          }
        }
      },
      base_tlist = List with 2 elements = {
        0 = TargetEntry {resno: 1, resname: 0x0, ressortgroupref: 0, resorigtbl: 0, resorigcol: 0, resjunk: false} = {
          expr = Var {varno: 2, varattno: 5, vartype: 1043, vartypmod: 29, varcollid: 100, varlevelsup: 0, varnosyn: 2, varattnosyn: 5, location: 36}
        },
        1 = TargetEntry {resno: 2, resname: 0x0, ressortgroupref: 0, resorigtbl: 0, resorigcol: 0, resjunk: false} = {
          expr = Var {varno: 2, varattno: 1, vartype: 23, vartypmod: -1, varcollid: 0, varlevelsup: 0, varnosyn: 2, varattnosyn: 1, location: 224}
        }
      },
      coord_var_tlist = List with 2 elements = {
        0 = TargetEntry {resno: 1, resname: 0x0, ressortgroupref: 0, resorigtbl: 0, resorigcol: 0, resjunk: false} = {
          expr = Var {varno: 2, varattno: 5, vartype: 1043, vartypmod: 29, varcollid: 100, varlevelsup: 0, varnosyn: 2, varattnosyn: 5, location: 36}
        },
        1 = TargetEntry {resno: 2, resname: 0x0, ressortgroupref: 0, resorigtbl: 0, resorigcol: 0, resjunk: false} = {
          expr = Var {varno: 2, varattno: 1, vartype: 23, vartypmod: -1, varcollid: 0, varlevelsup: 0, varnosyn: 2, varattnosyn: 1, location: 224}
        }
      },
      query_var_tlist = List with 2 elements = {
        0 = TargetEntry {resno: 1, resname: 0x0, ressortgroupref: 0, resorigtbl: 0, resorigcol: 0, resjunk: false} = {
          expr = Var {varno: 1, varattno: 5, vartype: 1043, vartypmod: 29, varcollid: 100, varlevelsup: 0, varnosyn: 0, varattnosyn: 5, location: 36}
        },
        1 = TargetEntry {resno: 2, resname: 0x0, ressortgroupref: 0, resorigtbl: 0, resorigcol: 0, resjunk: false} = {
          expr = Var {varno: 1, varattno: 1, vartype: 23, vartypmod: -1, varcollid: 0, varlevelsup: 0, varnosyn: 0, varattnosyn: 1, location: 224}
        }
      }
    },
    join.joinqual = List with 1 elements = {
      0 = OpExpr {opno: 96, opfuncid: 65, opresulttype: 16, opretset: false, opcollid: 0, inputcollid: 0, location: -1} = {
        args = List with 2 elements = {
          0 = Var {varno: 65001, varattno: 3, vartype: 23, vartypmod: -1, varcollid: 0, varlevelsup: 0, varnosyn: 1, varattnosyn: 2, location: 212},
          1 = Var {varno: 65000, varattno: 2, vartype: 23, vartypmod: -1, varcollid: 0, varlevelsup: 0, varnosyn: 2, varattnosyn: 1, location: 224}
        }
      }
    }
  }
}

Breakpoint 1, standard_planner (parse=0x55f2f17add98, query_string=0x55f2f1676670 "select\n  s_suppkey,\n  s_name,\n  s_address,\n  s_phone,\n  total_revenue\nfrom\n  supplier,\n  revenue0\nwhere\n  s_suppkey = supplier_no\n  and total_revenue = (\n    select\n      max(total_revenue)\n    from\n "..., cursorOptions=33024, boundParams=0x0) at /workspaces/AntDB/src/backend/optimizer/plan/planner.c:661
661		top_plan = create_plan(root, best_path);
$43 = Query {commandType: CMD_SELECT, querySource: QSRC_ORIGINAL, queryId: 0, canSetTag: true, resultRelation: 0, hasAggs: false, hasWindowFuncs: false, hasTargetSRFs: false, hasSubLinks: true, hasDistinctOn: false, hasRecursive: false, hasModifyingCTE: false, hasForUpdate: false, hasRowSecurity: false, override: OVERRIDING_NOT_SET, limitOption: LIMIT_OPTION_COUNT, stmt_location: 0, stmt_len: 238, is_local: false, has_to_save_cmd_id: false, in_sub_plan: false, in_explain: false} = {
  rtable = List with 2 elements = {
    0 = RangeTblEntry {rtekind: RTE_RELATION, relname: 'supplier', relid: 270666, relkind: 114 'r', rellockmode: 1, security_barrier: false, jointype: JOIN_INNER, joinmergedcols: 0, funcordinality: false, ctename: 0x0, ctelevelsup: 0, self_reference: false, enrname: 0x0, enrtuples: 0, param_new: -1, param_old: -1, mt_result: 0x0, defaultCols: 0x0, rows: 0, lateral: false, inh: false, inFromCl: true, requiredPerms: 2, checkAsUser: 0, selectedCols: (b 11 12 13 15), insertedCols: 0x0, updatedCols: 0x0, extraUpdatedCols: 0x0} = {
      eref = Alias aliasname: 'supplier' = {
        colnames = List with 7 elements = {
          0 = String[ 's_suppkey' ],
          1 = String[ 's_name' ],
          2 = String[ 's_address' ],
          3 = String[ 's_nationkey' ],
          4 = String[ 's_phone' ],
          5 = String[ 's_acctbal' ],
          6 = String[ 's_comment' ]
        }
      }
    },
    1 = RangeTblEntry {rtekind: RTE_SUBQUERY, relname: 'revenue0', relid: 0, relkind: 0 '\000', rellockmode: 0, security_barrier: false, jointype: JOIN_INNER, joinmergedcols: 0, funcordinality: false, ctename: 0x0, ctelevelsup: 0, self_reference: false, enrname: 0x0, enrtuples: 0, param_new: -1, param_old: -1, mt_result: 0x0, defaultCols: 0x0, rows: 0, lateral: false, inh: false, inFromCl: true, requiredPerms: 0, checkAsUser: 0, selectedCols: 0x0, insertedCols: 0x0, updatedCols: 0x0, extraUpdatedCols: 0x0} = {
      subquery = Query {commandType: CMD_SELECT, querySource: QSRC_ORIGINAL, queryId: 0, canSetTag: true, resultRelation: 0, hasAggs: true, hasWindowFuncs: false, hasTargetSRFs: false, hasSubLinks: false, hasDistinctOn: false, hasRecursive: false, hasModifyingCTE: false, hasForUpdate: false, hasRowSecurity: false, override: OVERRIDING_NOT_SET, limitOption: LIMIT_OPTION_COUNT, stmt_location: -1, stmt_len: 269, is_local: false, has_to_save_cmd_id: false, in_sub_plan: false, in_explain: false} = {
        rtable = List with 3 elements = {
          0 = RangeTblEntry {rtekind: RTE_RELATION, relname: 'revenue0', relid: 295158, relkind: 118 'v', rellockmode: 1, security_barrier: false, jointype: JOIN_INNER, joinmergedcols: 0, funcordinality: false, ctename: 0x0, ctelevelsup: 0, self_reference: false, enrname: 0x0, enrtuples: 0, param_new: 0, param_old: 0, mt_result: 0x0, defaultCols: 0x0, rows: 0, lateral: false, inh: false, inFromCl: false, requiredPerms: 2, checkAsUser: 0, selectedCols: (b 11 12), insertedCols: 0x0, updatedCols: 0x0, extraUpdatedCols: 0x0} = {
            alias = Alias aliasname: 'old',
            eref = Alias aliasname: 'old' = {
              colnames = List with 2 elements = {
                0 = String[ 'supplier_no' ],
                1 = String[ 'total_revenue' ]
              }
            }
          },
          1 = RangeTblEntry {rtekind: RTE_RELATION, relname: 'revenue0', relid: 295158, relkind: 118 'v', rellockmode: 1, security_barrier: false, jointype: JOIN_INNER, joinmergedcols: 0, funcordinality: false, ctename: 0x0, ctelevelsup: 0, self_reference: false, enrname: 0x0, enrtuples: 0, param_new: 0, param_old: 0, mt_result: 0x0, defaultCols: 0x0, rows: 0, lateral: false, inh: false, inFromCl: false, requiredPerms: 0, checkAsUser: 10, selectedCols: 0x0, insertedCols: 0x0, updatedCols: 0x0, extraUpdatedCols: 0x0} = {
            alias = Alias aliasname: 'new',
            eref = Alias aliasname: 'new' = {
              colnames = List with 2 elements = {
                0 = String[ 'supplier_no' ],
                1 = String[ 'total_revenue' ]
              }
            }
          },
          2 = RangeTblEntry {rtekind: RTE_RELATION, relname: 'lineitem', relid: 270678, relkind: 114 'r', rellockmode: 1, security_barrier: false, jointype: JOIN_INNER, joinmergedcols: 0, funcordinality: false, ctename: 0x0, ctelevelsup: 0, self_reference: false, enrname: 0x0, enrtuples: 0, param_new: 0, param_old: 0, mt_result: 0x0, defaultCols: 0x0, rows: 0, lateral: false, inh: true, inFromCl: true, requiredPerms: 2, checkAsUser: 10, selectedCols: (b 13 16 17 21), insertedCols: 0x0, updatedCols: 0x0, extraUpdatedCols: 0x0} = {
            eref = Alias aliasname: 'lineitem' = {
              colnames = List with 16 elements = {
                0 = String[ 'l_orderkey' ],
                1 = String[ 'l_partkey' ],
                2 = String[ 'l_suppkey' ],
                3 = String[ 'l_linenumber' ],
                4 = String[ 'l_quantity' ],
                5 = String[ 'l_extendedprice' ],
                6 = String[ 'l_discount' ],
                7 = String[ 'l_tax' ],
                8 = String[ 'l_returnflag' ],
                9 = String[ 'l_linestatus' ],
                10 = String[ 'l_shipdate' ],
                11 = String[ 'l_commitdate' ],
                12 = String[ 'l_receiptdate' ],
                13 = String[ 'l_shipinstruct' ],
                14 = String[ 'l_shipmode' ],
                15 = String[ 'l_comment' ]
              }
            }
          }
        },
        jointree = FromExpr  = {
          fromlist = List with 1 elements = {
            0 = RangeTblRef rtindex: 3
          },
          quals = BoolExpr {boolop: AND_EXPR, location: -1} = {
            args = List with 2 elements = {
              0 = OpExpr {opno: 1098, opfuncid: 1090, opresulttype: 16, opretset: false, opcollid: 0, inputcollid: 0, location: -1} = {
                args = List with 2 elements = {
                  0 = Var {varno: 3, varattno: 11, vartype: 1082, vartypmod: -1, varcollid: 0, varlevelsup: 0, varnosyn: 3, varattnosyn: 11, location: -1},
                  1 = Const {consttype: 1082, consttypmod: -1, constcollid: 0, constlen: 4, constvalue: 18446744073709550155, constisnull: false, constbyval: true, location: -1}
                }
              },
              1 = OpExpr {opno: 2345, opfuncid: 2338, opresulttype: 16, opretset: false, opcollid: 0, inputcollid: 0, location: -1} = {
                args = List with 2 elements = {
                  0 = Var {varno: 3, varattno: 11, vartype: 1082, vartypmod: -1, varcollid: 0, varlevelsup: 0, varnosyn: 3, varattnosyn: 11, location: -1},
                  1 = OpExpr {opno: 1076, opfuncid: 2071, opresulttype: 1114, opretset: false, opcollid: 0, inputcollid: 0, location: -1} = {
                    args = List with 2 elements = {
                      0 = Const {consttype: 1082, consttypmod: -1, constcollid: 0, constlen: 4, constvalue: 18446744073709550155, constisnull: false, constbyval: true, location: -1},
                      1 = Const {consttype: 1186, consttypmod: 196607, constcollid: 0, constlen: 16, constvalue: 94501922433536, constisnull: false, constbyval: false, location: -1}
                    }
                  }
                }
              }
            }
          }
        },
        targetList = List with 2 elements = {
          0 = TargetEntry {resno: 1, resname: 'supplier_no', ressortgroupref: 1, resorigtbl: 270678, resorigcol: 3, resjunk: false} = {
            expr = Var {varno: 3, varattno: 3, vartype: 23, vartypmod: -1, varcollid: 0, varlevelsup: 0, varnosyn: 3, varattnosyn: 3, location: -1}
          },
          1 = TargetEntry {resno: 2, resname: 'total_revenue', ressortgroupref: 0, resorigtbl: 0, resorigcol: 0, resjunk: false} = {
            expr = Aggref {aggfnoid: 2114, aggtype: 1700, aggcollid: 0, inputcollid: 0, aggtranstype: 0, aggtrantype: 0, agghas_collectfn: false, rank_first: false, aggstar: false, aggvariadic: false, aggkind: 110 'n', agglevelsup: 0, aggsplit: AGGSPLIT_SIMPLE, location: -1} = {
              aggargtypes = OidList with 1 elements = {1700},
              args = List with 1 elements = {
                0 = TargetEntry {resno: 1, resname: 0x0, ressortgroupref: 0, resorigtbl: 0, resorigcol: 0, resjunk: false} = {
                  expr = OpExpr {opno: 1760, opfuncid: 1726, opresulttype: 1700, opretset: false, opcollid: 0, inputcollid: 0, location: -1} = {
                    args = List with 2 elements = {
                      0 = Var {varno: 3, varattno: 6, vartype: 1700, vartypmod: 983046, varcollid: 0, varlevelsup: 0, varnosyn: 3, varattnosyn: 6, location: -1},
                      1 = OpExpr {opno: 1759, opfuncid: 1725, opresulttype: 1700, opretset: false, opcollid: 0, inputcollid: 0, location: -1} = {
                        args = List with 2 elements = {
                          0 = FuncExpr {funcid: 1740, funcresulttype: 1700, funcretset: false, funcvariadic: false, funcformat: COERCE_IMPLICIT_CAST, funccollid: 0, inputcollid: 0, location: -1} = {
                            args = List with 1 elements = {
                              0 = Const {consttype: 23, consttypmod: -1, constcollid: 0, constlen: 4, constvalue: 1, constisnull: false, constbyval: true, location: -1}
                            }
                          },
                          1 = Var {varno: 3, varattno: 7, vartype: 1700, vartypmod: 983046, varcollid: 0, varlevelsup: 0, varnosyn: 3, varattnosyn: 7, location: -1}
                        }
                      }
                    }
                  }
                }
              }
            }
          }
        },
        groupClause = List with 1 elements = {
          0 = SortGroupClause {tleSortGroupRef: 1, eqop: 96, sortop: 97, nulls_first: false, hashable: true}
        }
      },
      eref = Alias aliasname: 'revenue0' = {
        colnames = List with 2 elements = {
          0 = String[ 'supplier_no' ],
          1 = String[ 'total_revenue' ]
        }
      }
    }
  },
  jointree = FromExpr  = {
    fromlist = List with 2 elements = {
      0 = RangeTblRef rtindex: 1,
      1 = RangeTblRef rtindex: 2
    },
    quals = List with 2 elements = {
      0 = OpExpr {opno: 96, opfuncid: 65, opresulttype: 16, opretset: false, opcollid: 0, inputcollid: 0, location: 116} = {
        args = List with 2 elements = {
          0 = Var {varno: 1, varattno: 1, vartype: 23, vartypmod: -1, varcollid: 0, varlevelsup: 0, varnosyn: 1, varattnosyn: 1, location: 106},
          1 = Var {varno: 2, varattno: 1, vartype: 23, vartypmod: -1, varcollid: 0, varlevelsup: 0, varnosyn: 2, varattnosyn: 1, location: 118}
        }
      },
      1 = OpExpr {opno: 1752, opfuncid: 1718, opresulttype: 16, opretset: false, opcollid: 0, inputcollid: 0, location: 150} = {
        args = List with 2 elements = {
          0 = Var {varno: 2, varattno: 2, vartype: 1700, vartypmod: -1, varcollid: 0, varlevelsup: 0, varnosyn: 2, varattnosyn: 2, location: 136},
          1 = Param {paramkind: PARAM_EXEC, paramid: 0, paramtype: 1700, paramtypmod: -1, paramcollid: 0, location: -1}
        }
      }
    }
  },
  targetList = List with 5 elements = {
    0 = TargetEntry {resno: 1, resname: 's_suppkey', ressortgroupref: 1, resorigtbl: 270666, resorigcol: 1, resjunk: false} = {
      expr = Var {varno: 1, varattno: 1, vartype: 23, vartypmod: -1, varcollid: 0, varlevelsup: 0, varnosyn: 1, varattnosyn: 1, location: 9}
    },
    1 = TargetEntry {resno: 2, resname: 's_name', ressortgroupref: 0, resorigtbl: 270666, resorigcol: 2, resjunk: false} = {
      expr = Var {varno: 1, varattno: 2, vartype: 1042, vartypmod: 29, varcollid: 100, varlevelsup: 0, varnosyn: 1, varattnosyn: 2, location: 22}
    },
    2 = TargetEntry {resno: 3, resname: 's_address', ressortgroupref: 0, resorigtbl: 270666, resorigcol: 3, resjunk: false} = {
      expr = Var {varno: 1, varattno: 3, vartype: 1043, vartypmod: 44, varcollid: 100, varlevelsup: 0, varnosyn: 1, varattnosyn: 3, location: 32}
    },
    3 = TargetEntry {resno: 4, resname: 's_phone', ressortgroupref: 0, resorigtbl: 270666, resorigcol: 5, resjunk: false} = {
      expr = Var {varno: 1, varattno: 5, vartype: 1042, vartypmod: 19, varcollid: 100, varlevelsup: 0, varnosyn: 1, varattnosyn: 5, location: 45}
    },
    4 = TargetEntry {resno: 5, resname: 'total_revenue', ressortgroupref: 0, resorigtbl: 295158, resorigcol: 2, resjunk: false} = {
      expr = Var {varno: 2, varattno: 2, vartype: 1700, vartypmod: -1, varcollid: 0, varlevelsup: 0, varnosyn: 2, varattnosyn: 2, location: 56}
    }
  },
  sortClause = List with 1 elements = {
    0 = SortGroupClause {tleSortGroupRef: 1, eqop: 96, sortop: 97, nulls_first: false, hashable: true}
  }
}
$44 = JoinPath T_NestLoop (cost=382.07..527.74 rows=1 parallel_aware=False parallel_safe=False parallel_workers=0) {jointype: JOIN_INNER, inner_unique: false} = {
  path.parent = (b 1 2),
  path.pathtarget = PathTarget {cost: (0.00..0.00), width: 302} = {
    sortgrouprefs = [1, 0, 0, 0, 0],
    exprs = List with 5 elements = {
      0 = Var {varno: 1, varattno: 1, vartype: 23, vartypmod: -1, varcollid: 0, varlevelsup: 0, varnosyn: 1, varattnosyn: 1, location: 9},
      1 = Var {varno: 1, varattno: 2, vartype: 1042, vartypmod: 29, varcollid: 100, varlevelsup: 0, varnosyn: 1, varattnosyn: 2, location: 22},
      2 = Var {varno: 1, varattno: 3, vartype: 1043, vartypmod: 44, varcollid: 100, varlevelsup: 0, varnosyn: 1, varattnosyn: 3, location: 32},
      3 = Var {varno: 1, varattno: 5, vartype: 1042, vartypmod: 19, varcollid: 100, varlevelsup: 0, varnosyn: 1, varattnosyn: 5, location: 45},
      4 = Var {varno: 2, varattno: 2, vartype: 1700, vartypmod: -1, varcollid: 0, varlevelsup: 0, varnosyn: 2, varattnosyn: 2, location: 56}
    },
    as_loc_list = IntList with 5 elements = {-1, -1, -1, -1, -1},
    expr_loc_list = IntList with 5 elements = {9, 22, 32, 45, 56},
    expr_len_list = IntList with 5 elements = {-1, -1, -1, -1, -1},
    expr_type_list = IntList with 5 elements = {398, 398, 398, 398, 398}
  },
  path.pathkeys = List with 1 elements = {
    0 = PathKey {pk_opfamily: 1976, pk_strategy: 1, pk_nulls_first: false} = {
      pk_eclass = EquivalenceClass {ec_collation: 0, ec_relids: (b 1 2), ec_has_const: false, ec_has_volatile: false, ec_broken: false, ec_sortref: 0, ec_min_security: 0, ec_max_security: 0} = {
        ec_opfamilies = OidList with 1 elements = {1976},
        ec_members = List with 2 elements = {
          0 = EquivalenceMember {em_relids: (b 1), em_is_const: false, em_is_child: false, em_datatype: 23} = {
            em_expr = Var {varno: 1, varattno: 1, vartype: 23, vartypmod: -1, varcollid: 0, varlevelsup: 0, varnosyn: 1, varattnosyn: 1, location: 106}
          },
          1 = EquivalenceMember {em_relids: (b 2), em_is_const: false, em_is_child: false, em_datatype: 23} = {
            em_expr = Var {varno: 2, varattno: 1, vartype: 23, vartypmod: -1, varcollid: 0, varlevelsup: 0, varnosyn: 2, varattnosyn: 1, location: 118}
          }
        },
        ec_sources = List with 1 elements = {
          0 = RestrictInfo {is_pushed_down: true, outerjoin_delayed: false, can_join: true, pseudoconstant: false, leakproof: false, security_level: 0, clause_relids: (b 1 2), required_relids: (b 1 2), outer_relids: (b), nullable_relids: (b), left_relids: (b 1), right_relids: (b 2), eval_cost: (-1.00..0.00), norm_selec: -1.0000, outer_selec: -1.0000, outer_is_left: false, hashjoinoperator: 0, left_bucketsize: -1.0000, right_bucketsize: -1.0000, left_mcvfreq: -1.0000, right_mcvfreq: -1.0000} = {
            clause = OpExpr {opno: 96, opfuncid: 65, opresulttype: 16, opretset: false, opcollid: 0, inputcollid: 0, location: 116} = {
              args = List with 2 elements = {
                0 = Var {varno: 1, varattno: 1, vartype: 23, vartypmod: -1, varcollid: 0, varlevelsup: 0, varnosyn: 1, varattnosyn: 1, location: 106},
                1 = Var {varno: 2, varattno: 1, vartype: 23, vartypmod: -1, varcollid: 0, varlevelsup: 0, varnosyn: 2, varattnosyn: 1, location: 118}
              }
            },
            mergeopfamilies = OidList with 1 elements = {1976},
            left_em = EquivalenceMember {em_relids: (b 1), em_is_const: false, em_is_child: false, em_datatype: 23} = {
              em_expr = Var {varno: 1, varattno: 1, vartype: 23, vartypmod: -1, varcollid: 0, varlevelsup: 0, varnosyn: 1, varattnosyn: 1, location: 106}
            },
            right_em = EquivalenceMember {em_relids: (b 2), em_is_const: false, em_is_child: false, em_datatype: 23} = {
              em_expr = Var {varno: 2, varattno: 1, vartype: 23, vartypmod: -1, varcollid: 0, varlevelsup: 0, varnosyn: 2, varattnosyn: 1, location: 118}
            }
          }
        },
        ec_derives = List with 1 elements = {
          0 = RestrictInfo {is_pushed_down: true, outerjoin_delayed: false, can_join: true, pseudoconstant: false, leakproof: false, security_level: 0, clause_relids: (b 1 2), required_relids: (b 1 2), outer_relids: (b), nullable_relids: (b), left_relids: (b 1), right_relids: (b 2), eval_cost: (0.00..0.00), norm_selec: 0.0067, outer_selec: 0.0067, outer_is_left: false, hashjoinoperator: 96, left_bucketsize: 0.0200, right_bucketsize: 1.0000, left_mcvfreq: 0.0000, right_mcvfreq: 0.0000} = {
            clause = OpExpr {opno: 96, opfuncid: 65, opresulttype: 16, opretset: false, opcollid: 0, inputcollid: 0, location: -1} = {
              args = List with 2 elements = {
                0 = Var {varno: 1, varattno: 1, vartype: 23, vartypmod: -1, varcollid: 0, varlevelsup: 0, varnosyn: 1, varattnosyn: 1, location: 106},
                1 = Var {varno: 2, varattno: 1, vartype: 23, vartypmod: -1, varcollid: 0, varlevelsup: 0, varnosyn: 2, varattnosyn: 1, location: 118}
              }
            },
            mergeopfamilies = OidList with 1 elements = {1976},
            left_em = EquivalenceMember {em_relids: (b 1), em_is_const: false, em_is_child: false, em_datatype: 23} = {
              em_expr = Var {varno: 1, varattno: 1, vartype: 23, vartypmod: -1, varcollid: 0, varlevelsup: 0, varnosyn: 1, varattnosyn: 1, location: 106}
            },
            right_em = EquivalenceMember {em_relids: (b 2), em_is_const: false, em_is_child: false, em_datatype: 23} = {
              em_expr = Var {varno: 2, varattno: 1, vartype: 23, vartypmod: -1, varcollid: 0, varlevelsup: 0, varnosyn: 2, varattnosyn: 1, location: 118}
            }
          }
        }
      }
    }
  },
  outerjoinpath = SubqueryScanPath T_SubqueryScan (cost=191.01..191.06 rows=1 parallel_aware=False parallel_safe=False parallel_workers=0)  = {
    path.parent = (b 2),
    path.pathtarget = PathTarget {cost: (0.00..0.00), width: 36} = {
      exprs = List with 2 elements = {
        0 = Var {varno: 2, varattno: 2, vartype: 1700, vartypmod: -1, varcollid: 0, varlevelsup: 0, varnosyn: 2, varattnosyn: 2, location: 56},
        1 = Var {varno: 2, varattno: 1, vartype: 23, vartypmod: -1, varcollid: 0, varlevelsup: 0, varnosyn: 2, varattnosyn: 1, location: 118}
      }
    },
    path.pathkeys = List with 1 elements = {
      0 = PathKey {pk_opfamily: 1976, pk_strategy: 1, pk_nulls_first: false} = {
        pk_eclass = EquivalenceClass {ec_collation: 0, ec_relids: (b 1 2), ec_has_const: false, ec_has_volatile: false, ec_broken: false, ec_sortref: 0, ec_min_security: 0, ec_max_security: 0} = {
          ec_opfamilies = OidList with 1 elements = {1976},
          ec_members = List with 2 elements = {
            0 = EquivalenceMember {em_relids: (b 1), em_is_const: false, em_is_child: false, em_datatype: 23} = {
              em_expr = Var {varno: 1, varattno: 1, vartype: 23, vartypmod: -1, varcollid: 0, varlevelsup: 0, varnosyn: 1, varattnosyn: 1, location: 106}
            },
            1 = EquivalenceMember {em_relids: (b 2), em_is_const: false, em_is_child: false, em_datatype: 23} = {
              em_expr = Var {varno: 2, varattno: 1, vartype: 23, vartypmod: -1, varcollid: 0, varlevelsup: 0, varnosyn: 2, varattnosyn: 1, location: 118}
            }
          },
          ec_sources = List with 1 elements = {
            0 = RestrictInfo {is_pushed_down: true, outerjoin_delayed: false, can_join: true, pseudoconstant: false, leakproof: false, security_level: 0, clause_relids: (b 1 2), required_relids: (b 1 2), outer_relids: (b), nullable_relids: (b), left_relids: (b 1), right_relids: (b 2), eval_cost: (-1.00..0.00), norm_selec: -1.0000, outer_selec: -1.0000, outer_is_left: false, hashjoinoperator: 0, left_bucketsize: -1.0000, right_bucketsize: -1.0000, left_mcvfreq: -1.0000, right_mcvfreq: -1.0000} = {
              clause = OpExpr {opno: 96, opfuncid: 65, opresulttype: 16, opretset: false, opcollid: 0, inputcollid: 0, location: 116} = {
                args = List with 2 elements = {
                  0 = Var {varno: 1, varattno: 1, vartype: 23, vartypmod: -1, varcollid: 0, varlevelsup: 0, varnosyn: 1, varattnosyn: 1, location: 106},
                  1 = Var {varno: 2, varattno: 1, vartype: 23, vartypmod: -1, varcollid: 0, varlevelsup: 0, varnosyn: 2, varattnosyn: 1, location: 118}
                }
              },
              mergeopfamilies = OidList with 1 elements = {1976},
              left_em = EquivalenceMember {em_relids: (b 1), em_is_const: false, em_is_child: false, em_datatype: 23} = {
                em_expr = Var {varno: 1, varattno: 1, vartype: 23, vartypmod: -1, varcollid: 0, varlevelsup: 0, varnosyn: 1, varattnosyn: 1, location: 106}
              },
              right_em = EquivalenceMember {em_relids: (b 2), em_is_const: false, em_is_child: false, em_datatype: 23} = {
                em_expr = Var {varno: 2, varattno: 1, vartype: 23, vartypmod: -1, varcollid: 0, varlevelsup: 0, varnosyn: 2, varattnosyn: 1, location: 118}
              }
            }
          },
          ec_derives = List with 1 elements = {
            0 = RestrictInfo {is_pushed_down: true, outerjoin_delayed: false, can_join: true, pseudoconstant: false, leakproof: false, security_level: 0, clause_relids: (b 1 2), required_relids: (b 1 2), outer_relids: (b), nullable_relids: (b), left_relids: (b 1), right_relids: (b 2), eval_cost: (0.00..0.00), norm_selec: 0.0067, outer_selec: 0.0067, outer_is_left: false, hashjoinoperator: 96, left_bucketsize: 0.0200, right_bucketsize: 1.0000, left_mcvfreq: 0.0000, right_mcvfreq: 0.0000} = {
              clause = OpExpr {opno: 96, opfuncid: 65, opresulttype: 16, opretset: false, opcollid: 0, inputcollid: 0, location: -1} = {
                args = List with 2 elements = {
                  0 = Var {varno: 1, varattno: 1, vartype: 23, vartypmod: -1, varcollid: 0, varlevelsup: 0, varnosyn: 1, varattnosyn: 1, location: 106},
                  1 = Var {varno: 2, varattno: 1, vartype: 23, vartypmod: -1, varcollid: 0, varlevelsup: 0, varnosyn: 2, varattnosyn: 1, location: 118}
                }
              },
              mergeopfamilies = OidList with 1 elements = {1976},
              left_em = EquivalenceMember {em_relids: (b 1), em_is_const: false, em_is_child: false, em_datatype: 23} = {
                em_expr = Var {varno: 1, varattno: 1, vartype: 23, vartypmod: -1, varcollid: 0, varlevelsup: 0, varnosyn: 1, varattnosyn: 1, location: 106}
              },
              right_em = EquivalenceMember {em_relids: (b 2), em_is_const: false, em_is_child: false, em_datatype: 23} = {
                em_expr = Var {varno: 2, varattno: 1, vartype: 23, vartypmod: -1, varcollid: 0, varlevelsup: 0, varnosyn: 2, varattnosyn: 1, location: 118}
              }
            }
          }
        }
      }
    },
    subpath = AggPath T_Agg (cost=191.01..191.05 rows=1 parallel_aware=False parallel_safe=False parallel_workers=0) {aggstrategy: AGG_SORTED, aggsplit: AGGSPLIT_SIMPLE, numGroups: 1, transitionSpace: 256} = {
      path.parent = (b),
      path.pathtarget = PathTarget {cost: (0.00..0.00), width: 36} = {
        sortgrouprefs = [1, 0],
        exprs = List with 2 elements = {
          0 = Var {varno: 3, varattno: 3, vartype: 23, vartypmod: -1, varcollid: 0, varlevelsup: 0, varnosyn: 3, varattnosyn: 3, location: -1},
          1 = Aggref {aggfnoid: 2114, aggtype: 1700, aggcollid: 0, inputcollid: 0, aggtranstype: 2281, aggtrantype: 0, agghas_collectfn: false, rank_first: false, aggstar: false, aggvariadic: false, aggkind: 110 'n', agglevelsup: 0, aggsplit: AGGSPLIT_SIMPLE, location: -1} = {
            aggargtypes = OidList with 1 elements = {1700},
            args = List with 1 elements = {
              0 = TargetEntry {resno: 1, resname: 0x0, ressortgroupref: 0, resorigtbl: 0, resorigcol: 0, resjunk: false} = {
                expr = OpExpr {opno: 1760, opfuncid: 1726, opresulttype: 1700, opretset: false, opcollid: 0, inputcollid: 0, location: -1} = {
                  args = List with 2 elements = {
                    0 = Var {varno: 3, varattno: 6, vartype: 1700, vartypmod: 983046, varcollid: 0, varlevelsup: 0, varnosyn: 3, varattnosyn: 6, location: -1},
                    1 = OpExpr {opno: 1759, opfuncid: 1725, opresulttype: 1700, opretset: false, opcollid: 0, inputcollid: 0, location: -1} = {
                      args = List with 2 elements = {
                        0 = Const {consttype: 1700, consttypmod: -1, constcollid: 0, constlen: -1, constvalue: 94501922015064, constisnull: false, constbyval: false, location: -1},
                        1 = Var {varno: 3, varattno: 7, vartype: 1700, vartypmod: 983046, varcollid: 0, varlevelsup: 0, varnosyn: 3, varattnosyn: 7, location: -1}
                      }
                    }
                  }
                }
              }
            }
          }
        },
        as_loc_list = IntList with 2 elements = {0, 0},
        expr_loc_list = IntList with 2 elements = {66, 81},
        expr_len_list = IntList with 2 elements = {0, 0},
        expr_type_list = IntList with 2 elements = {398, 405}
      },
      path.pathkeys = List with 1 elements = {
        0 = PathKey {pk_opfamily: 1976, pk_strategy: 1, pk_nulls_first: false} = {
          pk_eclass = EquivalenceClass {ec_collation: 0, ec_relids: (b 3), ec_has_const: false, ec_has_volatile: false, ec_broken: false, ec_sortref: 1, ec_min_security: 4294967295, ec_max_security: 0} = {
            ec_opfamilies = OidList with 1 elements = {1976},
            ec_members = List with 1 elements = {
              0 = EquivalenceMember {em_relids: (b 3), em_is_const: false, em_is_child: false, em_datatype: 23} = {
                em_expr = Var {varno: 3, varattno: 3, vartype: 23, vartypmod: -1, varcollid: 0, varlevelsup: 0, varnosyn: 3, varattnosyn: 3, location: -1}
              }
            }
          }
        }
      },
      subpath = SortPath T_Sort (cost=191.01..191.01 rows=1 parallel_aware=False parallel_safe=False parallel_workers=0)  = {
        path.parent = (b),
        path.pathtarget = PathTarget {cost: (0.00..0.00), width: 40} = {
          sortgrouprefs = [1, 0, 0],
          exprs = List with 3 elements = {
            0 = Var {varno: 3, varattno: 3, vartype: 23, vartypmod: -1, varcollid: 0, varlevelsup: 0, varnosyn: 3, varattnosyn: 3, location: -1},
            1 = Var {varno: 3, varattno: 6, vartype: 1700, vartypmod: 983046, varcollid: 0, varlevelsup: 0, varnosyn: 3, varattnosyn: 6, location: -1},
            2 = Var {varno: 3, varattno: 7, vartype: 1700, vartypmod: 983046, varcollid: 0, varlevelsup: 0, varnosyn: 3, varattnosyn: 7, location: -1}
          }
        },
        path.pathkeys = List with 1 elements = {
          0 = PathKey {pk_opfamily: 1976, pk_strategy: 1, pk_nulls_first: false} = {
            pk_eclass = EquivalenceClass {ec_collation: 0, ec_relids: (b 3), ec_has_const: false, ec_has_volatile: false, ec_broken: false, ec_sortref: 1, ec_min_security: 4294967295, ec_max_security: 0} = {
              ec_opfamilies = OidList with 1 elements = {1976},
              ec_members = List with 1 elements = {
                0 = EquivalenceMember {em_relids: (b 3), em_is_const: false, em_is_child: false, em_datatype: 23} = {
                  em_expr = Var {varno: 3, varattno: 3, vartype: 23, vartypmod: -1, varcollid: 0, varlevelsup: 0, varnosyn: 3, varattnosyn: 3, location: -1}
                }
              }
            }
          }
        },
        subpath = RemoteQueryPath T_RemoteQuery (cost=0.00..191.00 rows=1 parallel_aware=False parallel_safe=False parallel_workers=0) {jointype: JOIN_INNER, rqhas_unshippable_qual: false, rqhas_temp_rel: false, rqhas_unshippable_tlist: false} = {
          path.parent = (b 3),
          path.pathtarget = PathTarget {cost: (0.00..0.00), width: 40} = {
            sortgrouprefs = [1, 0, 0],
            exprs = List with 3 elements = {
              0 = Var {varno: 3, varattno: 3, vartype: 23, vartypmod: -1, varcollid: 0, varlevelsup: 0, varnosyn: 3, varattnosyn: 3, location: -1},
              1 = Var {varno: 3, varattno: 6, vartype: 1700, vartypmod: 983046, varcollid: 0, varlevelsup: 0, varnosyn: 3, varattnosyn: 6, location: -1},
              2 = Var {varno: 3, varattno: 7, vartype: 1700, vartypmod: 983046, varcollid: 0, varlevelsup: 0, varnosyn: 3, varattnosyn: 7, location: -1}
            }
          },
          rqpath_en = ExecNodes {accesstype: RELATION_ACCESS_READ, baselocatortype: 72 'H', en_relid: 0, en_funcid: 0} = {
            en_dist_vars = List with 1 elements = {
              0 = Var {varno: 3, varattno: 1, vartype: 23, vartypmod: -1, varcollid: 0, varlevelsup: 0, varnosyn: 3, varattnosyn: 1, location: -1}
            },
            nodeids = OidList with 3 elements = {16386, 16387, 16388}
          }
        }
      },
      groupClause = List with 1 elements = {
        0 = SortGroupClause {tleSortGroupRef: 1, eqop: 96, sortop: 97, nulls_first: false, hashable: true}
      },
      qual = List with 1 elements = {
        0 = OpExpr {opno: 1752, opfuncid: 1718, opresulttype: 16, opretset: false, opcollid: 0, inputcollid: 0, location: 150} = {
          args = List with 2 elements = {
            0 = Aggref {aggfnoid: 2114, aggtype: 1700, aggcollid: 0, inputcollid: 0, aggtranstype: 2281, aggtrantype: 0, agghas_collectfn: false, rank_first: false, aggstar: false, aggvariadic: false, aggkind: 110 'n', agglevelsup: 0, aggsplit: AGGSPLIT_SIMPLE, location: -1} = {
              aggargtypes = OidList with 1 elements = {1700},
              args = List with 1 elements = {
                0 = TargetEntry {resno: 1, resname: 0x0, ressortgroupref: 0, resorigtbl: 0, resorigcol: 0, resjunk: false} = {
                  expr = OpExpr {opno: 1760, opfuncid: 1726, opresulttype: 1700, opretset: false, opcollid: 0, inputcollid: 0, location: -1} = {
                    args = List with 2 elements = {
                      0 = Var {varno: 3, varattno: 6, vartype: 1700, vartypmod: 983046, varcollid: 0, varlevelsup: 0, varnosyn: 3, varattnosyn: 6, location: -1},
                      1 = OpExpr {opno: 1759, opfuncid: 1725, opresulttype: 1700, opretset: false, opcollid: 0, inputcollid: 0, location: -1} = {
                        args = List with 2 elements = {
                          0 = Const {consttype: 1700, consttypmod: -1, constcollid: 0, constlen: -1, constvalue: 94501922023704, constisnull: false, constbyval: false, location: -1},
                          1 = Var {varno: 3, varattno: 7, vartype: 1700, vartypmod: 983046, varcollid: 0, varlevelsup: 0, varnosyn: 3, varattnosyn: 7, location: -1}
                        }
                      }
                    }
                  }
                }
              }
            },
            1 = Param {paramkind: PARAM_EXEC, paramid: 0, paramtype: 1700, paramtypmod: -1, paramcollid: 0, location: -1}
          }
        }
      }
    }
  },
  innerjoinpath = RemoteQueryPath T_RemoteQuery (cost=0.00..145.00 rows=50 parallel_aware=False parallel_safe=False parallel_workers=0) {jointype: JOIN_INNER, rqhas_unshippable_qual: false, rqhas_temp_rel: false, rqhas_unshippable_tlist: false} = {
    path.parent = (b 1),
    path.pathtarget = PathTarget {cost: (0.00..0.00), width: 270} = {
      exprs = List with 4 elements = {
        0 = Var {varno: 1, varattno: 1, vartype: 23, vartypmod: -1, varcollid: 0, varlevelsup: 0, varnosyn: 1, varattnosyn: 1, location: 9},
        1 = Var {varno: 1, varattno: 2, vartype: 1042, vartypmod: 29, varcollid: 100, varlevelsup: 0, varnosyn: 1, varattnosyn: 2, location: 22},
        2 = Var {varno: 1, varattno: 3, vartype: 1043, vartypmod: 44, varcollid: 100, varlevelsup: 0, varnosyn: 1, varattnosyn: 3, location: 32},
        3 = Var {varno: 1, varattno: 5, vartype: 1042, vartypmod: 19, varcollid: 100, varlevelsup: 0, varnosyn: 1, varattnosyn: 5, location: 45}
      }
    },
    rqpath_en = ExecNodes {accesstype: RELATION_ACCESS_READ, baselocatortype: 72 'H', en_relid: 0, en_funcid: 0} = {
      en_dist_vars = List with 1 elements = {
        0 = Var {varno: 1, varattno: 1, vartype: 23, vartypmod: -1, varcollid: 0, varlevelsup: 0, varnosyn: 1, varattnosyn: 1, location: 9}
      },
      nodeids = OidList with 3 elements = {16386, 16387, 16388}
    }
  },
  joinrestrictinfo = List with 1 elements = {
    0 = RestrictInfo {is_pushed_down: true, outerjoin_delayed: false, can_join: true, pseudoconstant: false, leakproof: false, security_level: 0, clause_relids: (b 1 2), required_relids: (b 1 2), outer_relids: (b), nullable_relids: (b), left_relids: (b 1), right_relids: (b 2), eval_cost: (0.00..0.00), norm_selec: 0.0067, outer_selec: 0.0067, outer_is_left: false, hashjoinoperator: 96, left_bucketsize: 0.0200, right_bucketsize: 1.0000, left_mcvfreq: 0.0000, right_mcvfreq: 0.0000} = {
      clause = OpExpr {opno: 96, opfuncid: 65, opresulttype: 16, opretset: false, opcollid: 0, inputcollid: 0, location: -1} = {
        args = List with 2 elements = {
          0 = Var {varno: 1, varattno: 1, vartype: 23, vartypmod: -1, varcollid: 0, varlevelsup: 0, varnosyn: 1, varattnosyn: 1, location: 106},
          1 = Var {varno: 2, varattno: 1, vartype: 23, vartypmod: -1, varcollid: 0, varlevelsup: 0, varnosyn: 2, varattnosyn: 1, location: 118}
        }
      },
      mergeopfamilies = OidList with 1 elements = {1976},
      left_em = EquivalenceMember {em_relids: (b 1), em_is_const: false, em_is_child: false, em_datatype: 23} = {
        em_expr = Var {varno: 1, varattno: 1, vartype: 23, vartypmod: -1, varcollid: 0, varlevelsup: 0, varnosyn: 1, varattnosyn: 1, location: 106}
      },
      right_em = EquivalenceMember {em_relids: (b 2), em_is_const: false, em_is_child: false, em_datatype: 23} = {
        em_expr = Var {varno: 2, varattno: 1, vartype: 23, vartypmod: -1, varcollid: 0, varlevelsup: 0, varnosyn: 2, varattnosyn: 1, location: 118}
      }
    }
  }
}

Breakpoint 2, standard_planner (parse=0x55f2f17add98, query_string=0x55f2f1676670 "select\n  s_suppkey,\n  s_name,\n  s_address,\n  s_phone,\n  total_revenue\nfrom\n  supplier,\n  revenue0\nwhere\n  s_suppkey = supplier_no\n  and total_revenue = (\n    select\n      max(total_revenue)\n    from\n "..., cursorOptions=33024, boundParams=0x0) at /workspaces/AntDB/src/backend/optimizer/plan/planner.c:761
761		result->commandType = parse->commandType;
$45 = NestLoop (cost=382.07..527.74 rows=1 width=302 plan_id=0 parallel_aware=False parallel_safe = False) {join.jointype: JOIN_INNER, join.inner_unique: false} = {
  join.plan.targetlist = List with 5 elements = {
    0 = TargetEntry {resno: 1, resname: 's_suppkey', ressortgroupref: 1, resorigtbl: 270666, resorigcol: 1, resjunk: false} = {
      expr = Var {varno: 65000, varattno: 1, vartype: 23, vartypmod: -1, varcollid: 0, varlevelsup: 0, varnosyn: 1, varattnosyn: 1, location: 9}
    },
    1 = TargetEntry {resno: 2, resname: 's_name', ressortgroupref: 0, resorigtbl: 270666, resorigcol: 2, resjunk: false} = {
      expr = Var {varno: 65000, varattno: 2, vartype: 1042, vartypmod: 29, varcollid: 100, varlevelsup: 0, varnosyn: 1, varattnosyn: 2, location: 22}
    },
    2 = TargetEntry {resno: 3, resname: 's_address', ressortgroupref: 0, resorigtbl: 270666, resorigcol: 3, resjunk: false} = {
      expr = Var {varno: 65000, varattno: 3, vartype: 1043, vartypmod: 44, varcollid: 100, varlevelsup: 0, varnosyn: 1, varattnosyn: 3, location: 32}
    },
    3 = TargetEntry {resno: 4, resname: 's_phone', ressortgroupref: 0, resorigtbl: 270666, resorigcol: 5, resjunk: false} = {
      expr = Var {varno: 65000, varattno: 4, vartype: 1042, vartypmod: 19, varcollid: 100, varlevelsup: 0, varnosyn: 1, varattnosyn: 5, location: 45}
    },
    4 = TargetEntry {resno: 5, resname: 'total_revenue', ressortgroupref: 0, resorigtbl: 295158, resorigcol: 2, resjunk: false} = {
      expr = Var {varno: 65001, varattno: 2, vartype: 1700, vartypmod: -1, varcollid: 0, varlevelsup: 0, varnosyn: 2, varattnosyn: 2, location: 56}
    }
  },
  join.plan.lefttree = Agg (cost=191.01..191.05 rows=1 width=36 plan_id=2 parallel_aware=False parallel_safe = False) {aggstrategy: AGG_SORTED, aggsplit: AGGSPLIT_SIMPLE, numCols: 1, numGroups: 1, transitionSpace: 256, aggParams: 0x0} = {
    grpColIdx = [1],
    grpOperators = [96],
    grpCollations = [0],
    plan.targetlist = List with 2 elements = {
      0 = TargetEntry {resno: 1, resname: 0x0, ressortgroupref: 0, resorigtbl: 0, resorigcol: 0, resjunk: false} = {
        expr = Var {varno: 65001, varattno: 1, vartype: 23, vartypmod: -1, varcollid: 0, varlevelsup: 0, varnosyn: 0, varattnosyn: 0, location: -1}
      },
      1 = TargetEntry {resno: 2, resname: 0x0, ressortgroupref: 0, resorigtbl: 0, resorigcol: 0, resjunk: false} = {
        expr = Aggref {aggfnoid: 2114, aggtype: 1700, aggcollid: 0, inputcollid: 0, aggtranstype: 2281, aggtrantype: 0, agghas_collectfn: false, rank_first: false, aggstar: false, aggvariadic: false, aggkind: 110 'n', agglevelsup: 0, aggsplit: AGGSPLIT_SIMPLE, location: -1} = {
          aggargtypes = OidList with 1 elements = {1700},
          args = List with 1 elements = {
            0 = TargetEntry {resno: 1, resname: 0x0, ressortgroupref: 0, resorigtbl: 0, resorigcol: 0, resjunk: false} = {
              expr = OpExpr {opno: 1760, opfuncid: 1726, opresulttype: 1700, opretset: false, opcollid: 0, inputcollid: 0, location: -1} = {
                args = List with 2 elements = {
                  0 = Var {varno: 65001, varattno: 2, vartype: 1700, vartypmod: 983046, varcollid: 0, varlevelsup: 0, varnosyn: 6, varattnosyn: 6, location: -1},
                  1 = OpExpr {opno: 1759, opfuncid: 1725, opresulttype: 1700, opretset: false, opcollid: 0, inputcollid: 0, location: -1} = {
                    args = List with 2 elements = {
                      0 = Const {consttype: 1700, consttypmod: -1, constcollid: 0, constlen: -1, constvalue: 94501922015064, constisnull: false, constbyval: false, location: -1},
                      1 = Var {varno: 65001, varattno: 3, vartype: 1700, vartypmod: 983046, varcollid: 0, varlevelsup: 0, varnosyn: 6, varattnosyn: 7, location: -1}
                    }
                  }
                }
              }
            }
          }
        }
      }
    },
    plan.qual = List with 1 elements = {
      0 = OpExpr {opno: 1752, opfuncid: 1718, opresulttype: 16, opretset: false, opcollid: 0, inputcollid: 0, location: 150} = {
        args = List with 2 elements = {
          0 = Aggref {aggfnoid: 2114, aggtype: 1700, aggcollid: 0, inputcollid: 0, aggtranstype: 2281, aggtrantype: 0, agghas_collectfn: false, rank_first: false, aggstar: false, aggvariadic: false, aggkind: 110 'n', agglevelsup: 0, aggsplit: AGGSPLIT_SIMPLE, location: -1} = {
            aggargtypes = OidList with 1 elements = {1700},
            args = List with 1 elements = {
              0 = TargetEntry {resno: 1, resname: 0x0, ressortgroupref: 0, resorigtbl: 0, resorigcol: 0, resjunk: false} = {
                expr = OpExpr {opno: 1760, opfuncid: 1726, opresulttype: 1700, opretset: false, opcollid: 0, inputcollid: 0, location: -1} = {
                  args = List with 2 elements = {
                    0 = Var {varno: 65001, varattno: 2, vartype: 1700, vartypmod: 983046, varcollid: 0, varlevelsup: 0, varnosyn: 6, varattnosyn: 6, location: -1},
                    1 = OpExpr {opno: 1759, opfuncid: 1725, opresulttype: 1700, opretset: false, opcollid: 0, inputcollid: 0, location: -1} = {
                      args = List with 2 elements = {
                        0 = Const {consttype: 1700, consttypmod: -1, constcollid: 0, constlen: -1, constvalue: 94501922023704, constisnull: false, constbyval: false, location: -1},
                        1 = Var {varno: 65001, varattno: 3, vartype: 1700, vartypmod: 983046, varcollid: 0, varlevelsup: 0, varnosyn: 6, varattnosyn: 7, location: -1}
                      }
                    }
                  }
                }
              }
            }
          },
          1 = Param {paramkind: PARAM_EXEC, paramid: 0, paramtype: 1700, paramtypmod: -1, paramcollid: 0, location: -1}
        }
      }
    },
    plan.lefttree = Sort (cost=191.01..191.01 rows=1 width=40 plan_id=3 parallel_aware=False parallel_safe = False) numCols: 1 = {
      sortColIdx = [1],
      sortOperators = [97],
      collations = [0],
      nullsFirst = [False],
      plan.targetlist = List with 3 elements = {
        0 = TargetEntry {resno: 1, resname: 0x0, ressortgroupref: 1, resorigtbl: 0, resorigcol: 0, resjunk: false} = {
          expr = Var {varno: 65001, varattno: 1, vartype: 23, vartypmod: -1, varcollid: 0, varlevelsup: 0, varnosyn: 6, varattnosyn: 3, location: -1}
        },
        1 = TargetEntry {resno: 2, resname: 0x0, ressortgroupref: 0, resorigtbl: 0, resorigcol: 0, resjunk: false} = {
          expr = Var {varno: 65001, varattno: 2, vartype: 1700, vartypmod: 983046, varcollid: 0, varlevelsup: 0, varnosyn: 6, varattnosyn: 6, location: -1}
        },
        2 = TargetEntry {resno: 3, resname: 0x0, ressortgroupref: 0, resorigtbl: 0, resorigcol: 0, resjunk: false} = {
          expr = Var {varno: 65001, varattno: 3, vartype: 1700, vartypmod: 983046, varcollid: 0, varlevelsup: 0, varnosyn: 6, varattnosyn: 7, location: -1}
        }
      },
      plan.lefttree = RemoteQuery (cost=0.00..191.00 rows=1 width=40 plan_id=4 parallel_aware=False parallel_safe = False) {scan.scanrelid: 7, exec_direct_type: EXEC_DIRECT_NONE, sql_statement: 'SELECT l_suppkey, l_extendedprice, l_discount FROM ONLY public.lineitem lineitem WHERE ((l_shipdate ', sql_node: 0x0, combine_type: COMBINE_TYPE_NONE, read_only: true, force_autocommit: false, statement: 0x0, cursor: 0x0, rq_num_params: 0, rq_params_internal: false, exec_type: EXEC_ON_DATANODES, is_temp: false, rq_finalise_aggs: false, rq_sortgroup_colno: false, has_row_marks: false, rq_save_command_id: false, rq_use_pk_for_rep_change: false, rq_max_param_num: 0} = {
        scan.plan.targetlist = List with 3 elements = {
          0 = TargetEntry {resno: 1, resname: 0x0, ressortgroupref: 1, resorigtbl: 0, resorigcol: 0, resjunk: false} = {
            expr = Var {varno: 7, varattno: 1, vartype: 23, vartypmod: -1, varcollid: 0, varlevelsup: 0, varnosyn: 9, varattnosyn: 3, location: -1}
          },
          1 = TargetEntry {resno: 2, resname: 0x0, ressortgroupref: 0, resorigtbl: 0, resorigcol: 0, resjunk: false} = {
            expr = Var {varno: 7, varattno: 2, vartype: 1700, vartypmod: 983046, varcollid: 0, varlevelsup: 0, varnosyn: 9, varattnosyn: 6, location: -1}
          },
          2 = TargetEntry {resno: 3, resname: 0x0, ressortgroupref: 0, resorigtbl: 0, resorigcol: 0, resjunk: false} = {
            expr = Var {varno: 7, varattno: 3, vartype: 1700, vartypmod: 983046, varcollid: 0, varlevelsup: 0, varnosyn: 9, varattnosyn: 7, location: -1}
          }
        },
        exec_nodes = ExecNodes {accesstype: RELATION_ACCESS_READ, baselocatortype: 72 'H', en_relid: 0, en_funcid: 0} = {
          en_dist_vars = List with 1 elements = {
            0 = Var {varno: 3, varattno: 1, vartype: 23, vartypmod: -1, varcollid: 0, varlevelsup: 0, varnosyn: 3, varattnosyn: 1, location: -1}
          },
          nodeids = OidList with 3 elements = {16386, 16387, 16388}
        },
        remote_query = Query {commandType: CMD_SELECT, querySource: QSRC_ORIGINAL, queryId: 0, canSetTag: false, resultRelation: 0, hasAggs: false, hasWindowFuncs: false, hasTargetSRFs: false, hasSubLinks: false, hasDistinctOn: false, hasRecursive: false, hasModifyingCTE: false, hasForUpdate: false, hasRowSecurity: false, override: OVERRIDING_NOT_SET, limitOption: LIMIT_OPTION_COUNT, stmt_location: 0, stmt_len: 0, is_local: false, has_to_save_cmd_id: false, in_sub_plan: false, in_explain: false} = {
          rtable = List with 1 elements = {
            0 = RangeTblEntry {rtekind: RTE_RELATION, relname: 'lineitem', relid: 270678, relkind: 114 'r', rellockmode: 1, security_barrier: false, jointype: JOIN_INNER, joinmergedcols: 0, funcordinality: false, ctename: 0x0, ctelevelsup: 0, self_reference: false, enrname: 0x0, enrtuples: 0, param_new: 0, param_old: 0, mt_result: 0x0, defaultCols: 0x0, rows: 0, lateral: false, inh: false, inFromCl: true, requiredPerms: 2, checkAsUser: 10, selectedCols: (b 13 16 17 21), insertedCols: 0x0, updatedCols: 0x0, extraUpdatedCols: 0x0} = {
              alias = Alias aliasname: 'lineitem',
              eref = Alias aliasname: 'lineitem' = {
                colnames = List with 16 elements = {
                  0 = String[ 'l_orderkey' ],
                  1 = String[ 'l_partkey' ],
                  2 = String[ 'l_suppkey' ],
                  3 = String[ 'l_linenumber' ],
                  4 = String[ 'l_quantity' ],
                  5 = String[ 'l_extendedprice' ],
                  6 = String[ 'l_discount' ],
                  7 = String[ 'l_tax' ],
                  8 = String[ 'l_returnflag' ],
                  9 = String[ 'l_linestatus' ],
                  10 = String[ 'l_shipdate' ],
                  11 = String[ 'l_commitdate' ],
                  12 = String[ 'l_receiptdate' ],
                  13 = String[ 'l_shipinstruct' ],
                  14 = String[ 'l_shipmode' ],
                  15 = String[ 'l_comment' ]
                }
              }
            }
          },
          jointree = FromExpr  = {
            fromlist = List with 1 elements = {
              0 = RangeTblRef rtindex: 1
            },
            quals = BoolExpr {boolop: AND_EXPR, location: -1} = {
              args = List with 2 elements = {
                0 = OpExpr {opno: 1098, opfuncid: 1090, opresulttype: 16, opretset: false, opcollid: 0, inputcollid: 0, location: -1} = {
                  args = List with 2 elements = {
                    0 = Var {varno: 1, varattno: 11, vartype: 1082, vartypmod: -1, varcollid: 0, varlevelsup: 0, varnosyn: 0, varattnosyn: 11, location: -1},
                    1 = Const {consttype: 1082, consttypmod: -1, constcollid: 0, constlen: 4, constvalue: 18446744073709550155, constisnull: false, constbyval: true, location: -1}
                  }
                },
                1 = OpExpr {opno: 2345, opfuncid: 2338, opresulttype: 16, opretset: false, opcollid: 0, inputcollid: 0, location: -1} = {
                  args = List with 2 elements = {
                    0 = Var {varno: 1, varattno: 11, vartype: 1082, vartypmod: -1, varcollid: 0, varlevelsup: 0, varnosyn: 0, varattnosyn: 11, location: -1},
                    1 = Const {consttype: 1114, consttypmod: -1, constcollid: 0, constlen: 8, constvalue: 18446625705709551616, constisnull: false, constbyval: true, location: -1}
                  }
                }
              }
            }
          },
          targetList = List with 3 elements = {
            0 = TargetEntry {resno: 1, resname: 0x0, ressortgroupref: 1, resorigtbl: 0, resorigcol: 0, resjunk: false} = {
              expr = Var {varno: 1, varattno: 3, vartype: 23, vartypmod: -1, varcollid: 0, varlevelsup: 0, varnosyn: 0, varattnosyn: 3, location: -1}
            },
            1 = TargetEntry {resno: 2, resname: 0x0, ressortgroupref: 0, resorigtbl: 0, resorigcol: 0, resjunk: false} = {
              expr = Var {varno: 1, varattno: 6, vartype: 1700, vartypmod: 983046, varcollid: 0, varlevelsup: 0, varnosyn: 0, varattnosyn: 6, location: -1}
            },
            2 = TargetEntry {resno: 3, resname: 0x0, ressortgroupref: 0, resorigtbl: 0, resorigcol: 0, resjunk: false} = {
              expr = Var {varno: 1, varattno: 7, vartype: 1700, vartypmod: 983046, varcollid: 0, varlevelsup: 0, varnosyn: 0, varattnosyn: 7, location: -1}
            }
          }
        },
        base_tlist = List with 3 elements = {
          0 = TargetEntry {resno: 1, resname: 0x0, ressortgroupref: 1, resorigtbl: 0, resorigcol: 0, resjunk: false} = {
            expr = Var {varno: 6, varattno: 3, vartype: 23, vartypmod: -1, varcollid: 0, varlevelsup: 0, varnosyn: 6, varattnosyn: 3, location: -1}
          },
          1 = TargetEntry {resno: 2, resname: 0x0, ressortgroupref: 0, resorigtbl: 0, resorigcol: 0, resjunk: false} = {
            expr = Var {varno: 6, varattno: 6, vartype: 1700, vartypmod: 983046, varcollid: 0, varlevelsup: 0, varnosyn: 6, varattnosyn: 6, location: -1}
          },
          2 = TargetEntry {resno: 3, resname: 0x0, ressortgroupref: 0, resorigtbl: 0, resorigcol: 0, resjunk: false} = {
            expr = Var {varno: 6, varattno: 7, vartype: 1700, vartypmod: 983046, varcollid: 0, varlevelsup: 0, varnosyn: 6, varattnosyn: 7, location: -1}
          }
        },
        coord_var_tlist = List with 3 elements = {
          0 = TargetEntry {resno: 1, resname: 0x0, ressortgroupref: 0, resorigtbl: 0, resorigcol: 0, resjunk: false} = {
            expr = Var {varno: 3, varattno: 3, vartype: 23, vartypmod: -1, varcollid: 0, varlevelsup: 0, varnosyn: 3, varattnosyn: 3, location: -1}
          },
          1 = TargetEntry {resno: 2, resname: 0x0, ressortgroupref: 0, resorigtbl: 0, resorigcol: 0, resjunk: false} = {
            expr = Var {varno: 3, varattno: 6, vartype: 1700, vartypmod: 983046, varcollid: 0, varlevelsup: 0, varnosyn: 3, varattnosyn: 6, location: -1}
          },
          2 = TargetEntry {resno: 3, resname: 0x0, ressortgroupref: 0, resorigtbl: 0, resorigcol: 0, resjunk: false} = {
            expr = Var {varno: 3, varattno: 7, vartype: 1700, vartypmod: 983046, varcollid: 0, varlevelsup: 0, varnosyn: 3, varattnosyn: 7, location: -1}
          }
        },
        query_var_tlist = List with 3 elements = {
          0 = TargetEntry {resno: 1, resname: 0x0, ressortgroupref: 0, resorigtbl: 0, resorigcol: 0, resjunk: false} = {
            expr = Var {varno: 1, varattno: 3, vartype: 23, vartypmod: -1, varcollid: 0, varlevelsup: 0, varnosyn: 0, varattnosyn: 3, location: -1}
          },
          1 = TargetEntry {resno: 2, resname: 0x0, ressortgroupref: 0, resorigtbl: 0, resorigcol: 0, resjunk: false} = {
            expr = Var {varno: 1, varattno: 6, vartype: 1700, vartypmod: 983046, varcollid: 0, varlevelsup: 0, varnosyn: 0, varattnosyn: 6, location: -1}
          },
          2 = TargetEntry {resno: 3, resname: 0x0, ressortgroupref: 0, resorigtbl: 0, resorigcol: 0, resjunk: false} = {
            expr = Var {varno: 1, varattno: 7, vartype: 1700, vartypmod: 983046, varcollid: 0, varlevelsup: 0, varnosyn: 0, varattnosyn: 7, location: -1}
          }
        }
      }
    }
  },
  join.plan.righttree = RemoteQuery (cost=0.00..145.00 rows=50 width=270 plan_id=5 parallel_aware=False parallel_safe = False) {scan.scanrelid: 3, exec_direct_type: EXEC_DIRECT_NONE, sql_statement: 'SELECT s_suppkey, s_name, s_address, s_phone FROM ONLY public.supplier supplier WHERE true', sql_node: 0x0, combine_type: COMBINE_TYPE_NONE, read_only: true, force_autocommit: false, statement: 0x0, cursor: 0x0, rq_num_params: 0, rq_params_internal: false, exec_type: EXEC_ON_DATANODES, is_temp: false, rq_finalise_aggs: false, rq_sortgroup_colno: false, has_row_marks: false, rq_save_command_id: false, rq_use_pk_for_rep_change: false, rq_max_param_num: 0} = {
    scan.plan.targetlist = List with 4 elements = {
      0 = TargetEntry {resno: 1, resname: 0x0, ressortgroupref: 0, resorigtbl: 0, resorigcol: 0, resjunk: false} = {
        expr = Var {varno: 3, varattno: 1, vartype: 23, vartypmod: -1, varcollid: 0, varlevelsup: 0, varnosyn: 1, varattnosyn: 1, location: 9}
      },
      1 = TargetEntry {resno: 2, resname: 0x0, ressortgroupref: 0, resorigtbl: 0, resorigcol: 0, resjunk: false} = {
        expr = Var {varno: 3, varattno: 2, vartype: 1042, vartypmod: 29, varcollid: 100, varlevelsup: 0, varnosyn: 1, varattnosyn: 2, location: 22}
      },
      2 = TargetEntry {resno: 3, resname: 0x0, ressortgroupref: 0, resorigtbl: 0, resorigcol: 0, resjunk: false} = {
        expr = Var {varno: 3, varattno: 3, vartype: 1043, vartypmod: 44, varcollid: 100, varlevelsup: 0, varnosyn: 1, varattnosyn: 3, location: 32}
      },
      3 = TargetEntry {resno: 4, resname: 0x0, ressortgroupref: 0, resorigtbl: 0, resorigcol: 0, resjunk: false} = {
        expr = Var {varno: 3, varattno: 4, vartype: 1042, vartypmod: 19, varcollid: 100, varlevelsup: 0, varnosyn: 1, varattnosyn: 5, location: 45}
      }
    },
    exec_nodes = ExecNodes {accesstype: RELATION_ACCESS_READ, baselocatortype: 72 'H', en_relid: 0, en_funcid: 0} = {
      en_dist_vars = List with 1 elements = {
        0 = Var {varno: 1, varattno: 1, vartype: 23, vartypmod: -1, varcollid: 0, varlevelsup: 0, varnosyn: 1, varattnosyn: 1, location: 9}
      },
      nodeids = OidList with 3 elements = {16386, 16387, 16388}
    },
    remote_query = Query {commandType: CMD_SELECT, querySource: QSRC_ORIGINAL, queryId: 0, canSetTag: false, resultRelation: 0, hasAggs: false, hasWindowFuncs: false, hasTargetSRFs: false, hasSubLinks: false, hasDistinctOn: false, hasRecursive: false, hasModifyingCTE: false, hasForUpdate: false, hasRowSecurity: false, override: OVERRIDING_NOT_SET, limitOption: LIMIT_OPTION_COUNT, stmt_location: 0, stmt_len: 0, is_local: false, has_to_save_cmd_id: false, in_sub_plan: false, in_explain: false} = {
      rtable = List with 1 elements = {
        0 = RangeTblEntry {rtekind: RTE_RELATION, relname: 'supplier', relid: 270666, relkind: 114 'r', rellockmode: 1, security_barrier: false, jointype: JOIN_INNER, joinmergedcols: 0, funcordinality: false, ctename: 0x0, ctelevelsup: 0, self_reference: false, enrname: 0x0, enrtuples: 0, param_new: -1, param_old: -1, mt_result: 0x0, defaultCols: 0x0, rows: 0, lateral: false, inh: false, inFromCl: true, requiredPerms: 2, checkAsUser: 0, selectedCols: (b 11 12 13 15), insertedCols: 0x0, updatedCols: 0x0, extraUpdatedCols: 0x0} = {
          alias = Alias aliasname: 'supplier',
          eref = Alias aliasname: 'supplier' = {
            colnames = List with 7 elements = {
              0 = String[ 's_suppkey' ],
              1 = String[ 's_name' ],
              2 = String[ 's_address' ],
              3 = String[ 's_nationkey' ],
              4 = String[ 's_phone' ],
              5 = String[ 's_acctbal' ],
              6 = String[ 's_comment' ]
            }
          }
        }
      },
      jointree = FromExpr  = {
        fromlist = List with 1 elements = {
          0 = RangeTblRef rtindex: 1
        },
        quals = Const {consttype: 16, consttypmod: -1, constcollid: 0, constlen: 1, constvalue: 1, constisnull: false, constbyval: true, location: -1}
      },
      targetList = List with 4 elements = {
        0 = TargetEntry {resno: 1, resname: 0x0, ressortgroupref: 0, resorigtbl: 0, resorigcol: 0, resjunk: false} = {
          expr = Var {varno: 1, varattno: 1, vartype: 23, vartypmod: -1, varcollid: 0, varlevelsup: 0, varnosyn: 0, varattnosyn: 1, location: 9}
        },
        1 = TargetEntry {resno: 2, resname: 0x0, ressortgroupref: 0, resorigtbl: 0, resorigcol: 0, resjunk: false} = {
          expr = Var {varno: 1, varattno: 2, vartype: 1042, vartypmod: 29, varcollid: 100, varlevelsup: 0, varnosyn: 0, varattnosyn: 2, location: 22}
        },
        2 = TargetEntry {resno: 3, resname: 0x0, ressortgroupref: 0, resorigtbl: 0, resorigcol: 0, resjunk: false} = {
          expr = Var {varno: 1, varattno: 3, vartype: 1043, vartypmod: 44, varcollid: 100, varlevelsup: 0, varnosyn: 0, varattnosyn: 3, location: 32}
        },
        3 = TargetEntry {resno: 4, resname: 0x0, ressortgroupref: 0, resorigtbl: 0, resorigcol: 0, resjunk: false} = {
          expr = Var {varno: 1, varattno: 5, vartype: 1042, vartypmod: 19, varcollid: 100, varlevelsup: 0, varnosyn: 0, varattnosyn: 5, location: 45}
        }
      }
    },
    base_tlist = List with 4 elements = {
      0 = TargetEntry {resno: 1, resname: 0x0, ressortgroupref: 0, resorigtbl: 0, resorigcol: 0, resjunk: false} = {
        expr = Var {varno: 1, varattno: 1, vartype: 23, vartypmod: -1, varcollid: 0, varlevelsup: 0, varnosyn: 1, varattnosyn: 1, location: 9}
      },
      1 = TargetEntry {resno: 2, resname: 0x0, ressortgroupref: 0, resorigtbl: 0, resorigcol: 0, resjunk: false} = {
        expr = Var {varno: 1, varattno: 2, vartype: 1042, vartypmod: 29, varcollid: 100, varlevelsup: 0, varnosyn: 1, varattnosyn: 2, location: 22}
      },
      2 = TargetEntry {resno: 3, resname: 0x0, ressortgroupref: 0, resorigtbl: 0, resorigcol: 0, resjunk: false} = {
        expr = Var {varno: 1, varattno: 3, vartype: 1043, vartypmod: 44, varcollid: 100, varlevelsup: 0, varnosyn: 1, varattnosyn: 3, location: 32}
      },
      3 = TargetEntry {resno: 4, resname: 0x0, ressortgroupref: 0, resorigtbl: 0, resorigcol: 0, resjunk: false} = {
        expr = Var {varno: 1, varattno: 5, vartype: 1042, vartypmod: 19, varcollid: 100, varlevelsup: 0, varnosyn: 1, varattnosyn: 5, location: 45}
      }
    },
    coord_var_tlist = List with 4 elements = {
      0 = TargetEntry {resno: 1, resname: 0x0, ressortgroupref: 0, resorigtbl: 0, resorigcol: 0, resjunk: false} = {
        expr = Var {varno: 1, varattno: 1, vartype: 23, vartypmod: -1, varcollid: 0, varlevelsup: 0, varnosyn: 1, varattnosyn: 1, location: 9}
      },
      1 = TargetEntry {resno: 2, resname: 0x0, ressortgroupref: 0, resorigtbl: 0, resorigcol: 0, resjunk: false} = {
        expr = Var {varno: 1, varattno: 2, vartype: 1042, vartypmod: 29, varcollid: 100, varlevelsup: 0, varnosyn: 1, varattnosyn: 2, location: 22}
      },
      2 = TargetEntry {resno: 3, resname: 0x0, ressortgroupref: 0, resorigtbl: 0, resorigcol: 0, resjunk: false} = {
        expr = Var {varno: 1, varattno: 3, vartype: 1043, vartypmod: 44, varcollid: 100, varlevelsup: 0, varnosyn: 1, varattnosyn: 3, location: 32}
      },
      3 = TargetEntry {resno: 4, resname: 0x0, ressortgroupref: 0, resorigtbl: 0, resorigcol: 0, resjunk: false} = {
        expr = Var {varno: 1, varattno: 5, vartype: 1042, vartypmod: 19, varcollid: 100, varlevelsup: 0, varnosyn: 1, varattnosyn: 5, location: 45}
      }
    },
    query_var_tlist = List with 4 elements = {
      0 = TargetEntry {resno: 1, resname: 0x0, ressortgroupref: 0, resorigtbl: 0, resorigcol: 0, resjunk: false} = {
        expr = Var {varno: 1, varattno: 1, vartype: 23, vartypmod: -1, varcollid: 0, varlevelsup: 0, varnosyn: 0, varattnosyn: 1, location: 9}
      },
      1 = TargetEntry {resno: 2, resname: 0x0, ressortgroupref: 0, resorigtbl: 0, resorigcol: 0, resjunk: false} = {
        expr = Var {varno: 1, varattno: 2, vartype: 1042, vartypmod: 29, varcollid: 100, varlevelsup: 0, varnosyn: 0, varattnosyn: 2, location: 22}
      },
      2 = TargetEntry {resno: 3, resname: 0x0, ressortgroupref: 0, resorigtbl: 0, resorigcol: 0, resjunk: false} = {
        expr = Var {varno: 1, varattno: 3, vartype: 1043, vartypmod: 44, varcollid: 100, varlevelsup: 0, varnosyn: 0, varattnosyn: 3, location: 32}
      },
      3 = TargetEntry {resno: 4, resname: 0x0, ressortgroupref: 0, resorigtbl: 0, resorigcol: 0, resjunk: false} = {
        expr = Var {varno: 1, varattno: 5, vartype: 1042, vartypmod: 19, varcollid: 100, varlevelsup: 0, varnosyn: 0, varattnosyn: 5, location: 45}
      }
    }
  },
  join.plan.initPlan = List with 1 elements = {
    0 = SubPlan {subLinkType: EXPR_SUBLINK, plan_id: 1, plan_name: 'InitPlan 1 (returns $0)', firstColType: 1700, firstColTypmod: -1, firstColCollation: 0, useHashTable: false, unknownEqFalse: false, parallel_safe: false, startup_cost: 0, per_call_cost: 191.05999999999995} = {
      setParam = IntList with 1 elements = {0}
    }
  },
  join.joinqual = List with 1 elements = {
    0 = OpExpr {opno: 96, opfuncid: 65, opresulttype: 16, opretset: false, opcollid: 0, inputcollid: 0, location: -1} = {
      args = List with 2 elements = {
        0 = Var {varno: 65000, varattno: 1, vartype: 23, vartypmod: -1, varcollid: 0, varlevelsup: 0, varnosyn: 1, varattnosyn: 1, location: 106},
        1 = Var {varno: 65001, varattno: 1, vartype: 23, vartypmod: -1, varcollid: 0, varlevelsup: 0, varnosyn: 2, varattnosyn: 1, location: 118}
      }
    }
  }
}

Breakpoint 1, standard_planner (parse=0x55f2f17aee48, query_string=0x55f2f1676670 "select\n  p_brand,\n  p_type,\n  p_size,\n  count(distinct ps_suppkey) as supplier_cnt\nfrom\n  partsupp,\n  part\nwhere\n  p_partkey = ps_partkey\n  and p_brand <> 'Brand#45'\n  and p_type not like 'MEDIUM POLI"..., cursorOptions=33024, boundParams=0x0) at /workspaces/AntDB/src/backend/optimizer/plan/planner.c:661
661		top_plan = create_plan(root, best_path);
$46 = Query {commandType: CMD_SELECT, querySource: QSRC_ORIGINAL, queryId: 0, canSetTag: true, resultRelation: 0, hasAggs: true, hasWindowFuncs: false, hasTargetSRFs: false, hasSubLinks: true, hasDistinctOn: false, hasRecursive: false, hasModifyingCTE: false, hasForUpdate: false, hasRowSecurity: false, override: OVERRIDING_NOT_SET, limitOption: LIMIT_OPTION_COUNT, stmt_location: 0, stmt_len: 488, is_local: false, has_to_save_cmd_id: false, in_sub_plan: false, in_explain: false} = {
  rtable = List with 2 elements = {
    0 = RangeTblEntry {rtekind: RTE_RELATION, relname: 'partsupp', relid: 270669, relkind: 114 'r', rellockmode: 1, security_barrier: false, jointype: JOIN_INNER, joinmergedcols: 0, funcordinality: false, ctename: 0x0, ctelevelsup: 0, self_reference: false, enrname: 0x0, enrtuples: 0, param_new: -1, param_old: -1, mt_result: 0x0, defaultCols: 0x0, rows: 0, lateral: false, inh: false, inFromCl: true, requiredPerms: 2, checkAsUser: 0, selectedCols: (b 11 12), insertedCols: 0x0, updatedCols: 0x0, extraUpdatedCols: 0x0} = {
      eref = Alias aliasname: 'partsupp' = {
        colnames = List with 5 elements = {
          0 = String[ 'ps_partkey' ],
          1 = String[ 'ps_suppkey' ],
          2 = String[ 'ps_availqty' ],
          3 = String[ 'ps_supplycost' ],
          4 = String[ 'ps_comment' ]
        }
      }
    },
    1 = RangeTblEntry {rtekind: RTE_RELATION, relname: 'part', relid: 270663, relkind: 114 'r', rellockmode: 1, security_barrier: false, jointype: JOIN_INNER, joinmergedcols: 0, funcordinality: false, ctename: 0x0, ctelevelsup: 0, self_reference: false, enrname: 0x0, enrtuples: 0, param_new: -1, param_old: -1, mt_result: 0x0, defaultCols: 0x0, rows: 0, lateral: false, inh: false, inFromCl: true, requiredPerms: 2, checkAsUser: 0, selectedCols: (b 11 14 15 16), insertedCols: 0x0, updatedCols: 0x0, extraUpdatedCols: 0x0} = {
      eref = Alias aliasname: 'part' = {
        colnames = List with 9 elements = {
          0 = String[ 'p_partkey' ],
          1 = String[ 'p_name' ],
          2 = String[ 'p_mfgr' ],
          3 = String[ 'p_brand' ],
          4 = String[ 'p_type' ],
          5 = String[ 'p_size' ],
          6 = String[ 'p_container' ],
          7 = String[ 'p_retailprice' ],
          8 = String[ 'p_comment' ]
        }
      }
    }
  },
  jointree = FromExpr  = {
    fromlist = List with 2 elements = {
      0 = RangeTblRef rtindex: 1,
      1 = RangeTblRef rtindex: 2
    },
    quals = List with 5 elements = {
      0 = OpExpr {opno: 96, opfuncid: 65, opresulttype: 16, opretset: false, opcollid: 0, inputcollid: 0, location: 125} = {
        args = List with 2 elements = {
          0 = Var {varno: 2, varattno: 1, vartype: 23, vartypmod: -1, varcollid: 0, varlevelsup: 0, varnosyn: 2, varattnosyn: 1, location: 115},
          1 = Var {varno: 1, varattno: 1, vartype: 23, vartypmod: -1, varcollid: 0, varlevelsup: 0, varnosyn: 1, varattnosyn: 1, location: 127}
        }
      },
      1 = OpExpr {opno: 1057, opfuncid: 1053, opresulttype: 16, opretset: false, opcollid: 0, inputcollid: 100, location: 152} = {
        args = List with 2 elements = {
          0 = Var {varno: 2, varattno: 4, vartype: 1042, vartypmod: 14, varcollid: 100, varlevelsup: 0, varnosyn: 2, varattnosyn: 4, location: 144},
          1 = Const {consttype: 1042, consttypmod: -1, constcollid: 100, constlen: -1, constvalue: 94501922236872, constisnull: false, constbyval: false, location: 155}
        }
      },
      2 = OpExpr {opno: 1210, opfuncid: 851, opresulttype: 16, opretset: false, opcollid: 0, inputcollid: 100, location: 179} = {
        args = List with 2 elements = {
          0 = RelabelType {resulttype: 25, resulttypmod: -1, resultcollid: 100, relabelformat: COERCE_IMPLICIT_CAST, location: -1} = {
            arg = Var {varno: 2, varattno: 5, vartype: 1043, vartypmod: 29, varcollid: 100, varlevelsup: 0, varnosyn: 2, varattnosyn: 5, location: 172}
          },
          1 = Const {consttype: 25, consttypmod: -1, constcollid: 100, constlen: -1, constvalue: 94501922237440, constisnull: false, constbyval: false, location: 188}
        }
      },
      3 = ScalarArrayOpExpr {opno: 96, opfuncid: 65, useOr: true, inputcollid: 0, location: 220} = {
        args = List with 2 elements = {
          0 = Var {varno: 2, varattno: 6, vartype: 23, vartypmod: -1, varcollid: 0, varlevelsup: 0, varnosyn: 2, varattnosyn: 6, location: 213},
          1 = Const {consttype: 1007, consttypmod: -1, constcollid: 0, constlen: -1, constvalue: 94501921725224, constisnull: false, constbyval: false, location: -1}
        }
      },
      4 = BoolExpr {boolop: NOT_EXPR, location: -1} = {
        args = List with 1 elements = {
          0 = SubPlan {subLinkType: ANY_SUBLINK, plan_id: 1, plan_name: 'SubPlan 1', firstColType: 23, firstColTypmod: -1, firstColCollation: 0, useHashTable: true, unknownEqFalse: false, parallel_safe: false, startup_cost: 145.3775, per_call_cost: 0.0025000000000000001} = {
            testexpr = OpExpr {opno: 96, opfuncid: 65, opresulttype: 16, opretset: false, opcollid: 0, inputcollid: 0, location: 271} = {
              args = List with 2 elements = {
                0 = Var {varno: 1, varattno: 2, vartype: 23, vartypmod: -1, varcollid: 0, varlevelsup: 0, varnosyn: 1, varattnosyn: 2, location: 260},
                1 = Param {paramkind: PARAM_EXEC, paramid: 0, paramtype: 23, paramtypmod: -1, paramcollid: 0, location: -1}
              }
            },
            paramIds = IntList with 1 elements = {0}
          }
        }
      }
    }
  },
  targetList = List with 4 elements = {
    0 = TargetEntry {resno: 1, resname: 'p_brand', ressortgroupref: 2, resorigtbl: 270663, resorigcol: 4, resjunk: false} = {
      expr = Var {varno: 2, varattno: 4, vartype: 1042, vartypmod: 14, varcollid: 100, varlevelsup: 0, varnosyn: 2, varattnosyn: 4, location: 9}
    },
    1 = TargetEntry {resno: 2, resname: 'p_type', ressortgroupref: 3, resorigtbl: 270663, resorigcol: 5, resjunk: false} = {
      expr = Var {varno: 2, varattno: 5, vartype: 1043, vartypmod: 29, varcollid: 100, varlevelsup: 0, varnosyn: 2, varattnosyn: 5, location: 20}
    },
    2 = TargetEntry {resno: 3, resname: 'p_size', ressortgroupref: 4, resorigtbl: 270663, resorigcol: 6, resjunk: false} = {
      expr = Var {varno: 2, varattno: 6, vartype: 23, vartypmod: -1, varcollid: 0, varlevelsup: 0, varnosyn: 2, varattnosyn: 6, location: 30}
    },
    3 = TargetEntry {resno: 4, resname: 'supplier_cnt', ressortgroupref: 1, resorigtbl: 0, resorigcol: 0, resjunk: false} = {
      expr = Aggref {aggfnoid: 2147, aggtype: 20, aggcollid: 0, inputcollid: 0, aggtranstype: 20, aggtrantype: 0, agghas_collectfn: false, rank_first: false, aggstar: false, aggvariadic: false, aggkind: 110 'n', agglevelsup: 0, aggsplit: AGGSPLIT_SIMPLE, location: 40} = {
        aggargtypes = OidList with 1 elements = {23},
        args = List with 1 elements = {
          0 = TargetEntry {resno: 1, resname: 0x0, ressortgroupref: 1, resorigtbl: 0, resorigcol: 0, resjunk: false} = {
            expr = Var {varno: 1, varattno: 2, vartype: 23, vartypmod: -1, varcollid: 0, varlevelsup: 0, varnosyn: 1, varattnosyn: 2, location: 55}
          }
        },
        aggdistinct = List with 1 elements = {
          0 = SortGroupClause {tleSortGroupRef: 1, eqop: 96, sortop: 97, nulls_first: false, hashable: true}
        }
      }
    }
  },
  groupClause = List with 3 elements = {
    0 = SortGroupClause {tleSortGroupRef: 2, eqop: 1054, sortop: 1058, nulls_first: false, hashable: true},
    1 = SortGroupClause {tleSortGroupRef: 3, eqop: 98, sortop: 664, nulls_first: false, hashable: true},
    2 = SortGroupClause {tleSortGroupRef: 4, eqop: 96, sortop: 97, nulls_first: false, hashable: true}
  },
  sortClause = List with 4 elements = {
    0 = SortGroupClause {tleSortGroupRef: 1, eqop: 410, sortop: 413, nulls_first: true, hashable: true},
    1 = SortGroupClause {tleSortGroupRef: 2, eqop: 1054, sortop: 1058, nulls_first: false, hashable: true},
    2 = SortGroupClause {tleSortGroupRef: 3, eqop: 98, sortop: 664, nulls_first: false, hashable: true},
    3 = SortGroupClause {tleSortGroupRef: 4, eqop: 96, sortop: 97, nulls_first: false, hashable: true}
  }
}
$47 = SortPath T_Sort (cost=43.62..43.63 rows=1 parallel_aware=False parallel_safe=False parallel_workers=0)  = {
  path.parent = (b),
  path.pathtarget = PathTarget {cost: (0.00..0.00), width: 124} = {
    sortgrouprefs = [2, 3, 4, 1],
    exprs = List with 4 elements = {
      0 = Var {varno: 2, varattno: 4, vartype: 1042, vartypmod: 14, varcollid: 100, varlevelsup: 0, varnosyn: 2, varattnosyn: 4, location: 9},
      1 = Var {varno: 2, varattno: 5, vartype: 1043, vartypmod: 29, varcollid: 100, varlevelsup: 0, varnosyn: 2, varattnosyn: 5, location: 20},
      2 = Var {varno: 2, varattno: 6, vartype: 23, vartypmod: -1, varcollid: 0, varlevelsup: 0, varnosyn: 2, varattnosyn: 6, location: 30},
      3 = Aggref {aggfnoid: 2147, aggtype: 20, aggcollid: 0, inputcollid: 0, aggtranstype: 20, aggtrantype: 0, agghas_collectfn: false, rank_first: false, aggstar: false, aggvariadic: false, aggkind: 110 'n', agglevelsup: 0, aggsplit: AGGSPLIT_SIMPLE, location: 40} = {
        aggargtypes = OidList with 1 elements = {23},
        args = List with 1 elements = {
          0 = TargetEntry {resno: 1, resname: 0x0, ressortgroupref: 1, resorigtbl: 0, resorigcol: 0, resjunk: false} = {
            expr = Var {varno: 1, varattno: 2, vartype: 23, vartypmod: -1, varcollid: 0, varlevelsup: 0, varnosyn: 1, varattnosyn: 2, location: 55}
          }
        },
        aggdistinct = List with 1 elements = {
          0 = SortGroupClause {tleSortGroupRef: 1, eqop: 96, sortop: 97, nulls_first: false, hashable: true}
        }
      }
    },
    as_loc_list = IntList with 4 elements = {-1, -1, -1, 70},
    expr_loc_list = IntList with 4 elements = {9, 20, 30, 40},
    expr_len_list = IntList with 4 elements = {-1, -1, -1, 27},
    expr_type_list = IntList with 4 elements = {398, 398, 398, 405}
  },
  path.pathkeys = List with 4 elements = {
    0 = PathKey {pk_opfamily: 1976, pk_strategy: 5, pk_nulls_first: true} = {
      pk_eclass = EquivalenceClass {ec_collation: 0, ec_relids: (b 1), ec_has_const: false, ec_has_volatile: false, ec_broken: false, ec_sortref: 1, ec_min_security: 4294967295, ec_max_security: 0} = {
        ec_opfamilies = OidList with 1 elements = {1976},
        ec_members = List with 1 elements = {
          0 = EquivalenceMember {em_relids: (b 1), em_is_const: false, em_is_child: false, em_datatype: 20} = {
            em_expr = Aggref {aggfnoid: 2147, aggtype: 20, aggcollid: 0, inputcollid: 0, aggtranstype: 20, aggtrantype: 0, agghas_collectfn: false, rank_first: false, aggstar: false, aggvariadic: false, aggkind: 110 'n', agglevelsup: 0, aggsplit: AGGSPLIT_SIMPLE, location: 40} = {
              aggargtypes = OidList with 1 elements = {23},
              args = List with 1 elements = {
                0 = TargetEntry {resno: 1, resname: 0x0, ressortgroupref: 1, resorigtbl: 0, resorigcol: 0, resjunk: false} = {
                  expr = Var {varno: 1, varattno: 2, vartype: 23, vartypmod: -1, varcollid: 0, varlevelsup: 0, varnosyn: 1, varattnosyn: 2, location: 55}
                }
              },
              aggdistinct = List with 1 elements = {
                0 = SortGroupClause {tleSortGroupRef: 1, eqop: 96, sortop: 97, nulls_first: false, hashable: true}
              }
            }
          }
        }
      }
    },
    1 = PathKey {pk_opfamily: 426, pk_strategy: 1, pk_nulls_first: false} = {
      pk_eclass = EquivalenceClass {ec_collation: 100, ec_relids: (b 2), ec_has_const: false, ec_has_volatile: false, ec_broken: false, ec_sortref: 2, ec_min_security: 4294967295, ec_max_security: 0} = {
        ec_opfamilies = OidList with 2 elements = {426, 2097},
        ec_members = List with 1 elements = {
          0 = EquivalenceMember {em_relids: (b 2), em_is_const: false, em_is_child: false, em_datatype: 1042} = {
            em_expr = Var {varno: 2, varattno: 4, vartype: 1042, vartypmod: 14, varcollid: 100, varlevelsup: 0, varnosyn: 2, varattnosyn: 4, location: 9}
          }
        }
      }
    },
    2 = PathKey {pk_opfamily: 1994, pk_strategy: 1, pk_nulls_first: false} = {
      pk_eclass = EquivalenceClass {ec_collation: 100, ec_relids: (b 2), ec_has_const: false, ec_has_volatile: false, ec_broken: false, ec_sortref: 3, ec_min_security: 4294967295, ec_max_security: 0} = {
        ec_opfamilies = OidList with 2 elements = {1994, 2095},
        ec_members = List with 1 elements = {
          0 = EquivalenceMember {em_relids: (b 2), em_is_const: false, em_is_child: false, em_datatype: 25} = {
            em_expr = RelabelType {resulttype: 25, resulttypmod: -1, resultcollid: 100, relabelformat: COERCE_IMPLICIT_CAST, location: -1} = {
              arg = Var {varno: 2, varattno: 5, vartype: 1043, vartypmod: 29, varcollid: 100, varlevelsup: 0, varnosyn: 2, varattnosyn: 5, location: 20}
            }
          }
        }
      }
    },
    3 = PathKey {pk_opfamily: 1976, pk_strategy: 1, pk_nulls_first: false} = {
      pk_eclass = EquivalenceClass {ec_collation: 0, ec_relids: (b 2), ec_has_const: false, ec_has_volatile: false, ec_broken: false, ec_sortref: 4, ec_min_security: 4294967295, ec_max_security: 0} = {
        ec_opfamilies = OidList with 1 elements = {1976},
        ec_members = List with 1 elements = {
          0 = EquivalenceMember {em_relids: (b 2), em_is_const: false, em_is_child: false, em_datatype: 23} = {
            em_expr = Var {varno: 2, varattno: 6, vartype: 23, vartypmod: -1, varcollid: 0, varlevelsup: 0, varnosyn: 2, varattnosyn: 6, location: 30}
          }
        }
      }
    }
  },
  subpath = AggPath T_Agg (cost=43.59..43.61 rows=1 parallel_aware=False parallel_safe=False parallel_workers=0) {aggstrategy: AGG_SORTED, aggsplit: AGGSPLIT_SIMPLE, numGroups: 1, transitionSpace: 0} = {
    path.parent = (b),
    path.pathtarget = PathTarget {cost: (0.00..0.00), width: 124} = {
      sortgrouprefs = [2, 3, 4, 1],
      exprs = List with 4 elements = {
        0 = Var {varno: 2, varattno: 4, vartype: 1042, vartypmod: 14, varcollid: 100, varlevelsup: 0, varnosyn: 2, varattnosyn: 4, location: 9},
        1 = Var {varno: 2, varattno: 5, vartype: 1043, vartypmod: 29, varcollid: 100, varlevelsup: 0, varnosyn: 2, varattnosyn: 5, location: 20},
        2 = Var {varno: 2, varattno: 6, vartype: 23, vartypmod: -1, varcollid: 0, varlevelsup: 0, varnosyn: 2, varattnosyn: 6, location: 30},
        3 = Aggref {aggfnoid: 2147, aggtype: 20, aggcollid: 0, inputcollid: 0, aggtranstype: 20, aggtrantype: 0, agghas_collectfn: false, rank_first: false, aggstar: false, aggvariadic: false, aggkind: 110 'n', agglevelsup: 0, aggsplit: AGGSPLIT_SIMPLE, location: 40} = {
          aggargtypes = OidList with 1 elements = {23},
          args = List with 1 elements = {
            0 = TargetEntry {resno: 1, resname: 0x0, ressortgroupref: 1, resorigtbl: 0, resorigcol: 0, resjunk: false} = {
              expr = Var {varno: 1, varattno: 2, vartype: 23, vartypmod: -1, varcollid: 0, varlevelsup: 0, varnosyn: 1, varattnosyn: 2, location: 55}
            }
          },
          aggdistinct = List with 1 elements = {
            0 = SortGroupClause {tleSortGroupRef: 1, eqop: 96, sortop: 97, nulls_first: false, hashable: true}
          }
        }
      },
      as_loc_list = IntList with 4 elements = {-1, -1, -1, 70},
      expr_loc_list = IntList with 4 elements = {9, 20, 30, 40},
      expr_len_list = IntList with 4 elements = {-1, -1, -1, 27},
      expr_type_list = IntList with 4 elements = {398, 398, 398, 405}
    },
    path.pathkeys = List with 3 elements = {
      0 = PathKey {pk_opfamily: 426, pk_strategy: 1, pk_nulls_first: false} = {
        pk_eclass = EquivalenceClass {ec_collation: 100, ec_relids: (b 2), ec_has_const: false, ec_has_volatile: false, ec_broken: false, ec_sortref: 2, ec_min_security: 4294967295, ec_max_security: 0} = {
          ec_opfamilies = OidList with 2 elements = {426, 2097},
          ec_members = List with 1 elements = {
            0 = EquivalenceMember {em_relids: (b 2), em_is_const: false, em_is_child: false, em_datatype: 1042} = {
              em_expr = Var {varno: 2, varattno: 4, vartype: 1042, vartypmod: 14, varcollid: 100, varlevelsup: 0, varnosyn: 2, varattnosyn: 4, location: 9}
            }
          }
        }
      },
      1 = PathKey {pk_opfamily: 1994, pk_strategy: 1, pk_nulls_first: false} = {
        pk_eclass = EquivalenceClass {ec_collation: 100, ec_relids: (b 2), ec_has_const: false, ec_has_volatile: false, ec_broken: false, ec_sortref: 3, ec_min_security: 4294967295, ec_max_security: 0} = {
          ec_opfamilies = OidList with 2 elements = {1994, 2095},
          ec_members = List with 1 elements = {
            0 = EquivalenceMember {em_relids: (b 2), em_is_const: false, em_is_child: false, em_datatype: 25} = {
              em_expr = RelabelType {resulttype: 25, resulttypmod: -1, resultcollid: 100, relabelformat: COERCE_IMPLICIT_CAST, location: -1} = {
                arg = Var {varno: 2, varattno: 5, vartype: 1043, vartypmod: 29, varcollid: 100, varlevelsup: 0, varnosyn: 2, varattnosyn: 5, location: 20}
              }
            }
          }
        }
      },
      2 = PathKey {pk_opfamily: 1976, pk_strategy: 1, pk_nulls_first: false} = {
        pk_eclass = EquivalenceClass {ec_collation: 0, ec_relids: (b 2), ec_has_const: false, ec_has_volatile: false, ec_broken: false, ec_sortref: 4, ec_min_security: 4294967295, ec_max_security: 0} = {
          ec_opfamilies = OidList with 1 elements = {1976},
          ec_members = List with 1 elements = {
            0 = EquivalenceMember {em_relids: (b 2), em_is_const: false, em_is_child: false, em_datatype: 23} = {
              em_expr = Var {varno: 2, varattno: 6, vartype: 23, vartypmod: -1, varcollid: 0, varlevelsup: 0, varnosyn: 2, varattnosyn: 6, location: 30}
            }
          }
        }
      }
    },
    subpath = SortPath T_Sort (cost=43.59..43.59 rows=1 parallel_aware=False parallel_safe=False parallel_workers=0)  = {
      path.parent = (b),
      path.pathtarget = PathTarget {cost: (0.00..0.00), width: 120} = {
        sortgrouprefs = [2, 3, 4, 0],
        exprs = List with 4 elements = {
          0 = Var {varno: 2, varattno: 4, vartype: 1042, vartypmod: 14, varcollid: 100, varlevelsup: 0, varnosyn: 2, varattnosyn: 4, location: 9},
          1 = Var {varno: 2, varattno: 5, vartype: 1043, vartypmod: 29, varcollid: 100, varlevelsup: 0, varnosyn: 2, varattnosyn: 5, location: 20},
          2 = Var {varno: 2, varattno: 6, vartype: 23, vartypmod: -1, varcollid: 0, varlevelsup: 0, varnosyn: 2, varattnosyn: 6, location: 30},
          3 = Var {varno: 1, varattno: 2, vartype: 23, vartypmod: -1, varcollid: 0, varlevelsup: 0, varnosyn: 1, varattnosyn: 2, location: 55}
        }
      },
      path.pathkeys = List with 3 elements = {
        0 = PathKey {pk_opfamily: 426, pk_strategy: 1, pk_nulls_first: false} = {
          pk_eclass = EquivalenceClass {ec_collation: 100, ec_relids: (b 2), ec_has_const: false, ec_has_volatile: false, ec_broken: false, ec_sortref: 2, ec_min_security: 4294967295, ec_max_security: 0} = {
            ec_opfamilies = OidList with 2 elements = {426, 2097},
            ec_members = List with 1 elements = {
              0 = EquivalenceMember {em_relids: (b 2), em_is_const: false, em_is_child: false, em_datatype: 1042} = {
                em_expr = Var {varno: 2, varattno: 4, vartype: 1042, vartypmod: 14, varcollid: 100, varlevelsup: 0, varnosyn: 2, varattnosyn: 4, location: 9}
              }
            }
          }
        },
        1 = PathKey {pk_opfamily: 1994, pk_strategy: 1, pk_nulls_first: false} = {
          pk_eclass = EquivalenceClass {ec_collation: 100, ec_relids: (b 2), ec_has_const: false, ec_has_volatile: false, ec_broken: false, ec_sortref: 3, ec_min_security: 4294967295, ec_max_security: 0} = {
            ec_opfamilies = OidList with 2 elements = {1994, 2095},
            ec_members = List with 1 elements = {
              0 = EquivalenceMember {em_relids: (b 2), em_is_const: false, em_is_child: false, em_datatype: 25} = {
                em_expr = RelabelType {resulttype: 25, resulttypmod: -1, resultcollid: 100, relabelformat: COERCE_IMPLICIT_CAST, location: -1} = {
                  arg = Var {varno: 2, varattno: 5, vartype: 1043, vartypmod: 29, varcollid: 100, varlevelsup: 0, varnosyn: 2, varattnosyn: 5, location: 20}
                }
              }
            }
          }
        },
        2 = PathKey {pk_opfamily: 1976, pk_strategy: 1, pk_nulls_first: false} = {
          pk_eclass = EquivalenceClass {ec_collation: 0, ec_relids: (b 2), ec_has_const: false, ec_has_volatile: false, ec_broken: false, ec_sortref: 4, ec_min_security: 4294967295, ec_max_security: 0} = {
            ec_opfamilies = OidList with 1 elements = {1976},
            ec_members = List with 1 elements = {
              0 = EquivalenceMember {em_relids: (b 2), em_is_const: false, em_is_child: false, em_datatype: 23} = {
                em_expr = Var {varno: 2, varattno: 6, vartype: 23, vartypmod: -1, varcollid: 0, varlevelsup: 0, varnosyn: 2, varattnosyn: 6, location: 30}
              }
            }
          }
        }
      },
      subpath = ClusterGatherPath T_ClusterGather (cost=29.26..43.58 rows=1 parallel_aware=False parallel_safe=False parallel_workers=0)  = {
        path.parent = (b 1 2),
        path.pathtarget = PathTarget {cost: (0.00..0.00), width: 120} = {
          sortgrouprefs = [2, 3, 4, 0],
          exprs = List with 4 elements = {
            0 = Var {varno: 2, varattno: 4, vartype: 1042, vartypmod: 14, varcollid: 100, varlevelsup: 0, varnosyn: 2, varattnosyn: 4, location: 9},
            1 = Var {varno: 2, varattno: 5, vartype: 1043, vartypmod: 29, varcollid: 100, varlevelsup: 0, varnosyn: 2, varattnosyn: 5, location: 20},
            2 = Var {varno: 2, varattno: 6, vartype: 23, vartypmod: -1, varcollid: 0, varlevelsup: 0, varnosyn: 2, varattnosyn: 6, location: 30},
            3 = Var {varno: 1, varattno: 2, vartype: 23, vartypmod: -1, varcollid: 0, varlevelsup: 0, varnosyn: 1, varattnosyn: 2, location: 55}
          }
        },
        subpath = ProjectionPath T_Result (cost=29.26..43.28 rows=0 parallel_aware=False parallel_safe=False parallel_workers=0) dummypp: true = {
          path.parent = (b 1 2),
          path.pathtarget = PathTarget {cost: (0.00..0.00), width: 120} = {
            sortgrouprefs = [2, 3, 4, 0],
            exprs = List with 4 elements = {
              0 = Var {varno: 2, varattno: 4, vartype: 1042, vartypmod: 14, varcollid: 100, varlevelsup: 0, varnosyn: 2, varattnosyn: 4, location: 9},
              1 = Var {varno: 2, varattno: 5, vartype: 1043, vartypmod: 29, varcollid: 100, varlevelsup: 0, varnosyn: 2, varattnosyn: 5, location: 20},
              2 = Var {varno: 2, varattno: 6, vartype: 23, vartypmod: -1, varcollid: 0, varlevelsup: 0, varnosyn: 2, varattnosyn: 6, location: 30},
              3 = Var {varno: 1, varattno: 2, vartype: 23, vartypmod: -1, varcollid: 0, varlevelsup: 0, varnosyn: 1, varattnosyn: 2, location: 55}
            }
          },
          subpath = HashPath T_HashJoin (cost=29.26..43.28 rows=0 parallel_aware=False parallel_safe=False parallel_workers=0) {num_batches: 1, inner_rows_total: 28} = {
            jpath.path.parent = (b 1 2),
            jpath.path.pathtarget = PathTarget {cost: (0.00..0.00), width: 120} = {
              exprs = List with 4 elements = {
                0 = Var {varno: 1, varattno: 2, vartype: 23, vartypmod: -1, varcollid: 0, varlevelsup: 0, varnosyn: 1, varattnosyn: 2, location: 55},
                1 = Var {varno: 2, varattno: 4, vartype: 1042, vartypmod: 14, varcollid: 100, varlevelsup: 0, varnosyn: 2, varattnosyn: 4, location: 9},
                2 = Var {varno: 2, varattno: 5, vartype: 1043, vartypmod: 29, varcollid: 100, varlevelsup: 0, varnosyn: 2, varattnosyn: 5, location: 20},
                3 = Var {varno: 2, varattno: 6, vartype: 23, vartypmod: -1, varcollid: 0, varlevelsup: 0, varnosyn: 2, varattnosyn: 6, location: 30}
              }
            },
            jpath.outerjoinpath = T_SeqScan (cost=0.00..14.00 rows=3 parallel_aware=False parallel_safe=True parallel_workers=0) = {
              parent = (b 2),
              pathtarget = PathTarget {cost: (0.00..0.00), width: 120} = {
                exprs = List with 4 elements = {
                  0 = Var {varno: 2, varattno: 4, vartype: 1042, vartypmod: 14, varcollid: 100, varlevelsup: 0, varnosyn: 2, varattnosyn: 4, location: 9},
                  1 = Var {varno: 2, varattno: 5, vartype: 1043, vartypmod: 29, varcollid: 100, varlevelsup: 0, varnosyn: 2, varattnosyn: 5, location: 20},
                  2 = Var {varno: 2, varattno: 6, vartype: 23, vartypmod: -1, varcollid: 0, varlevelsup: 0, varnosyn: 2, varattnosyn: 6, location: 30},
                  3 = Var {varno: 2, varattno: 1, vartype: 23, vartypmod: -1, varcollid: 0, varlevelsup: 0, varnosyn: 2, varattnosyn: 1, location: 115}
                }
              }
            },
            jpath.innerjoinpath = T_SeqScan (cost=16.78..28.91 rows=28 parallel_aware=False parallel_safe=False parallel_workers=0) = {
              parent = (b 1),
              pathtarget = PathTarget {cost: (0.00..0.00), width: 8} = {
                exprs = List with 2 elements = {
                  0 = Var {varno: 1, varattno: 2, vartype: 23, vartypmod: -1, varcollid: 0, varlevelsup: 0, varnosyn: 1, varattnosyn: 2, location: 55},
                  1 = Var {varno: 1, varattno: 1, vartype: 23, vartypmod: -1, varcollid: 0, varlevelsup: 0, varnosyn: 1, varattnosyn: 1, location: 127}
                }
              }
            },
            jpath.joinrestrictinfo = List with 1 elements = {
              0 = RestrictInfo {is_pushed_down: true, outerjoin_delayed: false, can_join: true, pseudoconstant: false, leakproof: false, security_level: 0, clause_relids: (b 1 2), required_relids: (b 1 2), outer_relids: (b), nullable_relids: (b), left_relids: (b 1), right_relids: (b 2), eval_cost: (0.00..0.00), norm_selec: 0.0059, outer_selec: -1.0000, outer_is_left: false, hashjoinoperator: 96, left_bucketsize: 0.0357, right_bucketsize: 0.3333, left_mcvfreq: 0.0000, right_mcvfreq: 0.0000} = {
                clause = OpExpr {opno: 96, opfuncid: 65, opresulttype: 16, opretset: false, opcollid: 0, inputcollid: 0, location: -1} = {
                  args = List with 2 elements = {
                    0 = Var {varno: 1, varattno: 1, vartype: 23, vartypmod: -1, varcollid: 0, varlevelsup: 0, varnosyn: 1, varattnosyn: 1, location: 127},
                    1 = Var {varno: 2, varattno: 1, vartype: 23, vartypmod: -1, varcollid: 0, varlevelsup: 0, varnosyn: 2, varattnosyn: 1, location: 115}
                  }
                },
                mergeopfamilies = OidList with 1 elements = {1976},
                left_em = EquivalenceMember {em_relids: (b 1), em_is_const: false, em_is_child: false, em_datatype: 23} = {
                  em_expr = Var {varno: 1, varattno: 1, vartype: 23, vartypmod: -1, varcollid: 0, varlevelsup: 0, varnosyn: 1, varattnosyn: 1, location: 127}
                },
                right_em = EquivalenceMember {em_relids: (b 2), em_is_const: false, em_is_child: false, em_datatype: 23} = {
                  em_expr = Var {varno: 2, varattno: 1, vartype: 23, vartypmod: -1, varcollid: 0, varlevelsup: 0, varnosyn: 2, varattnosyn: 1, location: 115}
                }
              }
            },
            path_hashclauses = List with 1 elements = {
              0 = RestrictInfo {is_pushed_down: true, outerjoin_delayed: false, can_join: true, pseudoconstant: false, leakproof: false, security_level: 0, clause_relids: (b 1 2), required_relids: (b 1 2), outer_relids: (b), nullable_relids: (b), left_relids: (b 1), right_relids: (b 2), eval_cost: (0.00..0.00), norm_selec: 0.0059, outer_selec: -1.0000, outer_is_left: false, hashjoinoperator: 96, left_bucketsize: 0.0357, right_bucketsize: 0.3333, left_mcvfreq: 0.0000, right_mcvfreq: 0.0000} = {
                clause = OpExpr {opno: 96, opfuncid: 65, opresulttype: 16, opretset: false, opcollid: 0, inputcollid: 0, location: -1} = {
                  args = List with 2 elements = {
                    0 = Var {varno: 1, varattno: 1, vartype: 23, vartypmod: -1, varcollid: 0, varlevelsup: 0, varnosyn: 1, varattnosyn: 1, location: 127},
                    1 = Var {varno: 2, varattno: 1, vartype: 23, vartypmod: -1, varcollid: 0, varlevelsup: 0, varnosyn: 2, varattnosyn: 1, location: 115}
                  }
                },
                mergeopfamilies = OidList with 1 elements = {1976},
                left_em = EquivalenceMember {em_relids: (b 1), em_is_const: false, em_is_child: false, em_datatype: 23} = {
                  em_expr = Var {varno: 1, varattno: 1, vartype: 23, vartypmod: -1, varcollid: 0, varlevelsup: 0, varnosyn: 1, varattnosyn: 1, location: 127}
                },
                right_em = EquivalenceMember {em_relids: (b 2), em_is_const: false, em_is_child: false, em_datatype: 23} = {
                  em_expr = Var {varno: 2, varattno: 1, vartype: 23, vartypmod: -1, varcollid: 0, varlevelsup: 0, varnosyn: 2, varattnosyn: 1, location: 115}
                }
              }
            }
          }
        },
        rnodes = OidList with 3 elements = {16386, 16387, 16388}
      }
    },
    groupClause = List with 3 elements = {
      0 = SortGroupClause {tleSortGroupRef: 2, eqop: 1054, sortop: 1058, nulls_first: false, hashable: true},
      1 = SortGroupClause {tleSortGroupRef: 3, eqop: 98, sortop: 664, nulls_first: false, hashable: true},
      2 = SortGroupClause {tleSortGroupRef: 4, eqop: 96, sortop: 97, nulls_first: false, hashable: true}
    }
  }
}

Breakpoint 2, standard_planner (parse=0x55f2f17aee48, query_string=0x55f2f1676670 "select\n  p_brand,\n  p_type,\n  p_size,\n  count(distinct ps_suppkey) as supplier_cnt\nfrom\n  partsupp,\n  part\nwhere\n  p_partkey = ps_partkey\n  and p_brand <> 'Brand#45'\n  and p_type not like 'MEDIUM POLI"..., cursorOptions=33024, boundParams=0x0) at /workspaces/AntDB/src/backend/optimizer/plan/planner.c:761
761		result->commandType = parse->commandType;
$48 = Sort (cost=43.62..43.63 rows=1 width=124 plan_id=0 parallel_aware=False parallel_safe = False) numCols: 4 = {
  sortColIdx = [4, 1, 2, 3],
  sortOperators = [413, 1058, 664, 97],
  collations = [0, 100, 100, 0],
  nullsFirst = [True, False, False, False],
  plan.targetlist = List with 4 elements = {
    0 = TargetEntry {resno: 1, resname: 'p_brand', ressortgroupref: 2, resorigtbl: 270663, resorigcol: 4, resjunk: false} = {
      expr = Var {varno: 65001, varattno: 1, vartype: 1042, vartypmod: 14, varcollid: 100, varlevelsup: 0, varnosyn: 2, varattnosyn: 4, location: -1}
    },
    1 = TargetEntry {resno: 2, resname: 'p_type', ressortgroupref: 3, resorigtbl: 270663, resorigcol: 5, resjunk: false} = {
      expr = Var {varno: 65001, varattno: 2, vartype: 1043, vartypmod: 29, varcollid: 100, varlevelsup: 0, varnosyn: 2, varattnosyn: 5, location: -1}
    },
    2 = TargetEntry {resno: 3, resname: 'p_size', ressortgroupref: 4, resorigtbl: 270663, resorigcol: 6, resjunk: false} = {
      expr = Var {varno: 65001, varattno: 3, vartype: 23, vartypmod: -1, varcollid: 0, varlevelsup: 0, varnosyn: 2, varattnosyn: 6, location: -1}
    },
    3 = TargetEntry {resno: 4, resname: 'supplier_cnt', ressortgroupref: 1, resorigtbl: 0, resorigcol: 0, resjunk: false} = {
      expr = Var {varno: 65001, varattno: 4, vartype: 20, vartypmod: -1, varcollid: 0, varlevelsup: 0, varnosyn: 0, varattnosyn: 0, location: -1}
    }
  },
  plan.lefttree = Agg (cost=43.59..43.61 rows=1 width=124 plan_id=1 parallel_aware=False parallel_safe = False) {aggstrategy: AGG_SORTED, aggsplit: AGGSPLIT_SIMPLE, numCols: 3, numGroups: 1, transitionSpace: 0, aggParams: 0x0} = {
    grpColIdx = [1, 2, 3],
    grpOperators = [1054, 98, 96],
    grpCollations = [100, 100, 0],
    plan.targetlist = List with 4 elements = {
      0 = TargetEntry {resno: 1, resname: 'p_brand', ressortgroupref: 2, resorigtbl: 270663, resorigcol: 4, resjunk: false} = {
        expr = Var {varno: 65001, varattno: 1, vartype: 1042, vartypmod: 14, varcollid: 100, varlevelsup: 0, varnosyn: 0, varattnosyn: 0, location: -1}
      },
      1 = TargetEntry {resno: 2, resname: 'p_type', ressortgroupref: 3, resorigtbl: 270663, resorigcol: 5, resjunk: false} = {
        expr = Var {varno: 65001, varattno: 2, vartype: 1043, vartypmod: 29, varcollid: 100, varlevelsup: 0, varnosyn: 0, varattnosyn: 0, location: -1}
      },
      2 = TargetEntry {resno: 3, resname: 'p_size', ressortgroupref: 4, resorigtbl: 270663, resorigcol: 6, resjunk: false} = {
        expr = Var {varno: 65001, varattno: 3, vartype: 23, vartypmod: -1, varcollid: 0, varlevelsup: 0, varnosyn: 0, varattnosyn: 0, location: -1}
      },
      3 = TargetEntry {resno: 4, resname: 'supplier_cnt', ressortgroupref: 1, resorigtbl: 0, resorigcol: 0, resjunk: false} = {
        expr = Aggref {aggfnoid: 2147, aggtype: 20, aggcollid: 0, inputcollid: 0, aggtranstype: 20, aggtrantype: 0, agghas_collectfn: false, rank_first: false, aggstar: false, aggvariadic: false, aggkind: 110 'n', agglevelsup: 0, aggsplit: AGGSPLIT_SIMPLE, location: 40} = {
          aggargtypes = OidList with 1 elements = {23},
          args = List with 1 elements = {
            0 = TargetEntry {resno: 1, resname: 0x0, ressortgroupref: 1, resorigtbl: 0, resorigcol: 0, resjunk: false} = {
              expr = Var {varno: 65001, varattno: 4, vartype: 23, vartypmod: -1, varcollid: 0, varlevelsup: 0, varnosyn: 1, varattnosyn: 2, location: 55}
            }
          },
          aggdistinct = List with 1 elements = {
            0 = SortGroupClause {tleSortGroupRef: 1, eqop: 96, sortop: 97, nulls_first: false, hashable: true}
          }
        }
      }
    },
    plan.lefttree = Sort (cost=43.59..43.59 rows=1 width=120 plan_id=2 parallel_aware=False parallel_safe = False) numCols: 3 = {
      sortColIdx = [1, 2, 3],
      sortOperators = [1058, 664, 97],
      collations = [100, 100, 0],
      nullsFirst = [False, False, False],
      plan.targetlist = List with 4 elements = {
        0 = TargetEntry {resno: 1, resname: 0x0, ressortgroupref: 2, resorigtbl: 0, resorigcol: 0, resjunk: false} = {
          expr = Var {varno: 65001, varattno: 1, vartype: 1042, vartypmod: 14, varcollid: 100, varlevelsup: 0, varnosyn: 2, varattnosyn: 4, location: -1}
        },
        1 = TargetEntry {resno: 2, resname: 0x0, ressortgroupref: 3, resorigtbl: 0, resorigcol: 0, resjunk: false} = {
          expr = Var {varno: 65001, varattno: 2, vartype: 1043, vartypmod: 29, varcollid: 100, varlevelsup: 0, varnosyn: 2, varattnosyn: 5, location: -1}
        },
        2 = TargetEntry {resno: 3, resname: 0x0, ressortgroupref: 4, resorigtbl: 0, resorigcol: 0, resjunk: false} = {
          expr = Var {varno: 65001, varattno: 3, vartype: 23, vartypmod: -1, varcollid: 0, varlevelsup: 0, varnosyn: 2, varattnosyn: 6, location: -1}
        },
        3 = TargetEntry {resno: 4, resname: 0x0, ressortgroupref: 0, resorigtbl: 0, resorigcol: 0, resjunk: false} = {
          expr = Var {varno: 65001, varattno: 4, vartype: 23, vartypmod: -1, varcollid: 0, varlevelsup: 0, varnosyn: 1, varattnosyn: 2, location: -1}
        }
      },
      plan.lefttree = ClusterGather (cost=29.26..43.58 rows=1 width=120 plan_id=3 parallel_aware=False parallel_safe = False) {gatherType: CLUSTER_GATHER_DATANODE, check_rep_processed: false} = {
        plan.targetlist = List with 4 elements = {
          0 = TargetEntry {resno: 1, resname: 0x0, ressortgroupref: 2, resorigtbl: 0, resorigcol: 0, resjunk: false} = {
            expr = Var {varno: 65001, varattno: 1, vartype: 1042, vartypmod: 14, varcollid: 100, varlevelsup: 0, varnosyn: 2, varattnosyn: 4, location: -1}
          },
          1 = TargetEntry {resno: 2, resname: 0x0, ressortgroupref: 3, resorigtbl: 0, resorigcol: 0, resjunk: false} = {
            expr = Var {varno: 65001, varattno: 2, vartype: 1043, vartypmod: 29, varcollid: 100, varlevelsup: 0, varnosyn: 2, varattnosyn: 5, location: -1}
          },
          2 = TargetEntry {resno: 3, resname: 0x0, ressortgroupref: 4, resorigtbl: 0, resorigcol: 0, resjunk: false} = {
            expr = Var {varno: 65001, varattno: 3, vartype: 23, vartypmod: -1, varcollid: 0, varlevelsup: 0, varnosyn: 2, varattnosyn: 6, location: -1}
          },
          3 = TargetEntry {resno: 4, resname: 0x0, ressortgroupref: 0, resorigtbl: 0, resorigcol: 0, resjunk: false} = {
            expr = Var {varno: 65001, varattno: 4, vartype: 23, vartypmod: -1, varcollid: 0, varlevelsup: 0, varnosyn: 1, varattnosyn: 2, location: -1}
          }
        },
        plan.lefttree = HashJoin (cost=29.26..43.28 rows=0 width=120 plan_id=4 parallel_aware=False parallel_safe = False) {join.jointype: JOIN_INNER, join.inner_unique: false} = {
          join.plan.targetlist = List with 4 elements = {
            0 = TargetEntry {resno: 1, resname: 0x0, ressortgroupref: 2, resorigtbl: 0, resorigcol: 0, resjunk: false} = {
              expr = Var {varno: 65001, varattno: 4, vartype: 1042, vartypmod: 14, varcollid: 100, varlevelsup: 0, varnosyn: 2, varattnosyn: 4, location: 9}
            },
            1 = TargetEntry {resno: 2, resname: 0x0, ressortgroupref: 3, resorigtbl: 0, resorigcol: 0, resjunk: false} = {
              expr = Var {varno: 65001, varattno: 5, vartype: 1043, vartypmod: 29, varcollid: 100, varlevelsup: 0, varnosyn: 2, varattnosyn: 5, location: 20}
            },
            2 = TargetEntry {resno: 3, resname: 0x0, ressortgroupref: 4, resorigtbl: 0, resorigcol: 0, resjunk: false} = {
              expr = Var {varno: 65001, varattno: 6, vartype: 23, vartypmod: -1, varcollid: 0, varlevelsup: 0, varnosyn: 2, varattnosyn: 6, location: 30}
            },
            3 = TargetEntry {resno: 4, resname: 0x0, ressortgroupref: 0, resorigtbl: 0, resorigcol: 0, resjunk: false} = {
              expr = Var {varno: 65000, varattno: 1, vartype: 23, vartypmod: -1, varcollid: 0, varlevelsup: 0, varnosyn: 1, varattnosyn: 2, location: 55}
            }
          },
          join.plan.lefttree = Scan (cost=0.00..14.00 rows=3 width=120 plan_id=5 parallel_aware=False parallel_safe = True) scanrelid: 2 = {
            plan.targetlist = List with 9 elements = {
              0 = TargetEntry {resno: 1, resname: 0x0, ressortgroupref: 0, resorigtbl: 0, resorigcol: 0, resjunk: false} = {
                expr = Var {varno: 2, varattno: 1, vartype: 23, vartypmod: -1, varcollid: 0, varlevelsup: 0, varnosyn: 2, varattnosyn: 1, location: -1}
              },
              1 = TargetEntry {resno: 2, resname: 0x0, ressortgroupref: 0, resorigtbl: 0, resorigcol: 0, resjunk: false} = {
                expr = Var {varno: 2, varattno: 2, vartype: 1043, vartypmod: 59, varcollid: 100, varlevelsup: 0, varnosyn: 2, varattnosyn: 2, location: -1}
              },
              2 = TargetEntry {resno: 3, resname: 0x0, ressortgroupref: 0, resorigtbl: 0, resorigcol: 0, resjunk: false} = {
                expr = Var {varno: 2, varattno: 3, vartype: 1042, vartypmod: 29, varcollid: 100, varlevelsup: 0, varnosyn: 2, varattnosyn: 3, location: -1}
              },
              3 = TargetEntry {resno: 4, resname: 0x0, ressortgroupref: 0, resorigtbl: 0, resorigcol: 0, resjunk: false} = {
                expr = Var {varno: 2, varattno: 4, vartype: 1042, vartypmod: 14, varcollid: 100, varlevelsup: 0, varnosyn: 2, varattnosyn: 4, location: -1}
              },
              4 = TargetEntry {resno: 5, resname: 0x0, ressortgroupref: 0, resorigtbl: 0, resorigcol: 0, resjunk: false} = {
                expr = Var {varno: 2, varattno: 5, vartype: 1043, vartypmod: 29, varcollid: 100, varlevelsup: 0, varnosyn: 2, varattnosyn: 5, location: -1}
              },
              5 = TargetEntry {resno: 6, resname: 0x0, ressortgroupref: 0, resorigtbl: 0, resorigcol: 0, resjunk: false} = {
                expr = Var {varno: 2, varattno: 6, vartype: 23, vartypmod: -1, varcollid: 0, varlevelsup: 0, varnosyn: 2, varattnosyn: 6, location: -1}
              },
              6 = TargetEntry {resno: 7, resname: 0x0, ressortgroupref: 0, resorigtbl: 0, resorigcol: 0, resjunk: false} = {
                expr = Var {varno: 2, varattno: 7, vartype: 1042, vartypmod: 14, varcollid: 100, varlevelsup: 0, varnosyn: 2, varattnosyn: 7, location: -1}
              },
              7 = TargetEntry {resno: 8, resname: 0x0, ressortgroupref: 0, resorigtbl: 0, resorigcol: 0, resjunk: false} = {
                expr = Var {varno: 2, varattno: 8, vartype: 1700, vartypmod: 983046, varcollid: 0, varlevelsup: 0, varnosyn: 2, varattnosyn: 8, location: -1}
              },
              8 = TargetEntry {resno: 9, resname: 0x0, ressortgroupref: 0, resorigtbl: 0, resorigcol: 0, resjunk: false} = {
                expr = Var {varno: 2, varattno: 9, vartype: 1043, vartypmod: 27, varcollid: 100, varlevelsup: 0, varnosyn: 2, varattnosyn: 9, location: -1}
              }
            },
            plan.qual = List with 3 elements = {
              0 = OpExpr {opno: 1057, opfuncid: 1053, opresulttype: 16, opretset: false, opcollid: 0, inputcollid: 100, location: 152} = {
                args = List with 2 elements = {
                  0 = Var {varno: 2, varattno: 4, vartype: 1042, vartypmod: 14, varcollid: 100, varlevelsup: 0, varnosyn: 2, varattnosyn: 4, location: 144},
                  1 = Const {consttype: 1042, consttypmod: -1, constcollid: 100, constlen: -1, constvalue: 94501922236872, constisnull: false, constbyval: false, location: 155}
                }
              },
              1 = OpExpr {opno: 1210, opfuncid: 851, opresulttype: 16, opretset: false, opcollid: 0, inputcollid: 100, location: 179} = {
                args = List with 2 elements = {
                  0 = RelabelType {resulttype: 25, resulttypmod: -1, resultcollid: 100, relabelformat: COERCE_IMPLICIT_CAST, location: -1} = {
                    arg = Var {varno: 2, varattno: 5, vartype: 1043, vartypmod: 29, varcollid: 100, varlevelsup: 0, varnosyn: 2, varattnosyn: 5, location: 172}
                  },
                  1 = Const {consttype: 25, consttypmod: -1, constcollid: 100, constlen: -1, constvalue: 94501922237440, constisnull: false, constbyval: false, location: 188}
                }
              },
              2 = ScalarArrayOpExpr {opno: 96, opfuncid: 65, useOr: true, inputcollid: 0, location: 220} = {
                args = List with 2 elements = {
                  0 = Var {varno: 2, varattno: 6, vartype: 23, vartypmod: -1, varcollid: 0, varlevelsup: 0, varnosyn: 2, varattnosyn: 6, location: 213},
                  1 = Const {consttype: 1007, consttypmod: -1, constcollid: 0, constlen: -1, constvalue: 94501921725224, constisnull: false, constbyval: false, location: -1}
                }
              }
            }
          },
          join.plan.righttree = Hash (cost=28.91..28.91 rows=28 width=8 plan_id=6 parallel_aware=False parallel_safe = False) {skewTable: 270663, skewColumn: 1, skewInherit: false, rows_total: 0} = {
            plan.targetlist = List with 2 elements = {
              0 = TargetEntry {resno: 1, resname: 0x0, ressortgroupref: 0, resorigtbl: 0, resorigcol: 0, resjunk: false} = {
                expr = Var {varno: 65001, varattno: 1, vartype: 23, vartypmod: -1, varcollid: 0, varlevelsup: 0, varnosyn: 1, varattnosyn: 2, location: -1}
              },
              1 = TargetEntry {resno: 2, resname: 0x0, ressortgroupref: 0, resorigtbl: 0, resorigcol: 0, resjunk: false} = {
                expr = Var {varno: 65001, varattno: 2, vartype: 23, vartypmod: -1, varcollid: 0, varlevelsup: 0, varnosyn: 1, varattnosyn: 1, location: -1}
              }
            },
            plan.lefttree = Scan (cost=16.78..28.91 rows=28 width=8 plan_id=7 parallel_aware=False parallel_safe = False) scanrelid: 1 = {
              plan.targetlist = List with 2 elements = {
                0 = TargetEntry {resno: 1, resname: 0x0, ressortgroupref: 0, resorigtbl: 0, resorigcol: 0, resjunk: false} = {
                  expr = Var {varno: 1, varattno: 2, vartype: 23, vartypmod: -1, varcollid: 0, varlevelsup: 0, varnosyn: 1, varattnosyn: 2, location: 55}
                },
                1 = TargetEntry {resno: 2, resname: 0x0, ressortgroupref: 0, resorigtbl: 0, resorigcol: 0, resjunk: false} = {
                  expr = Var {varno: 1, varattno: 1, vartype: 23, vartypmod: -1, varcollid: 0, varlevelsup: 0, varnosyn: 1, varattnosyn: 1, location: 127}
                }
              },
              plan.qual = List with 1 elements = {
                0 = BoolExpr {boolop: NOT_EXPR, location: -1} = {
                  args = List with 1 elements = {
                    0 = SubPlan {subLinkType: ANY_SUBLINK, plan_id: 1, plan_name: 'SubPlan 1', firstColType: 23, firstColTypmod: -1, firstColCollation: 0, useHashTable: true, unknownEqFalse: false, parallel_safe: false, startup_cost: 145.3775, per_call_cost: 0.0025000000000000001} = {
                      testexpr = OpExpr {opno: 96, opfuncid: 65, opresulttype: 16, opretset: false, opcollid: 0, inputcollid: 0, location: 271} = {
                        args = List with 2 elements = {
                          0 = Var {varno: 1, varattno: 2, vartype: 23, vartypmod: -1, varcollid: 0, varlevelsup: 0, varnosyn: 1, varattnosyn: 2, location: 260},
                          1 = Param {paramkind: PARAM_EXEC, paramid: 0, paramtype: 23, paramtypmod: -1, paramcollid: 0, location: -1}
                        }
                      },
                      paramIds = IntList with 1 elements = {0}
                    }
                  }
                }
              }
            },
            hashkeys = List with 1 elements = {
              0 = Var {varno: 65001, varattno: 2, vartype: 23, vartypmod: -1, varcollid: 0, varlevelsup: 0, varnosyn: 1, varattnosyn: 1, location: 127}
            }
          },
          hashclauses = List with 1 elements = {
            0 = OpExpr {opno: 96, opfuncid: 65, opresulttype: 16, opretset: false, opcollid: 0, inputcollid: 0, location: -1} = {
              args = List with 2 elements = {
                0 = Var {varno: 65001, varattno: 1, vartype: 23, vartypmod: -1, varcollid: 0, varlevelsup: 0, varnosyn: 2, varattnosyn: 1, location: 115},
                1 = Var {varno: 65000, varattno: 2, vartype: 23, vartypmod: -1, varcollid: 0, varlevelsup: 0, varnosyn: 1, varattnosyn: 1, location: 127}
              }
            }
          },
          hashoperators = OidList with 1 elements = {96},
          hashcollations = OidList with 1 elements = {0},
          hashkeys = List with 1 elements = {
            0 = Var {varno: 65001, varattno: 1, vartype: 23, vartypmod: -1, varcollid: 0, varlevelsup: 0, varnosyn: 2, varattnosyn: 1, location: 115}
          }
        },
        rnodes = OidList with 3 elements = {16386, 16387, 16388}
      }
    }
  }
}

Breakpoint 1, standard_planner (parse=0x55f2f17ae2e0, query_string=0x55f2f1676670 "select\n  sum(l_extendedprice) / 7.0 as avg_yearly\nfrom\n  lineitem,\n  part\nwhere\n  p_partkey = l_partkey\n  and p_brand = 'Brand#23'\n  and p_container = 'MED BOX'\n  and l_quantity < (\n    select\n      0"..., cursorOptions=33024, boundParams=0x0) at /workspaces/AntDB/src/backend/optimizer/plan/planner.c:661
661		top_plan = create_plan(root, best_path);
$49 = Query {commandType: CMD_SELECT, querySource: QSRC_ORIGINAL, queryId: 0, canSetTag: true, resultRelation: 0, hasAggs: true, hasWindowFuncs: false, hasTargetSRFs: false, hasSubLinks: true, hasDistinctOn: false, hasRecursive: false, hasModifyingCTE: false, hasForUpdate: false, hasRowSecurity: false, override: OVERRIDING_NOT_SET, limitOption: LIMIT_OPTION_COUNT, stmt_location: 0, stmt_len: 286, is_local: false, has_to_save_cmd_id: false, in_sub_plan: false, in_explain: false} = {
  rtable = List with 2 elements = {
    0 = RangeTblEntry {rtekind: RTE_RELATION, relname: 'lineitem', relid: 270678, relkind: 114 'r', rellockmode: 1, security_barrier: false, jointype: JOIN_INNER, joinmergedcols: 0, funcordinality: false, ctename: 0x0, ctelevelsup: 0, self_reference: false, enrname: 0x0, enrtuples: 0, param_new: -1, param_old: -1, mt_result: 0x0, defaultCols: 0x0, rows: 0, lateral: false, inh: false, inFromCl: true, requiredPerms: 2, checkAsUser: 0, selectedCols: (b 12 15 16), insertedCols: 0x0, updatedCols: 0x0, extraUpdatedCols: 0x0} = {
      eref = Alias aliasname: 'lineitem' = {
        colnames = List with 16 elements = {
          0 = String[ 'l_orderkey' ],
          1 = String[ 'l_partkey' ],
          2 = String[ 'l_suppkey' ],
          3 = String[ 'l_linenumber' ],
          4 = String[ 'l_quantity' ],
          5 = String[ 'l_extendedprice' ],
          6 = String[ 'l_discount' ],
          7 = String[ 'l_tax' ],
          8 = String[ 'l_returnflag' ],
          9 = String[ 'l_linestatus' ],
          10 = String[ 'l_shipdate' ],
          11 = String[ 'l_commitdate' ],
          12 = String[ 'l_receiptdate' ],
          13 = String[ 'l_shipinstruct' ],
          14 = String[ 'l_shipmode' ],
          15 = String[ 'l_comment' ]
        }
      }
    },
    1 = RangeTblEntry {rtekind: RTE_RELATION, relname: 'part', relid: 270663, relkind: 114 'r', rellockmode: 1, security_barrier: false, jointype: JOIN_INNER, joinmergedcols: 0, funcordinality: false, ctename: 0x0, ctelevelsup: 0, self_reference: false, enrname: 0x0, enrtuples: 0, param_new: -1, param_old: -1, mt_result: 0x0, defaultCols: 0x0, rows: 0, lateral: false, inh: false, inFromCl: true, requiredPerms: 2, checkAsUser: 0, selectedCols: (b 11 14 17), insertedCols: 0x0, updatedCols: 0x0, extraUpdatedCols: 0x0} = {
      eref = Alias aliasname: 'part' = {
        colnames = List with 9 elements = {
          0 = String[ 'p_partkey' ],
          1 = String[ 'p_name' ],
          2 = String[ 'p_mfgr' ],
          3 = String[ 'p_brand' ],
          4 = String[ 'p_type' ],
          5 = String[ 'p_size' ],
          6 = String[ 'p_container' ],
          7 = String[ 'p_retailprice' ],
          8 = String[ 'p_comment' ]
        }
      }
    }
  },
  jointree = FromExpr  = {
    fromlist = List with 2 elements = {
      0 = RangeTblRef rtindex: 1,
      1 = RangeTblRef rtindex: 2
    },
    quals = List with 4 elements = {
      0 = OpExpr {opno: 96, opfuncid: 65, opresulttype: 16, opretset: false, opcollid: 0, inputcollid: 0, location: 92} = {
        args = List with 2 elements = {
          0 = Var {varno: 2, varattno: 1, vartype: 23, vartypmod: -1, varcollid: 0, varlevelsup: 0, varnosyn: 2, varattnosyn: 1, location: 82},
          1 = Var {varno: 1, varattno: 2, vartype: 23, vartypmod: -1, varcollid: 0, varlevelsup: 0, varnosyn: 1, varattnosyn: 2, location: 94}
        }
      },
      1 = OpExpr {opno: 1054, opfuncid: 1048, opresulttype: 16, opretset: false, opcollid: 0, inputcollid: 100, location: 118} = {
        args = List with 2 elements = {
          0 = Var {varno: 2, varattno: 4, vartype: 1042, vartypmod: 14, varcollid: 100, varlevelsup: 0, varnosyn: 2, varattnosyn: 4, location: 110},
          1 = Const {consttype: 1042, consttypmod: -1, constcollid: 100, constlen: -1, constvalue: 94501922235464, constisnull: false, constbyval: false, location: 120}
        }
      },
      2 = OpExpr {opno: 1054, opfuncid: 1048, opresulttype: 16, opretset: false, opcollid: 0, inputcollid: 100, location: 149} = {
        args = List with 2 elements = {
          0 = Var {varno: 2, varattno: 7, vartype: 1042, vartypmod: 14, varcollid: 100, varlevelsup: 0, varnosyn: 2, varattnosyn: 7, location: 137},
          1 = Const {consttype: 1042, consttypmod: -1, constcollid: 100, constlen: -1, constvalue: 94501922235944, constisnull: false, constbyval: false, location: 151}
        }
      },
      3 = OpExpr {opno: 1754, opfuncid: 1722, opresulttype: 16, opretset: false, opcollid: 0, inputcollid: 0, location: 178} = {
        args = List with 2 elements = {
          0 = Var {varno: 1, varattno: 5, vartype: 1700, vartypmod: 983046, varcollid: 0, varlevelsup: 0, varnosyn: 1, varattnosyn: 5, location: 167},
          1 = SubPlan {subLinkType: EXPR_SUBLINK, plan_id: 1, plan_name: 'SubPlan 1', firstColType: 1700, firstColTypmod: -1, firstColCollation: 0, useHashTable: false, unknownEqFalse: false, parallel_safe: false, startup_cost: 0, per_call_cost: 190.51749999999998} = {
            parParam = IntList with 1 elements = {0},
            args = List with 1 elements = {
              0 = Var {varno: 2, varattno: 1, vartype: 23, vartypmod: -1, varcollid: 0, varlevelsup: 0, varnosyn: 2, varattnosyn: 1, location: 273}
            }
          }
        }
      }
    }
  },
  targetList = List with 1 elements = {
    0 = TargetEntry {resno: 1, resname: 'avg_yearly', ressortgroupref: 0, resorigtbl: 0, resorigcol: 0, resjunk: false} = {
      expr = OpExpr {opno: 1761, opfuncid: 1727, opresulttype: 1700, opretset: false, opcollid: 0, inputcollid: 0, location: 30} = {
        args = List with 2 elements = {
          0 = Aggref {aggfnoid: 2114, aggtype: 1700, aggcollid: 0, inputcollid: 0, aggtranstype: 2281, aggtrantype: 0, agghas_collectfn: false, rank_first: false, aggstar: false, aggvariadic: false, aggkind: 110 'n', agglevelsup: 0, aggsplit: AGGSPLIT_SIMPLE, location: 9} = {
            aggargtypes = OidList with 1 elements = {1700},
            args = List with 1 elements = {
              0 = TargetEntry {resno: 1, resname: 0x0, ressortgroupref: 0, resorigtbl: 0, resorigcol: 0, resjunk: false} = {
                expr = Var {varno: 1, varattno: 6, vartype: 1700, vartypmod: 983046, varcollid: 0, varlevelsup: 0, varnosyn: 1, varattnosyn: 6, location: 13}
              }
            }
          },
          1 = Const {consttype: 1700, consttypmod: -1, constcollid: 0, constlen: -1, constvalue: 94501922234200, constisnull: false, constbyval: false, location: 32}
        }
      }
    }
  }
}
$50 = AggPath T_Agg (cost=535.60..535.61 rows=1 parallel_aware=False parallel_safe=False parallel_workers=0) {aggstrategy: AGG_PLAIN, aggsplit: AGGSPLIT_SIMPLE, numGroups: 1, transitionSpace: 128} = {
  path.parent = (b),
  path.pathtarget = PathTarget {cost: (0.00..0.00), width: 32} = {
    sortgrouprefs = [0],
    exprs = List with 1 elements = {
      0 = OpExpr {opno: 1761, opfuncid: 1727, opresulttype: 1700, opretset: false, opcollid: 0, inputcollid: 0, location: 30} = {
        args = List with 2 elements = {
          0 = Aggref {aggfnoid: 2114, aggtype: 1700, aggcollid: 0, inputcollid: 0, aggtranstype: 2281, aggtrantype: 0, agghas_collectfn: false, rank_first: false, aggstar: false, aggvariadic: false, aggkind: 110 'n', agglevelsup: 0, aggsplit: AGGSPLIT_SIMPLE, location: 9} = {
            aggargtypes = OidList with 1 elements = {1700},
            args = List with 1 elements = {
              0 = TargetEntry {resno: 1, resname: 0x0, ressortgroupref: 0, resorigtbl: 0, resorigcol: 0, resjunk: false} = {
                expr = Var {varno: 1, varattno: 6, vartype: 1700, vartypmod: 983046, varcollid: 0, varlevelsup: 0, varnosyn: 1, varattnosyn: 6, location: 13}
              }
            }
          },
          1 = Const {consttype: 1700, consttypmod: -1, constcollid: 0, constlen: -1, constvalue: 94501922234200, constisnull: false, constbyval: false, location: 32}
        }
      }
    },
    as_loc_list = IntList with 1 elements = {39},
    expr_loc_list = IntList with 1 elements = {9},
    expr_len_list = IntList with 1 elements = {27},
    expr_type_list = IntList with 1 elements = {397}
  },
  subpath = HashPath T_HashJoin (cost=154.81..535.59 rows=1 parallel_aware=False parallel_safe=False parallel_workers=0) {num_batches: 1, inner_rows_total: 1} = {
    jpath.path.parent = (b 1 2),
    jpath.path.pathtarget = PathTarget {cost: (0.00..0.00), width: 18} = {
      exprs = List with 1 elements = {
        0 = Var {varno: 1, varattno: 6, vartype: 1700, vartypmod: 983046, varcollid: 0, varlevelsup: 0, varnosyn: 1, varattnosyn: 6, location: 13}
      }
    },
    jpath.outerjoinpath = RemoteQueryPath T_RemoteQuery (cost=0.00..190.00 rows=67 parallel_aware=False parallel_safe=False parallel_workers=0) {jointype: JOIN_INNER, rqhas_unshippable_qual: false, rqhas_temp_rel: false, rqhas_unshippable_tlist: false} = {
      path.parent = (b 1),
      path.pathtarget = PathTarget {cost: (0.00..0.00), width: 40} = {
        exprs = List with 3 elements = {
          0 = Var {varno: 1, varattno: 6, vartype: 1700, vartypmod: 983046, varcollid: 0, varlevelsup: 0, varnosyn: 1, varattnosyn: 6, location: 13},
          1 = Var {varno: 1, varattno: 2, vartype: 23, vartypmod: -1, varcollid: 0, varlevelsup: 0, varnosyn: 1, varattnosyn: 2, location: 94},
          2 = Var {varno: 1, varattno: 5, vartype: 1700, vartypmod: 983046, varcollid: 0, varlevelsup: 0, varnosyn: 1, varattnosyn: 5, location: 167}
        }
      },
      rqpath_en = ExecNodes {accesstype: RELATION_ACCESS_READ, baselocatortype: 72 'H', en_relid: 0, en_funcid: 0} = {
        en_dist_vars = List with 1 elements = {
          0 = Var {varno: 1, varattno: 1, vartype: 23, vartypmod: -1, varcollid: 0, varlevelsup: 0, varnosyn: 1, varattnosyn: 1, location: -1}
        },
        nodeids = OidList with 3 elements = {16386, 16387, 16388}
      }
    },
    jpath.innerjoinpath = RemoteQueryPath T_RemoteQuery (cost=0.00..154.80 rows=1 parallel_aware=False parallel_safe=False parallel_workers=0) {jointype: JOIN_INNER, rqhas_unshippable_qual: false, rqhas_temp_rel: false, rqhas_unshippable_tlist: false} = {
      path.parent = (b 2),
      path.pathtarget = PathTarget {cost: (0.00..0.00), width: 4} = {
        exprs = List with 1 elements = {
          0 = Var {varno: 2, varattno: 1, vartype: 23, vartypmod: -1, varcollid: 0, varlevelsup: 0, varnosyn: 2, varattnosyn: 1, location: 82}
        }
      },
      rqpath_en = ExecNodes {accesstype: RELATION_ACCESS_READ, baselocatortype: 72 'H', en_relid: 0, en_funcid: 0} = {
        en_dist_vars = List with 1 elements = {
          0 = Var {varno: 2, varattno: 1, vartype: 23, vartypmod: -1, varcollid: 0, varlevelsup: 0, varnosyn: 2, varattnosyn: 1, location: 82}
        },
        nodeids = OidList with 3 elements = {16386, 16387, 16388}
      }
    },
    jpath.joinrestrictinfo = List with 2 elements = {
      0 = RestrictInfo {is_pushed_down: true, outerjoin_delayed: false, can_join: true, pseudoconstant: false, leakproof: false, security_level: 0, clause_relids: (b 1 2), required_relids: (b 1 2), outer_relids: (b), nullable_relids: (b), left_relids: (b 1), right_relids: (b 2), eval_cost: (0.00..190.52), norm_selec: 0.3333, outer_selec: -1.0000, outer_is_left: false, hashjoinoperator: 0, left_bucketsize: -1.0000, right_bucketsize: -1.0000, left_mcvfreq: -1.0000, right_mcvfreq: -1.0000} = {
        clause = OpExpr {opno: 1754, opfuncid: 1722, opresulttype: 16, opretset: false, opcollid: 0, inputcollid: 0, location: 178} = {
          args = List with 2 elements = {
            0 = Var {varno: 1, varattno: 5, vartype: 1700, vartypmod: 983046, varcollid: 0, varlevelsup: 0, varnosyn: 1, varattnosyn: 5, location: 167},
            1 = SubPlan {subLinkType: EXPR_SUBLINK, plan_id: 1, plan_name: 'SubPlan 1', firstColType: 1700, firstColTypmod: -1, firstColCollation: 0, useHashTable: false, unknownEqFalse: false, parallel_safe: false, startup_cost: 0, per_call_cost: 190.51749999999998} = {
              parParam = IntList with 1 elements = {0},
              args = List with 1 elements = {
                0 = Var {varno: 2, varattno: 1, vartype: 23, vartypmod: -1, varcollid: 0, varlevelsup: 0, varnosyn: 2, varattnosyn: 1, location: 273}
              }
            }
          }
        }
      },
      1 = RestrictInfo {is_pushed_down: true, outerjoin_delayed: false, can_join: true, pseudoconstant: false, leakproof: false, security_level: 0, clause_relids: (b 1 2), required_relids: (b 1 2), outer_relids: (b), nullable_relids: (b), left_relids: (b 1), right_relids: (b 2), eval_cost: (0.00..0.00), norm_selec: 0.0050, outer_selec: -1.0000, outer_is_left: false, hashjoinoperator: 96, left_bucketsize: 0.1000, right_bucketsize: 1.0000, left_mcvfreq: 0.0000, right_mcvfreq: 0.0000} = {
        clause = OpExpr {opno: 96, opfuncid: 65, opresulttype: 16, opretset: false, opcollid: 0, inputcollid: 0, location: -1} = {
          args = List with 2 elements = {
            0 = Var {varno: 1, varattno: 2, vartype: 23, vartypmod: -1, varcollid: 0, varlevelsup: 0, varnosyn: 1, varattnosyn: 2, location: 94},
            1 = Var {varno: 2, varattno: 1, vartype: 23, vartypmod: -1, varcollid: 0, varlevelsup: 0, varnosyn: 2, varattnosyn: 1, location: 82}
          }
        },
        mergeopfamilies = OidList with 1 elements = {1976},
        left_em = EquivalenceMember {em_relids: (b 1), em_is_const: false, em_is_child: false, em_datatype: 23} = {
          em_expr = Var {varno: 1, varattno: 2, vartype: 23, vartypmod: -1, varcollid: 0, varlevelsup: 0, varnosyn: 1, varattnosyn: 2, location: 94}
        },
        right_em = EquivalenceMember {em_relids: (b 2), em_is_const: false, em_is_child: false, em_datatype: 23} = {
          em_expr = Var {varno: 2, varattno: 1, vartype: 23, vartypmod: -1, varcollid: 0, varlevelsup: 0, varnosyn: 2, varattnosyn: 1, location: 82}
        }
      }
    },
    path_hashclauses = List with 1 elements = {
      0 = RestrictInfo {is_pushed_down: true, outerjoin_delayed: false, can_join: true, pseudoconstant: false, leakproof: false, security_level: 0, clause_relids: (b 1 2), required_relids: (b 1 2), outer_relids: (b), nullable_relids: (b), left_relids: (b 1), right_relids: (b 2), eval_cost: (0.00..0.00), norm_selec: 0.0050, outer_selec: -1.0000, outer_is_left: false, hashjoinoperator: 96, left_bucketsize: 0.1000, right_bucketsize: 1.0000, left_mcvfreq: 0.0000, right_mcvfreq: 0.0000} = {
        clause = OpExpr {opno: 96, opfuncid: 65, opresulttype: 16, opretset: false, opcollid: 0, inputcollid: 0, location: -1} = {
          args = List with 2 elements = {
            0 = Var {varno: 1, varattno: 2, vartype: 23, vartypmod: -1, varcollid: 0, varlevelsup: 0, varnosyn: 1, varattnosyn: 2, location: 94},
            1 = Var {varno: 2, varattno: 1, vartype: 23, vartypmod: -1, varcollid: 0, varlevelsup: 0, varnosyn: 2, varattnosyn: 1, location: 82}
          }
        },
        mergeopfamilies = OidList with 1 elements = {1976},
        left_em = EquivalenceMember {em_relids: (b 1), em_is_const: false, em_is_child: false, em_datatype: 23} = {
          em_expr = Var {varno: 1, varattno: 2, vartype: 23, vartypmod: -1, varcollid: 0, varlevelsup: 0, varnosyn: 1, varattnosyn: 2, location: 94}
        },
        right_em = EquivalenceMember {em_relids: (b 2), em_is_const: false, em_is_child: false, em_datatype: 23} = {
          em_expr = Var {varno: 2, varattno: 1, vartype: 23, vartypmod: -1, varcollid: 0, varlevelsup: 0, varnosyn: 2, varattnosyn: 1, location: 82}
        }
      }
    }
  }
}

Breakpoint 2, standard_planner (parse=0x55f2f17ae2e0, query_string=0x55f2f1676670 "select\n  sum(l_extendedprice) / 7.0 as avg_yearly\nfrom\n  lineitem,\n  part\nwhere\n  p_partkey = l_partkey\n  and p_brand = 'Brand#23'\n  and p_container = 'MED BOX'\n  and l_quantity < (\n    select\n      0"..., cursorOptions=33024, boundParams=0x0) at /workspaces/AntDB/src/backend/optimizer/plan/planner.c:761
761		result->commandType = parse->commandType;
$51 = Agg (cost=535.60..535.61 rows=1 width=32 plan_id=0 parallel_aware=False parallel_safe = False) {aggstrategy: AGG_PLAIN, aggsplit: AGGSPLIT_SIMPLE, numCols: 0, numGroups: 1, transitionSpace: 128, aggParams: 0x0} = {
  plan.targetlist = List with 1 elements = {
    0 = TargetEntry {resno: 1, resname: 'avg_yearly', ressortgroupref: 0, resorigtbl: 0, resorigcol: 0, resjunk: false} = {
      expr = OpExpr {opno: 1761, opfuncid: 1727, opresulttype: 1700, opretset: false, opcollid: 0, inputcollid: 0, location: 30} = {
        args = List with 2 elements = {
          0 = Aggref {aggfnoid: 2114, aggtype: 1700, aggcollid: 0, inputcollid: 0, aggtranstype: 2281, aggtrantype: 0, agghas_collectfn: false, rank_first: false, aggstar: false, aggvariadic: false, aggkind: 110 'n', agglevelsup: 0, aggsplit: AGGSPLIT_SIMPLE, location: 9} = {
            aggargtypes = OidList with 1 elements = {1700},
            args = List with 1 elements = {
              0 = TargetEntry {resno: 1, resname: 0x0, ressortgroupref: 0, resorigtbl: 0, resorigcol: 0, resjunk: false} = {
                expr = Var {varno: 65001, varattno: 1, vartype: 1700, vartypmod: 983046, varcollid: 0, varlevelsup: 0, varnosyn: 1, varattnosyn: 6, location: 13}
              }
            }
          },
          1 = Const {consttype: 1700, consttypmod: -1, constcollid: 0, constlen: -1, constvalue: 94501922234200, constisnull: false, constbyval: false, location: 32}
        }
      }
    }
  },
  plan.lefttree = HashJoin (cost=154.81..535.59 rows=1 width=18 plan_id=1 parallel_aware=False parallel_safe = False) {join.jointype: JOIN_INNER, join.inner_unique: false} = {
    join.plan.targetlist = List with 1 elements = {
      0 = TargetEntry {resno: 1, resname: 0x0, ressortgroupref: 0, resorigtbl: 0, resorigcol: 0, resjunk: false} = {
        expr = Var {varno: 65001, varattno: 1, vartype: 1700, vartypmod: 983046, varcollid: 0, varlevelsup: 0, varnosyn: 1, varattnosyn: 6, location: 13}
      }
    },
    join.plan.lefttree = RemoteQuery (cost=0.00..190.00 rows=67 width=40 plan_id=2 parallel_aware=False parallel_safe = False) {scan.scanrelid: 3, exec_direct_type: EXEC_DIRECT_NONE, sql_statement: 'SELECT l_extendedprice, l_partkey, l_quantity FROM ONLY public.lineitem lineitem WHERE true', sql_node: 0x0, combine_type: COMBINE_TYPE_NONE, read_only: true, force_autocommit: false, statement: 0x0, cursor: 0x0, rq_num_params: 0, rq_params_internal: false, exec_type: EXEC_ON_DATANODES, is_temp: false, rq_finalise_aggs: false, rq_sortgroup_colno: false, has_row_marks: false, rq_save_command_id: false, rq_use_pk_for_rep_change: false, rq_max_param_num: 0} = {
      scan.plan.targetlist = List with 3 elements = {
        0 = TargetEntry {resno: 1, resname: 0x0, ressortgroupref: 0, resorigtbl: 0, resorigcol: 0, resjunk: false} = {
          expr = Var {varno: 3, varattno: 1, vartype: 1700, vartypmod: 983046, varcollid: 0, varlevelsup: 0, varnosyn: 1, varattnosyn: 6, location: 13}
        },
        1 = TargetEntry {resno: 2, resname: 0x0, ressortgroupref: 0, resorigtbl: 0, resorigcol: 0, resjunk: false} = {
          expr = Var {varno: 3, varattno: 2, vartype: 23, vartypmod: -1, varcollid: 0, varlevelsup: 0, varnosyn: 1, varattnosyn: 2, location: 94}
        },
        2 = TargetEntry {resno: 3, resname: 0x0, ressortgroupref: 0, resorigtbl: 0, resorigcol: 0, resjunk: false} = {
          expr = Var {varno: 3, varattno: 3, vartype: 1700, vartypmod: 983046, varcollid: 0, varlevelsup: 0, varnosyn: 1, varattnosyn: 5, location: 167}
        }
      },
      exec_nodes = ExecNodes {accesstype: RELATION_ACCESS_READ, baselocatortype: 72 'H', en_relid: 0, en_funcid: 0} = {
        en_dist_vars = List with 1 elements = {
          0 = Var {varno: 1, varattno: 1, vartype: 23, vartypmod: -1, varcollid: 0, varlevelsup: 0, varnosyn: 1, varattnosyn: 1, location: -1}
        },
        nodeids = OidList with 3 elements = {16386, 16387, 16388}
      },
      remote_query = Query {commandType: CMD_SELECT, querySource: QSRC_ORIGINAL, queryId: 0, canSetTag: false, resultRelation: 0, hasAggs: false, hasWindowFuncs: false, hasTargetSRFs: false, hasSubLinks: false, hasDistinctOn: false, hasRecursive: false, hasModifyingCTE: false, hasForUpdate: false, hasRowSecurity: false, override: OVERRIDING_NOT_SET, limitOption: LIMIT_OPTION_COUNT, stmt_location: 0, stmt_len: 0, is_local: false, has_to_save_cmd_id: false, in_sub_plan: false, in_explain: false} = {
        rtable = List with 1 elements = {
          0 = RangeTblEntry {rtekind: RTE_RELATION, relname: 'lineitem', relid: 270678, relkind: 114 'r', rellockmode: 1, security_barrier: false, jointype: JOIN_INNER, joinmergedcols: 0, funcordinality: false, ctename: 0x0, ctelevelsup: 0, self_reference: false, enrname: 0x0, enrtuples: 0, param_new: -1, param_old: -1, mt_result: 0x0, defaultCols: 0x0, rows: 0, lateral: false, inh: false, inFromCl: true, requiredPerms: 2, checkAsUser: 0, selectedCols: (b 12 15 16), insertedCols: 0x0, updatedCols: 0x0, extraUpdatedCols: 0x0} = {
            alias = Alias aliasname: 'lineitem',
            eref = Alias aliasname: 'lineitem' = {
              colnames = List with 16 elements = {
                0 = String[ 'l_orderkey' ],
                1 = String[ 'l_partkey' ],
                2 = String[ 'l_suppkey' ],
                3 = String[ 'l_linenumber' ],
                4 = String[ 'l_quantity' ],
                5 = String[ 'l_extendedprice' ],
                6 = String[ 'l_discount' ],
                7 = String[ 'l_tax' ],
                8 = String[ 'l_returnflag' ],
                9 = String[ 'l_linestatus' ],
                10 = String[ 'l_shipdate' ],
                11 = String[ 'l_commitdate' ],
                12 = String[ 'l_receiptdate' ],
                13 = String[ 'l_shipinstruct' ],
                14 = String[ 'l_shipmode' ],
                15 = String[ 'l_comment' ]
              }
            }
          }
        },
        jointree = FromExpr  = {
          fromlist = List with 1 elements = {
            0 = RangeTblRef rtindex: 1
          },
          quals = Const {consttype: 16, consttypmod: -1, constcollid: 0, constlen: 1, constvalue: 1, constisnull: false, constbyval: true, location: -1}
        },
        targetList = List with 3 elements = {
          0 = TargetEntry {resno: 1, resname: 0x0, ressortgroupref: 0, resorigtbl: 0, resorigcol: 0, resjunk: false} = {
            expr = Var {varno: 1, varattno: 6, vartype: 1700, vartypmod: 983046, varcollid: 0, varlevelsup: 0, varnosyn: 0, varattnosyn: 6, location: 13}
          },
          1 = TargetEntry {resno: 2, resname: 0x0, ressortgroupref: 0, resorigtbl: 0, resorigcol: 0, resjunk: false} = {
            expr = Var {varno: 1, varattno: 2, vartype: 23, vartypmod: -1, varcollid: 0, varlevelsup: 0, varnosyn: 0, varattnosyn: 2, location: 94}
          },
          2 = TargetEntry {resno: 3, resname: 0x0, ressortgroupref: 0, resorigtbl: 0, resorigcol: 0, resjunk: false} = {
            expr = Var {varno: 1, varattno: 5, vartype: 1700, vartypmod: 983046, varcollid: 0, varlevelsup: 0, varnosyn: 0, varattnosyn: 5, location: 167}
          }
        }
      },
      base_tlist = List with 3 elements = {
        0 = TargetEntry {resno: 1, resname: 0x0, ressortgroupref: 0, resorigtbl: 0, resorigcol: 0, resjunk: false} = {
          expr = Var {varno: 1, varattno: 6, vartype: 1700, vartypmod: 983046, varcollid: 0, varlevelsup: 0, varnosyn: 1, varattnosyn: 6, location: 13}
        },
        1 = TargetEntry {resno: 2, resname: 0x0, ressortgroupref: 0, resorigtbl: 0, resorigcol: 0, resjunk: false} = {
          expr = Var {varno: 1, varattno: 2, vartype: 23, vartypmod: -1, varcollid: 0, varlevelsup: 0, varnosyn: 1, varattnosyn: 2, location: 94}
        },
        2 = TargetEntry {resno: 3, resname: 0x0, ressortgroupref: 0, resorigtbl: 0, resorigcol: 0, resjunk: false} = {
          expr = Var {varno: 1, varattno: 5, vartype: 1700, vartypmod: 983046, varcollid: 0, varlevelsup: 0, varnosyn: 1, varattnosyn: 5, location: 167}
        }
      },
      coord_var_tlist = List with 3 elements = {
        0 = TargetEntry {resno: 1, resname: 0x0, ressortgroupref: 0, resorigtbl: 0, resorigcol: 0, resjunk: false} = {
          expr = Var {varno: 1, varattno: 6, vartype: 1700, vartypmod: 983046, varcollid: 0, varlevelsup: 0, varnosyn: 1, varattnosyn: 6, location: 13}
        },
        1 = TargetEntry {resno: 2, resname: 0x0, ressortgroupref: 0, resorigtbl: 0, resorigcol: 0, resjunk: false} = {
          expr = Var {varno: 1, varattno: 2, vartype: 23, vartypmod: -1, varcollid: 0, varlevelsup: 0, varnosyn: 1, varattnosyn: 2, location: 94}
        },
        2 = TargetEntry {resno: 3, resname: 0x0, ressortgroupref: 0, resorigtbl: 0, resorigcol: 0, resjunk: false} = {
          expr = Var {varno: 1, varattno: 5, vartype: 1700, vartypmod: 983046, varcollid: 0, varlevelsup: 0, varnosyn: 1, varattnosyn: 5, location: 167}
        }
      },
      query_var_tlist = List with 3 elements = {
        0 = TargetEntry {resno: 1, resname: 0x0, ressortgroupref: 0, resorigtbl: 0, resorigcol: 0, resjunk: false} = {
          expr = Var {varno: 1, varattno: 6, vartype: 1700, vartypmod: 983046, varcollid: 0, varlevelsup: 0, varnosyn: 0, varattnosyn: 6, location: 13}
        },
        1 = TargetEntry {resno: 2, resname: 0x0, ressortgroupref: 0, resorigtbl: 0, resorigcol: 0, resjunk: false} = {
          expr = Var {varno: 1, varattno: 2, vartype: 23, vartypmod: -1, varcollid: 0, varlevelsup: 0, varnosyn: 0, varattnosyn: 2, location: 94}
        },
        2 = TargetEntry {resno: 3, resname: 0x0, ressortgroupref: 0, resorigtbl: 0, resorigcol: 0, resjunk: false} = {
          expr = Var {varno: 1, varattno: 5, vartype: 1700, vartypmod: 983046, varcollid: 0, varlevelsup: 0, varnosyn: 0, varattnosyn: 5, location: 167}
        }
      }
    },
    join.plan.righttree = Hash (cost=154.80..154.80 rows=1 width=4 plan_id=3 parallel_aware=False parallel_safe = False) {skewTable: 270678, skewColumn: 2, skewInherit: false, rows_total: 0} = {
      plan.targetlist = List with 1 elements = {
        0 = TargetEntry {resno: 1, resname: 0x0, ressortgroupref: 0, resorigtbl: 0, resorigcol: 0, resjunk: false} = {
          expr = Var {varno: 65001, varattno: 1, vartype: 23, vartypmod: -1, varcollid: 0, varlevelsup: 0, varnosyn: 2, varattnosyn: 1, location: -1}
        }
      },
      plan.lefttree = RemoteQuery (cost=0.00..154.80 rows=1 width=4 plan_id=4 parallel_aware=False parallel_safe = False) {scan.scanrelid: 4, exec_direct_type: EXEC_DIRECT_NONE, sql_statement: 'SELECT p_partkey FROM ONLY public.part part WHERE ((p_brand = 'Brand#23'::bpchar) AND (p_container =', sql_node: 0x0, combine_type: COMBINE_TYPE_NONE, read_only: true, force_autocommit: false, statement: 0x0, cursor: 0x0, rq_num_params: 0, rq_params_internal: false, exec_type: EXEC_ON_DATANODES, is_temp: false, rq_finalise_aggs: false, rq_sortgroup_colno: false, has_row_marks: false, rq_save_command_id: false, rq_use_pk_for_rep_change: false, rq_max_param_num: 0} = {
        scan.plan.targetlist = List with 1 elements = {
          0 = TargetEntry {resno: 1, resname: 0x0, ressortgroupref: 0, resorigtbl: 0, resorigcol: 0, resjunk: false} = {
            expr = Var {varno: 4, varattno: 1, vartype: 23, vartypmod: -1, varcollid: 0, varlevelsup: 0, varnosyn: 2, varattnosyn: 1, location: 82}
          }
        },
        exec_nodes = ExecNodes {accesstype: RELATION_ACCESS_READ, baselocatortype: 72 'H', en_relid: 0, en_funcid: 0} = {
          en_dist_vars = List with 1 elements = {
            0 = Var {varno: 2, varattno: 1, vartype: 23, vartypmod: -1, varcollid: 0, varlevelsup: 0, varnosyn: 2, varattnosyn: 1, location: 82}
          },
          nodeids = OidList with 3 elements = {16386, 16387, 16388}
        },
        remote_query = Query {commandType: CMD_SELECT, querySource: QSRC_ORIGINAL, queryId: 0, canSetTag: false, resultRelation: 0, hasAggs: false, hasWindowFuncs: false, hasTargetSRFs: false, hasSubLinks: false, hasDistinctOn: false, hasRecursive: false, hasModifyingCTE: false, hasForUpdate: false, hasRowSecurity: false, override: OVERRIDING_NOT_SET, limitOption: LIMIT_OPTION_COUNT, stmt_location: 0, stmt_len: 0, is_local: false, has_to_save_cmd_id: false, in_sub_plan: false, in_explain: false} = {
          rtable = List with 1 elements = {
            0 = RangeTblEntry {rtekind: RTE_RELATION, relname: 'part', relid: 270663, relkind: 114 'r', rellockmode: 1, security_barrier: false, jointype: JOIN_INNER, joinmergedcols: 0, funcordinality: false, ctename: 0x0, ctelevelsup: 0, self_reference: false, enrname: 0x0, enrtuples: 0, param_new: -1, param_old: -1, mt_result: 0x0, defaultCols: 0x0, rows: 0, lateral: false, inh: false, inFromCl: true, requiredPerms: 2, checkAsUser: 0, selectedCols: (b 11 14 17), insertedCols: 0x0, updatedCols: 0x0, extraUpdatedCols: 0x0} = {
              alias = Alias aliasname: 'part',
              eref = Alias aliasname: 'part' = {
                colnames = List with 9 elements = {
                  0 = String[ 'p_partkey' ],
                  1 = String[ 'p_name' ],
                  2 = String[ 'p_mfgr' ],
                  3 = String[ 'p_brand' ],
                  4 = String[ 'p_type' ],
                  5 = String[ 'p_size' ],
                  6 = String[ 'p_container' ],
                  7 = String[ 'p_retailprice' ],
                  8 = String[ 'p_comment' ]
                }
              }
            }
          },
          jointree = FromExpr  = {
            fromlist = List with 1 elements = {
              0 = RangeTblRef rtindex: 1
            },
            quals = BoolExpr {boolop: AND_EXPR, location: -1} = {
              args = List with 2 elements = {
                0 = OpExpr {opno: 1054, opfuncid: 1048, opresulttype: 16, opretset: false, opcollid: 0, inputcollid: 100, location: 118} = {
                  args = List with 2 elements = {
                    0 = Var {varno: 1, varattno: 4, vartype: 1042, vartypmod: 14, varcollid: 100, varlevelsup: 0, varnosyn: 0, varattnosyn: 4, location: 110},
                    1 = Const {consttype: 1042, consttypmod: -1, constcollid: 100, constlen: -1, constvalue: 94501921941944, constisnull: false, constbyval: false, location: 120}
                  }
                },
                1 = OpExpr {opno: 1054, opfuncid: 1048, opresulttype: 16, opretset: false, opcollid: 0, inputcollid: 100, location: 149} = {
                  args = List with 2 elements = {
                    0 = Var {varno: 1, varattno: 7, vartype: 1042, vartypmod: 14, varcollid: 100, varlevelsup: 0, varnosyn: 0, varattnosyn: 7, location: 137},
                    1 = Const {consttype: 1042, consttypmod: -1, constcollid: 100, constlen: -1, constvalue: 94501921942336, constisnull: false, constbyval: false, location: 151}
                  }
                }
              }
            }
          },
          targetList = List with 1 elements = {
            0 = TargetEntry {resno: 1, resname: 0x0, ressortgroupref: 0, resorigtbl: 0, resorigcol: 0, resjunk: false} = {
              expr = Var {varno: 1, varattno: 1, vartype: 23, vartypmod: -1, varcollid: 0, varlevelsup: 0, varnosyn: 0, varattnosyn: 1, location: 82}
            }
          }
        },
        base_tlist = List with 1 elements = {
          0 = TargetEntry {resno: 1, resname: 0x0, ressortgroupref: 0, resorigtbl: 0, resorigcol: 0, resjunk: false} = {
            expr = Var {varno: 2, varattno: 1, vartype: 23, vartypmod: -1, varcollid: 0, varlevelsup: 0, varnosyn: 2, varattnosyn: 1, location: 82}
          }
        },
        coord_var_tlist = List with 1 elements = {
          0 = TargetEntry {resno: 1, resname: 0x0, ressortgroupref: 0, resorigtbl: 0, resorigcol: 0, resjunk: false} = {
            expr = Var {varno: 2, varattno: 1, vartype: 23, vartypmod: -1, varcollid: 0, varlevelsup: 0, varnosyn: 2, varattnosyn: 1, location: 82}
          }
        },
        query_var_tlist = List with 1 elements = {
          0 = TargetEntry {resno: 1, resname: 0x0, ressortgroupref: 0, resorigtbl: 0, resorigcol: 0, resjunk: false} = {
            expr = Var {varno: 1, varattno: 1, vartype: 23, vartypmod: -1, varcollid: 0, varlevelsup: 0, varnosyn: 0, varattnosyn: 1, location: 82}
          }
        }
      },
      hashkeys = List with 1 elements = {
        0 = Var {varno: 65001, varattno: 1, vartype: 23, vartypmod: -1, varcollid: 0, varlevelsup: 0, varnosyn: 2, varattnosyn: 1, location: 82}
      }
    },
    join.joinqual = List with 1 elements = {
      0 = OpExpr {opno: 1754, opfuncid: 1722, opresulttype: 16, opretset: false, opcollid: 0, inputcollid: 0, location: 178} = {
        args = List with 2 elements = {
          0 = Var {varno: 65001, varattno: 3, vartype: 1700, vartypmod: 983046, varcollid: 0, varlevelsup: 0, varnosyn: 1, varattnosyn: 5, location: 167},
          1 = SubPlan {subLinkType: EXPR_SUBLINK, plan_id: 1, plan_name: 'SubPlan 1', firstColType: 1700, firstColTypmod: -1, firstColCollation: 0, useHashTable: false, unknownEqFalse: false, parallel_safe: false, startup_cost: 0, per_call_cost: 190.51749999999998} = {
            parParam = IntList with 1 elements = {0},
            args = List with 1 elements = {
              0 = Var {varno: 65000, varattno: 1, vartype: 23, vartypmod: -1, varcollid: 0, varlevelsup: 0, varnosyn: 2, varattnosyn: 1, location: 273}
            }
          }
        }
      }
    },
    hashclauses = List with 1 elements = {
      0 = OpExpr {opno: 96, opfuncid: 65, opresulttype: 16, opretset: false, opcollid: 0, inputcollid: 0, location: -1} = {
        args = List with 2 elements = {
          0 = Var {varno: 65001, varattno: 2, vartype: 23, vartypmod: -1, varcollid: 0, varlevelsup: 0, varnosyn: 1, varattnosyn: 2, location: 94},
          1 = Var {varno: 65000, varattno: 1, vartype: 23, vartypmod: -1, varcollid: 0, varlevelsup: 0, varnosyn: 2, varattnosyn: 1, location: 82}
        }
      }
    },
    hashoperators = OidList with 1 elements = {96},
    hashcollations = OidList with 1 elements = {0},
    hashkeys = List with 1 elements = {
      0 = Var {varno: 65001, varattno: 2, vartype: 23, vartypmod: -1, varcollid: 0, varlevelsup: 0, varnosyn: 1, varattnosyn: 2, location: 94}
    }
  }
}

Breakpoint 1, standard_planner (parse=0x55f2f17aed98, query_string=0x55f2f1676670 "select\n  c_name,\n  c_custkey,\n  o_orderkey,\n  o_orderdate,\n  o_totalprice,\n  sum(l_quantity)\nfrom\n  customer,\n  orders,\n  lineitem\nwhere\n  o_orderkey in (\n    select\n      l_orderkey\n    from\n      li"..., cursorOptions=33024, boundParams=0x0) at /workspaces/AntDB/src/backend/optimizer/plan/planner.c:661
661		top_plan = create_plan(root, best_path);
$52 = Query {commandType: CMD_SELECT, querySource: QSRC_ORIGINAL, queryId: 0, canSetTag: true, resultRelation: 0, hasAggs: true, hasWindowFuncs: false, hasTargetSRFs: false, hasSubLinks: true, hasDistinctOn: false, hasRecursive: false, hasModifyingCTE: false, hasForUpdate: false, hasRowSecurity: false, override: OVERRIDING_NOT_SET, limitOption: LIMIT_OPTION_COUNT, stmt_location: 0, stmt_len: 465, is_local: false, has_to_save_cmd_id: false, in_sub_plan: false, in_explain: false} = {
  rtable = List with 4 elements = {
    0 = RangeTblEntry {rtekind: RTE_RELATION, relname: 'customer', relid: 270672, relkind: 114 'r', rellockmode: 1, security_barrier: false, jointype: JOIN_INNER, joinmergedcols: 0, funcordinality: false, ctename: 0x0, ctelevelsup: 0, self_reference: false, enrname: 0x0, enrtuples: 0, param_new: -1, param_old: -1, mt_result: 0x0, defaultCols: 0x0, rows: 0, lateral: false, inh: false, inFromCl: true, requiredPerms: 2, checkAsUser: 0, selectedCols: (b 11 12), insertedCols: 0x0, updatedCols: 0x0, extraUpdatedCols: 0x0} = {
      eref = Alias aliasname: 'customer' = {
        colnames = List with 8 elements = {
          0 = String[ 'c_custkey' ],
          1 = String[ 'c_name' ],
          2 = String[ 'c_address' ],
          3 = String[ 'c_nationkey' ],
          4 = String[ 'c_phone' ],
          5 = String[ 'c_acctbal' ],
          6 = String[ 'c_mktsegment' ],
          7 = String[ 'c_comment' ]
        }
      }
    },
    1 = RangeTblEntry {rtekind: RTE_RELATION, relname: 'orders', relid: 270675, relkind: 114 'r', rellockmode: 1, security_barrier: false, jointype: JOIN_INNER, joinmergedcols: 0, funcordinality: false, ctename: 0x0, ctelevelsup: 0, self_reference: false, enrname: 0x0, enrtuples: 0, param_new: -1, param_old: -1, mt_result: 0x0, defaultCols: 0x0, rows: 0, lateral: false, inh: false, inFromCl: true, requiredPerms: 2, checkAsUser: 0, selectedCols: (b 11 12 14 15), insertedCols: 0x0, updatedCols: 0x0, extraUpdatedCols: 0x0} = {
      eref = Alias aliasname: 'orders' = {
        colnames = List with 9 elements = {
          0 = String[ 'o_orderkey' ],
          1 = String[ 'o_custkey' ],
          2 = String[ 'o_orderstatus' ],
          3 = String[ 'o_totalprice' ],
          4 = String[ 'o_orderdate' ],
          5 = String[ 'o_orderpriority' ],
          6 = String[ 'o_clerk' ],
          7 = String[ 'o_shippriority' ],
          8 = String[ 'o_comment' ]
        }
      }
    },
    2 = RangeTblEntry {rtekind: RTE_RELATION, relname: 'lineitem', relid: 270678, relkind: 114 'r', rellockmode: 1, security_barrier: false, jointype: JOIN_INNER, joinmergedcols: 0, funcordinality: false, ctename: 0x0, ctelevelsup: 0, self_reference: false, enrname: 0x0, enrtuples: 0, param_new: -1, param_old: -1, mt_result: 0x0, defaultCols: 0x0, rows: 0, lateral: false, inh: false, inFromCl: true, requiredPerms: 2, checkAsUser: 0, selectedCols: (b 11 15), insertedCols: 0x0, updatedCols: 0x0, extraUpdatedCols: 0x0} = {
      eref = Alias aliasname: 'lineitem' = {
        colnames = List with 16 elements = {
          0 = String[ 'l_orderkey' ],
          1 = String[ 'l_partkey' ],
          2 = String[ 'l_suppkey' ],
          3 = String[ 'l_linenumber' ],
          4 = String[ 'l_quantity' ],
          5 = String[ 'l_extendedprice' ],
          6 = String[ 'l_discount' ],
          7 = String[ 'l_tax' ],
          8 = String[ 'l_returnflag' ],
          9 = String[ 'l_linestatus' ],
          10 = String[ 'l_shipdate' ],
          11 = String[ 'l_commitdate' ],
          12 = String[ 'l_receiptdate' ],
          13 = String[ 'l_shipinstruct' ],
          14 = String[ 'l_shipmode' ],
          15 = String[ 'l_comment' ]
        }
      }
    },
    3 = RangeTblEntry {rtekind: RTE_SUBQUERY, relname: 0x0, relid: 0, relkind: 0 '\000', rellockmode: 0, security_barrier: false, jointype: JOIN_INNER, joinmergedcols: 0, funcordinality: false, ctename: 0x0, ctelevelsup: 0, self_reference: false, enrname: 0x0, enrtuples: 0, param_new: -1, param_old: -1, mt_result: 0x0, defaultCols: 0x0, rows: 0, lateral: false, inh: false, inFromCl: false, requiredPerms: 0, checkAsUser: 0, selectedCols: 0x0, insertedCols: 0x0, updatedCols: 0x0, extraUpdatedCols: 0x0} = {
      subquery = Query {commandType: CMD_SELECT, querySource: QSRC_ORIGINAL, queryId: 0, canSetTag: true, resultRelation: 0, hasAggs: true, hasWindowFuncs: false, hasTargetSRFs: false, hasSubLinks: false, hasDistinctOn: false, hasRecursive: false, hasModifyingCTE: false, hasForUpdate: false, hasRowSecurity: false, override: OVERRIDING_NOT_SET, limitOption: LIMIT_OPTION_COUNT, stmt_location: 0, stmt_len: 0, is_local: false, has_to_save_cmd_id: false, in_sub_plan: false, in_explain: false} = {
        rtable = List with 1 elements = {
          0 = RangeTblEntry {rtekind: RTE_RELATION, relname: 'lineitem', relid: 270678, relkind: 114 'r', rellockmode: 1, security_barrier: false, jointype: JOIN_INNER, joinmergedcols: 0, funcordinality: false, ctename: 0x0, ctelevelsup: 0, self_reference: false, enrname: 0x0, enrtuples: 0, param_new: -1, param_old: -1, mt_result: 0x0, defaultCols: 0x0, rows: 0, lateral: false, inh: true, inFromCl: true, requiredPerms: 2, checkAsUser: 0, selectedCols: (b 11 15), insertedCols: 0x0, updatedCols: 0x0, extraUpdatedCols: 0x0} = {
            eref = Alias aliasname: 'lineitem' = {
              colnames = List with 16 elements = {
                0 = String[ 'l_orderkey' ],
                1 = String[ 'l_partkey' ],
                2 = String[ 'l_suppkey' ],
                3 = String[ 'l_linenumber' ],
                4 = String[ 'l_quantity' ],
                5 = String[ 'l_extendedprice' ],
                6 = String[ 'l_discount' ],
                7 = String[ 'l_tax' ],
                8 = String[ 'l_returnflag' ],
                9 = String[ 'l_linestatus' ],
                10 = String[ 'l_shipdate' ],
                11 = String[ 'l_commitdate' ],
                12 = String[ 'l_receiptdate' ],
                13 = String[ 'l_shipinstruct' ],
                14 = String[ 'l_shipmode' ],
                15 = String[ 'l_comment' ]
              }
            }
          }
        },
        jointree = FromExpr  = {
          fromlist = List with 1 elements = {
            0 = RangeTblRef rtindex: 1
          }
        },
        targetList = List with 1 elements = {
          0 = TargetEntry {resno: 1, resname: 'l_orderkey', ressortgroupref: 1, resorigtbl: 270678, resorigcol: 1, resjunk: false} = {
            expr = Var {varno: 1, varattno: 1, vartype: 23, vartypmod: -1, varcollid: 0, varlevelsup: 0, varnosyn: 1, varattnosyn: 1, location: 172}
          }
        },
        groupClause = List with 1 elements = {
          0 = SortGroupClause {tleSortGroupRef: 1, eqop: 96, sortop: 97, nulls_first: false, hashable: true}
        },
        havingQual = OpExpr {opno: 1756, opfuncid: 1720, opresulttype: 16, opretset: false, opcollid: 0, inputcollid: 0, location: 268} = {
          args = List with 2 elements = {
            0 = Aggref {aggfnoid: 2114, aggtype: 1700, aggcollid: 0, inputcollid: 0, aggtranstype: 0, aggtrantype: 0, agghas_collectfn: false, rank_first: false, aggstar: false, aggvariadic: false, aggkind: 110 'n', agglevelsup: 0, aggsplit: AGGSPLIT_SIMPLE, location: 252} = {
              aggargtypes = OidList with 1 elements = {1700},
              args = List with 1 elements = {
                0 = TargetEntry {resno: 1, resname: 0x0, ressortgroupref: 0, resorigtbl: 0, resorigcol: 0, resjunk: false} = {
                  expr = Var {varno: 1, varattno: 5, vartype: 1700, vartypmod: 983046, varcollid: 0, varlevelsup: 0, varnosyn: 1, varattnosyn: 5, location: 256}
                }
              }
            },
            1 = FuncExpr {funcid: 1740, funcresulttype: 1700, funcretset: false, funcvariadic: false, funcformat: COERCE_IMPLICIT_CAST, funccollid: 0, inputcollid: 0, location: -1} = {
              args = List with 1 elements = {
                0 = Const {consttype: 23, consttypmod: -1, constcollid: 0, constlen: 4, constvalue: 300, constisnull: false, constbyval: true, location: 270}
              }
            }
          }
        }
      },
      alias = Alias aliasname: 'ANY_subquery',
      eref = Alias aliasname: 'ANY_subquery' = {
        colnames = List with 1 elements = {
          0 = String[ 'l_orderkey' ]
        }
      }
    }
  },
  jointree = FromExpr  = {
    fromlist = List with 1 elements = {
      0 = JoinExpr {jointype: JOIN_SEMI, isNatural: false, rtindex: 0} = {
        larg = FromExpr  = {
          fromlist = List with 3 elements = {
            0 = RangeTblRef rtindex: 1,
            1 = RangeTblRef rtindex: 2,
            2 = RangeTblRef rtindex: 3
          },
          quals = List with 2 elements = {
            0 = OpExpr {opno: 96, opfuncid: 65, opresulttype: 16, opretset: false, opcollid: 0, inputcollid: 0, location: 294} = {
              args = List with 2 elements = {
                0 = Var {varno: 1, varattno: 1, vartype: 23, vartypmod: -1, varcollid: 0, varlevelsup: 0, varnosyn: 1, varattnosyn: 1, location: 284},
                1 = Var {varno: 2, varattno: 2, vartype: 23, vartypmod: -1, varcollid: 0, varlevelsup: 0, varnosyn: 2, varattnosyn: 2, location: 296}
              }
            },
            1 = OpExpr {opno: 96, opfuncid: 65, opresulttype: 16, opretset: false, opcollid: 0, inputcollid: 0, location: 323} = {
              args = List with 2 elements = {
                0 = Var {varno: 2, varattno: 1, vartype: 23, vartypmod: -1, varcollid: 0, varlevelsup: 0, varnosyn: 2, varattnosyn: 1, location: 312},
                1 = Var {varno: 3, varattno: 1, vartype: 23, vartypmod: -1, varcollid: 0, varlevelsup: 0, varnosyn: 3, varattnosyn: 1, location: 325}
              }
            }
          }
        },
        rarg = RangeTblRef rtindex: 4,
        quals = List with 1 elements = {
          0 = OpExpr {opno: 96, opfuncid: 65, opresulttype: 16, opretset: false, opcollid: 0, inputcollid: 0, location: 150} = {
            args = List with 2 elements = {
              0 = Var {varno: 2, varattno: 1, vartype: 23, vartypmod: -1, varcollid: 0, varlevelsup: 0, varnosyn: 2, varattnosyn: 1, location: 139},
              1 = Var {varno: 4, varattno: 1, vartype: 23, vartypmod: -1, varcollid: 0, varlevelsup: 0, varnosyn: 4, varattnosyn: 1, location: -1}
            }
          }
        }
      }
    }
  },
  targetList = List with 6 elements = {
    0 = TargetEntry {resno: 1, resname: 'c_name', ressortgroupref: 3, resorigtbl: 270672, resorigcol: 2, resjunk: false} = {
      expr = Var {varno: 1, varattno: 2, vartype: 1043, vartypmod: 29, varcollid: 100, varlevelsup: 0, varnosyn: 1, varattnosyn: 2, location: 9}
    },
    1 = TargetEntry {resno: 2, resname: 'c_custkey', ressortgroupref: 4, resorigtbl: 270672, resorigcol: 1, resjunk: false} = {
      expr = Var {varno: 1, varattno: 1, vartype: 23, vartypmod: -1, varcollid: 0, varlevelsup: 0, varnosyn: 1, varattnosyn: 1, location: 19}
    },
    2 = TargetEntry {resno: 3, resname: 'o_orderkey', ressortgroupref: 5, resorigtbl: 270675, resorigcol: 1, resjunk: false} = {
      expr = Var {varno: 2, varattno: 1, vartype: 23, vartypmod: -1, varcollid: 0, varlevelsup: 0, varnosyn: 2, varattnosyn: 1, location: 32}
    },
    3 = TargetEntry {resno: 4, resname: 'o_orderdate', ressortgroupref: 2, resorigtbl: 270675, resorigcol: 5, resjunk: false} = {
      expr = Var {varno: 2, varattno: 5, vartype: 1082, vartypmod: -1, varcollid: 0, varlevelsup: 0, varnosyn: 2, varattnosyn: 5, location: 46}
    },
    4 = TargetEntry {resno: 5, resname: 'o_totalprice', ressortgroupref: 1, resorigtbl: 270675, resorigcol: 4, resjunk: false} = {
      expr = Var {varno: 2, varattno: 4, vartype: 1700, vartypmod: 983046, varcollid: 0, varlevelsup: 0, varnosyn: 2, varattnosyn: 4, location: 61}
    },
    5 = TargetEntry {resno: 6, resname: 'sum', ressortgroupref: 0, resorigtbl: 0, resorigcol: 0, resjunk: false} = {
      expr = Aggref {aggfnoid: 2114, aggtype: 1700, aggcollid: 0, inputcollid: 0, aggtranstype: 2281, aggtrantype: 0, agghas_collectfn: false, rank_first: false, aggstar: false, aggvariadic: false, aggkind: 110 'n', agglevelsup: 0, aggsplit: AGGSPLIT_SIMPLE, location: 77} = {
        aggargtypes = OidList with 1 elements = {1700},
        args = List with 1 elements = {
          0 = TargetEntry {resno: 1, resname: 0x0, ressortgroupref: 0, resorigtbl: 0, resorigcol: 0, resjunk: false} = {
            expr = Var {varno: 3, varattno: 5, vartype: 1700, vartypmod: 983046, varcollid: 0, varlevelsup: 0, varnosyn: 3, varattnosyn: 5, location: 81}
          }
        }
      }
    }
  },
  groupClause = List with 5 elements = {
    0 = SortGroupClause {tleSortGroupRef: 1, eqop: 1752, sortop: 1756, nulls_first: true, hashable: true},
    1 = SortGroupClause {tleSortGroupRef: 2, eqop: 1093, sortop: 1095, nulls_first: false, hashable: true},
    2 = SortGroupClause {tleSortGroupRef: 3, eqop: 98, sortop: 664, nulls_first: false, hashable: true},
    3 = SortGroupClause {tleSortGroupRef: 4, eqop: 96, sortop: 97, nulls_first: false, hashable: true},
    4 = SortGroupClause {tleSortGroupRef: 5, eqop: 96, sortop: 97, nulls_first: false, hashable: true}
  },
  sortClause = List with 2 elements = {
    0 = SortGroupClause {tleSortGroupRef: 1, eqop: 1752, sortop: 1756, nulls_first: true, hashable: true},
    1 = SortGroupClause {tleSortGroupRef: 2, eqop: 1093, sortop: 1095, nulls_first: false, hashable: true}
  },
  limitCount = Const {consttype: 20, consttypmod: -1, constcollid: 0, constlen: 8, constvalue: 100, constisnull: false, constbyval: true, location: -1}
}
$53 = LimitPath T_Limit (cost=724.87..724.90 rows=1 parallel_aware=False parallel_safe=False parallel_workers=0) limitOption: LIMIT_OPTION_COUNT = {
  path.parent = (b),
  path.pathtarget = PathTarget {cost: (0.00..0.00), width: 130} = {
    sortgrouprefs = [3, 4, 5, 2, 1, 0],
    exprs = List with 6 elements = {
      0 = Var {varno: 1, varattno: 2, vartype: 1043, vartypmod: 29, varcollid: 100, varlevelsup: 0, varnosyn: 1, varattnosyn: 2, location: 9},
      1 = Var {varno: 1, varattno: 1, vartype: 23, vartypmod: -1, varcollid: 0, varlevelsup: 0, varnosyn: 1, varattnosyn: 1, location: 19},
      2 = Var {varno: 2, varattno: 1, vartype: 23, vartypmod: -1, varcollid: 0, varlevelsup: 0, varnosyn: 2, varattnosyn: 1, location: 32},
      3 = Var {varno: 2, varattno: 5, vartype: 1082, vartypmod: -1, varcollid: 0, varlevelsup: 0, varnosyn: 2, varattnosyn: 5, location: 46},
      4 = Var {varno: 2, varattno: 4, vartype: 1700, vartypmod: 983046, varcollid: 0, varlevelsup: 0, varnosyn: 2, varattnosyn: 4, location: 61},
      5 = Aggref {aggfnoid: 2114, aggtype: 1700, aggcollid: 0, inputcollid: 0, aggtranstype: 2281, aggtrantype: 0, agghas_collectfn: false, rank_first: false, aggstar: false, aggvariadic: false, aggkind: 110 'n', agglevelsup: 0, aggsplit: AGGSPLIT_SIMPLE, location: 77} = {
        aggargtypes = OidList with 1 elements = {1700},
        args = List with 1 elements = {
          0 = TargetEntry {resno: 1, resname: 0x0, ressortgroupref: 0, resorigtbl: 0, resorigcol: 0, resjunk: false} = {
            expr = Var {varno: 3, varattno: 5, vartype: 1700, vartypmod: 983046, varcollid: 0, varlevelsup: 0, varnosyn: 3, varattnosyn: 5, location: 81}
          }
        }
      }
    },
    as_loc_list = IntList with 6 elements = {-1, -1, -1, -1, -1, -1},
    expr_loc_list = IntList with 6 elements = {9, 19, 32, 46, 61, 77},
    expr_len_list = IntList with 6 elements = {-1, -1, -1, -1, -1, -1},
    expr_type_list = IntList with 6 elements = {398, 398, 398, 398, 398, 405}
  },
  path.pathkeys = List with 5 elements = {
    0 = PathKey {pk_opfamily: 1988, pk_strategy: 5, pk_nulls_first: true} = {
      pk_eclass = EquivalenceClass {ec_collation: 0, ec_relids: (b 2), ec_has_const: false, ec_has_volatile: false, ec_broken: false, ec_sortref: 1, ec_min_security: 4294967295, ec_max_security: 0} = {
        ec_opfamilies = OidList with 1 elements = {1988},
        ec_members = List with 1 elements = {
          0 = EquivalenceMember {em_relids: (b 2), em_is_const: false, em_is_child: false, em_datatype: 1700} = {
            em_expr = Var {varno: 2, varattno: 4, vartype: 1700, vartypmod: 983046, varcollid: 0, varlevelsup: 0, varnosyn: 2, varattnosyn: 4, location: 61}
          }
        }
      }
    },
    1 = PathKey {pk_opfamily: 434, pk_strategy: 1, pk_nulls_first: false} = {
      pk_eclass = EquivalenceClass {ec_collation: 0, ec_relids: (b 2), ec_has_const: false, ec_has_volatile: false, ec_broken: false, ec_sortref: 2, ec_min_security: 4294967295, ec_max_security: 0} = {
        ec_opfamilies = OidList with 1 elements = {434},
        ec_members = List with 1 elements = {
          0 = EquivalenceMember {em_relids: (b 2), em_is_const: false, em_is_child: false, em_datatype: 1082} = {
            em_expr = Var {varno: 2, varattno: 5, vartype: 1082, vartypmod: -1, varcollid: 0, varlevelsup: 0, varnosyn: 2, varattnosyn: 5, location: 46}
          }
        }
      }
    },
    2 = PathKey {pk_opfamily: 1994, pk_strategy: 1, pk_nulls_first: false} = {
      pk_eclass = EquivalenceClass {ec_collation: 100, ec_relids: (b 1), ec_has_const: false, ec_has_volatile: false, ec_broken: false, ec_sortref: 3, ec_min_security: 4294967295, ec_max_security: 0} = {
        ec_opfamilies = OidList with 2 elements = {1994, 2095},
        ec_members = List with 1 elements = {
          0 = EquivalenceMember {em_relids: (b 1), em_is_const: false, em_is_child: false, em_datatype: 25} = {
            em_expr = RelabelType {resulttype: 25, resulttypmod: -1, resultcollid: 100, relabelformat: COERCE_IMPLICIT_CAST, location: -1} = {
              arg = Var {varno: 1, varattno: 2, vartype: 1043, vartypmod: 29, varcollid: 100, varlevelsup: 0, varnosyn: 1, varattnosyn: 2, location: 9}
            }
          }
        }
      }
    },
    3 = PathKey {pk_opfamily: 1976, pk_strategy: 1, pk_nulls_first: false} = {
      pk_eclass = EquivalenceClass {ec_collation: 0, ec_relids: (b 1 2), ec_has_const: false, ec_has_volatile: false, ec_broken: false, ec_sortref: 0, ec_min_security: 0, ec_max_security: 0} = {
        ec_opfamilies = OidList with 1 elements = {1976},
        ec_members = List with 2 elements = {
          0 = EquivalenceMember {em_relids: (b 1), em_is_const: false, em_is_child: false, em_datatype: 23} = {
            em_expr = Var {varno: 1, varattno: 1, vartype: 23, vartypmod: -1, varcollid: 0, varlevelsup: 0, varnosyn: 1, varattnosyn: 1, location: 284}
          },
          1 = EquivalenceMember {em_relids: (b 2), em_is_const: false, em_is_child: false, em_datatype: 23} = {
            em_expr = Var {varno: 2, varattno: 2, vartype: 23, vartypmod: -1, varcollid: 0, varlevelsup: 0, varnosyn: 2, varattnosyn: 2, location: 296}
          }
        },
        ec_sources = List with 1 elements = {
          0 = RestrictInfo {is_pushed_down: true, outerjoin_delayed: false, can_join: true, pseudoconstant: false, leakproof: false, security_level: 0, clause_relids: (b 1 2), required_relids: (b 1 2), outer_relids: (b), nullable_relids: (b), left_relids: (b 1), right_relids: (b 2), eval_cost: (-1.00..0.00), norm_selec: -1.0000, outer_selec: -1.0000, outer_is_left: false, hashjoinoperator: 0, left_bucketsize: -1.0000, right_bucketsize: -1.0000, left_mcvfreq: -1.0000, right_mcvfreq: -1.0000} = {
            clause = OpExpr {opno: 96, opfuncid: 65, opresulttype: 16, opretset: false, opcollid: 0, inputcollid: 0, location: 294} = {
              args = List with 2 elements = {
                0 = Var {varno: 1, varattno: 1, vartype: 23, vartypmod: -1, varcollid: 0, varlevelsup: 0, varnosyn: 1, varattnosyn: 1, location: 284},
                1 = Var {varno: 2, varattno: 2, vartype: 23, vartypmod: -1, varcollid: 0, varlevelsup: 0, varnosyn: 2, varattnosyn: 2, location: 296}
              }
            },
            mergeopfamilies = OidList with 1 elements = {1976},
            left_em = EquivalenceMember {em_relids: (b 1), em_is_const: false, em_is_child: false, em_datatype: 23} = {
              em_expr = Var {varno: 1, varattno: 1, vartype: 23, vartypmod: -1, varcollid: 0, varlevelsup: 0, varnosyn: 1, varattnosyn: 1, location: 284}
            },
            right_em = EquivalenceMember {em_relids: (b 2), em_is_const: false, em_is_child: false, em_datatype: 23} = {
              em_expr = Var {varno: 2, varattno: 2, vartype: 23, vartypmod: -1, varcollid: 0, varlevelsup: 0, varnosyn: 2, varattnosyn: 2, location: 296}
            }
          }
        },
        ec_derives = List with 2 elements = {
          0 = RestrictInfo {is_pushed_down: true, outerjoin_delayed: false, can_join: true, pseudoconstant: false, leakproof: false, security_level: 0, clause_relids: (b 1 2), required_relids: (b 1 2), outer_relids: (b), nullable_relids: (b), left_relids: (b 1), right_relids: (b 2), eval_cost: (0.00..0.00), norm_selec: 0.0050, outer_selec: -1.0000, outer_is_left: false, hashjoinoperator: 96, left_bucketsize: 0.0213, right_bucketsize: 0.1000, left_mcvfreq: 0.0000, right_mcvfreq: 0.0000} = {
            clause = OpExpr {opno: 96, opfuncid: 65, opresulttype: 16, opretset: false, opcollid: 0, inputcollid: 0, location: -1} = {
              args = List with 2 elements = {
                0 = Var {varno: 1, varattno: 1, vartype: 23, vartypmod: -1, varcollid: 0, varlevelsup: 0, varnosyn: 1, varattnosyn: 1, location: 284},
                1 = Var {varno: 2, varattno: 2, vartype: 23, vartypmod: -1, varcollid: 0, varlevelsup: 0, varnosyn: 2, varattnosyn: 2, location: 296}
              }
            },
            mergeopfamilies = OidList with 1 elements = {1976},
            left_em = EquivalenceMember {em_relids: (b 1), em_is_const: false, em_is_child: false, em_datatype: 23} = {
              em_expr = Var {varno: 1, varattno: 1, vartype: 23, vartypmod: -1, varcollid: 0, varlevelsup: 0, varnosyn: 1, varattnosyn: 1, location: 284}
            },
            right_em = EquivalenceMember {em_relids: (b 2), em_is_const: false, em_is_child: false, em_datatype: 23} = {
              em_expr = Var {varno: 2, varattno: 2, vartype: 23, vartypmod: -1, varcollid: 0, varlevelsup: 0, varnosyn: 2, varattnosyn: 2, location: 296}
            }
          },
          1 = RestrictInfo {is_pushed_down: true, outerjoin_delayed: false, can_join: true, pseudoconstant: false, leakproof: false, security_level: 0, clause_relids: (b 1 2), required_relids: (b 1 2), outer_relids: (b), nullable_relids: (b), left_relids: (b 2), right_relids: (b 1), eval_cost: (0.00..0.00), norm_selec: 0.0050, outer_selec: -1.0000, outer_is_left: false, hashjoinoperator: 96, left_bucketsize: 0.1000, right_bucketsize: 0.0213, left_mcvfreq: 0.0000, right_mcvfreq: 0.0000} = {
            clause = OpExpr {opno: 96, opfuncid: 65, opresulttype: 16, opretset: false, opcollid: 0, inputcollid: 0, location: -1} = {
              args = List with 2 elements = {
                0 = Var {varno: 2, varattno: 2, vartype: 23, vartypmod: -1, varcollid: 0, varlevelsup: 0, varnosyn: 2, varattnosyn: 2, location: 296},
                1 = Var {varno: 1, varattno: 1, vartype: 23, vartypmod: -1, varcollid: 0, varlevelsup: 0, varnosyn: 1, varattnosyn: 1, location: 284}
              }
            },
            mergeopfamilies = OidList with 1 elements = {1976},
            left_em = EquivalenceMember {em_relids: (b 2), em_is_const: false, em_is_child: false, em_datatype: 23} = {
              em_expr = Var {varno: 2, varattno: 2, vartype: 23, vartypmod: -1, varcollid: 0, varlevelsup: 0, varnosyn: 2, varattnosyn: 2, location: 296}
            },
            right_em = EquivalenceMember {em_relids: (b 1), em_is_const: false, em_is_child: false, em_datatype: 23} = {
              em_expr = Var {varno: 1, varattno: 1, vartype: 23, vartypmod: -1, varcollid: 0, varlevelsup: 0, varnosyn: 1, varattnosyn: 1, location: 284}
            }
          }
        }
      }
    },
    4 = PathKey {pk_opfamily: 1976, pk_strategy: 1, pk_nulls_first: false} = {
      pk_eclass = EquivalenceClass {ec_collation: 0, ec_relids: (b 2 3 4), ec_has_const: false, ec_has_volatile: false, ec_broken: false, ec_sortref: 0, ec_min_security: 0, ec_max_security: 0} = {
        ec_opfamilies = OidList with 1 elements = {1976},
        ec_members = List with 3 elements = {
          0 = EquivalenceMember {em_relids: (b 2), em_is_const: false, em_is_child: false, em_datatype: 23} = {
            em_expr = Var {varno: 2, varattno: 1, vartype: 23, vartypmod: -1, varcollid: 0, varlevelsup: 0, varnosyn: 2, varattnosyn: 1, location: 312}
          },
          1 = EquivalenceMember {em_relids: (b 3), em_is_const: false, em_is_child: false, em_datatype: 23} = {
            em_expr = Var {varno: 3, varattno: 1, vartype: 23, vartypmod: -1, varcollid: 0, varlevelsup: 0, varnosyn: 3, varattnosyn: 1, location: 325}
          },
          2 = EquivalenceMember {em_relids: (b 4), em_is_const: false, em_is_child: false, em_datatype: 23} = {
            em_expr = Var {varno: 4, varattno: 1, vartype: 23, vartypmod: -1, varcollid: 0, varlevelsup: 0, varnosyn: 4, varattnosyn: 1, location: -1}
          }
        },
        ec_sources = List with 2 elements = {
          0 = RestrictInfo {is_pushed_down: true, outerjoin_delayed: false, can_join: true, pseudoconstant: false, leakproof: false, security_level: 0, clause_relids: (b 2 3), required_relids: (b 2 3), outer_relids: (b), nullable_relids: (b), left_relids: (b 2), right_relids: (b 3), eval_cost: (-1.00..0.00), norm_selec: -1.0000, outer_selec: -1.0000, outer_is_left: false, hashjoinoperator: 0, left_bucketsize: -1.0000, right_bucketsize: -1.0000, left_mcvfreq: -1.0000, right_mcvfreq: -1.0000} = {
            clause = OpExpr {opno: 96, opfuncid: 65, opresulttype: 16, opretset: false, opcollid: 0, inputcollid: 0, location: 323} = {
              args = List with 2 elements = {
                0 = Var {varno: 2, varattno: 1, vartype: 23, vartypmod: -1, varcollid: 0, varlevelsup: 0, varnosyn: 2, varattnosyn: 1, location: 312},
                1 = Var {varno: 3, varattno: 1, vartype: 23, vartypmod: -1, varcollid: 0, varlevelsup: 0, varnosyn: 3, varattnosyn: 1, location: 325}
              }
            },
            mergeopfamilies = OidList with 1 elements = {1976},
            left_em = EquivalenceMember {em_relids: (b 2), em_is_const: false, em_is_child: false, em_datatype: 23} = {
              em_expr = Var {varno: 2, varattno: 1, vartype: 23, vartypmod: -1, varcollid: 0, varlevelsup: 0, varnosyn: 2, varattnosyn: 1, location: 312}
            },
            right_em = EquivalenceMember {em_relids: (b 3), em_is_const: false, em_is_child: false, em_datatype: 23} = {
              em_expr = Var {varno: 3, varattno: 1, vartype: 23, vartypmod: -1, varcollid: 0, varlevelsup: 0, varnosyn: 3, varattnosyn: 1, location: 325}
            }
          },
          1 = RestrictInfo {is_pushed_down: true, outerjoin_delayed: false, can_join: true, pseudoconstant: false, leakproof: false, security_level: 0, clause_relids: (b 2 4), required_relids: (b 2 4), outer_relids: (b), nullable_relids: (b), left_relids: (b 2), right_relids: (b 4), eval_cost: (-1.00..0.00), norm_selec: -1.0000, outer_selec: -1.0000, outer_is_left: false, hashjoinoperator: 0, left_bucketsize: -1.0000, right_bucketsize: -1.0000, left_mcvfreq: -1.0000, right_mcvfreq: -1.0000} = {
            clause = OpExpr {opno: 96, opfuncid: 65, opresulttype: 16, opretset: false, opcollid: 0, inputcollid: 0, location: 150} = {
              args = List with 2 elements = {
                0 = Var {varno: 2, varattno: 1, vartype: 23, vartypmod: -1, varcollid: 0, varlevelsup: 0, varnosyn: 2, varattnosyn: 1, location: 139},
                1 = Var {varno: 4, varattno: 1, vartype: 23, vartypmod: -1, varcollid: 0, varlevelsup: 0, varnosyn: 4, varattnosyn: 1, location: -1}
              }
            },
            mergeopfamilies = OidList with 1 elements = {1976},
            left_em = EquivalenceMember {em_relids: (b 2), em_is_const: false, em_is_child: false, em_datatype: 23} = {
              em_expr = Var {varno: 2, varattno: 1, vartype: 23, vartypmod: -1, varcollid: 0, varlevelsup: 0, varnosyn: 2, varattnosyn: 1, location: 312}
            },
            right_em = EquivalenceMember {em_relids: (b 4), em_is_const: false, em_is_child: false, em_datatype: 23} = {
              em_expr = Var {varno: 4, varattno: 1, vartype: 23, vartypmod: -1, varcollid: 0, varlevelsup: 0, varnosyn: 4, varattnosyn: 1, location: -1}
            }
          }
        },
        ec_derives = List with 4 elements = {
          0 = RestrictInfo {is_pushed_down: true, outerjoin_delayed: false, can_join: true, pseudoconstant: false, leakproof: false, security_level: 0, clause_relids: (b 2 4), required_relids: (b 2 4), outer_relids: (b), nullable_relids: (b), left_relids: (b 2), right_relids: (b 4), eval_cost: (0.00..0.00), norm_selec: 0.0050, outer_selec: 0.0050, outer_is_left: false, hashjoinoperator: 96, left_bucketsize: 0.1000, right_bucketsize: 0.0455, left_mcvfreq: 0.0000, right_mcvfreq: 0.0000} = {
            clause = OpExpr {opno: 96, opfuncid: 65, opresulttype: 16, opretset: false, opcollid: 0, inputcollid: 0, location: -1} = {
              args = List with 2 elements = {
                0 = Var {varno: 2, varattno: 1, vartype: 23, vartypmod: -1, varcollid: 0, varlevelsup: 0, varnosyn: 2, varattnosyn: 1, location: 312},
                1 = Var {varno: 4, varattno: 1, vartype: 23, vartypmod: -1, varcollid: 0, varlevelsup: 0, varnosyn: 4, varattnosyn: 1, location: -1}
              }
            },
            mergeopfamilies = OidList with 1 elements = {1976},
            left_em = EquivalenceMember {em_relids: (b 2), em_is_const: false, em_is_child: false, em_datatype: 23} = {
              em_expr = Var {varno: 2, varattno: 1, vartype: 23, vartypmod: -1, varcollid: 0, varlevelsup: 0, varnosyn: 2, varattnosyn: 1, location: 312}
            },
            right_em = EquivalenceMember {em_relids: (b 4), em_is_const: false, em_is_child: false, em_datatype: 23} = {
              em_expr = Var {varno: 4, varattno: 1, vartype: 23, vartypmod: -1, varcollid: 0, varlevelsup: 0, varnosyn: 4, varattnosyn: 1, location: -1}
            }
          },
          1 = RestrictInfo {is_pushed_down: true, outerjoin_delayed: false, can_join: true, pseudoconstant: false, leakproof: false, security_level: 0, clause_relids: (b 2 3), required_relids: (b 2 3), outer_relids: (b), nullable_relids: (b), left_relids: (b 2), right_relids: (b 3), eval_cost: (0.00..0.00), norm_selec: 0.0050, outer_selec: -1.0000, outer_is_left: false, hashjoinoperator: 96, left_bucketsize: 0.1000, right_bucketsize: 0.1000, left_mcvfreq: 0.0000, right_mcvfreq: 0.0000} = {
            clause = OpExpr {opno: 96, opfuncid: 65, opresulttype: 16, opretset: false, opcollid: 0, inputcollid: 0, location: -1} = {
              args = List with 2 elements = {
                0 = Var {varno: 2, varattno: 1, vartype: 23, vartypmod: -1, varcollid: 0, varlevelsup: 0, varnosyn: 2, varattnosyn: 1, location: 312},
                1 = Var {varno: 3, varattno: 1, vartype: 23, vartypmod: -1, varcollid: 0, varlevelsup: 0, varnosyn: 3, varattnosyn: 1, location: 325}
              }
            },
            mergeopfamilies = OidList with 1 elements = {1976},
            left_em = EquivalenceMember {em_relids: (b 2), em_is_const: false, em_is_child: false, em_datatype: 23} = {
              em_expr = Var {varno: 2, varattno: 1, vartype: 23, vartypmod: -1, varcollid: 0, varlevelsup: 0, varnosyn: 2, varattnosyn: 1, location: 312}
            },
            right_em = EquivalenceMember {em_relids: (b 3), em_is_const: false, em_is_child: false, em_datatype: 23} = {
              em_expr = Var {varno: 3, varattno: 1, vartype: 23, vartypmod: -1, varcollid: 0, varlevelsup: 0, varnosyn: 3, varattnosyn: 1, location: 325}
            }
          },
          2 = RestrictInfo {is_pushed_down: true, outerjoin_delayed: false, can_join: true, pseudoconstant: false, leakproof: false, security_level: 0, clause_relids: (b 3 4), required_relids: (b 3 4), outer_relids: (b), nullable_relids: (b), left_relids: (b 3), right_relids: (b 4), eval_cost: (0.00..0.00), norm_selec: 0.0050, outer_selec: 0.0050, outer_is_left: false, hashjoinoperator: 96, left_bucketsize: 0.1000, right_bucketsize: 0.0455, left_mcvfreq: 0.0000, right_mcvfreq: 0.0000} = {
            clause = OpExpr {opno: 96, opfuncid: 65, opresulttype: 16, opretset: false, opcollid: 0, inputcollid: 0, location: -1} = {
              args = List with 2 elements = {
                0 = Var {varno: 3, varattno: 1, vartype: 23, vartypmod: -1, varcollid: 0, varlevelsup: 0, varnosyn: 3, varattnosyn: 1, location: 325},
                1 = Var {varno: 4, varattno: 1, vartype: 23, vartypmod: -1, varcollid: 0, varlevelsup: 0, varnosyn: 4, varattnosyn: 1, location: -1}
              }
            },
            mergeopfamilies = OidList with 1 elements = {1976},
            left_em = EquivalenceMember {em_relids: (b 3), em_is_const: false, em_is_child: false, em_datatype: 23} = {
              em_expr = Var {varno: 3, varattno: 1, vartype: 23, vartypmod: -1, varcollid: 0, varlevelsup: 0, varnosyn: 3, varattnosyn: 1, location: 325}
            },
            right_em = EquivalenceMember {em_relids: (b 4), em_is_const: false, em_is_child: false, em_datatype: 23} = {
              em_expr = Var {varno: 4, varattno: 1, vartype: 23, vartypmod: -1, varcollid: 0, varlevelsup: 0, varnosyn: 4, varattnosyn: 1, location: -1}
            }
          },
          3 = RestrictInfo {is_pushed_down: true, outerjoin_delayed: false, can_join: true, pseudoconstant: false, leakproof: false, security_level: 0, clause_relids: (b 2 3), required_relids: (b 2 3), outer_relids: (b), nullable_relids: (b), left_relids: (b 3), right_relids: (b 2), eval_cost: (0.00..0.00), norm_selec: 0.0050, outer_selec: -1.0000, outer_is_left: false, hashjoinoperator: 96, left_bucketsize: 0.1000, right_bucketsize: 0.1000, left_mcvfreq: 0.0000, right_mcvfreq: 0.0000} = {
            clause = OpExpr {opno: 96, opfuncid: 65, opresulttype: 16, opretset: false, opcollid: 0, inputcollid: 0, location: -1} = {
              args = List with 2 elements = {
                0 = Var {varno: 3, varattno: 1, vartype: 23, vartypmod: -1, varcollid: 0, varlevelsup: 0, varnosyn: 3, varattnosyn: 1, location: 325},
                1 = Var {varno: 2, varattno: 1, vartype: 23, vartypmod: -1, varcollid: 0, varlevelsup: 0, varnosyn: 2, varattnosyn: 1, location: 312}
              }
            },
            mergeopfamilies = OidList with 1 elements = {1976},
            left_em = EquivalenceMember {em_relids: (b 3), em_is_const: false, em_is_child: false, em_datatype: 23} = {
              em_expr = Var {varno: 3, varattno: 1, vartype: 23, vartypmod: -1, varcollid: 0, varlevelsup: 0, varnosyn: 3, varattnosyn: 1, location: 325}
            },
            right_em = EquivalenceMember {em_relids: (b 2), em_is_const: false, em_is_child: false, em_datatype: 23} = {
              em_expr = Var {varno: 2, varattno: 1, vartype: 23, vartypmod: -1, varcollid: 0, varlevelsup: 0, varnosyn: 2, varattnosyn: 1, location: 312}
            }
          }
        }
      }
    }
  },
  subpath = AggPath T_Agg (cost=724.87..724.90 rows=1 parallel_aware=False parallel_safe=False parallel_workers=0) {aggstrategy: AGG_SORTED, aggsplit: AGGSPLIT_SIMPLE, numGroups: 1, transitionSpace: 128} = {
    path.parent = (b),
    path.pathtarget = PathTarget {cost: (0.00..0.00), width: 130} = {
      sortgrouprefs = [3, 4, 5, 2, 1, 0],
      exprs = List with 6 elements = {
        0 = Var {varno: 1, varattno: 2, vartype: 1043, vartypmod: 29, varcollid: 100, varlevelsup: 0, varnosyn: 1, varattnosyn: 2, location: 9},
        1 = Var {varno: 1, varattno: 1, vartype: 23, vartypmod: -1, varcollid: 0, varlevelsup: 0, varnosyn: 1, varattnosyn: 1, location: 19},
        2 = Var {varno: 2, varattno: 1, vartype: 23, vartypmod: -1, varcollid: 0, varlevelsup: 0, varnosyn: 2, varattnosyn: 1, location: 32},
        3 = Var {varno: 2, varattno: 5, vartype: 1082, vartypmod: -1, varcollid: 0, varlevelsup: 0, varnosyn: 2, varattnosyn: 5, location: 46},
        4 = Var {varno: 2, varattno: 4, vartype: 1700, vartypmod: 983046, varcollid: 0, varlevelsup: 0, varnosyn: 2, varattnosyn: 4, location: 61},
        5 = Aggref {aggfnoid: 2114, aggtype: 1700, aggcollid: 0, inputcollid: 0, aggtranstype: 2281, aggtrantype: 0, agghas_collectfn: false, rank_first: false, aggstar: false, aggvariadic: false, aggkind: 110 'n', agglevelsup: 0, aggsplit: AGGSPLIT_SIMPLE, location: 77} = {
          aggargtypes = OidList with 1 elements = {1700},
          args = List with 1 elements = {
            0 = TargetEntry {resno: 1, resname: 0x0, ressortgroupref: 0, resorigtbl: 0, resorigcol: 0, resjunk: false} = {
              expr = Var {varno: 3, varattno: 5, vartype: 1700, vartypmod: 983046, varcollid: 0, varlevelsup: 0, varnosyn: 3, varattnosyn: 5, location: 81}
            }
          }
        }
      },
      as_loc_list = IntList with 6 elements = {-1, -1, -1, -1, -1, -1},
      expr_loc_list = IntList with 6 elements = {9, 19, 32, 46, 61, 77},
      expr_len_list = IntList with 6 elements = {-1, -1, -1, -1, -1, -1},
      expr_type_list = IntList with 6 elements = {398, 398, 398, 398, 398, 405}
    },
    path.pathkeys = List with 5 elements = {
      0 = PathKey {pk_opfamily: 1988, pk_strategy: 5, pk_nulls_first: true} = {
        pk_eclass = EquivalenceClass {ec_collation: 0, ec_relids: (b 2), ec_has_const: false, ec_has_volatile: false, ec_broken: false, ec_sortref: 1, ec_min_security: 4294967295, ec_max_security: 0} = {
          ec_opfamilies = OidList with 1 elements = {1988},
          ec_members = List with 1 elements = {
            0 = EquivalenceMember {em_relids: (b 2), em_is_const: false, em_is_child: false, em_datatype: 1700} = {
              em_expr = Var {varno: 2, varattno: 4, vartype: 1700, vartypmod: 983046, varcollid: 0, varlevelsup: 0, varnosyn: 2, varattnosyn: 4, location: 61}
            }
          }
        }
      },
      1 = PathKey {pk_opfamily: 434, pk_strategy: 1, pk_nulls_first: false} = {
        pk_eclass = EquivalenceClass {ec_collation: 0, ec_relids: (b 2), ec_has_const: false, ec_has_volatile: false, ec_broken: false, ec_sortref: 2, ec_min_security: 4294967295, ec_max_security: 0} = {
          ec_opfamilies = OidList with 1 elements = {434},
          ec_members = List with 1 elements = {
            0 = EquivalenceMember {em_relids: (b 2), em_is_const: false, em_is_child: false, em_datatype: 1082} = {
              em_expr = Var {varno: 2, varattno: 5, vartype: 1082, vartypmod: -1, varcollid: 0, varlevelsup: 0, varnosyn: 2, varattnosyn: 5, location: 46}
            }
          }
        }
      },
      2 = PathKey {pk_opfamily: 1994, pk_strategy: 1, pk_nulls_first: false} = {
        pk_eclass = EquivalenceClass {ec_collation: 100, ec_relids: (b 1), ec_has_const: false, ec_has_volatile: false, ec_broken: false, ec_sortref: 3, ec_min_security: 4294967295, ec_max_security: 0} = {
          ec_opfamilies = OidList with 2 elements = {1994, 2095},
          ec_members = List with 1 elements = {
            0 = EquivalenceMember {em_relids: (b 1), em_is_const: false, em_is_child: false, em_datatype: 25} = {
              em_expr = RelabelType {resulttype: 25, resulttypmod: -1, resultcollid: 100, relabelformat: COERCE_IMPLICIT_CAST, location: -1} = {
                arg = Var {varno: 1, varattno: 2, vartype: 1043, vartypmod: 29, varcollid: 100, varlevelsup: 0, varnosyn: 1, varattnosyn: 2, location: 9}
              }
            }
          }
        }
      },
      3 = PathKey {pk_opfamily: 1976, pk_strategy: 1, pk_nulls_first: false} = {
        pk_eclass = EquivalenceClass {ec_collation: 0, ec_relids: (b 1 2), ec_has_const: false, ec_has_volatile: false, ec_broken: false, ec_sortref: 0, ec_min_security: 0, ec_max_security: 0} = {
          ec_opfamilies = OidList with 1 elements = {1976},
          ec_members = List with 2 elements = {
            0 = EquivalenceMember {em_relids: (b 1), em_is_const: false, em_is_child: false, em_datatype: 23} = {
              em_expr = Var {varno: 1, varattno: 1, vartype: 23, vartypmod: -1, varcollid: 0, varlevelsup: 0, varnosyn: 1, varattnosyn: 1, location: 284}
            },
            1 = EquivalenceMember {em_relids: (b 2), em_is_const: false, em_is_child: false, em_datatype: 23} = {
              em_expr = Var {varno: 2, varattno: 2, vartype: 23, vartypmod: -1, varcollid: 0, varlevelsup: 0, varnosyn: 2, varattnosyn: 2, location: 296}
            }
          },
          ec_sources = List with 1 elements = {
            0 = RestrictInfo {is_pushed_down: true, outerjoin_delayed: false, can_join: true, pseudoconstant: false, leakproof: false, security_level: 0, clause_relids: (b 1 2), required_relids: (b 1 2), outer_relids: (b), nullable_relids: (b), left_relids: (b 1), right_relids: (b 2), eval_cost: (-1.00..0.00), norm_selec: -1.0000, outer_selec: -1.0000, outer_is_left: false, hashjoinoperator: 0, left_bucketsize: -1.0000, right_bucketsize: -1.0000, left_mcvfreq: -1.0000, right_mcvfreq: -1.0000} = {
              clause = OpExpr {opno: 96, opfuncid: 65, opresulttype: 16, opretset: false, opcollid: 0, inputcollid: 0, location: 294} = {
                args = List with 2 elements = {
                  0 = Var {varno: 1, varattno: 1, vartype: 23, vartypmod: -1, varcollid: 0, varlevelsup: 0, varnosyn: 1, varattnosyn: 1, location: 284},
                  1 = Var {varno: 2, varattno: 2, vartype: 23, vartypmod: -1, varcollid: 0, varlevelsup: 0, varnosyn: 2, varattnosyn: 2, location: 296}
                }
              },
              mergeopfamilies = OidList with 1 elements = {1976},
              left_em = EquivalenceMember {em_relids: (b 1), em_is_const: false, em_is_child: false, em_datatype: 23} = {
                em_expr = Var {varno: 1, varattno: 1, vartype: 23, vartypmod: -1, varcollid: 0, varlevelsup: 0, varnosyn: 1, varattnosyn: 1, location: 284}
              },
              right_em = EquivalenceMember {em_relids: (b 2), em_is_const: false, em_is_child: false, em_datatype: 23} = {
                em_expr = Var {varno: 2, varattno: 2, vartype: 23, vartypmod: -1, varcollid: 0, varlevelsup: 0, varnosyn: 2, varattnosyn: 2, location: 296}
              }
            }
          },
          ec_derives = List with 2 elements = {
            0 = RestrictInfo {is_pushed_down: true, outerjoin_delayed: false, can_join: true, pseudoconstant: false, leakproof: false, security_level: 0, clause_relids: (b 1 2), required_relids: (b 1 2), outer_relids: (b), nullable_relids: (b), left_relids: (b 1), right_relids: (b 2), eval_cost: (0.00..0.00), norm_selec: 0.0050, outer_selec: -1.0000, outer_is_left: false, hashjoinoperator: 96, left_bucketsize: 0.0213, right_bucketsize: 0.1000, left_mcvfreq: 0.0000, right_mcvfreq: 0.0000} = {
              clause = OpExpr {opno: 96, opfuncid: 65, opresulttype: 16, opretset: false, opcollid: 0, inputcollid: 0, location: -1} = {
                args = List with 2 elements = {
                  0 = Var {varno: 1, varattno: 1, vartype: 23, vartypmod: -1, varcollid: 0, varlevelsup: 0, varnosyn: 1, varattnosyn: 1, location: 284},
                  1 = Var {varno: 2, varattno: 2, vartype: 23, vartypmod: -1, varcollid: 0, varlevelsup: 0, varnosyn: 2, varattnosyn: 2, location: 296}
                }
              },
              mergeopfamilies = OidList with 1 elements = {1976},
              left_em = EquivalenceMember {em_relids: (b 1), em_is_const: false, em_is_child: false, em_datatype: 23} = {
                em_expr = Var {varno: 1, varattno: 1, vartype: 23, vartypmod: -1, varcollid: 0, varlevelsup: 0, varnosyn: 1, varattnosyn: 1, location: 284}
              },
              right_em = EquivalenceMember {em_relids: (b 2), em_is_const: false, em_is_child: false, em_datatype: 23} = {
                em_expr = Var {varno: 2, varattno: 2, vartype: 23, vartypmod: -1, varcollid: 0, varlevelsup: 0, varnosyn: 2, varattnosyn: 2, location: 296}
              }
            },
            1 = RestrictInfo {is_pushed_down: true, outerjoin_delayed: false, can_join: true, pseudoconstant: false, leakproof: false, security_level: 0, clause_relids: (b 1 2), required_relids: (b 1 2), outer_relids: (b), nullable_relids: (b), left_relids: (b 2), right_relids: (b 1), eval_cost: (0.00..0.00), norm_selec: 0.0050, outer_selec: -1.0000, outer_is_left: false, hashjoinoperator: 96, left_bucketsize: 0.1000, right_bucketsize: 0.0213, left_mcvfreq: 0.0000, right_mcvfreq: 0.0000} = {
              clause = OpExpr {opno: 96, opfuncid: 65, opresulttype: 16, opretset: false, opcollid: 0, inputcollid: 0, location: -1} = {
                args = List with 2 elements = {
                  0 = Var {varno: 2, varattno: 2, vartype: 23, vartypmod: -1, varcollid: 0, varlevelsup: 0, varnosyn: 2, varattnosyn: 2, location: 296},
                  1 = Var {varno: 1, varattno: 1, vartype: 23, vartypmod: -1, varcollid: 0, varlevelsup: 0, varnosyn: 1, varattnosyn: 1, location: 284}
                }
              },
              mergeopfamilies = OidList with 1 elements = {1976},
              left_em = EquivalenceMember {em_relids: (b 2), em_is_const: false, em_is_child: false, em_datatype: 23} = {
                em_expr = Var {varno: 2, varattno: 2, vartype: 23, vartypmod: -1, varcollid: 0, varlevelsup: 0, varnosyn: 2, varattnosyn: 2, location: 296}
              },
              right_em = EquivalenceMember {em_relids: (b 1), em_is_const: false, em_is_child: false, em_datatype: 23} = {
                em_expr = Var {varno: 1, varattno: 1, vartype: 23, vartypmod: -1, varcollid: 0, varlevelsup: 0, varnosyn: 1, varattnosyn: 1, location: 284}
              }
            }
          }
        }
      },
      4 = PathKey {pk_opfamily: 1976, pk_strategy: 1, pk_nulls_first: false} = {
        pk_eclass = EquivalenceClass {ec_collation: 0, ec_relids: (b 2 3 4), ec_has_const: false, ec_has_volatile: false, ec_broken: false, ec_sortref: 0, ec_min_security: 0, ec_max_security: 0} = {
          ec_opfamilies = OidList with 1 elements = {1976},
          ec_members = List with 3 elements = {
            0 = EquivalenceMember {em_relids: (b 2), em_is_const: false, em_is_child: false, em_datatype: 23} = {
              em_expr = Var {varno: 2, varattno: 1, vartype: 23, vartypmod: -1, varcollid: 0, varlevelsup: 0, varnosyn: 2, varattnosyn: 1, location: 312}
            },
            1 = EquivalenceMember {em_relids: (b 3), em_is_const: false, em_is_child: false, em_datatype: 23} = {
              em_expr = Var {varno: 3, varattno: 1, vartype: 23, vartypmod: -1, varcollid: 0, varlevelsup: 0, varnosyn: 3, varattnosyn: 1, location: 325}
            },
            2 = EquivalenceMember {em_relids: (b 4), em_is_const: false, em_is_child: false, em_datatype: 23} = {
              em_expr = Var {varno: 4, varattno: 1, vartype: 23, vartypmod: -1, varcollid: 0, varlevelsup: 0, varnosyn: 4, varattnosyn: 1, location: -1}
            }
          },
          ec_sources = List with 2 elements = {
            0 = RestrictInfo {is_pushed_down: true, outerjoin_delayed: false, can_join: true, pseudoconstant: false, leakproof: false, security_level: 0, clause_relids: (b 2 3), required_relids: (b 2 3), outer_relids: (b), nullable_relids: (b), left_relids: (b 2), right_relids: (b 3), eval_cost: (-1.00..0.00), norm_selec: -1.0000, outer_selec: -1.0000, outer_is_left: false, hashjoinoperator: 0, left_bucketsize: -1.0000, right_bucketsize: -1.0000, left_mcvfreq: -1.0000, right_mcvfreq: -1.0000} = {
              clause = OpExpr {opno: 96, opfuncid: 65, opresulttype: 16, opretset: false, opcollid: 0, inputcollid: 0, location: 323} = {
                args = List with 2 elements = {
                  0 = Var {varno: 2, varattno: 1, vartype: 23, vartypmod: -1, varcollid: 0, varlevelsup: 0, varnosyn: 2, varattnosyn: 1, location: 312},
                  1 = Var {varno: 3, varattno: 1, vartype: 23, vartypmod: -1, varcollid: 0, varlevelsup: 0, varnosyn: 3, varattnosyn: 1, location: 325}
                }
              },
              mergeopfamilies = OidList with 1 elements = {1976},
              left_em = EquivalenceMember {em_relids: (b 2), em_is_const: false, em_is_child: false, em_datatype: 23} = {
                em_expr = Var {varno: 2, varattno: 1, vartype: 23, vartypmod: -1, varcollid: 0, varlevelsup: 0, varnosyn: 2, varattnosyn: 1, location: 312}
              },
              right_em = EquivalenceMember {em_relids: (b 3), em_is_const: false, em_is_child: false, em_datatype: 23} = {
                em_expr = Var {varno: 3, varattno: 1, vartype: 23, vartypmod: -1, varcollid: 0, varlevelsup: 0, varnosyn: 3, varattnosyn: 1, location: 325}
              }
            },
            1 = RestrictInfo {is_pushed_down: true, outerjoin_delayed: false, can_join: true, pseudoconstant: false, leakproof: false, security_level: 0, clause_relids: (b 2 4), required_relids: (b 2 4), outer_relids: (b), nullable_relids: (b), left_relids: (b 2), right_relids: (b 4), eval_cost: (-1.00..0.00), norm_selec: -1.0000, outer_selec: -1.0000, outer_is_left: false, hashjoinoperator: 0, left_bucketsize: -1.0000, right_bucketsize: -1.0000, left_mcvfreq: -1.0000, right_mcvfreq: -1.0000} = {
              clause = OpExpr {opno: 96, opfuncid: 65, opresulttype: 16, opretset: false, opcollid: 0, inputcollid: 0, location: 150} = {
                args = List with 2 elements = {
                  0 = Var {varno: 2, varattno: 1, vartype: 23, vartypmod: -1, varcollid: 0, varlevelsup: 0, varnosyn: 2, varattnosyn: 1, location: 139},
                  1 = Var {varno: 4, varattno: 1, vartype: 23, vartypmod: -1, varcollid: 0, varlevelsup: 0, varnosyn: 4, varattnosyn: 1, location: -1}
                }
              },
              mergeopfamilies = OidList with 1 elements = {1976},
              left_em = EquivalenceMember {em_relids: (b 2), em_is_const: false, em_is_child: false, em_datatype: 23} = {
                em_expr = Var {varno: 2, varattno: 1, vartype: 23, vartypmod: -1, varcollid: 0, varlevelsup: 0, varnosyn: 2, varattnosyn: 1, location: 312}
              },
              right_em = EquivalenceMember {em_relids: (b 4), em_is_const: false, em_is_child: false, em_datatype: 23} = {
                em_expr = Var {varno: 4, varattno: 1, vartype: 23, vartypmod: -1, varcollid: 0, varlevelsup: 0, varnosyn: 4, varattnosyn: 1, location: -1}
              }
            }
          },
          ec_derives = List with 4 elements = {
            0 = RestrictInfo {is_pushed_down: true, outerjoin_delayed: false, can_join: true, pseudoconstant: false, leakproof: false, security_level: 0, clause_relids: (b 2 4), required_relids: (b 2 4), outer_relids: (b), nullable_relids: (b), left_relids: (b 2), right_relids: (b 4), eval_cost: (0.00..0.00), norm_selec: 0.0050, outer_selec: 0.0050, outer_is_left: false, hashjoinoperator: 96, left_bucketsize: 0.1000, right_bucketsize: 0.0455, left_mcvfreq: 0.0000, right_mcvfreq: 0.0000} = {
              clause = OpExpr {opno: 96, opfuncid: 65, opresulttype: 16, opretset: false, opcollid: 0, inputcollid: 0, location: -1} = {
                args = List with 2 elements = {
                  0 = Var {varno: 2, varattno: 1, vartype: 23, vartypmod: -1, varcollid: 0, varlevelsup: 0, varnosyn: 2, varattnosyn: 1, location: 312},
                  1 = Var {varno: 4, varattno: 1, vartype: 23, vartypmod: -1, varcollid: 0, varlevelsup: 0, varnosyn: 4, varattnosyn: 1, location: -1}
                }
              },
              mergeopfamilies = OidList with 1 elements = {1976},
              left_em = EquivalenceMember {em_relids: (b 2), em_is_const: false, em_is_child: false, em_datatype: 23} = {
                em_expr = Var {varno: 2, varattno: 1, vartype: 23, vartypmod: -1, varcollid: 0, varlevelsup: 0, varnosyn: 2, varattnosyn: 1, location: 312}
              },
              right_em = EquivalenceMember {em_relids: (b 4), em_is_const: false, em_is_child: false, em_datatype: 23} = {
                em_expr = Var {varno: 4, varattno: 1, vartype: 23, vartypmod: -1, varcollid: 0, varlevelsup: 0, varnosyn: 4, varattnosyn: 1, location: -1}
              }
            },
            1 = RestrictInfo {is_pushed_down: true, outerjoin_delayed: false, can_join: true, pseudoconstant: false, leakproof: false, security_level: 0, clause_relids: (b 2 3), required_relids: (b 2 3), outer_relids: (b), nullable_relids: (b), left_relids: (b 2), right_relids: (b 3), eval_cost: (0.00..0.00), norm_selec: 0.0050, outer_selec: -1.0000, outer_is_left: false, hashjoinoperator: 96, left_bucketsize: 0.1000, right_bucketsize: 0.1000, left_mcvfreq: 0.0000, right_mcvfreq: 0.0000} = {
              clause = OpExpr {opno: 96, opfuncid: 65, opresulttype: 16, opretset: false, opcollid: 0, inputcollid: 0, location: -1} = {
                args = List with 2 elements = {
                  0 = Var {varno: 2, varattno: 1, vartype: 23, vartypmod: -1, varcollid: 0, varlevelsup: 0, varnosyn: 2, varattnosyn: 1, location: 312},
                  1 = Var {varno: 3, varattno: 1, vartype: 23, vartypmod: -1, varcollid: 0, varlevelsup: 0, varnosyn: 3, varattnosyn: 1, location: 325}
                }
              },
              mergeopfamilies = OidList with 1 elements = {1976},
              left_em = EquivalenceMember {em_relids: (b 2), em_is_const: false, em_is_child: false, em_datatype: 23} = {
                em_expr = Var {varno: 2, varattno: 1, vartype: 23, vartypmod: -1, varcollid: 0, varlevelsup: 0, varnosyn: 2, varattnosyn: 1, location: 312}
              },
              right_em = EquivalenceMember {em_relids: (b 3), em_is_const: false, em_is_child: false, em_datatype: 23} = {
                em_expr = Var {varno: 3, varattno: 1, vartype: 23, vartypmod: -1, varcollid: 0, varlevelsup: 0, varnosyn: 3, varattnosyn: 1, location: 325}
              }
            },
            2 = RestrictInfo {is_pushed_down: true, outerjoin_delayed: false, can_join: true, pseudoconstant: false, leakproof: false, security_level: 0, clause_relids: (b 3 4), required_relids: (b 3 4), outer_relids: (b), nullable_relids: (b), left_relids: (b 3), right_relids: (b 4), eval_cost: (0.00..0.00), norm_selec: 0.0050, outer_selec: 0.0050, outer_is_left: false, hashjoinoperator: 96, left_bucketsize: 0.1000, right_bucketsize: 0.0455, left_mcvfreq: 0.0000, right_mcvfreq: 0.0000} = {
              clause = OpExpr {opno: 96, opfuncid: 65, opresulttype: 16, opretset: false, opcollid: 0, inputcollid: 0, location: -1} = {
                args = List with 2 elements = {
                  0 = Var {varno: 3, varattno: 1, vartype: 23, vartypmod: -1, varcollid: 0, varlevelsup: 0, varnosyn: 3, varattnosyn: 1, location: 325},
                  1 = Var {varno: 4, varattno: 1, vartype: 23, vartypmod: -1, varcollid: 0, varlevelsup: 0, varnosyn: 4, varattnosyn: 1, location: -1}
                }
              },
              mergeopfamilies = OidList with 1 elements = {1976},
              left_em = EquivalenceMember {em_relids: (b 3), em_is_const: false, em_is_child: false, em_datatype: 23} = {
                em_expr = Var {varno: 3, varattno: 1, vartype: 23, vartypmod: -1, varcollid: 0, varlevelsup: 0, varnosyn: 3, varattnosyn: 1, location: 325}
              },
              right_em = EquivalenceMember {em_relids: (b 4), em_is_const: false, em_is_child: false, em_datatype: 23} = {
                em_expr = Var {varno: 4, varattno: 1, vartype: 23, vartypmod: -1, varcollid: 0, varlevelsup: 0, varnosyn: 4, varattnosyn: 1, location: -1}
              }
            },
            3 = RestrictInfo {is_pushed_down: true, outerjoin_delayed: false, can_join: true, pseudoconstant: false, leakproof: false, security_level: 0, clause_relids: (b 2 3), required_relids: (b 2 3), outer_relids: (b), nullable_relids: (b), left_relids: (b 3), right_relids: (b 2), eval_cost: (0.00..0.00), norm_selec: 0.0050, outer_selec: -1.0000, outer_is_left: false, hashjoinoperator: 96, left_bucketsize: 0.1000, right_bucketsize: 0.1000, left_mcvfreq: 0.0000, right_mcvfreq: 0.0000} = {
              clause = OpExpr {opno: 96, opfuncid: 65, opresulttype: 16, opretset: false, opcollid: 0, inputcollid: 0, location: -1} = {
                args = List with 2 elements = {
                  0 = Var {varno: 3, varattno: 1, vartype: 23, vartypmod: -1, varcollid: 0, varlevelsup: 0, varnosyn: 3, varattnosyn: 1, location: 325},
                  1 = Var {varno: 2, varattno: 1, vartype: 23, vartypmod: -1, varcollid: 0, varlevelsup: 0, varnosyn: 2, varattnosyn: 1, location: 312}
                }
              },
              mergeopfamilies = OidList with 1 elements = {1976},
              left_em = EquivalenceMember {em_relids: (b 3), em_is_const: false, em_is_child: false, em_datatype: 23} = {
                em_expr = Var {varno: 3, varattno: 1, vartype: 23, vartypmod: -1, varcollid: 0, varlevelsup: 0, varnosyn: 3, varattnosyn: 1, location: 325}
              },
              right_em = EquivalenceMember {em_relids: (b 2), em_is_const: false, em_is_child: false, em_datatype: 23} = {
                em_expr = Var {varno: 2, varattno: 1, vartype: 23, vartypmod: -1, varcollid: 0, varlevelsup: 0, varnosyn: 2, varattnosyn: 1, location: 312}
              }
            }
          }
        }
      }
    },
    subpath = SortPath T_Sort (cost=724.87..724.87 rows=1 parallel_aware=False parallel_safe=False parallel_workers=0)  = {
      path.parent = (b),
      path.pathtarget = PathTarget {cost: (0.00..0.00), width: 116} = {
        sortgrouprefs = [3, 4, 5, 2, 1, 0],
        exprs = List with 6 elements = {
          0 = Var {varno: 1, varattno: 2, vartype: 1043, vartypmod: 29, varcollid: 100, varlevelsup: 0, varnosyn: 1, varattnosyn: 2, location: 9},
          1 = Var {varno: 1, varattno: 1, vartype: 23, vartypmod: -1, varcollid: 0, varlevelsup: 0, varnosyn: 1, varattnosyn: 1, location: 19},
          2 = Var {varno: 2, varattno: 1, vartype: 23, vartypmod: -1, varcollid: 0, varlevelsup: 0, varnosyn: 2, varattnosyn: 1, location: 32},
          3 = Var {varno: 2, varattno: 5, vartype: 1082, vartypmod: -1, varcollid: 0, varlevelsup: 0, varnosyn: 2, varattnosyn: 5, location: 46},
          4 = Var {varno: 2, varattno: 4, vartype: 1700, vartypmod: 983046, varcollid: 0, varlevelsup: 0, varnosyn: 2, varattnosyn: 4, location: 61},
          5 = Var {varno: 3, varattno: 5, vartype: 1700, vartypmod: 983046, varcollid: 0, varlevelsup: 0, varnosyn: 3, varattnosyn: 5, location: 81}
        }
      },
      path.pathkeys = List with 5 elements = {
        0 = PathKey {pk_opfamily: 1988, pk_strategy: 5, pk_nulls_first: true} = {
          pk_eclass = EquivalenceClass {ec_collation: 0, ec_relids: (b 2), ec_has_const: false, ec_has_volatile: false, ec_broken: false, ec_sortref: 1, ec_min_security: 4294967295, ec_max_security: 0} = {
            ec_opfamilies = OidList with 1 elements = {1988},
            ec_members = List with 1 elements = {
              0 = EquivalenceMember {em_relids: (b 2), em_is_const: false, em_is_child: false, em_datatype: 1700} = {
                em_expr = Var {varno: 2, varattno: 4, vartype: 1700, vartypmod: 983046, varcollid: 0, varlevelsup: 0, varnosyn: 2, varattnosyn: 4, location: 61}
              }
            }
          }
        },
        1 = PathKey {pk_opfamily: 434, pk_strategy: 1, pk_nulls_first: false} = {
          pk_eclass = EquivalenceClass {ec_collation: 0, ec_relids: (b 2), ec_has_const: false, ec_has_volatile: false, ec_broken: false, ec_sortref: 2, ec_min_security: 4294967295, ec_max_security: 0} = {
            ec_opfamilies = OidList with 1 elements = {434},
            ec_members = List with 1 elements = {
              0 = EquivalenceMember {em_relids: (b 2), em_is_const: false, em_is_child: false, em_datatype: 1082} = {
                em_expr = Var {varno: 2, varattno: 5, vartype: 1082, vartypmod: -1, varcollid: 0, varlevelsup: 0, varnosyn: 2, varattnosyn: 5, location: 46}
              }
            }
          }
        },
        2 = PathKey {pk_opfamily: 1994, pk_strategy: 1, pk_nulls_first: false} = {
          pk_eclass = EquivalenceClass {ec_collation: 100, ec_relids: (b 1), ec_has_const: false, ec_has_volatile: false, ec_broken: false, ec_sortref: 3, ec_min_security: 4294967295, ec_max_security: 0} = {
            ec_opfamilies = OidList with 2 elements = {1994, 2095},
            ec_members = List with 1 elements = {
              0 = EquivalenceMember {em_relids: (b 1), em_is_const: false, em_is_child: false, em_datatype: 25} = {
                em_expr = RelabelType {resulttype: 25, resulttypmod: -1, resultcollid: 100, relabelformat: COERCE_IMPLICIT_CAST, location: -1} = {
                  arg = Var {varno: 1, varattno: 2, vartype: 1043, vartypmod: 29, varcollid: 100, varlevelsup: 0, varnosyn: 1, varattnosyn: 2, location: 9}
                }
              }
            }
          }
        },
        3 = PathKey {pk_opfamily: 1976, pk_strategy: 1, pk_nulls_first: false} = {
          pk_eclass = EquivalenceClass {ec_collation: 0, ec_relids: (b 1 2), ec_has_const: false, ec_has_volatile: false, ec_broken: false, ec_sortref: 0, ec_min_security: 0, ec_max_security: 0} = {
            ec_opfamilies = OidList with 1 elements = {1976},
            ec_members = List with 2 elements = {
              0 = EquivalenceMember {em_relids: (b 1), em_is_const: false, em_is_child: false, em_datatype: 23} = {
                em_expr = Var {varno: 1, varattno: 1, vartype: 23, vartypmod: -1, varcollid: 0, varlevelsup: 0, varnosyn: 1, varattnosyn: 1, location: 284}
              },
              1 = EquivalenceMember {em_relids: (b 2), em_is_const: false, em_is_child: false, em_datatype: 23} = {
                em_expr = Var {varno: 2, varattno: 2, vartype: 23, vartypmod: -1, varcollid: 0, varlevelsup: 0, varnosyn: 2, varattnosyn: 2, location: 296}
              }
            },
            ec_sources = List with 1 elements = {
              0 = RestrictInfo {is_pushed_down: true, outerjoin_delayed: false, can_join: true, pseudoconstant: false, leakproof: false, security_level: 0, clause_relids: (b 1 2), required_relids: (b 1 2), outer_relids: (b), nullable_relids: (b), left_relids: (b 1), right_relids: (b 2), eval_cost: (-1.00..0.00), norm_selec: -1.0000, outer_selec: -1.0000, outer_is_left: false, hashjoinoperator: 0, left_bucketsize: -1.0000, right_bucketsize: -1.0000, left_mcvfreq: -1.0000, right_mcvfreq: -1.0000} = {
                clause = OpExpr {opno: 96, opfuncid: 65, opresulttype: 16, opretset: false, opcollid: 0, inputcollid: 0, location: 294} = {
                  args = List with 2 elements = {
                    0 = Var {varno: 1, varattno: 1, vartype: 23, vartypmod: -1, varcollid: 0, varlevelsup: 0, varnosyn: 1, varattnosyn: 1, location: 284},
                    1 = Var {varno: 2, varattno: 2, vartype: 23, vartypmod: -1, varcollid: 0, varlevelsup: 0, varnosyn: 2, varattnosyn: 2, location: 296}
                  }
                },
                mergeopfamilies = OidList with 1 elements = {1976},
                left_em = EquivalenceMember {em_relids: (b 1), em_is_const: false, em_is_child: false, em_datatype: 23} = {
                  em_expr = Var {varno: 1, varattno: 1, vartype: 23, vartypmod: -1, varcollid: 0, varlevelsup: 0, varnosyn: 1, varattnosyn: 1, location: 284}
                },
                right_em = EquivalenceMember {em_relids: (b 2), em_is_const: false, em_is_child: false, em_datatype: 23} = {
                  em_expr = Var {varno: 2, varattno: 2, vartype: 23, vartypmod: -1, varcollid: 0, varlevelsup: 0, varnosyn: 2, varattnosyn: 2, location: 296}
                }
              }
            },
            ec_derives = List with 2 elements = {
              0 = RestrictInfo {is_pushed_down: true, outerjoin_delayed: false, can_join: true, pseudoconstant: false, leakproof: false, security_level: 0, clause_relids: (b 1 2), required_relids: (b 1 2), outer_relids: (b), nullable_relids: (b), left_relids: (b 1), right_relids: (b 2), eval_cost: (0.00..0.00), norm_selec: 0.0050, outer_selec: -1.0000, outer_is_left: false, hashjoinoperator: 96, left_bucketsize: 0.0213, right_bucketsize: 0.1000, left_mcvfreq: 0.0000, right_mcvfreq: 0.0000} = {
                clause = OpExpr {opno: 96, opfuncid: 65, opresulttype: 16, opretset: false, opcollid: 0, inputcollid: 0, location: -1} = {
                  args = List with 2 elements = {
                    0 = Var {varno: 1, varattno: 1, vartype: 23, vartypmod: -1, varcollid: 0, varlevelsup: 0, varnosyn: 1, varattnosyn: 1, location: 284},
                    1 = Var {varno: 2, varattno: 2, vartype: 23, vartypmod: -1, varcollid: 0, varlevelsup: 0, varnosyn: 2, varattnosyn: 2, location: 296}
                  }
                },
                mergeopfamilies = OidList with 1 elements = {1976},
                left_em = EquivalenceMember {em_relids: (b 1), em_is_const: false, em_is_child: false, em_datatype: 23} = {
                  em_expr = Var {varno: 1, varattno: 1, vartype: 23, vartypmod: -1, varcollid: 0, varlevelsup: 0, varnosyn: 1, varattnosyn: 1, location: 284}
                },
                right_em = EquivalenceMember {em_relids: (b 2), em_is_const: false, em_is_child: false, em_datatype: 23} = {
                  em_expr = Var {varno: 2, varattno: 2, vartype: 23, vartypmod: -1, varcollid: 0, varlevelsup: 0, varnosyn: 2, varattnosyn: 2, location: 296}
                }
              },
              1 = RestrictInfo {is_pushed_down: true, outerjoin_delayed: false, can_join: true, pseudoconstant: false, leakproof: false, security_level: 0, clause_relids: (b 1 2), required_relids: (b 1 2), outer_relids: (b), nullable_relids: (b), left_relids: (b 2), right_relids: (b 1), eval_cost: (0.00..0.00), norm_selec: 0.0050, outer_selec: -1.0000, outer_is_left: false, hashjoinoperator: 96, left_bucketsize: 0.1000, right_bucketsize: 0.0213, left_mcvfreq: 0.0000, right_mcvfreq: 0.0000} = {
                clause = OpExpr {opno: 96, opfuncid: 65, opresulttype: 16, opretset: false, opcollid: 0, inputcollid: 0, location: -1} = {
                  args = List with 2 elements = {
                    0 = Var {varno: 2, varattno: 2, vartype: 23, vartypmod: -1, varcollid: 0, varlevelsup: 0, varnosyn: 2, varattnosyn: 2, location: 296},
                    1 = Var {varno: 1, varattno: 1, vartype: 23, vartypmod: -1, varcollid: 0, varlevelsup: 0, varnosyn: 1, varattnosyn: 1, location: 284}
                  }
                },
                mergeopfamilies = OidList with 1 elements = {1976},
                left_em = EquivalenceMember {em_relids: (b 2), em_is_const: false, em_is_child: false, em_datatype: 23} = {
                  em_expr = Var {varno: 2, varattno: 2, vartype: 23, vartypmod: -1, varcollid: 0, varlevelsup: 0, varnosyn: 2, varattnosyn: 2, location: 296}
                },
                right_em = EquivalenceMember {em_relids: (b 1), em_is_const: false, em_is_child: false, em_datatype: 23} = {
                  em_expr = Var {varno: 1, varattno: 1, vartype: 23, vartypmod: -1, varcollid: 0, varlevelsup: 0, varnosyn: 1, varattnosyn: 1, location: 284}
                }
              }
            }
          }
        },
        4 = PathKey {pk_opfamily: 1976, pk_strategy: 1, pk_nulls_first: false} = {
          pk_eclass = EquivalenceClass {ec_collation: 0, ec_relids: (b 2 3 4), ec_has_const: false, ec_has_volatile: false, ec_broken: false, ec_sortref: 0, ec_min_security: 0, ec_max_security: 0} = {
            ec_opfamilies = OidList with 1 elements = {1976},
            ec_members = List with 3 elements = {
              0 = EquivalenceMember {em_relids: (b 2), em_is_const: false, em_is_child: false, em_datatype: 23} = {
                em_expr = Var {varno: 2, varattno: 1, vartype: 23, vartypmod: -1, varcollid: 0, varlevelsup: 0, varnosyn: 2, varattnosyn: 1, location: 312}
              },
              1 = EquivalenceMember {em_relids: (b 3), em_is_const: false, em_is_child: false, em_datatype: 23} = {
                em_expr = Var {varno: 3, varattno: 1, vartype: 23, vartypmod: -1, varcollid: 0, varlevelsup: 0, varnosyn: 3, varattnosyn: 1, location: 325}
              },
              2 = EquivalenceMember {em_relids: (b 4), em_is_const: false, em_is_child: false, em_datatype: 23} = {
                em_expr = Var {varno: 4, varattno: 1, vartype: 23, vartypmod: -1, varcollid: 0, varlevelsup: 0, varnosyn: 4, varattnosyn: 1, location: -1}
              }
            },
            ec_sources = List with 2 elements = {
              0 = RestrictInfo {is_pushed_down: true, outerjoin_delayed: false, can_join: true, pseudoconstant: false, leakproof: false, security_level: 0, clause_relids: (b 2 3), required_relids: (b 2 3), outer_relids: (b), nullable_relids: (b), left_relids: (b 2), right_relids: (b 3), eval_cost: (-1.00..0.00), norm_selec: -1.0000, outer_selec: -1.0000, outer_is_left: false, hashjoinoperator: 0, left_bucketsize: -1.0000, right_bucketsize: -1.0000, left_mcvfreq: -1.0000, right_mcvfreq: -1.0000} = {
                clause = OpExpr {opno: 96, opfuncid: 65, opresulttype: 16, opretset: false, opcollid: 0, inputcollid: 0, location: 323} = {
                  args = List with 2 elements = {
                    0 = Var {varno: 2, varattno: 1, vartype: 23, vartypmod: -1, varcollid: 0, varlevelsup: 0, varnosyn: 2, varattnosyn: 1, location: 312},
                    1 = Var {varno: 3, varattno: 1, vartype: 23, vartypmod: -1, varcollid: 0, varlevelsup: 0, varnosyn: 3, varattnosyn: 1, location: 325}
                  }
                },
                mergeopfamilies = OidList with 1 elements = {1976},
                left_em = EquivalenceMember {em_relids: (b 2), em_is_const: false, em_is_child: false, em_datatype: 23} = {
                  em_expr = Var {varno: 2, varattno: 1, vartype: 23, vartypmod: -1, varcollid: 0, varlevelsup: 0, varnosyn: 2, varattnosyn: 1, location: 312}
                },
                right_em = EquivalenceMember {em_relids: (b 3), em_is_const: false, em_is_child: false, em_datatype: 23} = {
                  em_expr = Var {varno: 3, varattno: 1, vartype: 23, vartypmod: -1, varcollid: 0, varlevelsup: 0, varnosyn: 3, varattnosyn: 1, location: 325}
                }
              },
              1 = RestrictInfo {is_pushed_down: true, outerjoin_delayed: false, can_join: true, pseudoconstant: false, leakproof: false, security_level: 0, clause_relids: (b 2 4), required_relids: (b 2 4), outer_relids: (b), nullable_relids: (b), left_relids: (b 2), right_relids: (b 4), eval_cost: (-1.00..0.00), norm_selec: -1.0000, outer_selec: -1.0000, outer_is_left: false, hashjoinoperator: 0, left_bucketsize: -1.0000, right_bucketsize: -1.0000, left_mcvfreq: -1.0000, right_mcvfreq: -1.0000} = {
                clause = OpExpr {opno: 96, opfuncid: 65, opresulttype: 16, opretset: false, opcollid: 0, inputcollid: 0, location: 150} = {
                  args = List with 2 elements = {
                    0 = Var {varno: 2, varattno: 1, vartype: 23, vartypmod: -1, varcollid: 0, varlevelsup: 0, varnosyn: 2, varattnosyn: 1, location: 139},
                    1 = Var {varno: 4, varattno: 1, vartype: 23, vartypmod: -1, varcollid: 0, varlevelsup: 0, varnosyn: 4, varattnosyn: 1, location: -1}
                  }
                },
                mergeopfamilies = OidList with 1 elements = {1976},
                left_em = EquivalenceMember {em_relids: (b 2), em_is_const: false, em_is_child: false, em_datatype: 23} = {
                  em_expr = Var {varno: 2, varattno: 1, vartype: 23, vartypmod: -1, varcollid: 0, varlevelsup: 0, varnosyn: 2, varattnosyn: 1, location: 312}
                },
                right_em = EquivalenceMember {em_relids: (b 4), em_is_const: false, em_is_child: false, em_datatype: 23} = {
                  em_expr = Var {varno: 4, varattno: 1, vartype: 23, vartypmod: -1, varcollid: 0, varlevelsup: 0, varnosyn: 4, varattnosyn: 1, location: -1}
                }
              }
            },
            ec_derives = List with 4 elements = {
              0 = RestrictInfo {is_pushed_down: true, outerjoin_delayed: false, can_join: true, pseudoconstant: false, leakproof: false, security_level: 0, clause_relids: (b 2 4), required_relids: (b 2 4), outer_relids: (b), nullable_relids: (b), left_relids: (b 2), right_relids: (b 4), eval_cost: (0.00..0.00), norm_selec: 0.0050, outer_selec: 0.0050, outer_is_left: false, hashjoinoperator: 96, left_bucketsize: 0.1000, right_bucketsize: 0.0455, left_mcvfreq: 0.0000, right_mcvfreq: 0.0000} = {
                clause = OpExpr {opno: 96, opfuncid: 65, opresulttype: 16, opretset: false, opcollid: 0, inputcollid: 0, location: -1} = {
                  args = List with 2 elements = {
                    0 = Var {varno: 2, varattno: 1, vartype: 23, vartypmod: -1, varcollid: 0, varlevelsup: 0, varnosyn: 2, varattnosyn: 1, location: 312},
                    1 = Var {varno: 4, varattno: 1, vartype: 23, vartypmod: -1, varcollid: 0, varlevelsup: 0, varnosyn: 4, varattnosyn: 1, location: -1}
                  }
                },
                mergeopfamilies = OidList with 1 elements = {1976},
                left_em = EquivalenceMember {em_relids: (b 2), em_is_const: false, em_is_child: false, em_datatype: 23} = {
                  em_expr = Var {varno: 2, varattno: 1, vartype: 23, vartypmod: -1, varcollid: 0, varlevelsup: 0, varnosyn: 2, varattnosyn: 1, location: 312}
                },
                right_em = EquivalenceMember {em_relids: (b 4), em_is_const: false, em_is_child: false, em_datatype: 23} = {
                  em_expr = Var {varno: 4, varattno: 1, vartype: 23, vartypmod: -1, varcollid: 0, varlevelsup: 0, varnosyn: 4, varattnosyn: 1, location: -1}
                }
              },
              1 = RestrictInfo {is_pushed_down: true, outerjoin_delayed: false, can_join: true, pseudoconstant: false, leakproof: false, security_level: 0, clause_relids: (b 2 3), required_relids: (b 2 3), outer_relids: (b), nullable_relids: (b), left_relids: (b 2), right_relids: (b 3), eval_cost: (0.00..0.00), norm_selec: 0.0050, outer_selec: -1.0000, outer_is_left: false, hashjoinoperator: 96, left_bucketsize: 0.1000, right_bucketsize: 0.1000, left_mcvfreq: 0.0000, right_mcvfreq: 0.0000} = {
                clause = OpExpr {opno: 96, opfuncid: 65, opresulttype: 16, opretset: false, opcollid: 0, inputcollid: 0, location: -1} = {
                  args = List with 2 elements = {
                    0 = Var {varno: 2, varattno: 1, vartype: 23, vartypmod: -1, varcollid: 0, varlevelsup: 0, varnosyn: 2, varattnosyn: 1, location: 312},
                    1 = Var {varno: 3, varattno: 1, vartype: 23, vartypmod: -1, varcollid: 0, varlevelsup: 0, varnosyn: 3, varattnosyn: 1, location: 325}
                  }
                },
                mergeopfamilies = OidList with 1 elements = {1976},
                left_em = EquivalenceMember {em_relids: (b 2), em_is_const: false, em_is_child: false, em_datatype: 23} = {
                  em_expr = Var {varno: 2, varattno: 1, vartype: 23, vartypmod: -1, varcollid: 0, varlevelsup: 0, varnosyn: 2, varattnosyn: 1, location: 312}
                },
                right_em = EquivalenceMember {em_relids: (b 3), em_is_const: false, em_is_child: false, em_datatype: 23} = {
                  em_expr = Var {varno: 3, varattno: 1, vartype: 23, vartypmod: -1, varcollid: 0, varlevelsup: 0, varnosyn: 3, varattnosyn: 1, location: 325}
                }
              },
              2 = RestrictInfo {is_pushed_down: true, outerjoin_delayed: false, can_join: true, pseudoconstant: false, leakproof: false, security_level: 0, clause_relids: (b 3 4), required_relids: (b 3 4), outer_relids: (b), nullable_relids: (b), left_relids: (b 3), right_relids: (b 4), eval_cost: (0.00..0.00), norm_selec: 0.0050, outer_selec: 0.0050, outer_is_left: false, hashjoinoperator: 96, left_bucketsize: 0.1000, right_bucketsize: 0.0455, left_mcvfreq: 0.0000, right_mcvfreq: 0.0000} = {
                clause = OpExpr {opno: 96, opfuncid: 65, opresulttype: 16, opretset: false, opcollid: 0, inputcollid: 0, location: -1} = {
                  args = List with 2 elements = {
                    0 = Var {varno: 3, varattno: 1, vartype: 23, vartypmod: -1, varcollid: 0, varlevelsup: 0, varnosyn: 3, varattnosyn: 1, location: 325},
                    1 = Var {varno: 4, varattno: 1, vartype: 23, vartypmod: -1, varcollid: 0, varlevelsup: 0, varnosyn: 4, varattnosyn: 1, location: -1}
                  }
                },
                mergeopfamilies = OidList with 1 elements = {1976},
                left_em = EquivalenceMember {em_relids: (b 3), em_is_const: false, em_is_child: false, em_datatype: 23} = {
                  em_expr = Var {varno: 3, varattno: 1, vartype: 23, vartypmod: -1, varcollid: 0, varlevelsup: 0, varnosyn: 3, varattnosyn: 1, location: 325}
                },
                right_em = EquivalenceMember {em_relids: (b 4), em_is_const: false, em_is_child: false, em_datatype: 23} = {
                  em_expr = Var {varno: 4, varattno: 1, vartype: 23, vartypmod: -1, varcollid: 0, varlevelsup: 0, varnosyn: 4, varattnosyn: 1, location: -1}
                }
              },
              3 = RestrictInfo {is_pushed_down: true, outerjoin_delayed: false, can_join: true, pseudoconstant: false, leakproof: false, security_level: 0, clause_relids: (b 2 3), required_relids: (b 2 3), outer_relids: (b), nullable_relids: (b), left_relids: (b 3), right_relids: (b 2), eval_cost: (0.00..0.00), norm_selec: 0.0050, outer_selec: -1.0000, outer_is_left: false, hashjoinoperator: 96, left_bucketsize: 0.1000, right_bucketsize: 0.1000, left_mcvfreq: 0.0000, right_mcvfreq: 0.0000} = {
                clause = OpExpr {opno: 96, opfuncid: 65, opresulttype: 16, opretset: false, opcollid: 0, inputcollid: 0, location: -1} = {
                  args = List with 2 elements = {
                    0 = Var {varno: 3, varattno: 1, vartype: 23, vartypmod: -1, varcollid: 0, varlevelsup: 0, varnosyn: 3, varattnosyn: 1, location: 325},
                    1 = Var {varno: 2, varattno: 1, vartype: 23, vartypmod: -1, varcollid: 0, varlevelsup: 0, varnosyn: 2, varattnosyn: 1, location: 312}
                  }
                },
                mergeopfamilies = OidList with 1 elements = {1976},
                left_em = EquivalenceMember {em_relids: (b 3), em_is_const: false, em_is_child: false, em_datatype: 23} = {
                  em_expr = Var {varno: 3, varattno: 1, vartype: 23, vartypmod: -1, varcollid: 0, varlevelsup: 0, varnosyn: 3, varattnosyn: 1, location: 325}
                },
                right_em = EquivalenceMember {em_relids: (b 2), em_is_const: false, em_is_child: false, em_datatype: 23} = {
                  em_expr = Var {varno: 2, varattno: 1, vartype: 23, vartypmod: -1, varcollid: 0, varlevelsup: 0, varnosyn: 2, varattnosyn: 1, location: 312}
                }
              }
            }
          }
        }
      },
      subpath = JoinPath T_NestLoop (cost=191.83..724.86 rows=1 parallel_aware=False parallel_safe=False parallel_workers=0) {jointype: JOIN_INNER, inner_unique: false} = {
        path.parent = (b 1 2 3 4),
        path.pathtarget = PathTarget {cost: (0.00..0.00), width: 116} = {
          sortgrouprefs = [3, 4, 5, 2, 1, 0],
          exprs = List with 6 elements = {
            0 = Var {varno: 1, varattno: 2, vartype: 1043, vartypmod: 29, varcollid: 100, varlevelsup: 0, varnosyn: 1, varattnosyn: 2, location: 9},
            1 = Var {varno: 1, varattno: 1, vartype: 23, vartypmod: -1, varcollid: 0, varlevelsup: 0, varnosyn: 1, varattnosyn: 1, location: 19},
            2 = Var {varno: 2, varattno: 1, vartype: 23, vartypmod: -1, varcollid: 0, varlevelsup: 0, varnosyn: 2, varattnosyn: 1, location: 32},
            3 = Var {varno: 2, varattno: 5, vartype: 1082, vartypmod: -1, varcollid: 0, varlevelsup: 0, varnosyn: 2, varattnosyn: 5, location: 46},
            4 = Var {varno: 2, varattno: 4, vartype: 1700, vartypmod: 983046, varcollid: 0, varlevelsup: 0, varnosyn: 2, varattnosyn: 4, location: 61},
            5 = Var {varno: 3, varattno: 5, vartype: 1700, vartypmod: 983046, varcollid: 0, varlevelsup: 0, varnosyn: 3, varattnosyn: 5, location: 81}
          }
        },
        outerjoinpath = JoinPath T_NestLoop (cost=191.83..532.68 rows=2 parallel_aware=False parallel_safe=False parallel_workers=0) {jointype: JOIN_INNER, inner_unique: false} = {
          path.parent = (b 1 2 4),
          path.pathtarget = PathTarget {cost: (0.00..0.00), width: 102} = {
            exprs = List with 6 elements = {
              0 = Var {varno: 1, varattno: 2, vartype: 1043, vartypmod: 29, varcollid: 100, varlevelsup: 0, varnosyn: 1, varattnosyn: 2, location: 9},
              1 = Var {varno: 1, varattno: 1, vartype: 23, vartypmod: -1, varcollid: 0, varlevelsup: 0, varnosyn: 1, varattnosyn: 1, location: 19},
              2 = Var {varno: 2, varattno: 1, vartype: 23, vartypmod: -1, varcollid: 0, varlevelsup: 0, varnosyn: 2, varattnosyn: 1, location: 32},
              3 = Var {varno: 2, varattno: 5, vartype: 1082, vartypmod: -1, varcollid: 0, varlevelsup: 0, varnosyn: 2, varattnosyn: 5, location: 46},
              4 = Var {varno: 2, varattno: 4, vartype: 1700, vartypmod: 983046, varcollid: 0, varlevelsup: 0, varnosyn: 2, varattnosyn: 4, location: 61},
              5 = Var {varno: 4, varattno: 1, vartype: 23, vartypmod: -1, varcollid: 0, varlevelsup: 0, varnosyn: 4, varattnosyn: 1, location: -1}
            }
          },
          outerjoinpath = RemoteQueryPath T_RemoteQuery (cost=0.00..136.00 rows=47 parallel_aware=False parallel_safe=False parallel_workers=0) {jointype: JOIN_INNER, rqhas_unshippable_qual: false, rqhas_temp_rel: false, rqhas_unshippable_tlist: false} = {
            path.parent = (b 1),
            path.pathtarget = PathTarget {cost: (0.00..0.00), width: 72} = {
              exprs = List with 2 elements = {
                0 = Var {varno: 1, varattno: 2, vartype: 1043, vartypmod: 29, varcollid: 100, varlevelsup: 0, varnosyn: 1, varattnosyn: 2, location: 9},
                1 = Var {varno: 1, varattno: 1, vartype: 23, vartypmod: -1, varcollid: 0, varlevelsup: 0, varnosyn: 1, varattnosyn: 1, location: 19}
              }
            },
            rqpath_en = ExecNodes {accesstype: RELATION_ACCESS_READ, baselocatortype: 72 'H', en_relid: 0, en_funcid: 0} = {
              en_dist_vars = List with 1 elements = {
                0 = Var {varno: 1, varattno: 1, vartype: 23, vartypmod: -1, varcollid: 0, varlevelsup: 0, varnosyn: 1, varattnosyn: 1, location: 19}
              },
              nodeids = OidList with 3 elements = {16386, 16387, 16388}
            }
          },
          innerjoinpath = MaterialPath T_Material (cost=191.83..391.06 rows=8 parallel_aware=False parallel_safe=False parallel_workers=0)  = {
            path.parent = (b 2 4),
            path.pathtarget = PathTarget {cost: (0.00..0.00), width: 34} = {
              exprs = List with 5 elements = {
                0 = Var {varno: 2, varattno: 1, vartype: 23, vartypmod: -1, varcollid: 0, varlevelsup: 0, varnosyn: 2, varattnosyn: 1, location: 32},
                1 = Var {varno: 2, varattno: 5, vartype: 1082, vartypmod: -1, varcollid: 0, varlevelsup: 0, varnosyn: 2, varattnosyn: 5, location: 46},
                2 = Var {varno: 2, varattno: 4, vartype: 1700, vartypmod: 983046, varcollid: 0, varlevelsup: 0, varnosyn: 2, varattnosyn: 4, location: 61},
                3 = Var {varno: 2, varattno: 2, vartype: 23, vartypmod: -1, varcollid: 0, varlevelsup: 0, varnosyn: 2, varattnosyn: 2, location: 296},
                4 = Var {varno: 4, varattno: 1, vartype: 23, vartypmod: -1, varcollid: 0, varlevelsup: 0, varnosyn: 4, varattnosyn: 1, location: -1}
              }
            },
            subpath = HashPath T_HashJoin (cost=191.83..391.02 rows=8 parallel_aware=False parallel_safe=False parallel_workers=0) {num_batches: 1, inner_rows_total: 22} = {
              jpath.path.parent = (b 2 4),
              jpath.path.pathtarget = PathTarget {cost: (0.00..0.00), width: 34} = {
                exprs = List with 5 elements = {
                  0 = Var {varno: 2, varattno: 1, vartype: 23, vartypmod: -1, varcollid: 0, varlevelsup: 0, varnosyn: 2, varattnosyn: 1, location: 32},
                  1 = Var {varno: 2, varattno: 5, vartype: 1082, vartypmod: -1, varcollid: 0, varlevelsup: 0, varnosyn: 2, varattnosyn: 5, location: 46},
                  2 = Var {varno: 2, varattno: 4, vartype: 1700, vartypmod: 983046, varcollid: 0, varlevelsup: 0, varnosyn: 2, varattnosyn: 4, location: 61},
                  3 = Var {varno: 2, varattno: 2, vartype: 23, vartypmod: -1, varcollid: 0, varlevelsup: 0, varnosyn: 2, varattnosyn: 2, location: 296},
                  4 = Var {varno: 4, varattno: 1, vartype: 23, vartypmod: -1, varcollid: 0, varlevelsup: 0, varnosyn: 4, varattnosyn: 1, location: -1}
                }
              },
              jpath.outerjoinpath = RemoteQueryPath T_RemoteQuery (cost=0.00..199.00 rows=70 parallel_aware=False parallel_safe=False parallel_workers=0) {jointype: JOIN_INNER, rqhas_unshippable_qual: false, rqhas_temp_rel: false, rqhas_unshippable_tlist: false} = {
                path.parent = (b 2),
                path.pathtarget = PathTarget {cost: (0.00..0.00), width: 30} = {
                  exprs = List with 4 elements = {
                    0 = Var {varno: 2, varattno: 1, vartype: 23, vartypmod: -1, varcollid: 0, varlevelsup: 0, varnosyn: 2, varattnosyn: 1, location: 32},
                    1 = Var {varno: 2, varattno: 5, vartype: 1082, vartypmod: -1, varcollid: 0, varlevelsup: 0, varnosyn: 2, varattnosyn: 5, location: 46},
                    2 = Var {varno: 2, varattno: 4, vartype: 1700, vartypmod: 983046, varcollid: 0, varlevelsup: 0, varnosyn: 2, varattnosyn: 4, location: 61},
                    3 = Var {varno: 2, varattno: 2, vartype: 23, vartypmod: -1, varcollid: 0, varlevelsup: 0, varnosyn: 2, varattnosyn: 2, location: 296}
                  }
                },
                rqpath_en = ExecNodes {accesstype: RELATION_ACCESS_READ, baselocatortype: 72 'H', en_relid: 0, en_funcid: 0} = {
                  en_dist_vars = List with 1 elements = {
                    0 = Var {varno: 2, varattno: 1, vartype: 23, vartypmod: -1, varcollid: 0, varlevelsup: 0, varnosyn: 2, varattnosyn: 1, location: 32}
                  },
                  nodeids = OidList with 3 elements = {16386, 16387, 16388}
                }
              },
              jpath.innerjoinpath = SubqueryScanPath T_SubqueryScan (cost=190.33..191.56 rows=22 parallel_aware=False parallel_safe=False parallel_workers=0)  = {
                path.parent = (b 4),
                path.pathtarget = PathTarget {cost: (0.00..0.00), width: 4} = {
                  exprs = List with 1 elements = {
                    0 = Var {varno: 4, varattno: 1, vartype: 23, vartypmod: -1, varcollid: 0, varlevelsup: 0, varnosyn: 4, varattnosyn: 1, location: -1}
                  }
                },
                subpath = AggPath T_Agg (cost=190.33..191.34 rows=22 parallel_aware=False parallel_safe=False parallel_workers=0) {aggstrategy: AGG_HASHED, aggsplit: AGGSPLIT_SIMPLE, numGroups: 67, transitionSpace: 128} = {
                  path.parent = (b),
                  path.pathtarget = PathTarget {cost: (0.00..0.00), width: 4} = {
                    sortgrouprefs = [1],
                    exprs = List with 1 elements = {
                      0 = Var {varno: 1, varattno: 1, vartype: 23, vartypmod: -1, varcollid: 0, varlevelsup: 0, varnosyn: 1, varattnosyn: 1, location: 172}
                    },
                    as_loc_list = IntList with 1 elements = {-1},
                    expr_loc_list = IntList with 1 elements = {172},
                    expr_len_list = IntList with 1 elements = {-1},
                    expr_type_list = IntList with 1 elements = {398}
                  },
                  subpath = RemoteQueryPath T_RemoteQuery (cost=0.00..190.00 rows=67 parallel_aware=False parallel_safe=False parallel_workers=0) {jointype: JOIN_INNER, rqhas_unshippable_qual: false, rqhas_temp_rel: false, rqhas_unshippable_tlist: false} = {
                    path.parent = (b 1),
                    path.pathtarget = PathTarget {cost: (0.00..0.00), width: 22} = {
                      sortgrouprefs = [1, 0],
                      exprs = List with 2 elements = {
                        0 = Var {varno: 1, varattno: 1, vartype: 23, vartypmod: -1, varcollid: 0, varlevelsup: 0, varnosyn: 1, varattnosyn: 1, location: 172},
                        1 = Var {varno: 1, varattno: 5, vartype: 1700, vartypmod: 983046, varcollid: 0, varlevelsup: 0, varnosyn: 1, varattnosyn: 5, location: 256}
                      }
                    },
                    rqpath_en = ExecNodes {accesstype: RELATION_ACCESS_READ, baselocatortype: 72 'H', en_relid: 0, en_funcid: 0} = {
                      en_dist_vars = List with 1 elements = {
                        0 = Var {varno: 1, varattno: 1, vartype: 23, vartypmod: -1, varcollid: 0, varlevelsup: 0, varnosyn: 1, varattnosyn: 1, location: 172}
                      },
                      nodeids = OidList with 3 elements = {16386, 16387, 16388}
                    }
                  },
                  groupClause = List with 1 elements = {
                    0 = SortGroupClause {tleSortGroupRef: 1, eqop: 96, sortop: 97, nulls_first: false, hashable: true}
                  },
                  qual = List with 1 elements = {
                    0 = OpExpr {opno: 1756, opfuncid: 1720, opresulttype: 16, opretset: false, opcollid: 0, inputcollid: 0, location: 268} = {
                      args = List with 2 elements = {
                        0 = Aggref {aggfnoid: 2114, aggtype: 1700, aggcollid: 0, inputcollid: 0, aggtranstype: 2281, aggtrantype: 0, agghas_collectfn: false, rank_first: false, aggstar: false, aggvariadic: false, aggkind: 110 'n', agglevelsup: 0, aggsplit: AGGSPLIT_SIMPLE, location: 252} = {
                          aggargtypes = OidList with 1 elements = {1700},
                          args = List with 1 elements = {
                            0 = TargetEntry {resno: 1, resname: 0x0, ressortgroupref: 0, resorigtbl: 0, resorigcol: 0, resjunk: false} = {
                              expr = Var {varno: 1, varattno: 5, vartype: 1700, vartypmod: 983046, varcollid: 0, varlevelsup: 0, varnosyn: 1, varattnosyn: 5, location: 256}
                            }
                          }
                        },
                        1 = Const {consttype: 1700, consttypmod: -1, constcollid: 0, constlen: -1, constvalue: 94501921754776, constisnull: false, constbyval: false, location: -1}
                      }
                    }
                  }
                }
              },
              jpath.joinrestrictinfo = List with 1 elements = {
                0 = RestrictInfo {is_pushed_down: true, outerjoin_delayed: false, can_join: true, pseudoconstant: false, leakproof: false, security_level: 0, clause_relids: (b 2 4), required_relids: (b 2 4), outer_relids: (b), nullable_relids: (b), left_relids: (b 2), right_relids: (b 4), eval_cost: (0.00..0.00), norm_selec: 0.0050, outer_selec: 0.0050, outer_is_left: false, hashjoinoperator: 96, left_bucketsize: 0.1000, right_bucketsize: 0.0455, left_mcvfreq: 0.0000, right_mcvfreq: 0.0000} = {
                  clause = OpExpr {opno: 96, opfuncid: 65, opresulttype: 16, opretset: false, opcollid: 0, inputcollid: 0, location: -1} = {
                    args = List with 2 elements = {
                      0 = Var {varno: 2, varattno: 1, vartype: 23, vartypmod: -1, varcollid: 0, varlevelsup: 0, varnosyn: 2, varattnosyn: 1, location: 312},
                      1 = Var {varno: 4, varattno: 1, vartype: 23, vartypmod: -1, varcollid: 0, varlevelsup: 0, varnosyn: 4, varattnosyn: 1, location: -1}
                    }
                  },
                  mergeopfamilies = OidList with 1 elements = {1976},
                  left_em = EquivalenceMember {em_relids: (b 2), em_is_const: false, em_is_child: false, em_datatype: 23} = {
                    em_expr = Var {varno: 2, varattno: 1, vartype: 23, vartypmod: -1, varcollid: 0, varlevelsup: 0, varnosyn: 2, varattnosyn: 1, location: 312}
                  },
                  right_em = EquivalenceMember {em_relids: (b 4), em_is_const: false, em_is_child: false, em_datatype: 23} = {
                    em_expr = Var {varno: 4, varattno: 1, vartype: 23, vartypmod: -1, varcollid: 0, varlevelsup: 0, varnosyn: 4, varattnosyn: 1, location: -1}
                  }
                }
              },
              path_hashclauses = List with 1 elements = {
                0 = RestrictInfo {is_pushed_down: true, outerjoin_delayed: false, can_join: true, pseudoconstant: false, leakproof: false, security_level: 0, clause_relids: (b 2 4), required_relids: (b 2 4), outer_relids: (b), nullable_relids: (b), left_relids: (b 2), right_relids: (b 4), eval_cost: (0.00..0.00), norm_selec: 0.0050, outer_selec: 0.0050, outer_is_left: false, hashjoinoperator: 96, left_bucketsize: 0.1000, right_bucketsize: 0.0455, left_mcvfreq: 0.0000, right_mcvfreq: 0.0000} = {
                  clause = OpExpr {opno: 96, opfuncid: 65, opresulttype: 16, opretset: false, opcollid: 0, inputcollid: 0, location: -1} = {
                    args = List with 2 elements = {
                      0 = Var {varno: 2, varattno: 1, vartype: 23, vartypmod: -1, varcollid: 0, varlevelsup: 0, varnosyn: 2, varattnosyn: 1, location: 312},
                      1 = Var {varno: 4, varattno: 1, vartype: 23, vartypmod: -1, varcollid: 0, varlevelsup: 0, varnosyn: 4, varattnosyn: 1, location: -1}
                    }
                  },
                  mergeopfamilies = OidList with 1 elements = {1976},
                  left_em = EquivalenceMember {em_relids: (b 2), em_is_const: false, em_is_child: false, em_datatype: 23} = {
                    em_expr = Var {varno: 2, varattno: 1, vartype: 23, vartypmod: -1, varcollid: 0, varlevelsup: 0, varnosyn: 2, varattnosyn: 1, location: 312}
                  },
                  right_em = EquivalenceMember {em_relids: (b 4), em_is_const: false, em_is_child: false, em_datatype: 23} = {
                    em_expr = Var {varno: 4, varattno: 1, vartype: 23, vartypmod: -1, varcollid: 0, varlevelsup: 0, varnosyn: 4, varattnosyn: 1, location: -1}
                  }
                }
              }
            }
          },
          joinrestrictinfo = List with 1 elements = {
            0 = RestrictInfo {is_pushed_down: true, outerjoin_delayed: false, can_join: true, pseudoconstant: false, leakproof: false, security_level: 0, clause_relids: (b 1 2), required_relids: (b 1 2), outer_relids: (b), nullable_relids: (b), left_relids: (b 2), right_relids: (b 1), eval_cost: (0.00..0.00), norm_selec: 0.0050, outer_selec: -1.0000, outer_is_left: false, hashjoinoperator: 96, left_bucketsize: 0.1000, right_bucketsize: 0.0213, left_mcvfreq: 0.0000, right_mcvfreq: 0.0000} = {
              clause = OpExpr {opno: 96, opfuncid: 65, opresulttype: 16, opretset: false, opcollid: 0, inputcollid: 0, location: -1} = {
                args = List with 2 elements = {
                  0 = Var {varno: 2, varattno: 2, vartype: 23, vartypmod: -1, varcollid: 0, varlevelsup: 0, varnosyn: 2, varattnosyn: 2, location: 296},
                  1 = Var {varno: 1, varattno: 1, vartype: 23, vartypmod: -1, varcollid: 0, varlevelsup: 0, varnosyn: 1, varattnosyn: 1, location: 284}
                }
              },
              mergeopfamilies = OidList with 1 elements = {1976},
              left_em = EquivalenceMember {em_relids: (b 2), em_is_const: false, em_is_child: false, em_datatype: 23} = {
                em_expr = Var {varno: 2, varattno: 2, vartype: 23, vartypmod: -1, varcollid: 0, varlevelsup: 0, varnosyn: 2, varattnosyn: 2, location: 296}
              },
              right_em = EquivalenceMember {em_relids: (b 1), em_is_const: false, em_is_child: false, em_datatype: 23} = {
                em_expr = Var {varno: 1, varattno: 1, vartype: 23, vartypmod: -1, varcollid: 0, varlevelsup: 0, varnosyn: 1, varattnosyn: 1, location: 284}
              }
            }
          }
        },
        innerjoinpath = MaterialPath T_Material (cost=0.00..190.34 rows=67 parallel_aware=False parallel_safe=False parallel_workers=0)  = {
          path.parent = (b 3),
          path.pathtarget = PathTarget {cost: (0.00..0.00), width: 22} = {
            exprs = List with 2 elements = {
              0 = Var {varno: 3, varattno: 5, vartype: 1700, vartypmod: 983046, varcollid: 0, varlevelsup: 0, varnosyn: 3, varattnosyn: 5, location: 81},
              1 = Var {varno: 3, varattno: 1, vartype: 23, vartypmod: -1, varcollid: 0, varlevelsup: 0, varnosyn: 3, varattnosyn: 1, location: 325}
            }
          },
          subpath = RemoteQueryPath T_RemoteQuery (cost=0.00..190.00 rows=67 parallel_aware=False parallel_safe=False parallel_workers=0) {jointype: JOIN_INNER, rqhas_unshippable_qual: false, rqhas_temp_rel: false, rqhas_unshippable_tlist: false} = {
            path.parent = (b 3),
            path.pathtarget = PathTarget {cost: (0.00..0.00), width: 22} = {
              exprs = List with 2 elements = {
                0 = Var {varno: 3, varattno: 5, vartype: 1700, vartypmod: 983046, varcollid: 0, varlevelsup: 0, varnosyn: 3, varattnosyn: 5, location: 81},
                1 = Var {varno: 3, varattno: 1, vartype: 23, vartypmod: -1, varcollid: 0, varlevelsup: 0, varnosyn: 3, varattnosyn: 1, location: 325}
              }
            },
            rqpath_en = ExecNodes {accesstype: RELATION_ACCESS_READ, baselocatortype: 72 'H', en_relid: 0, en_funcid: 0} = {
              en_dist_vars = List with 1 elements = {
                0 = Var {varno: 3, varattno: 1, vartype: 23, vartypmod: -1, varcollid: 0, varlevelsup: 0, varnosyn: 3, varattnosyn: 1, location: 325}
              },
              nodeids = OidList with 3 elements = {16386, 16387, 16388}
            }
          }
        },
        joinrestrictinfo = List with 1 elements = {
          0 = RestrictInfo {is_pushed_down: true, outerjoin_delayed: false, can_join: true, pseudoconstant: false, leakproof: false, security_level: 0, clause_relids: (b 2 3), required_relids: (b 2 3), outer_relids: (b), nullable_relids: (b), left_relids: (b 2), right_relids: (b 3), eval_cost: (0.00..0.00), norm_selec: 0.0050, outer_selec: -1.0000, outer_is_left: false, hashjoinoperator: 96, left_bucketsize: 0.1000, right_bucketsize: 0.1000, left_mcvfreq: 0.0000, right_mcvfreq: 0.0000} = {
            clause = OpExpr {opno: 96, opfuncid: 65, opresulttype: 16, opretset: false, opcollid: 0, inputcollid: 0, location: -1} = {
              args = List with 2 elements = {
                0 = Var {varno: 2, varattno: 1, vartype: 23, vartypmod: -1, varcollid: 0, varlevelsup: 0, varnosyn: 2, varattnosyn: 1, location: 312},
                1 = Var {varno: 3, varattno: 1, vartype: 23, vartypmod: -1, varcollid: 0, varlevelsup: 0, varnosyn: 3, varattnosyn: 1, location: 325}
              }
            },
            mergeopfamilies = OidList with 1 elements = {1976},
            left_em = EquivalenceMember {em_relids: (b 2), em_is_const: false, em_is_child: false, em_datatype: 23} = {
              em_expr = Var {varno: 2, varattno: 1, vartype: 23, vartypmod: -1, varcollid: 0, varlevelsup: 0, varnosyn: 2, varattnosyn: 1, location: 312}
            },
            right_em = EquivalenceMember {em_relids: (b 3), em_is_const: false, em_is_child: false, em_datatype: 23} = {
              em_expr = Var {varno: 3, varattno: 1, vartype: 23, vartypmod: -1, varcollid: 0, varlevelsup: 0, varnosyn: 3, varattnosyn: 1, location: 325}
            }
          }
        }
      }
    },
    groupClause = List with 5 elements = {
      0 = SortGroupClause {tleSortGroupRef: 1, eqop: 1752, sortop: 1756, nulls_first: true, hashable: true},
      1 = SortGroupClause {tleSortGroupRef: 2, eqop: 1093, sortop: 1095, nulls_first: false, hashable: true},
      2 = SortGroupClause {tleSortGroupRef: 3, eqop: 98, sortop: 664, nulls_first: false, hashable: true},
      3 = SortGroupClause {tleSortGroupRef: 4, eqop: 96, sortop: 97, nulls_first: false, hashable: true},
      4 = SortGroupClause {tleSortGroupRef: 5, eqop: 96, sortop: 97, nulls_first: false, hashable: true}
    }
  },
  limitCount = Const {consttype: 20, consttypmod: -1, constcollid: 0, constlen: 8, constvalue: 100, constisnull: false, constbyval: true, location: -1}
}

Breakpoint 2, standard_planner (parse=0x55f2f17aed98, query_string=0x55f2f1676670 "select\n  c_name,\n  c_custkey,\n  o_orderkey,\n  o_orderdate,\n  o_totalprice,\n  sum(l_quantity)\nfrom\n  customer,\n  orders,\n  lineitem\nwhere\n  o_orderkey in (\n    select\n      l_orderkey\n    from\n      li"..., cursorOptions=33024, boundParams=0x0) at /workspaces/AntDB/src/backend/optimizer/plan/planner.c:761
761		result->commandType = parse->commandType;
$54 = Limit (cost=724.87..724.90 rows=1 width=130 plan_id=0 parallel_aware=False parallel_safe = False) {limitOption: LIMIT_OPTION_COUNT, uniqNumCols: 0} = {
  plan.targetlist = List with 6 elements = {
    0 = TargetEntry {resno: 1, resname: 'c_name', ressortgroupref: 3, resorigtbl: 270672, resorigcol: 2, resjunk: false} = {
      expr = Var {varno: 65001, varattno: 1, vartype: 1043, vartypmod: 29, varcollid: 100, varlevelsup: 0, varnosyn: 1, varattnosyn: 2, location: -1}
    },
    1 = TargetEntry {resno: 2, resname: 'c_custkey', ressortgroupref: 4, resorigtbl: 270672, resorigcol: 1, resjunk: false} = {
      expr = Var {varno: 65001, varattno: 2, vartype: 23, vartypmod: -1, varcollid: 0, varlevelsup: 0, varnosyn: 1, varattnosyn: 1, location: -1}
    },
    2 = TargetEntry {resno: 3, resname: 'o_orderkey', ressortgroupref: 5, resorigtbl: 270675, resorigcol: 1, resjunk: false} = {
      expr = Var {varno: 65001, varattno: 3, vartype: 23, vartypmod: -1, varcollid: 0, varlevelsup: 0, varnosyn: 2, varattnosyn: 1, location: -1}
    },
    3 = TargetEntry {resno: 4, resname: 'o_orderdate', ressortgroupref: 2, resorigtbl: 270675, resorigcol: 5, resjunk: false} = {
      expr = Var {varno: 65001, varattno: 4, vartype: 1082, vartypmod: -1, varcollid: 0, varlevelsup: 0, varnosyn: 2, varattnosyn: 5, location: -1}
    },
    4 = TargetEntry {resno: 5, resname: 'o_totalprice', ressortgroupref: 1, resorigtbl: 270675, resorigcol: 4, resjunk: false} = {
      expr = Var {varno: 65001, varattno: 5, vartype: 1700, vartypmod: 983046, varcollid: 0, varlevelsup: 0, varnosyn: 2, varattnosyn: 4, location: -1}
    },
    5 = TargetEntry {resno: 6, resname: 'sum', ressortgroupref: 0, resorigtbl: 0, resorigcol: 0, resjunk: false} = {
      expr = Var {varno: 65001, varattno: 6, vartype: 1700, vartypmod: -1, varcollid: 0, varlevelsup: 0, varnosyn: 0, varattnosyn: 0, location: -1}
    }
  },
  plan.lefttree = Agg (cost=724.87..724.90 rows=1 width=130 plan_id=1 parallel_aware=False parallel_safe = False) {aggstrategy: AGG_SORTED, aggsplit: AGGSPLIT_SIMPLE, numCols: 5, numGroups: 1, transitionSpace: 128, aggParams: 0x0} = {
    grpColIdx = [5, 4, 1, 2, 3],
    grpOperators = [1752, 1093, 98, 96, 96],
    grpCollations = [0, 0, 100, 0, 0],
    plan.targetlist = List with 6 elements = {
      0 = TargetEntry {resno: 1, resname: 'c_name', ressortgroupref: 3, resorigtbl: 270672, resorigcol: 2, resjunk: false} = {
        expr = Var {varno: 65001, varattno: 1, vartype: 1043, vartypmod: 29, varcollid: 100, varlevelsup: 0, varnosyn: 0, varattnosyn: 0, location: -1}
      },
      1 = TargetEntry {resno: 2, resname: 'c_custkey', ressortgroupref: 4, resorigtbl: 270672, resorigcol: 1, resjunk: false} = {
        expr = Var {varno: 65001, varattno: 2, vartype: 23, vartypmod: -1, varcollid: 0, varlevelsup: 0, varnosyn: 0, varattnosyn: 0, location: -1}
      },
      2 = TargetEntry {resno: 3, resname: 'o_orderkey', ressortgroupref: 5, resorigtbl: 270675, resorigcol: 1, resjunk: false} = {
        expr = Var {varno: 65001, varattno: 3, vartype: 23, vartypmod: -1, varcollid: 0, varlevelsup: 0, varnosyn: 0, varattnosyn: 0, location: -1}
      },
      3 = TargetEntry {resno: 4, resname: 'o_orderdate', ressortgroupref: 2, resorigtbl: 270675, resorigcol: 5, resjunk: false} = {
        expr = Var {varno: 65001, varattno: 4, vartype: 1082, vartypmod: -1, varcollid: 0, varlevelsup: 0, varnosyn: 0, varattnosyn: 0, location: -1}
      },
      4 = TargetEntry {resno: 5, resname: 'o_totalprice', ressortgroupref: 1, resorigtbl: 270675, resorigcol: 4, resjunk: false} = {
        expr = Var {varno: 65001, varattno: 5, vartype: 1700, vartypmod: 983046, varcollid: 0, varlevelsup: 0, varnosyn: 0, varattnosyn: 0, location: -1}
      },
      5 = TargetEntry {resno: 6, resname: 'sum', ressortgroupref: 0, resorigtbl: 0, resorigcol: 0, resjunk: false} = {
        expr = Aggref {aggfnoid: 2114, aggtype: 1700, aggcollid: 0, inputcollid: 0, aggtranstype: 2281, aggtrantype: 0, agghas_collectfn: false, rank_first: false, aggstar: false, aggvariadic: false, aggkind: 110 'n', agglevelsup: 0, aggsplit: AGGSPLIT_SIMPLE, location: 77} = {
          aggargtypes = OidList with 1 elements = {1700},
          args = List with 1 elements = {
            0 = TargetEntry {resno: 1, resname: 0x0, ressortgroupref: 0, resorigtbl: 0, resorigcol: 0, resjunk: false} = {
              expr = Var {varno: 65001, varattno: 6, vartype: 1700, vartypmod: 983046, varcollid: 0, varlevelsup: 0, varnosyn: 3, varattnosyn: 5, location: 81}
            }
          }
        }
      }
    },
    plan.lefttree = Sort (cost=724.87..724.87 rows=1 width=116 plan_id=2 parallel_aware=False parallel_safe = False) numCols: 5 = {
      sortColIdx = [5, 4, 1, 2, 3],
      sortOperators = [1756, 1095, 664, 97, 97],
      collations = [0, 0, 100, 0, 0],
      nullsFirst = [True, False, False, False, False],
      plan.targetlist = List with 6 elements = {
        0 = TargetEntry {resno: 1, resname: 0x0, ressortgroupref: 3, resorigtbl: 0, resorigcol: 0, resjunk: false} = {
          expr = Var {varno: 65001, varattno: 1, vartype: 1043, vartypmod: 29, varcollid: 100, varlevelsup: 0, varnosyn: 1, varattnosyn: 2, location: -1}
        },
        1 = TargetEntry {resno: 2, resname: 0x0, ressortgroupref: 4, resorigtbl: 0, resorigcol: 0, resjunk: false} = {
          expr = Var {varno: 65001, varattno: 2, vartype: 23, vartypmod: -1, varcollid: 0, varlevelsup: 0, varnosyn: 1, varattnosyn: 1, location: -1}
        },
        2 = TargetEntry {resno: 3, resname: 0x0, ressortgroupref: 5, resorigtbl: 0, resorigcol: 0, resjunk: false} = {
          expr = Var {varno: 65001, varattno: 3, vartype: 23, vartypmod: -1, varcollid: 0, varlevelsup: 0, varnosyn: 2, varattnosyn: 1, location: -1}
        },
        3 = TargetEntry {resno: 4, resname: 0x0, ressortgroupref: 2, resorigtbl: 0, resorigcol: 0, resjunk: false} = {
          expr = Var {varno: 65001, varattno: 4, vartype: 1082, vartypmod: -1, varcollid: 0, varlevelsup: 0, varnosyn: 2, varattnosyn: 5, location: -1}
        },
        4 = TargetEntry {resno: 5, resname: 0x0, ressortgroupref: 1, resorigtbl: 0, resorigcol: 0, resjunk: false} = {
          expr = Var {varno: 65001, varattno: 5, vartype: 1700, vartypmod: 983046, varcollid: 0, varlevelsup: 0, varnosyn: 2, varattnosyn: 4, location: -1}
        },
        5 = TargetEntry {resno: 6, resname: 0x0, ressortgroupref: 0, resorigtbl: 0, resorigcol: 0, resjunk: false} = {
          expr = Var {varno: 65001, varattno: 6, vartype: 1700, vartypmod: 983046, varcollid: 0, varlevelsup: 0, varnosyn: 3, varattnosyn: 5, location: -1}
        }
      },
      plan.lefttree = NestLoop (cost=191.83..724.86 rows=1 width=116 plan_id=3 parallel_aware=False parallel_safe = False) {join.jointype: JOIN_INNER, join.inner_unique: false} = {
        join.plan.targetlist = List with 6 elements = {
          0 = TargetEntry {resno: 1, resname: 0x0, ressortgroupref: 3, resorigtbl: 0, resorigcol: 0, resjunk: false} = {
            expr = Var {varno: 65001, varattno: 1, vartype: 1043, vartypmod: 29, varcollid: 100, varlevelsup: 0, varnosyn: 1, varattnosyn: 2, location: 9}
          },
          1 = TargetEntry {resno: 2, resname: 0x0, ressortgroupref: 4, resorigtbl: 0, resorigcol: 0, resjunk: false} = {
            expr = Var {varno: 65001, varattno: 2, vartype: 23, vartypmod: -1, varcollid: 0, varlevelsup: 0, varnosyn: 1, varattnosyn: 1, location: 19}
          },
          2 = TargetEntry {resno: 3, resname: 0x0, ressortgroupref: 5, resorigtbl: 0, resorigcol: 0, resjunk: false} = {
            expr = Var {varno: 65001, varattno: 3, vartype: 23, vartypmod: -1, varcollid: 0, varlevelsup: 0, varnosyn: 2, varattnosyn: 1, location: 32}
          },
          3 = TargetEntry {resno: 4, resname: 0x0, ressortgroupref: 2, resorigtbl: 0, resorigcol: 0, resjunk: false} = {
            expr = Var {varno: 65001, varattno: 4, vartype: 1082, vartypmod: -1, varcollid: 0, varlevelsup: 0, varnosyn: 2, varattnosyn: 5, location: 46}
          },
          4 = TargetEntry {resno: 5, resname: 0x0, ressortgroupref: 1, resorigtbl: 0, resorigcol: 0, resjunk: false} = {
            expr = Var {varno: 65001, varattno: 5, vartype: 1700, vartypmod: 983046, varcollid: 0, varlevelsup: 0, varnosyn: 2, varattnosyn: 4, location: 61}
          },
          5 = TargetEntry {resno: 6, resname: 0x0, ressortgroupref: 0, resorigtbl: 0, resorigcol: 0, resjunk: false} = {
            expr = Var {varno: 65000, varattno: 1, vartype: 1700, vartypmod: 983046, varcollid: 0, varlevelsup: 0, varnosyn: 3, varattnosyn: 5, location: 81}
          }
        },
        join.plan.lefttree = NestLoop (cost=191.83..532.68 rows=2 width=102 plan_id=4 parallel_aware=False parallel_safe = False) {join.jointype: JOIN_INNER, join.inner_unique: false} = {
          join.plan.targetlist = List with 6 elements = {
            0 = TargetEntry {resno: 1, resname: 0x0, ressortgroupref: 0, resorigtbl: 0, resorigcol: 0, resjunk: false} = {
              expr = Var {varno: 65001, varattno: 1, vartype: 1043, vartypmod: 29, varcollid: 100, varlevelsup: 0, varnosyn: 1, varattnosyn: 2, location: 9}
            },
            1 = TargetEntry {resno: 2, resname: 0x0, ressortgroupref: 0, resorigtbl: 0, resorigcol: 0, resjunk: false} = {
              expr = Var {varno: 65001, varattno: 2, vartype: 23, vartypmod: -1, varcollid: 0, varlevelsup: 0, varnosyn: 1, varattnosyn: 1, location: 19}
            },
            2 = TargetEntry {resno: 3, resname: 0x0, ressortgroupref: 0, resorigtbl: 0, resorigcol: 0, resjunk: false} = {
              expr = Var {varno: 65000, varattno: 1, vartype: 23, vartypmod: -1, varcollid: 0, varlevelsup: 0, varnosyn: 2, varattnosyn: 1, location: 32}
            },
            3 = TargetEntry {resno: 4, resname: 0x0, ressortgroupref: 0, resorigtbl: 0, resorigcol: 0, resjunk: false} = {
              expr = Var {varno: 65000, varattno: 2, vartype: 1082, vartypmod: -1, varcollid: 0, varlevelsup: 0, varnosyn: 2, varattnosyn: 5, location: 46}
            },
            4 = TargetEntry {resno: 5, resname: 0x0, ressortgroupref: 0, resorigtbl: 0, resorigcol: 0, resjunk: false} = {
              expr = Var {varno: 65000, varattno: 3, vartype: 1700, vartypmod: 983046, varcollid: 0, varlevelsup: 0, varnosyn: 2, varattnosyn: 4, location: 61}
            },
            5 = TargetEntry {resno: 6, resname: 0x0, ressortgroupref: 0, resorigtbl: 0, resorigcol: 0, resjunk: false} = {
              expr = Var {varno: 65000, varattno: 5, vartype: 23, vartypmod: -1, varcollid: 0, varlevelsup: 0, varnosyn: 4, varattnosyn: 1, location: -1}
            }
          },
          join.plan.lefttree = RemoteQuery (cost=0.00..136.00 rows=47 width=72 plan_id=5 parallel_aware=False parallel_safe = False) {scan.scanrelid: 5, exec_direct_type: EXEC_DIRECT_NONE, sql_statement: 'SELECT c_name, c_custkey FROM ONLY public.customer customer WHERE true', sql_node: 0x0, combine_type: COMBINE_TYPE_NONE, read_only: true, force_autocommit: false, statement: 0x0, cursor: 0x0, rq_num_params: 0, rq_params_internal: false, exec_type: EXEC_ON_DATANODES, is_temp: false, rq_finalise_aggs: false, rq_sortgroup_colno: false, has_row_marks: false, rq_save_command_id: false, rq_use_pk_for_rep_change: false, rq_max_param_num: 0} = {
            scan.plan.targetlist = List with 2 elements = {
              0 = TargetEntry {resno: 1, resname: 0x0, ressortgroupref: 0, resorigtbl: 0, resorigcol: 0, resjunk: false} = {
                expr = Var {varno: 5, varattno: 1, vartype: 1043, vartypmod: 29, varcollid: 100, varlevelsup: 0, varnosyn: 1, varattnosyn: 2, location: 9}
              },
              1 = TargetEntry {resno: 2, resname: 0x0, ressortgroupref: 0, resorigtbl: 0, resorigcol: 0, resjunk: false} = {
                expr = Var {varno: 5, varattno: 2, vartype: 23, vartypmod: -1, varcollid: 0, varlevelsup: 0, varnosyn: 1, varattnosyn: 1, location: 19}
              }
            },
            exec_nodes = ExecNodes {accesstype: RELATION_ACCESS_READ, baselocatortype: 72 'H', en_relid: 0, en_funcid: 0} = {
              en_dist_vars = List with 1 elements = {
                0 = Var {varno: 1, varattno: 1, vartype: 23, vartypmod: -1, varcollid: 0, varlevelsup: 0, varnosyn: 1, varattnosyn: 1, location: 19}
              },
              nodeids = OidList with 3 elements = {16386, 16387, 16388}
            },
            remote_query = Query {commandType: CMD_SELECT, querySource: QSRC_ORIGINAL, queryId: 0, canSetTag: false, resultRelation: 0, hasAggs: false, hasWindowFuncs: false, hasTargetSRFs: false, hasSubLinks: false, hasDistinctOn: false, hasRecursive: false, hasModifyingCTE: false, hasForUpdate: false, hasRowSecurity: false, override: OVERRIDING_NOT_SET, limitOption: LIMIT_OPTION_COUNT, stmt_location: 0, stmt_len: 0, is_local: false, has_to_save_cmd_id: false, in_sub_plan: false, in_explain: false} = {
              rtable = List with 1 elements = {
                0 = RangeTblEntry {rtekind: RTE_RELATION, relname: 'customer', relid: 270672, relkind: 114 'r', rellockmode: 1, security_barrier: false, jointype: JOIN_INNER, joinmergedcols: 0, funcordinality: false, ctename: 0x0, ctelevelsup: 0, self_reference: false, enrname: 0x0, enrtuples: 0, param_new: -1, param_old: -1, mt_result: 0x0, defaultCols: 0x0, rows: 0, lateral: false, inh: false, inFromCl: true, requiredPerms: 2, checkAsUser: 0, selectedCols: (b 11 12), insertedCols: 0x0, updatedCols: 0x0, extraUpdatedCols: 0x0} = {
                  alias = Alias aliasname: 'customer',
                  eref = Alias aliasname: 'customer' = {
                    colnames = List with 8 elements = {
                      0 = String[ 'c_custkey' ],
                      1 = String[ 'c_name' ],
                      2 = String[ 'c_address' ],
                      3 = String[ 'c_nationkey' ],
                      4 = String[ 'c_phone' ],
                      5 = String[ 'c_acctbal' ],
                      6 = String[ 'c_mktsegment' ],
                      7 = String[ 'c_comment' ]
                    }
                  }
                }
              },
              jointree = FromExpr  = {
                fromlist = List with 1 elements = {
                  0 = RangeTblRef rtindex: 1
                },
                quals = Const {consttype: 16, consttypmod: -1, constcollid: 0, constlen: 1, constvalue: 1, constisnull: false, constbyval: true, location: -1}
              },
              targetList = List with 2 elements = {
                0 = TargetEntry {resno: 1, resname: 0x0, ressortgroupref: 0, resorigtbl: 0, resorigcol: 0, resjunk: false} = {
                  expr = Var {varno: 1, varattno: 2, vartype: 1043, vartypmod: 29, varcollid: 100, varlevelsup: 0, varnosyn: 0, varattnosyn: 2, location: 9}
                },
                1 = TargetEntry {resno: 2, resname: 0x0, ressortgroupref: 0, resorigtbl: 0, resorigcol: 0, resjunk: false} = {
                  expr = Var {varno: 1, varattno: 1, vartype: 23, vartypmod: -1, varcollid: 0, varlevelsup: 0, varnosyn: 0, varattnosyn: 1, location: 19}
                }
              }
            },
            base_tlist = List with 2 elements = {
              0 = TargetEntry {resno: 1, resname: 0x0, ressortgroupref: 0, resorigtbl: 0, resorigcol: 0, resjunk: false} = {
                expr = Var {varno: 1, varattno: 2, vartype: 1043, vartypmod: 29, varcollid: 100, varlevelsup: 0, varnosyn: 1, varattnosyn: 2, location: 9}
              },
              1 = TargetEntry {resno: 2, resname: 0x0, ressortgroupref: 0, resorigtbl: 0, resorigcol: 0, resjunk: false} = {
                expr = Var {varno: 1, varattno: 1, vartype: 23, vartypmod: -1, varcollid: 0, varlevelsup: 0, varnosyn: 1, varattnosyn: 1, location: 19}
              }
            },
            coord_var_tlist = List with 2 elements = {
              0 = TargetEntry {resno: 1, resname: 0x0, ressortgroupref: 0, resorigtbl: 0, resorigcol: 0, resjunk: false} = {
                expr = Var {varno: 1, varattno: 2, vartype: 1043, vartypmod: 29, varcollid: 100, varlevelsup: 0, varnosyn: 1, varattnosyn: 2, location: 9}
              },
              1 = TargetEntry {resno: 2, resname: 0x0, ressortgroupref: 0, resorigtbl: 0, resorigcol: 0, resjunk: false} = {
                expr = Var {varno: 1, varattno: 1, vartype: 23, vartypmod: -1, varcollid: 0, varlevelsup: 0, varnosyn: 1, varattnosyn: 1, location: 19}
              }
            },
            query_var_tlist = List with 2 elements = {
              0 = TargetEntry {resno: 1, resname: 0x0, ressortgroupref: 0, resorigtbl: 0, resorigcol: 0, resjunk: false} = {
                expr = Var {varno: 1, varattno: 2, vartype: 1043, vartypmod: 29, varcollid: 100, varlevelsup: 0, varnosyn: 0, varattnosyn: 2, location: 9}
              },
              1 = TargetEntry {resno: 2, resname: 0x0, ressortgroupref: 0, resorigtbl: 0, resorigcol: 0, resjunk: false} = {
                expr = Var {varno: 1, varattno: 1, vartype: 23, vartypmod: -1, varcollid: 0, varlevelsup: 0, varnosyn: 0, varattnosyn: 1, location: 19}
              }
            }
          },
          join.plan.righttree = Material (cost=191.83..391.06 rows=8 width=34 plan_id=6 parallel_aware=False parallel_safe = False)  = {
            plan.targetlist = List with 5 elements = {
              0 = TargetEntry {resno: 1, resname: 0x0, ressortgroupref: 0, resorigtbl: 0, resorigcol: 0, resjunk: false} = {
                expr = Var {varno: 65001, varattno: 1, vartype: 23, vartypmod: -1, varcollid: 0, varlevelsup: 0, varnosyn: 2, varattnosyn: 1, location: -1}
              },
              1 = TargetEntry {resno: 2, resname: 0x0, ressortgroupref: 0, resorigtbl: 0, resorigcol: 0, resjunk: false} = {
                expr = Var {varno: 65001, varattno: 2, vartype: 1082, vartypmod: -1, varcollid: 0, varlevelsup: 0, varnosyn: 2, varattnosyn: 5, location: -1}
              },
              2 = TargetEntry {resno: 3, resname: 0x0, ressortgroupref: 0, resorigtbl: 0, resorigcol: 0, resjunk: false} = {
                expr = Var {varno: 65001, varattno: 3, vartype: 1700, vartypmod: 983046, varcollid: 0, varlevelsup: 0, varnosyn: 2, varattnosyn: 4, location: -1}
              },
              3 = TargetEntry {resno: 4, resname: 0x0, ressortgroupref: 0, resorigtbl: 0, resorigcol: 0, resjunk: false} = {
                expr = Var {varno: 65001, varattno: 4, vartype: 23, vartypmod: -1, varcollid: 0, varlevelsup: 0, varnosyn: 2, varattnosyn: 2, location: -1}
              },
              4 = TargetEntry {resno: 5, resname: 0x0, ressortgroupref: 0, resorigtbl: 0, resorigcol: 0, resjunk: false} = {
                expr = Var {varno: 65001, varattno: 5, vartype: 23, vartypmod: -1, varcollid: 0, varlevelsup: 0, varnosyn: 4, varattnosyn: 1, location: -1}
              }
            },
            plan.lefttree = HashJoin (cost=191.83..391.02 rows=8 width=34 plan_id=7 parallel_aware=False parallel_safe = False) {join.jointype: JOIN_INNER, join.inner_unique: true} = {
              join.plan.targetlist = List with 5 elements = {
                0 = TargetEntry {resno: 1, resname: 0x0, ressortgroupref: 0, resorigtbl: 0, resorigcol: 0, resjunk: false} = {
                  expr = Var {varno: 65001, varattno: 1, vartype: 23, vartypmod: -1, varcollid: 0, varlevelsup: 0, varnosyn: 2, varattnosyn: 1, location: 32}
                },
                1 = TargetEntry {resno: 2, resname: 0x0, ressortgroupref: 0, resorigtbl: 0, resorigcol: 0, resjunk: false} = {
                  expr = Var {varno: 65001, varattno: 2, vartype: 1082, vartypmod: -1, varcollid: 0, varlevelsup: 0, varnosyn: 2, varattnosyn: 5, location: 46}
                },
                2 = TargetEntry {resno: 3, resname: 0x0, ressortgroupref: 0, resorigtbl: 0, resorigcol: 0, resjunk: false} = {
                  expr = Var {varno: 65001, varattno: 3, vartype: 1700, vartypmod: 983046, varcollid: 0, varlevelsup: 0, varnosyn: 2, varattnosyn: 4, location: 61}
                },
                3 = TargetEntry {resno: 4, resname: 0x0, ressortgroupref: 0, resorigtbl: 0, resorigcol: 0, resjunk: false} = {
                  expr = Var {varno: 65001, varattno: 4, vartype: 23, vartypmod: -1, varcollid: 0, varlevelsup: 0, varnosyn: 2, varattnosyn: 2, location: 296}
                },
                4 = TargetEntry {resno: 5, resname: 0x0, ressortgroupref: 0, resorigtbl: 0, resorigcol: 0, resjunk: false} = {
                  expr = Var {varno: 65000, varattno: 1, vartype: 23, vartypmod: -1, varcollid: 0, varlevelsup: 0, varnosyn: 4, varattnosyn: 1, location: -1}
                }
              },
              join.plan.lefttree = RemoteQuery (cost=0.00..199.00 rows=70 width=30 plan_id=8 parallel_aware=False parallel_safe = False) {scan.scanrelid: 6, exec_direct_type: EXEC_DIRECT_NONE, sql_statement: 'SELECT o_orderkey, o_orderdate, o_totalprice, o_custkey FROM ONLY public.orders orders WHERE true', sql_node: 0x0, combine_type: COMBINE_TYPE_NONE, read_only: true, force_autocommit: false, statement: 0x0, cursor: 0x0, rq_num_params: 0, rq_params_internal: false, exec_type: EXEC_ON_DATANODES, is_temp: false, rq_finalise_aggs: false, rq_sortgroup_colno: false, has_row_marks: false, rq_save_command_id: false, rq_use_pk_for_rep_change: false, rq_max_param_num: 0} = {
                scan.plan.targetlist = List with 4 elements = {
                  0 = TargetEntry {resno: 1, resname: 0x0, ressortgroupref: 0, resorigtbl: 0, resorigcol: 0, resjunk: false} = {
                    expr = Var {varno: 6, varattno: 1, vartype: 23, vartypmod: -1, varcollid: 0, varlevelsup: 0, varnosyn: 2, varattnosyn: 1, location: 32}
                  },
                  1 = TargetEntry {resno: 2, resname: 0x0, ressortgroupref: 0, resorigtbl: 0, resorigcol: 0, resjunk: false} = {
                    expr = Var {varno: 6, varattno: 2, vartype: 1082, vartypmod: -1, varcollid: 0, varlevelsup: 0, varnosyn: 2, varattnosyn: 5, location: 46}
                  },
                  2 = TargetEntry {resno: 3, resname: 0x0, ressortgroupref: 0, resorigtbl: 0, resorigcol: 0, resjunk: false} = {
                    expr = Var {varno: 6, varattno: 3, vartype: 1700, vartypmod: 983046, varcollid: 0, varlevelsup: 0, varnosyn: 2, varattnosyn: 4, location: 61}
                  },
                  3 = TargetEntry {resno: 4, resname: 0x0, ressortgroupref: 0, resorigtbl: 0, resorigcol: 0, resjunk: false} = {
                    expr = Var {varno: 6, varattno: 4, vartype: 23, vartypmod: -1, varcollid: 0, varlevelsup: 0, varnosyn: 2, varattnosyn: 2, location: 296}
                  }
                },
                exec_nodes = ExecNodes {accesstype: RELATION_ACCESS_READ, baselocatortype: 72 'H', en_relid: 0, en_funcid: 0} = {
                  en_dist_vars = List with 1 elements = {
                    0 = Var {varno: 2, varattno: 1, vartype: 23, vartypmod: -1, varcollid: 0, varlevelsup: 0, varnosyn: 2, varattnosyn: 1, location: 32}
                  },
                  nodeids = OidList with 3 elements = {16386, 16387, 16388}
                },
                remote_query = Query {commandType: CMD_SELECT, querySource: QSRC_ORIGINAL, queryId: 0, canSetTag: false, resultRelation: 0, hasAggs: false, hasWindowFuncs: false, hasTargetSRFs: false, hasSubLinks: false, hasDistinctOn: false, hasRecursive: false, hasModifyingCTE: false, hasForUpdate: false, hasRowSecurity: false, override: OVERRIDING_NOT_SET, limitOption: LIMIT_OPTION_COUNT, stmt_location: 0, stmt_len: 0, is_local: false, has_to_save_cmd_id: false, in_sub_plan: false, in_explain: false} = {
                  rtable = List with 1 elements = {
                    0 = RangeTblEntry {rtekind: RTE_RELATION, relname: 'orders', relid: 270675, relkind: 114 'r', rellockmode: 1, security_barrier: false, jointype: JOIN_INNER, joinmergedcols: 0, funcordinality: false, ctename: 0x0, ctelevelsup: 0, self_reference: false, enrname: 0x0, enrtuples: 0, param_new: -1, param_old: -1, mt_result: 0x0, defaultCols: 0x0, rows: 0, lateral: false, inh: false, inFromCl: true, requiredPerms: 2, checkAsUser: 0, selectedCols: (b 11 12 14 15), insertedCols: 0x0, updatedCols: 0x0, extraUpdatedCols: 0x0} = {
                      alias = Alias aliasname: 'orders',
                      eref = Alias aliasname: 'orders' = {
                        colnames = List with 9 elements = {
                          0 = String[ 'o_orderkey' ],
                          1 = String[ 'o_custkey' ],
                          2 = String[ 'o_orderstatus' ],
                          3 = String[ 'o_totalprice' ],
                          4 = String[ 'o_orderdate' ],
                          5 = String[ 'o_orderpriority' ],
                          6 = String[ 'o_clerk' ],
                          7 = String[ 'o_shippriority' ],
                          8 = String[ 'o_comment' ]
                        }
                      }
                    }
                  },
                  jointree = FromExpr  = {
                    fromlist = List with 1 elements = {
                      0 = RangeTblRef rtindex: 1
                    },
                    quals = Const {consttype: 16, consttypmod: -1, constcollid: 0, constlen: 1, constvalue: 1, constisnull: false, constbyval: true, location: -1}
                  },
                  targetList = List with 4 elements = {
                    0 = TargetEntry {resno: 1, resname: 0x0, ressortgroupref: 0, resorigtbl: 0, resorigcol: 0, resjunk: false} = {
                      expr = Var {varno: 1, varattno: 1, vartype: 23, vartypmod: -1, varcollid: 0, varlevelsup: 0, varnosyn: 0, varattnosyn: 1, location: 32}
                    },
                    1 = TargetEntry {resno: 2, resname: 0x0, ressortgroupref: 0, resorigtbl: 0, resorigcol: 0, resjunk: false} = {
                      expr = Var {varno: 1, varattno: 5, vartype: 1082, vartypmod: -1, varcollid: 0, varlevelsup: 0, varnosyn: 0, varattnosyn: 5, location: 46}
                    },
                    2 = TargetEntry {resno: 3, resname: 0x0, ressortgroupref: 0, resorigtbl: 0, resorigcol: 0, resjunk: false} = {
                      expr = Var {varno: 1, varattno: 4, vartype: 1700, vartypmod: 983046, varcollid: 0, varlevelsup: 0, varnosyn: 0, varattnosyn: 4, location: 61}
                    },
                    3 = TargetEntry {resno: 4, resname: 0x0, ressortgroupref: 0, resorigtbl: 0, resorigcol: 0, resjunk: false} = {
                      expr = Var {varno: 1, varattno: 2, vartype: 23, vartypmod: -1, varcollid: 0, varlevelsup: 0, varnosyn: 0, varattnosyn: 2, location: 296}
                    }
                  }
                },
                base_tlist = List with 4 elements = {
                  0 = TargetEntry {resno: 1, resname: 0x0, ressortgroupref: 0, resorigtbl: 0, resorigcol: 0, resjunk: false} = {
                    expr = Var {varno: 2, varattno: 1, vartype: 23, vartypmod: -1, varcollid: 0, varlevelsup: 0, varnosyn: 2, varattnosyn: 1, location: 32}
                  },
                  1 = TargetEntry {resno: 2, resname: 0x0, ressortgroupref: 0, resorigtbl: 0, resorigcol: 0, resjunk: false} = {
                    expr = Var {varno: 2, varattno: 5, vartype: 1082, vartypmod: -1, varcollid: 0, varlevelsup: 0, varnosyn: 2, varattnosyn: 5, location: 46}
                  },
                  2 = TargetEntry {resno: 3, resname: 0x0, ressortgroupref: 0, resorigtbl: 0, resorigcol: 0, resjunk: false} = {
                    expr = Var {varno: 2, varattno: 4, vartype: 1700, vartypmod: 983046, varcollid: 0, varlevelsup: 0, varnosyn: 2, varattnosyn: 4, location: 61}
                  },
                  3 = TargetEntry {resno: 4, resname: 0x0, ressortgroupref: 0, resorigtbl: 0, resorigcol: 0, resjunk: false} = {
                    expr = Var {varno: 2, varattno: 2, vartype: 23, vartypmod: -1, varcollid: 0, varlevelsup: 0, varnosyn: 2, varattnosyn: 2, location: 296}
                  }
                },
                coord_var_tlist = List with 4 elements = {
                  0 = TargetEntry {resno: 1, resname: 0x0, ressortgroupref: 0, resorigtbl: 0, resorigcol: 0, resjunk: false} = {
                    expr = Var {varno: 2, varattno: 1, vartype: 23, vartypmod: -1, varcollid: 0, varlevelsup: 0, varnosyn: 2, varattnosyn: 1, location: 32}
                  },
                  1 = TargetEntry {resno: 2, resname: 0x0, ressortgroupref: 0, resorigtbl: 0, resorigcol: 0, resjunk: false} = {
                    expr = Var {varno: 2, varattno: 5, vartype: 1082, vartypmod: -1, varcollid: 0, varlevelsup: 0, varnosyn: 2, varattnosyn: 5, location: 46}
                  },
                  2 = TargetEntry {resno: 3, resname: 0x0, ressortgroupref: 0, resorigtbl: 0, resorigcol: 0, resjunk: false} = {
                    expr = Var {varno: 2, varattno: 4, vartype: 1700, vartypmod: 983046, varcollid: 0, varlevelsup: 0, varnosyn: 2, varattnosyn: 4, location: 61}
                  },
                  3 = TargetEntry {resno: 4, resname: 0x0, ressortgroupref: 0, resorigtbl: 0, resorigcol: 0, resjunk: false} = {
                    expr = Var {varno: 2, varattno: 2, vartype: 23, vartypmod: -1, varcollid: 0, varlevelsup: 0, varnosyn: 2, varattnosyn: 2, location: 296}
                  }
                },
                query_var_tlist = List with 4 elements = {
                  0 = TargetEntry {resno: 1, resname: 0x0, ressortgroupref: 0, resorigtbl: 0, resorigcol: 0, resjunk: false} = {
                    expr = Var {varno: 1, varattno: 1, vartype: 23, vartypmod: -1, varcollid: 0, varlevelsup: 0, varnosyn: 0, varattnosyn: 1, location: 32}
                  },
                  1 = TargetEntry {resno: 2, resname: 0x0, ressortgroupref: 0, resorigtbl: 0, resorigcol: 0, resjunk: false} = {
                    expr = Var {varno: 1, varattno: 5, vartype: 1082, vartypmod: -1, varcollid: 0, varlevelsup: 0, varnosyn: 0, varattnosyn: 5, location: 46}
                  },
                  2 = TargetEntry {resno: 3, resname: 0x0, ressortgroupref: 0, resorigtbl: 0, resorigcol: 0, resjunk: false} = {
                    expr = Var {varno: 1, varattno: 4, vartype: 1700, vartypmod: 983046, varcollid: 0, varlevelsup: 0, varnosyn: 0, varattnosyn: 4, location: 61}
                  },
                  3 = TargetEntry {resno: 4, resname: 0x0, ressortgroupref: 0, resorigtbl: 0, resorigcol: 0, resjunk: false} = {
                    expr = Var {varno: 1, varattno: 2, vartype: 23, vartypmod: -1, varcollid: 0, varlevelsup: 0, varnosyn: 0, varattnosyn: 2, location: 296}
                  }
                }
              },
              join.plan.righttree = Hash (cost=191.56..191.56 rows=22 width=4 plan_id=9 parallel_aware=False parallel_safe = False) {skewTable: 270675, skewColumn: 1, skewInherit: false, rows_total: 0} = {
                plan.targetlist = List with 1 elements = {
                  0 = TargetEntry {resno: 1, resname: 0x0, ressortgroupref: 0, resorigtbl: 0, resorigcol: 0, resjunk: false} = {
                    expr = Var {varno: 65001, varattno: 1, vartype: 23, vartypmod: -1, varcollid: 0, varlevelsup: 0, varnosyn: 4, varattnosyn: 1, location: -1}
                  }
                },
                plan.lefttree = Agg (cost=190.33..191.34 rows=22 width=4 plan_id=11 parallel_aware=False parallel_safe = False) {aggstrategy: AGG_HASHED, aggsplit: AGGSPLIT_SIMPLE, numCols: 1, numGroups: 67, transitionSpace: 128, aggParams: 0x0} = {
                  grpColIdx = [1],
                  grpOperators = [96],
                  grpCollations = [0],
                  plan.targetlist = List with 1 elements = {
                    0 = TargetEntry {resno: 1, resname: 0x0, ressortgroupref: 0, resorigtbl: 0, resorigcol: 0, resjunk: false} = {
                      expr = Var {varno: 65001, varattno: 1, vartype: 23, vartypmod: -1, varcollid: 0, varlevelsup: 0, varnosyn: 0, varattnosyn: 0, location: -1}
                    }
                  },
                  plan.qual = List with 1 elements = {
                    0 = OpExpr {opno: 1756, opfuncid: 1720, opresulttype: 16, opretset: false, opcollid: 0, inputcollid: 0, location: 268} = {
                      args = List with 2 elements = {
                        0 = Aggref {aggfnoid: 2114, aggtype: 1700, aggcollid: 0, inputcollid: 0, aggtranstype: 2281, aggtrantype: 0, agghas_collectfn: false, rank_first: false, aggstar: false, aggvariadic: false, aggkind: 110 'n', agglevelsup: 0, aggsplit: AGGSPLIT_SIMPLE, location: 252} = {
                          aggargtypes = OidList with 1 elements = {1700},
                          args = List with 1 elements = {
                            0 = TargetEntry {resno: 1, resname: 0x0, ressortgroupref: 0, resorigtbl: 0, resorigcol: 0, resjunk: false} = {
                              expr = Var {varno: 65001, varattno: 2, vartype: 1700, vartypmod: 983046, varcollid: 0, varlevelsup: 0, varnosyn: 8, varattnosyn: 5, location: 256}
                            }
                          }
                        },
                        1 = Const {consttype: 1700, consttypmod: -1, constcollid: 0, constlen: -1, constvalue: 94501921754776, constisnull: false, constbyval: false, location: -1}
                      }
                    }
                  },
                  plan.lefttree = RemoteQuery (cost=0.00..190.00 rows=67 width=22 plan_id=12 parallel_aware=False parallel_safe = False) {scan.scanrelid: 9, exec_direct_type: EXEC_DIRECT_NONE, sql_statement: 'SELECT l_orderkey, l_quantity FROM ONLY public.lineitem lineitem WHERE true', sql_node: 0x0, combine_type: COMBINE_TYPE_NONE, read_only: true, force_autocommit: false, statement: 0x0, cursor: 0x0, rq_num_params: 0, rq_params_internal: false, exec_type: EXEC_ON_DATANODES, is_temp: false, rq_finalise_aggs: false, rq_sortgroup_colno: false, has_row_marks: false, rq_save_command_id: false, rq_use_pk_for_rep_change: false, rq_max_param_num: 0} = {
                    scan.plan.targetlist = List with 2 elements = {
                      0 = TargetEntry {resno: 1, resname: 0x0, ressortgroupref: 1, resorigtbl: 0, resorigcol: 0, resjunk: false} = {
                        expr = Var {varno: 9, varattno: 1, vartype: 23, vartypmod: -1, varcollid: 0, varlevelsup: 0, varnosyn: 15, varattnosyn: 1, location: 172}
                      },
                      1 = TargetEntry {resno: 2, resname: 0x0, ressortgroupref: 0, resorigtbl: 0, resorigcol: 0, resjunk: false} = {
                        expr = Var {varno: 9, varattno: 2, vartype: 1700, vartypmod: 983046, varcollid: 0, varlevelsup: 0, varnosyn: 15, varattnosyn: 5, location: 256}
                      }
                    },
                    exec_nodes = ExecNodes {accesstype: RELATION_ACCESS_READ, baselocatortype: 72 'H', en_relid: 0, en_funcid: 0} = {
                      en_dist_vars = List with 1 elements = {
                        0 = Var {varno: 1, varattno: 1, vartype: 23, vartypmod: -1, varcollid: 0, varlevelsup: 0, varnosyn: 1, varattnosyn: 1, location: 172}
                      },
                      nodeids = OidList with 3 elements = {16386, 16387, 16388}
                    },
                    remote_query = Query {commandType: CMD_SELECT, querySource: QSRC_ORIGINAL, queryId: 0, canSetTag: false, resultRelation: 0, hasAggs: false, hasWindowFuncs: false, hasTargetSRFs: false, hasSubLinks: false, hasDistinctOn: false, hasRecursive: false, hasModifyingCTE: false, hasForUpdate: false, hasRowSecurity: false, override: OVERRIDING_NOT_SET, limitOption: LIMIT_OPTION_COUNT, stmt_location: 0, stmt_len: 0, is_local: false, has_to_save_cmd_id: false, in_sub_plan: false, in_explain: false} = {
                      rtable = List with 1 elements = {
                        0 = RangeTblEntry {rtekind: RTE_RELATION, relname: 'lineitem', relid: 270678, relkind: 114 'r', rellockmode: 1, security_barrier: false, jointype: JOIN_INNER, joinmergedcols: 0, funcordinality: false, ctename: 0x0, ctelevelsup: 0, self_reference: false, enrname: 0x0, enrtuples: 0, param_new: -1, param_old: -1, mt_result: 0x0, defaultCols: 0x0, rows: 0, lateral: false, inh: false, inFromCl: true, requiredPerms: 2, checkAsUser: 0, selectedCols: (b 11 15), insertedCols: 0x0, updatedCols: 0x0, extraUpdatedCols: 0x0} = {
                          alias = Alias aliasname: 'lineitem',
                          eref = Alias aliasname: 'lineitem' = {
                            colnames = List with 16 elements = {
                              0 = String[ 'l_orderkey' ],
                              1 = String[ 'l_partkey' ],
                              2 = String[ 'l_suppkey' ],
                              3 = String[ 'l_linenumber' ],
                              4 = String[ 'l_quantity' ],
                              5 = String[ 'l_extendedprice' ],
                              6 = String[ 'l_discount' ],
                              7 = String[ 'l_tax' ],
                              8 = String[ 'l_returnflag' ],
                              9 = String[ 'l_linestatus' ],
                              10 = String[ 'l_shipdate' ],
                              11 = String[ 'l_commitdate' ],
                              12 = String[ 'l_receiptdate' ],
                              13 = String[ 'l_shipinstruct' ],
                              14 = String[ 'l_shipmode' ],
                              15 = String[ 'l_comment' ]
                            }
                          }
                        }
                      },
                      jointree = FromExpr  = {
                        fromlist = List with 1 elements = {
                          0 = RangeTblRef rtindex: 1
                        },
                        quals = Const {consttype: 16, consttypmod: -1, constcollid: 0, constlen: 1, constvalue: 1, constisnull: false, constbyval: true, location: -1}
                      },
                      targetList = List with 2 elements = {
                        0 = TargetEntry {resno: 1, resname: 0x0, ressortgroupref: 1, resorigtbl: 0, resorigcol: 0, resjunk: false} = {
                          expr = Var {varno: 1, varattno: 1, vartype: 23, vartypmod: -1, varcollid: 0, varlevelsup: 0, varnosyn: 0, varattnosyn: 1, location: 172}
                        },
                        1 = TargetEntry {resno: 2, resname: 0x0, ressortgroupref: 0, resorigtbl: 0, resorigcol: 0, resjunk: false} = {
                          expr = Var {varno: 1, varattno: 5, vartype: 1700, vartypmod: 983046, varcollid: 0, varlevelsup: 0, varnosyn: 0, varattnosyn: 5, location: 256}
                        }
                      }
                    },
                    base_tlist = List with 2 elements = {
                      0 = TargetEntry {resno: 1, resname: 0x0, ressortgroupref: 1, resorigtbl: 0, resorigcol: 0, resjunk: false} = {
                        expr = Var {varno: 8, varattno: 1, vartype: 23, vartypmod: -1, varcollid: 0, varlevelsup: 0, varnosyn: 8, varattnosyn: 1, location: 172}
                      },
                      1 = TargetEntry {resno: 2, resname: 0x0, ressortgroupref: 0, resorigtbl: 0, resorigcol: 0, resjunk: false} = {
                        expr = Var {varno: 8, varattno: 5, vartype: 1700, vartypmod: 983046, varcollid: 0, varlevelsup: 0, varnosyn: 8, varattnosyn: 5, location: 256}
                      }
                    },
                    coord_var_tlist = List with 2 elements = {
                      0 = TargetEntry {resno: 1, resname: 0x0, ressortgroupref: 0, resorigtbl: 0, resorigcol: 0, resjunk: false} = {
                        expr = Var {varno: 1, varattno: 1, vartype: 23, vartypmod: -1, varcollid: 0, varlevelsup: 0, varnosyn: 1, varattnosyn: 1, location: 172}
                      },
                      1 = TargetEntry {resno: 2, resname: 0x0, ressortgroupref: 0, resorigtbl: 0, resorigcol: 0, resjunk: false} = {
                        expr = Var {varno: 1, varattno: 5, vartype: 1700, vartypmod: 983046, varcollid: 0, varlevelsup: 0, varnosyn: 1, varattnosyn: 5, location: 256}
                      }
                    },
                    query_var_tlist = List with 2 elements = {
                      0 = TargetEntry {resno: 1, resname: 0x0, ressortgroupref: 0, resorigtbl: 0, resorigcol: 0, resjunk: false} = {
                        expr = Var {varno: 1, varattno: 1, vartype: 23, vartypmod: -1, varcollid: 0, varlevelsup: 0, varnosyn: 0, varattnosyn: 1, location: 172}
                      },
                      1 = TargetEntry {resno: 2, resname: 0x0, ressortgroupref: 0, resorigtbl: 0, resorigcol: 0, resjunk: false} = {
                        expr = Var {varno: 1, varattno: 5, vartype: 1700, vartypmod: 983046, varcollid: 0, varlevelsup: 0, varnosyn: 0, varattnosyn: 5, location: 256}
                      }
                    }
                  }
                },
                hashkeys = List with 1 elements = {
                  0 = Var {varno: 65001, varattno: 1, vartype: 23, vartypmod: -1, varcollid: 0, varlevelsup: 0, varnosyn: 4, varattnosyn: 1, location: -1}
                }
              },
              hashclauses = List with 1 elements = {
                0 = OpExpr {opno: 96, opfuncid: 65, opresulttype: 16, opretset: false, opcollid: 0, inputcollid: 0, location: -1} = {
                  args = List with 2 elements = {
                    0 = Var {varno: 65001, varattno: 1, vartype: 23, vartypmod: -1, varcollid: 0, varlevelsup: 0, varnosyn: 2, varattnosyn: 1, location: 312},
                    1 = Var {varno: 65000, varattno: 1, vartype: 23, vartypmod: -1, varcollid: 0, varlevelsup: 0, varnosyn: 4, varattnosyn: 1, location: -1}
                  }
                }
              },
              hashoperators = OidList with 1 elements = {96},
              hashcollations = OidList with 1 elements = {0},
              hashkeys = List with 1 elements = {
                0 = Var {varno: 65001, varattno: 1, vartype: 23, vartypmod: -1, varcollid: 0, varlevelsup: 0, varnosyn: 2, varattnosyn: 1, location: 312}
              }
            }
          },
          join.joinqual = List with 1 elements = {
            0 = OpExpr {opno: 96, opfuncid: 65, opresulttype: 16, opretset: false, opcollid: 0, inputcollid: 0, location: -1} = {
              args = List with 2 elements = {
                0 = Var {varno: 65000, varattno: 4, vartype: 23, vartypmod: -1, varcollid: 0, varlevelsup: 0, varnosyn: 2, varattnosyn: 2, location: 296},
                1 = Var {varno: 65001, varattno: 2, vartype: 23, vartypmod: -1, varcollid: 0, varlevelsup: 0, varnosyn: 1, varattnosyn: 1, location: 284}
              }
            }
          }
        },
        join.plan.righttree = Material (cost=0.00..190.34 rows=67 width=22 plan_id=13 parallel_aware=False parallel_safe = False)  = {
          plan.targetlist = List with 2 elements = {
            0 = TargetEntry {resno: 1, resname: 0x0, ressortgroupref: 0, resorigtbl: 0, resorigcol: 0, resjunk: false} = {
              expr = Var {varno: 65001, varattno: 1, vartype: 1700, vartypmod: 983046, varcollid: 0, varlevelsup: 0, varnosyn: 3, varattnosyn: 5, location: -1}
            },
            1 = TargetEntry {resno: 2, resname: 0x0, ressortgroupref: 0, resorigtbl: 0, resorigcol: 0, resjunk: false} = {
              expr = Var {varno: 65001, varattno: 2, vartype: 23, vartypmod: -1, varcollid: 0, varlevelsup: 0, varnosyn: 3, varattnosyn: 1, location: -1}
            }
          },
          plan.lefttree = RemoteQuery (cost=0.00..190.00 rows=67 width=22 plan_id=14 parallel_aware=False parallel_safe = False) {scan.scanrelid: 7, exec_direct_type: EXEC_DIRECT_NONE, sql_statement: 'SELECT l_quantity, l_orderkey FROM ONLY public.lineitem lineitem WHERE true', sql_node: 0x0, combine_type: COMBINE_TYPE_NONE, read_only: true, force_autocommit: false, statement: 0x0, cursor: 0x0, rq_num_params: 0, rq_params_internal: false, exec_type: EXEC_ON_DATANODES, is_temp: false, rq_finalise_aggs: false, rq_sortgroup_colno: false, has_row_marks: false, rq_save_command_id: false, rq_use_pk_for_rep_change: false, rq_max_param_num: 0} = {
            scan.plan.targetlist = List with 2 elements = {
              0 = TargetEntry {resno: 1, resname: 0x0, ressortgroupref: 0, resorigtbl: 0, resorigcol: 0, resjunk: false} = {
                expr = Var {varno: 7, varattno: 1, vartype: 1700, vartypmod: 983046, varcollid: 0, varlevelsup: 0, varnosyn: 3, varattnosyn: 5, location: 81}
              },
              1 = TargetEntry {resno: 2, resname: 0x0, ressortgroupref: 0, resorigtbl: 0, resorigcol: 0, resjunk: false} = {
                expr = Var {varno: 7, varattno: 2, vartype: 23, vartypmod: -1, varcollid: 0, varlevelsup: 0, varnosyn: 3, varattnosyn: 1, location: 325}
              }
            },
            exec_nodes = ExecNodes {accesstype: RELATION_ACCESS_READ, baselocatortype: 72 'H', en_relid: 0, en_funcid: 0} = {
              en_dist_vars = List with 1 elements = {
                0 = Var {varno: 3, varattno: 1, vartype: 23, vartypmod: -1, varcollid: 0, varlevelsup: 0, varnosyn: 3, varattnosyn: 1, location: 325}
              },
              nodeids = OidList with 3 elements = {16386, 16387, 16388}
            },
            remote_query = Query {commandType: CMD_SELECT, querySource: QSRC_ORIGINAL, queryId: 0, canSetTag: false, resultRelation: 0, hasAggs: false, hasWindowFuncs: false, hasTargetSRFs: false, hasSubLinks: false, hasDistinctOn: false, hasRecursive: false, hasModifyingCTE: false, hasForUpdate: false, hasRowSecurity: false, override: OVERRIDING_NOT_SET, limitOption: LIMIT_OPTION_COUNT, stmt_location: 0, stmt_len: 0, is_local: false, has_to_save_cmd_id: false, in_sub_plan: false, in_explain: false} = {
              rtable = List with 1 elements = {
                0 = RangeTblEntry {rtekind: RTE_RELATION, relname: 'lineitem', relid: 270678, relkind: 114 'r', rellockmode: 1, security_barrier: false, jointype: JOIN_INNER, joinmergedcols: 0, funcordinality: false, ctename: 0x0, ctelevelsup: 0, self_reference: false, enrname: 0x0, enrtuples: 0, param_new: -1, param_old: -1, mt_result: 0x0, defaultCols: 0x0, rows: 0, lateral: false, inh: false, inFromCl: true, requiredPerms: 2, checkAsUser: 0, selectedCols: (b 11 15), insertedCols: 0x0, updatedCols: 0x0, extraUpdatedCols: 0x0} = {
                  alias = Alias aliasname: 'lineitem',
                  eref = Alias aliasname: 'lineitem' = {
                    colnames = List with 16 elements = {
                      0 = String[ 'l_orderkey' ],
                      1 = String[ 'l_partkey' ],
                      2 = String[ 'l_suppkey' ],
                      3 = String[ 'l_linenumber' ],
                      4 = String[ 'l_quantity' ],
                      5 = String[ 'l_extendedprice' ],
                      6 = String[ 'l_discount' ],
                      7 = String[ 'l_tax' ],
                      8 = String[ 'l_returnflag' ],
                      9 = String[ 'l_linestatus' ],
                      10 = String[ 'l_shipdate' ],
                      11 = String[ 'l_commitdate' ],
                      12 = String[ 'l_receiptdate' ],
                      13 = String[ 'l_shipinstruct' ],
                      14 = String[ 'l_shipmode' ],
                      15 = String[ 'l_comment' ]
                    }
                  }
                }
              },
              jointree = FromExpr  = {
                fromlist = List with 1 elements = {
                  0 = RangeTblRef rtindex: 1
                },
                quals = Const {consttype: 16, consttypmod: -1, constcollid: 0, constlen: 1, constvalue: 1, constisnull: false, constbyval: true, location: -1}
              },
              targetList = List with 2 elements = {
                0 = TargetEntry {resno: 1, resname: 0x0, ressortgroupref: 0, resorigtbl: 0, resorigcol: 0, resjunk: false} = {
                  expr = Var {varno: 1, varattno: 5, vartype: 1700, vartypmod: 983046, varcollid: 0, varlevelsup: 0, varnosyn: 0, varattnosyn: 5, location: 81}
                },
                1 = TargetEntry {resno: 2, resname: 0x0, ressortgroupref: 0, resorigtbl: 0, resorigcol: 0, resjunk: false} = {
                  expr = Var {varno: 1, varattno: 1, vartype: 23, vartypmod: -1, varcollid: 0, varlevelsup: 0, varnosyn: 0, varattnosyn: 1, location: 325}
                }
              }
            },
            base_tlist = List with 2 elements = {
              0 = TargetEntry {resno: 1, resname: 0x0, ressortgroupref: 0, resorigtbl: 0, resorigcol: 0, resjunk: false} = {
                expr = Var {varno: 3, varattno: 5, vartype: 1700, vartypmod: 983046, varcollid: 0, varlevelsup: 0, varnosyn: 3, varattnosyn: 5, location: 81}
              },
              1 = TargetEntry {resno: 2, resname: 0x0, ressortgroupref: 0, resorigtbl: 0, resorigcol: 0, resjunk: false} = {
                expr = Var {varno: 3, varattno: 1, vartype: 23, vartypmod: -1, varcollid: 0, varlevelsup: 0, varnosyn: 3, varattnosyn: 1, location: 325}
              }
            },
            coord_var_tlist = List with 2 elements = {
              0 = TargetEntry {resno: 1, resname: 0x0, ressortgroupref: 0, resorigtbl: 0, resorigcol: 0, resjunk: false} = {
                expr = Var {varno: 3, varattno: 5, vartype: 1700, vartypmod: 983046, varcollid: 0, varlevelsup: 0, varnosyn: 3, varattnosyn: 5, location: 81}
              },
              1 = TargetEntry {resno: 2, resname: 0x0, ressortgroupref: 0, resorigtbl: 0, resorigcol: 0, resjunk: false} = {
                expr = Var {varno: 3, varattno: 1, vartype: 23, vartypmod: -1, varcollid: 0, varlevelsup: 0, varnosyn: 3, varattnosyn: 1, location: 325}
              }
            },
            query_var_tlist = List with 2 elements = {
              0 = TargetEntry {resno: 1, resname: 0x0, ressortgroupref: 0, resorigtbl: 0, resorigcol: 0, resjunk: false} = {
                expr = Var {varno: 1, varattno: 5, vartype: 1700, vartypmod: 983046, varcollid: 0, varlevelsup: 0, varnosyn: 0, varattnosyn: 5, location: 81}
              },
              1 = TargetEntry {resno: 2, resname: 0x0, ressortgroupref: 0, resorigtbl: 0, resorigcol: 0, resjunk: false} = {
                expr = Var {varno: 1, varattno: 1, vartype: 23, vartypmod: -1, varcollid: 0, varlevelsup: 0, varnosyn: 0, varattnosyn: 1, location: 325}
              }
            }
          }
        },
        join.joinqual = List with 1 elements = {
          0 = OpExpr {opno: 96, opfuncid: 65, opresulttype: 16, opretset: false, opcollid: 0, inputcollid: 0, location: -1} = {
            args = List with 2 elements = {
              0 = Var {varno: 65001, varattno: 3, vartype: 23, vartypmod: -1, varcollid: 0, varlevelsup: 0, varnosyn: 2, varattnosyn: 1, location: 312},
              1 = Var {varno: 65000, varattno: 2, vartype: 23, vartypmod: -1, varcollid: 0, varlevelsup: 0, varnosyn: 3, varattnosyn: 1, location: 325}
            }
          }
        }
      }
    }
  },
  limitCount = Const {consttype: 20, consttypmod: -1, constcollid: 0, constlen: 8, constvalue: 100, constisnull: false, constbyval: true, location: -1}
}

Breakpoint 1, standard_planner (parse=0x55f2f18177d0, query_string=0x55f2f1676670 "select\n  sum(l_extendedprice* (1 - l_discount)) as revenue\nfrom\n  lineitem,\n  part\nwhere\n  (\n    p_partkey = l_partkey\n    and p_brand = 'Brand#12'\n    and p_container in ('SM CASE', 'SM BOX', 'SM PAC"..., cursorOptions=33024, boundParams=0x0) at /workspaces/AntDB/src/backend/optimizer/plan/planner.c:661
661		top_plan = create_plan(root, best_path);
$55 = Query {commandType: CMD_SELECT, querySource: QSRC_ORIGINAL, queryId: 0, canSetTag: true, resultRelation: 0, hasAggs: true, hasWindowFuncs: false, hasTargetSRFs: false, hasSubLinks: false, hasDistinctOn: false, hasRecursive: false, hasModifyingCTE: false, hasForUpdate: false, hasRowSecurity: false, override: OVERRIDING_NOT_SET, limitOption: LIMIT_OPTION_COUNT, stmt_location: 0, stmt_len: 992, is_local: false, has_to_save_cmd_id: false, in_sub_plan: false, in_explain: false} = {
  rtable = List with 2 elements = {
    0 = RangeTblEntry {rtekind: RTE_RELATION, relname: 'lineitem', relid: 270678, relkind: 114 'r', rellockmode: 1, security_barrier: false, jointype: JOIN_INNER, joinmergedcols: 0, funcordinality: false, ctename: 0x0, ctelevelsup: 0, self_reference: false, enrname: 0x0, enrtuples: 0, param_new: -1, param_old: -1, mt_result: 0x0, defaultCols: 0x0, rows: 0, lateral: false, inh: false, inFromCl: true, requiredPerms: 2, checkAsUser: 0, selectedCols: (b 12 15 16 17 24 25), insertedCols: 0x0, updatedCols: 0x0, extraUpdatedCols: 0x0} = {
      eref = Alias aliasname: 'lineitem' = {
        colnames = List with 16 elements = {
          0 = String[ 'l_orderkey' ],
          1 = String[ 'l_partkey' ],
          2 = String[ 'l_suppkey' ],
          3 = String[ 'l_linenumber' ],
          4 = String[ 'l_quantity' ],
          5 = String[ 'l_extendedprice' ],
          6 = String[ 'l_discount' ],
          7 = String[ 'l_tax' ],
          8 = String[ 'l_returnflag' ],
          9 = String[ 'l_linestatus' ],
          10 = String[ 'l_shipdate' ],
          11 = String[ 'l_commitdate' ],
          12 = String[ 'l_receiptdate' ],
          13 = String[ 'l_shipinstruct' ],
          14 = String[ 'l_shipmode' ],
          15 = String[ 'l_comment' ]
        }
      }
    },
    1 = RangeTblEntry {rtekind: RTE_RELATION, relname: 'part', relid: 270663, relkind: 114 'r', rellockmode: 1, security_barrier: false, jointype: JOIN_INNER, joinmergedcols: 0, funcordinality: false, ctename: 0x0, ctelevelsup: 0, self_reference: false, enrname: 0x0, enrtuples: 0, param_new: -1, param_old: -1, mt_result: 0x0, defaultCols: 0x0, rows: 0, lateral: false, inh: false, inFromCl: true, requiredPerms: 2, checkAsUser: 0, selectedCols: (b 11 14 16 17), insertedCols: 0x0, updatedCols: 0x0, extraUpdatedCols: 0x0} = {
      eref = Alias aliasname: 'part' = {
        colnames = List with 9 elements = {
          0 = String[ 'p_partkey' ],
          1 = String[ 'p_name' ],
          2 = String[ 'p_mfgr' ],
          3 = String[ 'p_brand' ],
          4 = String[ 'p_type' ],
          5 = String[ 'p_size' ],
          6 = String[ 'p_container' ],
          7 = String[ 'p_retailprice' ],
          8 = String[ 'p_comment' ]
        }
      }
    }
  },
  jointree = FromExpr  = {
    fromlist = List with 2 elements = {
      0 = RangeTblRef rtindex: 1,
      1 = RangeTblRef rtindex: 2
    },
    quals = List with 5 elements = {
      0 = OpExpr {opno: 96, opfuncid: 65, opresulttype: 16, opretset: false, opcollid: 0, inputcollid: 0, location: 107} = {
        args = List with 2 elements = {
          0 = Var {varno: 2, varattno: 1, vartype: 23, vartypmod: -1, varcollid: 0, varlevelsup: 0, varnosyn: 2, varattnosyn: 1, location: 97},
          1 = Var {varno: 1, varattno: 2, vartype: 23, vartypmod: -1, varcollid: 0, varlevelsup: 0, varnosyn: 1, varattnosyn: 2, location: 109}
        }
      },
      1 = OpExpr {opno: 525, opfuncid: 150, opresulttype: 16, opretset: false, opcollid: 0, inputcollid: 0, location: 278} = {
        args = List with 2 elements = {
          0 = Var {varno: 2, varattno: 6, vartype: 23, vartypmod: -1, varcollid: 0, varlevelsup: 0, varnosyn: 2, varattnosyn: 6, location: 271},
          1 = Const {consttype: 23, consttypmod: -1, constcollid: 0, constlen: 4, constvalue: 1, constisnull: false, constbyval: true, location: 286}
        }
      },
      2 = ScalarArrayOpExpr {opno: 1054, opfuncid: 1048, useOr: true, inputcollid: 100, location: 313} = {
        args = List with 2 elements = {
          0 = Var {varno: 1, varattno: 15, vartype: 1042, vartypmod: 14, varcollid: 100, varlevelsup: 0, varnosyn: 1, varattnosyn: 15, location: 302},
          1 = Const {consttype: 1014, consttypmod: -1, constcollid: 100, constlen: -1, constvalue: 94501921750864, constisnull: false, constbyval: false, location: -1}
        }
      },
      3 = OpExpr {opno: 1054, opfuncid: 1048, opresulttype: 16, opretset: false, opcollid: 0, inputcollid: 100, location: 358} = {
        args = List with 2 elements = {
          0 = Var {varno: 1, varattno: 14, vartype: 1042, vartypmod: 29, varcollid: 100, varlevelsup: 0, varnosyn: 1, varattnosyn: 14, location: 343},
          1 = Const {consttype: 1042, consttypmod: -1, constcollid: 100, constlen: -1, constvalue: 94501921727200, constisnull: false, constbyval: false, location: 360}
        }
      },
      4 = BoolExpr {boolop: OR_EXPR, location: -1} = {
        args = List with 3 elements = {
          0 = BoolExpr {boolop: AND_EXPR, location: -1} = {
            args = List with 5 elements = {
              0 = OpExpr {opno: 1054, opfuncid: 1048, opresulttype: 16, opretset: false, opcollid: 0, inputcollid: 100, location: 135} = {
                args = List with 2 elements = {
                  0 = Var {varno: 2, varattno: 4, vartype: 1042, vartypmod: 14, varcollid: 100, varlevelsup: 0, varnosyn: 2, varattnosyn: 4, location: 127},
                  1 = Const {consttype: 1042, consttypmod: -1, constcollid: 100, constlen: -1, constvalue: 94501922248768, constisnull: false, constbyval: false, location: 137}
                }
              },
              1 = ScalarArrayOpExpr {opno: 1054, opfuncid: 1048, useOr: true, inputcollid: 100, location: 168} = {
                args = List with 2 elements = {
                  0 = Var {varno: 2, varattno: 7, vartype: 1042, vartypmod: 14, varcollid: 100, varlevelsup: 0, varnosyn: 2, varattnosyn: 7, location: 156},
                  1 = Const {consttype: 1014, consttypmod: -1, constcollid: 100, constlen: -1, constvalue: 94501921747600, constisnull: false, constbyval: false, location: -1}
                }
              },
              2 = OpExpr {opno: 1757, opfuncid: 1721, opresulttype: 16, opretset: false, opcollid: 0, inputcollid: 0, location: 233} = {
                args = List with 2 elements = {
                  0 = Var {varno: 1, varattno: 5, vartype: 1700, vartypmod: 983046, varcollid: 0, varlevelsup: 0, varnosyn: 1, varattnosyn: 5, location: 222},
                  1 = Const {consttype: 1700, consttypmod: -1, constcollid: 0, constlen: -1, constvalue: 94501921748280, constisnull: false, constbyval: false, location: -1}
                }
              },
              3 = OpExpr {opno: 1755, opfuncid: 1723, opresulttype: 16, opretset: false, opcollid: 0, inputcollid: 0, location: 253} = {
                args = List with 2 elements = {
                  0 = Var {varno: 1, varattno: 5, vartype: 1700, vartypmod: 983046, varcollid: 0, varlevelsup: 0, varnosyn: 1, varattnosyn: 5, location: 242},
                  1 = Const {consttype: 1700, consttypmod: -1, constcollid: 0, constlen: -1, constvalue: 94501921749280, constisnull: false, constbyval: false, location: -1}
                }
              },
              4 = OpExpr {opno: 523, opfuncid: 149, opresulttype: 16, opretset: false, opcollid: 0, inputcollid: 0, location: 278} = {
                args = List with 2 elements = {
                  0 = Var {varno: 2, varattno: 6, vartype: 23, vartypmod: -1, varcollid: 0, varlevelsup: 0, varnosyn: 2, varattnosyn: 6, location: 271},
                  1 = Const {consttype: 23, consttypmod: -1, constcollid: 0, constlen: 4, constvalue: 5, constisnull: false, constbyval: true, location: 292}
                }
              }
            }
          },
          1 = BoolExpr {boolop: AND_EXPR, location: -1} = {
            args = List with 5 elements = {
              0 = OpExpr {opno: 1054, opfuncid: 1048, opresulttype: 16, opretset: false, opcollid: 0, inputcollid: 100, location: 435} = {
                args = List with 2 elements = {
                  0 = Var {varno: 2, varattno: 4, vartype: 1042, vartypmod: 14, varcollid: 100, varlevelsup: 0, varnosyn: 2, varattnosyn: 4, location: 427},
                  1 = Const {consttype: 1042, consttypmod: -1, constcollid: 100, constlen: -1, constvalue: 94501921728280, constisnull: false, constbyval: false, location: 437}
                }
              },
              1 = ScalarArrayOpExpr {opno: 1054, opfuncid: 1048, useOr: true, inputcollid: 100, location: 468} = {
                args = List with 2 elements = {
                  0 = Var {varno: 2, varattno: 7, vartype: 1042, vartypmod: 14, varcollid: 100, varlevelsup: 0, varnosyn: 2, varattnosyn: 7, location: 456},
                  1 = Const {consttype: 1014, consttypmod: -1, constcollid: 100, constlen: -1, constvalue: 94501921753152, constisnull: false, constbyval: false, location: -1}
                }
              },
              2 = OpExpr {opno: 1757, opfuncid: 1721, opresulttype: 16, opretset: false, opcollid: 0, inputcollid: 0, location: 536} = {
                args = List with 2 elements = {
                  0 = Var {varno: 1, varattno: 5, vartype: 1700, vartypmod: 983046, varcollid: 0, varlevelsup: 0, varnosyn: 1, varattnosyn: 5, location: 525},
                  1 = Const {consttype: 1700, consttypmod: -1, constcollid: 0, constlen: -1, constvalue: 94501921753832, constisnull: false, constbyval: false, location: -1}
                }
              },
              3 = OpExpr {opno: 1755, opfuncid: 1723, opresulttype: 16, opretset: false, opcollid: 0, inputcollid: 0, location: 557} = {
                args = List with 2 elements = {
                  0 = Var {varno: 1, varattno: 5, vartype: 1700, vartypmod: 983046, varcollid: 0, varlevelsup: 0, varnosyn: 1, varattnosyn: 5, location: 546},
                  1 = Const {consttype: 1700, consttypmod: -1, constcollid: 0, constlen: -1, constvalue: 94501922414408, constisnull: false, constbyval: false, location: -1}
                }
              },
              4 = OpExpr {opno: 523, opfuncid: 149, opresulttype: 16, opretset: false, opcollid: 0, inputcollid: 0, location: 583} = {
                args = List with 2 elements = {
                  0 = Var {varno: 2, varattno: 6, vartype: 23, vartypmod: -1, varcollid: 0, varlevelsup: 0, varnosyn: 2, varattnosyn: 6, location: 576},
                  1 = Const {consttype: 23, consttypmod: -1, constcollid: 0, constlen: 4, constvalue: 10, constisnull: false, constbyval: true, location: 597}
                }
              }
            }
          },
          2 = BoolExpr {boolop: AND_EXPR, location: -1} = {
            args = List with 5 elements = {
              0 = OpExpr {opno: 1054, opfuncid: 1048, opresulttype: 16, opretset: false, opcollid: 0, inputcollid: 100, location: 741} = {
                args = List with 2 elements = {
                  0 = Var {varno: 2, varattno: 4, vartype: 1042, vartypmod: 14, varcollid: 100, varlevelsup: 0, varnosyn: 2, varattnosyn: 4, location: 733},
                  1 = Const {consttype: 1042, consttypmod: -1, constcollid: 100, constlen: -1, constvalue: 94501921735496, constisnull: false, constbyval: false, location: 743}
                }
              },
              1 = ScalarArrayOpExpr {opno: 1054, opfuncid: 1048, useOr: true, inputcollid: 100, location: 774} = {
                args = List with 2 elements = {
                  0 = Var {varno: 2, varattno: 7, vartype: 1042, vartypmod: 14, varcollid: 100, varlevelsup: 0, varnosyn: 2, varattnosyn: 7, location: 762},
                  1 = Const {consttype: 1014, consttypmod: -1, constcollid: 100, constlen: -1, constvalue: 94501922418048, constisnull: false, constbyval: false, location: -1}
                }
              },
              2 = OpExpr {opno: 1757, opfuncid: 1721, opresulttype: 16, opretset: false, opcollid: 0, inputcollid: 0, location: 839} = {
                args = List with 2 elements = {
                  0 = Var {varno: 1, varattno: 5, vartype: 1700, vartypmod: 983046, varcollid: 0, varlevelsup: 0, varnosyn: 1, varattnosyn: 5, location: 828},
                  1 = Const {consttype: 1700, consttypmod: -1, constcollid: 0, constlen: -1, constvalue: 94501922418728, constisnull: false, constbyval: false, location: -1}
                }
              },
              3 = OpExpr {opno: 1755, opfuncid: 1723, opresulttype: 16, opretset: false, opcollid: 0, inputcollid: 0, location: 860} = {
                args = List with 2 elements = {
                  0 = Var {varno: 1, varattno: 5, vartype: 1700, vartypmod: 983046, varcollid: 0, varlevelsup: 0, varnosyn: 1, varattnosyn: 5, location: 849},
                  1 = Const {consttype: 1700, consttypmod: -1, constcollid: 0, constlen: -1, constvalue: 94501922419728, constisnull: false, constbyval: false, location: -1}
                }
              },
              4 = OpExpr {opno: 523, opfuncid: 149, opresulttype: 16, opretset: false, opcollid: 0, inputcollid: 0, location: 886} = {
                args = List with 2 elements = {
                  0 = Var {varno: 2, varattno: 6, vartype: 23, vartypmod: -1, varcollid: 0, varlevelsup: 0, varnosyn: 2, varattnosyn: 6, location: 879},
                  1 = Const {consttype: 23, consttypmod: -1, constcollid: 0, constlen: 4, constvalue: 15, constisnull: false, constbyval: true, location: 900}
                }
              }
            }
          }
        }
      }
    }
  },
  targetList = List with 1 elements = {
    0 = TargetEntry {resno: 1, resname: 'revenue', ressortgroupref: 0, resorigtbl: 0, resorigcol: 0, resjunk: false} = {
      expr = Aggref {aggfnoid: 2114, aggtype: 1700, aggcollid: 0, inputcollid: 0, aggtranstype: 2281, aggtrantype: 0, agghas_collectfn: false, rank_first: false, aggstar: false, aggvariadic: false, aggkind: 110 'n', agglevelsup: 0, aggsplit: AGGSPLIT_SIMPLE, location: 9} = {
        aggargtypes = OidList with 1 elements = {1700},
        args = List with 1 elements = {
          0 = TargetEntry {resno: 1, resname: 0x0, ressortgroupref: 0, resorigtbl: 0, resorigcol: 0, resjunk: false} = {
            expr = OpExpr {opno: 1760, opfuncid: 1726, opresulttype: 1700, opretset: false, opcollid: 0, inputcollid: 0, location: 28} = {
              args = List with 2 elements = {
                0 = Var {varno: 1, varattno: 6, vartype: 1700, vartypmod: 983046, varcollid: 0, varlevelsup: 0, varnosyn: 1, varattnosyn: 6, location: 13},
                1 = OpExpr {opno: 1759, opfuncid: 1725, opresulttype: 1700, opretset: false, opcollid: 0, inputcollid: 0, location: 33} = {
                  args = List with 2 elements = {
                    0 = Const {consttype: 1700, consttypmod: -1, constcollid: 0, constlen: -1, constvalue: 94501921745160, constisnull: false, constbyval: false, location: -1},
                    1 = Var {varno: 1, varattno: 7, vartype: 1700, vartypmod: 983046, varcollid: 0, varlevelsup: 0, varnosyn: 1, varattnosyn: 7, location: 35}
                  }
                }
              }
            }
          }
        }
      }
    }
  }
}
$56 = AggPath T_Agg (cost=353.27..353.28 rows=1 parallel_aware=False parallel_safe=False parallel_workers=0) {aggstrategy: AGG_PLAIN, aggsplit: AGGSPLIT_SIMPLE, numGroups: 1, transitionSpace: 128} = {
  path.parent = (b),
  path.pathtarget = PathTarget {cost: (0.00..0.00), width: 32} = {
    sortgrouprefs = [0],
    exprs = List with 1 elements = {
      0 = Aggref {aggfnoid: 2114, aggtype: 1700, aggcollid: 0, inputcollid: 0, aggtranstype: 2281, aggtrantype: 0, agghas_collectfn: false, rank_first: false, aggstar: false, aggvariadic: false, aggkind: 110 'n', agglevelsup: 0, aggsplit: AGGSPLIT_SIMPLE, location: 9} = {
        aggargtypes = OidList with 1 elements = {1700},
        args = List with 1 elements = {
          0 = TargetEntry {resno: 1, resname: 0x0, ressortgroupref: 0, resorigtbl: 0, resorigcol: 0, resjunk: false} = {
            expr = OpExpr {opno: 1760, opfuncid: 1726, opresulttype: 1700, opretset: false, opcollid: 0, inputcollid: 0, location: 28} = {
              args = List with 2 elements = {
                0 = Var {varno: 1, varattno: 6, vartype: 1700, vartypmod: 983046, varcollid: 0, varlevelsup: 0, varnosyn: 1, varattnosyn: 6, location: 13},
                1 = OpExpr {opno: 1759, opfuncid: 1725, opresulttype: 1700, opretset: false, opcollid: 0, inputcollid: 0, location: 33} = {
                  args = List with 2 elements = {
                    0 = Const {consttype: 1700, consttypmod: -1, constcollid: 0, constlen: -1, constvalue: 94501921745160, constisnull: false, constbyval: false, location: -1},
                    1 = Var {varno: 1, varattno: 7, vartype: 1700, vartypmod: 983046, varcollid: 0, varlevelsup: 0, varnosyn: 1, varattnosyn: 7, location: 35}
                  }
                }
              }
            }
          }
        }
      }
    },
    as_loc_list = IntList with 1 elements = {51},
    expr_loc_list = IntList with 1 elements = {9},
    expr_len_list = IntList with 1 elements = {39},
    expr_type_list = IntList with 1 elements = {405}
  },
  subpath = JoinPath T_NestLoop (cost=0.00..353.26 rows=1 parallel_aware=False parallel_safe=False parallel_workers=0) {jointype: JOIN_INNER, inner_unique: false} = {
    path.parent = (b 1 2),
    path.pathtarget = PathTarget {cost: (0.00..0.00), width: 36} = {
      exprs = List with 2 elements = {
        0 = Var {varno: 1, varattno: 6, vartype: 1700, vartypmod: 983046, varcollid: 0, varlevelsup: 0, varnosyn: 1, varattnosyn: 6, location: 13},
        1 = Var {varno: 1, varattno: 7, vartype: 1700, vartypmod: 983046, varcollid: 0, varlevelsup: 0, varnosyn: 1, varattnosyn: 7, location: 35}
      }
    },
    outerjoinpath = RemoteQueryPath T_RemoteQuery (cost=0.00..194.00 rows=1 parallel_aware=False parallel_safe=False parallel_workers=0) {jointype: JOIN_INNER, rqhas_unshippable_qual: false, rqhas_temp_rel: false, rqhas_unshippable_tlist: false} = {
      path.parent = (b 1),
      path.pathtarget = PathTarget {cost: (0.00..0.00), width: 58} = {
        exprs = List with 4 elements = {
          0 = Var {varno: 1, varattno: 6, vartype: 1700, vartypmod: 983046, varcollid: 0, varlevelsup: 0, varnosyn: 1, varattnosyn: 6, location: 13},
          1 = Var {varno: 1, varattno: 7, vartype: 1700, vartypmod: 983046, varcollid: 0, varlevelsup: 0, varnosyn: 1, varattnosyn: 7, location: 35},
          2 = Var {varno: 1, varattno: 2, vartype: 23, vartypmod: -1, varcollid: 0, varlevelsup: 0, varnosyn: 1, varattnosyn: 2, location: 109},
          3 = Var {varno: 1, varattno: 5, vartype: 1700, vartypmod: 983046, varcollid: 0, varlevelsup: 0, varnosyn: 1, varattnosyn: 5, location: 222}
        }
      },
      rqpath_en = ExecNodes {accesstype: RELATION_ACCESS_READ, baselocatortype: 72 'H', en_relid: 0, en_funcid: 0} = {
        en_dist_vars = List with 1 elements = {
          0 = Var {varno: 1, varattno: 1, vartype: 23, vartypmod: -1, varcollid: 0, varlevelsup: 0, varnosyn: 1, varattnosyn: 1, location: -1}
        },
        nodeids = OidList with 3 elements = {16386, 16387, 16388}
      }
    },
    innerjoinpath = RemoteQueryPath T_RemoteQuery (cost=0.00..159.20 rows=1 parallel_aware=False parallel_safe=False parallel_workers=0) {jointype: JOIN_INNER, rqhas_unshippable_qual: false, rqhas_temp_rel: false, rqhas_unshippable_tlist: false} = {
      path.parent = (b 2),
      path.pathtarget = PathTarget {cost: (0.00..0.00), width: 96} = {
        exprs = List with 4 elements = {
          0 = Var {varno: 2, varattno: 1, vartype: 23, vartypmod: -1, varcollid: 0, varlevelsup: 0, varnosyn: 2, varattnosyn: 1, location: 97},
          1 = Var {varno: 2, varattno: 4, vartype: 1042, vartypmod: 14, varcollid: 100, varlevelsup: 0, varnosyn: 2, varattnosyn: 4, location: 127},
          2 = Var {varno: 2, varattno: 7, vartype: 1042, vartypmod: 14, varcollid: 100, varlevelsup: 0, varnosyn: 2, varattnosyn: 7, location: 156},
          3 = Var {varno: 2, varattno: 6, vartype: 23, vartypmod: -1, varcollid: 0, varlevelsup: 0, varnosyn: 2, varattnosyn: 6, location: 271}
        }
      },
      rqpath_en = ExecNodes {accesstype: RELATION_ACCESS_READ, baselocatortype: 72 'H', en_relid: 0, en_funcid: 0} = {
        en_dist_vars = List with 1 elements = {
          0 = Var {varno: 2, varattno: 1, vartype: 23, vartypmod: -1, varcollid: 0, varlevelsup: 0, varnosyn: 2, varattnosyn: 1, location: 97}
        },
        nodeids = OidList with 3 elements = {16386, 16387, 16388}
      }
    },
    joinrestrictinfo = List with 2 elements = {
      0 = RestrictInfo {is_pushed_down: true, outerjoin_delayed: false, can_join: false, pseudoconstant: false, leakproof: false, security_level: 0, clause_relids: (b 1 2), required_relids: (b 1 2), outer_relids: (b), nullable_relids: (b), left_relids: (b), right_relids: (b), eval_cost: (0.00..0.05), norm_selec: 0.3350, outer_selec: -1.0000, outer_is_left: false, hashjoinoperator: 0, left_bucketsize: -1.0000, right_bucketsize: -1.0000, left_mcvfreq: -1.0000, right_mcvfreq: -1.0000} = {
        clause = BoolExpr {boolop: OR_EXPR, location: -1} = {
          args = List with 3 elements = {
            0 = BoolExpr {boolop: AND_EXPR, location: -1} = {
              args = List with 5 elements = {
                0 = OpExpr {opno: 1054, opfuncid: 1048, opresulttype: 16, opretset: false, opcollid: 0, inputcollid: 100, location: 135} = {
                  args = List with 2 elements = {
                    0 = Var {varno: 2, varattno: 4, vartype: 1042, vartypmod: 14, varcollid: 100, varlevelsup: 0, varnosyn: 2, varattnosyn: 4, location: 127},
                    1 = Const {consttype: 1042, consttypmod: -1, constcollid: 100, constlen: -1, constvalue: 94501922248768, constisnull: false, constbyval: false, location: 137}
                  }
                },
                1 = ScalarArrayOpExpr {opno: 1054, opfuncid: 1048, useOr: true, inputcollid: 100, location: 168} = {
                  args = List with 2 elements = {
                    0 = Var {varno: 2, varattno: 7, vartype: 1042, vartypmod: 14, varcollid: 100, varlevelsup: 0, varnosyn: 2, varattnosyn: 7, location: 156},
                    1 = Const {consttype: 1014, consttypmod: -1, constcollid: 100, constlen: -1, constvalue: 94501921747600, constisnull: false, constbyval: false, location: -1}
                  }
                },
                2 = OpExpr {opno: 1757, opfuncid: 1721, opresulttype: 16, opretset: false, opcollid: 0, inputcollid: 0, location: 233} = {
                  args = List with 2 elements = {
                    0 = Var {varno: 1, varattno: 5, vartype: 1700, vartypmod: 983046, varcollid: 0, varlevelsup: 0, varnosyn: 1, varattnosyn: 5, location: 222},
                    1 = Const {consttype: 1700, consttypmod: -1, constcollid: 0, constlen: -1, constvalue: 94501921748280, constisnull: false, constbyval: false, location: -1}
                  }
                },
                3 = OpExpr {opno: 1755, opfuncid: 1723, opresulttype: 16, opretset: false, opcollid: 0, inputcollid: 0, location: 253} = {
                  args = List with 2 elements = {
                    0 = Var {varno: 1, varattno: 5, vartype: 1700, vartypmod: 983046, varcollid: 0, varlevelsup: 0, varnosyn: 1, varattnosyn: 5, location: 242},
                    1 = Const {consttype: 1700, consttypmod: -1, constcollid: 0, constlen: -1, constvalue: 94501921749280, constisnull: false, constbyval: false, location: -1}
                  }
                },
                4 = OpExpr {opno: 523, opfuncid: 149, opresulttype: 16, opretset: false, opcollid: 0, inputcollid: 0, location: 278} = {
                  args = List with 2 elements = {
                    0 = Var {varno: 2, varattno: 6, vartype: 23, vartypmod: -1, varcollid: 0, varlevelsup: 0, varnosyn: 2, varattnosyn: 6, location: 271},
                    1 = Const {consttype: 23, consttypmod: -1, constcollid: 0, constlen: 4, constvalue: 5, constisnull: false, constbyval: true, location: 292}
                  }
                }
              }
            },
            1 = BoolExpr {boolop: AND_EXPR, location: -1} = {
              args = List with 5 elements = {
                0 = OpExpr {opno: 1054, opfuncid: 1048, opresulttype: 16, opretset: false, opcollid: 0, inputcollid: 100, location: 435} = {
                  args = List with 2 elements = {
                    0 = Var {varno: 2, varattno: 4, vartype: 1042, vartypmod: 14, varcollid: 100, varlevelsup: 0, varnosyn: 2, varattnosyn: 4, location: 427},
                    1 = Const {consttype: 1042, consttypmod: -1, constcollid: 100, constlen: -1, constvalue: 94501921728280, constisnull: false, constbyval: false, location: 437}
                  }
                },
                1 = ScalarArrayOpExpr {opno: 1054, opfuncid: 1048, useOr: true, inputcollid: 100, location: 468} = {
                  args = List with 2 elements = {
                    0 = Var {varno: 2, varattno: 7, vartype: 1042, vartypmod: 14, varcollid: 100, varlevelsup: 0, varnosyn: 2, varattnosyn: 7, location: 456},
                    1 = Const {consttype: 1014, consttypmod: -1, constcollid: 100, constlen: -1, constvalue: 94501921753152, constisnull: false, constbyval: false, location: -1}
                  }
                },
                2 = OpExpr {opno: 1757, opfuncid: 1721, opresulttype: 16, opretset: false, opcollid: 0, inputcollid: 0, location: 536} = {
                  args = List with 2 elements = {
                    0 = Var {varno: 1, varattno: 5, vartype: 1700, vartypmod: 983046, varcollid: 0, varlevelsup: 0, varnosyn: 1, varattnosyn: 5, location: 525},
                    1 = Const {consttype: 1700, consttypmod: -1, constcollid: 0, constlen: -1, constvalue: 94501921753832, constisnull: false, constbyval: false, location: -1}
                  }
                },
                3 = OpExpr {opno: 1755, opfuncid: 1723, opresulttype: 16, opretset: false, opcollid: 0, inputcollid: 0, location: 557} = {
                  args = List with 2 elements = {
                    0 = Var {varno: 1, varattno: 5, vartype: 1700, vartypmod: 983046, varcollid: 0, varlevelsup: 0, varnosyn: 1, varattnosyn: 5, location: 546},
                    1 = Const {consttype: 1700, consttypmod: -1, constcollid: 0, constlen: -1, constvalue: 94501922414408, constisnull: false, constbyval: false, location: -1}
                  }
                },
                4 = OpExpr {opno: 523, opfuncid: 149, opresulttype: 16, opretset: false, opcollid: 0, inputcollid: 0, location: 583} = {
                  args = List with 2 elements = {
                    0 = Var {varno: 2, varattno: 6, vartype: 23, vartypmod: -1, varcollid: 0, varlevelsup: 0, varnosyn: 2, varattnosyn: 6, location: 576},
                    1 = Const {consttype: 23, consttypmod: -1, constcollid: 0, constlen: 4, constvalue: 10, constisnull: false, constbyval: true, location: 597}
                  }
                }
              }
            },
            2 = BoolExpr {boolop: AND_EXPR, location: -1} = {
              args = List with 5 elements = {
                0 = OpExpr {opno: 1054, opfuncid: 1048, opresulttype: 16, opretset: false, opcollid: 0, inputcollid: 100, location: 741} = {
                  args = List with 2 elements = {
                    0 = Var {varno: 2, varattno: 4, vartype: 1042, vartypmod: 14, varcollid: 100, varlevelsup: 0, varnosyn: 2, varattnosyn: 4, location: 733},
                    1 = Const {consttype: 1042, consttypmod: -1, constcollid: 100, constlen: -1, constvalue: 94501921735496, constisnull: false, constbyval: false, location: 743}
                  }
                },
                1 = ScalarArrayOpExpr {opno: 1054, opfuncid: 1048, useOr: true, inputcollid: 100, location: 774} = {
                  args = List with 2 elements = {
                    0 = Var {varno: 2, varattno: 7, vartype: 1042, vartypmod: 14, varcollid: 100, varlevelsup: 0, varnosyn: 2, varattnosyn: 7, location: 762},
                    1 = Const {consttype: 1014, consttypmod: -1, constcollid: 100, constlen: -1, constvalue: 94501922418048, constisnull: false, constbyval: false, location: -1}
                  }
                },
                2 = OpExpr {opno: 1757, opfuncid: 1721, opresulttype: 16, opretset: false, opcollid: 0, inputcollid: 0, location: 839} = {
                  args = List with 2 elements = {
                    0 = Var {varno: 1, varattno: 5, vartype: 1700, vartypmod: 983046, varcollid: 0, varlevelsup: 0, varnosyn: 1, varattnosyn: 5, location: 828},
                    1 = Const {consttype: 1700, consttypmod: -1, constcollid: 0, constlen: -1, constvalue: 94501922418728, constisnull: false, constbyval: false, location: -1}
                  }
                },
                3 = OpExpr {opno: 1755, opfuncid: 1723, opresulttype: 16, opretset: false, opcollid: 0, inputcollid: 0, location: 860} = {
                  args = List with 2 elements = {
                    0 = Var {varno: 1, varattno: 5, vartype: 1700, vartypmod: 983046, varcollid: 0, varlevelsup: 0, varnosyn: 1, varattnosyn: 5, location: 849},
                    1 = Const {consttype: 1700, consttypmod: -1, constcollid: 0, constlen: -1, constvalue: 94501922419728, constisnull: false, constbyval: false, location: -1}
                  }
                },
                4 = OpExpr {opno: 523, opfuncid: 149, opresulttype: 16, opretset: false, opcollid: 0, inputcollid: 0, location: 886} = {
                  args = List with 2 elements = {
                    0 = Var {varno: 2, varattno: 6, vartype: 23, vartypmod: -1, varcollid: 0, varlevelsup: 0, varnosyn: 2, varattnosyn: 6, location: 879},
                    1 = Const {consttype: 23, consttypmod: -1, constcollid: 0, constlen: 4, constvalue: 15, constisnull: false, constbyval: true, location: 900}
                  }
                }
              }
            }
          }
        },
        orclause = BoolExpr {boolop: OR_EXPR, location: -1} = {
          args = List with 3 elements = {
            0 = BoolExpr {boolop: AND_EXPR, location: -1} = {
              args = List with 5 elements = {
                0 = RestrictInfo {is_pushed_down: true, outerjoin_delayed: false, can_join: false, pseudoconstant: false, leakproof: false, security_level: 0, clause_relids: (b 2), required_relids: (b 2), outer_relids: (b), nullable_relids: (b), left_relids: (b 2), right_relids: (b), eval_cost: (0.00..0.00), norm_selec: 0.0063, outer_selec: -1.0000, outer_is_left: false, hashjoinoperator: 0, left_bucketsize: -1.0000, right_bucketsize: -1.0000, left_mcvfreq: -1.0000, right_mcvfreq: -1.0000} = {
                  clause = OpExpr {opno: 1054, opfuncid: 1048, opresulttype: 16, opretset: false, opcollid: 0, inputcollid: 100, location: 135} = {
                    args = List with 2 elements = {
                      0 = Var {varno: 2, varattno: 4, vartype: 1042, vartypmod: 14, varcollid: 100, varlevelsup: 0, varnosyn: 2, varattnosyn: 4, location: 127},
                      1 = Const {consttype: 1042, consttypmod: -1, constcollid: 100, constlen: -1, constvalue: 94501922248768, constisnull: false, constbyval: false, location: 137}
                    }
                  }
                },
                1 = RestrictInfo {is_pushed_down: true, outerjoin_delayed: false, can_join: false, pseudoconstant: false, leakproof: false, security_level: 0, clause_relids: (b 2), required_relids: (b 2), outer_relids: (b), nullable_relids: (b), left_relids: (b), right_relids: (b), eval_cost: (0.00..0.01), norm_selec: 0.0250, outer_selec: -1.0000, outer_is_left: false, hashjoinoperator: 0, left_bucketsize: -1.0000, right_bucketsize: -1.0000, left_mcvfreq: -1.0000, right_mcvfreq: -1.0000} = {
                  clause = ScalarArrayOpExpr {opno: 1054, opfuncid: 1048, useOr: true, inputcollid: 100, location: 168} = {
                    args = List with 2 elements = {
                      0 = Var {varno: 2, varattno: 7, vartype: 1042, vartypmod: 14, varcollid: 100, varlevelsup: 0, varnosyn: 2, varattnosyn: 7, location: 156},
                      1 = Const {consttype: 1014, consttypmod: -1, constcollid: 100, constlen: -1, constvalue: 94501921747600, constisnull: false, constbyval: false, location: -1}
                    }
                  }
                },
                2 = RestrictInfo {is_pushed_down: true, outerjoin_delayed: false, can_join: false, pseudoconstant: false, leakproof: false, security_level: 0, clause_relids: (b 1), required_relids: (b 1), outer_relids: (b), nullable_relids: (b), left_relids: (b 1), right_relids: (b), eval_cost: (0.00..0.00), norm_selec: 0.3333, outer_selec: -1.0000, outer_is_left: false, hashjoinoperator: 0, left_bucketsize: -1.0000, right_bucketsize: -1.0000, left_mcvfreq: -1.0000, right_mcvfreq: -1.0000} = {
                  clause = OpExpr {opno: 1757, opfuncid: 1721, opresulttype: 16, opretset: false, opcollid: 0, inputcollid: 0, location: 233} = {
                    args = List with 2 elements = {
                      0 = Var {varno: 1, varattno: 5, vartype: 1700, vartypmod: 983046, varcollid: 0, varlevelsup: 0, varnosyn: 1, varattnosyn: 5, location: 222},
                      1 = Const {consttype: 1700, consttypmod: -1, constcollid: 0, constlen: -1, constvalue: 94501921748280, constisnull: false, constbyval: false, location: -1}
                    }
                  }
                },
                3 = RestrictInfo {is_pushed_down: true, outerjoin_delayed: false, can_join: false, pseudoconstant: false, leakproof: false, security_level: 0, clause_relids: (b 1), required_relids: (b 1), outer_relids: (b), nullable_relids: (b), left_relids: (b 1), right_relids: (b), eval_cost: (0.00..0.00), norm_selec: 0.3333, outer_selec: -1.0000, outer_is_left: false, hashjoinoperator: 0, left_bucketsize: -1.0000, right_bucketsize: -1.0000, left_mcvfreq: -1.0000, right_mcvfreq: -1.0000} = {
                  clause = OpExpr {opno: 1755, opfuncid: 1723, opresulttype: 16, opretset: false, opcollid: 0, inputcollid: 0, location: 253} = {
                    args = List with 2 elements = {
                      0 = Var {varno: 1, varattno: 5, vartype: 1700, vartypmod: 983046, varcollid: 0, varlevelsup: 0, varnosyn: 1, varattnosyn: 5, location: 242},
                      1 = Const {consttype: 1700, consttypmod: -1, constcollid: 0, constlen: -1, constvalue: 94501921749280, constisnull: false, constbyval: false, location: -1}
                    }
                  }
                },
                4 = RestrictInfo {is_pushed_down: true, outerjoin_delayed: false, can_join: false, pseudoconstant: false, leakproof: false, security_level: 0, clause_relids: (b 2), required_relids: (b 2), outer_relids: (b), nullable_relids: (b), left_relids: (b 2), right_relids: (b), eval_cost: (0.00..0.00), norm_selec: 0.3333, outer_selec: -1.0000, outer_is_left: false, hashjoinoperator: 0, left_bucketsize: -1.0000, right_bucketsize: -1.0000, left_mcvfreq: -1.0000, right_mcvfreq: -1.0000} = {
                  clause = OpExpr {opno: 523, opfuncid: 149, opresulttype: 16, opretset: false, opcollid: 0, inputcollid: 0, location: 278} = {
                    args = List with 2 elements = {
                      0 = Var {varno: 2, varattno: 6, vartype: 23, vartypmod: -1, varcollid: 0, varlevelsup: 0, varnosyn: 2, varattnosyn: 6, location: 271},
                      1 = Const {consttype: 23, consttypmod: -1, constcollid: 0, constlen: 4, constvalue: 5, constisnull: false, constbyval: true, location: 292}
                    }
                  }
                }
              }
            },
            1 = BoolExpr {boolop: AND_EXPR, location: -1} = {
              args = List with 5 elements = {
                0 = RestrictInfo {is_pushed_down: true, outerjoin_delayed: false, can_join: false, pseudoconstant: false, leakproof: false, security_level: 0, clause_relids: (b 2), required_relids: (b 2), outer_relids: (b), nullable_relids: (b), left_relids: (b 2), right_relids: (b), eval_cost: (0.00..0.00), norm_selec: 0.0063, outer_selec: -1.0000, outer_is_left: false, hashjoinoperator: 0, left_bucketsize: -1.0000, right_bucketsize: -1.0000, left_mcvfreq: -1.0000, right_mcvfreq: -1.0000} = {
                  clause = OpExpr {opno: 1054, opfuncid: 1048, opresulttype: 16, opretset: false, opcollid: 0, inputcollid: 100, location: 435} = {
                    args = List with 2 elements = {
                      0 = Var {varno: 2, varattno: 4, vartype: 1042, vartypmod: 14, varcollid: 100, varlevelsup: 0, varnosyn: 2, varattnosyn: 4, location: 427},
                      1 = Const {consttype: 1042, consttypmod: -1, constcollid: 100, constlen: -1, constvalue: 94501921728280, constisnull: false, constbyval: false, location: 437}
                    }
                  }
                },
                1 = RestrictInfo {is_pushed_down: true, outerjoin_delayed: false, can_join: false, pseudoconstant: false, leakproof: false, security_level: 0, clause_relids: (b 2), required_relids: (b 2), outer_relids: (b), nullable_relids: (b), left_relids: (b), right_relids: (b), eval_cost: (0.00..0.01), norm_selec: 0.0250, outer_selec: -1.0000, outer_is_left: false, hashjoinoperator: 0, left_bucketsize: -1.0000, right_bucketsize: -1.0000, left_mcvfreq: -1.0000, right_mcvfreq: -1.0000} = {
                  clause = ScalarArrayOpExpr {opno: 1054, opfuncid: 1048, useOr: true, inputcollid: 100, location: 468} = {
                    args = List with 2 elements = {
                      0 = Var {varno: 2, varattno: 7, vartype: 1042, vartypmod: 14, varcollid: 100, varlevelsup: 0, varnosyn: 2, varattnosyn: 7, location: 456},
                      1 = Const {consttype: 1014, consttypmod: -1, constcollid: 100, constlen: -1, constvalue: 94501921753152, constisnull: false, constbyval: false, location: -1}
                    }
                  }
                },
                2 = RestrictInfo {is_pushed_down: true, outerjoin_delayed: false, can_join: false, pseudoconstant: false, leakproof: false, security_level: 0, clause_relids: (b 1), required_relids: (b 1), outer_relids: (b), nullable_relids: (b), left_relids: (b 1), right_relids: (b), eval_cost: (0.00..0.00), norm_selec: 0.3333, outer_selec: -1.0000, outer_is_left: false, hashjoinoperator: 0, left_bucketsize: -1.0000, right_bucketsize: -1.0000, left_mcvfreq: -1.0000, right_mcvfreq: -1.0000} = {
                  clause = OpExpr {opno: 1757, opfuncid: 1721, opresulttype: 16, opretset: false, opcollid: 0, inputcollid: 0, location: 536} = {
                    args = List with 2 elements = {
                      0 = Var {varno: 1, varattno: 5, vartype: 1700, vartypmod: 983046, varcollid: 0, varlevelsup: 0, varnosyn: 1, varattnosyn: 5, location: 525},
                      1 = Const {consttype: 1700, consttypmod: -1, constcollid: 0, constlen: -1, constvalue: 94501921753832, constisnull: false, constbyval: false, location: -1}
                    }
                  }
                },
                3 = RestrictInfo {is_pushed_down: true, outerjoin_delayed: false, can_join: false, pseudoconstant: false, leakproof: false, security_level: 0, clause_relids: (b 1), required_relids: (b 1), outer_relids: (b), nullable_relids: (b), left_relids: (b 1), right_relids: (b), eval_cost: (0.00..0.00), norm_selec: 0.3333, outer_selec: -1.0000, outer_is_left: false, hashjoinoperator: 0, left_bucketsize: -1.0000, right_bucketsize: -1.0000, left_mcvfreq: -1.0000, right_mcvfreq: -1.0000} = {
                  clause = OpExpr {opno: 1755, opfuncid: 1723, opresulttype: 16, opretset: false, opcollid: 0, inputcollid: 0, location: 557} = {
                    args = List with 2 elements = {
                      0 = Var {varno: 1, varattno: 5, vartype: 1700, vartypmod: 983046, varcollid: 0, varlevelsup: 0, varnosyn: 1, varattnosyn: 5, location: 546},
                      1 = Const {consttype: 1700, consttypmod: -1, constcollid: 0, constlen: -1, constvalue: 94501922414408, constisnull: false, constbyval: false, location: -1}
                    }
                  }
                },
                4 = RestrictInfo {is_pushed_down: true, outerjoin_delayed: false, can_join: false, pseudoconstant: false, leakproof: false, security_level: 0, clause_relids: (b 2), required_relids: (b 2), outer_relids: (b), nullable_relids: (b), left_relids: (b 2), right_relids: (b), eval_cost: (0.00..0.00), norm_selec: 0.3333, outer_selec: -1.0000, outer_is_left: false, hashjoinoperator: 0, left_bucketsize: -1.0000, right_bucketsize: -1.0000, left_mcvfreq: -1.0000, right_mcvfreq: -1.0000} = {
                  clause = OpExpr {opno: 523, opfuncid: 149, opresulttype: 16, opretset: false, opcollid: 0, inputcollid: 0, location: 583} = {
                    args = List with 2 elements = {
                      0 = Var {varno: 2, varattno: 6, vartype: 23, vartypmod: -1, varcollid: 0, varlevelsup: 0, varnosyn: 2, varattnosyn: 6, location: 576},
                      1 = Const {consttype: 23, consttypmod: -1, constcollid: 0, constlen: 4, constvalue: 10, constisnull: false, constbyval: true, location: 597}
                    }
                  }
                }
              }
            },
            2 = BoolExpr {boolop: AND_EXPR, location: -1} = {
              args = List with 5 elements = {
                0 = RestrictInfo {is_pushed_down: true, outerjoin_delayed: false, can_join: false, pseudoconstant: false, leakproof: false, security_level: 0, clause_relids: (b 2), required_relids: (b 2), outer_relids: (b), nullable_relids: (b), left_relids: (b 2), right_relids: (b), eval_cost: (0.00..0.00), norm_selec: 0.0063, outer_selec: -1.0000, outer_is_left: false, hashjoinoperator: 0, left_bucketsize: -1.0000, right_bucketsize: -1.0000, left_mcvfreq: -1.0000, right_mcvfreq: -1.0000} = {
                  clause = OpExpr {opno: 1054, opfuncid: 1048, opresulttype: 16, opretset: false, opcollid: 0, inputcollid: 100, location: 741} = {
                    args = List with 2 elements = {
                      0 = Var {varno: 2, varattno: 4, vartype: 1042, vartypmod: 14, varcollid: 100, varlevelsup: 0, varnosyn: 2, varattnosyn: 4, location: 733},
                      1 = Const {consttype: 1042, consttypmod: -1, constcollid: 100, constlen: -1, constvalue: 94501921735496, constisnull: false, constbyval: false, location: 743}
                    }
                  }
                },
                1 = RestrictInfo {is_pushed_down: true, outerjoin_delayed: false, can_join: false, pseudoconstant: false, leakproof: false, security_level: 0, clause_relids: (b 2), required_relids: (b 2), outer_relids: (b), nullable_relids: (b), left_relids: (b), right_relids: (b), eval_cost: (0.00..0.01), norm_selec: 0.0250, outer_selec: -1.0000, outer_is_left: false, hashjoinoperator: 0, left_bucketsize: -1.0000, right_bucketsize: -1.0000, left_mcvfreq: -1.0000, right_mcvfreq: -1.0000} = {
                  clause = ScalarArrayOpExpr {opno: 1054, opfuncid: 1048, useOr: true, inputcollid: 100, location: 774} = {
                    args = List with 2 elements = {
                      0 = Var {varno: 2, varattno: 7, vartype: 1042, vartypmod: 14, varcollid: 100, varlevelsup: 0, varnosyn: 2, varattnosyn: 7, location: 762},
                      1 = Const {consttype: 1014, consttypmod: -1, constcollid: 100, constlen: -1, constvalue: 94501922418048, constisnull: false, constbyval: false, location: -1}
                    }
                  }
                },
                2 = RestrictInfo {is_pushed_down: true, outerjoin_delayed: false, can_join: false, pseudoconstant: false, leakproof: false, security_level: 0, clause_relids: (b 1), required_relids: (b 1), outer_relids: (b), nullable_relids: (b), left_relids: (b 1), right_relids: (b), eval_cost: (0.00..0.00), norm_selec: 0.3333, outer_selec: -1.0000, outer_is_left: false, hashjoinoperator: 0, left_bucketsize: -1.0000, right_bucketsize: -1.0000, left_mcvfreq: -1.0000, right_mcvfreq: -1.0000} = {
                  clause = OpExpr {opno: 1757, opfuncid: 1721, opresulttype: 16, opretset: false, opcollid: 0, inputcollid: 0, location: 839} = {
                    args = List with 2 elements = {
                      0 = Var {varno: 1, varattno: 5, vartype: 1700, vartypmod: 983046, varcollid: 0, varlevelsup: 0, varnosyn: 1, varattnosyn: 5, location: 828},
                      1 = Const {consttype: 1700, consttypmod: -1, constcollid: 0, constlen: -1, constvalue: 94501922418728, constisnull: false, constbyval: false, location: -1}
                    }
                  }
                },
                3 = RestrictInfo {is_pushed_down: true, outerjoin_delayed: false, can_join: false, pseudoconstant: false, leakproof: false, security_level: 0, clause_relids: (b 1), required_relids: (b 1), outer_relids: (b), nullable_relids: (b), left_relids: (b 1), right_relids: (b), eval_cost: (0.00..0.00), norm_selec: 0.3333, outer_selec: -1.0000, outer_is_left: false, hashjoinoperator: 0, left_bucketsize: -1.0000, right_bucketsize: -1.0000, left_mcvfreq: -1.0000, right_mcvfreq: -1.0000} = {
                  clause = OpExpr {opno: 1755, opfuncid: 1723, opresulttype: 16, opretset: false, opcollid: 0, inputcollid: 0, location: 860} = {
                    args = List with 2 elements = {
                      0 = Var {varno: 1, varattno: 5, vartype: 1700, vartypmod: 983046, varcollid: 0, varlevelsup: 0, varnosyn: 1, varattnosyn: 5, location: 849},
                      1 = Const {consttype: 1700, consttypmod: -1, constcollid: 0, constlen: -1, constvalue: 94501922419728, constisnull: false, constbyval: false, location: -1}
                    }
                  }
                },
                4 = RestrictInfo {is_pushed_down: true, outerjoin_delayed: false, can_join: false, pseudoconstant: false, leakproof: false, security_level: 0, clause_relids: (b 2), required_relids: (b 2), outer_relids: (b), nullable_relids: (b), left_relids: (b 2), right_relids: (b), eval_cost: (0.00..0.00), norm_selec: 0.3333, outer_selec: -1.0000, outer_is_left: false, hashjoinoperator: 0, left_bucketsize: -1.0000, right_bucketsize: -1.0000, left_mcvfreq: -1.0000, right_mcvfreq: -1.0000} = {
                  clause = OpExpr {opno: 523, opfuncid: 149, opresulttype: 16, opretset: false, opcollid: 0, inputcollid: 0, location: 886} = {
                    args = List with 2 elements = {
                      0 = Var {varno: 2, varattno: 6, vartype: 23, vartypmod: -1, varcollid: 0, varlevelsup: 0, varnosyn: 2, varattnosyn: 6, location: 879},
                      1 = Const {consttype: 23, consttypmod: -1, constcollid: 0, constlen: 4, constvalue: 15, constisnull: false, constbyval: true, location: 900}
                    }
                  }
                }
              }
            }
          }
        }
      },
      1 = RestrictInfo {is_pushed_down: true, outerjoin_delayed: false, can_join: true, pseudoconstant: false, leakproof: false, security_level: 0, clause_relids: (b 1 2), required_relids: (b 1 2), outer_relids: (b), nullable_relids: (b), left_relids: (b 1), right_relids: (b 2), eval_cost: (0.00..0.00), norm_selec: 0.0050, outer_selec: -1.0000, outer_is_left: false, hashjoinoperator: 96, left_bucketsize: 0.1000, right_bucketsize: 1.0000, left_mcvfreq: 0.0000, right_mcvfreq: 0.0000} = {
        clause = OpExpr {opno: 96, opfuncid: 65, opresulttype: 16, opretset: false, opcollid: 0, inputcollid: 0, location: -1} = {
          args = List with 2 elements = {
            0 = Var {varno: 1, varattno: 2, vartype: 23, vartypmod: -1, varcollid: 0, varlevelsup: 0, varnosyn: 1, varattnosyn: 2, location: 109},
            1 = Var {varno: 2, varattno: 1, vartype: 23, vartypmod: -1, varcollid: 0, varlevelsup: 0, varnosyn: 2, varattnosyn: 1, location: 97}
          }
        },
        mergeopfamilies = OidList with 1 elements = {1976},
        left_em = EquivalenceMember {em_relids: (b 1), em_is_const: false, em_is_child: false, em_datatype: 23} = {
          em_expr = Var {varno: 1, varattno: 2, vartype: 23, vartypmod: -1, varcollid: 0, varlevelsup: 0, varnosyn: 1, varattnosyn: 2, location: 109}
        },
        right_em = EquivalenceMember {em_relids: (b 2), em_is_const: false, em_is_child: false, em_datatype: 23} = {
          em_expr = Var {varno: 2, varattno: 1, vartype: 23, vartypmod: -1, varcollid: 0, varlevelsup: 0, varnosyn: 2, varattnosyn: 1, location: 97}
        }
      }
    }
  }
}

Breakpoint 2, standard_planner (parse=0x55f2f18177d0, query_string=0x55f2f1676670 "select\n  sum(l_extendedprice* (1 - l_discount)) as revenue\nfrom\n  lineitem,\n  part\nwhere\n  (\n    p_partkey = l_partkey\n    and p_brand = 'Brand#12'\n    and p_container in ('SM CASE', 'SM BOX', 'SM PAC"..., cursorOptions=33024, boundParams=0x0) at /workspaces/AntDB/src/backend/optimizer/plan/planner.c:761
761		result->commandType = parse->commandType;
$57 = Agg (cost=353.27..353.28 rows=1 width=32 plan_id=0 parallel_aware=False parallel_safe = False) {aggstrategy: AGG_PLAIN, aggsplit: AGGSPLIT_SIMPLE, numCols: 0, numGroups: 1, transitionSpace: 128, aggParams: 0x0} = {
  plan.targetlist = List with 1 elements = {
    0 = TargetEntry {resno: 1, resname: 'revenue', ressortgroupref: 0, resorigtbl: 0, resorigcol: 0, resjunk: false} = {
      expr = Aggref {aggfnoid: 2114, aggtype: 1700, aggcollid: 0, inputcollid: 0, aggtranstype: 2281, aggtrantype: 0, agghas_collectfn: false, rank_first: false, aggstar: false, aggvariadic: false, aggkind: 110 'n', agglevelsup: 0, aggsplit: AGGSPLIT_SIMPLE, location: 9} = {
        aggargtypes = OidList with 1 elements = {1700},
        args = List with 1 elements = {
          0 = TargetEntry {resno: 1, resname: 0x0, ressortgroupref: 0, resorigtbl: 0, resorigcol: 0, resjunk: false} = {
            expr = OpExpr {opno: 1760, opfuncid: 1726, opresulttype: 1700, opretset: false, opcollid: 0, inputcollid: 0, location: 28} = {
              args = List with 2 elements = {
                0 = Var {varno: 65001, varattno: 1, vartype: 1700, vartypmod: 983046, varcollid: 0, varlevelsup: 0, varnosyn: 1, varattnosyn: 6, location: 13},
                1 = OpExpr {opno: 1759, opfuncid: 1725, opresulttype: 1700, opretset: false, opcollid: 0, inputcollid: 0, location: 33} = {
                  args = List with 2 elements = {
                    0 = Const {consttype: 1700, consttypmod: -1, constcollid: 0, constlen: -1, constvalue: 94501921745160, constisnull: false, constbyval: false, location: -1},
                    1 = Var {varno: 65001, varattno: 2, vartype: 1700, vartypmod: 983046, varcollid: 0, varlevelsup: 0, varnosyn: 1, varattnosyn: 7, location: 35}
                  }
                }
              }
            }
          }
        }
      }
    }
  },
  plan.lefttree = NestLoop (cost=0.00..353.26 rows=1 width=36 plan_id=1 parallel_aware=False parallel_safe = False) {join.jointype: JOIN_INNER, join.inner_unique: false} = {
    join.plan.targetlist = List with 2 elements = {
      0 = TargetEntry {resno: 1, resname: 0x0, ressortgroupref: 0, resorigtbl: 0, resorigcol: 0, resjunk: false} = {
        expr = Var {varno: 65001, varattno: 1, vartype: 1700, vartypmod: 983046, varcollid: 0, varlevelsup: 0, varnosyn: 1, varattnosyn: 6, location: 13}
      },
      1 = TargetEntry {resno: 2, resname: 0x0, ressortgroupref: 0, resorigtbl: 0, resorigcol: 0, resjunk: false} = {
        expr = Var {varno: 65001, varattno: 2, vartype: 1700, vartypmod: 983046, varcollid: 0, varlevelsup: 0, varnosyn: 1, varattnosyn: 7, location: 35}
      }
    },
    join.plan.lefttree = RemoteQuery (cost=0.00..194.00 rows=1 width=58 plan_id=2 parallel_aware=False parallel_safe = False) {scan.scanrelid: 3, exec_direct_type: EXEC_DIRECT_NONE, sql_statement: 'SELECT l_extendedprice, l_discount, l_partkey, l_quantity FROM ONLY public.lineitem lineitem WHERE (', sql_node: 0x0, combine_type: COMBINE_TYPE_NONE, read_only: true, force_autocommit: false, statement: 0x0, cursor: 0x0, rq_num_params: 0, rq_params_internal: false, exec_type: EXEC_ON_DATANODES, is_temp: false, rq_finalise_aggs: false, rq_sortgroup_colno: false, has_row_marks: false, rq_save_command_id: false, rq_use_pk_for_rep_change: false, rq_max_param_num: 0} = {
      scan.plan.targetlist = List with 4 elements = {
        0 = TargetEntry {resno: 1, resname: 0x0, ressortgroupref: 0, resorigtbl: 0, resorigcol: 0, resjunk: false} = {
          expr = Var {varno: 3, varattno: 1, vartype: 1700, vartypmod: 983046, varcollid: 0, varlevelsup: 0, varnosyn: 1, varattnosyn: 6, location: 13}
        },
        1 = TargetEntry {resno: 2, resname: 0x0, ressortgroupref: 0, resorigtbl: 0, resorigcol: 0, resjunk: false} = {
          expr = Var {varno: 3, varattno: 2, vartype: 1700, vartypmod: 983046, varcollid: 0, varlevelsup: 0, varnosyn: 1, varattnosyn: 7, location: 35}
        },
        2 = TargetEntry {resno: 3, resname: 0x0, ressortgroupref: 0, resorigtbl: 0, resorigcol: 0, resjunk: false} = {
          expr = Var {varno: 3, varattno: 3, vartype: 23, vartypmod: -1, varcollid: 0, varlevelsup: 0, varnosyn: 1, varattnosyn: 2, location: 109}
        },
        3 = TargetEntry {resno: 4, resname: 0x0, ressortgroupref: 0, resorigtbl: 0, resorigcol: 0, resjunk: false} = {
          expr = Var {varno: 3, varattno: 4, vartype: 1700, vartypmod: 983046, varcollid: 0, varlevelsup: 0, varnosyn: 1, varattnosyn: 5, location: 222}
        }
      },
      exec_nodes = ExecNodes {accesstype: RELATION_ACCESS_READ, baselocatortype: 72 'H', en_relid: 0, en_funcid: 0} = {
        en_dist_vars = List with 1 elements = {
          0 = Var {varno: 1, varattno: 1, vartype: 23, vartypmod: -1, varcollid: 0, varlevelsup: 0, varnosyn: 1, varattnosyn: 1, location: -1}
        },
        nodeids = OidList with 3 elements = {16386, 16387, 16388}
      },
      remote_query = Query {commandType: CMD_SELECT, querySource: QSRC_ORIGINAL, queryId: 0, canSetTag: false, resultRelation: 0, hasAggs: false, hasWindowFuncs: false, hasTargetSRFs: false, hasSubLinks: false, hasDistinctOn: false, hasRecursive: false, hasModifyingCTE: false, hasForUpdate: false, hasRowSecurity: false, override: OVERRIDING_NOT_SET, limitOption: LIMIT_OPTION_COUNT, stmt_location: 0, stmt_len: 0, is_local: false, has_to_save_cmd_id: false, in_sub_plan: false, in_explain: false} = {
        rtable = List with 1 elements = {
          0 = RangeTblEntry {rtekind: RTE_RELATION, relname: 'lineitem', relid: 270678, relkind: 114 'r', rellockmode: 1, security_barrier: false, jointype: JOIN_INNER, joinmergedcols: 0, funcordinality: false, ctename: 0x0, ctelevelsup: 0, self_reference: false, enrname: 0x0, enrtuples: 0, param_new: -1, param_old: -1, mt_result: 0x0, defaultCols: 0x0, rows: 0, lateral: false, inh: false, inFromCl: true, requiredPerms: 2, checkAsUser: 0, selectedCols: (b 12 15 16 17 24 25), insertedCols: 0x0, updatedCols: 0x0, extraUpdatedCols: 0x0} = {
            alias = Alias aliasname: 'lineitem',
            eref = Alias aliasname: 'lineitem' = {
              colnames = List with 16 elements = {
                0 = String[ 'l_orderkey' ],
                1 = String[ 'l_partkey' ],
                2 = String[ 'l_suppkey' ],
                3 = String[ 'l_linenumber' ],
                4 = String[ 'l_quantity' ],
                5 = String[ 'l_extendedprice' ],
                6 = String[ 'l_discount' ],
                7 = String[ 'l_tax' ],
                8 = String[ 'l_returnflag' ],
                9 = String[ 'l_linestatus' ],
                10 = String[ 'l_shipdate' ],
                11 = String[ 'l_commitdate' ],
                12 = String[ 'l_receiptdate' ],
                13 = String[ 'l_shipinstruct' ],
                14 = String[ 'l_shipmode' ],
                15 = String[ 'l_comment' ]
              }
            }
          }
        },
        jointree = FromExpr  = {
          fromlist = List with 1 elements = {
            0 = RangeTblRef rtindex: 1
          },
          quals = BoolExpr {boolop: AND_EXPR, location: -1} = {
            args = List with 3 elements = {
              0 = ScalarArrayOpExpr {opno: 1054, opfuncid: 1048, useOr: true, inputcollid: 100, location: 313} = {
                args = List with 2 elements = {
                  0 = Var {varno: 1, varattno: 15, vartype: 1042, vartypmod: 14, varcollid: 100, varlevelsup: 0, varnosyn: 0, varattnosyn: 15, location: 302},
                  1 = Const {consttype: 1014, consttypmod: -1, constcollid: 100, constlen: -1, constvalue: 94501923616288, constisnull: false, constbyval: false, location: -1}
                }
              },
              1 = OpExpr {opno: 1054, opfuncid: 1048, opresulttype: 16, opretset: false, opcollid: 0, inputcollid: 100, location: 358} = {
                args = List with 2 elements = {
                  0 = Var {varno: 1, varattno: 14, vartype: 1042, vartypmod: 29, varcollid: 100, varlevelsup: 0, varnosyn: 0, varattnosyn: 14, location: 343},
                  1 = Const {consttype: 1042, consttypmod: -1, constcollid: 100, constlen: -1, constvalue: 94501922465936, constisnull: false, constbyval: false, location: 360}
                }
              },
              2 = BoolExpr {boolop: OR_EXPR, location: -1} = {
                args = List with 3 elements = {
                  0 = BoolExpr {boolop: AND_EXPR, location: -1} = {
                    args = List with 2 elements = {
                      0 = OpExpr {opno: 1757, opfuncid: 1721, opresulttype: 16, opretset: false, opcollid: 0, inputcollid: 0, location: 233} = {
                        args = List with 2 elements = {
                          0 = Var {varno: 1, varattno: 5, vartype: 1700, vartypmod: 983046, varcollid: 0, varlevelsup: 0, varnosyn: 0, varattnosyn: 5, location: 222},
                          1 = Const {consttype: 1700, consttypmod: -1, constcollid: 0, constlen: -1, constvalue: 94501922464776, constisnull: false, constbyval: false, location: -1}
                        }
                      },
                      1 = OpExpr {opno: 1755, opfuncid: 1723, opresulttype: 16, opretset: false, opcollid: 0, inputcollid: 0, location: 253} = {
                        args = List with 2 elements = {
                          0 = Var {varno: 1, varattno: 5, vartype: 1700, vartypmod: 983046, varcollid: 0, varlevelsup: 0, varnosyn: 0, varattnosyn: 5, location: 242},
                          1 = Const {consttype: 1700, consttypmod: -1, constcollid: 0, constlen: -1, constvalue: 94501923617720, constisnull: false, constbyval: false, location: -1}
                        }
                      }
                    }
                  },
                  1 = BoolExpr {boolop: AND_EXPR, location: -1} = {
                    args = List with 2 elements = {
                      0 = OpExpr {opno: 1757, opfuncid: 1721, opresulttype: 16, opretset: false, opcollid: 0, inputcollid: 0, location: 536} = {
                        args = List with 2 elements = {
                          0 = Var {varno: 1, varattno: 5, vartype: 1700, vartypmod: 983046, varcollid: 0, varlevelsup: 0, varnosyn: 0, varattnosyn: 5, location: 525},
                          1 = Const {consttype: 1700, consttypmod: -1, constcollid: 0, constlen: -1, constvalue: 94501923618248, constisnull: false, constbyval: false, location: -1}
                        }
                      },
                      1 = OpExpr {opno: 1755, opfuncid: 1723, opresulttype: 16, opretset: false, opcollid: 0, inputcollid: 0, location: 557} = {
                        args = List with 2 elements = {
                          0 = Var {varno: 1, varattno: 5, vartype: 1700, vartypmod: 983046, varcollid: 0, varlevelsup: 0, varnosyn: 0, varattnosyn: 5, location: 546},
                          1 = Const {consttype: 1700, consttypmod: -1, constcollid: 0, constlen: -1, constvalue: 94501923618632, constisnull: false, constbyval: false, location: -1}
                        }
                      }
                    }
                  },
                  2 = BoolExpr {boolop: AND_EXPR, location: -1} = {
                    args = List with 2 elements = {
                      0 = OpExpr {opno: 1757, opfuncid: 1721, opresulttype: 16, opretset: false, opcollid: 0, inputcollid: 0, location: 839} = {
                        args = List with 2 elements = {
                          0 = Var {varno: 1, varattno: 5, vartype: 1700, vartypmod: 983046, varcollid: 0, varlevelsup: 0, varnosyn: 0, varattnosyn: 5, location: 828},
                          1 = Const {consttype: 1700, consttypmod: -1, constcollid: 0, constlen: -1, constvalue: 94501923619160, constisnull: false, constbyval: false, location: -1}
                        }
                      },
                      1 = OpExpr {opno: 1755, opfuncid: 1723, opresulttype: 16, opretset: false, opcollid: 0, inputcollid: 0, location: 860} = {
                        args = List with 2 elements = {
                          0 = Var {varno: 1, varattno: 5, vartype: 1700, vartypmod: 983046, varcollid: 0, varlevelsup: 0, varnosyn: 0, varattnosyn: 5, location: 849},
                          1 = Const {consttype: 1700, consttypmod: -1, constcollid: 0, constlen: -1, constvalue: 94501923619544, constisnull: false, constbyval: false, location: -1}
                        }
                      }
                    }
                  }
                }
              }
            }
          }
        },
        targetList = List with 4 elements = {
          0 = TargetEntry {resno: 1, resname: 0x0, ressortgroupref: 0, resorigtbl: 0, resorigcol: 0, resjunk: false} = {
            expr = Var {varno: 1, varattno: 6, vartype: 1700, vartypmod: 983046, varcollid: 0, varlevelsup: 0, varnosyn: 0, varattnosyn: 6, location: 13}
          },
          1 = TargetEntry {resno: 2, resname: 0x0, ressortgroupref: 0, resorigtbl: 0, resorigcol: 0, resjunk: false} = {
            expr = Var {varno: 1, varattno: 7, vartype: 1700, vartypmod: 983046, varcollid: 0, varlevelsup: 0, varnosyn: 0, varattnosyn: 7, location: 35}
          },
          2 = TargetEntry {resno: 3, resname: 0x0, ressortgroupref: 0, resorigtbl: 0, resorigcol: 0, resjunk: false} = {
            expr = Var {varno: 1, varattno: 2, vartype: 23, vartypmod: -1, varcollid: 0, varlevelsup: 0, varnosyn: 0, varattnosyn: 2, location: 109}
          },
          3 = TargetEntry {resno: 4, resname: 0x0, ressortgroupref: 0, resorigtbl: 0, resorigcol: 0, resjunk: false} = {
            expr = Var {varno: 1, varattno: 5, vartype: 1700, vartypmod: 983046, varcollid: 0, varlevelsup: 0, varnosyn: 0, varattnosyn: 5, location: 222}
          }
        }
      },
      base_tlist = List with 4 elements = {
        0 = TargetEntry {resno: 1, resname: 0x0, ressortgroupref: 0, resorigtbl: 0, resorigcol: 0, resjunk: false} = {
          expr = Var {varno: 1, varattno: 6, vartype: 1700, vartypmod: 983046, varcollid: 0, varlevelsup: 0, varnosyn: 1, varattnosyn: 6, location: 13}
        },
        1 = TargetEntry {resno: 2, resname: 0x0, ressortgroupref: 0, resorigtbl: 0, resorigcol: 0, resjunk: false} = {
          expr = Var {varno: 1, varattno: 7, vartype: 1700, vartypmod: 983046, varcollid: 0, varlevelsup: 0, varnosyn: 1, varattnosyn: 7, location: 35}
        },
        2 = TargetEntry {resno: 3, resname: 0x0, ressortgroupref: 0, resorigtbl: 0, resorigcol: 0, resjunk: false} = {
          expr = Var {varno: 1, varattno: 2, vartype: 23, vartypmod: -1, varcollid: 0, varlevelsup: 0, varnosyn: 1, varattnosyn: 2, location: 109}
        },
        3 = TargetEntry {resno: 4, resname: 0x0, ressortgroupref: 0, resorigtbl: 0, resorigcol: 0, resjunk: false} = {
          expr = Var {varno: 1, varattno: 5, vartype: 1700, vartypmod: 983046, varcollid: 0, varlevelsup: 0, varnosyn: 1, varattnosyn: 5, location: 222}
        }
      },
      coord_var_tlist = List with 4 elements = {
        0 = TargetEntry {resno: 1, resname: 0x0, ressortgroupref: 0, resorigtbl: 0, resorigcol: 0, resjunk: false} = {
          expr = Var {varno: 1, varattno: 6, vartype: 1700, vartypmod: 983046, varcollid: 0, varlevelsup: 0, varnosyn: 1, varattnosyn: 6, location: 13}
        },
        1 = TargetEntry {resno: 2, resname: 0x0, ressortgroupref: 0, resorigtbl: 0, resorigcol: 0, resjunk: false} = {
          expr = Var {varno: 1, varattno: 7, vartype: 1700, vartypmod: 983046, varcollid: 0, varlevelsup: 0, varnosyn: 1, varattnosyn: 7, location: 35}
        },
        2 = TargetEntry {resno: 3, resname: 0x0, ressortgroupref: 0, resorigtbl: 0, resorigcol: 0, resjunk: false} = {
          expr = Var {varno: 1, varattno: 2, vartype: 23, vartypmod: -1, varcollid: 0, varlevelsup: 0, varnosyn: 1, varattnosyn: 2, location: 109}
        },
        3 = TargetEntry {resno: 4, resname: 0x0, ressortgroupref: 0, resorigtbl: 0, resorigcol: 0, resjunk: false} = {
          expr = Var {varno: 1, varattno: 5, vartype: 1700, vartypmod: 983046, varcollid: 0, varlevelsup: 0, varnosyn: 1, varattnosyn: 5, location: 222}
        }
      },
      query_var_tlist = List with 4 elements = {
        0 = TargetEntry {resno: 1, resname: 0x0, ressortgroupref: 0, resorigtbl: 0, resorigcol: 0, resjunk: false} = {
          expr = Var {varno: 1, varattno: 6, vartype: 1700, vartypmod: 983046, varcollid: 0, varlevelsup: 0, varnosyn: 0, varattnosyn: 6, location: 13}
        },
        1 = TargetEntry {resno: 2, resname: 0x0, ressortgroupref: 0, resorigtbl: 0, resorigcol: 0, resjunk: false} = {
          expr = Var {varno: 1, varattno: 7, vartype: 1700, vartypmod: 983046, varcollid: 0, varlevelsup: 0, varnosyn: 0, varattnosyn: 7, location: 35}
        },
        2 = TargetEntry {resno: 3, resname: 0x0, ressortgroupref: 0, resorigtbl: 0, resorigcol: 0, resjunk: false} = {
          expr = Var {varno: 1, varattno: 2, vartype: 23, vartypmod: -1, varcollid: 0, varlevelsup: 0, varnosyn: 0, varattnosyn: 2, location: 109}
        },
        3 = TargetEntry {resno: 4, resname: 0x0, ressortgroupref: 0, resorigtbl: 0, resorigcol: 0, resjunk: false} = {
          expr = Var {varno: 1, varattno: 5, vartype: 1700, vartypmod: 983046, varcollid: 0, varlevelsup: 0, varnosyn: 0, varattnosyn: 5, location: 222}
        }
      }
    },
    join.plan.righttree = RemoteQuery (cost=0.00..159.20 rows=1 width=96 plan_id=3 parallel_aware=False parallel_safe = False) {scan.scanrelid: 4, exec_direct_type: EXEC_DIRECT_NONE, sql_statement: 'SELECT p_partkey, p_brand, p_container, p_size FROM ONLY public.part part WHERE ((p_size >= 1) AND (', sql_node: 0x0, combine_type: COMBINE_TYPE_NONE, read_only: true, force_autocommit: false, statement: 0x0, cursor: 0x0, rq_num_params: 0, rq_params_internal: false, exec_type: EXEC_ON_DATANODES, is_temp: false, rq_finalise_aggs: false, rq_sortgroup_colno: false, has_row_marks: false, rq_save_command_id: false, rq_use_pk_for_rep_change: false, rq_max_param_num: 0} = {
      scan.plan.targetlist = List with 4 elements = {
        0 = TargetEntry {resno: 1, resname: 0x0, ressortgroupref: 0, resorigtbl: 0, resorigcol: 0, resjunk: false} = {
          expr = Var {varno: 4, varattno: 1, vartype: 23, vartypmod: -1, varcollid: 0, varlevelsup: 0, varnosyn: 2, varattnosyn: 1, location: 97}
        },
        1 = TargetEntry {resno: 2, resname: 0x0, ressortgroupref: 0, resorigtbl: 0, resorigcol: 0, resjunk: false} = {
          expr = Var {varno: 4, varattno: 2, vartype: 1042, vartypmod: 14, varcollid: 100, varlevelsup: 0, varnosyn: 2, varattnosyn: 4, location: 127}
        },
        2 = TargetEntry {resno: 3, resname: 0x0, ressortgroupref: 0, resorigtbl: 0, resorigcol: 0, resjunk: false} = {
          expr = Var {varno: 4, varattno: 3, vartype: 1042, vartypmod: 14, varcollid: 100, varlevelsup: 0, varnosyn: 2, varattnosyn: 7, location: 156}
        },
        3 = TargetEntry {resno: 4, resname: 0x0, ressortgroupref: 0, resorigtbl: 0, resorigcol: 0, resjunk: false} = {
          expr = Var {varno: 4, varattno: 4, vartype: 23, vartypmod: -1, varcollid: 0, varlevelsup: 0, varnosyn: 2, varattnosyn: 6, location: 271}
        }
      },
      exec_nodes = ExecNodes {accesstype: RELATION_ACCESS_READ, baselocatortype: 72 'H', en_relid: 0, en_funcid: 0} = {
        en_dist_vars = List with 1 elements = {
          0 = Var {varno: 2, varattno: 1, vartype: 23, vartypmod: -1, varcollid: 0, varlevelsup: 0, varnosyn: 2, varattnosyn: 1, location: 97}
        },
        nodeids = OidList with 3 elements = {16386, 16387, 16388}
      },
      remote_query = Query {commandType: CMD_SELECT, querySource: QSRC_ORIGINAL, queryId: 0, canSetTag: false, resultRelation: 0, hasAggs: false, hasWindowFuncs: false, hasTargetSRFs: false, hasSubLinks: false, hasDistinctOn: false, hasRecursive: false, hasModifyingCTE: false, hasForUpdate: false, hasRowSecurity: false, override: OVERRIDING_NOT_SET, limitOption: LIMIT_OPTION_COUNT, stmt_location: 0, stmt_len: 0, is_local: false, has_to_save_cmd_id: false, in_sub_plan: false, in_explain: false} = {
        rtable = List with 1 elements = {
          0 = RangeTblEntry {rtekind: RTE_RELATION, relname: 'part', relid: 270663, relkind: 114 'r', rellockmode: 1, security_barrier: false, jointype: JOIN_INNER, joinmergedcols: 0, funcordinality: false, ctename: 0x0, ctelevelsup: 0, self_reference: false, enrname: 0x0, enrtuples: 0, param_new: -1, param_old: -1, mt_result: 0x0, defaultCols: 0x0, rows: 0, lateral: false, inh: false, inFromCl: true, requiredPerms: 2, checkAsUser: 0, selectedCols: (b 11 14 16 17), insertedCols: 0x0, updatedCols: 0x0, extraUpdatedCols: 0x0} = {
            alias = Alias aliasname: 'part',
            eref = Alias aliasname: 'part' = {
              colnames = List with 9 elements = {
                0 = String[ 'p_partkey' ],
                1 = String[ 'p_name' ],
                2 = String[ 'p_mfgr' ],
                3 = String[ 'p_brand' ],
                4 = String[ 'p_type' ],
                5 = String[ 'p_size' ],
                6 = String[ 'p_container' ],
                7 = String[ 'p_retailprice' ],
                8 = String[ 'p_comment' ]
              }
            }
          }
        },
        jointree = FromExpr  = {
          fromlist = List with 1 elements = {
            0 = RangeTblRef rtindex: 1
          },
          quals = BoolExpr {boolop: AND_EXPR, location: -1} = {
            args = List with 2 elements = {
              0 = OpExpr {opno: 525, opfuncid: 150, opresulttype: 16, opretset: false, opcollid: 0, inputcollid: 0, location: 278} = {
                args = List with 2 elements = {
                  0 = Var {varno: 1, varattno: 6, vartype: 23, vartypmod: -1, varcollid: 0, varlevelsup: 0, varnosyn: 0, varattnosyn: 6, location: 271},
                  1 = Const {consttype: 23, consttypmod: -1, constcollid: 0, constlen: 4, constvalue: 1, constisnull: false, constbyval: true, location: 286}
                }
              },
              1 = BoolExpr {boolop: OR_EXPR, location: -1} = {
                args = List with 3 elements = {
                  0 = BoolExpr {boolop: AND_EXPR, location: -1} = {
                    args = List with 3 elements = {
                      0 = OpExpr {opno: 1054, opfuncid: 1048, opresulttype: 16, opretset: false, opcollid: 0, inputcollid: 100, location: 135} = {
                        args = List with 2 elements = {
                          0 = Var {varno: 1, varattno: 4, vartype: 1042, vartypmod: 14, varcollid: 100, varlevelsup: 0, varnosyn: 0, varattnosyn: 4, location: 127},
                          1 = Const {consttype: 1042, consttypmod: -1, constcollid: 100, constlen: -1, constvalue: 94501923642416, constisnull: false, constbyval: false, location: 137}
                        }
                      },
                      1 = ScalarArrayOpExpr {opno: 1054, opfuncid: 1048, useOr: true, inputcollid: 100, location: 168} = {
                        args = List with 2 elements = {
                          0 = Var {varno: 1, varattno: 7, vartype: 1042, vartypmod: 14, varcollid: 100, varlevelsup: 0, varnosyn: 0, varattnosyn: 7, location: 156},
                          1 = Const {consttype: 1014, consttypmod: -1, constcollid: 100, constlen: -1, constvalue: 94501923642808, constisnull: false, constbyval: false, location: -1}
                        }
                      },
                      2 = OpExpr {opno: 523, opfuncid: 149, opresulttype: 16, opretset: false, opcollid: 0, inputcollid: 0, location: 278} = {
                        args = List with 2 elements = {
                          0 = Var {varno: 1, varattno: 6, vartype: 23, vartypmod: -1, varcollid: 0, varlevelsup: 0, varnosyn: 0, varattnosyn: 6, location: 271},
                          1 = Const {consttype: 23, consttypmod: -1, constcollid: 0, constlen: 4, constvalue: 5, constisnull: false, constbyval: true, location: 292}
                        }
                      }
                    }
                  },
                  1 = BoolExpr {boolop: AND_EXPR, location: -1} = {
                    args = List with 3 elements = {
                      0 = OpExpr {opno: 1054, opfuncid: 1048, opresulttype: 16, opretset: false, opcollid: 0, inputcollid: 100, location: 435} = {
                        args = List with 2 elements = {
                          0 = Var {varno: 1, varattno: 4, vartype: 1042, vartypmod: 14, varcollid: 100, varlevelsup: 0, varnosyn: 0, varattnosyn: 4, location: 427},
                          1 = Const {consttype: 1042, consttypmod: -1, constcollid: 100, constlen: -1, constvalue: 94501923643808, constisnull: false, constbyval: false, location: 437}
                        }
                      },
                      1 = ScalarArrayOpExpr {opno: 1054, opfuncid: 1048, useOr: true, inputcollid: 100, location: 468} = {
                        args = List with 2 elements = {
                          0 = Var {varno: 1, varattno: 7, vartype: 1042, vartypmod: 14, varcollid: 100, varlevelsup: 0, varnosyn: 0, varattnosyn: 7, location: 456},
                          1 = Const {consttype: 1014, consttypmod: -1, constcollid: 100, constlen: -1, constvalue: 94501923644200, constisnull: false, constbyval: false, location: -1}
                        }
                      },
                      2 = OpExpr {opno: 523, opfuncid: 149, opresulttype: 16, opretset: false, opcollid: 0, inputcollid: 0, location: 583} = {
                        args = List with 2 elements = {
                          0 = Var {varno: 1, varattno: 6, vartype: 23, vartypmod: -1, varcollid: 0, varlevelsup: 0, varnosyn: 0, varattnosyn: 6, location: 576},
                          1 = Const {consttype: 23, consttypmod: -1, constcollid: 0, constlen: 4, constvalue: 10, constisnull: false, constbyval: true, location: 597}
                        }
                      }
                    }
                  },
                  2 = BoolExpr {boolop: AND_EXPR, location: -1} = {
                    args = List with 3 elements = {
                      0 = OpExpr {opno: 1054, opfuncid: 1048, opresulttype: 16, opretset: false, opcollid: 0, inputcollid: 100, location: 741} = {
                        args = List with 2 elements = {
                          0 = Var {varno: 1, varattno: 4, vartype: 1042, vartypmod: 14, varcollid: 100, varlevelsup: 0, varnosyn: 0, varattnosyn: 4, location: 733},
                          1 = Const {consttype: 1042, consttypmod: -1, constcollid: 100, constlen: -1, constvalue: 94501923645200, constisnull: false, constbyval: false, location: 743}
                        }
                      },
                      1 = ScalarArrayOpExpr {opno: 1054, opfuncid: 1048, useOr: true, inputcollid: 100, location: 774} = {
                        args = List with 2 elements = {
                          0 = Var {varno: 1, varattno: 7, vartype: 1042, vartypmod: 14, varcollid: 100, varlevelsup: 0, varnosyn: 0, varattnosyn: 7, location: 762},
                          1 = Const {consttype: 1014, consttypmod: -1, constcollid: 100, constlen: -1, constvalue: 94501923645592, constisnull: false, constbyval: false, location: -1}
                        }
                      },
                      2 = OpExpr {opno: 523, opfuncid: 149, opresulttype: 16, opretset: false, opcollid: 0, inputcollid: 0, location: 886} = {
                        args = List with 2 elements = {
                          0 = Var {varno: 1, varattno: 6, vartype: 23, vartypmod: -1, varcollid: 0, varlevelsup: 0, varnosyn: 0, varattnosyn: 6, location: 879},
                          1 = Const {consttype: 23, consttypmod: -1, constcollid: 0, constlen: 4, constvalue: 15, constisnull: false, constbyval: true, location: 900}
                        }
                      }
                    }
                  }
                }
              }
            }
          }
        },
        targetList = List with 4 elements = {
          0 = TargetEntry {resno: 1, resname: 0x0, ressortgroupref: 0, resorigtbl: 0, resorigcol: 0, resjunk: false} = {
            expr = Var {varno: 1, varattno: 1, vartype: 23, vartypmod: -1, varcollid: 0, varlevelsup: 0, varnosyn: 0, varattnosyn: 1, location: 97}
          },
          1 = TargetEntry {resno: 2, resname: 0x0, ressortgroupref: 0, resorigtbl: 0, resorigcol: 0, resjunk: false} = {
            expr = Var {varno: 1, varattno: 4, vartype: 1042, vartypmod: 14, varcollid: 100, varlevelsup: 0, varnosyn: 0, varattnosyn: 4, location: 127}
          },
          2 = TargetEntry {resno: 3, resname: 0x0, ressortgroupref: 0, resorigtbl: 0, resorigcol: 0, resjunk: false} = {
            expr = Var {varno: 1, varattno: 7, vartype: 1042, vartypmod: 14, varcollid: 100, varlevelsup: 0, varnosyn: 0, varattnosyn: 7, location: 156}
          },
          3 = TargetEntry {resno: 4, resname: 0x0, ressortgroupref: 0, resorigtbl: 0, resorigcol: 0, resjunk: false} = {
            expr = Var {varno: 1, varattno: 6, vartype: 23, vartypmod: -1, varcollid: 0, varlevelsup: 0, varnosyn: 0, varattnosyn: 6, location: 271}
          }
        }
      },
      base_tlist = List with 4 elements = {
        0 = TargetEntry {resno: 1, resname: 0x0, ressortgroupref: 0, resorigtbl: 0, resorigcol: 0, resjunk: false} = {
          expr = Var {varno: 2, varattno: 1, vartype: 23, vartypmod: -1, varcollid: 0, varlevelsup: 0, varnosyn: 2, varattnosyn: 1, location: 97}
        },
        1 = TargetEntry {resno: 2, resname: 0x0, ressortgroupref: 0, resorigtbl: 0, resorigcol: 0, resjunk: false} = {
          expr = Var {varno: 2, varattno: 4, vartype: 1042, vartypmod: 14, varcollid: 100, varlevelsup: 0, varnosyn: 2, varattnosyn: 4, location: 127}
        },
        2 = TargetEntry {resno: 3, resname: 0x0, ressortgroupref: 0, resorigtbl: 0, resorigcol: 0, resjunk: false} = {
          expr = Var {varno: 2, varattno: 7, vartype: 1042, vartypmod: 14, varcollid: 100, varlevelsup: 0, varnosyn: 2, varattnosyn: 7, location: 156}
        },
        3 = TargetEntry {resno: 4, resname: 0x0, ressortgroupref: 0, resorigtbl: 0, resorigcol: 0, resjunk: false} = {
          expr = Var {varno: 2, varattno: 6, vartype: 23, vartypmod: -1, varcollid: 0, varlevelsup: 0, varnosyn: 2, varattnosyn: 6, location: 271}
        }
      },
      coord_var_tlist = List with 4 elements = {
        0 = TargetEntry {resno: 1, resname: 0x0, ressortgroupref: 0, resorigtbl: 0, resorigcol: 0, resjunk: false} = {
          expr = Var {varno: 2, varattno: 1, vartype: 23, vartypmod: -1, varcollid: 0, varlevelsup: 0, varnosyn: 2, varattnosyn: 1, location: 97}
        },
        1 = TargetEntry {resno: 2, resname: 0x0, ressortgroupref: 0, resorigtbl: 0, resorigcol: 0, resjunk: false} = {
          expr = Var {varno: 2, varattno: 4, vartype: 1042, vartypmod: 14, varcollid: 100, varlevelsup: 0, varnosyn: 2, varattnosyn: 4, location: 127}
        },
        2 = TargetEntry {resno: 3, resname: 0x0, ressortgroupref: 0, resorigtbl: 0, resorigcol: 0, resjunk: false} = {
          expr = Var {varno: 2, varattno: 7, vartype: 1042, vartypmod: 14, varcollid: 100, varlevelsup: 0, varnosyn: 2, varattnosyn: 7, location: 156}
        },
        3 = TargetEntry {resno: 4, resname: 0x0, ressortgroupref: 0, resorigtbl: 0, resorigcol: 0, resjunk: false} = {
          expr = Var {varno: 2, varattno: 6, vartype: 23, vartypmod: -1, varcollid: 0, varlevelsup: 0, varnosyn: 2, varattnosyn: 6, location: 271}
        }
      },
      query_var_tlist = List with 4 elements = {
        0 = TargetEntry {resno: 1, resname: 0x0, ressortgroupref: 0, resorigtbl: 0, resorigcol: 0, resjunk: false} = {
          expr = Var {varno: 1, varattno: 1, vartype: 23, vartypmod: -1, varcollid: 0, varlevelsup: 0, varnosyn: 0, varattnosyn: 1, location: 97}
        },
        1 = TargetEntry {resno: 2, resname: 0x0, ressortgroupref: 0, resorigtbl: 0, resorigcol: 0, resjunk: false} = {
          expr = Var {varno: 1, varattno: 4, vartype: 1042, vartypmod: 14, varcollid: 100, varlevelsup: 0, varnosyn: 0, varattnosyn: 4, location: 127}
        },
        2 = TargetEntry {resno: 3, resname: 0x0, ressortgroupref: 0, resorigtbl: 0, resorigcol: 0, resjunk: false} = {
          expr = Var {varno: 1, varattno: 7, vartype: 1042, vartypmod: 14, varcollid: 100, varlevelsup: 0, varnosyn: 0, varattnosyn: 7, location: 156}
        },
        3 = TargetEntry {resno: 4, resname: 0x0, ressortgroupref: 0, resorigtbl: 0, resorigcol: 0, resjunk: false} = {
          expr = Var {varno: 1, varattno: 6, vartype: 23, vartypmod: -1, varcollid: 0, varlevelsup: 0, varnosyn: 0, varattnosyn: 6, location: 271}
        }
      }
    },
    join.joinqual = List with 2 elements = {
      0 = OpExpr {opno: 96, opfuncid: 65, opresulttype: 16, opretset: false, opcollid: 0, inputcollid: 0, location: -1} = {
        args = List with 2 elements = {
          0 = Var {varno: 65001, varattno: 3, vartype: 23, vartypmod: -1, varcollid: 0, varlevelsup: 0, varnosyn: 1, varattnosyn: 2, location: 109},
          1 = Var {varno: 65000, varattno: 1, vartype: 23, vartypmod: -1, varcollid: 0, varlevelsup: 0, varnosyn: 2, varattnosyn: 1, location: 97}
        }
      },
      1 = BoolExpr {boolop: OR_EXPR, location: -1} = {
        args = List with 3 elements = {
          0 = BoolExpr {boolop: AND_EXPR, location: -1} = {
            args = List with 5 elements = {
              0 = OpExpr {opno: 1054, opfuncid: 1048, opresulttype: 16, opretset: false, opcollid: 0, inputcollid: 100, location: 135} = {
                args = List with 2 elements = {
                  0 = Var {varno: 65000, varattno: 2, vartype: 1042, vartypmod: 14, varcollid: 100, varlevelsup: 0, varnosyn: 2, varattnosyn: 4, location: 127},
                  1 = Const {consttype: 1042, consttypmod: -1, constcollid: 100, constlen: -1, constvalue: 94501922248768, constisnull: false, constbyval: false, location: 137}
                }
              },
              1 = ScalarArrayOpExpr {opno: 1054, opfuncid: 1048, useOr: true, inputcollid: 100, location: 168} = {
                args = List with 2 elements = {
                  0 = Var {varno: 65000, varattno: 3, vartype: 1042, vartypmod: 14, varcollid: 100, varlevelsup: 0, varnosyn: 2, varattnosyn: 7, location: 156},
                  1 = Const {consttype: 1014, consttypmod: -1, constcollid: 100, constlen: -1, constvalue: 94501921747600, constisnull: false, constbyval: false, location: -1}
                }
              },
              2 = OpExpr {opno: 1757, opfuncid: 1721, opresulttype: 16, opretset: false, opcollid: 0, inputcollid: 0, location: 233} = {
                args = List with 2 elements = {
                  0 = Var {varno: 65001, varattno: 4, vartype: 1700, vartypmod: 983046, varcollid: 0, varlevelsup: 0, varnosyn: 1, varattnosyn: 5, location: 222},
                  1 = Const {consttype: 1700, consttypmod: -1, constcollid: 0, constlen: -1, constvalue: 94501921748280, constisnull: false, constbyval: false, location: -1}
                }
              },
              3 = OpExpr {opno: 1755, opfuncid: 1723, opresulttype: 16, opretset: false, opcollid: 0, inputcollid: 0, location: 253} = {
                args = List with 2 elements = {
                  0 = Var {varno: 65001, varattno: 4, vartype: 1700, vartypmod: 983046, varcollid: 0, varlevelsup: 0, varnosyn: 1, varattnosyn: 5, location: 242},
                  1 = Const {consttype: 1700, consttypmod: -1, constcollid: 0, constlen: -1, constvalue: 94501921749280, constisnull: false, constbyval: false, location: -1}
                }
              },
              4 = OpExpr {opno: 523, opfuncid: 149, opresulttype: 16, opretset: false, opcollid: 0, inputcollid: 0, location: 278} = {
                args = List with 2 elements = {
                  0 = Var {varno: 65000, varattno: 4, vartype: 23, vartypmod: -1, varcollid: 0, varlevelsup: 0, varnosyn: 2, varattnosyn: 6, location: 271},
                  1 = Const {consttype: 23, consttypmod: -1, constcollid: 0, constlen: 4, constvalue: 5, constisnull: false, constbyval: true, location: 292}
                }
              }
            }
          },
          1 = BoolExpr {boolop: AND_EXPR, location: -1} = {
            args = List with 5 elements = {
              0 = OpExpr {opno: 1054, opfuncid: 1048, opresulttype: 16, opretset: false, opcollid: 0, inputcollid: 100, location: 435} = {
                args = List with 2 elements = {
                  0 = Var {varno: 65000, varattno: 2, vartype: 1042, vartypmod: 14, varcollid: 100, varlevelsup: 0, varnosyn: 2, varattnosyn: 4, location: 427},
                  1 = Const {consttype: 1042, consttypmod: -1, constcollid: 100, constlen: -1, constvalue: 94501921728280, constisnull: false, constbyval: false, location: 437}
                }
              },
              1 = ScalarArrayOpExpr {opno: 1054, opfuncid: 1048, useOr: true, inputcollid: 100, location: 468} = {
                args = List with 2 elements = {
                  0 = Var {varno: 65000, varattno: 3, vartype: 1042, vartypmod: 14, varcollid: 100, varlevelsup: 0, varnosyn: 2, varattnosyn: 7, location: 456},
                  1 = Const {consttype: 1014, consttypmod: -1, constcollid: 100, constlen: -1, constvalue: 94501921753152, constisnull: false, constbyval: false, location: -1}
                }
              },
              2 = OpExpr {opno: 1757, opfuncid: 1721, opresulttype: 16, opretset: false, opcollid: 0, inputcollid: 0, location: 536} = {
                args = List with 2 elements = {
                  0 = Var {varno: 65001, varattno: 4, vartype: 1700, vartypmod: 983046, varcollid: 0, varlevelsup: 0, varnosyn: 1, varattnosyn: 5, location: 525},
                  1 = Const {consttype: 1700, consttypmod: -1, constcollid: 0, constlen: -1, constvalue: 94501921753832, constisnull: false, constbyval: false, location: -1}
                }
              },
              3 = OpExpr {opno: 1755, opfuncid: 1723, opresulttype: 16, opretset: false, opcollid: 0, inputcollid: 0, location: 557} = {
                args = List with 2 elements = {
                  0 = Var {varno: 65001, varattno: 4, vartype: 1700, vartypmod: 983046, varcollid: 0, varlevelsup: 0, varnosyn: 1, varattnosyn: 5, location: 546},
                  1 = Const {consttype: 1700, consttypmod: -1, constcollid: 0, constlen: -1, constvalue: 94501922414408, constisnull: false, constbyval: false, location: -1}
                }
              },
              4 = OpExpr {opno: 523, opfuncid: 149, opresulttype: 16, opretset: false, opcollid: 0, inputcollid: 0, location: 583} = {
                args = List with 2 elements = {
                  0 = Var {varno: 65000, varattno: 4, vartype: 23, vartypmod: -1, varcollid: 0, varlevelsup: 0, varnosyn: 2, varattnosyn: 6, location: 576},
                  1 = Const {consttype: 23, consttypmod: -1, constcollid: 0, constlen: 4, constvalue: 10, constisnull: false, constbyval: true, location: 597}
                }
              }
            }
          },
          2 = BoolExpr {boolop: AND_EXPR, location: -1} = {
            args = List with 5 elements = {
              0 = OpExpr {opno: 1054, opfuncid: 1048, opresulttype: 16, opretset: false, opcollid: 0, inputcollid: 100, location: 741} = {
                args = List with 2 elements = {
                  0 = Var {varno: 65000, varattno: 2, vartype: 1042, vartypmod: 14, varcollid: 100, varlevelsup: 0, varnosyn: 2, varattnosyn: 4, location: 733},
                  1 = Const {consttype: 1042, consttypmod: -1, constcollid: 100, constlen: -1, constvalue: 94501921735496, constisnull: false, constbyval: false, location: 743}
                }
              },
              1 = ScalarArrayOpExpr {opno: 1054, opfuncid: 1048, useOr: true, inputcollid: 100, location: 774} = {
                args = List with 2 elements = {
                  0 = Var {varno: 65000, varattno: 3, vartype: 1042, vartypmod: 14, varcollid: 100, varlevelsup: 0, varnosyn: 2, varattnosyn: 7, location: 762},
                  1 = Const {consttype: 1014, consttypmod: -1, constcollid: 100, constlen: -1, constvalue: 94501922418048, constisnull: false, constbyval: false, location: -1}
                }
              },
              2 = OpExpr {opno: 1757, opfuncid: 1721, opresulttype: 16, opretset: false, opcollid: 0, inputcollid: 0, location: 839} = {
                args = List with 2 elements = {
                  0 = Var {varno: 65001, varattno: 4, vartype: 1700, vartypmod: 983046, varcollid: 0, varlevelsup: 0, varnosyn: 1, varattnosyn: 5, location: 828},
                  1 = Const {consttype: 1700, consttypmod: -1, constcollid: 0, constlen: -1, constvalue: 94501922418728, constisnull: false, constbyval: false, location: -1}
                }
              },
              3 = OpExpr {opno: 1755, opfuncid: 1723, opresulttype: 16, opretset: false, opcollid: 0, inputcollid: 0, location: 860} = {
                args = List with 2 elements = {
                  0 = Var {varno: 65001, varattno: 4, vartype: 1700, vartypmod: 983046, varcollid: 0, varlevelsup: 0, varnosyn: 1, varattnosyn: 5, location: 849},
                  1 = Const {consttype: 1700, consttypmod: -1, constcollid: 0, constlen: -1, constvalue: 94501922419728, constisnull: false, constbyval: false, location: -1}
                }
              },
              4 = OpExpr {opno: 523, opfuncid: 149, opresulttype: 16, opretset: false, opcollid: 0, inputcollid: 0, location: 886} = {
                args = List with 2 elements = {
                  0 = Var {varno: 65000, varattno: 4, vartype: 23, vartypmod: -1, varcollid: 0, varlevelsup: 0, varnosyn: 2, varattnosyn: 6, location: 879},
                  1 = Const {consttype: 23, consttypmod: -1, constcollid: 0, constlen: 4, constvalue: 15, constisnull: false, constbyval: true, location: 900}
                }
              }
            }
          }
        }
      }
    }
  }
}

Breakpoint 1, standard_planner (parse=0x55f2f1815e10, query_string=0x55f2f1676670 "select\n  s_name,\n  s_address\nfrom\n  supplier,\n  nation\nwhere\n  s_suppkey in (\n    select\n      ps_suppkey\n    from\n      partsupp\n    where\n      ps_partkey in (\n        select\n          p_partkey\n   "..., cursorOptions=33024, boundParams=0x0) at /workspaces/AntDB/src/backend/optimizer/plan/planner.c:661
661		top_plan = create_plan(root, best_path);
$58 = Query {commandType: CMD_SELECT, querySource: QSRC_ORIGINAL, queryId: 0, canSetTag: true, resultRelation: 0, hasAggs: false, hasWindowFuncs: false, hasTargetSRFs: false, hasSubLinks: true, hasDistinctOn: false, hasRecursive: false, hasModifyingCTE: false, hasForUpdate: false, hasRowSecurity: false, override: OVERRIDING_NOT_SET, limitOption: LIMIT_OPTION_COUNT, stmt_location: 0, stmt_len: 664, is_local: false, has_to_save_cmd_id: false, in_sub_plan: false, in_explain: false} = {
  rtable = List with 6 elements = {
    0 = RangeTblEntry {rtekind: RTE_RELATION, relname: 'supplier', relid: 270666, relkind: 114 'r', rellockmode: 1, security_barrier: false, jointype: JOIN_INNER, joinmergedcols: 0, funcordinality: false, ctename: 0x0, ctelevelsup: 0, self_reference: false, enrname: 0x0, enrtuples: 0, param_new: -1, param_old: -1, mt_result: 0x0, defaultCols: 0x0, rows: 0, lateral: false, inh: false, inFromCl: true, requiredPerms: 2, checkAsUser: 0, selectedCols: (b 11 12 13 14), insertedCols: 0x0, updatedCols: 0x0, extraUpdatedCols: 0x0} = {
      eref = Alias aliasname: 'supplier' = {
        colnames = List with 7 elements = {
          0 = String[ 's_suppkey' ],
          1 = String[ 's_name' ],
          2 = String[ 's_address' ],
          3 = String[ 's_nationkey' ],
          4 = String[ 's_phone' ],
          5 = String[ 's_acctbal' ],
          6 = String[ 's_comment' ]
        }
      }
    },
    1 = RangeTblEntry {rtekind: RTE_RELATION, relname: 'nation', relid: 270657, relkind: 114 'r', rellockmode: 1, security_barrier: false, jointype: JOIN_INNER, joinmergedcols: 0, funcordinality: false, ctename: 0x0, ctelevelsup: 0, self_reference: false, enrname: 0x0, enrtuples: 0, param_new: -1, param_old: -1, mt_result: 0x0, defaultCols: 0x0, rows: 0, lateral: false, inh: false, inFromCl: true, requiredPerms: 2, checkAsUser: 0, selectedCols: (b 11 12), insertedCols: 0x0, updatedCols: 0x0, extraUpdatedCols: 0x0} = {
      eref = Alias aliasname: 'nation' = {
        colnames = List with 4 elements = {
          0 = String[ 'n_nationkey' ],
          1 = String[ 'n_name' ],
          2 = String[ 'n_regionkey' ],
          3 = String[ 'n_comment' ]
        }
      }
    },
    2 = RangeTblEntry {rtekind: RTE_SUBQUERY, relname: 0x0, relid: 0, relkind: 0 '\000', rellockmode: 0, security_barrier: false, jointype: JOIN_INNER, joinmergedcols: 0, funcordinality: false, ctename: 0x0, ctelevelsup: 0, self_reference: false, enrname: 0x0, enrtuples: 0, param_new: -1, param_old: -1, mt_result: 0x0, defaultCols: 0x0, rows: 0, lateral: false, inh: false, inFromCl: false, requiredPerms: 0, checkAsUser: 0, selectedCols: 0x0, insertedCols: 0x0, updatedCols: 0x0, extraUpdatedCols: 0x0} = {
      subquery = Query {commandType: CMD_SELECT, querySource: QSRC_ORIGINAL, queryId: 0, canSetTag: true, resultRelation: 0, hasAggs: false, hasWindowFuncs: false, hasTargetSRFs: false, hasSubLinks: true, hasDistinctOn: false, hasRecursive: false, hasModifyingCTE: false, hasForUpdate: false, hasRowSecurity: false, override: OVERRIDING_NOT_SET, limitOption: LIMIT_OPTION_COUNT, stmt_location: 0, stmt_len: 0, is_local: false, has_to_save_cmd_id: false, in_sub_plan: false, in_explain: false} = {
        rtable = List with 1 elements = {
          0 = RangeTblEntry {rtekind: RTE_RELATION, relname: 'partsupp', relid: 270669, relkind: 114 'r', rellockmode: 1, security_barrier: false, jointype: JOIN_INNER, joinmergedcols: 0, funcordinality: false, ctename: 0x0, ctelevelsup: 0, self_reference: false, enrname: 0x0, enrtuples: 0, param_new: -1, param_old: -1, mt_result: 0x0, defaultCols: 0x0, rows: 0, lateral: false, inh: true, inFromCl: true, requiredPerms: 2, checkAsUser: 0, selectedCols: (b 11 12 13), insertedCols: 0x0, updatedCols: 0x0, extraUpdatedCols: 0x0} = {
            eref = Alias aliasname: 'partsupp' = {
              colnames = List with 5 elements = {
                0 = String[ 'ps_partkey' ],
                1 = String[ 'ps_suppkey' ],
                2 = String[ 'ps_availqty' ],
                3 = String[ 'ps_supplycost' ],
                4 = String[ 'ps_comment' ]
              }
            }
          }
        },
        jointree = FromExpr  = {
          fromlist = List with 1 elements = {
            0 = RangeTblRef rtindex: 1
          },
          quals = BoolExpr {boolop: AND_EXPR, location: 285} = {
            args = List with 2 elements = {
              0 = SubLink {subLinkType: ANY_SUBLINK, subLinkId: 0, location: 157} = {
                testexpr = OpExpr {opno: 96, opfuncid: 65, opresulttype: 16, opretset: false, opcollid: 0, inputcollid: 0, location: 157} = {
                  args = List with 2 elements = {
                    0 = Var {varno: 1, varattno: 1, vartype: 23, vartypmod: -1, varcollid: 0, varlevelsup: 0, varnosyn: 1, varattnosyn: 1, location: 146},
                    1 = Param {paramkind: PARAM_SUBLINK, paramid: 1, paramtype: 23, paramtypmod: -1, paramcollid: 0, location: -1}
                  }
                },
                operName = List with 1 elements = {
                  0 = String[ '=' ]
                },
                subselect = Query {commandType: CMD_SELECT, querySource: QSRC_ORIGINAL, queryId: 0, canSetTag: true, resultRelation: 0, hasAggs: false, hasWindowFuncs: false, hasTargetSRFs: false, hasSubLinks: false, hasDistinctOn: false, hasRecursive: false, hasModifyingCTE: false, hasForUpdate: false, hasRowSecurity: false, override: OVERRIDING_NOT_SET, limitOption: LIMIT_OPTION_COUNT, stmt_location: 0, stmt_len: 0, is_local: false, has_to_save_cmd_id: false, in_sub_plan: false, in_explain: false} = {
                  rtable = List with 1 elements = {
                    0 = RangeTblEntry {rtekind: RTE_RELATION, relname: 'part', relid: 270663, relkind: 114 'r', rellockmode: 1, security_barrier: false, jointype: JOIN_INNER, joinmergedcols: 0, funcordinality: false, ctename: 0x0, ctelevelsup: 0, self_reference: false, enrname: 0x0, enrtuples: 0, param_new: -1, param_old: -1, mt_result: 0x0, defaultCols: 0x0, rows: 0, lateral: false, inh: true, inFromCl: true, requiredPerms: 2, checkAsUser: 0, selectedCols: (b 11 12), insertedCols: 0x0, updatedCols: 0x0, extraUpdatedCols: 0x0} = {
                      eref = Alias aliasname: 'part' = {
                        colnames = List with 9 elements = {
                          0 = String[ 'p_partkey' ],
                          1 = String[ 'p_name' ],
                          2 = String[ 'p_mfgr' ],
                          3 = String[ 'p_brand' ],
                          4 = String[ 'p_type' ],
                          5 = String[ 'p_size' ],
                          6 = String[ 'p_container' ],
                          7 = String[ 'p_retailprice' ],
                          8 = String[ 'p_comment' ]
                        }
                      }
                    }
                  },
                  jointree = FromExpr  = {
                    fromlist = List with 1 elements = {
                      0 = RangeTblRef rtindex: 1
                    },
                    quals = OpExpr {opno: 1209, opfuncid: 850, opresulttype: 16, opretset: false, opcollid: 0, inputcollid: 100, location: 256} = {
                      args = List with 2 elements = {
                        0 = RelabelType {resulttype: 25, resulttypmod: -1, resultcollid: 100, relabelformat: COERCE_IMPLICIT_CAST, location: -1} = {
                          arg = Var {varno: 1, varattno: 2, vartype: 1043, vartypmod: 59, varcollid: 100, varlevelsup: 0, varnosyn: 1, varattnosyn: 2, location: 249}
                        },
                        1 = Const {consttype: 25, consttypmod: -1, constcollid: 100, constlen: -1, constvalue: 94501922244096, constisnull: false, constbyval: false, location: 261}
                      }
                    }
                  },
                  targetList = List with 1 elements = {
                    0 = TargetEntry {resno: 1, resname: 'p_partkey', ressortgroupref: 0, resorigtbl: 270663, resorigcol: 1, resjunk: false} = {
                      expr = Var {varno: 1, varattno: 1, vartype: 23, vartypmod: -1, varcollid: 0, varlevelsup: 0, varnosyn: 1, varattnosyn: 1, location: 187}
                    }
                  }
                }
              },
              1 = OpExpr {opno: 1756, opfuncid: 1720, opresulttype: 16, opretset: false, opcollid: 0, inputcollid: 0, location: 301} = {
                args = List with 2 elements = {
                  0 = FuncExpr {funcid: 1740, funcresulttype: 1700, funcretset: false, funcvariadic: false, funcformat: COERCE_IMPLICIT_CAST, funccollid: 0, inputcollid: 0, location: -1} = {
                    args = List with 1 elements = {
                      0 = Var {varno: 1, varattno: 3, vartype: 23, vartypmod: -1, varcollid: 0, varlevelsup: 0, varnosyn: 1, varattnosyn: 3, location: 289}
                    }
                  },
                  1 = SubLink {subLinkType: EXPR_SUBLINK, subLinkId: 0, location: 303} = {
                    subselect = Query {commandType: CMD_SELECT, querySource: QSRC_ORIGINAL, queryId: 0, canSetTag: true, resultRelation: 0, hasAggs: true, hasWindowFuncs: false, hasTargetSRFs: false, hasSubLinks: false, hasDistinctOn: false, hasRecursive: false, hasModifyingCTE: false, hasForUpdate: false, hasRowSecurity: false, override: OVERRIDING_NOT_SET, limitOption: LIMIT_OPTION_COUNT, stmt_location: 0, stmt_len: 0, is_local: false, has_to_save_cmd_id: false, in_sub_plan: false, in_explain: false} = {
                      rtable = List with 1 elements = {
                        0 = RangeTblEntry {rtekind: RTE_RELATION, relname: 'lineitem', relid: 270678, relkind: 114 'r', rellockmode: 1, security_barrier: false, jointype: JOIN_INNER, joinmergedcols: 0, funcordinality: false, ctename: 0x0, ctelevelsup: 0, self_reference: false, enrname: 0x0, enrtuples: 0, param_new: -1, param_old: -1, mt_result: 0x0, defaultCols: 0x0, rows: 0, lateral: false, inh: true, inFromCl: true, requiredPerms: 2, checkAsUser: 0, selectedCols: (b 12 13 15 21), insertedCols: 0x0, updatedCols: 0x0, extraUpdatedCols: 0x0} = {
                          eref = Alias aliasname: 'lineitem' = {
                            colnames = List with 16 elements = {
                              0 = String[ 'l_orderkey' ],
                              1 = String[ 'l_partkey' ],
                              2 = String[ 'l_suppkey' ],
                              3 = String[ 'l_linenumber' ],
                              4 = String[ 'l_quantity' ],
                              5 = String[ 'l_extendedprice' ],
                              6 = String[ 'l_discount' ],
                              7 = String[ 'l_tax' ],
                              8 = String[ 'l_returnflag' ],
                              9 = String[ 'l_linestatus' ],
                              10 = String[ 'l_shipdate' ],
                              11 = String[ 'l_commitdate' ],
                              12 = String[ 'l_receiptdate' ],
                              13 = String[ 'l_shipinstruct' ],
                              14 = String[ 'l_shipmode' ],
                              15 = String[ 'l_comment' ]
                            }
                          }
                        }
                      },
                      jointree = FromExpr  = {
                        fromlist = List with 1 elements = {
                          0 = RangeTblRef rtindex: 1
                        },
                        quals = BoolExpr {boolop: AND_EXPR, location: 441} = {
                          args = List with 4 elements = {
                            0 = OpExpr {opno: 96, opfuncid: 65, opresulttype: 16, opretset: false, opcollid: 0, inputcollid: 0, location: 418} = {
                              args = List with 2 elements = {
                                0 = Var {varno: 1, varattno: 2, vartype: 23, vartypmod: -1, varcollid: 0, varlevelsup: 0, varnosyn: 1, varattnosyn: 2, location: 408},
                                1 = Var {varno: 1, varattno: 1, vartype: 23, vartypmod: -1, varcollid: 0, varlevelsup: 1, varnosyn: 1, varattnosyn: 1, location: 420}
                              }
                            },
                            1 = OpExpr {opno: 96, opfuncid: 65, opresulttype: 16, opretset: false, opcollid: 0, inputcollid: 0, location: 455} = {
                              args = List with 2 elements = {
                                0 = Var {varno: 1, varattno: 3, vartype: 23, vartypmod: -1, varcollid: 0, varlevelsup: 0, varnosyn: 1, varattnosyn: 3, location: 445},
                                1 = Var {varno: 1, varattno: 2, vartype: 23, vartypmod: -1, varcollid: 0, varlevelsup: 1, varnosyn: 1, varattnosyn: 2, location: 457}
                              }
                            },
                            2 = OpExpr {opno: 1098, opfuncid: 1090, opresulttype: 16, opretset: false, opcollid: 0, inputcollid: 0, location: 493} = {
                              args = List with 2 elements = {
                                0 = Var {varno: 1, varattno: 11, vartype: 1082, vartypmod: -1, varcollid: 0, varlevelsup: 0, varnosyn: 1, varattnosyn: 11, location: 482},
                                1 = Const {consttype: 1082, consttypmod: -1, constcollid: 0, constlen: 4, constvalue: 18446744073709549425, constisnull: false, constbyval: true, location: 501}
                              }
                            },
                            3 = OpExpr {opno: 2345, opfuncid: 2338, opresulttype: 16, opretset: false, opcollid: 0, inputcollid: 0, location: 539} = {
                              args = List with 2 elements = {
                                0 = Var {varno: 1, varattno: 11, vartype: 1082, vartypmod: -1, varcollid: 0, varlevelsup: 0, varnosyn: 1, varattnosyn: 11, location: 528},
                                1 = OpExpr {opno: 1076, opfuncid: 2071, opresulttype: 1114, opretset: false, opcollid: 0, inputcollid: 0, location: 559} = {
                                  args = List with 2 elements = {
                                    0 = Const {consttype: 1082, consttypmod: -1, constcollid: 0, constlen: 4, constvalue: 18446744073709549425, constisnull: false, constbyval: true, location: 546},
                                    1 = Const {consttype: 1186, consttypmod: 327679, constcollid: 0, constlen: 16, constvalue: 94501921724552, constisnull: false, constbyval: false, location: 570}
                                  }
                                }
                              }
                            }
                          }
                        }
                      },
                      targetList = List with 1 elements = {
                        0 = TargetEntry {resno: 1, resname: '?column?', ressortgroupref: 0, resorigtbl: 0, resorigcol: 0, resjunk: false} = {
                          expr = OpExpr {opno: 1760, opfuncid: 1726, opresulttype: 1700, opretset: false, opcollid: 0, inputcollid: 0, location: 334} = {
                            args = List with 2 elements = {
                              0 = Const {consttype: 1700, consttypmod: -1, constcollid: 0, constlen: -1, constvalue: 94501922248640, constisnull: false, constbyval: false, location: 330},
                              1 = Aggref {aggfnoid: 2114, aggtype: 1700, aggcollid: 0, inputcollid: 0, aggtranstype: 0, aggtrantype: 0, agghas_collectfn: false, rank_first: false, aggstar: false, aggvariadic: false, aggkind: 110 'n', agglevelsup: 0, aggsplit: AGGSPLIT_SIMPLE, location: 336} = {
                                aggargtypes = OidList with 1 elements = {1700},
                                args = List with 1 elements = {
                                  0 = TargetEntry {resno: 1, resname: 0x0, ressortgroupref: 0, resorigtbl: 0, resorigcol: 0, resjunk: false} = {
                                    expr = Var {varno: 1, varattno: 5, vartype: 1700, vartypmod: 983046, varcollid: 0, varlevelsup: 0, varnosyn: 1, varattnosyn: 5, location: 340}
                                  }
                                }
                              }
                            }
                          }
                        }
                      }
                    }
                  }
                }
              }
            }
          }
        },
        targetList = List with 1 elements = {
          0 = TargetEntry {resno: 1, resname: 'ps_suppkey', ressortgroupref: 0, resorigtbl: 270669, resorigcol: 2, resjunk: false} = {
            expr = Var {varno: 1, varattno: 2, vartype: 23, vartypmod: -1, varcollid: 0, varlevelsup: 0, varnosyn: 1, varattnosyn: 2, location: 95}
          }
        }
      },
      alias = Alias aliasname: 'ANY_subquery',
      eref = Alias aliasname: 'ANY_subquery' = {
        colnames = List with 1 elements = {
          0 = String[ 'ps_suppkey' ]
        }
      }
    },
    3 = RangeTblEntry {rtekind: RTE_RELATION, relname: 'partsupp', relid: 270669, relkind: 114 'r', rellockmode: 1, security_barrier: false, jointype: JOIN_INNER, joinmergedcols: 0, funcordinality: false, ctename: 0x0, ctelevelsup: 0, self_reference: false, enrname: 0x0, enrtuples: 0, param_new: -1, param_old: -1, mt_result: 0x0, defaultCols: 0x0, rows: 0, lateral: false, inh: false, inFromCl: true, requiredPerms: 2, checkAsUser: 0, selectedCols: (b 11 12 13), insertedCols: 0x0, updatedCols: 0x0, extraUpdatedCols: 0x0} = {
      eref = Alias aliasname: 'partsupp' = {
        colnames = List with 5 elements = {
          0 = String[ 'ps_partkey' ],
          1 = String[ 'ps_suppkey' ],
          2 = String[ 'ps_availqty' ],
          3 = String[ 'ps_supplycost' ],
          4 = String[ 'ps_comment' ]
        }
      }
    },
    4 = RangeTblEntry {rtekind: RTE_SUBQUERY, relname: 0x0, relid: 0, relkind: 0 '\000', rellockmode: 0, security_barrier: false, jointype: JOIN_INNER, joinmergedcols: 0, funcordinality: false, ctename: 0x0, ctelevelsup: 0, self_reference: false, enrname: 0x0, enrtuples: 0, param_new: -1, param_old: -1, mt_result: 0x0, defaultCols: 0x0, rows: 0, lateral: false, inh: false, inFromCl: false, requiredPerms: 0, checkAsUser: 0, selectedCols: 0x0, insertedCols: 0x0, updatedCols: 0x0, extraUpdatedCols: 0x0} = {
      subquery = Query {commandType: CMD_SELECT, querySource: QSRC_ORIGINAL, queryId: 0, canSetTag: true, resultRelation: 0, hasAggs: false, hasWindowFuncs: false, hasTargetSRFs: false, hasSubLinks: false, hasDistinctOn: false, hasRecursive: false, hasModifyingCTE: false, hasForUpdate: false, hasRowSecurity: false, override: OVERRIDING_NOT_SET, limitOption: LIMIT_OPTION_COUNT, stmt_location: 0, stmt_len: 0, is_local: false, has_to_save_cmd_id: false, in_sub_plan: false, in_explain: false} = {
        rtable = List with 1 elements = {
          0 = RangeTblEntry {rtekind: RTE_RELATION, relname: 'part', relid: 270663, relkind: 114 'r', rellockmode: 1, security_barrier: false, jointype: JOIN_INNER, joinmergedcols: 0, funcordinality: false, ctename: 0x0, ctelevelsup: 0, self_reference: false, enrname: 0x0, enrtuples: 0, param_new: -1, param_old: -1, mt_result: 0x0, defaultCols: 0x0, rows: 0, lateral: false, inh: true, inFromCl: true, requiredPerms: 2, checkAsUser: 0, selectedCols: (b 11 12), insertedCols: 0x0, updatedCols: 0x0, extraUpdatedCols: 0x0} = {
            eref = Alias aliasname: 'part' = {
              colnames = List with 9 elements = {
                0 = String[ 'p_partkey' ],
                1 = String[ 'p_name' ],
                2 = String[ 'p_mfgr' ],
                3 = String[ 'p_brand' ],
                4 = String[ 'p_type' ],
                5 = String[ 'p_size' ],
                6 = String[ 'p_container' ],
                7 = String[ 'p_retailprice' ],
                8 = String[ 'p_comment' ]
              }
            }
          }
        },
        jointree = FromExpr  = {
          fromlist = List with 1 elements = {
            0 = RangeTblRef rtindex: 1
          },
          quals = OpExpr {opno: 1209, opfuncid: 850, opresulttype: 16, opretset: false, opcollid: 0, inputcollid: 100, location: 256} = {
            args = List with 2 elements = {
              0 = RelabelType {resulttype: 25, resulttypmod: -1, resultcollid: 100, relabelformat: COERCE_IMPLICIT_CAST, location: -1} = {
                arg = Var {varno: 1, varattno: 2, vartype: 1043, vartypmod: 59, varcollid: 100, varlevelsup: 0, varnosyn: 1, varattnosyn: 2, location: 249}
              },
              1 = Const {consttype: 25, consttypmod: -1, constcollid: 100, constlen: -1, constvalue: 94501921736848, constisnull: false, constbyval: false, location: 261}
            }
          }
        },
        targetList = List with 1 elements = {
          0 = TargetEntry {resno: 1, resname: 'p_partkey', ressortgroupref: 0, resorigtbl: 270663, resorigcol: 1, resjunk: false} = {
            expr = Var {varno: 1, varattno: 1, vartype: 23, vartypmod: -1, varcollid: 0, varlevelsup: 0, varnosyn: 1, varattnosyn: 1, location: 187}
          }
        }
      },
      alias = Alias aliasname: 'ANY_subquery',
      eref = Alias aliasname: 'ANY_subquery' = {
        colnames = List with 1 elements = {
          0 = String[ 'p_partkey' ]
        }
      }
    },
    5 = RangeTblEntry {rtekind: RTE_RELATION, relname: 'part', relid: 270663, relkind: 114 'r', rellockmode: 1, security_barrier: false, jointype: JOIN_INNER, joinmergedcols: 0, funcordinality: false, ctename: 0x0, ctelevelsup: 0, self_reference: false, enrname: 0x0, enrtuples: 0, param_new: -1, param_old: -1, mt_result: 0x0, defaultCols: 0x0, rows: 0, lateral: false, inh: false, inFromCl: true, requiredPerms: 2, checkAsUser: 0, selectedCols: (b 11 12), insertedCols: 0x0, updatedCols: 0x0, extraUpdatedCols: 0x0} = {
      eref = Alias aliasname: 'part' = {
        colnames = List with 9 elements = {
          0 = String[ 'p_partkey' ],
          1 = String[ 'p_name' ],
          2 = String[ 'p_mfgr' ],
          3 = String[ 'p_brand' ],
          4 = String[ 'p_type' ],
          5 = String[ 'p_size' ],
          6 = String[ 'p_container' ],
          7 = String[ 'p_retailprice' ],
          8 = String[ 'p_comment' ]
        }
      }
    }
  },
  jointree = FromExpr  = {
    fromlist = List with 1 elements = {
      0 = JoinExpr {jointype: JOIN_SEMI, isNatural: false, rtindex: 0} = {
        larg = FromExpr  = {
          fromlist = List with 2 elements = {
            0 = RangeTblRef rtindex: 1,
            1 = RangeTblRef rtindex: 2
          },
          quals = List with 2 elements = {
            0 = OpExpr {opno: 96, opfuncid: 65, opresulttype: 16, opretset: false, opcollid: 0, inputcollid: 0, location: 609} = {
              args = List with 2 elements = {
                0 = Var {varno: 1, varattno: 4, vartype: 23, vartypmod: -1, varcollid: 0, varlevelsup: 0, varnosyn: 1, varattnosyn: 4, location: 597},
                1 = Var {varno: 2, varattno: 1, vartype: 23, vartypmod: -1, varcollid: 0, varlevelsup: 0, varnosyn: 2, varattnosyn: 1, location: 611}
              }
            },
            1 = OpExpr {opno: 1054, opfuncid: 1048, opresulttype: 16, opretset: false, opcollid: 0, inputcollid: 100, location: 636} = {
              args = List with 2 elements = {
                0 = Var {varno: 2, varattno: 2, vartype: 1042, vartypmod: 29, varcollid: 100, varlevelsup: 0, varnosyn: 2, varattnosyn: 2, location: 629},
                1 = Const {consttype: 1042, consttypmod: -1, constcollid: 100, constlen: -1, constvalue: 94501921727008, constisnull: false, constbyval: false, location: 638}
              }
            }
          }
        },
        rarg = JoinExpr {jointype: JOIN_SEMI, isNatural: false, rtindex: 0} = {
          larg = FromExpr  = {
            fromlist = List with 1 elements = {
              0 = RangeTblRef rtindex: 4
            },
            quals = List with 1 elements = {
              0 = OpExpr {opno: 1756, opfuncid: 1720, opresulttype: 16, opretset: false, opcollid: 0, inputcollid: 0, location: 301} = {
                args = List with 2 elements = {
                  0 = FuncExpr {funcid: 1740, funcresulttype: 1700, funcretset: false, funcvariadic: false, funcformat: COERCE_IMPLICIT_CAST, funccollid: 0, inputcollid: 0, location: -1} = {
                    args = List with 1 elements = {
                      0 = Var {varno: 4, varattno: 3, vartype: 23, vartypmod: -1, varcollid: 0, varlevelsup: 0, varnosyn: 4, varattnosyn: 3, location: 289}
                    }
                  },
                  1 = SubPlan {subLinkType: EXPR_SUBLINK, plan_id: 1, plan_name: 'SubPlan 1', firstColType: 1700, firstColTypmod: -1, firstColCollation: 0, useHashTable: false, unknownEqFalse: false, parallel_safe: false, startup_cost: 0, per_call_cost: 192.01749999999998} = {
                    parParam = IntList with 2 elements = {0, 1},
                    args = List with 2 elements = {
                      0 = Var {varno: 4, varattno: 1, vartype: 23, vartypmod: -1, varcollid: 0, varlevelsup: 0, varnosyn: 4, varattnosyn: 1, location: 420},
                      1 = Var {varno: 4, varattno: 2, vartype: 23, vartypmod: -1, varcollid: 0, varlevelsup: 0, varnosyn: 4, varattnosyn: 2, location: 457}
                    }
                  }
                }
              }
            }
          },
          rarg = FromExpr  = {
            fromlist = List with 1 elements = {
              0 = RangeTblRef rtindex: 6
            },
            quals = List with 1 elements = {
              0 = OpExpr {opno: 1209, opfuncid: 850, opresulttype: 16, opretset: false, opcollid: 0, inputcollid: 100, location: 256} = {
                args = List with 2 elements = {
                  0 = RelabelType {resulttype: 25, resulttypmod: -1, resultcollid: 100, relabelformat: COERCE_IMPLICIT_CAST, location: -1} = {
                    arg = Var {varno: 6, varattno: 2, vartype: 1043, vartypmod: 59, varcollid: 100, varlevelsup: 0, varnosyn: 6, varattnosyn: 2, location: 249}
                  },
                  1 = Const {consttype: 25, consttypmod: -1, constcollid: 100, constlen: -1, constvalue: 94501921750048, constisnull: false, constbyval: false, location: 261}
                }
              }
            }
          },
          quals = List with 1 elements = {
            0 = OpExpr {opno: 96, opfuncid: 65, opresulttype: 16, opretset: false, opcollid: 0, inputcollid: 0, location: 157} = {
              args = List with 2 elements = {
                0 = Var {varno: 4, varattno: 1, vartype: 23, vartypmod: -1, varcollid: 0, varlevelsup: 0, varnosyn: 4, varattnosyn: 1, location: 146},
                1 = Var {varno: 6, varattno: 1, vartype: 23, vartypmod: -1, varcollid: 0, varlevelsup: 0, varnosyn: 6, varattnosyn: 1, location: 187}
              }
            }
          }
        },
        quals = List with 1 elements = {
          0 = OpExpr {opno: 96, opfuncid: 65, opresulttype: 16, opretset: false, opcollid: 0, inputcollid: 0, location: 73} = {
            args = List with 2 elements = {
              0 = Var {varno: 1, varattno: 1, vartype: 23, vartypmod: -1, varcollid: 0, varlevelsup: 0, varnosyn: 1, varattnosyn: 1, location: 63},
              1 = Var {varno: 4, varattno: 2, vartype: 23, vartypmod: -1, varcollid: 0, varlevelsup: 0, varnosyn: 4, varattnosyn: 2, location: 95}
            }
          }
        }
      }
    }
  },
  targetList = List with 2 elements = {
    0 = TargetEntry {resno: 1, resname: 's_name', ressortgroupref: 1, resorigtbl: 270666, resorigcol: 2, resjunk: false} = {
      expr = Var {varno: 1, varattno: 2, vartype: 1042, vartypmod: 29, varcollid: 100, varlevelsup: 0, varnosyn: 1, varattnosyn: 2, location: 9}
    },
    1 = TargetEntry {resno: 2, resname: 's_address', ressortgroupref: 0, resorigtbl: 270666, resorigcol: 3, resjunk: false} = {
      expr = Var {varno: 1, varattno: 3, vartype: 1043, vartypmod: 44, varcollid: 100, varlevelsup: 0, varnosyn: 1, varattnosyn: 3, location: 19}
    }
  },
  sortClause = List with 1 elements = {
    0 = SortGroupClause {tleSortGroupRef: 1, eqop: 1054, sortop: 1058, nulls_first: false, hashable: true}
  }
}
$59 = ProjectionPath T_Result (cost=3676.99..3676.99 rows=1 parallel_aware=False parallel_safe=False parallel_workers=0) dummypp: true = {
  path.parent = (b),
  path.pathtarget = PathTarget {cost: (0.00..0.00), width: 202} = {
    sortgrouprefs = [1, 0],
    exprs = List with 2 elements = {
      0 = Var {varno: 1, varattno: 2, vartype: 1042, vartypmod: 29, varcollid: 100, varlevelsup: 0, varnosyn: 1, varattnosyn: 2, location: 9},
      1 = Var {varno: 1, varattno: 3, vartype: 1043, vartypmod: 44, varcollid: 100, varlevelsup: 0, varnosyn: 1, varattnosyn: 3, location: 19}
    },
    as_loc_list = IntList with 2 elements = {-1, -1},
    expr_loc_list = IntList with 2 elements = {9, 19},
    expr_len_list = IntList with 2 elements = {-1, -1},
    expr_type_list = IntList with 2 elements = {398, 398}
  },
  path.pathkeys = List with 1 elements = {
    0 = PathKey {pk_opfamily: 426, pk_strategy: 1, pk_nulls_first: false} = {
      pk_eclass = EquivalenceClass {ec_collation: 100, ec_relids: (b 1), ec_has_const: false, ec_has_volatile: false, ec_broken: false, ec_sortref: 1, ec_min_security: 4294967295, ec_max_security: 0} = {
        ec_opfamilies = OidList with 2 elements = {426, 2097},
        ec_members = List with 1 elements = {
          0 = EquivalenceMember {em_relids: (b 1), em_is_const: false, em_is_child: false, em_datatype: 1042} = {
            em_expr = Var {varno: 1, varattno: 2, vartype: 1042, vartypmod: 29, varcollid: 100, varlevelsup: 0, varnosyn: 1, varattnosyn: 2, location: 9}
          }
        }
      }
    }
  },
  subpath = SortPath T_Sort (cost=3676.99..3676.99 rows=1 parallel_aware=False parallel_safe=False parallel_workers=0)  = {
    path.parent = (b),
    path.pathtarget = PathTarget {cost: (0.00..0.00), width: 202} = {
      sortgrouprefs = [1, 0],
      exprs = List with 2 elements = {
        0 = Var {varno: 1, varattno: 2, vartype: 1042, vartypmod: 29, varcollid: 100, varlevelsup: 0, varnosyn: 1, varattnosyn: 2, location: 9},
        1 = Var {varno: 1, varattno: 3, vartype: 1043, vartypmod: 44, varcollid: 100, varlevelsup: 0, varnosyn: 1, varattnosyn: 3, location: 19}
      },
      as_loc_list = IntList with 2 elements = {-1, -1},
      expr_loc_list = IntList with 2 elements = {9, 19},
      expr_len_list = IntList with 2 elements = {-1, -1},
      expr_type_list = IntList with 2 elements = {398, 398}
    },
    path.pathkeys = List with 1 elements = {
      0 = PathKey {pk_opfamily: 426, pk_strategy: 1, pk_nulls_first: false} = {
        pk_eclass = EquivalenceClass {ec_collation: 100, ec_relids: (b 1), ec_has_const: false, ec_has_volatile: false, ec_broken: false, ec_sortref: 1, ec_min_security: 4294967295, ec_max_security: 0} = {
          ec_opfamilies = OidList with 2 elements = {426, 2097},
          ec_members = List with 1 elements = {
            0 = EquivalenceMember {em_relids: (b 1), em_is_const: false, em_is_child: false, em_datatype: 1042} = {
              em_expr = Var {varno: 1, varattno: 2, vartype: 1042, vartypmod: 29, varcollid: 100, varlevelsup: 0, varnosyn: 1, varattnosyn: 2, location: 9}
            }
          }
        }
      }
    },
    subpath = JoinPath T_NestLoop (cost=0.00..3676.98 rows=1 parallel_aware=False parallel_safe=False parallel_workers=0) {jointype: JOIN_SEMI, inner_unique: false} = {
      path.parent = (b 1 2 4 6),
      path.pathtarget = PathTarget {cost: (0.00..0.00), width: 202} = {
        sortgrouprefs = [1, 0],
        exprs = List with 2 elements = {
          0 = Var {varno: 1, varattno: 2, vartype: 1042, vartypmod: 29, varcollid: 100, varlevelsup: 0, varnosyn: 1, varattnosyn: 2, location: 9},
          1 = Var {varno: 1, varattno: 3, vartype: 1043, vartypmod: 44, varcollid: 100, varlevelsup: 0, varnosyn: 1, varattnosyn: 3, location: 19}
        },
        as_loc_list = IntList with 2 elements = {-1, -1},
        expr_loc_list = IntList with 2 elements = {9, 19},
        expr_len_list = IntList with 2 elements = {-1, -1},
        expr_type_list = IntList with 2 elements = {398, 398}
      },
      outerjoinpath = JoinPath T_NestLoop (cost=0.00..309.05 rows=1 parallel_aware=False parallel_safe=False parallel_workers=0) {jointype: JOIN_INNER, inner_unique: false} = {
        path.parent = (b 1 2),
        path.pathtarget = PathTarget {cost: (0.00..0.00), width: 206} = {
          exprs = List with 3 elements = {
            0 = Var {varno: 1, varattno: 2, vartype: 1042, vartypmod: 29, varcollid: 100, varlevelsup: 0, varnosyn: 1, varattnosyn: 2, location: 9},
            1 = Var {varno: 1, varattno: 3, vartype: 1043, vartypmod: 44, varcollid: 100, varlevelsup: 0, varnosyn: 1, varattnosyn: 3, location: 19},
            2 = Var {varno: 1, varattno: 1, vartype: 23, vartypmod: -1, varcollid: 0, varlevelsup: 0, varnosyn: 1, varattnosyn: 1, location: 63}
          }
        },
        outerjoinpath = RemoteQueryPath T_RemoteQuery (cost=0.00..163.42 rows=1 parallel_aware=False parallel_safe=False parallel_workers=0) {jointype: JOIN_INNER, rqhas_unshippable_qual: false, rqhas_temp_rel: false, rqhas_unshippable_tlist: false} = {
          path.parent = (b 2),
          path.pathtarget = PathTarget {cost: (0.00..0.00), width: 4} = {
            exprs = List with 1 elements = {
              0 = Var {varno: 2, varattno: 1, vartype: 23, vartypmod: -1, varcollid: 0, varlevelsup: 0, varnosyn: 2, varattnosyn: 1, location: 611}
            }
          },
          rqpath_en = ExecNodes {accesstype: RELATION_ACCESS_READ, baselocatortype: 72 'H', en_relid: 0, en_funcid: 0} = {
            en_dist_vars = List with 1 elements = {
              0 = Var {varno: 2, varattno: 1, vartype: 23, vartypmod: -1, varcollid: 0, varlevelsup: 0, varnosyn: 2, varattnosyn: 1, location: 611}
            },
            nodeids = OidList with 3 elements = {16386, 16387, 16388}
          }
        },
        innerjoinpath = RemoteQueryPath T_RemoteQuery (cost=0.00..145.00 rows=50 parallel_aware=False parallel_safe=False parallel_workers=0) {jointype: JOIN_INNER, rqhas_unshippable_qual: false, rqhas_temp_rel: false, rqhas_unshippable_tlist: false} = {
          path.parent = (b 1),
          path.pathtarget = PathTarget {cost: (0.00..0.00), width: 210} = {
            exprs = List with 4 elements = {
              0 = Var {varno: 1, varattno: 2, vartype: 1042, vartypmod: 29, varcollid: 100, varlevelsup: 0, varnosyn: 1, varattnosyn: 2, location: 9},
              1 = Var {varno: 1, varattno: 3, vartype: 1043, vartypmod: 44, varcollid: 100, varlevelsup: 0, varnosyn: 1, varattnosyn: 3, location: 19},
              2 = Var {varno: 1, varattno: 4, vartype: 23, vartypmod: -1, varcollid: 0, varlevelsup: 0, varnosyn: 1, varattnosyn: 4, location: 597},
              3 = Var {varno: 1, varattno: 1, vartype: 23, vartypmod: -1, varcollid: 0, varlevelsup: 0, varnosyn: 1, varattnosyn: 1, location: 63}
            }
          },
          rqpath_en = ExecNodes {accesstype: RELATION_ACCESS_READ, baselocatortype: 72 'H', en_relid: 0, en_funcid: 0} = {
            en_dist_vars = List with 1 elements = {
              0 = Var {varno: 1, varattno: 1, vartype: 23, vartypmod: -1, varcollid: 0, varlevelsup: 0, varnosyn: 1, varattnosyn: 1, location: 63}
            },
            nodeids = OidList with 3 elements = {16386, 16387, 16388}
          }
        },
        joinrestrictinfo = List with 1 elements = {
          0 = RestrictInfo {is_pushed_down: true, outerjoin_delayed: false, can_join: true, pseudoconstant: false, leakproof: false, security_level: 0, clause_relids: (b 1 2), required_relids: (b 1 2), outer_relids: (b), nullable_relids: (b), left_relids: (b 1), right_relids: (b 2), eval_cost: (0.00..0.00), norm_selec: 0.0059, outer_selec: -1.0000, outer_is_left: false, hashjoinoperator: 96, left_bucketsize: 0.0200, right_bucketsize: 1.0000, left_mcvfreq: 0.0000, right_mcvfreq: 0.0000} = {
            clause = OpExpr {opno: 96, opfuncid: 65, opresulttype: 16, opretset: false, opcollid: 0, inputcollid: 0, location: -1} = {
              args = List with 2 elements = {
                0 = Var {varno: 1, varattno: 4, vartype: 23, vartypmod: -1, varcollid: 0, varlevelsup: 0, varnosyn: 1, varattnosyn: 4, location: 597},
                1 = Var {varno: 2, varattno: 1, vartype: 23, vartypmod: -1, varcollid: 0, varlevelsup: 0, varnosyn: 2, varattnosyn: 1, location: 611}
              }
            },
            mergeopfamilies = OidList with 1 elements = {1976},
            left_em = EquivalenceMember {em_relids: (b 1), em_is_const: false, em_is_child: false, em_datatype: 23} = {
              em_expr = Var {varno: 1, varattno: 4, vartype: 23, vartypmod: -1, varcollid: 0, varlevelsup: 0, varnosyn: 1, varattnosyn: 4, location: 597}
            },
            right_em = EquivalenceMember {em_relids: (b 2), em_is_const: false, em_is_child: false, em_datatype: 23} = {
              em_expr = Var {varno: 2, varattno: 1, vartype: 23, vartypmod: -1, varcollid: 0, varlevelsup: 0, varnosyn: 2, varattnosyn: 1, location: 611}
            }
          }
        }
      },
      innerjoinpath = JoinPath T_NestLoop (cost=0.00..3367.91 rows=1 parallel_aware=False parallel_safe=False parallel_workers=0) {jointype: JOIN_SEMI, inner_unique: false} = {
        path.parent = (b 4 6),
        path.pathtarget = PathTarget {cost: (0.00..0.00), width: 4} = {
          exprs = List with 1 elements = {
            0 = Var {varno: 4, varattno: 2, vartype: 23, vartypmod: -1, varcollid: 0, varlevelsup: 0, varnosyn: 4, varattnosyn: 2, location: 95}
          }
        },
        outerjoinpath = RemoteQueryPath T_RemoteQuery (cost=0.00..3213.23 rows=19 parallel_aware=False parallel_safe=False parallel_workers=0) {jointype: JOIN_INNER, rqhas_unshippable_qual: true, rqhas_temp_rel: false, rqhas_unshippable_tlist: false} = {
          path.parent = (b 4),
          path.pathtarget = PathTarget {cost: (0.00..0.00), width: 8} = {
            exprs = List with 2 elements = {
              0 = Var {varno: 4, varattno: 1, vartype: 23, vartypmod: -1, varcollid: 0, varlevelsup: 0, varnosyn: 4, varattnosyn: 1, location: 146},
              1 = Var {varno: 4, varattno: 2, vartype: 23, vartypmod: -1, varcollid: 0, varlevelsup: 0, varnosyn: 4, varattnosyn: 2, location: 95}
            }
          },
          rqpath_en = ExecNodes {accesstype: RELATION_ACCESS_READ, baselocatortype: 72 'H', en_relid: 0, en_funcid: 0} = {
            en_dist_vars = List with 1 elements = {
              0 = Var {varno: 4, varattno: 1, vartype: 23, vartypmod: -1, varcollid: 0, varlevelsup: 0, varnosyn: 4, varattnosyn: 1, location: 146}
            },
            nodeids = OidList with 3 elements = {16386, 16387, 16388}
          }
        },
        innerjoinpath = MaterialPath T_Material (cost=0.00..154.41 rows=1 parallel_aware=False parallel_safe=False parallel_workers=0)  = {
          path.parent = (b 6),
          path.pathtarget = PathTarget {cost: (0.00..0.00), width: 4} = {
            exprs = List with 1 elements = {
              0 = Var {varno: 6, varattno: 1, vartype: 23, vartypmod: -1, varcollid: 0, varlevelsup: 0, varnosyn: 6, varattnosyn: 1, location: 187}
            }
          },
          subpath = RemoteQueryPath T_RemoteQuery (cost=0.00..154.40 rows=1 parallel_aware=False parallel_safe=False parallel_workers=0) {jointype: JOIN_INNER, rqhas_unshippable_qual: false, rqhas_temp_rel: false, rqhas_unshippable_tlist: false} = {
            path.parent = (b 6),
            path.pathtarget = PathTarget {cost: (0.00..0.00), width: 4} = {
              exprs = List with 1 elements = {
                0 = Var {varno: 6, varattno: 1, vartype: 23, vartypmod: -1, varcollid: 0, varlevelsup: 0, varnosyn: 6, varattnosyn: 1, location: 187}
              }
            },
            rqpath_en = ExecNodes {accesstype: RELATION_ACCESS_READ, baselocatortype: 72 'H', en_relid: 0, en_funcid: 0} = {
              en_dist_vars = List with 1 elements = {
                0 = Var {varno: 6, varattno: 1, vartype: 23, vartypmod: -1, varcollid: 0, varlevelsup: 0, varnosyn: 6, varattnosyn: 1, location: 187}
              },
              nodeids = OidList with 3 elements = {16386, 16387, 16388}
            }
          }
        },
        joinrestrictinfo = List with 1 elements = {
          0 = RestrictInfo {is_pushed_down: true, outerjoin_delayed: false, can_join: true, pseudoconstant: false, leakproof: false, security_level: 0, clause_relids: (b 4 6), required_relids: (b 4 6), outer_relids: (b), nullable_relids: (b), left_relids: (b 4), right_relids: (b 6), eval_cost: (0.00..0.00), norm_selec: 0.0059, outer_selec: 0.0059, outer_is_left: false, hashjoinoperator: 96, left_bucketsize: 0.0526, right_bucketsize: 1.0000, left_mcvfreq: 0.0000, right_mcvfreq: 0.0000} = {
            clause = OpExpr {opno: 96, opfuncid: 65, opresulttype: 16, opretset: false, opcollid: 0, inputcollid: 0, location: -1} = {
              args = List with 2 elements = {
                0 = Var {varno: 4, varattno: 1, vartype: 23, vartypmod: -1, varcollid: 0, varlevelsup: 0, varnosyn: 4, varattnosyn: 1, location: 146},
                1 = Var {varno: 6, varattno: 1, vartype: 23, vartypmod: -1, varcollid: 0, varlevelsup: 0, varnosyn: 6, varattnosyn: 1, location: 187}
              }
            },
            mergeopfamilies = OidList with 1 elements = {1976},
            left_em = EquivalenceMember {em_relids: (b 4), em_is_const: false, em_is_child: false, em_datatype: 23} = {
              em_expr = Var {varno: 4, varattno: 1, vartype: 23, vartypmod: -1, varcollid: 0, varlevelsup: 0, varnosyn: 4, varattnosyn: 1, location: 146}
            },
            right_em = EquivalenceMember {em_relids: (b 6), em_is_const: false, em_is_child: false, em_datatype: 23} = {
              em_expr = Var {varno: 6, varattno: 1, vartype: 23, vartypmod: -1, varcollid: 0, varlevelsup: 0, varnosyn: 6, varattnosyn: 1, location: 187}
            }
          }
        }
      },
      joinrestrictinfo = List with 1 elements = {
        0 = RestrictInfo {is_pushed_down: true, outerjoin_delayed: false, can_join: true, pseudoconstant: false, leakproof: false, security_level: 0, clause_relids: (b 1 4), required_relids: (b 1 4), outer_relids: (b), nullable_relids: (b), left_relids: (b 1), right_relids: (b 4), eval_cost: (0.00..0.00), norm_selec: 0.0059, outer_selec: 0.0059, outer_is_left: false, hashjoinoperator: 96, left_bucketsize: 0.0200, right_bucketsize: 0.0526, left_mcvfreq: 0.0000, right_mcvfreq: 0.0000} = {
          clause = OpExpr {opno: 96, opfuncid: 65, opresulttype: 16, opretset: false, opcollid: 0, inputcollid: 0, location: -1} = {
            args = List with 2 elements = {
              0 = Var {varno: 1, varattno: 1, vartype: 23, vartypmod: -1, varcollid: 0, varlevelsup: 0, varnosyn: 1, varattnosyn: 1, location: 63},
              1 = Var {varno: 4, varattno: 2, vartype: 23, vartypmod: -1, varcollid: 0, varlevelsup: 0, varnosyn: 4, varattnosyn: 2, location: 95}
            }
          },
          mergeopfamilies = OidList with 1 elements = {1976},
          left_em = EquivalenceMember {em_relids: (b 1), em_is_const: false, em_is_child: false, em_datatype: 23} = {
            em_expr = Var {varno: 1, varattno: 1, vartype: 23, vartypmod: -1, varcollid: 0, varlevelsup: 0, varnosyn: 1, varattnosyn: 1, location: 63}
          },
          right_em = EquivalenceMember {em_relids: (b 4), em_is_const: false, em_is_child: false, em_datatype: 23} = {
            em_expr = Var {varno: 4, varattno: 2, vartype: 23, vartypmod: -1, varcollid: 0, varlevelsup: 0, varnosyn: 4, varattnosyn: 2, location: 95}
          }
        }
      }
    }
  }
}

Breakpoint 2, standard_planner (parse=0x55f2f1815e10, query_string=0x55f2f1676670 "select\n  s_name,\n  s_address\nfrom\n  supplier,\n  nation\nwhere\n  s_suppkey in (\n    select\n      ps_suppkey\n    from\n      partsupp\n    where\n      ps_partkey in (\n        select\n          p_partkey\n   "..., cursorOptions=33024, boundParams=0x0) at /workspaces/AntDB/src/backend/optimizer/plan/planner.c:761
761		result->commandType = parse->commandType;
$60 = Sort (cost=3676.99..3676.99 rows=1 width=202 plan_id=0 parallel_aware=False parallel_safe = False) numCols: 1 = {
  sortColIdx = [1],
  sortOperators = [1058],
  collations = [100],
  nullsFirst = [False],
  plan.targetlist = List with 2 elements = {
    0 = TargetEntry {resno: 1, resname: 's_name', ressortgroupref: 1, resorigtbl: 270666, resorigcol: 2, resjunk: false} = {
      expr = Var {varno: 65001, varattno: 1, vartype: 1042, vartypmod: 29, varcollid: 100, varlevelsup: 0, varnosyn: 1, varattnosyn: 2, location: -1}
    },
    1 = TargetEntry {resno: 2, resname: 's_address', ressortgroupref: 0, resorigtbl: 270666, resorigcol: 3, resjunk: false} = {
      expr = Var {varno: 65001, varattno: 2, vartype: 1043, vartypmod: 44, varcollid: 100, varlevelsup: 0, varnosyn: 1, varattnosyn: 3, location: -1}
    }
  },
  plan.lefttree = NestLoop (cost=0.00..3676.98 rows=1 width=202 plan_id=1 parallel_aware=False parallel_safe = False) {join.jointype: JOIN_SEMI, join.inner_unique: false} = {
    join.plan.targetlist = List with 2 elements = {
      0 = TargetEntry {resno: 1, resname: 0x0, ressortgroupref: 1, resorigtbl: 0, resorigcol: 0, resjunk: false} = {
        expr = Var {varno: 65001, varattno: 1, vartype: 1042, vartypmod: 29, varcollid: 100, varlevelsup: 0, varnosyn: 1, varattnosyn: 2, location: 9}
      },
      1 = TargetEntry {resno: 2, resname: 0x0, ressortgroupref: 0, resorigtbl: 0, resorigcol: 0, resjunk: false} = {
        expr = Var {varno: 65001, varattno: 2, vartype: 1043, vartypmod: 44, varcollid: 100, varlevelsup: 0, varnosyn: 1, varattnosyn: 3, location: 19}
      }
    },
    join.plan.lefttree = NestLoop (cost=0.00..309.05 rows=1 width=206 plan_id=2 parallel_aware=False parallel_safe = False) {join.jointype: JOIN_INNER, join.inner_unique: false} = {
      join.plan.targetlist = List with 3 elements = {
        0 = TargetEntry {resno: 1, resname: 0x0, ressortgroupref: 0, resorigtbl: 0, resorigcol: 0, resjunk: false} = {
          expr = Var {varno: 65000, varattno: 1, vartype: 1042, vartypmod: 29, varcollid: 100, varlevelsup: 0, varnosyn: 1, varattnosyn: 2, location: 9}
        },
        1 = TargetEntry {resno: 2, resname: 0x0, ressortgroupref: 0, resorigtbl: 0, resorigcol: 0, resjunk: false} = {
          expr = Var {varno: 65000, varattno: 2, vartype: 1043, vartypmod: 44, varcollid: 100, varlevelsup: 0, varnosyn: 1, varattnosyn: 3, location: 19}
        },
        2 = TargetEntry {resno: 3, resname: 0x0, ressortgroupref: 0, resorigtbl: 0, resorigcol: 0, resjunk: false} = {
          expr = Var {varno: 65000, varattno: 4, vartype: 23, vartypmod: -1, varcollid: 0, varlevelsup: 0, varnosyn: 1, varattnosyn: 1, location: 63}
        }
      },
      join.plan.lefttree = RemoteQuery (cost=0.00..163.42 rows=1 width=4 plan_id=3 parallel_aware=False parallel_safe = False) {scan.scanrelid: 7, exec_direct_type: EXEC_DIRECT_NONE, sql_statement: 'SELECT n_nationkey FROM ONLY public.nation nation WHERE (n_name = 'CANADA'::bpchar)', sql_node: 0x0, combine_type: COMBINE_TYPE_NONE, read_only: true, force_autocommit: false, statement: 0x0, cursor: 0x0, rq_num_params: 0, rq_params_internal: false, exec_type: EXEC_ON_DATANODES, is_temp: false, rq_finalise_aggs: false, rq_sortgroup_colno: false, has_row_marks: false, rq_save_command_id: false, rq_use_pk_for_rep_change: false, rq_max_param_num: 0} = {
        scan.plan.targetlist = List with 1 elements = {
          0 = TargetEntry {resno: 1, resname: 0x0, ressortgroupref: 0, resorigtbl: 0, resorigcol: 0, resjunk: false} = {
            expr = Var {varno: 7, varattno: 1, vartype: 23, vartypmod: -1, varcollid: 0, varlevelsup: 0, varnosyn: 2, varattnosyn: 1, location: 611}
          }
        },
        exec_nodes = ExecNodes {accesstype: RELATION_ACCESS_READ, baselocatortype: 72 'H', en_relid: 0, en_funcid: 0} = {
          en_dist_vars = List with 1 elements = {
            0 = Var {varno: 2, varattno: 1, vartype: 23, vartypmod: -1, varcollid: 0, varlevelsup: 0, varnosyn: 2, varattnosyn: 1, location: 611}
          },
          nodeids = OidList with 3 elements = {16386, 16387, 16388}
        },
        remote_query = Query {commandType: CMD_SELECT, querySource: QSRC_ORIGINAL, queryId: 0, canSetTag: false, resultRelation: 0, hasAggs: false, hasWindowFuncs: false, hasTargetSRFs: false, hasSubLinks: false, hasDistinctOn: false, hasRecursive: false, hasModifyingCTE: false, hasForUpdate: false, hasRowSecurity: false, override: OVERRIDING_NOT_SET, limitOption: LIMIT_OPTION_COUNT, stmt_location: 0, stmt_len: 0, is_local: false, has_to_save_cmd_id: false, in_sub_plan: false, in_explain: false} = {
          rtable = List with 1 elements = {
            0 = RangeTblEntry {rtekind: RTE_RELATION, relname: 'nation', relid: 270657, relkind: 114 'r', rellockmode: 1, security_barrier: false, jointype: JOIN_INNER, joinmergedcols: 0, funcordinality: false, ctename: 0x0, ctelevelsup: 0, self_reference: false, enrname: 0x0, enrtuples: 0, param_new: -1, param_old: -1, mt_result: 0x0, defaultCols: 0x0, rows: 0, lateral: false, inh: false, inFromCl: true, requiredPerms: 2, checkAsUser: 0, selectedCols: (b 11 12), insertedCols: 0x0, updatedCols: 0x0, extraUpdatedCols: 0x0} = {
              alias = Alias aliasname: 'nation',
              eref = Alias aliasname: 'nation' = {
                colnames = List with 4 elements = {
                  0 = String[ 'n_nationkey' ],
                  1 = String[ 'n_name' ],
                  2 = String[ 'n_regionkey' ],
                  3 = String[ 'n_comment' ]
                }
              }
            }
          },
          jointree = FromExpr  = {
            fromlist = List with 1 elements = {
              0 = RangeTblRef rtindex: 1
            },
            quals = OpExpr {opno: 1054, opfuncid: 1048, opresulttype: 16, opretset: false, opcollid: 0, inputcollid: 100, location: 636} = {
              args = List with 2 elements = {
                0 = Var {varno: 1, varattno: 2, vartype: 1042, vartypmod: 29, varcollid: 100, varlevelsup: 0, varnosyn: 0, varattnosyn: 2, location: 629},
                1 = Const {consttype: 1042, consttypmod: -1, constcollid: 100, constlen: -1, constvalue: 94501922041920, constisnull: false, constbyval: false, location: 638}
              }
            }
          },
          targetList = List with 1 elements = {
            0 = TargetEntry {resno: 1, resname: 0x0, ressortgroupref: 0, resorigtbl: 0, resorigcol: 0, resjunk: false} = {
              expr = Var {varno: 1, varattno: 1, vartype: 23, vartypmod: -1, varcollid: 0, varlevelsup: 0, varnosyn: 0, varattnosyn: 1, location: 611}
            }
          }
        },
        base_tlist = List with 1 elements = {
          0 = TargetEntry {resno: 1, resname: 0x0, ressortgroupref: 0, resorigtbl: 0, resorigcol: 0, resjunk: false} = {
            expr = Var {varno: 2, varattno: 1, vartype: 23, vartypmod: -1, varcollid: 0, varlevelsup: 0, varnosyn: 2, varattnosyn: 1, location: 611}
          }
        },
        coord_var_tlist = List with 1 elements = {
          0 = TargetEntry {resno: 1, resname: 0x0, ressortgroupref: 0, resorigtbl: 0, resorigcol: 0, resjunk: false} = {
            expr = Var {varno: 2, varattno: 1, vartype: 23, vartypmod: -1, varcollid: 0, varlevelsup: 0, varnosyn: 2, varattnosyn: 1, location: 611}
          }
        },
        query_var_tlist = List with 1 elements = {
          0 = TargetEntry {resno: 1, resname: 0x0, ressortgroupref: 0, resorigtbl: 0, resorigcol: 0, resjunk: false} = {
            expr = Var {varno: 1, varattno: 1, vartype: 23, vartypmod: -1, varcollid: 0, varlevelsup: 0, varnosyn: 0, varattnosyn: 1, location: 611}
          }
        }
      },
      join.plan.righttree = RemoteQuery (cost=0.00..145.00 rows=50 width=210 plan_id=4 parallel_aware=False parallel_safe = False) {scan.scanrelid: 8, exec_direct_type: EXEC_DIRECT_NONE, sql_statement: 'SELECT s_name, s_address, s_nationkey, s_suppkey FROM ONLY public.supplier supplier WHERE true', sql_node: 0x0, combine_type: COMBINE_TYPE_NONE, read_only: true, force_autocommit: false, statement: 0x0, cursor: 0x0, rq_num_params: 0, rq_params_internal: false, exec_type: EXEC_ON_DATANODES, is_temp: false, rq_finalise_aggs: false, rq_sortgroup_colno: false, has_row_marks: false, rq_save_command_id: false, rq_use_pk_for_rep_change: false, rq_max_param_num: 0} = {
        scan.plan.targetlist = List with 4 elements = {
          0 = TargetEntry {resno: 1, resname: 0x0, ressortgroupref: 0, resorigtbl: 0, resorigcol: 0, resjunk: false} = {
            expr = Var {varno: 8, varattno: 1, vartype: 1042, vartypmod: 29, varcollid: 100, varlevelsup: 0, varnosyn: 1, varattnosyn: 2, location: 9}
          },
          1 = TargetEntry {resno: 2, resname: 0x0, ressortgroupref: 0, resorigtbl: 0, resorigcol: 0, resjunk: false} = {
            expr = Var {varno: 8, varattno: 2, vartype: 1043, vartypmod: 44, varcollid: 100, varlevelsup: 0, varnosyn: 1, varattnosyn: 3, location: 19}
          },
          2 = TargetEntry {resno: 3, resname: 0x0, ressortgroupref: 0, resorigtbl: 0, resorigcol: 0, resjunk: false} = {
            expr = Var {varno: 8, varattno: 3, vartype: 23, vartypmod: -1, varcollid: 0, varlevelsup: 0, varnosyn: 1, varattnosyn: 4, location: 597}
          },
          3 = TargetEntry {resno: 4, resname: 0x0, ressortgroupref: 0, resorigtbl: 0, resorigcol: 0, resjunk: false} = {
            expr = Var {varno: 8, varattno: 4, vartype: 23, vartypmod: -1, varcollid: 0, varlevelsup: 0, varnosyn: 1, varattnosyn: 1, location: 63}
          }
        },
        exec_nodes = ExecNodes {accesstype: RELATION_ACCESS_READ, baselocatortype: 72 'H', en_relid: 0, en_funcid: 0} = {
          en_dist_vars = List with 1 elements = {
            0 = Var {varno: 1, varattno: 1, vartype: 23, vartypmod: -1, varcollid: 0, varlevelsup: 0, varnosyn: 1, varattnosyn: 1, location: 63}
          },
          nodeids = OidList with 3 elements = {16386, 16387, 16388}
        },
        remote_query = Query {commandType: CMD_SELECT, querySource: QSRC_ORIGINAL, queryId: 0, canSetTag: false, resultRelation: 0, hasAggs: false, hasWindowFuncs: false, hasTargetSRFs: false, hasSubLinks: false, hasDistinctOn: false, hasRecursive: false, hasModifyingCTE: false, hasForUpdate: false, hasRowSecurity: false, override: OVERRIDING_NOT_SET, limitOption: LIMIT_OPTION_COUNT, stmt_location: 0, stmt_len: 0, is_local: false, has_to_save_cmd_id: false, in_sub_plan: false, in_explain: false} = {
          rtable = List with 1 elements = {
            0 = RangeTblEntry {rtekind: RTE_RELATION, relname: 'supplier', relid: 270666, relkind: 114 'r', rellockmode: 1, security_barrier: false, jointype: JOIN_INNER, joinmergedcols: 0, funcordinality: false, ctename: 0x0, ctelevelsup: 0, self_reference: false, enrname: 0x0, enrtuples: 0, param_new: -1, param_old: -1, mt_result: 0x0, defaultCols: 0x0, rows: 0, lateral: false, inh: false, inFromCl: true, requiredPerms: 2, checkAsUser: 0, selectedCols: (b 11 12 13 14), insertedCols: 0x0, updatedCols: 0x0, extraUpdatedCols: 0x0} = {
              alias = Alias aliasname: 'supplier',
              eref = Alias aliasname: 'supplier' = {
                colnames = List with 7 elements = {
                  0 = String[ 's_suppkey' ],
                  1 = String[ 's_name' ],
                  2 = String[ 's_address' ],
                  3 = String[ 's_nationkey' ],
                  4 = String[ 's_phone' ],
                  5 = String[ 's_acctbal' ],
                  6 = String[ 's_comment' ]
                }
              }
            }
          },
          jointree = FromExpr  = {
            fromlist = List with 1 elements = {
              0 = RangeTblRef rtindex: 1
            },
            quals = Const {consttype: 16, consttypmod: -1, constcollid: 0, constlen: 1, constvalue: 1, constisnull: false, constbyval: true, location: -1}
          },
          targetList = List with 4 elements = {
            0 = TargetEntry {resno: 1, resname: 0x0, ressortgroupref: 0, resorigtbl: 0, resorigcol: 0, resjunk: false} = {
              expr = Var {varno: 1, varattno: 2, vartype: 1042, vartypmod: 29, varcollid: 100, varlevelsup: 0, varnosyn: 0, varattnosyn: 2, location: 9}
            },
            1 = TargetEntry {resno: 2, resname: 0x0, ressortgroupref: 0, resorigtbl: 0, resorigcol: 0, resjunk: false} = {
              expr = Var {varno: 1, varattno: 3, vartype: 1043, vartypmod: 44, varcollid: 100, varlevelsup: 0, varnosyn: 0, varattnosyn: 3, location: 19}
            },
            2 = TargetEntry {resno: 3, resname: 0x0, ressortgroupref: 0, resorigtbl: 0, resorigcol: 0, resjunk: false} = {
              expr = Var {varno: 1, varattno: 4, vartype: 23, vartypmod: -1, varcollid: 0, varlevelsup: 0, varnosyn: 0, varattnosyn: 4, location: 597}
            },
            3 = TargetEntry {resno: 4, resname: 0x0, ressortgroupref: 0, resorigtbl: 0, resorigcol: 0, resjunk: false} = {
              expr = Var {varno: 1, varattno: 1, vartype: 23, vartypmod: -1, varcollid: 0, varlevelsup: 0, varnosyn: 0, varattnosyn: 1, location: 63}
            }
          }
        },
        base_tlist = List with 4 elements = {
          0 = TargetEntry {resno: 1, resname: 0x0, ressortgroupref: 0, resorigtbl: 0, resorigcol: 0, resjunk: false} = {
            expr = Var {varno: 1, varattno: 2, vartype: 1042, vartypmod: 29, varcollid: 100, varlevelsup: 0, varnosyn: 1, varattnosyn: 2, location: 9}
          },
          1 = TargetEntry {resno: 2, resname: 0x0, ressortgroupref: 0, resorigtbl: 0, resorigcol: 0, resjunk: false} = {
            expr = Var {varno: 1, varattno: 3, vartype: 1043, vartypmod: 44, varcollid: 100, varlevelsup: 0, varnosyn: 1, varattnosyn: 3, location: 19}
          },
          2 = TargetEntry {resno: 3, resname: 0x0, ressortgroupref: 0, resorigtbl: 0, resorigcol: 0, resjunk: false} = {
            expr = Var {varno: 1, varattno: 4, vartype: 23, vartypmod: -1, varcollid: 0, varlevelsup: 0, varnosyn: 1, varattnosyn: 4, location: 597}
          },
          3 = TargetEntry {resno: 4, resname: 0x0, ressortgroupref: 0, resorigtbl: 0, resorigcol: 0, resjunk: false} = {
            expr = Var {varno: 1, varattno: 1, vartype: 23, vartypmod: -1, varcollid: 0, varlevelsup: 0, varnosyn: 1, varattnosyn: 1, location: 63}
          }
        },
        coord_var_tlist = List with 4 elements = {
          0 = TargetEntry {resno: 1, resname: 0x0, ressortgroupref: 0, resorigtbl: 0, resorigcol: 0, resjunk: false} = {
            expr = Var {varno: 1, varattno: 2, vartype: 1042, vartypmod: 29, varcollid: 100, varlevelsup: 0, varnosyn: 1, varattnosyn: 2, location: 9}
          },
          1 = TargetEntry {resno: 2, resname: 0x0, ressortgroupref: 0, resorigtbl: 0, resorigcol: 0, resjunk: false} = {
            expr = Var {varno: 1, varattno: 3, vartype: 1043, vartypmod: 44, varcollid: 100, varlevelsup: 0, varnosyn: 1, varattnosyn: 3, location: 19}
          },
          2 = TargetEntry {resno: 3, resname: 0x0, ressortgroupref: 0, resorigtbl: 0, resorigcol: 0, resjunk: false} = {
            expr = Var {varno: 1, varattno: 4, vartype: 23, vartypmod: -1, varcollid: 0, varlevelsup: 0, varnosyn: 1, varattnosyn: 4, location: 597}
          },
          3 = TargetEntry {resno: 4, resname: 0x0, ressortgroupref: 0, resorigtbl: 0, resorigcol: 0, resjunk: false} = {
            expr = Var {varno: 1, varattno: 1, vartype: 23, vartypmod: -1, varcollid: 0, varlevelsup: 0, varnosyn: 1, varattnosyn: 1, location: 63}
          }
        },
        query_var_tlist = List with 4 elements = {
          0 = TargetEntry {resno: 1, resname: 0x0, ressortgroupref: 0, resorigtbl: 0, resorigcol: 0, resjunk: false} = {
            expr = Var {varno: 1, varattno: 2, vartype: 1042, vartypmod: 29, varcollid: 100, varlevelsup: 0, varnosyn: 0, varattnosyn: 2, location: 9}
          },
          1 = TargetEntry {resno: 2, resname: 0x0, ressortgroupref: 0, resorigtbl: 0, resorigcol: 0, resjunk: false} = {
            expr = Var {varno: 1, varattno: 3, vartype: 1043, vartypmod: 44, varcollid: 100, varlevelsup: 0, varnosyn: 0, varattnosyn: 3, location: 19}
          },
          2 = TargetEntry {resno: 3, resname: 0x0, ressortgroupref: 0, resorigtbl: 0, resorigcol: 0, resjunk: false} = {
            expr = Var {varno: 1, varattno: 4, vartype: 23, vartypmod: -1, varcollid: 0, varlevelsup: 0, varnosyn: 0, varattnosyn: 4, location: 597}
          },
          3 = TargetEntry {resno: 4, resname: 0x0, ressortgroupref: 0, resorigtbl: 0, resorigcol: 0, resjunk: false} = {
            expr = Var {varno: 1, varattno: 1, vartype: 23, vartypmod: -1, varcollid: 0, varlevelsup: 0, varnosyn: 0, varattnosyn: 1, location: 63}
          }
        }
      },
      join.joinqual = List with 1 elements = {
        0 = OpExpr {opno: 96, opfuncid: 65, opresulttype: 16, opretset: false, opcollid: 0, inputcollid: 0, location: -1} = {
          args = List with 2 elements = {
            0 = Var {varno: 65000, varattno: 3, vartype: 23, vartypmod: -1, varcollid: 0, varlevelsup: 0, varnosyn: 1, varattnosyn: 4, location: 597},
            1 = Var {varno: 65001, varattno: 1, vartype: 23, vartypmod: -1, varcollid: 0, varlevelsup: 0, varnosyn: 2, varattnosyn: 1, location: 611}
          }
        }
      }
    },
    join.plan.righttree = NestLoop (cost=0.00..3367.91 rows=1 width=4 plan_id=5 parallel_aware=False parallel_safe = False) {join.jointype: JOIN_SEMI, join.inner_unique: false} = {
      join.plan.targetlist = List with 1 elements = {
        0 = TargetEntry {resno: 1, resname: 0x0, ressortgroupref: 0, resorigtbl: 0, resorigcol: 0, resjunk: false} = {
          expr = Var {varno: 65001, varattno: 2, vartype: 23, vartypmod: -1, varcollid: 0, varlevelsup: 0, varnosyn: 4, varattnosyn: 2, location: 95}
        }
      },
      join.plan.lefttree = RemoteQuery (cost=0.00..3213.23 rows=19 width=8 plan_id=6 parallel_aware=False parallel_safe = False) {scan.scanrelid: 9, exec_direct_type: EXEC_DIRECT_NONE, sql_statement: 'SELECT ps_partkey, ps_suppkey, ps_availqty FROM ONLY public.partsupp partsupp WHERE true', sql_node: 0x0, combine_type: COMBINE_TYPE_NONE, read_only: true, force_autocommit: false, statement: 0x0, cursor: 0x0, rq_num_params: 0, rq_params_internal: false, exec_type: EXEC_ON_DATANODES, is_temp: false, rq_finalise_aggs: false, rq_sortgroup_colno: false, has_row_marks: false, rq_save_command_id: false, rq_use_pk_for_rep_change: false, rq_max_param_num: 0} = {
        scan.plan.targetlist = List with 2 elements = {
          0 = TargetEntry {resno: 1, resname: 0x0, ressortgroupref: 0, resorigtbl: 0, resorigcol: 0, resjunk: false} = {
            expr = Var {varno: 9, varattno: 1, vartype: 23, vartypmod: -1, varcollid: 0, varlevelsup: 0, varnosyn: 4, varattnosyn: 1, location: 146}
          },
          1 = TargetEntry {resno: 2, resname: 0x0, ressortgroupref: 0, resorigtbl: 0, resorigcol: 0, resjunk: false} = {
            expr = Var {varno: 9, varattno: 2, vartype: 23, vartypmod: -1, varcollid: 0, varlevelsup: 0, varnosyn: 4, varattnosyn: 2, location: 95}
          }
        },
        scan.plan.qual = List with 1 elements = {
          0 = OpExpr {opno: 1756, opfuncid: 1720, opresulttype: 16, opretset: false, opcollid: 0, inputcollid: 0, location: 301} = {
            args = List with 2 elements = {
              0 = FuncExpr {funcid: 1740, funcresulttype: 1700, funcretset: false, funcvariadic: false, funcformat: COERCE_IMPLICIT_CAST, funccollid: 0, inputcollid: 0, location: -1} = {
                args = List with 1 elements = {
                  0 = Var {varno: 9, varattno: 3, vartype: 23, vartypmod: -1, varcollid: 0, varlevelsup: 0, varnosyn: 4, varattnosyn: 3, location: 289}
                }
              },
              1 = SubPlan {subLinkType: EXPR_SUBLINK, plan_id: 1, plan_name: 'SubPlan 1', firstColType: 1700, firstColTypmod: -1, firstColCollation: 0, useHashTable: false, unknownEqFalse: false, parallel_safe: false, startup_cost: 0, per_call_cost: 192.01749999999998} = {
                parParam = IntList with 2 elements = {0, 1},
                args = List with 2 elements = {
                  0 = Var {varno: 9, varattno: 1, vartype: 23, vartypmod: -1, varcollid: 0, varlevelsup: 0, varnosyn: 4, varattnosyn: 1, location: 420},
                  1 = Var {varno: 9, varattno: 2, vartype: 23, vartypmod: -1, varcollid: 0, varlevelsup: 0, varnosyn: 4, varattnosyn: 2, location: 457}
                }
              }
            }
          }
        },
        exec_nodes = ExecNodes {accesstype: RELATION_ACCESS_READ, baselocatortype: 72 'H', en_relid: 0, en_funcid: 0} = {
          en_dist_vars = List with 1 elements = {
            0 = Var {varno: 4, varattno: 1, vartype: 23, vartypmod: -1, varcollid: 0, varlevelsup: 0, varnosyn: 4, varattnosyn: 1, location: 146}
          },
          nodeids = OidList with 3 elements = {16386, 16387, 16388}
        },
        remote_query = Query {commandType: CMD_SELECT, querySource: QSRC_ORIGINAL, queryId: 0, canSetTag: false, resultRelation: 0, hasAggs: false, hasWindowFuncs: false, hasTargetSRFs: false, hasSubLinks: false, hasDistinctOn: false, hasRecursive: false, hasModifyingCTE: false, hasForUpdate: false, hasRowSecurity: false, override: OVERRIDING_NOT_SET, limitOption: LIMIT_OPTION_COUNT, stmt_location: 0, stmt_len: 0, is_local: false, has_to_save_cmd_id: false, in_sub_plan: false, in_explain: false} = {
          rtable = List with 1 elements = {
            0 = RangeTblEntry {rtekind: RTE_RELATION, relname: 'partsupp', relid: 270669, relkind: 114 'r', rellockmode: 1, security_barrier: false, jointype: JOIN_INNER, joinmergedcols: 0, funcordinality: false, ctename: 0x0, ctelevelsup: 0, self_reference: false, enrname: 0x0, enrtuples: 0, param_new: -1, param_old: -1, mt_result: 0x0, defaultCols: 0x0, rows: 0, lateral: false, inh: false, inFromCl: true, requiredPerms: 2, checkAsUser: 0, selectedCols: (b 11 12 13), insertedCols: 0x0, updatedCols: 0x0, extraUpdatedCols: 0x0} = {
              alias = Alias aliasname: 'partsupp',
              eref = Alias aliasname: 'partsupp' = {
                colnames = List with 5 elements = {
                  0 = String[ 'ps_partkey' ],
                  1 = String[ 'ps_suppkey' ],
                  2 = String[ 'ps_availqty' ],
                  3 = String[ 'ps_supplycost' ],
                  4 = String[ 'ps_comment' ]
                }
              }
            }
          },
          jointree = FromExpr  = {
            fromlist = List with 1 elements = {
              0 = RangeTblRef rtindex: 1
            },
            quals = Const {consttype: 16, consttypmod: -1, constcollid: 0, constlen: 1, constvalue: 1, constisnull: false, constbyval: true, location: -1}
          },
          targetList = List with 3 elements = {
            0 = TargetEntry {resno: 1, resname: 0x0, ressortgroupref: 0, resorigtbl: 0, resorigcol: 0, resjunk: false} = {
              expr = Var {varno: 1, varattno: 1, vartype: 23, vartypmod: -1, varcollid: 0, varlevelsup: 0, varnosyn: 0, varattnosyn: 1, location: 146}
            },
            1 = TargetEntry {resno: 2, resname: 0x0, ressortgroupref: 0, resorigtbl: 0, resorigcol: 0, resjunk: false} = {
              expr = Var {varno: 1, varattno: 2, vartype: 23, vartypmod: -1, varcollid: 0, varlevelsup: 0, varnosyn: 0, varattnosyn: 2, location: 95}
            },
            2 = TargetEntry {resno: 3, resname: 0x0, ressortgroupref: 0, resorigtbl: 0, resorigcol: 0, resjunk: false} = {
              expr = Var {varno: 1, varattno: 3, vartype: 23, vartypmod: -1, varcollid: 0, varlevelsup: 0, varnosyn: 0, varattnosyn: 3, location: 289}
            }
          }
        },
        base_tlist = List with 3 elements = {
          0 = TargetEntry {resno: 1, resname: 0x0, ressortgroupref: 0, resorigtbl: 0, resorigcol: 0, resjunk: false} = {
            expr = Var {varno: 4, varattno: 1, vartype: 23, vartypmod: -1, varcollid: 0, varlevelsup: 0, varnosyn: 4, varattnosyn: 1, location: 146}
          },
          1 = TargetEntry {resno: 2, resname: 0x0, ressortgroupref: 0, resorigtbl: 0, resorigcol: 0, resjunk: false} = {
            expr = Var {varno: 4, varattno: 2, vartype: 23, vartypmod: -1, varcollid: 0, varlevelsup: 0, varnosyn: 4, varattnosyn: 2, location: 95}
          },
          2 = TargetEntry {resno: 3, resname: 0x0, ressortgroupref: 0, resorigtbl: 0, resorigcol: 0, resjunk: false} = {
            expr = Var {varno: 4, varattno: 3, vartype: 23, vartypmod: -1, varcollid: 0, varlevelsup: 0, varnosyn: 4, varattnosyn: 3, location: 289}
          }
        },
        coord_var_tlist = List with 3 elements = {
          0 = TargetEntry {resno: 1, resname: 0x0, ressortgroupref: 0, resorigtbl: 0, resorigcol: 0, resjunk: false} = {
            expr = Var {varno: 4, varattno: 1, vartype: 23, vartypmod: -1, varcollid: 0, varlevelsup: 0, varnosyn: 4, varattnosyn: 1, location: 146}
          },
          1 = TargetEntry {resno: 2, resname: 0x0, ressortgroupref: 0, resorigtbl: 0, resorigcol: 0, resjunk: false} = {
            expr = Var {varno: 4, varattno: 2, vartype: 23, vartypmod: -1, varcollid: 0, varlevelsup: 0, varnosyn: 4, varattnosyn: 2, location: 95}
          },
          2 = TargetEntry {resno: 3, resname: 0x0, ressortgroupref: 0, resorigtbl: 0, resorigcol: 0, resjunk: false} = {
            expr = Var {varno: 4, varattno: 3, vartype: 23, vartypmod: -1, varcollid: 0, varlevelsup: 0, varnosyn: 4, varattnosyn: 3, location: 289}
          }
        },
        query_var_tlist = List with 3 elements = {
          0 = TargetEntry {resno: 1, resname: 0x0, ressortgroupref: 0, resorigtbl: 0, resorigcol: 0, resjunk: false} = {
            expr = Var {varno: 1, varattno: 1, vartype: 23, vartypmod: -1, varcollid: 0, varlevelsup: 0, varnosyn: 0, varattnosyn: 1, location: 146}
          },
          1 = TargetEntry {resno: 2, resname: 0x0, ressortgroupref: 0, resorigtbl: 0, resorigcol: 0, resjunk: false} = {
            expr = Var {varno: 1, varattno: 2, vartype: 23, vartypmod: -1, varcollid: 0, varlevelsup: 0, varnosyn: 0, varattnosyn: 2, location: 95}
          },
          2 = TargetEntry {resno: 3, resname: 0x0, ressortgroupref: 0, resorigtbl: 0, resorigcol: 0, resjunk: false} = {
            expr = Var {varno: 1, varattno: 3, vartype: 23, vartypmod: -1, varcollid: 0, varlevelsup: 0, varnosyn: 0, varattnosyn: 3, location: 289}
          }
        }
      },
      join.plan.righttree = Material (cost=0.00..154.41 rows=1 width=4 plan_id=7 parallel_aware=False parallel_safe = False)  = {
        plan.targetlist = List with 1 elements = {
          0 = TargetEntry {resno: 1, resname: 0x0, ressortgroupref: 0, resorigtbl: 0, resorigcol: 0, resjunk: false} = {
            expr = Var {varno: 65001, varattno: 1, vartype: 23, vartypmod: -1, varcollid: 0, varlevelsup: 0, varnosyn: 6, varattnosyn: 1, location: -1}
          }
        },
        plan.lefttree = RemoteQuery (cost=0.00..154.40 rows=1 width=4 plan_id=8 parallel_aware=False parallel_safe = False) {scan.scanrelid: 10, exec_direct_type: EXEC_DIRECT_NONE, sql_statement: 'SELECT p_partkey FROM ONLY public.part part WHERE ((p_name)::text ~~ 'forest%'::text)', sql_node: 0x0, combine_type: COMBINE_TYPE_NONE, read_only: true, force_autocommit: false, statement: 0x0, cursor: 0x0, rq_num_params: 0, rq_params_internal: false, exec_type: EXEC_ON_DATANODES, is_temp: false, rq_finalise_aggs: false, rq_sortgroup_colno: false, has_row_marks: false, rq_save_command_id: false, rq_use_pk_for_rep_change: false, rq_max_param_num: 0} = {
          scan.plan.targetlist = List with 1 elements = {
            0 = TargetEntry {resno: 1, resname: 0x0, ressortgroupref: 0, resorigtbl: 0, resorigcol: 0, resjunk: false} = {
              expr = Var {varno: 10, varattno: 1, vartype: 23, vartypmod: -1, varcollid: 0, varlevelsup: 0, varnosyn: 6, varattnosyn: 1, location: 187}
            }
          },
          exec_nodes = ExecNodes {accesstype: RELATION_ACCESS_READ, baselocatortype: 72 'H', en_relid: 0, en_funcid: 0} = {
            en_dist_vars = List with 1 elements = {
              0 = Var {varno: 6, varattno: 1, vartype: 23, vartypmod: -1, varcollid: 0, varlevelsup: 0, varnosyn: 6, varattnosyn: 1, location: 187}
            },
            nodeids = OidList with 3 elements = {16386, 16387, 16388}
          },
          remote_query = Query {commandType: CMD_SELECT, querySource: QSRC_ORIGINAL, queryId: 0, canSetTag: false, resultRelation: 0, hasAggs: false, hasWindowFuncs: false, hasTargetSRFs: false, hasSubLinks: false, hasDistinctOn: false, hasRecursive: false, hasModifyingCTE: false, hasForUpdate: false, hasRowSecurity: false, override: OVERRIDING_NOT_SET, limitOption: LIMIT_OPTION_COUNT, stmt_location: 0, stmt_len: 0, is_local: false, has_to_save_cmd_id: false, in_sub_plan: false, in_explain: false} = {
            rtable = List with 1 elements = {
              0 = RangeTblEntry {rtekind: RTE_RELATION, relname: 'part', relid: 270663, relkind: 114 'r', rellockmode: 1, security_barrier: false, jointype: JOIN_INNER, joinmergedcols: 0, funcordinality: false, ctename: 0x0, ctelevelsup: 0, self_reference: false, enrname: 0x0, enrtuples: 0, param_new: -1, param_old: -1, mt_result: 0x0, defaultCols: 0x0, rows: 0, lateral: false, inh: false, inFromCl: true, requiredPerms: 2, checkAsUser: 0, selectedCols: (b 11 12), insertedCols: 0x0, updatedCols: 0x0, extraUpdatedCols: 0x0} = {
                alias = Alias aliasname: 'part',
                eref = Alias aliasname: 'part' = {
                  colnames = List with 9 elements = {
                    0 = String[ 'p_partkey' ],
                    1 = String[ 'p_name' ],
                    2 = String[ 'p_mfgr' ],
                    3 = String[ 'p_brand' ],
                    4 = String[ 'p_type' ],
                    5 = String[ 'p_size' ],
                    6 = String[ 'p_container' ],
                    7 = String[ 'p_retailprice' ],
                    8 = String[ 'p_comment' ]
                  }
                }
              }
            },
            jointree = FromExpr  = {
              fromlist = List with 1 elements = {
                0 = RangeTblRef rtindex: 1
              },
              quals = OpExpr {opno: 1209, opfuncid: 850, opresulttype: 16, opretset: false, opcollid: 0, inputcollid: 100, location: 256} = {
                args = List with 2 elements = {
                  0 = RelabelType {resulttype: 25, resulttypmod: -1, resultcollid: 100, relabelformat: COERCE_IMPLICIT_CAST, location: -1} = {
                    arg = Var {varno: 1, varattno: 2, vartype: 1043, vartypmod: 59, varcollid: 100, varlevelsup: 0, varnosyn: 0, varattnosyn: 2, location: 249}
                  },
                  1 = Const {consttype: 25, consttypmod: -1, constcollid: 100, constlen: -1, constvalue: 94501923715744, constisnull: false, constbyval: false, location: 261}
                }
              }
            },
            targetList = List with 1 elements = {
              0 = TargetEntry {resno: 1, resname: 0x0, ressortgroupref: 0, resorigtbl: 0, resorigcol: 0, resjunk: false} = {
                expr = Var {varno: 1, varattno: 1, vartype: 23, vartypmod: -1, varcollid: 0, varlevelsup: 0, varnosyn: 0, varattnosyn: 1, location: 187}
              }
            }
          },
          base_tlist = List with 1 elements = {
            0 = TargetEntry {resno: 1, resname: 0x0, ressortgroupref: 0, resorigtbl: 0, resorigcol: 0, resjunk: false} = {
              expr = Var {varno: 6, varattno: 1, vartype: 23, vartypmod: -1, varcollid: 0, varlevelsup: 0, varnosyn: 6, varattnosyn: 1, location: 187}
            }
          },
          coord_var_tlist = List with 1 elements = {
            0 = TargetEntry {resno: 1, resname: 0x0, ressortgroupref: 0, resorigtbl: 0, resorigcol: 0, resjunk: false} = {
              expr = Var {varno: 6, varattno: 1, vartype: 23, vartypmod: -1, varcollid: 0, varlevelsup: 0, varnosyn: 6, varattnosyn: 1, location: 187}
            }
          },
          query_var_tlist = List with 1 elements = {
            0 = TargetEntry {resno: 1, resname: 0x0, ressortgroupref: 0, resorigtbl: 0, resorigcol: 0, resjunk: false} = {
              expr = Var {varno: 1, varattno: 1, vartype: 23, vartypmod: -1, varcollid: 0, varlevelsup: 0, varnosyn: 0, varattnosyn: 1, location: 187}
            }
          }
        }
      },
      join.joinqual = List with 1 elements = {
        0 = OpExpr {opno: 96, opfuncid: 65, opresulttype: 16, opretset: false, opcollid: 0, inputcollid: 0, location: -1} = {
          args = List with 2 elements = {
            0 = Var {varno: 65001, varattno: 1, vartype: 23, vartypmod: -1, varcollid: 0, varlevelsup: 0, varnosyn: 4, varattnosyn: 1, location: 146},
            1 = Var {varno: 65000, varattno: 1, vartype: 23, vartypmod: -1, varcollid: 0, varlevelsup: 0, varnosyn: 6, varattnosyn: 1, location: 187}
          }
        }
      }
    },
    join.joinqual = List with 1 elements = {
      0 = OpExpr {opno: 96, opfuncid: 65, opresulttype: 16, opretset: false, opcollid: 0, inputcollid: 0, location: -1} = {
        args = List with 2 elements = {
          0 = Var {varno: 65001, varattno: 3, vartype: 23, vartypmod: -1, varcollid: 0, varlevelsup: 0, varnosyn: 1, varattnosyn: 1, location: 63},
          1 = Var {varno: 65000, varattno: 1, vartype: 23, vartypmod: -1, varcollid: 0, varlevelsup: 0, varnosyn: 4, varattnosyn: 2, location: 95}
        }
      }
    }
  }
}

Breakpoint 1, standard_planner (parse=0x55f2f18163b0, query_string=0x55f2f1676670 "select\n  s_name,\n  count(*) as numwait\nfrom\n  supplier,\n  lineitem l1,\n  orders,\n  nation\nwhere\n  s_suppkey = l1.l_suppkey\n  and o_orderkey = l1.l_orderkey\n  and o_orderstatus = 'F'\n  and l1.l_receipt"..., cursorOptions=33024, boundParams=0x0) at /workspaces/AntDB/src/backend/optimizer/plan/planner.c:661
661		top_plan = create_plan(root, best_path);
$61 = Query {commandType: CMD_SELECT, querySource: QSRC_ORIGINAL, queryId: 0, canSetTag: true, resultRelation: 0, hasAggs: true, hasWindowFuncs: false, hasTargetSRFs: false, hasSubLinks: true, hasDistinctOn: false, hasRecursive: false, hasModifyingCTE: false, hasForUpdate: false, hasRowSecurity: false, override: OVERRIDING_NOT_SET, limitOption: LIMIT_OPTION_COUNT, stmt_location: 0, stmt_len: 695, is_local: false, has_to_save_cmd_id: false, in_sub_plan: false, in_explain: false} = {
  rtable = List with 6 elements = {
    0 = RangeTblEntry {rtekind: RTE_RELATION, relname: 'supplier', relid: 270666, relkind: 114 'r', rellockmode: 1, security_barrier: false, jointype: JOIN_INNER, joinmergedcols: 0, funcordinality: false, ctename: 0x0, ctelevelsup: 0, self_reference: false, enrname: 0x0, enrtuples: 0, param_new: -1, param_old: -1, mt_result: 0x0, defaultCols: 0x0, rows: 0, lateral: false, inh: false, inFromCl: true, requiredPerms: 2, checkAsUser: 0, selectedCols: (b 11 12 14), insertedCols: 0x0, updatedCols: 0x0, extraUpdatedCols: 0x0} = {
      eref = Alias aliasname: 'supplier' = {
        colnames = List with 7 elements = {
          0 = String[ 's_suppkey' ],
          1 = String[ 's_name' ],
          2 = String[ 's_address' ],
          3 = String[ 's_nationkey' ],
          4 = String[ 's_phone' ],
          5 = String[ 's_acctbal' ],
          6 = String[ 's_comment' ]
        }
      }
    },
    1 = RangeTblEntry {rtekind: RTE_RELATION, relname: 'lineitem', relid: 270678, relkind: 114 'r', rellockmode: 1, security_barrier: false, jointype: JOIN_INNER, joinmergedcols: 0, funcordinality: false, ctename: 0x0, ctelevelsup: 0, self_reference: false, enrname: 0x0, enrtuples: 0, param_new: -1, param_old: -1, mt_result: 0x0, defaultCols: 0x0, rows: 0, lateral: false, inh: false, inFromCl: true, requiredPerms: 2, checkAsUser: 0, selectedCols: (b 11 13 22 23), insertedCols: 0x0, updatedCols: 0x0, extraUpdatedCols: 0x0} = {
      alias = Alias aliasname: 'l1',
      eref = Alias aliasname: 'l1' = {
        colnames = List with 16 elements = {
          0 = String[ 'l_orderkey' ],
          1 = String[ 'l_partkey' ],
          2 = String[ 'l_suppkey' ],
          3 = String[ 'l_linenumber' ],
          4 = String[ 'l_quantity' ],
          5 = String[ 'l_extendedprice' ],
          6 = String[ 'l_discount' ],
          7 = String[ 'l_tax' ],
          8 = String[ 'l_returnflag' ],
          9 = String[ 'l_linestatus' ],
          10 = String[ 'l_shipdate' ],
          11 = String[ 'l_commitdate' ],
          12 = String[ 'l_receiptdate' ],
          13 = String[ 'l_shipinstruct' ],
          14 = String[ 'l_shipmode' ],
          15 = String[ 'l_comment' ]
        }
      }
    },
    2 = RangeTblEntry {rtekind: RTE_RELATION, relname: 'orders', relid: 270675, relkind: 114 'r', rellockmode: 1, security_barrier: false, jointype: JOIN_INNER, joinmergedcols: 0, funcordinality: false, ctename: 0x0, ctelevelsup: 0, self_reference: false, enrname: 0x0, enrtuples: 0, param_new: -1, param_old: -1, mt_result: 0x0, defaultCols: 0x0, rows: 0, lateral: false, inh: false, inFromCl: true, requiredPerms: 2, checkAsUser: 0, selectedCols: (b 11 13), insertedCols: 0x0, updatedCols: 0x0, extraUpdatedCols: 0x0} = {
      eref = Alias aliasname: 'orders' = {
        colnames = List with 9 elements = {
          0 = String[ 'o_orderkey' ],
          1 = String[ 'o_custkey' ],
          2 = String[ 'o_orderstatus' ],
          3 = String[ 'o_totalprice' ],
          4 = String[ 'o_orderdate' ],
          5 = String[ 'o_orderpriority' ],
          6 = String[ 'o_clerk' ],
          7 = String[ 'o_shippriority' ],
          8 = String[ 'o_comment' ]
        }
      }
    },
    3 = RangeTblEntry {rtekind: RTE_RELATION, relname: 'nation', relid: 270657, relkind: 114 'r', rellockmode: 1, security_barrier: false, jointype: JOIN_INNER, joinmergedcols: 0, funcordinality: false, ctename: 0x0, ctelevelsup: 0, self_reference: false, enrname: 0x0, enrtuples: 0, param_new: -1, param_old: -1, mt_result: 0x0, defaultCols: 0x0, rows: 0, lateral: false, inh: false, inFromCl: true, requiredPerms: 2, checkAsUser: 0, selectedCols: (b 11 12), insertedCols: 0x0, updatedCols: 0x0, extraUpdatedCols: 0x0} = {
      eref = Alias aliasname: 'nation' = {
        colnames = List with 4 elements = {
          0 = String[ 'n_nationkey' ],
          1 = String[ 'n_name' ],
          2 = String[ 'n_regionkey' ],
          3 = String[ 'n_comment' ]
        }
      }
    },
    4 = RangeTblEntry {rtekind: RTE_RELATION, relname: 'lineitem', relid: 270678, relkind: 114 'r', rellockmode: 1, security_barrier: false, jointype: JOIN_INNER, joinmergedcols: 0, funcordinality: false, ctename: 0x0, ctelevelsup: 0, self_reference: false, enrname: 0x0, enrtuples: 0, param_new: -1, param_old: -1, mt_result: 0x0, defaultCols: 0x0, rows: 0, lateral: false, inh: false, inFromCl: true, requiredPerms: 2, checkAsUser: 0, selectedCols: (b 11 12 13 14 15 16 17 18 19 20 21 22 23 24 25 26), insertedCols: 0x0, updatedCols: 0x0, extraUpdatedCols: 0x0} = {
      alias = Alias aliasname: 'l2',
      eref = Alias aliasname: 'l2' = {
        colnames = List with 16 elements = {
          0 = String[ 'l_orderkey' ],
          1 = String[ 'l_partkey' ],
          2 = String[ 'l_suppkey' ],
          3 = String[ 'l_linenumber' ],
          4 = String[ 'l_quantity' ],
          5 = String[ 'l_extendedprice' ],
          6 = String[ 'l_discount' ],
          7 = String[ 'l_tax' ],
          8 = String[ 'l_returnflag' ],
          9 = String[ 'l_linestatus' ],
          10 = String[ 'l_shipdate' ],
          11 = String[ 'l_commitdate' ],
          12 = String[ 'l_receiptdate' ],
          13 = String[ 'l_shipinstruct' ],
          14 = String[ 'l_shipmode' ],
          15 = String[ 'l_comment' ]
        }
      }
    },
    5 = RangeTblEntry {rtekind: RTE_RELATION, relname: 'lineitem', relid: 270678, relkind: 114 'r', rellockmode: 1, security_barrier: false, jointype: JOIN_INNER, joinmergedcols: 0, funcordinality: false, ctename: 0x0, ctelevelsup: 0, self_reference: false, enrname: 0x0, enrtuples: 0, param_new: -1, param_old: -1, mt_result: 0x0, defaultCols: 0x0, rows: 0, lateral: false, inh: false, inFromCl: true, requiredPerms: 2, checkAsUser: 0, selectedCols: (b 11 12 13 14 15 16 17 18 19 20 21 22 23 24 25 26), insertedCols: 0x0, updatedCols: 0x0, extraUpdatedCols: 0x0} = {
      alias = Alias aliasname: 'l3',
      eref = Alias aliasname: 'l3' = {
        colnames = List with 16 elements = {
          0 = String[ 'l_orderkey' ],
          1 = String[ 'l_partkey' ],
          2 = String[ 'l_suppkey' ],
          3 = String[ 'l_linenumber' ],
          4 = String[ 'l_quantity' ],
          5 = String[ 'l_extendedprice' ],
          6 = String[ 'l_discount' ],
          7 = String[ 'l_tax' ],
          8 = String[ 'l_returnflag' ],
          9 = String[ 'l_linestatus' ],
          10 = String[ 'l_shipdate' ],
          11 = String[ 'l_commitdate' ],
          12 = String[ 'l_receiptdate' ],
          13 = String[ 'l_shipinstruct' ],
          14 = String[ 'l_shipmode' ],
          15 = String[ 'l_comment' ]
        }
      }
    }
  },
  jointree = FromExpr  = {
    fromlist = List with 1 elements = {
      0 = JoinExpr {jointype: JOIN_ANTI, isNatural: false, rtindex: 0} = {
        larg = JoinExpr {jointype: JOIN_SEMI, isNatural: false, rtindex: 0} = {
          larg = FromExpr  = {
            fromlist = List with 4 elements = {
              0 = RangeTblRef rtindex: 1,
              1 = RangeTblRef rtindex: 2,
              2 = RangeTblRef rtindex: 3,
              3 = RangeTblRef rtindex: 4
            },
            quals = List with 6 elements = {
              0 = OpExpr {opno: 96, opfuncid: 65, opresulttype: 16, opretset: false, opcollid: 0, inputcollid: 0, location: 108} = {
                args = List with 2 elements = {
                  0 = Var {varno: 1, varattno: 1, vartype: 23, vartypmod: -1, varcollid: 0, varlevelsup: 0, varnosyn: 1, varattnosyn: 1, location: 98},
                  1 = Var {varno: 2, varattno: 3, vartype: 23, vartypmod: -1, varcollid: 0, varlevelsup: 0, varnosyn: 2, varattnosyn: 3, location: 110}
                }
              },
              1 = OpExpr {opno: 96, opfuncid: 65, opresulttype: 16, opretset: false, opcollid: 0, inputcollid: 0, location: 140} = {
                args = List with 2 elements = {
                  0 = Var {varno: 3, varattno: 1, vartype: 23, vartypmod: -1, varcollid: 0, varlevelsup: 0, varnosyn: 3, varattnosyn: 1, location: 129},
                  1 = Var {varno: 2, varattno: 1, vartype: 23, vartypmod: -1, varcollid: 0, varlevelsup: 0, varnosyn: 2, varattnosyn: 1, location: 142}
                }
              },
              2 = OpExpr {opno: 1054, opfuncid: 1048, opresulttype: 16, opretset: false, opcollid: 0, inputcollid: 100, location: 176} = {
                args = List with 2 elements = {
                  0 = Var {varno: 3, varattno: 3, vartype: 1042, vartypmod: 5, varcollid: 100, varlevelsup: 0, varnosyn: 3, varattnosyn: 3, location: 162},
                  1 = Const {consttype: 1042, consttypmod: -1, constcollid: 100, constlen: -1, constvalue: 94501922245672, constisnull: false, constbyval: false, location: 178}
                }
              },
              3 = OpExpr {opno: 1097, opfuncid: 1089, opresulttype: 16, opretset: false, opcollid: 0, inputcollid: 0, location: 205} = {
                args = List with 2 elements = {
                  0 = Var {varno: 2, varattno: 13, vartype: 1082, vartypmod: -1, varcollid: 0, varlevelsup: 0, varnosyn: 2, varattnosyn: 13, location: 188},
                  1 = Var {varno: 2, varattno: 12, vartype: 1082, vartypmod: -1, varcollid: 0, varlevelsup: 0, varnosyn: 2, varattnosyn: 12, location: 207}
                }
              },
              4 = OpExpr {opno: 96, opfuncid: 65, opresulttype: 16, opretset: false, opcollid: 0, inputcollid: 0, location: 590} = {
                args = List with 2 elements = {
                  0 = Var {varno: 1, varattno: 4, vartype: 23, vartypmod: -1, varcollid: 0, varlevelsup: 0, varnosyn: 1, varattnosyn: 4, location: 578},
                  1 = Var {varno: 4, varattno: 1, vartype: 23, vartypmod: -1, varcollid: 0, varlevelsup: 0, varnosyn: 4, varattnosyn: 1, location: 592}
                }
              },
              5 = OpExpr {opno: 1054, opfuncid: 1048, opresulttype: 16, opretset: false, opcollid: 0, inputcollid: 100, location: 617} = {
                args = List with 2 elements = {
                  0 = Var {varno: 4, varattno: 2, vartype: 1042, vartypmod: 29, varcollid: 100, varlevelsup: 0, varnosyn: 4, varattnosyn: 2, location: 610},
                  1 = Const {consttype: 1042, consttypmod: -1, constcollid: 100, constlen: -1, constvalue: 94501921736888, constisnull: false, constbyval: false, location: 619}
                }
              }
            }
          },
          rarg = RangeTblRef rtindex: 5,
          quals = List with 2 elements = {
            0 = OpExpr {opno: 96, opfuncid: 65, opresulttype: 16, opretset: false, opcollid: 0, inputcollid: 0, location: 314} = {
              args = List with 2 elements = {
                0 = Var {varno: 5, varattno: 1, vartype: 23, vartypmod: -1, varcollid: 0, varlevelsup: 0, varnosyn: 5, varattnosyn: 1, location: 300},
                1 = Var {varno: 2, varattno: 1, vartype: 23, vartypmod: -1, varcollid: 0, varlevelsup: 0, varnosyn: 2, varattnosyn: 1, location: 316}
              }
            },
            1 = OpExpr {opno: 518, opfuncid: 144, opresulttype: 16, opretset: false, opcollid: 0, inputcollid: 0, location: 353} = {
              args = List with 2 elements = {
                0 = Var {varno: 5, varattno: 3, vartype: 23, vartypmod: -1, varcollid: 0, varlevelsup: 0, varnosyn: 5, varattnosyn: 3, location: 340},
                1 = Var {varno: 2, varattno: 3, vartype: 23, vartypmod: -1, varcollid: 0, varlevelsup: 0, varnosyn: 2, varattnosyn: 3, location: 356}
              }
            }
          }
        },
        rarg = RangeTblRef rtindex: 6,
        quals = List with 3 elements = {
          0 = OpExpr {opno: 96, opfuncid: 65, opresulttype: 16, opretset: false, opcollid: 0, inputcollid: 0, location: 468} = {
            args = List with 2 elements = {
              0 = Var {varno: 6, varattno: 1, vartype: 23, vartypmod: -1, varcollid: 0, varlevelsup: 0, varnosyn: 6, varattnosyn: 1, location: 454},
              1 = Var {varno: 2, varattno: 1, vartype: 23, vartypmod: -1, varcollid: 0, varlevelsup: 0, varnosyn: 2, varattnosyn: 1, location: 470}
            }
          },
          1 = OpExpr {opno: 518, opfuncid: 144, opresulttype: 16, opretset: false, opcollid: 0, inputcollid: 0, location: 507} = {
            args = List with 2 elements = {
              0 = Var {varno: 6, varattno: 3, vartype: 23, vartypmod: -1, varcollid: 0, varlevelsup: 0, varnosyn: 6, varattnosyn: 3, location: 494},
              1 = Var {varno: 2, varattno: 3, vartype: 23, vartypmod: -1, varcollid: 0, varlevelsup: 0, varnosyn: 2, varattnosyn: 3, location: 510}
            }
          },
          2 = OpExpr {opno: 1097, opfuncid: 1089, opresulttype: 16, opretset: false, opcollid: 0, inputcollid: 0, location: 550} = {
            args = List with 2 elements = {
              0 = Var {varno: 6, varattno: 13, vartype: 1082, vartypmod: -1, varcollid: 0, varlevelsup: 0, varnosyn: 6, varattnosyn: 13, location: 533},
              1 = Var {varno: 6, varattno: 12, vartype: 1082, vartypmod: -1, varcollid: 0, varlevelsup: 0, varnosyn: 6, varattnosyn: 12, location: 552}
            }
          }
        }
      }
    }
  },
  targetList = List with 2 elements = {
    0 = TargetEntry {resno: 1, resname: 's_name', ressortgroupref: 2, resorigtbl: 270666, resorigcol: 2, resjunk: false} = {
      expr = Var {varno: 1, varattno: 2, vartype: 1042, vartypmod: 29, varcollid: 100, varlevelsup: 0, varnosyn: 1, varattnosyn: 2, location: 9}
    },
    1 = TargetEntry {resno: 2, resname: 'numwait', ressortgroupref: 1, resorigtbl: 0, resorigcol: 0, resjunk: false} = {
      expr = Aggref {aggfnoid: 2803, aggtype: 20, aggcollid: 0, inputcollid: 0, aggtranstype: 20, aggtrantype: 0, agghas_collectfn: false, rank_first: false, aggstar: true, aggvariadic: false, aggkind: 110 'n', agglevelsup: 0, aggsplit: AGGSPLIT_SIMPLE, location: 19}
    }
  },
  groupClause = List with 1 elements = {
    0 = SortGroupClause {tleSortGroupRef: 2, eqop: 1054, sortop: 1058, nulls_first: false, hashable: true}
  },
  sortClause = List with 2 elements = {
    0 = SortGroupClause {tleSortGroupRef: 1, eqop: 410, sortop: 413, nulls_first: true, hashable: true},
    1 = SortGroupClause {tleSortGroupRef: 2, eqop: 1054, sortop: 1058, nulls_first: false, hashable: true}
  },
  limitCount = Const {consttype: 20, consttypmod: -1, constcollid: 0, constlen: 8, constvalue: 100, constisnull: false, constbyval: true, location: -1}
}
$62 = LimitPath T_Limit (cost=1081.24..1081.24 rows=1 parallel_aware=False parallel_safe=False parallel_workers=0) limitOption: LIMIT_OPTION_COUNT = {
  path.parent = (b),
  path.pathtarget = PathTarget {cost: (0.00..0.00), width: 112} = {
    sortgrouprefs = [2, 1],
    exprs = List with 2 elements = {
      0 = Var {varno: 1, varattno: 2, vartype: 1042, vartypmod: 29, varcollid: 100, varlevelsup: 0, varnosyn: 1, varattnosyn: 2, location: 9},
      1 = Aggref {aggfnoid: 2803, aggtype: 20, aggcollid: 0, inputcollid: 0, aggtranstype: 20, aggtrantype: 0, agghas_collectfn: false, rank_first: false, aggstar: true, aggvariadic: false, aggkind: 110 'n', agglevelsup: 0, aggsplit: AGGSPLIT_SIMPLE, location: 19}
    },
    as_loc_list = IntList with 2 elements = {-1, 31},
    expr_loc_list = IntList with 2 elements = {9, 19},
    expr_len_list = IntList with 2 elements = {-1, 9},
    expr_type_list = IntList with 2 elements = {398, 405}
  },
  path.pathkeys = List with 2 elements = {
    0 = PathKey {pk_opfamily: 1976, pk_strategy: 5, pk_nulls_first: true} = {
      pk_eclass = EquivalenceClass {ec_collation: 0, ec_relids: (b), ec_has_const: false, ec_has_volatile: false, ec_broken: false, ec_sortref: 1, ec_min_security: 4294967295, ec_max_security: 0} = {
        ec_opfamilies = OidList with 1 elements = {1976},
        ec_members = List with 1 elements = {
          0 = EquivalenceMember {em_relids: (b), em_is_const: false, em_is_child: false, em_datatype: 20} = {
            em_expr = Aggref {aggfnoid: 2803, aggtype: 20, aggcollid: 0, inputcollid: 0, aggtranstype: 20, aggtrantype: 0, agghas_collectfn: false, rank_first: false, aggstar: true, aggvariadic: false, aggkind: 110 'n', agglevelsup: 0, aggsplit: AGGSPLIT_SIMPLE, location: 19}
          }
        }
      }
    },
    1 = PathKey {pk_opfamily: 426, pk_strategy: 1, pk_nulls_first: false} = {
      pk_eclass = EquivalenceClass {ec_collation: 100, ec_relids: (b 1), ec_has_const: false, ec_has_volatile: false, ec_broken: false, ec_sortref: 2, ec_min_security: 4294967295, ec_max_security: 0} = {
        ec_opfamilies = OidList with 2 elements = {426, 2097},
        ec_members = List with 1 elements = {
          0 = EquivalenceMember {em_relids: (b 1), em_is_const: false, em_is_child: false, em_datatype: 1042} = {
            em_expr = Var {varno: 1, varattno: 2, vartype: 1042, vartypmod: 29, varcollid: 100, varlevelsup: 0, varnosyn: 1, varattnosyn: 2, location: 9}
          }
        }
      }
    }
  },
  subpath = SortPath T_Sort (cost=1081.24..1081.24 rows=1 parallel_aware=False parallel_safe=False parallel_workers=0)  = {
    path.parent = (b),
    path.pathtarget = PathTarget {cost: (0.00..0.00), width: 112} = {
      sortgrouprefs = [2, 1],
      exprs = List with 2 elements = {
        0 = Var {varno: 1, varattno: 2, vartype: 1042, vartypmod: 29, varcollid: 100, varlevelsup: 0, varnosyn: 1, varattnosyn: 2, location: 9},
        1 = Aggref {aggfnoid: 2803, aggtype: 20, aggcollid: 0, inputcollid: 0, aggtranstype: 20, aggtrantype: 0, agghas_collectfn: false, rank_first: false, aggstar: true, aggvariadic: false, aggkind: 110 'n', agglevelsup: 0, aggsplit: AGGSPLIT_SIMPLE, location: 19}
      },
      as_loc_list = IntList with 2 elements = {-1, 31},
      expr_loc_list = IntList with 2 elements = {9, 19},
      expr_len_list = IntList with 2 elements = {-1, 9},
      expr_type_list = IntList with 2 elements = {398, 405}
    },
    path.pathkeys = List with 2 elements = {
      0 = PathKey {pk_opfamily: 1976, pk_strategy: 5, pk_nulls_first: true} = {
        pk_eclass = EquivalenceClass {ec_collation: 0, ec_relids: (b), ec_has_const: false, ec_has_volatile: false, ec_broken: false, ec_sortref: 1, ec_min_security: 4294967295, ec_max_security: 0} = {
          ec_opfamilies = OidList with 1 elements = {1976},
          ec_members = List with 1 elements = {
            0 = EquivalenceMember {em_relids: (b), em_is_const: false, em_is_child: false, em_datatype: 20} = {
              em_expr = Aggref {aggfnoid: 2803, aggtype: 20, aggcollid: 0, inputcollid: 0, aggtranstype: 20, aggtrantype: 0, agghas_collectfn: false, rank_first: false, aggstar: true, aggvariadic: false, aggkind: 110 'n', agglevelsup: 0, aggsplit: AGGSPLIT_SIMPLE, location: 19}
            }
          }
        }
      },
      1 = PathKey {pk_opfamily: 426, pk_strategy: 1, pk_nulls_first: false} = {
        pk_eclass = EquivalenceClass {ec_collation: 100, ec_relids: (b 1), ec_has_const: false, ec_has_volatile: false, ec_broken: false, ec_sortref: 2, ec_min_security: 4294967295, ec_max_security: 0} = {
          ec_opfamilies = OidList with 2 elements = {426, 2097},
          ec_members = List with 1 elements = {
            0 = EquivalenceMember {em_relids: (b 1), em_is_const: false, em_is_child: false, em_datatype: 1042} = {
              em_expr = Var {varno: 1, varattno: 2, vartype: 1042, vartypmod: 29, varcollid: 100, varlevelsup: 0, varnosyn: 1, varattnosyn: 2, location: 9}
            }
          }
        }
      }
    },
    subpath = AggPath T_Agg (cost=1081.21..1081.23 rows=1 parallel_aware=False parallel_safe=False parallel_workers=0) {aggstrategy: AGG_SORTED, aggsplit: AGGSPLIT_SIMPLE, numGroups: 1, transitionSpace: 0} = {
      path.parent = (b),
      path.pathtarget = PathTarget {cost: (0.00..0.00), width: 112} = {
        sortgrouprefs = [2, 1],
        exprs = List with 2 elements = {
          0 = Var {varno: 1, varattno: 2, vartype: 1042, vartypmod: 29, varcollid: 100, varlevelsup: 0, varnosyn: 1, varattnosyn: 2, location: 9},
          1 = Aggref {aggfnoid: 2803, aggtype: 20, aggcollid: 0, inputcollid: 0, aggtranstype: 20, aggtrantype: 0, agghas_collectfn: false, rank_first: false, aggstar: true, aggvariadic: false, aggkind: 110 'n', agglevelsup: 0, aggsplit: AGGSPLIT_SIMPLE, location: 19}
        },
        as_loc_list = IntList with 2 elements = {-1, 31},
        expr_loc_list = IntList with 2 elements = {9, 19},
        expr_len_list = IntList with 2 elements = {-1, 9},
        expr_type_list = IntList with 2 elements = {398, 405}
      },
      path.pathkeys = List with 1 elements = {
        0 = PathKey {pk_opfamily: 426, pk_strategy: 1, pk_nulls_first: false} = {
          pk_eclass = EquivalenceClass {ec_collation: 100, ec_relids: (b 1), ec_has_const: false, ec_has_volatile: false, ec_broken: false, ec_sortref: 2, ec_min_security: 4294967295, ec_max_security: 0} = {
            ec_opfamilies = OidList with 2 elements = {426, 2097},
            ec_members = List with 1 elements = {
              0 = EquivalenceMember {em_relids: (b 1), em_is_const: false, em_is_child: false, em_datatype: 1042} = {
                em_expr = Var {varno: 1, varattno: 2, vartype: 1042, vartypmod: 29, varcollid: 100, varlevelsup: 0, varnosyn: 1, varattnosyn: 2, location: 9}
              }
            }
          }
        }
      },
      subpath = SortPath T_Sort (cost=1081.21..1081.21 rows=1 parallel_aware=False parallel_safe=False parallel_workers=0)  = {
        path.parent = (b),
        path.pathtarget = PathTarget {cost: (0.00..0.00), width: 104} = {
          sortgrouprefs = [2],
          exprs = List with 1 elements = {
            0 = Var {varno: 1, varattno: 2, vartype: 1042, vartypmod: 29, varcollid: 100, varlevelsup: 0, varnosyn: 1, varattnosyn: 2, location: 9}
          }
        },
        path.pathkeys = List with 1 elements = {
          0 = PathKey {pk_opfamily: 426, pk_strategy: 1, pk_nulls_first: false} = {
            pk_eclass = EquivalenceClass {ec_collation: 100, ec_relids: (b 1), ec_has_const: false, ec_has_volatile: false, ec_broken: false, ec_sortref: 2, ec_min_security: 4294967295, ec_max_security: 0} = {
              ec_opfamilies = OidList with 2 elements = {426, 2097},
              ec_members = List with 1 elements = {
                0 = EquivalenceMember {em_relids: (b 1), em_is_const: false, em_is_child: false, em_datatype: 1042} = {
                  em_expr = Var {varno: 1, varattno: 2, vartype: 1042, vartypmod: 29, varcollid: 100, varlevelsup: 0, varnosyn: 1, varattnosyn: 2, location: 9}
                }
              }
            }
          }
        },
        subpath = JoinPath T_NestLoop (cost=0.00..1081.20 rows=1 parallel_aware=False parallel_safe=False parallel_workers=0) {jointype: JOIN_ANTI, inner_unique: false} = {
          path.parent = (b 1 2 3 4 5 6),
          path.pathtarget = PathTarget {cost: (0.00..0.00), width: 104} = {
            sortgrouprefs = [2],
            exprs = List with 1 elements = {
              0 = Var {varno: 1, varattno: 2, vartype: 1042, vartypmod: 29, varcollid: 100, varlevelsup: 0, varnosyn: 1, varattnosyn: 2, location: 9}
            }
          },
          outerjoinpath = JoinPath T_NestLoop (cost=0.00..890.37 rows=1 parallel_aware=False parallel_safe=False parallel_workers=0) {jointype: JOIN_SEMI, inner_unique: false} = {
            path.parent = (b 1 2 3 4 5),
            path.pathtarget = PathTarget {cost: (0.00..0.00), width: 112} = {
              exprs = List with 3 elements = {
                0 = Var {varno: 1, varattno: 2, vartype: 1042, vartypmod: 29, varcollid: 100, varlevelsup: 0, varnosyn: 1, varattnosyn: 2, location: 9},
                1 = Var {varno: 2, varattno: 3, vartype: 23, vartypmod: -1, varcollid: 0, varlevelsup: 0, varnosyn: 2, varattnosyn: 3, location: 110},
                2 = Var {varno: 2, varattno: 1, vartype: 23, vartypmod: -1, varcollid: 0, varlevelsup: 0, varnosyn: 2, varattnosyn: 1, location: 142}
              }
            },
            outerjoinpath = JoinPath T_NestLoop (cost=0.00..699.36 rows=1 parallel_aware=False parallel_safe=False parallel_workers=0) {jointype: JOIN_INNER, inner_unique: false} = {
              path.parent = (b 1 2 3 4),
              path.pathtarget = PathTarget {cost: (0.00..0.00), width: 116} = {
                exprs = List with 4 elements = {
                  0 = Var {varno: 1, varattno: 2, vartype: 1042, vartypmod: 29, varcollid: 100, varlevelsup: 0, varnosyn: 1, varattnosyn: 2, location: 9},
                  1 = Var {varno: 2, varattno: 3, vartype: 23, vartypmod: -1, varcollid: 0, varlevelsup: 0, varnosyn: 2, varattnosyn: 3, location: 110},
                  2 = Var {varno: 2, varattno: 1, vartype: 23, vartypmod: -1, varcollid: 0, varlevelsup: 0, varnosyn: 2, varattnosyn: 1, location: 142},
                  3 = Var {varno: 3, varattno: 1, vartype: 23, vartypmod: -1, varcollid: 0, varlevelsup: 0, varnosyn: 3, varattnosyn: 1, location: 129}
                }
              },
              outerjoinpath = JoinPath T_NestLoop (cost=0.00..535.92 rows=1 parallel_aware=False parallel_safe=False parallel_workers=0) {jointype: JOIN_INNER, inner_unique: false} = {
                path.parent = (b 1 2 3),
                path.pathtarget = PathTarget {cost: (0.00..0.00), width: 120} = {
                  exprs = List with 5 elements = {
                    0 = Var {varno: 1, varattno: 2, vartype: 1042, vartypmod: 29, varcollid: 100, varlevelsup: 0, varnosyn: 1, varattnosyn: 2, location: 9},
                    1 = Var {varno: 1, varattno: 4, vartype: 23, vartypmod: -1, varcollid: 0, varlevelsup: 0, varnosyn: 1, varattnosyn: 4, location: 578},
                    2 = Var {varno: 2, varattno: 3, vartype: 23, vartypmod: -1, varcollid: 0, varlevelsup: 0, varnosyn: 2, varattnosyn: 3, location: 110},
                    3 = Var {varno: 2, varattno: 1, vartype: 23, vartypmod: -1, varcollid: 0, varlevelsup: 0, varnosyn: 2, varattnosyn: 1, location: 142},
                    4 = Var {varno: 3, varattno: 1, vartype: 23, vartypmod: -1, varcollid: 0, varlevelsup: 0, varnosyn: 3, varattnosyn: 1, location: 129}
                  }
                },
                outerjoinpath = JoinPath T_NestLoop (cost=0.00..390.30 rows=1 parallel_aware=False parallel_safe=False parallel_workers=0) {jointype: JOIN_INNER, inner_unique: false} = {
                  path.parent = (b 2 3),
                  path.pathtarget = PathTarget {cost: (0.00..0.00), width: 12} = {
                    exprs = List with 3 elements = {
                      0 = Var {varno: 2, varattno: 3, vartype: 23, vartypmod: -1, varcollid: 0, varlevelsup: 0, varnosyn: 2, varattnosyn: 3, location: 110},
                      1 = Var {varno: 2, varattno: 1, vartype: 23, vartypmod: -1, varcollid: 0, varlevelsup: 0, varnosyn: 2, varattnosyn: 1, location: 142},
                      2 = Var {varno: 3, varattno: 1, vartype: 23, vartypmod: -1, varcollid: 0, varlevelsup: 0, varnosyn: 3, varattnosyn: 1, location: 129}
                    }
                  },
                  outerjoinpath = RemoteQueryPath T_RemoteQuery (cost=0.00..199.53 rows=1 parallel_aware=False parallel_safe=False parallel_workers=0) {jointype: JOIN_INNER, rqhas_unshippable_qual: false, rqhas_temp_rel: false, rqhas_unshippable_tlist: false} = {
                    path.parent = (b 3),
                    path.pathtarget = PathTarget {cost: (0.00..0.00), width: 4} = {
                      exprs = List with 1 elements = {
                        0 = Var {varno: 3, varattno: 1, vartype: 23, vartypmod: -1, varcollid: 0, varlevelsup: 0, varnosyn: 3, varattnosyn: 1, location: 129}
                      }
                    },
                    rqpath_en = ExecNodes {accesstype: RELATION_ACCESS_READ, baselocatortype: 72 'H', en_relid: 0, en_funcid: 0} = {
                      en_dist_vars = List with 1 elements = {
                        0 = Var {varno: 3, varattno: 1, vartype: 23, vartypmod: -1, varcollid: 0, varlevelsup: 0, varnosyn: 3, varattnosyn: 1, location: 129}
                      },
                      nodeids = OidList with 3 elements = {16386, 16387, 16388}
                    }
                  },
                  innerjoinpath = RemoteQueryPath T_RemoteQuery (cost=0.00..190.50 rows=22 parallel_aware=False parallel_safe=False parallel_workers=0) {jointype: JOIN_INNER, rqhas_unshippable_qual: false, rqhas_temp_rel: false, rqhas_unshippable_tlist: false} = {
                    path.parent = (b 2),
                    path.pathtarget = PathTarget {cost: (0.00..0.00), width: 8} = {
                      exprs = List with 2 elements = {
                        0 = Var {varno: 2, varattno: 3, vartype: 23, vartypmod: -1, varcollid: 0, varlevelsup: 0, varnosyn: 2, varattnosyn: 3, location: 110},
                        1 = Var {varno: 2, varattno: 1, vartype: 23, vartypmod: -1, varcollid: 0, varlevelsup: 0, varnosyn: 2, varattnosyn: 1, location: 142}
                      }
                    },
                    rqpath_en = ExecNodes {accesstype: RELATION_ACCESS_READ, baselocatortype: 72 'H', en_relid: 0, en_funcid: 0} = {
                      en_dist_vars = List with 1 elements = {
                        0 = Var {varno: 2, varattno: 1, vartype: 23, vartypmod: -1, varcollid: 0, varlevelsup: 0, varnosyn: 2, varattnosyn: 1, location: 142}
                      },
                      nodeids = OidList with 3 elements = {16386, 16387, 16388}
                    }
                  },
                  joinrestrictinfo = List with 1 elements = {
                    0 = RestrictInfo {is_pushed_down: true, outerjoin_delayed: false, can_join: true, pseudoconstant: false, leakproof: false, security_level: 0, clause_relids: (b 2 3), required_relids: (b 2 3), outer_relids: (b), nullable_relids: (b), left_relids: (b 2), right_relids: (b 3), eval_cost: (0.00..0.00), norm_selec: 0.0050, outer_selec: -1.0000, outer_is_left: false, hashjoinoperator: 96, left_bucketsize: 0.1000, right_bucketsize: 0.1000, left_mcvfreq: 0.0000, right_mcvfreq: 0.0000} = {
                      clause = OpExpr {opno: 96, opfuncid: 65, opresulttype: 16, opretset: false, opcollid: 0, inputcollid: 0, location: -1} = {
                        args = List with 2 elements = {
                          0 = Var {varno: 2, varattno: 1, vartype: 23, vartypmod: -1, varcollid: 0, varlevelsup: 0, varnosyn: 2, varattnosyn: 1, location: 142},
                          1 = Var {varno: 3, varattno: 1, vartype: 23, vartypmod: -1, varcollid: 0, varlevelsup: 0, varnosyn: 3, varattnosyn: 1, location: 129}
                        }
                      },
                      mergeopfamilies = OidList with 1 elements = {1976},
                      left_em = EquivalenceMember {em_relids: (b 2), em_is_const: false, em_is_child: false, em_datatype: 23} = {
                        em_expr = Var {varno: 2, varattno: 1, vartype: 23, vartypmod: -1, varcollid: 0, varlevelsup: 0, varnosyn: 2, varattnosyn: 1, location: 142}
                      },
                      right_em = EquivalenceMember {em_relids: (b 3), em_is_const: false, em_is_child: false, em_datatype: 23} = {
                        em_expr = Var {varno: 3, varattno: 1, vartype: 23, vartypmod: -1, varcollid: 0, varlevelsup: 0, varnosyn: 3, varattnosyn: 1, location: 129}
                      }
                    }
                  }
                },
                innerjoinpath = RemoteQueryPath T_RemoteQuery (cost=0.00..145.00 rows=50 parallel_aware=False parallel_safe=False parallel_workers=0) {jointype: JOIN_INNER, rqhas_unshippable_qual: false, rqhas_temp_rel: false, rqhas_unshippable_tlist: false} = {
                  path.parent = (b 1),
                  path.pathtarget = PathTarget {cost: (0.00..0.00), width: 112} = {
                    exprs = List with 3 elements = {
                      0 = Var {varno: 1, varattno: 2, vartype: 1042, vartypmod: 29, varcollid: 100, varlevelsup: 0, varnosyn: 1, varattnosyn: 2, location: 9},
                      1 = Var {varno: 1, varattno: 1, vartype: 23, vartypmod: -1, varcollid: 0, varlevelsup: 0, varnosyn: 1, varattnosyn: 1, location: 98},
                      2 = Var {varno: 1, varattno: 4, vartype: 23, vartypmod: -1, varcollid: 0, varlevelsup: 0, varnosyn: 1, varattnosyn: 4, location: 578}
                    }
                  },
                  rqpath_en = ExecNodes {accesstype: RELATION_ACCESS_READ, baselocatortype: 72 'H', en_relid: 0, en_funcid: 0} = {
                    en_dist_vars = List with 1 elements = {
                      0 = Var {varno: 1, varattno: 1, vartype: 23, vartypmod: -1, varcollid: 0, varlevelsup: 0, varnosyn: 1, varattnosyn: 1, location: 98}
                    },
                    nodeids = OidList with 3 elements = {16386, 16387, 16388}
                  }
                },
                joinrestrictinfo = List with 1 elements = {
                  0 = RestrictInfo {is_pushed_down: true, outerjoin_delayed: false, can_join: true, pseudoconstant: false, leakproof: false, security_level: 0, clause_relids: (b 1 2), required_relids: (b 1 2), outer_relids: (b), nullable_relids: (b), left_relids: (b 2), right_relids: (b 1), eval_cost: (0.00..0.00), norm_selec: 0.0050, outer_selec: -1.0000, outer_is_left: false, hashjoinoperator: 96, left_bucketsize: 0.1000, right_bucketsize: 0.0200, left_mcvfreq: 0.0000, right_mcvfreq: 0.0000} = {
                    clause = OpExpr {opno: 96, opfuncid: 65, opresulttype: 16, opretset: false, opcollid: 0, inputcollid: 0, location: -1} = {
                      args = List with 2 elements = {
                        0 = Var {varno: 2, varattno: 3, vartype: 23, vartypmod: -1, varcollid: 0, varlevelsup: 0, varnosyn: 2, varattnosyn: 3, location: 110},
                        1 = Var {varno: 1, varattno: 1, vartype: 23, vartypmod: -1, varcollid: 0, varlevelsup: 0, varnosyn: 1, varattnosyn: 1, location: 98}
                      }
                    },
                    mergeopfamilies = OidList with 1 elements = {1976},
                    left_em = EquivalenceMember {em_relids: (b 2), em_is_const: false, em_is_child: false, em_datatype: 23} = {
                      em_expr = Var {varno: 2, varattno: 3, vartype: 23, vartypmod: -1, varcollid: 0, varlevelsup: 0, varnosyn: 2, varattnosyn: 3, location: 110}
                    },
                    right_em = EquivalenceMember {em_relids: (b 1), em_is_const: false, em_is_child: false, em_datatype: 23} = {
                      em_expr = Var {varno: 1, varattno: 1, vartype: 23, vartypmod: -1, varcollid: 0, varlevelsup: 0, varnosyn: 1, varattnosyn: 1, location: 98}
                    }
                  }
                }
              },
              innerjoinpath = RemoteQueryPath T_RemoteQuery (cost=0.00..163.42 rows=1 parallel_aware=False parallel_safe=False parallel_workers=0) {jointype: JOIN_INNER, rqhas_unshippable_qual: false, rqhas_temp_rel: false, rqhas_unshippable_tlist: false} = {
                path.parent = (b 4),
                path.pathtarget = PathTarget {cost: (0.00..0.00), width: 4} = {
                  exprs = List with 1 elements = {
                    0 = Var {varno: 4, varattno: 1, vartype: 23, vartypmod: -1, varcollid: 0, varlevelsup: 0, varnosyn: 4, varattnosyn: 1, location: 592}
                  }
                },
                rqpath_en = ExecNodes {accesstype: RELATION_ACCESS_READ, baselocatortype: 72 'H', en_relid: 0, en_funcid: 0} = {
                  en_dist_vars = List with 1 elements = {
                    0 = Var {varno: 4, varattno: 1, vartype: 23, vartypmod: -1, varcollid: 0, varlevelsup: 0, varnosyn: 4, varattnosyn: 1, location: 592}
                  },
                  nodeids = OidList with 3 elements = {16386, 16387, 16388}
                }
              },
              joinrestrictinfo = List with 1 elements = {
                0 = RestrictInfo {is_pushed_down: true, outerjoin_delayed: false, can_join: true, pseudoconstant: false, leakproof: false, security_level: 0, clause_relids: (b 1 4), required_relids: (b 1 4), outer_relids: (b), nullable_relids: (b), left_relids: (b 1), right_relids: (b 4), eval_cost: (0.00..0.00), norm_selec: 0.0059, outer_selec: -1.0000, outer_is_left: false, hashjoinoperator: 96, left_bucketsize: 0.0200, right_bucketsize: 1.0000, left_mcvfreq: 0.0000, right_mcvfreq: 0.0000} = {
                  clause = OpExpr {opno: 96, opfuncid: 65, opresulttype: 16, opretset: false, opcollid: 0, inputcollid: 0, location: -1} = {
                    args = List with 2 elements = {
                      0 = Var {varno: 1, varattno: 4, vartype: 23, vartypmod: -1, varcollid: 0, varlevelsup: 0, varnosyn: 1, varattnosyn: 4, location: 578},
                      1 = Var {varno: 4, varattno: 1, vartype: 23, vartypmod: -1, varcollid: 0, varlevelsup: 0, varnosyn: 4, varattnosyn: 1, location: 592}
                    }
                  },
                  mergeopfamilies = OidList with 1 elements = {1976},
                  left_em = EquivalenceMember {em_relids: (b 1), em_is_const: false, em_is_child: false, em_datatype: 23} = {
                    em_expr = Var {varno: 1, varattno: 4, vartype: 23, vartypmod: -1, varcollid: 0, varlevelsup: 0, varnosyn: 1, varattnosyn: 4, location: 578}
                  },
                  right_em = EquivalenceMember {em_relids: (b 4), em_is_const: false, em_is_child: false, em_datatype: 23} = {
                    em_expr = Var {varno: 4, varattno: 1, vartype: 23, vartypmod: -1, varcollid: 0, varlevelsup: 0, varnosyn: 4, varattnosyn: 1, location: 592}
                  }
                }
              }
            },
            innerjoinpath = RemoteQueryPath T_RemoteQuery (cost=0.00..190.00 rows=67 parallel_aware=False parallel_safe=False parallel_workers=0) {jointype: JOIN_INNER, rqhas_unshippable_qual: false, rqhas_temp_rel: false, rqhas_unshippable_tlist: false} = {
              path.parent = (b 5),
              path.pathtarget = PathTarget {cost: (0.00..0.00), width: 8} = {
                exprs = List with 2 elements = {
                  0 = Var {varno: 5, varattno: 1, vartype: 23, vartypmod: -1, varcollid: 0, varlevelsup: 0, varnosyn: 5, varattnosyn: 1, location: 300},
                  1 = Var {varno: 5, varattno: 3, vartype: 23, vartypmod: -1, varcollid: 0, varlevelsup: 0, varnosyn: 5, varattnosyn: 3, location: 340}
                }
              },
              rqpath_en = ExecNodes {accesstype: RELATION_ACCESS_READ, baselocatortype: 72 'H', en_relid: 0, en_funcid: 0} = {
                en_dist_vars = List with 1 elements = {
                  0 = Var {varno: 5, varattno: 1, vartype: 23, vartypmod: -1, varcollid: 0, varlevelsup: 0, varnosyn: 5, varattnosyn: 1, location: 300}
                },
                nodeids = OidList with 3 elements = {16386, 16387, 16388}
              }
            },
            joinrestrictinfo = List with 2 elements = {
              0 = RestrictInfo {is_pushed_down: true, outerjoin_delayed: false, can_join: true, pseudoconstant: false, leakproof: false, security_level: 0, clause_relids: (b 2 5), required_relids: (b 2 5), outer_relids: (b), nullable_relids: (b), left_relids: (b 5), right_relids: (b 2), eval_cost: (0.00..0.00), norm_selec: 0.9950, outer_selec: 1.0000, outer_is_left: false, hashjoinoperator: 0, left_bucketsize: -1.0000, right_bucketsize: -1.0000, left_mcvfreq: -1.0000, right_mcvfreq: -1.0000} = {
                clause = OpExpr {opno: 518, opfuncid: 144, opresulttype: 16, opretset: false, opcollid: 0, inputcollid: 0, location: 353} = {
                  args = List with 2 elements = {
                    0 = Var {varno: 5, varattno: 3, vartype: 23, vartypmod: -1, varcollid: 0, varlevelsup: 0, varnosyn: 5, varattnosyn: 3, location: 340},
                    1 = Var {varno: 2, varattno: 3, vartype: 23, vartypmod: -1, varcollid: 0, varlevelsup: 0, varnosyn: 2, varattnosyn: 3, location: 356}
                  }
                }
              },
              1 = RestrictInfo {is_pushed_down: true, outerjoin_delayed: false, can_join: true, pseudoconstant: false, leakproof: false, security_level: 0, clause_relids: (b 3 5), required_relids: (b 3 5), outer_relids: (b), nullable_relids: (b), left_relids: (b 3), right_relids: (b 5), eval_cost: (0.00..0.00), norm_selec: 0.0050, outer_selec: 0.3350, outer_is_left: true, hashjoinoperator: 96, left_bucketsize: -1.0000, right_bucketsize: 0.1000, left_mcvfreq: -1.0000, right_mcvfreq: 0.0000} = {
                clause = OpExpr {opno: 96, opfuncid: 65, opresulttype: 16, opretset: false, opcollid: 0, inputcollid: 0, location: -1} = {
                  args = List with 2 elements = {
                    0 = Var {varno: 3, varattno: 1, vartype: 23, vartypmod: -1, varcollid: 0, varlevelsup: 0, varnosyn: 3, varattnosyn: 1, location: 129},
                    1 = Var {varno: 5, varattno: 1, vartype: 23, vartypmod: -1, varcollid: 0, varlevelsup: 0, varnosyn: 5, varattnosyn: 1, location: 300}
                  }
                },
                mergeopfamilies = OidList with 1 elements = {1976},
                left_em = EquivalenceMember {em_relids: (b 3), em_is_const: false, em_is_child: false, em_datatype: 23} = {
                  em_expr = Var {varno: 3, varattno: 1, vartype: 23, vartypmod: -1, varcollid: 0, varlevelsup: 0, varnosyn: 3, varattnosyn: 1, location: 129}
                },
                right_em = EquivalenceMember {em_relids: (b 5), em_is_const: false, em_is_child: false, em_datatype: 23} = {
                  em_expr = Var {varno: 5, varattno: 1, vartype: 23, vartypmod: -1, varcollid: 0, varlevelsup: 0, varnosyn: 5, varattnosyn: 1, location: 300}
                }
              }
            }
          },
          innerjoinpath = RemoteQueryPath T_RemoteQuery (cost=0.00..190.50 rows=22 parallel_aware=False parallel_safe=False parallel_workers=0) {jointype: JOIN_INNER, rqhas_unshippable_qual: false, rqhas_temp_rel: false, rqhas_unshippable_tlist: false} = {
            path.parent = (b 6),
            path.pathtarget = PathTarget {cost: (0.00..0.00), width: 8} = {
              exprs = List with 2 elements = {
                0 = Var {varno: 6, varattno: 1, vartype: 23, vartypmod: -1, varcollid: 0, varlevelsup: 0, varnosyn: 6, varattnosyn: 1, location: 454},
                1 = Var {varno: 6, varattno: 3, vartype: 23, vartypmod: -1, varcollid: 0, varlevelsup: 0, varnosyn: 6, varattnosyn: 3, location: 494}
              }
            },
            rqpath_en = ExecNodes {accesstype: RELATION_ACCESS_READ, baselocatortype: 72 'H', en_relid: 0, en_funcid: 0} = {
              en_dist_vars = List with 1 elements = {
                0 = Var {varno: 6, varattno: 1, vartype: 23, vartypmod: -1, varcollid: 0, varlevelsup: 0, varnosyn: 6, varattnosyn: 1, location: 454}
              },
              nodeids = OidList with 3 elements = {16386, 16387, 16388}
            }
          },
          joinrestrictinfo = List with 2 elements = {
            0 = RestrictInfo {is_pushed_down: false, outerjoin_delayed: false, can_join: true, pseudoconstant: false, leakproof: false, security_level: 0, clause_relids: (b 2 6), required_relids: (b 2 6), outer_relids: (b 1 2 3 4 5), nullable_relids: (b), left_relids: (b 6), right_relids: (b 2), eval_cost: (0.00..0.00), norm_selec: 0.9950, outer_selec: 1.0000, outer_is_left: false, hashjoinoperator: 0, left_bucketsize: -1.0000, right_bucketsize: -1.0000, left_mcvfreq: -1.0000, right_mcvfreq: -1.0000} = {
              clause = OpExpr {opno: 518, opfuncid: 144, opresulttype: 16, opretset: false, opcollid: 0, inputcollid: 0, location: 507} = {
                args = List with 2 elements = {
                  0 = Var {varno: 6, varattno: 3, vartype: 23, vartypmod: -1, varcollid: 0, varlevelsup: 0, varnosyn: 6, varattnosyn: 3, location: 494},
                  1 = Var {varno: 2, varattno: 3, vartype: 23, vartypmod: -1, varcollid: 0, varlevelsup: 0, varnosyn: 2, varattnosyn: 3, location: 510}
                }
              }
            },
            1 = RestrictInfo {is_pushed_down: false, outerjoin_delayed: false, can_join: true, pseudoconstant: false, leakproof: false, security_level: 0, clause_relids: (b 2 6), required_relids: (b 2 6), outer_relids: (b 1 2 3 4 5), nullable_relids: (b), left_relids: (b 6), right_relids: (b 2), eval_cost: (0.00..0.00), norm_selec: 0.0050, outer_selec: 0.1100, outer_is_left: false, hashjoinoperator: 96, left_bucketsize: 0.1000, right_bucketsize: -1.0000, left_mcvfreq: 0.0000, right_mcvfreq: -1.0000} = {
              clause = OpExpr {opno: 96, opfuncid: 65, opresulttype: 16, opretset: false, opcollid: 0, inputcollid: 0, location: 468} = {
                args = List with 2 elements = {
                  0 = Var {varno: 6, varattno: 1, vartype: 23, vartypmod: -1, varcollid: 0, varlevelsup: 0, varnosyn: 6, varattnosyn: 1, location: 454},
                  1 = Var {varno: 2, varattno: 1, vartype: 23, vartypmod: -1, varcollid: 0, varlevelsup: 0, varnosyn: 2, varattnosyn: 1, location: 470}
                }
              },
              mergeopfamilies = OidList with 1 elements = {1976}
            }
          }
        }
      },
      groupClause = List with 1 elements = {
        0 = SortGroupClause {tleSortGroupRef: 2, eqop: 1054, sortop: 1058, nulls_first: false, hashable: true}
      }
    }
  },
  limitCount = Const {consttype: 20, consttypmod: -1, constcollid: 0, constlen: 8, constvalue: 100, constisnull: false, constbyval: true, location: -1}
}

Breakpoint 2, standard_planner (parse=0x55f2f18163b0, query_string=0x55f2f1676670 "select\n  s_name,\n  count(*) as numwait\nfrom\n  supplier,\n  lineitem l1,\n  orders,\n  nation\nwhere\n  s_suppkey = l1.l_suppkey\n  and o_orderkey = l1.l_orderkey\n  and o_orderstatus = 'F'\n  and l1.l_receipt"..., cursorOptions=33024, boundParams=0x0) at /workspaces/AntDB/src/backend/optimizer/plan/planner.c:761
761		result->commandType = parse->commandType;
$63 = Limit (cost=1081.24..1081.24 rows=1 width=112 plan_id=0 parallel_aware=False parallel_safe = False) {limitOption: LIMIT_OPTION_COUNT, uniqNumCols: 0} = {
  plan.targetlist = List with 2 elements = {
    0 = TargetEntry {resno: 1, resname: 's_name', ressortgroupref: 2, resorigtbl: 270666, resorigcol: 2, resjunk: false} = {
      expr = Var {varno: 65001, varattno: 1, vartype: 1042, vartypmod: 29, varcollid: 100, varlevelsup: 0, varnosyn: 1, varattnosyn: 2, location: -1}
    },
    1 = TargetEntry {resno: 2, resname: 'numwait', ressortgroupref: 1, resorigtbl: 0, resorigcol: 0, resjunk: false} = {
      expr = Var {varno: 65001, varattno: 2, vartype: 20, vartypmod: -1, varcollid: 0, varlevelsup: 0, varnosyn: 0, varattnosyn: 0, location: -1}
    }
  },
  plan.lefttree = Sort (cost=1081.24..1081.24 rows=1 width=112 plan_id=1 parallel_aware=False parallel_safe = False) numCols: 2 = {
    sortColIdx = [2, 1],
    sortOperators = [413, 1058],
    collations = [0, 100],
    nullsFirst = [True, False],
    plan.targetlist = List with 2 elements = {
      0 = TargetEntry {resno: 1, resname: 's_name', ressortgroupref: 2, resorigtbl: 270666, resorigcol: 2, resjunk: false} = {
        expr = Var {varno: 65001, varattno: 1, vartype: 1042, vartypmod: 29, varcollid: 100, varlevelsup: 0, varnosyn: 1, varattnosyn: 2, location: -1}
      },
      1 = TargetEntry {resno: 2, resname: 'numwait', ressortgroupref: 1, resorigtbl: 0, resorigcol: 0, resjunk: false} = {
        expr = Var {varno: 65001, varattno: 2, vartype: 20, vartypmod: -1, varcollid: 0, varlevelsup: 0, varnosyn: 0, varattnosyn: 0, location: -1}
      }
    },
    plan.lefttree = Agg (cost=1081.21..1081.23 rows=1 width=112 plan_id=2 parallel_aware=False parallel_safe = False) {aggstrategy: AGG_SORTED, aggsplit: AGGSPLIT_SIMPLE, numCols: 1, numGroups: 1, transitionSpace: 0, aggParams: 0x0} = {
      grpColIdx = [1],
      grpOperators = [1054],
      grpCollations = [100],
      plan.targetlist = List with 2 elements = {
        0 = TargetEntry {resno: 1, resname: 's_name', ressortgroupref: 2, resorigtbl: 270666, resorigcol: 2, resjunk: false} = {
          expr = Var {varno: 65001, varattno: 1, vartype: 1042, vartypmod: 29, varcollid: 100, varlevelsup: 0, varnosyn: 0, varattnosyn: 0, location: -1}
        },
        1 = TargetEntry {resno: 2, resname: 'numwait', ressortgroupref: 1, resorigtbl: 0, resorigcol: 0, resjunk: false} = {
          expr = Aggref {aggfnoid: 2803, aggtype: 20, aggcollid: 0, inputcollid: 0, aggtranstype: 20, aggtrantype: 0, agghas_collectfn: false, rank_first: false, aggstar: true, aggvariadic: false, aggkind: 110 'n', agglevelsup: 0, aggsplit: AGGSPLIT_SIMPLE, location: 19}
        }
      },
      plan.lefttree = Sort (cost=1081.21..1081.21 rows=1 width=104 plan_id=3 parallel_aware=False parallel_safe = False) numCols: 1 = {
        sortColIdx = [1],
        sortOperators = [1058],
        collations = [100],
        nullsFirst = [False],
        plan.targetlist = List with 1 elements = {
          0 = TargetEntry {resno: 1, resname: 0x0, ressortgroupref: 2, resorigtbl: 0, resorigcol: 0, resjunk: false} = {
            expr = Var {varno: 65001, varattno: 1, vartype: 1042, vartypmod: 29, varcollid: 100, varlevelsup: 0, varnosyn: 1, varattnosyn: 2, location: -1}
          }
        },
        plan.lefttree = NestLoop (cost=0.00..1081.20 rows=1 width=104 plan_id=4 parallel_aware=False parallel_safe = False) {join.jointype: JOIN_ANTI, join.inner_unique: false} = {
          join.plan.targetlist = List with 1 elements = {
            0 = TargetEntry {resno: 1, resname: 0x0, ressortgroupref: 2, resorigtbl: 0, resorigcol: 0, resjunk: false} = {
              expr = Var {varno: 65001, varattno: 1, vartype: 1042, vartypmod: 29, varcollid: 100, varlevelsup: 0, varnosyn: 1, varattnosyn: 2, location: 9}
            }
          },
          join.plan.lefttree = NestLoop (cost=0.00..890.37 rows=1 width=112 plan_id=5 parallel_aware=False parallel_safe = False) {join.jointype: JOIN_SEMI, join.inner_unique: false} = {
            join.plan.targetlist = List with 3 elements = {
              0 = TargetEntry {resno: 1, resname: 0x0, ressortgroupref: 0, resorigtbl: 0, resorigcol: 0, resjunk: false} = {
                expr = Var {varno: 65001, varattno: 1, vartype: 1042, vartypmod: 29, varcollid: 100, varlevelsup: 0, varnosyn: 1, varattnosyn: 2, location: 9}
              },
              1 = TargetEntry {resno: 2, resname: 0x0, ressortgroupref: 0, resorigtbl: 0, resorigcol: 0, resjunk: false} = {
                expr = Var {varno: 65001, varattno: 2, vartype: 23, vartypmod: -1, varcollid: 0, varlevelsup: 0, varnosyn: 2, varattnosyn: 3, location: 110}
              },
              2 = TargetEntry {resno: 3, resname: 0x0, ressortgroupref: 0, resorigtbl: 0, resorigcol: 0, resjunk: false} = {
                expr = Var {varno: 65001, varattno: 3, vartype: 23, vartypmod: -1, varcollid: 0, varlevelsup: 0, varnosyn: 2, varattnosyn: 1, location: 142}
              }
            },
            join.plan.lefttree = NestLoop (cost=0.00..699.36 rows=1 width=116 plan_id=6 parallel_aware=False parallel_safe = False) {join.jointype: JOIN_INNER, join.inner_unique: false} = {
              join.plan.targetlist = List with 4 elements = {
                0 = TargetEntry {resno: 1, resname: 0x0, ressortgroupref: 0, resorigtbl: 0, resorigcol: 0, resjunk: false} = {
                  expr = Var {varno: 65001, varattno: 1, vartype: 1042, vartypmod: 29, varcollid: 100, varlevelsup: 0, varnosyn: 1, varattnosyn: 2, location: 9}
                },
                1 = TargetEntry {resno: 2, resname: 0x0, ressortgroupref: 0, resorigtbl: 0, resorigcol: 0, resjunk: false} = {
                  expr = Var {varno: 65001, varattno: 3, vartype: 23, vartypmod: -1, varcollid: 0, varlevelsup: 0, varnosyn: 2, varattnosyn: 3, location: 110}
                },
                2 = TargetEntry {resno: 3, resname: 0x0, ressortgroupref: 0, resorigtbl: 0, resorigcol: 0, resjunk: false} = {
                  expr = Var {varno: 65001, varattno: 4, vartype: 23, vartypmod: -1, varcollid: 0, varlevelsup: 0, varnosyn: 2, varattnosyn: 1, location: 142}
                },
                3 = TargetEntry {resno: 4, resname: 0x0, ressortgroupref: 0, resorigtbl: 0, resorigcol: 0, resjunk: false} = {
                  expr = Var {varno: 65001, varattno: 5, vartype: 23, vartypmod: -1, varcollid: 0, varlevelsup: 0, varnosyn: 3, varattnosyn: 1, location: 129}
                }
              },
              join.plan.lefttree = NestLoop (cost=0.00..535.92 rows=1 width=120 plan_id=7 parallel_aware=False parallel_safe = False) {join.jointype: JOIN_INNER, join.inner_unique: false} = {
                join.plan.targetlist = List with 5 elements = {
                  0 = TargetEntry {resno: 1, resname: 0x0, ressortgroupref: 0, resorigtbl: 0, resorigcol: 0, resjunk: false} = {
                    expr = Var {varno: 65000, varattno: 1, vartype: 1042, vartypmod: 29, varcollid: 100, varlevelsup: 0, varnosyn: 1, varattnosyn: 2, location: 9}
                  },
                  1 = TargetEntry {resno: 2, resname: 0x0, ressortgroupref: 0, resorigtbl: 0, resorigcol: 0, resjunk: false} = {
                    expr = Var {varno: 65000, varattno: 3, vartype: 23, vartypmod: -1, varcollid: 0, varlevelsup: 0, varnosyn: 1, varattnosyn: 4, location: 578}
                  },
                  2 = TargetEntry {resno: 3, resname: 0x0, ressortgroupref: 0, resorigtbl: 0, resorigcol: 0, resjunk: false} = {
                    expr = Var {varno: 65001, varattno: 1, vartype: 23, vartypmod: -1, varcollid: 0, varlevelsup: 0, varnosyn: 2, varattnosyn: 3, location: 110}
                  },
                  3 = TargetEntry {resno: 4, resname: 0x0, ressortgroupref: 0, resorigtbl: 0, resorigcol: 0, resjunk: false} = {
                    expr = Var {varno: 65001, varattno: 2, vartype: 23, vartypmod: -1, varcollid: 0, varlevelsup: 0, varnosyn: 2, varattnosyn: 1, location: 142}
                  },
                  4 = TargetEntry {resno: 5, resname: 0x0, ressortgroupref: 0, resorigtbl: 0, resorigcol: 0, resjunk: false} = {
                    expr = Var {varno: 65001, varattno: 3, vartype: 23, vartypmod: -1, varcollid: 0, varlevelsup: 0, varnosyn: 3, varattnosyn: 1, location: 129}
                  }
                },
                join.plan.lefttree = NestLoop (cost=0.00..390.30 rows=1 width=12 plan_id=8 parallel_aware=False parallel_safe = False) {join.jointype: JOIN_INNER, join.inner_unique: false} = {
                  join.plan.targetlist = List with 3 elements = {
                    0 = TargetEntry {resno: 1, resname: 0x0, ressortgroupref: 0, resorigtbl: 0, resorigcol: 0, resjunk: false} = {
                      expr = Var {varno: 65000, varattno: 1, vartype: 23, vartypmod: -1, varcollid: 0, varlevelsup: 0, varnosyn: 2, varattnosyn: 3, location: 110}
                    },
                    1 = TargetEntry {resno: 2, resname: 0x0, ressortgroupref: 0, resorigtbl: 0, resorigcol: 0, resjunk: false} = {
                      expr = Var {varno: 65000, varattno: 2, vartype: 23, vartypmod: -1, varcollid: 0, varlevelsup: 0, varnosyn: 2, varattnosyn: 1, location: 142}
                    },
                    2 = TargetEntry {resno: 3, resname: 0x0, ressortgroupref: 0, resorigtbl: 0, resorigcol: 0, resjunk: false} = {
                      expr = Var {varno: 65001, varattno: 1, vartype: 23, vartypmod: -1, varcollid: 0, varlevelsup: 0, varnosyn: 3, varattnosyn: 1, location: 129}
                    }
                  },
                  join.plan.lefttree = RemoteQuery (cost=0.00..199.53 rows=1 width=4 plan_id=9 parallel_aware=False parallel_safe = False) {scan.scanrelid: 7, exec_direct_type: EXEC_DIRECT_NONE, sql_statement: 'SELECT o_orderkey FROM ONLY public.orders orders WHERE (o_orderstatus = 'F'::bpchar)', sql_node: 0x0, combine_type: COMBINE_TYPE_NONE, read_only: true, force_autocommit: false, statement: 0x0, cursor: 0x0, rq_num_params: 0, rq_params_internal: false, exec_type: EXEC_ON_DATANODES, is_temp: false, rq_finalise_aggs: false, rq_sortgroup_colno: false, has_row_marks: false, rq_save_command_id: false, rq_use_pk_for_rep_change: false, rq_max_param_num: 0} = {
                    scan.plan.targetlist = List with 1 elements = {
                      0 = TargetEntry {resno: 1, resname: 0x0, ressortgroupref: 0, resorigtbl: 0, resorigcol: 0, resjunk: false} = {
                        expr = Var {varno: 7, varattno: 1, vartype: 23, vartypmod: -1, varcollid: 0, varlevelsup: 0, varnosyn: 3, varattnosyn: 1, location: 129}
                      }
                    },
                    exec_nodes = ExecNodes {accesstype: RELATION_ACCESS_READ, baselocatortype: 72 'H', en_relid: 0, en_funcid: 0} = {
                      en_dist_vars = List with 1 elements = {
                        0 = Var {varno: 3, varattno: 1, vartype: 23, vartypmod: -1, varcollid: 0, varlevelsup: 0, varnosyn: 3, varattnosyn: 1, location: 129}
                      },
                      nodeids = OidList with 3 elements = {16386, 16387, 16388}
                    },
                    remote_query = Query {commandType: CMD_SELECT, querySource: QSRC_ORIGINAL, queryId: 0, canSetTag: false, resultRelation: 0, hasAggs: false, hasWindowFuncs: false, hasTargetSRFs: false, hasSubLinks: false, hasDistinctOn: false, hasRecursive: false, hasModifyingCTE: false, hasForUpdate: false, hasRowSecurity: false, override: OVERRIDING_NOT_SET, limitOption: LIMIT_OPTION_COUNT, stmt_location: 0, stmt_len: 0, is_local: false, has_to_save_cmd_id: false, in_sub_plan: false, in_explain: false} = {
                      rtable = List with 1 elements = {
                        0 = RangeTblEntry {rtekind: RTE_RELATION, relname: 'orders', relid: 270675, relkind: 114 'r', rellockmode: 1, security_barrier: false, jointype: JOIN_INNER, joinmergedcols: 0, funcordinality: false, ctename: 0x0, ctelevelsup: 0, self_reference: false, enrname: 0x0, enrtuples: 0, param_new: -1, param_old: -1, mt_result: 0x0, defaultCols: 0x0, rows: 0, lateral: false, inh: false, inFromCl: true, requiredPerms: 2, checkAsUser: 0, selectedCols: (b 11 13), insertedCols: 0x0, updatedCols: 0x0, extraUpdatedCols: 0x0} = {
                          alias = Alias aliasname: 'orders',
                          eref = Alias aliasname: 'orders' = {
                            colnames = List with 9 elements = {
                              0 = String[ 'o_orderkey' ],
                              1 = String[ 'o_custkey' ],
                              2 = String[ 'o_orderstatus' ],
                              3 = String[ 'o_totalprice' ],
                              4 = String[ 'o_orderdate' ],
                              5 = String[ 'o_orderpriority' ],
                              6 = String[ 'o_clerk' ],
                              7 = String[ 'o_shippriority' ],
                              8 = String[ 'o_comment' ]
                            }
                          }
                        }
                      },
                      jointree = FromExpr  = {
                        fromlist = List with 1 elements = {
                          0 = RangeTblRef rtindex: 1
                        },
                        quals = OpExpr {opno: 1054, opfuncid: 1048, opresulttype: 16, opretset: false, opcollid: 0, inputcollid: 100, location: 176} = {
                          args = List with 2 elements = {
                            0 = Var {varno: 1, varattno: 3, vartype: 1042, vartypmod: 5, varcollid: 100, varlevelsup: 0, varnosyn: 0, varattnosyn: 3, location: 162},
                            1 = Const {consttype: 1042, consttypmod: -1, constcollid: 100, constlen: -1, constvalue: 94501925234048, constisnull: false, constbyval: false, location: 178}
                          }
                        }
                      },
                      targetList = List with 1 elements = {
                        0 = TargetEntry {resno: 1, resname: 0x0, ressortgroupref: 0, resorigtbl: 0, resorigcol: 0, resjunk: false} = {
                          expr = Var {varno: 1, varattno: 1, vartype: 23, vartypmod: -1, varcollid: 0, varlevelsup: 0, varnosyn: 0, varattnosyn: 1, location: 129}
                        }
                      }
                    },
                    base_tlist = List with 1 elements = {
                      0 = TargetEntry {resno: 1, resname: 0x0, ressortgroupref: 0, resorigtbl: 0, resorigcol: 0, resjunk: false} = {
                        expr = Var {varno: 3, varattno: 1, vartype: 23, vartypmod: -1, varcollid: 0, varlevelsup: 0, varnosyn: 3, varattnosyn: 1, location: 129}
                      }
                    },
                    coord_var_tlist = List with 1 elements = {
                      0 = TargetEntry {resno: 1, resname: 0x0, ressortgroupref: 0, resorigtbl: 0, resorigcol: 0, resjunk: false} = {
                        expr = Var {varno: 3, varattno: 1, vartype: 23, vartypmod: -1, varcollid: 0, varlevelsup: 0, varnosyn: 3, varattnosyn: 1, location: 129}
                      }
                    },
                    query_var_tlist = List with 1 elements = {
                      0 = TargetEntry {resno: 1, resname: 0x0, ressortgroupref: 0, resorigtbl: 0, resorigcol: 0, resjunk: false} = {
                        expr = Var {varno: 1, varattno: 1, vartype: 23, vartypmod: -1, varcollid: 0, varlevelsup: 0, varnosyn: 0, varattnosyn: 1, location: 129}
                      }
                    }
                  },
                  join.plan.righttree = RemoteQuery (cost=0.00..190.50 rows=22 width=8 plan_id=10 parallel_aware=False parallel_safe = False) {scan.scanrelid: 8, exec_direct_type: EXEC_DIRECT_NONE, sql_statement: 'SELECT l_suppkey, l_orderkey FROM ONLY public.lineitem l1 WHERE (l_receiptdate > l_commitdate)', sql_node: 0x0, combine_type: COMBINE_TYPE_NONE, read_only: true, force_autocommit: false, statement: 0x0, cursor: 0x0, rq_num_params: 0, rq_params_internal: false, exec_type: EXEC_ON_DATANODES, is_temp: false, rq_finalise_aggs: false, rq_sortgroup_colno: false, has_row_marks: false, rq_save_command_id: false, rq_use_pk_for_rep_change: false, rq_max_param_num: 0} = {
                    scan.plan.targetlist = List with 2 elements = {
                      0 = TargetEntry {resno: 1, resname: 0x0, ressortgroupref: 0, resorigtbl: 0, resorigcol: 0, resjunk: false} = {
                        expr = Var {varno: 8, varattno: 1, vartype: 23, vartypmod: -1, varcollid: 0, varlevelsup: 0, varnosyn: 2, varattnosyn: 3, location: 110}
                      },
                      1 = TargetEntry {resno: 2, resname: 0x0, ressortgroupref: 0, resorigtbl: 0, resorigcol: 0, resjunk: false} = {
                        expr = Var {varno: 8, varattno: 2, vartype: 23, vartypmod: -1, varcollid: 0, varlevelsup: 0, varnosyn: 2, varattnosyn: 1, location: 142}
                      }
                    },
                    exec_nodes = ExecNodes {accesstype: RELATION_ACCESS_READ, baselocatortype: 72 'H', en_relid: 0, en_funcid: 0} = {
                      en_dist_vars = List with 1 elements = {
                        0 = Var {varno: 2, varattno: 1, vartype: 23, vartypmod: -1, varcollid: 0, varlevelsup: 0, varnosyn: 2, varattnosyn: 1, location: 142}
                      },
                      nodeids = OidList with 3 elements = {16386, 16387, 16388}
                    },
                    remote_query = Query {commandType: CMD_SELECT, querySource: QSRC_ORIGINAL, queryId: 0, canSetTag: false, resultRelation: 0, hasAggs: false, hasWindowFuncs: false, hasTargetSRFs: false, hasSubLinks: false, hasDistinctOn: false, hasRecursive: false, hasModifyingCTE: false, hasForUpdate: false, hasRowSecurity: false, override: OVERRIDING_NOT_SET, limitOption: LIMIT_OPTION_COUNT, stmt_location: 0, stmt_len: 0, is_local: false, has_to_save_cmd_id: false, in_sub_plan: false, in_explain: false} = {
                      rtable = List with 1 elements = {
                        0 = RangeTblEntry {rtekind: RTE_RELATION, relname: 'lineitem', relid: 270678, relkind: 114 'r', rellockmode: 1, security_barrier: false, jointype: JOIN_INNER, joinmergedcols: 0, funcordinality: false, ctename: 0x0, ctelevelsup: 0, self_reference: false, enrname: 0x0, enrtuples: 0, param_new: -1, param_old: -1, mt_result: 0x0, defaultCols: 0x0, rows: 0, lateral: false, inh: false, inFromCl: true, requiredPerms: 2, checkAsUser: 0, selectedCols: (b 11 13 22 23), insertedCols: 0x0, updatedCols: 0x0, extraUpdatedCols: 0x0} = {
                          alias = Alias aliasname: 'l1',
                          eref = Alias aliasname: 'l1' = {
                            colnames = List with 16 elements = {
                              0 = String[ 'l_orderkey' ],
                              1 = String[ 'l_partkey' ],
                              2 = String[ 'l_suppkey' ],
                              3 = String[ 'l_linenumber' ],
                              4 = String[ 'l_quantity' ],
                              5 = String[ 'l_extendedprice' ],
                              6 = String[ 'l_discount' ],
                              7 = String[ 'l_tax' ],
                              8 = String[ 'l_returnflag' ],
                              9 = String[ 'l_linestatus' ],
                              10 = String[ 'l_shipdate' ],
                              11 = String[ 'l_commitdate' ],
                              12 = String[ 'l_receiptdate' ],
                              13 = String[ 'l_shipinstruct' ],
                              14 = String[ 'l_shipmode' ],
                              15 = String[ 'l_comment' ]
                            }
                          }
                        }
                      },
                      jointree = FromExpr  = {
                        fromlist = List with 1 elements = {
                          0 = RangeTblRef rtindex: 1
                        },
                        quals = OpExpr {opno: 1097, opfuncid: 1089, opresulttype: 16, opretset: false, opcollid: 0, inputcollid: 0, location: 205} = {
                          args = List with 2 elements = {
                            0 = Var {varno: 1, varattno: 13, vartype: 1082, vartypmod: -1, varcollid: 0, varlevelsup: 0, varnosyn: 0, varattnosyn: 13, location: 188},
                            1 = Var {varno: 1, varattno: 12, vartype: 1082, vartypmod: -1, varcollid: 0, varlevelsup: 0, varnosyn: 0, varattnosyn: 12, location: 207}
                          }
                        }
                      },
                      targetList = List with 2 elements = {
                        0 = TargetEntry {resno: 1, resname: 0x0, ressortgroupref: 0, resorigtbl: 0, resorigcol: 0, resjunk: false} = {
                          expr = Var {varno: 1, varattno: 3, vartype: 23, vartypmod: -1, varcollid: 0, varlevelsup: 0, varnosyn: 0, varattnosyn: 3, location: 110}
                        },
                        1 = TargetEntry {resno: 2, resname: 0x0, ressortgroupref: 0, resorigtbl: 0, resorigcol: 0, resjunk: false} = {
                          expr = Var {varno: 1, varattno: 1, vartype: 23, vartypmod: -1, varcollid: 0, varlevelsup: 0, varnosyn: 0, varattnosyn: 1, location: 142}
                        }
                      }
                    },
                    base_tlist = List with 2 elements = {
                      0 = TargetEntry {resno: 1, resname: 0x0, ressortgroupref: 0, resorigtbl: 0, resorigcol: 0, resjunk: false} = {
                        expr = Var {varno: 2, varattno: 3, vartype: 23, vartypmod: -1, varcollid: 0, varlevelsup: 0, varnosyn: 2, varattnosyn: 3, location: 110}
                      },
                      1 = TargetEntry {resno: 2, resname: 0x0, ressortgroupref: 0, resorigtbl: 0, resorigcol: 0, resjunk: false} = {
                        expr = Var {varno: 2, varattno: 1, vartype: 23, vartypmod: -1, varcollid: 0, varlevelsup: 0, varnosyn: 2, varattnosyn: 1, location: 142}
                      }
                    },
                    coord_var_tlist = List with 2 elements = {
                      0 = TargetEntry {resno: 1, resname: 0x0, ressortgroupref: 0, resorigtbl: 0, resorigcol: 0, resjunk: false} = {
                        expr = Var {varno: 2, varattno: 3, vartype: 23, vartypmod: -1, varcollid: 0, varlevelsup: 0, varnosyn: 2, varattnosyn: 3, location: 110}
                      },
                      1 = TargetEntry {resno: 2, resname: 0x0, ressortgroupref: 0, resorigtbl: 0, resorigcol: 0, resjunk: false} = {
                        expr = Var {varno: 2, varattno: 1, vartype: 23, vartypmod: -1, varcollid: 0, varlevelsup: 0, varnosyn: 2, varattnosyn: 1, location: 142}
                      }
                    },
                    query_var_tlist = List with 2 elements = {
                      0 = TargetEntry {resno: 1, resname: 0x0, ressortgroupref: 0, resorigtbl: 0, resorigcol: 0, resjunk: false} = {
                        expr = Var {varno: 1, varattno: 3, vartype: 23, vartypmod: -1, varcollid: 0, varlevelsup: 0, varnosyn: 0, varattnosyn: 3, location: 110}
                      },
                      1 = TargetEntry {resno: 2, resname: 0x0, ressortgroupref: 0, resorigtbl: 0, resorigcol: 0, resjunk: false} = {
                        expr = Var {varno: 1, varattno: 1, vartype: 23, vartypmod: -1, varcollid: 0, varlevelsup: 0, varnosyn: 0, varattnosyn: 1, location: 142}
                      }
                    }
                  },
                  join.joinqual = List with 1 elements = {
                    0 = OpExpr {opno: 96, opfuncid: 65, opresulttype: 16, opretset: false, opcollid: 0, inputcollid: 0, location: -1} = {
                      args = List with 2 elements = {
                        0 = Var {varno: 65000, varattno: 2, vartype: 23, vartypmod: -1, varcollid: 0, varlevelsup: 0, varnosyn: 2, varattnosyn: 1, location: 142},
                        1 = Var {varno: 65001, varattno: 1, vartype: 23, vartypmod: -1, varcollid: 0, varlevelsup: 0, varnosyn: 3, varattnosyn: 1, location: 129}
                      }
                    }
                  }
                },
                join.plan.righttree = RemoteQuery (cost=0.00..145.00 rows=50 width=112 plan_id=11 parallel_aware=False parallel_safe = False) {scan.scanrelid: 9, exec_direct_type: EXEC_DIRECT_NONE, sql_statement: 'SELECT s_name, s_suppkey, s_nationkey FROM ONLY public.supplier supplier WHERE true', sql_node: 0x0, combine_type: COMBINE_TYPE_NONE, read_only: true, force_autocommit: false, statement: 0x0, cursor: 0x0, rq_num_params: 0, rq_params_internal: false, exec_type: EXEC_ON_DATANODES, is_temp: false, rq_finalise_aggs: false, rq_sortgroup_colno: false, has_row_marks: false, rq_save_command_id: false, rq_use_pk_for_rep_change: false, rq_max_param_num: 0} = {
                  scan.plan.targetlist = List with 3 elements = {
                    0 = TargetEntry {resno: 1, resname: 0x0, ressortgroupref: 0, resorigtbl: 0, resorigcol: 0, resjunk: false} = {
                      expr = Var {varno: 9, varattno: 1, vartype: 1042, vartypmod: 29, varcollid: 100, varlevelsup: 0, varnosyn: 1, varattnosyn: 2, location: 9}
                    },
                    1 = TargetEntry {resno: 2, resname: 0x0, ressortgroupref: 0, resorigtbl: 0, resorigcol: 0, resjunk: false} = {
                      expr = Var {varno: 9, varattno: 2, vartype: 23, vartypmod: -1, varcollid: 0, varlevelsup: 0, varnosyn: 1, varattnosyn: 1, location: 98}
                    },
                    2 = TargetEntry {resno: 3, resname: 0x0, ressortgroupref: 0, resorigtbl: 0, resorigcol: 0, resjunk: false} = {
                      expr = Var {varno: 9, varattno: 3, vartype: 23, vartypmod: -1, varcollid: 0, varlevelsup: 0, varnosyn: 1, varattnosyn: 4, location: 578}
                    }
                  },
                  exec_nodes = ExecNodes {accesstype: RELATION_ACCESS_READ, baselocatortype: 72 'H', en_relid: 0, en_funcid: 0} = {
                    en_dist_vars = List with 1 elements = {
                      0 = Var {varno: 1, varattno: 1, vartype: 23, vartypmod: -1, varcollid: 0, varlevelsup: 0, varnosyn: 1, varattnosyn: 1, location: 98}
                    },
                    nodeids = OidList with 3 elements = {16386, 16387, 16388}
                  },
                  remote_query = Query {commandType: CMD_SELECT, querySource: QSRC_ORIGINAL, queryId: 0, canSetTag: false, resultRelation: 0, hasAggs: false, hasWindowFuncs: false, hasTargetSRFs: false, hasSubLinks: false, hasDistinctOn: false, hasRecursive: false, hasModifyingCTE: false, hasForUpdate: false, hasRowSecurity: false, override: OVERRIDING_NOT_SET, limitOption: LIMIT_OPTION_COUNT, stmt_location: 0, stmt_len: 0, is_local: false, has_to_save_cmd_id: false, in_sub_plan: false, in_explain: false} = {
                    rtable = List with 1 elements = {
                      0 = RangeTblEntry {rtekind: RTE_RELATION, relname: 'supplier', relid: 270666, relkind: 114 'r', rellockmode: 1, security_barrier: false, jointype: JOIN_INNER, joinmergedcols: 0, funcordinality: false, ctename: 0x0, ctelevelsup: 0, self_reference: false, enrname: 0x0, enrtuples: 0, param_new: -1, param_old: -1, mt_result: 0x0, defaultCols: 0x0, rows: 0, lateral: false, inh: false, inFromCl: true, requiredPerms: 2, checkAsUser: 0, selectedCols: (b 11 12 14), insertedCols: 0x0, updatedCols: 0x0, extraUpdatedCols: 0x0} = {
                        alias = Alias aliasname: 'supplier',
                        eref = Alias aliasname: 'supplier' = {
                          colnames = List with 7 elements = {
                            0 = String[ 's_suppkey' ],
                            1 = String[ 's_name' ],
                            2 = String[ 's_address' ],
                            3 = String[ 's_nationkey' ],
                            4 = String[ 's_phone' ],
                            5 = String[ 's_acctbal' ],
                            6 = String[ 's_comment' ]
                          }
                        }
                      }
                    },
                    jointree = FromExpr  = {
                      fromlist = List with 1 elements = {
                        0 = RangeTblRef rtindex: 1
                      },
                      quals = Const {consttype: 16, consttypmod: -1, constcollid: 0, constlen: 1, constvalue: 1, constisnull: false, constbyval: true, location: -1}
                    },
                    targetList = List with 3 elements = {
                      0 = TargetEntry {resno: 1, resname: 0x0, ressortgroupref: 0, resorigtbl: 0, resorigcol: 0, resjunk: false} = {
                        expr = Var {varno: 1, varattno: 2, vartype: 1042, vartypmod: 29, varcollid: 100, varlevelsup: 0, varnosyn: 0, varattnosyn: 2, location: 9}
                      },
                      1 = TargetEntry {resno: 2, resname: 0x0, ressortgroupref: 0, resorigtbl: 0, resorigcol: 0, resjunk: false} = {
                        expr = Var {varno: 1, varattno: 1, vartype: 23, vartypmod: -1, varcollid: 0, varlevelsup: 0, varnosyn: 0, varattnosyn: 1, location: 98}
                      },
                      2 = TargetEntry {resno: 3, resname: 0x0, ressortgroupref: 0, resorigtbl: 0, resorigcol: 0, resjunk: false} = {
                        expr = Var {varno: 1, varattno: 4, vartype: 23, vartypmod: -1, varcollid: 0, varlevelsup: 0, varnosyn: 0, varattnosyn: 4, location: 578}
                      }
                    }
                  },
                  base_tlist = List with 3 elements = {
                    0 = TargetEntry {resno: 1, resname: 0x0, ressortgroupref: 0, resorigtbl: 0, resorigcol: 0, resjunk: false} = {
                      expr = Var {varno: 1, varattno: 2, vartype: 1042, vartypmod: 29, varcollid: 100, varlevelsup: 0, varnosyn: 1, varattnosyn: 2, location: 9}
                    },
                    1 = TargetEntry {resno: 2, resname: 0x0, ressortgroupref: 0, resorigtbl: 0, resorigcol: 0, resjunk: false} = {
                      expr = Var {varno: 1, varattno: 1, vartype: 23, vartypmod: -1, varcollid: 0, varlevelsup: 0, varnosyn: 1, varattnosyn: 1, location: 98}
                    },
                    2 = TargetEntry {resno: 3, resname: 0x0, ressortgroupref: 0, resorigtbl: 0, resorigcol: 0, resjunk: false} = {
                      expr = Var {varno: 1, varattno: 4, vartype: 23, vartypmod: -1, varcollid: 0, varlevelsup: 0, varnosyn: 1, varattnosyn: 4, location: 578}
                    }
                  },
                  coord_var_tlist = List with 3 elements = {
                    0 = TargetEntry {resno: 1, resname: 0x0, ressortgroupref: 0, resorigtbl: 0, resorigcol: 0, resjunk: false} = {
                      expr = Var {varno: 1, varattno: 2, vartype: 1042, vartypmod: 29, varcollid: 100, varlevelsup: 0, varnosyn: 1, varattnosyn: 2, location: 9}
                    },
                    1 = TargetEntry {resno: 2, resname: 0x0, ressortgroupref: 0, resorigtbl: 0, resorigcol: 0, resjunk: false} = {
                      expr = Var {varno: 1, varattno: 1, vartype: 23, vartypmod: -1, varcollid: 0, varlevelsup: 0, varnosyn: 1, varattnosyn: 1, location: 98}
                    },
                    2 = TargetEntry {resno: 3, resname: 0x0, ressortgroupref: 0, resorigtbl: 0, resorigcol: 0, resjunk: false} = {
                      expr = Var {varno: 1, varattno: 4, vartype: 23, vartypmod: -1, varcollid: 0, varlevelsup: 0, varnosyn: 1, varattnosyn: 4, location: 578}
                    }
                  },
                  query_var_tlist = List with 3 elements = {
                    0 = TargetEntry {resno: 1, resname: 0x0, ressortgroupref: 0, resorigtbl: 0, resorigcol: 0, resjunk: false} = {
                      expr = Var {varno: 1, varattno: 2, vartype: 1042, vartypmod: 29, varcollid: 100, varlevelsup: 0, varnosyn: 0, varattnosyn: 2, location: 9}
                    },
                    1 = TargetEntry {resno: 2, resname: 0x0, ressortgroupref: 0, resorigtbl: 0, resorigcol: 0, resjunk: false} = {
                      expr = Var {varno: 1, varattno: 1, vartype: 23, vartypmod: -1, varcollid: 0, varlevelsup: 0, varnosyn: 0, varattnosyn: 1, location: 98}
                    },
                    2 = TargetEntry {resno: 3, resname: 0x0, ressortgroupref: 0, resorigtbl: 0, resorigcol: 0, resjunk: false} = {
                      expr = Var {varno: 1, varattno: 4, vartype: 23, vartypmod: -1, varcollid: 0, varlevelsup: 0, varnosyn: 0, varattnosyn: 4, location: 578}
                    }
                  }
                },
                join.joinqual = List with 1 elements = {
                  0 = OpExpr {opno: 96, opfuncid: 65, opresulttype: 16, opretset: false, opcollid: 0, inputcollid: 0, location: -1} = {
                    args = List with 2 elements = {
                      0 = Var {varno: 65001, varattno: 1, vartype: 23, vartypmod: -1, varcollid: 0, varlevelsup: 0, varnosyn: 2, varattnosyn: 3, location: 110},
                      1 = Var {varno: 65000, varattno: 2, vartype: 23, vartypmod: -1, varcollid: 0, varlevelsup: 0, varnosyn: 1, varattnosyn: 1, location: 98}
                    }
                  }
                }
              },
              join.plan.righttree = RemoteQuery (cost=0.00..163.42 rows=1 width=4 plan_id=12 parallel_aware=False parallel_safe = False) {scan.scanrelid: 10, exec_direct_type: EXEC_DIRECT_NONE, sql_statement: 'SELECT n_nationkey FROM ONLY public.nation nation WHERE (n_name = 'SAUDI ARABIA'::bpchar)', sql_node: 0x0, combine_type: COMBINE_TYPE_NONE, read_only: true, force_autocommit: false, statement: 0x0, cursor: 0x0, rq_num_params: 0, rq_params_internal: false, exec_type: EXEC_ON_DATANODES, is_temp: false, rq_finalise_aggs: false, rq_sortgroup_colno: false, has_row_marks: false, rq_save_command_id: false, rq_use_pk_for_rep_change: false, rq_max_param_num: 0} = {
                scan.plan.targetlist = List with 1 elements = {
                  0 = TargetEntry {resno: 1, resname: 0x0, ressortgroupref: 0, resorigtbl: 0, resorigcol: 0, resjunk: false} = {
                    expr = Var {varno: 10, varattno: 1, vartype: 23, vartypmod: -1, varcollid: 0, varlevelsup: 0, varnosyn: 4, varattnosyn: 1, location: 592}
                  }
                },
                exec_nodes = ExecNodes {accesstype: RELATION_ACCESS_READ, baselocatortype: 72 'H', en_relid: 0, en_funcid: 0} = {
                  en_dist_vars = List with 1 elements = {
                    0 = Var {varno: 4, varattno: 1, vartype: 23, vartypmod: -1, varcollid: 0, varlevelsup: 0, varnosyn: 4, varattnosyn: 1, location: 592}
                  },
                  nodeids = OidList with 3 elements = {16386, 16387, 16388}
                },
                remote_query = Query {commandType: CMD_SELECT, querySource: QSRC_ORIGINAL, queryId: 0, canSetTag: false, resultRelation: 0, hasAggs: false, hasWindowFuncs: false, hasTargetSRFs: false, hasSubLinks: false, hasDistinctOn: false, hasRecursive: false, hasModifyingCTE: false, hasForUpdate: false, hasRowSecurity: false, override: OVERRIDING_NOT_SET, limitOption: LIMIT_OPTION_COUNT, stmt_location: 0, stmt_len: 0, is_local: false, has_to_save_cmd_id: false, in_sub_plan: false, in_explain: false} = {
                  rtable = List with 1 elements = {
                    0 = RangeTblEntry {rtekind: RTE_RELATION, relname: 'nation', relid: 270657, relkind: 114 'r', rellockmode: 1, security_barrier: false, jointype: JOIN_INNER, joinmergedcols: 0, funcordinality: false, ctename: 0x0, ctelevelsup: 0, self_reference: false, enrname: 0x0, enrtuples: 0, param_new: -1, param_old: -1, mt_result: 0x0, defaultCols: 0x0, rows: 0, lateral: false, inh: false, inFromCl: true, requiredPerms: 2, checkAsUser: 0, selectedCols: (b 11 12), insertedCols: 0x0, updatedCols: 0x0, extraUpdatedCols: 0x0} = {
                      alias = Alias aliasname: 'nation',
                      eref = Alias aliasname: 'nation' = {
                        colnames = List with 4 elements = {
                          0 = String[ 'n_nationkey' ],
                          1 = String[ 'n_name' ],
                          2 = String[ 'n_regionkey' ],
                          3 = String[ 'n_comment' ]
                        }
                      }
                    }
                  },
                  jointree = FromExpr  = {
                    fromlist = List with 1 elements = {
                      0 = RangeTblRef rtindex: 1
                    },
                    quals = OpExpr {opno: 1054, opfuncid: 1048, opresulttype: 16, opretset: false, opcollid: 0, inputcollid: 100, location: 617} = {
                      args = List with 2 elements = {
                        0 = Var {varno: 1, varattno: 2, vartype: 1042, vartypmod: 29, varcollid: 100, varlevelsup: 0, varnosyn: 0, varattnosyn: 2, location: 610},
                        1 = Const {consttype: 1042, consttypmod: -1, constcollid: 100, constlen: -1, constvalue: 94501925260712, constisnull: false, constbyval: false, location: 619}
                      }
                    }
                  },
                  targetList = List with 1 elements = {
                    0 = TargetEntry {resno: 1, resname: 0x0, ressortgroupref: 0, resorigtbl: 0, resorigcol: 0, resjunk: false} = {
                      expr = Var {varno: 1, varattno: 1, vartype: 23, vartypmod: -1, varcollid: 0, varlevelsup: 0, varnosyn: 0, varattnosyn: 1, location: 592}
                    }
                  }
                },
                base_tlist = List with 1 elements = {
                  0 = TargetEntry {resno: 1, resname: 0x0, ressortgroupref: 0, resorigtbl: 0, resorigcol: 0, resjunk: false} = {
                    expr = Var {varno: 4, varattno: 1, vartype: 23, vartypmod: -1, varcollid: 0, varlevelsup: 0, varnosyn: 4, varattnosyn: 1, location: 592}
                  }
                },
                coord_var_tlist = List with 1 elements = {
                  0 = TargetEntry {resno: 1, resname: 0x0, ressortgroupref: 0, resorigtbl: 0, resorigcol: 0, resjunk: false} = {
                    expr = Var {varno: 4, varattno: 1, vartype: 23, vartypmod: -1, varcollid: 0, varlevelsup: 0, varnosyn: 4, varattnosyn: 1, location: 592}
                  }
                },
                query_var_tlist = List with 1 elements = {
                  0 = TargetEntry {resno: 1, resname: 0x0, ressortgroupref: 0, resorigtbl: 0, resorigcol: 0, resjunk: false} = {
                    expr = Var {varno: 1, varattno: 1, vartype: 23, vartypmod: -1, varcollid: 0, varlevelsup: 0, varnosyn: 0, varattnosyn: 1, location: 592}
                  }
                }
              },
              join.joinqual = List with 1 elements = {
                0 = OpExpr {opno: 96, opfuncid: 65, opresulttype: 16, opretset: false, opcollid: 0, inputcollid: 0, location: -1} = {
                  args = List with 2 elements = {
                    0 = Var {varno: 65001, varattno: 2, vartype: 23, vartypmod: -1, varcollid: 0, varlevelsup: 0, varnosyn: 1, varattnosyn: 4, location: 578},
                    1 = Var {varno: 65000, varattno: 1, vartype: 23, vartypmod: -1, varcollid: 0, varlevelsup: 0, varnosyn: 4, varattnosyn: 1, location: 592}
                  }
                }
              }
            },
            join.plan.righttree = RemoteQuery (cost=0.00..190.00 rows=67 width=8 plan_id=13 parallel_aware=False parallel_safe = False) {scan.scanrelid: 11, exec_direct_type: EXEC_DIRECT_NONE, sql_statement: 'SELECT l_orderkey, l_suppkey FROM ONLY public.lineitem l2 WHERE true', sql_node: 0x0, combine_type: COMBINE_TYPE_NONE, read_only: true, force_autocommit: false, statement: 0x0, cursor: 0x0, rq_num_params: 0, rq_params_internal: false, exec_type: EXEC_ON_DATANODES, is_temp: false, rq_finalise_aggs: false, rq_sortgroup_colno: false, has_row_marks: false, rq_save_command_id: false, rq_use_pk_for_rep_change: false, rq_max_param_num: 0} = {
              scan.plan.targetlist = List with 2 elements = {
                0 = TargetEntry {resno: 1, resname: 0x0, ressortgroupref: 0, resorigtbl: 0, resorigcol: 0, resjunk: false} = {
                  expr = Var {varno: 11, varattno: 1, vartype: 23, vartypmod: -1, varcollid: 0, varlevelsup: 0, varnosyn: 5, varattnosyn: 1, location: 300}
                },
                1 = TargetEntry {resno: 2, resname: 0x0, ressortgroupref: 0, resorigtbl: 0, resorigcol: 0, resjunk: false} = {
                  expr = Var {varno: 11, varattno: 2, vartype: 23, vartypmod: -1, varcollid: 0, varlevelsup: 0, varnosyn: 5, varattnosyn: 3, location: 340}
                }
              },
              exec_nodes = ExecNodes {accesstype: RELATION_ACCESS_READ, baselocatortype: 72 'H', en_relid: 0, en_funcid: 0} = {
                en_dist_vars = List with 1 elements = {
                  0 = Var {varno: 5, varattno: 1, vartype: 23, vartypmod: -1, varcollid: 0, varlevelsup: 0, varnosyn: 5, varattnosyn: 1, location: 300}
                },
                nodeids = OidList with 3 elements = {16386, 16387, 16388}
              },
              remote_query = Query {commandType: CMD_SELECT, querySource: QSRC_ORIGINAL, queryId: 0, canSetTag: false, resultRelation: 0, hasAggs: false, hasWindowFuncs: false, hasTargetSRFs: false, hasSubLinks: false, hasDistinctOn: false, hasRecursive: false, hasModifyingCTE: false, hasForUpdate: false, hasRowSecurity: false, override: OVERRIDING_NOT_SET, limitOption: LIMIT_OPTION_COUNT, stmt_location: 0, stmt_len: 0, is_local: false, has_to_save_cmd_id: false, in_sub_plan: false, in_explain: false} = {
                rtable = List with 1 elements = {
                  0 = RangeTblEntry {rtekind: RTE_RELATION, relname: 'lineitem', relid: 270678, relkind: 114 'r', rellockmode: 1, security_barrier: false, jointype: JOIN_INNER, joinmergedcols: 0, funcordinality: false, ctename: 0x0, ctelevelsup: 0, self_reference: false, enrname: 0x0, enrtuples: 0, param_new: -1, param_old: -1, mt_result: 0x0, defaultCols: 0x0, rows: 0, lateral: false, inh: false, inFromCl: true, requiredPerms: 2, checkAsUser: 0, selectedCols: (b 11 12 13 14 15 16 17 18 19 20 21 22 23 24 25 26), insertedCols: 0x0, updatedCols: 0x0, extraUpdatedCols: 0x0} = {
                    alias = Alias aliasname: 'l2',
                    eref = Alias aliasname: 'l2' = {
                      colnames = List with 16 elements = {
                        0 = String[ 'l_orderkey' ],
                        1 = String[ 'l_partkey' ],
                        2 = String[ 'l_suppkey' ],
                        3 = String[ 'l_linenumber' ],
                        4 = String[ 'l_quantity' ],
                        5 = String[ 'l_extendedprice' ],
                        6 = String[ 'l_discount' ],
                        7 = String[ 'l_tax' ],
                        8 = String[ 'l_returnflag' ],
                        9 = String[ 'l_linestatus' ],
                        10 = String[ 'l_shipdate' ],
                        11 = String[ 'l_commitdate' ],
                        12 = String[ 'l_receiptdate' ],
                        13 = String[ 'l_shipinstruct' ],
                        14 = String[ 'l_shipmode' ],
                        15 = String[ 'l_comment' ]
                      }
                    }
                  }
                },
                jointree = FromExpr  = {
                  fromlist = List with 1 elements = {
                    0 = RangeTblRef rtindex: 1
                  },
                  quals = Const {consttype: 16, consttypmod: -1, constcollid: 0, constlen: 1, constvalue: 1, constisnull: false, constbyval: true, location: -1}
                },
                targetList = List with 2 elements = {
                  0 = TargetEntry {resno: 1, resname: 0x0, ressortgroupref: 0, resorigtbl: 0, resorigcol: 0, resjunk: false} = {
                    expr = Var {varno: 1, varattno: 1, vartype: 23, vartypmod: -1, varcollid: 0, varlevelsup: 0, varnosyn: 0, varattnosyn: 1, location: 300}
                  },
                  1 = TargetEntry {resno: 2, resname: 0x0, ressortgroupref: 0, resorigtbl: 0, resorigcol: 0, resjunk: false} = {
                    expr = Var {varno: 1, varattno: 3, vartype: 23, vartypmod: -1, varcollid: 0, varlevelsup: 0, varnosyn: 0, varattnosyn: 3, location: 340}
                  }
                }
              },
              base_tlist = List with 2 elements = {
                0 = TargetEntry {resno: 1, resname: 0x0, ressortgroupref: 0, resorigtbl: 0, resorigcol: 0, resjunk: false} = {
                  expr = Var {varno: 5, varattno: 1, vartype: 23, vartypmod: -1, varcollid: 0, varlevelsup: 0, varnosyn: 5, varattnosyn: 1, location: 300}
                },
                1 = TargetEntry {resno: 2, resname: 0x0, ressortgroupref: 0, resorigtbl: 0, resorigcol: 0, resjunk: false} = {
                  expr = Var {varno: 5, varattno: 3, vartype: 23, vartypmod: -1, varcollid: 0, varlevelsup: 0, varnosyn: 5, varattnosyn: 3, location: 340}
                }
              },
              coord_var_tlist = List with 2 elements = {
                0 = TargetEntry {resno: 1, resname: 0x0, ressortgroupref: 0, resorigtbl: 0, resorigcol: 0, resjunk: false} = {
                  expr = Var {varno: 5, varattno: 1, vartype: 23, vartypmod: -1, varcollid: 0, varlevelsup: 0, varnosyn: 5, varattnosyn: 1, location: 300}
                },
                1 = TargetEntry {resno: 2, resname: 0x0, ressortgroupref: 0, resorigtbl: 0, resorigcol: 0, resjunk: false} = {
                  expr = Var {varno: 5, varattno: 3, vartype: 23, vartypmod: -1, varcollid: 0, varlevelsup: 0, varnosyn: 5, varattnosyn: 3, location: 340}
                }
              },
              query_var_tlist = List with 2 elements = {
                0 = TargetEntry {resno: 1, resname: 0x0, ressortgroupref: 0, resorigtbl: 0, resorigcol: 0, resjunk: false} = {
                  expr = Var {varno: 1, varattno: 1, vartype: 23, vartypmod: -1, varcollid: 0, varlevelsup: 0, varnosyn: 0, varattnosyn: 1, location: 300}
                },
                1 = TargetEntry {resno: 2, resname: 0x0, ressortgroupref: 0, resorigtbl: 0, resorigcol: 0, resjunk: false} = {
                  expr = Var {varno: 1, varattno: 3, vartype: 23, vartypmod: -1, varcollid: 0, varlevelsup: 0, varnosyn: 0, varattnosyn: 3, location: 340}
                }
              }
            },
            join.joinqual = List with 2 elements = {
              0 = OpExpr {opno: 518, opfuncid: 144, opresulttype: 16, opretset: false, opcollid: 0, inputcollid: 0, location: 353} = {
                args = List with 2 elements = {
                  0 = Var {varno: 65000, varattno: 2, vartype: 23, vartypmod: -1, varcollid: 0, varlevelsup: 0, varnosyn: 5, varattnosyn: 3, location: 340},
                  1 = Var {varno: 65001, varattno: 2, vartype: 23, vartypmod: -1, varcollid: 0, varlevelsup: 0, varnosyn: 2, varattnosyn: 3, location: 356}
                }
              },
              1 = OpExpr {opno: 96, opfuncid: 65, opresulttype: 16, opretset: false, opcollid: 0, inputcollid: 0, location: -1} = {
                args = List with 2 elements = {
                  0 = Var {varno: 65001, varattno: 4, vartype: 23, vartypmod: -1, varcollid: 0, varlevelsup: 0, varnosyn: 3, varattnosyn: 1, location: 129},
                  1 = Var {varno: 65000, varattno: 1, vartype: 23, vartypmod: -1, varcollid: 0, varlevelsup: 0, varnosyn: 5, varattnosyn: 1, location: 300}
                }
              }
            }
          },
          join.plan.righttree = RemoteQuery (cost=0.00..190.50 rows=22 width=8 plan_id=14 parallel_aware=False parallel_safe = False) {scan.scanrelid: 12, exec_direct_type: EXEC_DIRECT_NONE, sql_statement: 'SELECT l_orderkey, l_suppkey FROM ONLY public.lineitem l3 WHERE (l_receiptdate > l_commitdate)', sql_node: 0x0, combine_type: COMBINE_TYPE_NONE, read_only: true, force_autocommit: false, statement: 0x0, cursor: 0x0, rq_num_params: 0, rq_params_internal: false, exec_type: EXEC_ON_DATANODES, is_temp: false, rq_finalise_aggs: false, rq_sortgroup_colno: false, has_row_marks: false, rq_save_command_id: false, rq_use_pk_for_rep_change: false, rq_max_param_num: 0} = {
            scan.plan.targetlist = List with 2 elements = {
              0 = TargetEntry {resno: 1, resname: 0x0, ressortgroupref: 0, resorigtbl: 0, resorigcol: 0, resjunk: false} = {
                expr = Var {varno: 12, varattno: 1, vartype: 23, vartypmod: -1, varcollid: 0, varlevelsup: 0, varnosyn: 6, varattnosyn: 1, location: 454}
              },
              1 = TargetEntry {resno: 2, resname: 0x0, ressortgroupref: 0, resorigtbl: 0, resorigcol: 0, resjunk: false} = {
                expr = Var {varno: 12, varattno: 2, vartype: 23, vartypmod: -1, varcollid: 0, varlevelsup: 0, varnosyn: 6, varattnosyn: 3, location: 494}
              }
            },
            exec_nodes = ExecNodes {accesstype: RELATION_ACCESS_READ, baselocatortype: 72 'H', en_relid: 0, en_funcid: 0} = {
              en_dist_vars = List with 1 elements = {
                0 = Var {varno: 6, varattno: 1, vartype: 23, vartypmod: -1, varcollid: 0, varlevelsup: 0, varnosyn: 6, varattnosyn: 1, location: 454}
              },
              nodeids = OidList with 3 elements = {16386, 16387, 16388}
            },
            remote_query = Query {commandType: CMD_SELECT, querySource: QSRC_ORIGINAL, queryId: 0, canSetTag: false, resultRelation: 0, hasAggs: false, hasWindowFuncs: false, hasTargetSRFs: false, hasSubLinks: false, hasDistinctOn: false, hasRecursive: false, hasModifyingCTE: false, hasForUpdate: false, hasRowSecurity: false, override: OVERRIDING_NOT_SET, limitOption: LIMIT_OPTION_COUNT, stmt_location: 0, stmt_len: 0, is_local: false, has_to_save_cmd_id: false, in_sub_plan: false, in_explain: false} = {
              rtable = List with 1 elements = {
                0 = RangeTblEntry {rtekind: RTE_RELATION, relname: 'lineitem', relid: 270678, relkind: 114 'r', rellockmode: 1, security_barrier: false, jointype: JOIN_INNER, joinmergedcols: 0, funcordinality: false, ctename: 0x0, ctelevelsup: 0, self_reference: false, enrname: 0x0, enrtuples: 0, param_new: -1, param_old: -1, mt_result: 0x0, defaultCols: 0x0, rows: 0, lateral: false, inh: false, inFromCl: true, requiredPerms: 2, checkAsUser: 0, selectedCols: (b 11 12 13 14 15 16 17 18 19 20 21 22 23 24 25 26), insertedCols: 0x0, updatedCols: 0x0, extraUpdatedCols: 0x0} = {
                  alias = Alias aliasname: 'l3',
                  eref = Alias aliasname: 'l3' = {
                    colnames = List with 16 elements = {
                      0 = String[ 'l_orderkey' ],
                      1 = String[ 'l_partkey' ],
                      2 = String[ 'l_suppkey' ],
                      3 = String[ 'l_linenumber' ],
                      4 = String[ 'l_quantity' ],
                      5 = String[ 'l_extendedprice' ],
                      6 = String[ 'l_discount' ],
                      7 = String[ 'l_tax' ],
                      8 = String[ 'l_returnflag' ],
                      9 = String[ 'l_linestatus' ],
                      10 = String[ 'l_shipdate' ],
                      11 = String[ 'l_commitdate' ],
                      12 = String[ 'l_receiptdate' ],
                      13 = String[ 'l_shipinstruct' ],
                      14 = String[ 'l_shipmode' ],
                      15 = String[ 'l_comment' ]
                    }
                  }
                }
              },
              jointree = FromExpr  = {
                fromlist = List with 1 elements = {
                  0 = RangeTblRef rtindex: 1
                },
                quals = OpExpr {opno: 1097, opfuncid: 1089, opresulttype: 16, opretset: false, opcollid: 0, inputcollid: 0, location: 550} = {
                  args = List with 2 elements = {
                    0 = Var {varno: 1, varattno: 13, vartype: 1082, vartypmod: -1, varcollid: 0, varlevelsup: 0, varnosyn: 0, varattnosyn: 13, location: 533},
                    1 = Var {varno: 1, varattno: 12, vartype: 1082, vartypmod: -1, varcollid: 0, varlevelsup: 0, varnosyn: 0, varattnosyn: 12, location: 552}
                  }
                }
              },
              targetList = List with 2 elements = {
                0 = TargetEntry {resno: 1, resname: 0x0, ressortgroupref: 0, resorigtbl: 0, resorigcol: 0, resjunk: false} = {
                  expr = Var {varno: 1, varattno: 1, vartype: 23, vartypmod: -1, varcollid: 0, varlevelsup: 0, varnosyn: 0, varattnosyn: 1, location: 454}
                },
                1 = TargetEntry {resno: 2, resname: 0x0, ressortgroupref: 0, resorigtbl: 0, resorigcol: 0, resjunk: false} = {
                  expr = Var {varno: 1, varattno: 3, vartype: 23, vartypmod: -1, varcollid: 0, varlevelsup: 0, varnosyn: 0, varattnosyn: 3, location: 494}
                }
              }
            },
            base_tlist = List with 2 elements = {
              0 = TargetEntry {resno: 1, resname: 0x0, ressortgroupref: 0, resorigtbl: 0, resorigcol: 0, resjunk: false} = {
                expr = Var {varno: 6, varattno: 1, vartype: 23, vartypmod: -1, varcollid: 0, varlevelsup: 0, varnosyn: 6, varattnosyn: 1, location: 454}
              },
              1 = TargetEntry {resno: 2, resname: 0x0, ressortgroupref: 0, resorigtbl: 0, resorigcol: 0, resjunk: false} = {
                expr = Var {varno: 6, varattno: 3, vartype: 23, vartypmod: -1, varcollid: 0, varlevelsup: 0, varnosyn: 6, varattnosyn: 3, location: 494}
              }
            },
            coord_var_tlist = List with 2 elements = {
              0 = TargetEntry {resno: 1, resname: 0x0, ressortgroupref: 0, resorigtbl: 0, resorigcol: 0, resjunk: false} = {
                expr = Var {varno: 6, varattno: 1, vartype: 23, vartypmod: -1, varcollid: 0, varlevelsup: 0, varnosyn: 6, varattnosyn: 1, location: 454}
              },
              1 = TargetEntry {resno: 2, resname: 0x0, ressortgroupref: 0, resorigtbl: 0, resorigcol: 0, resjunk: false} = {
                expr = Var {varno: 6, varattno: 3, vartype: 23, vartypmod: -1, varcollid: 0, varlevelsup: 0, varnosyn: 6, varattnosyn: 3, location: 494}
              }
            },
            query_var_tlist = List with 2 elements = {
              0 = TargetEntry {resno: 1, resname: 0x0, ressortgroupref: 0, resorigtbl: 0, resorigcol: 0, resjunk: false} = {
                expr = Var {varno: 1, varattno: 1, vartype: 23, vartypmod: -1, varcollid: 0, varlevelsup: 0, varnosyn: 0, varattnosyn: 1, location: 454}
              },
              1 = TargetEntry {resno: 2, resname: 0x0, ressortgroupref: 0, resorigtbl: 0, resorigcol: 0, resjunk: false} = {
                expr = Var {varno: 1, varattno: 3, vartype: 23, vartypmod: -1, varcollid: 0, varlevelsup: 0, varnosyn: 0, varattnosyn: 3, location: 494}
              }
            }
          },
          join.joinqual = List with 2 elements = {
            0 = OpExpr {opno: 518, opfuncid: 144, opresulttype: 16, opretset: false, opcollid: 0, inputcollid: 0, location: 507} = {
              args = List with 2 elements = {
                0 = Var {varno: 65000, varattno: 2, vartype: 23, vartypmod: -1, varcollid: 0, varlevelsup: 0, varnosyn: 6, varattnosyn: 3, location: 494},
                1 = Var {varno: 65001, varattno: 2, vartype: 23, vartypmod: -1, varcollid: 0, varlevelsup: 0, varnosyn: 2, varattnosyn: 3, location: 510}
              }
            },
            1 = OpExpr {opno: 96, opfuncid: 65, opresulttype: 16, opretset: false, opcollid: 0, inputcollid: 0, location: 468} = {
              args = List with 2 elements = {
                0 = Var {varno: 65000, varattno: 1, vartype: 23, vartypmod: -1, varcollid: 0, varlevelsup: 0, varnosyn: 6, varattnosyn: 1, location: 454},
                1 = Var {varno: 65001, varattno: 3, vartype: 23, vartypmod: -1, varcollid: 0, varlevelsup: 0, varnosyn: 2, varattnosyn: 1, location: 470}
              }
            }
          }
        }
      }
    }
  },
  limitCount = Const {consttype: 20, consttypmod: -1, constcollid: 0, constlen: 8, constvalue: 100, constisnull: false, constbyval: true, location: -1}
}

Breakpoint 1, standard_planner (parse=0x55f2f1815f50, query_string=0x55f2f1676670 "select\n  cntrycode,\n  count(*) as numcust,\n  sum(c_acctbal) as totacctbal\nfrom\n  (\n    select\n      substring(c_phone from 1 for 2) as cntrycode,\n      c_acctbal\n    from\n      customer\n    where\n    "..., cursorOptions=33024, boundParams=0x0) at /workspaces/AntDB/src/backend/optimizer/plan/planner.c:661
661		top_plan = create_plan(root, best_path);
$64 = Query {commandType: CMD_SELECT, querySource: QSRC_ORIGINAL, queryId: 0, canSetTag: true, resultRelation: 0, hasAggs: true, hasWindowFuncs: false, hasTargetSRFs: false, hasSubLinks: true, hasDistinctOn: false, hasRecursive: false, hasModifyingCTE: false, hasForUpdate: false, hasRowSecurity: false, override: OVERRIDING_NOT_SET, limitOption: LIMIT_OPTION_COUNT, stmt_location: 0, stmt_len: 728, is_local: false, has_to_save_cmd_id: false, in_sub_plan: false, in_explain: false} = {
  rtable = List with 3 elements = {
    0 = RangeTblEntry {rtekind: RTE_SUBQUERY, relname: 0x0, relid: 0, relkind: 0 '\000', rellockmode: 0, security_barrier: false, jointype: JOIN_INNER, joinmergedcols: 0, funcordinality: false, ctename: 0x0, ctelevelsup: 0, self_reference: false, enrname: 0x0, enrtuples: 0, param_new: -1, param_old: -1, mt_result: 0x0, defaultCols: 0x0, rows: 0, lateral: false, inh: false, inFromCl: true, requiredPerms: 0, checkAsUser: 0, selectedCols: 0x0, insertedCols: 0x0, updatedCols: 0x0, extraUpdatedCols: 0x0} = {
      subquery = Query {commandType: CMD_SELECT, querySource: QSRC_ORIGINAL, queryId: 0, canSetTag: true, resultRelation: 0, hasAggs: false, hasWindowFuncs: false, hasTargetSRFs: false, hasSubLinks: true, hasDistinctOn: false, hasRecursive: false, hasModifyingCTE: false, hasForUpdate: false, hasRowSecurity: false, override: OVERRIDING_NOT_SET, limitOption: LIMIT_OPTION_COUNT, stmt_location: 0, stmt_len: 0, is_local: false, has_to_save_cmd_id: false, in_sub_plan: false, in_explain: false} = {
        rtable = List with 1 elements = {
          0 = RangeTblEntry {rtekind: RTE_RELATION, relname: 'customer', relid: 270672, relkind: 114 'r', rellockmode: 1, security_barrier: false, jointype: JOIN_INNER, joinmergedcols: 0, funcordinality: false, ctename: 0x0, ctelevelsup: 0, self_reference: false, enrname: 0x0, enrtuples: 0, param_new: -1, param_old: -1, mt_result: 0x0, defaultCols: 0x0, rows: 0, lateral: false, inh: true, inFromCl: true, requiredPerms: 2, checkAsUser: 0, selectedCols: (b 11 15 16), insertedCols: 0x0, updatedCols: 0x0, extraUpdatedCols: 0x0} = {
            eref = Alias aliasname: 'customer' = {
              colnames = List with 8 elements = {
                0 = String[ 'c_custkey' ],
                1 = String[ 'c_name' ],
                2 = String[ 'c_address' ],
                3 = String[ 'c_nationkey' ],
                4 = String[ 'c_phone' ],
                5 = String[ 'c_acctbal' ],
                6 = String[ 'c_mktsegment' ],
                7 = String[ 'c_comment' ]
              }
            }
          }
        },
        jointree = FromExpr  = {
          fromlist = List with 1 elements = {
            0 = RangeTblRef rtindex: 1
          },
          quals = BoolExpr {boolop: AND_EXPR, location: 294} = {
            args = List with 3 elements = {
              0 = ScalarArrayOpExpr {opno: 98, opfuncid: 67, useOr: true, inputcollid: 100, location: 234} = {
                args = List with 2 elements = {
                  0 = FuncExpr {funcid: 936, funcresulttype: 25, funcretset: false, funcvariadic: false, funcformat: COERCE_EXPLICIT_CALL, funccollid: 100, inputcollid: 100, location: 202} = {
                    args = List with 3 elements = {
                      0 = FuncExpr {funcid: 401, funcresulttype: 25, funcretset: false, funcvariadic: false, funcformat: COERCE_IMPLICIT_CAST, funccollid: 100, inputcollid: 100, location: -1} = {
                        args = List with 1 elements = {
                          0 = Var {varno: 1, varattno: 5, vartype: 1042, vartypmod: 19, varcollid: 100, varlevelsup: 0, varnosyn: 1, varattnosyn: 5, location: 212}
                        }
                      },
                      1 = Const {consttype: 23, consttypmod: -1, constcollid: 0, constlen: 4, constvalue: 1, constisnull: false, constbyval: true, location: 225},
                      2 = Const {consttype: 23, consttypmod: -1, constcollid: 0, constlen: 4, constvalue: 2, constisnull: false, constbyval: true, location: 231}
                    }
                  },
                  1 = ArrayExpr {array_typeid: 1009, array_collid: 100, element_typeid: 25, multidims: false, location: -1} = {
                    elements = List with 7 elements = {
                      0 = Const {consttype: 25, consttypmod: -1, constcollid: 100, constlen: -1, constvalue: 94501922240824, constisnull: false, constbyval: false, location: 246},
                      1 = Const {consttype: 25, consttypmod: -1, constcollid: 100, constlen: -1, constvalue: 94501922241032, constisnull: false, constbyval: false, location: 252},
                      2 = Const {consttype: 25, consttypmod: -1, constcollid: 100, constlen: -1, constvalue: 94501922241152, constisnull: false, constbyval: false, location: 258},
                      3 = Const {consttype: 25, consttypmod: -1, constcollid: 100, constlen: -1, constvalue: 94501922241272, constisnull: false, constbyval: false, location: 264},
                      4 = Const {consttype: 25, consttypmod: -1, constcollid: 100, constlen: -1, constvalue: 94501922241392, constisnull: false, constbyval: false, location: 270},
                      5 = Const {consttype: 25, consttypmod: -1, constcollid: 100, constlen: -1, constvalue: 94501922241512, constisnull: false, constbyval: false, location: 276},
                      6 = Const {consttype: 25, consttypmod: -1, constcollid: 100, constlen: -1, constvalue: 94501922241784, constisnull: false, constbyval: false, location: 282}
                    }
                  }
                }
              },
              1 = OpExpr {opno: 1756, opfuncid: 1720, opresulttype: 16, opretset: false, opcollid: 0, inputcollid: 0, location: 308} = {
                args = List with 2 elements = {
                  0 = Var {varno: 1, varattno: 6, vartype: 1700, vartypmod: 983046, varcollid: 0, varlevelsup: 0, varnosyn: 1, varattnosyn: 6, location: 298},
                  1 = SubLink {subLinkType: EXPR_SUBLINK, subLinkId: 0, location: 310} = {
                    subselect = Query {commandType: CMD_SELECT, querySource: QSRC_ORIGINAL, queryId: 0, canSetTag: true, resultRelation: 0, hasAggs: true, hasWindowFuncs: false, hasTargetSRFs: false, hasSubLinks: false, hasDistinctOn: false, hasRecursive: false, hasModifyingCTE: false, hasForUpdate: false, hasRowSecurity: false, override: OVERRIDING_NOT_SET, limitOption: LIMIT_OPTION_COUNT, stmt_location: 0, stmt_len: 0, is_local: false, has_to_save_cmd_id: false, in_sub_plan: false, in_explain: false} = {
                      rtable = List with 1 elements = {
                        0 = RangeTblEntry {rtekind: RTE_RELATION, relname: 'customer', relid: 270672, relkind: 114 'r', rellockmode: 1, security_barrier: false, jointype: JOIN_INNER, joinmergedcols: 0, funcordinality: false, ctename: 0x0, ctelevelsup: 0, self_reference: false, enrname: 0x0, enrtuples: 0, param_new: -1, param_old: -1, mt_result: 0x0, defaultCols: 0x0, rows: 0, lateral: false, inh: true, inFromCl: true, requiredPerms: 2, checkAsUser: 0, selectedCols: (b 15 16), insertedCols: 0x0, updatedCols: 0x0, extraUpdatedCols: 0x0} = {
                          eref = Alias aliasname: 'customer' = {
                            colnames = List with 8 elements = {
                              0 = String[ 'c_custkey' ],
                              1 = String[ 'c_name' ],
                              2 = String[ 'c_address' ],
                              3 = String[ 'c_nationkey' ],
                              4 = String[ 'c_phone' ],
                              5 = String[ 'c_acctbal' ],
                              6 = String[ 'c_mktsegment' ],
                              7 = String[ 'c_comment' ]
                            }
                          }
                        }
                      },
                      jointree = FromExpr  = {
                        fromlist = List with 1 elements = {
                          0 = RangeTblRef rtindex: 1
                        },
                        quals = BoolExpr {boolop: AND_EXPR, location: 435} = {
                          args = List with 2 elements = {
                            0 = OpExpr {opno: 1756, opfuncid: 1720, opresulttype: 16, opretset: false, opcollid: 0, inputcollid: 0, location: 418} = {
                              args = List with 2 elements = {
                                0 = Var {varno: 1, varattno: 6, vartype: 1700, vartypmod: 983046, varcollid: 0, varlevelsup: 0, varnosyn: 1, varattnosyn: 6, location: 408},
                                1 = Const {consttype: 1700, consttypmod: -1, constcollid: 0, constlen: -1, constvalue: 94501922246584, constisnull: false, constbyval: false, location: 420}
                              }
                            },
                            1 = ScalarArrayOpExpr {opno: 98, opfuncid: 67, useOr: true, inputcollid: 100, location: 471} = {
                              args = List with 2 elements = {
                                0 = FuncExpr {funcid: 936, funcresulttype: 25, funcretset: false, funcvariadic: false, funcformat: COERCE_EXPLICIT_CALL, funccollid: 100, inputcollid: 100, location: 439} = {
                                  args = List with 3 elements = {
                                    0 = FuncExpr {funcid: 401, funcresulttype: 25, funcretset: false, funcvariadic: false, funcformat: COERCE_IMPLICIT_CAST, funccollid: 100, inputcollid: 100, location: -1} = {
                                      args = List with 1 elements = {
                                        0 = Var {varno: 1, varattno: 5, vartype: 1042, vartypmod: 19, varcollid: 100, varlevelsup: 0, varnosyn: 1, varattnosyn: 5, location: 449}
                                      }
                                    },
                                    1 = Const {consttype: 23, consttypmod: -1, constcollid: 0, constlen: 4, constvalue: 1, constisnull: false, constbyval: true, location: 462},
                                    2 = Const {consttype: 23, consttypmod: -1, constcollid: 0, constlen: 4, constvalue: 2, constisnull: false, constbyval: true, location: 468}
                                  }
                                },
                                1 = ArrayExpr {array_typeid: 1009, array_collid: 100, element_typeid: 25, multidims: false, location: -1} = {
                                  elements = List with 7 elements = {
                                    0 = Const {consttype: 25, consttypmod: -1, constcollid: 100, constlen: -1, constvalue: 94501922246552, constisnull: false, constbyval: false, location: 487},
                                    1 = Const {consttype: 25, consttypmod: -1, constcollid: 100, constlen: -1, constvalue: 94501922249536, constisnull: false, constbyval: false, location: 493},
                                    2 = Const {consttype: 25, consttypmod: -1, constcollid: 100, constlen: -1, constvalue: 94501922249656, constisnull: false, constbyval: false, location: 499},
                                    3 = Const {consttype: 25, consttypmod: -1, constcollid: 100, constlen: -1, constvalue: 94501922249776, constisnull: false, constbyval: false, location: 505},
                                    4 = Const {consttype: 25, consttypmod: -1, constcollid: 100, constlen: -1, constvalue: 94501921722168, constisnull: false, constbyval: false, location: 511},
                                    5 = Const {consttype: 25, consttypmod: -1, constcollid: 100, constlen: -1, constvalue: 94501921722288, constisnull: false, constbyval: false, location: 517},
                                    6 = Const {consttype: 25, consttypmod: -1, constcollid: 100, constlen: -1, constvalue: 94501921722560, constisnull: false, constbyval: false, location: 523}
                                  }
                                }
                              }
                            }
                          }
                        }
                      },
                      targetList = List with 1 elements = {
                        0 = TargetEntry {resno: 1, resname: 'avg', ressortgroupref: 0, resorigtbl: 0, resorigcol: 0, resjunk: false} = {
                          expr = Aggref {aggfnoid: 2103, aggtype: 1700, aggcollid: 0, inputcollid: 0, aggtranstype: 0, aggtrantype: 0, agghas_collectfn: false, rank_first: false, aggstar: false, aggvariadic: false, aggkind: 110 'n', agglevelsup: 0, aggsplit: AGGSPLIT_SIMPLE, location: 337} = {
                            aggargtypes = OidList with 1 elements = {1700},
                            args = List with 1 elements = {
                              0 = TargetEntry {resno: 1, resname: 0x0, ressortgroupref: 0, resorigtbl: 0, resorigcol: 0, resjunk: false} = {
                                expr = Var {varno: 1, varattno: 6, vartype: 1700, vartypmod: 983046, varcollid: 0, varlevelsup: 0, varnosyn: 1, varattnosyn: 6, location: 341}
                              }
                            }
                          }
                        }
                      }
                    }
                  }
                }
              },
              2 = BoolExpr {boolop: NOT_EXPR, location: 547} = {
                args = List with 1 elements = {
                  0 = SubLink {subLinkType: EXISTS_SUBLINK, subLinkId: 0, location: 551} = {
                    subselect = Query {commandType: CMD_SELECT, querySource: QSRC_ORIGINAL, queryId: 0, canSetTag: true, resultRelation: 0, hasAggs: false, hasWindowFuncs: false, hasTargetSRFs: false, hasSubLinks: false, hasDistinctOn: false, hasRecursive: false, hasModifyingCTE: false, hasForUpdate: false, hasRowSecurity: false, override: OVERRIDING_NOT_SET, limitOption: LIMIT_OPTION_COUNT, stmt_location: 0, stmt_len: 0, is_local: false, has_to_save_cmd_id: false, in_sub_plan: false, in_explain: false} = {
                      rtable = List with 1 elements = {
                        0 = RangeTblEntry {rtekind: RTE_RELATION, relname: 'orders', relid: 270675, relkind: 114 'r', rellockmode: 1, security_barrier: false, jointype: JOIN_INNER, joinmergedcols: 0, funcordinality: false, ctename: 0x0, ctelevelsup: 0, self_reference: false, enrname: 0x0, enrtuples: 0, param_new: -1, param_old: -1, mt_result: 0x0, defaultCols: 0x0, rows: 0, lateral: false, inh: true, inFromCl: true, requiredPerms: 2, checkAsUser: 0, selectedCols: (b 11 12 13 14 15 16 17 18 19), insertedCols: 0x0, updatedCols: 0x0, extraUpdatedCols: 0x0} = {
                          eref = Alias aliasname: 'orders' = {
                            colnames = List with 9 elements = {
                              0 = String[ 'o_orderkey' ],
                              1 = String[ 'o_custkey' ],
                              2 = String[ 'o_orderstatus' ],
                              3 = String[ 'o_totalprice' ],
                              4 = String[ 'o_orderdate' ],
                              5 = String[ 'o_orderpriority' ],
                              6 = String[ 'o_clerk' ],
                              7 = String[ 'o_shippriority' ],
                              8 = String[ 'o_comment' ]
                            }
                          }
                        }
                      },
                      jointree = FromExpr  = {
                        fromlist = List with 1 elements = {
                          0 = RangeTblRef rtindex: 1
                        },
                        quals = OpExpr {opno: 96, opfuncid: 65, opresulttype: 16, opretset: false, opcollid: 0, inputcollid: 0, location: 651} = {
                          args = List with 2 elements = {
                            0 = Var {varno: 1, varattno: 2, vartype: 23, vartypmod: -1, varcollid: 0, varlevelsup: 0, varnosyn: 1, varattnosyn: 2, location: 641},
                            1 = Var {varno: 1, varattno: 1, vartype: 23, vartypmod: -1, varcollid: 0, varlevelsup: 1, varnosyn: 1, varattnosyn: 1, location: 653}
                          }
                        }
                      },
                      targetList = List with 9 elements = {
                        0 = TargetEntry {resno: 1, resname: 'o_orderkey', ressortgroupref: 0, resorigtbl: 270675, resorigcol: 1, resjunk: false} = {
                          expr = Var {varno: 1, varattno: 1, vartype: 23, vartypmod: -1, varcollid: 0, varlevelsup: 0, varnosyn: 1, varattnosyn: 1, location: 585}
                        },
                        1 = TargetEntry {resno: 2, resname: 'o_custkey', ressortgroupref: 0, resorigtbl: 270675, resorigcol: 2, resjunk: false} = {
                          expr = Var {varno: 1, varattno: 2, vartype: 23, vartypmod: -1, varcollid: 0, varlevelsup: 0, varnosyn: 1, varattnosyn: 2, location: 585}
                        },
                        2 = TargetEntry {resno: 3, resname: 'o_orderstatus', ressortgroupref: 0, resorigtbl: 270675, resorigcol: 3, resjunk: false} = {
                          expr = Var {varno: 1, varattno: 3, vartype: 1042, vartypmod: 5, varcollid: 100, varlevelsup: 0, varnosyn: 1, varattnosyn: 3, location: 585}
                        },
                        3 = TargetEntry {resno: 4, resname: 'o_totalprice', ressortgroupref: 0, resorigtbl: 270675, resorigcol: 4, resjunk: false} = {
                          expr = Var {varno: 1, varattno: 4, vartype: 1700, vartypmod: 983046, varcollid: 0, varlevelsup: 0, varnosyn: 1, varattnosyn: 4, location: 585}
                        },
                        4 = TargetEntry {resno: 5, resname: 'o_orderdate', ressortgroupref: 0, resorigtbl: 270675, resorigcol: 5, resjunk: false} = {
                          expr = Var {varno: 1, varattno: 5, vartype: 1082, vartypmod: -1, varcollid: 0, varlevelsup: 0, varnosyn: 1, varattnosyn: 5, location: 585}
                        },
                        5 = TargetEntry {resno: 6, resname: 'o_orderpriority', ressortgroupref: 0, resorigtbl: 270675, resorigcol: 6, resjunk: false} = {
                          expr = Var {varno: 1, varattno: 6, vartype: 1042, vartypmod: 19, varcollid: 100, varlevelsup: 0, varnosyn: 1, varattnosyn: 6, location: 585}
                        },
                        6 = TargetEntry {resno: 7, resname: 'o_clerk', ressortgroupref: 0, resorigtbl: 270675, resorigcol: 7, resjunk: false} = {
                          expr = Var {varno: 1, varattno: 7, vartype: 1042, vartypmod: 19, varcollid: 100, varlevelsup: 0, varnosyn: 1, varattnosyn: 7, location: 585}
                        },
                        7 = TargetEntry {resno: 8, resname: 'o_shippriority', ressortgroupref: 0, resorigtbl: 270675, resorigcol: 8, resjunk: false} = {
                          expr = Var {varno: 1, varattno: 8, vartype: 23, vartypmod: -1, varcollid: 0, varlevelsup: 0, varnosyn: 1, varattnosyn: 8, location: 585}
                        },
                        8 = TargetEntry {resno: 9, resname: 'o_comment', ressortgroupref: 0, resorigtbl: 270675, resorigcol: 9, resjunk: false} = {
                          expr = Var {varno: 1, varattno: 9, vartype: 1043, vartypmod: 83, varcollid: 100, varlevelsup: 0, varnosyn: 1, varattnosyn: 9, location: 585}
                        }
                      }
                    }
                  }
                }
              }
            }
          }
        },
        targetList = List with 2 elements = {
          0 = TargetEntry {resno: 1, resname: 'cntrycode', ressortgroupref: 0, resorigtbl: 0, resorigcol: 0, resjunk: false} = {
            expr = FuncExpr {funcid: 936, funcresulttype: 25, funcretset: false, funcvariadic: false, funcformat: COERCE_EXPLICIT_CALL, funccollid: 100, inputcollid: 100, location: 100} = {
              args = List with 3 elements = {
                0 = FuncExpr {funcid: 401, funcresulttype: 25, funcretset: false, funcvariadic: false, funcformat: COERCE_IMPLICIT_CAST, funccollid: 100, inputcollid: 100, location: -1} = {
                  args = List with 1 elements = {
                    0 = Var {varno: 1, varattno: 5, vartype: 1042, vartypmod: 19, varcollid: 100, varlevelsup: 0, varnosyn: 1, varattnosyn: 5, location: 110}
                  }
                },
                1 = Const {consttype: 23, consttypmod: -1, constcollid: 0, constlen: 4, constvalue: 1, constisnull: false, constbyval: true, location: 123},
                2 = Const {consttype: 23, consttypmod: -1, constcollid: 0, constlen: 4, constvalue: 2, constisnull: false, constbyval: true, location: 129}
              }
            }
          },
          1 = TargetEntry {resno: 2, resname: 'c_acctbal', ressortgroupref: 0, resorigtbl: 270672, resorigcol: 6, resjunk: false} = {
            expr = Var {varno: 1, varattno: 6, vartype: 1700, vartypmod: 983046, varcollid: 0, varlevelsup: 0, varnosyn: 1, varattnosyn: 6, location: 152}
          }
        }
      },
      alias = Alias aliasname: 'custsale',
      eref = Alias aliasname: 'custsale' = {
        colnames = List with 2 elements = {
          0 = String[ 'cntrycode' ],
          1 = String[ 'c_acctbal' ]
        }
      }
    },
    1 = RangeTblEntry {rtekind: RTE_RELATION, relname: 'customer', relid: 270672, relkind: 114 'r', rellockmode: 1, security_barrier: false, jointype: JOIN_INNER, joinmergedcols: 0, funcordinality: false, ctename: 0x0, ctelevelsup: 0, self_reference: false, enrname: 0x0, enrtuples: 0, param_new: -1, param_old: -1, mt_result: 0x0, defaultCols: 0x0, rows: 0, lateral: false, inh: false, inFromCl: true, requiredPerms: 2, checkAsUser: 0, selectedCols: (b 11 15 16), insertedCols: 0x0, updatedCols: 0x0, extraUpdatedCols: 0x0} = {
      eref = Alias aliasname: 'customer' = {
        colnames = List with 8 elements = {
          0 = String[ 'c_custkey' ],
          1 = String[ 'c_name' ],
          2 = String[ 'c_address' ],
          3 = String[ 'c_nationkey' ],
          4 = String[ 'c_phone' ],
          5 = String[ 'c_acctbal' ],
          6 = String[ 'c_mktsegment' ],
          7 = String[ 'c_comment' ]
        }
      }
    },
    2 = RangeTblEntry {rtekind: RTE_RELATION, relname: 'orders', relid: 270675, relkind: 114 'r', rellockmode: 1, security_barrier: false, jointype: JOIN_INNER, joinmergedcols: 0, funcordinality: false, ctename: 0x0, ctelevelsup: 0, self_reference: false, enrname: 0x0, enrtuples: 0, param_new: -1, param_old: -1, mt_result: 0x0, defaultCols: 0x0, rows: 0, lateral: false, inh: false, inFromCl: true, requiredPerms: 2, checkAsUser: 0, selectedCols: (b 11 12 13 14 15 16 17 18 19), insertedCols: 0x0, updatedCols: 0x0, extraUpdatedCols: 0x0} = {
      eref = Alias aliasname: 'orders' = {
        colnames = List with 9 elements = {
          0 = String[ 'o_orderkey' ],
          1 = String[ 'o_custkey' ],
          2 = String[ 'o_orderstatus' ],
          3 = String[ 'o_totalprice' ],
          4 = String[ 'o_orderdate' ],
          5 = String[ 'o_orderpriority' ],
          6 = String[ 'o_clerk' ],
          7 = String[ 'o_shippriority' ],
          8 = String[ 'o_comment' ]
        }
      }
    }
  },
  jointree = FromExpr  = {
    fromlist = List with 1 elements = {
      0 = JoinExpr {jointype: JOIN_ANTI, isNatural: false, rtindex: 0} = {
        larg = FromExpr  = {
          fromlist = List with 1 elements = {
            0 = RangeTblRef rtindex: 2
          },
          quals = List with 2 elements = {
            0 = ScalarArrayOpExpr {opno: 98, opfuncid: 67, useOr: true, inputcollid: 100, location: 234} = {
              args = List with 2 elements = {
                0 = FuncExpr {funcid: 936, funcresulttype: 25, funcretset: false, funcvariadic: false, funcformat: COERCE_EXPLICIT_CALL, funccollid: 100, inputcollid: 100, location: 202} = {
                  args = List with 3 elements = {
                    0 = FuncExpr {funcid: 401, funcresulttype: 25, funcretset: false, funcvariadic: false, funcformat: COERCE_IMPLICIT_CAST, funccollid: 100, inputcollid: 100, location: -1} = {
                      args = List with 1 elements = {
                        0 = Var {varno: 2, varattno: 5, vartype: 1042, vartypmod: 19, varcollid: 100, varlevelsup: 0, varnosyn: 2, varattnosyn: 5, location: 212}
                      }
                    },
                    1 = Const {consttype: 23, consttypmod: -1, constcollid: 0, constlen: 4, constvalue: 1, constisnull: false, constbyval: true, location: 225},
                    2 = Const {consttype: 23, consttypmod: -1, constcollid: 0, constlen: 4, constvalue: 2, constisnull: false, constbyval: true, location: 231}
                  }
                },
                1 = Const {consttype: 1009, consttypmod: -1, constcollid: 100, constlen: -1, constvalue: 94501922423648, constisnull: false, constbyval: false, location: -1}
              }
            },
            1 = OpExpr {opno: 1756, opfuncid: 1720, opresulttype: 16, opretset: false, opcollid: 0, inputcollid: 0, location: 308} = {
              args = List with 2 elements = {
                0 = Var {varno: 2, varattno: 6, vartype: 1700, vartypmod: 983046, varcollid: 0, varlevelsup: 0, varnosyn: 2, varattnosyn: 6, location: 298},
                1 = Param {paramkind: PARAM_EXEC, paramid: 0, paramtype: 1700, paramtypmod: -1, paramcollid: 0, location: -1}
              }
            }
          }
        },
        rarg = RangeTblRef rtindex: 3,
        quals = List with 1 elements = {
          0 = OpExpr {opno: 96, opfuncid: 65, opresulttype: 16, opretset: false, opcollid: 0, inputcollid: 0, location: 651} = {
            args = List with 2 elements = {
              0 = Var {varno: 3, varattno: 2, vartype: 23, vartypmod: -1, varcollid: 0, varlevelsup: 0, varnosyn: 3, varattnosyn: 2, location: 641},
              1 = Var {varno: 2, varattno: 1, vartype: 23, vartypmod: -1, varcollid: 0, varlevelsup: 0, varnosyn: 2, varattnosyn: 1, location: 653}
            }
          }
        }
      }
    }
  },
  targetList = List with 3 elements = {
    0 = TargetEntry {resno: 1, resname: 'cntrycode', ressortgroupref: 1, resorigtbl: 0, resorigcol: 0, resjunk: false} = {
      expr = FuncExpr {funcid: 936, funcresulttype: 25, funcretset: false, funcvariadic: false, funcformat: COERCE_EXPLICIT_CALL, funccollid: 100, inputcollid: 100, location: 100} = {
        args = List with 3 elements = {
          0 = FuncExpr {funcid: 401, funcresulttype: 25, funcretset: false, funcvariadic: false, funcformat: COERCE_IMPLICIT_CAST, funccollid: 100, inputcollid: 100, location: -1} = {
            args = List with 1 elements = {
              0 = Var {varno: 2, varattno: 5, vartype: 1042, vartypmod: 19, varcollid: 100, varlevelsup: 0, varnosyn: 2, varattnosyn: 5, location: 110}
            }
          },
          1 = Const {consttype: 23, consttypmod: -1, constcollid: 0, constlen: 4, constvalue: 1, constisnull: false, constbyval: true, location: 123},
          2 = Const {consttype: 23, consttypmod: -1, constcollid: 0, constlen: 4, constvalue: 2, constisnull: false, constbyval: true, location: 129}
        }
      }
    },
    1 = TargetEntry {resno: 2, resname: 'numcust', ressortgroupref: 0, resorigtbl: 0, resorigcol: 0, resjunk: false} = {
      expr = Aggref {aggfnoid: 2803, aggtype: 20, aggcollid: 0, inputcollid: 0, aggtranstype: 20, aggtrantype: 0, agghas_collectfn: false, rank_first: false, aggstar: true, aggvariadic: false, aggkind: 110 'n', agglevelsup: 0, aggsplit: AGGSPLIT_SIMPLE, location: 22}
    },
    2 = TargetEntry {resno: 3, resname: 'totacctbal', ressortgroupref: 0, resorigtbl: 0, resorigcol: 0, resjunk: false} = {
      expr = Aggref {aggfnoid: 2114, aggtype: 1700, aggcollid: 0, inputcollid: 0, aggtranstype: 2281, aggtrantype: 0, agghas_collectfn: false, rank_first: false, aggstar: false, aggvariadic: false, aggkind: 110 'n', agglevelsup: 0, aggsplit: AGGSPLIT_SIMPLE, location: 45} = {
        aggargtypes = OidList with 1 elements = {1700},
        args = List with 1 elements = {
          0 = TargetEntry {resno: 1, resname: 0x0, ressortgroupref: 0, resorigtbl: 0, resorigcol: 0, resjunk: false} = {
            expr = Var {varno: 2, varattno: 6, vartype: 1700, vartypmod: 983046, varcollid: 0, varlevelsup: 0, varnosyn: 2, varattnosyn: 6, location: 152}
          }
        }
      }
    }
  },
  groupClause = List with 1 elements = {
    0 = SortGroupClause {tleSortGroupRef: 1, eqop: 98, sortop: 664, nulls_first: false, hashable: true}
  },
  sortClause = List with 1 elements = {
    0 = SortGroupClause {tleSortGroupRef: 1, eqop: 98, sortop: 664, nulls_first: false, hashable: true}
  }
}
$65 = AggPath T_Agg (cost=476.45..476.48 rows=1 parallel_aware=False parallel_safe=False parallel_workers=0) {aggstrategy: AGG_SORTED, aggsplit: AGGSPLIT_SIMPLE, numGroups: 1, transitionSpace: 128} = {
  path.parent = (b),
  path.pathtarget = PathTarget {cost: (0.00..0.01), width: 72} = {
    sortgrouprefs = [1, 0, 0],
    exprs = List with 3 elements = {
      0 = FuncExpr {funcid: 936, funcresulttype: 25, funcretset: false, funcvariadic: false, funcformat: COERCE_EXPLICIT_CALL, funccollid: 100, inputcollid: 100, location: 100} = {
        args = List with 3 elements = {
          0 = FuncExpr {funcid: 401, funcresulttype: 25, funcretset: false, funcvariadic: false, funcformat: COERCE_IMPLICIT_CAST, funccollid: 100, inputcollid: 100, location: -1} = {
            args = List with 1 elements = {
              0 = Var {varno: 2, varattno: 5, vartype: 1042, vartypmod: 19, varcollid: 100, varlevelsup: 0, varnosyn: 2, varattnosyn: 5, location: 110}
            }
          },
          1 = Const {consttype: 23, consttypmod: -1, constcollid: 0, constlen: 4, constvalue: 1, constisnull: false, constbyval: true, location: 123},
          2 = Const {consttype: 23, consttypmod: -1, constcollid: 0, constlen: 4, constvalue: 2, constisnull: false, constbyval: true, location: 129}
        }
      },
      1 = Aggref {aggfnoid: 2803, aggtype: 20, aggcollid: 0, inputcollid: 0, aggtranstype: 20, aggtrantype: 0, agghas_collectfn: false, rank_first: false, aggstar: true, aggvariadic: false, aggkind: 110 'n', agglevelsup: 0, aggsplit: AGGSPLIT_SIMPLE, location: 22},
      2 = Aggref {aggfnoid: 2114, aggtype: 1700, aggcollid: 0, inputcollid: 0, aggtranstype: 2281, aggtrantype: 0, agghas_collectfn: false, rank_first: false, aggstar: false, aggvariadic: false, aggkind: 110 'n', agglevelsup: 0, aggsplit: AGGSPLIT_SIMPLE, location: 45} = {
        aggargtypes = OidList with 1 elements = {1700},
        args = List with 1 elements = {
          0 = TargetEntry {resno: 1, resname: 0x0, ressortgroupref: 0, resorigtbl: 0, resorigcol: 0, resjunk: false} = {
            expr = Var {varno: 2, varattno: 6, vartype: 1700, vartypmod: 983046, varcollid: 0, varlevelsup: 0, varnosyn: 2, varattnosyn: 6, location: 152}
          }
        }
      }
    },
    as_loc_list = IntList with 3 elements = {-1, 34, 63},
    expr_loc_list = IntList with 3 elements = {9, 22, 45},
    expr_len_list = IntList with 3 elements = {-1, 9, 15},
    expr_type_list = IntList with 3 elements = {398, 405, 405}
  },
  path.pathkeys = List with 1 elements = {
    0 = PathKey {pk_opfamily: 1994, pk_strategy: 1, pk_nulls_first: false} = {
      pk_eclass = EquivalenceClass {ec_collation: 100, ec_relids: (b 2), ec_has_const: false, ec_has_volatile: false, ec_broken: false, ec_sortref: 1, ec_min_security: 4294967295, ec_max_security: 0} = {
        ec_opfamilies = OidList with 2 elements = {1994, 2095},
        ec_members = List with 1 elements = {
          0 = EquivalenceMember {em_relids: (b 2), em_is_const: false, em_is_child: false, em_datatype: 25} = {
            em_expr = FuncExpr {funcid: 936, funcresulttype: 25, funcretset: false, funcvariadic: false, funcformat: COERCE_EXPLICIT_CALL, funccollid: 100, inputcollid: 100, location: 100} = {
              args = List with 3 elements = {
                0 = FuncExpr {funcid: 401, funcresulttype: 25, funcretset: false, funcvariadic: false, funcformat: COERCE_IMPLICIT_CAST, funccollid: 100, inputcollid: 100, location: -1} = {
                  args = List with 1 elements = {
                    0 = Var {varno: 2, varattno: 5, vartype: 1042, vartypmod: 19, varcollid: 100, varlevelsup: 0, varnosyn: 2, varattnosyn: 5, location: 110}
                  }
                },
                1 = Const {consttype: 23, consttypmod: -1, constcollid: 0, constlen: 4, constvalue: 1, constisnull: false, constbyval: true, location: 123},
                2 = Const {consttype: 23, consttypmod: -1, constcollid: 0, constlen: 4, constvalue: 2, constisnull: false, constbyval: true, location: 129}
              }
            }
          }
        }
      }
    }
  },
  subpath = SortPath T_Sort (cost=338.16..338.17 rows=1 parallel_aware=False parallel_safe=False parallel_workers=0)  = {
    path.parent = (b),
    path.pathtarget = PathTarget {cost: (0.00..0.01), width: 50} = {
      sortgrouprefs = [1, 0],
      exprs = List with 2 elements = {
        0 = FuncExpr {funcid: 936, funcresulttype: 25, funcretset: false, funcvariadic: false, funcformat: COERCE_EXPLICIT_CALL, funccollid: 100, inputcollid: 100, location: 100} = {
          args = List with 3 elements = {
            0 = FuncExpr {funcid: 401, funcresulttype: 25, funcretset: false, funcvariadic: false, funcformat: COERCE_IMPLICIT_CAST, funccollid: 100, inputcollid: 100, location: -1} = {
              args = List with 1 elements = {
                0 = Var {varno: 2, varattno: 5, vartype: 1042, vartypmod: 19, varcollid: 100, varlevelsup: 0, varnosyn: 2, varattnosyn: 5, location: 110}
              }
            },
            1 = Const {consttype: 23, consttypmod: -1, constcollid: 0, constlen: 4, constvalue: 1, constisnull: false, constbyval: true, location: 123},
            2 = Const {consttype: 23, consttypmod: -1, constcollid: 0, constlen: 4, constvalue: 2, constisnull: false, constbyval: true, location: 129}
          }
        },
        1 = Var {varno: 2, varattno: 6, vartype: 1700, vartypmod: 983046, varcollid: 0, varlevelsup: 0, varnosyn: 2, varattnosyn: 6, location: 152}
      }
    },
    path.pathkeys = List with 1 elements = {
      0 = PathKey {pk_opfamily: 1994, pk_strategy: 1, pk_nulls_first: false} = {
        pk_eclass = EquivalenceClass {ec_collation: 100, ec_relids: (b 2), ec_has_const: false, ec_has_volatile: false, ec_broken: false, ec_sortref: 1, ec_min_security: 4294967295, ec_max_security: 0} = {
          ec_opfamilies = OidList with 2 elements = {1994, 2095},
          ec_members = List with 1 elements = {
            0 = EquivalenceMember {em_relids: (b 2), em_is_const: false, em_is_child: false, em_datatype: 25} = {
              em_expr = FuncExpr {funcid: 936, funcresulttype: 25, funcretset: false, funcvariadic: false, funcformat: COERCE_EXPLICIT_CALL, funccollid: 100, inputcollid: 100, location: 100} = {
                args = List with 3 elements = {
                  0 = FuncExpr {funcid: 401, funcresulttype: 25, funcretset: false, funcvariadic: false, funcformat: COERCE_IMPLICIT_CAST, funccollid: 100, inputcollid: 100, location: -1} = {
                    args = List with 1 elements = {
                      0 = Var {varno: 2, varattno: 5, vartype: 1042, vartypmod: 19, varcollid: 100, varlevelsup: 0, varnosyn: 2, varattnosyn: 5, location: 110}
                    }
                  },
                  1 = Const {consttype: 23, consttypmod: -1, constcollid: 0, constlen: 4, constvalue: 1, constisnull: false, constbyval: true, location: 123},
                  2 = Const {consttype: 23, consttypmod: -1, constcollid: 0, constlen: 4, constvalue: 2, constisnull: false, constbyval: true, location: 129}
                }
              }
            }
          }
        }
      }
    },
    subpath = ProjectionPath T_Result (cost=0.00..338.15 rows=1 parallel_aware=False parallel_safe=False parallel_workers=0) dummypp: true = {
      path.parent = (b 2 3),
      path.pathtarget = PathTarget {cost: (0.00..0.01), width: 50} = {
        sortgrouprefs = [1, 0],
        exprs = List with 2 elements = {
          0 = FuncExpr {funcid: 936, funcresulttype: 25, funcretset: false, funcvariadic: false, funcformat: COERCE_EXPLICIT_CALL, funccollid: 100, inputcollid: 100, location: 100} = {
            args = List with 3 elements = {
              0 = FuncExpr {funcid: 401, funcresulttype: 25, funcretset: false, funcvariadic: false, funcformat: COERCE_IMPLICIT_CAST, funccollid: 100, inputcollid: 100, location: -1} = {
                args = List with 1 elements = {
                  0 = Var {varno: 2, varattno: 5, vartype: 1042, vartypmod: 19, varcollid: 100, varlevelsup: 0, varnosyn: 2, varattnosyn: 5, location: 110}
                }
              },
              1 = Const {consttype: 23, consttypmod: -1, constcollid: 0, constlen: 4, constvalue: 1, constisnull: false, constbyval: true, location: 123},
              2 = Const {consttype: 23, consttypmod: -1, constcollid: 0, constlen: 4, constvalue: 2, constisnull: false, constbyval: true, location: 129}
            }
          },
          1 = Var {varno: 2, varattno: 6, vartype: 1700, vartypmod: 983046, varcollid: 0, varlevelsup: 0, varnosyn: 2, varattnosyn: 6, location: 152}
        }
      },
      subpath = JoinPath T_NestLoop (cost=0.00..338.15 rows=1 parallel_aware=False parallel_safe=False parallel_workers=0) {jointype: JOIN_ANTI, inner_unique: false} = {
        path.parent = (b 2 3),
        path.pathtarget = PathTarget {cost: (0.00..0.00), width: 82} = {
          exprs = List with 2 elements = {
            0 = Var {varno: 2, varattno: 5, vartype: 1042, vartypmod: 19, varcollid: 100, varlevelsup: 0, varnosyn: 2, varattnosyn: 5, location: 110},
            1 = Var {varno: 2, varattno: 6, vartype: 1700, vartypmod: 983046, varcollid: 0, varlevelsup: 0, varnosyn: 2, varattnosyn: 6, location: 152}
          }
        },
        outerjoinpath = RemoteQueryPath T_RemoteQuery (cost=0.00..138.28 rows=1 parallel_aware=False parallel_safe=False parallel_workers=0) {jointype: JOIN_INNER, rqhas_unshippable_qual: true, rqhas_temp_rel: false, rqhas_unshippable_tlist: false} = {
          path.parent = (b 2),
          path.pathtarget = PathTarget {cost: (0.00..0.00), width: 86} = {
            exprs = List with 3 elements = {
              0 = Var {varno: 2, varattno: 5, vartype: 1042, vartypmod: 19, varcollid: 100, varlevelsup: 0, varnosyn: 2, varattnosyn: 5, location: 110},
              1 = Var {varno: 2, varattno: 6, vartype: 1700, vartypmod: 983046, varcollid: 0, varlevelsup: 0, varnosyn: 2, varattnosyn: 6, location: 152},
              2 = Var {varno: 2, varattno: 1, vartype: 23, vartypmod: -1, varcollid: 0, varlevelsup: 0, varnosyn: 2, varattnosyn: 1, location: 653}
            }
          },
          rqpath_en = ExecNodes {accesstype: RELATION_ACCESS_READ, baselocatortype: 72 'H', en_relid: 0, en_funcid: 0} = {
            en_dist_vars = List with 1 elements = {
              0 = Var {varno: 2, varattno: 1, vartype: 23, vartypmod: -1, varcollid: 0, varlevelsup: 0, varnosyn: 2, varattnosyn: 1, location: 653}
            },
            nodeids = OidList with 3 elements = {16386, 16387, 16388}
          }
        },
        innerjoinpath = RemoteQueryPath T_RemoteQuery (cost=0.00..199.00 rows=70 parallel_aware=False parallel_safe=False parallel_workers=0) {jointype: JOIN_INNER, rqhas_unshippable_qual: false, rqhas_temp_rel: false, rqhas_unshippable_tlist: false} = {
          path.parent = (b 3),
          path.pathtarget = PathTarget {cost: (0.00..0.00), width: 4} = {
            exprs = List with 1 elements = {
              0 = Var {varno: 3, varattno: 2, vartype: 23, vartypmod: -1, varcollid: 0, varlevelsup: 0, varnosyn: 3, varattnosyn: 2, location: 641}
            }
          },
          rqpath_en = ExecNodes {accesstype: RELATION_ACCESS_READ, baselocatortype: 72 'H', en_relid: 0, en_funcid: 0} = {
            en_dist_vars = List with 1 elements = {
              0 = Var {varno: 3, varattno: 1, vartype: 23, vartypmod: -1, varcollid: 0, varlevelsup: 0, varnosyn: 3, varattnosyn: 1, location: -1}
            },
            nodeids = OidList with 3 elements = {16386, 16387, 16388}
          }
        },
        joinrestrictinfo = List with 1 elements = {
          0 = RestrictInfo {is_pushed_down: false, outerjoin_delayed: false, can_join: true, pseudoconstant: false, leakproof: false, security_level: 0, clause_relids: (b 2 3), required_relids: (b 2 3), outer_relids: (b 2), nullable_relids: (b), left_relids: (b 3), right_relids: (b 2), eval_cost: (0.00..0.00), norm_selec: 0.0050, outer_selec: 0.3500, outer_is_left: false, hashjoinoperator: 96, left_bucketsize: 0.1000, right_bucketsize: -1.0000, left_mcvfreq: 0.0000, right_mcvfreq: -1.0000} = {
            clause = OpExpr {opno: 96, opfuncid: 65, opresulttype: 16, opretset: false, opcollid: 0, inputcollid: 0, location: 651} = {
              args = List with 2 elements = {
                0 = Var {varno: 3, varattno: 2, vartype: 23, vartypmod: -1, varcollid: 0, varlevelsup: 0, varnosyn: 3, varattnosyn: 2, location: 641},
                1 = Var {varno: 2, varattno: 1, vartype: 23, vartypmod: -1, varcollid: 0, varlevelsup: 0, varnosyn: 2, varattnosyn: 1, location: 653}
              }
            },
            mergeopfamilies = OidList with 1 elements = {1976}
          }
        }
      }
    }
  },
  groupClause = List with 1 elements = {
    0 = SortGroupClause {tleSortGroupRef: 1, eqop: 98, sortop: 664, nulls_first: false, hashable: true}
  }
}

Breakpoint 2, standard_planner (parse=0x55f2f1815f50, query_string=0x55f2f1676670 "select\n  cntrycode,\n  count(*) as numcust,\n  sum(c_acctbal) as totacctbal\nfrom\n  (\n    select\n      substring(c_phone from 1 for 2) as cntrycode,\n      c_acctbal\n    from\n      customer\n    where\n    "..., cursorOptions=33024, boundParams=0x0) at /workspaces/AntDB/src/backend/optimizer/plan/planner.c:761
761		result->commandType = parse->commandType;
$66 = Agg (cost=476.45..476.48 rows=1 width=72 plan_id=0 parallel_aware=False parallel_safe = False) {aggstrategy: AGG_SORTED, aggsplit: AGGSPLIT_SIMPLE, numCols: 1, numGroups: 1, transitionSpace: 128, aggParams: 0x0} = {
  grpColIdx = [1],
  grpOperators = [98],
  grpCollations = [100],
  plan.targetlist = List with 3 elements = {
    0 = TargetEntry {resno: 1, resname: 'cntrycode', ressortgroupref: 1, resorigtbl: 0, resorigcol: 0, resjunk: false} = {
      expr = Var {varno: 65001, varattno: 1, vartype: 25, vartypmod: -1, varcollid: 100, varlevelsup: 0, varnosyn: 0, varattnosyn: 0, location: -1}
    },
    1 = TargetEntry {resno: 2, resname: 'numcust', ressortgroupref: 0, resorigtbl: 0, resorigcol: 0, resjunk: false} = {
      expr = Aggref {aggfnoid: 2803, aggtype: 20, aggcollid: 0, inputcollid: 0, aggtranstype: 20, aggtrantype: 0, agghas_collectfn: false, rank_first: false, aggstar: true, aggvariadic: false, aggkind: 110 'n', agglevelsup: 0, aggsplit: AGGSPLIT_SIMPLE, location: 22}
    },
    2 = TargetEntry {resno: 3, resname: 'totacctbal', ressortgroupref: 0, resorigtbl: 0, resorigcol: 0, resjunk: false} = {
      expr = Aggref {aggfnoid: 2114, aggtype: 1700, aggcollid: 0, inputcollid: 0, aggtranstype: 2281, aggtrantype: 0, agghas_collectfn: false, rank_first: false, aggstar: false, aggvariadic: false, aggkind: 110 'n', agglevelsup: 0, aggsplit: AGGSPLIT_SIMPLE, location: 45} = {
        aggargtypes = OidList with 1 elements = {1700},
        args = List with 1 elements = {
          0 = TargetEntry {resno: 1, resname: 0x0, ressortgroupref: 0, resorigtbl: 0, resorigcol: 0, resjunk: false} = {
            expr = Var {varno: 65001, varattno: 2, vartype: 1700, vartypmod: 983046, varcollid: 0, varlevelsup: 0, varnosyn: 2, varattnosyn: 6, location: 152}
          }
        }
      }
    }
  },
  plan.lefttree = Sort (cost=338.16..338.17 rows=1 width=50 plan_id=1 parallel_aware=False parallel_safe = False) numCols: 1 = {
    sortColIdx = [1],
    sortOperators = [664],
    collations = [100],
    nullsFirst = [False],
    plan.targetlist = List with 2 elements = {
      0 = TargetEntry {resno: 1, resname: 0x0, ressortgroupref: 1, resorigtbl: 0, resorigcol: 0, resjunk: false} = {
        expr = Var {varno: 65001, varattno: 1, vartype: 25, vartypmod: -1, varcollid: 100, varlevelsup: 0, varnosyn: 0, varattnosyn: 0, location: -1}
      },
      1 = TargetEntry {resno: 2, resname: 0x0, ressortgroupref: 0, resorigtbl: 0, resorigcol: 0, resjunk: false} = {
        expr = Var {varno: 65001, varattno: 2, vartype: 1700, vartypmod: 983046, varcollid: 0, varlevelsup: 0, varnosyn: 2, varattnosyn: 6, location: -1}
      }
    },
    plan.lefttree = NestLoop (cost=0.00..338.15 rows=1 width=50 plan_id=2 parallel_aware=False parallel_safe = False) {join.jointype: JOIN_ANTI, join.inner_unique: false} = {
      join.plan.targetlist = List with 2 elements = {
        0 = TargetEntry {resno: 1, resname: 0x0, ressortgroupref: 1, resorigtbl: 0, resorigcol: 0, resjunk: false} = {
          expr = FuncExpr {funcid: 936, funcresulttype: 25, funcretset: false, funcvariadic: false, funcformat: COERCE_EXPLICIT_CALL, funccollid: 100, inputcollid: 100, location: 100} = {
            args = List with 3 elements = {
              0 = FuncExpr {funcid: 401, funcresulttype: 25, funcretset: false, funcvariadic: false, funcformat: COERCE_IMPLICIT_CAST, funccollid: 100, inputcollid: 100, location: -1} = {
                args = List with 1 elements = {
                  0 = Var {varno: 65001, varattno: 1, vartype: 1042, vartypmod: 19, varcollid: 100, varlevelsup: 0, varnosyn: 2, varattnosyn: 5, location: 110}
                }
              },
              1 = Const {consttype: 23, consttypmod: -1, constcollid: 0, constlen: 4, constvalue: 1, constisnull: false, constbyval: true, location: 123},
              2 = Const {consttype: 23, consttypmod: -1, constcollid: 0, constlen: 4, constvalue: 2, constisnull: false, constbyval: true, location: 129}
            }
          }
        },
        1 = TargetEntry {resno: 2, resname: 0x0, ressortgroupref: 0, resorigtbl: 0, resorigcol: 0, resjunk: false} = {
          expr = Var {varno: 65001, varattno: 2, vartype: 1700, vartypmod: 983046, varcollid: 0, varlevelsup: 0, varnosyn: 2, varattnosyn: 6, location: 152}
        }
      },
      join.plan.lefttree = RemoteQuery (cost=0.00..138.28 rows=1 width=86 plan_id=3 parallel_aware=False parallel_safe = False) {scan.scanrelid: 4, exec_direct_type: EXEC_DIRECT_NONE, sql_statement: 'SELECT c_phone, c_acctbal, c_custkey FROM ONLY public.customer customer WHERE ("substring"((c_phone)', sql_node: 0x0, combine_type: COMBINE_TYPE_NONE, read_only: true, force_autocommit: false, statement: 0x0, cursor: 0x0, rq_num_params: 0, rq_params_internal: false, exec_type: EXEC_ON_DATANODES, is_temp: false, rq_finalise_aggs: false, rq_sortgroup_colno: false, has_row_marks: false, rq_save_command_id: false, rq_use_pk_for_rep_change: false, rq_max_param_num: 0} = {
        scan.plan.targetlist = List with 3 elements = {
          0 = TargetEntry {resno: 1, resname: 0x0, ressortgroupref: 0, resorigtbl: 0, resorigcol: 0, resjunk: false} = {
            expr = Var {varno: 4, varattno: 1, vartype: 1042, vartypmod: 19, varcollid: 100, varlevelsup: 0, varnosyn: 2, varattnosyn: 5, location: 110}
          },
          1 = TargetEntry {resno: 2, resname: 0x0, ressortgroupref: 0, resorigtbl: 0, resorigcol: 0, resjunk: false} = {
            expr = Var {varno: 4, varattno: 2, vartype: 1700, vartypmod: 983046, varcollid: 0, varlevelsup: 0, varnosyn: 2, varattnosyn: 6, location: 152}
          },
          2 = TargetEntry {resno: 3, resname: 0x0, ressortgroupref: 0, resorigtbl: 0, resorigcol: 0, resjunk: false} = {
            expr = Var {varno: 4, varattno: 3, vartype: 23, vartypmod: -1, varcollid: 0, varlevelsup: 0, varnosyn: 2, varattnosyn: 1, location: 653}
          }
        },
        scan.plan.qual = List with 1 elements = {
          0 = OpExpr {opno: 1756, opfuncid: 1720, opresulttype: 16, opretset: false, opcollid: 0, inputcollid: 0, location: 308} = {
            args = List with 2 elements = {
              0 = Var {varno: 4, varattno: 2, vartype: 1700, vartypmod: 983046, varcollid: 0, varlevelsup: 0, varnosyn: 2, varattnosyn: 6, location: 298},
              1 = Param {paramkind: PARAM_EXEC, paramid: 0, paramtype: 1700, paramtypmod: -1, paramcollid: 0, location: -1}
            }
          }
        },
        exec_nodes = ExecNodes {accesstype: RELATION_ACCESS_READ, baselocatortype: 72 'H', en_relid: 0, en_funcid: 0} = {
          en_dist_vars = List with 1 elements = {
            0 = Var {varno: 2, varattno: 1, vartype: 23, vartypmod: -1, varcollid: 0, varlevelsup: 0, varnosyn: 2, varattnosyn: 1, location: 653}
          },
          nodeids = OidList with 3 elements = {16386, 16387, 16388}
        },
        remote_query = Query {commandType: CMD_SELECT, querySource: QSRC_ORIGINAL, queryId: 0, canSetTag: false, resultRelation: 0, hasAggs: false, hasWindowFuncs: false, hasTargetSRFs: false, hasSubLinks: false, hasDistinctOn: false, hasRecursive: false, hasModifyingCTE: false, hasForUpdate: false, hasRowSecurity: false, override: OVERRIDING_NOT_SET, limitOption: LIMIT_OPTION_COUNT, stmt_location: 0, stmt_len: 0, is_local: false, has_to_save_cmd_id: false, in_sub_plan: false, in_explain: false} = {
          rtable = List with 1 elements = {
            0 = RangeTblEntry {rtekind: RTE_RELATION, relname: 'customer', relid: 270672, relkind: 114 'r', rellockmode: 1, security_barrier: false, jointype: JOIN_INNER, joinmergedcols: 0, funcordinality: false, ctename: 0x0, ctelevelsup: 0, self_reference: false, enrname: 0x0, enrtuples: 0, param_new: -1, param_old: -1, mt_result: 0x0, defaultCols: 0x0, rows: 0, lateral: false, inh: false, inFromCl: true, requiredPerms: 2, checkAsUser: 0, selectedCols: (b 11 15 16), insertedCols: 0x0, updatedCols: 0x0, extraUpdatedCols: 0x0} = {
              alias = Alias aliasname: 'customer',
              eref = Alias aliasname: 'customer' = {
                colnames = List with 8 elements = {
                  0 = String[ 'c_custkey' ],
                  1 = String[ 'c_name' ],
                  2 = String[ 'c_address' ],
                  3 = String[ 'c_nationkey' ],
                  4 = String[ 'c_phone' ],
                  5 = String[ 'c_acctbal' ],
                  6 = String[ 'c_mktsegment' ],
                  7 = String[ 'c_comment' ]
                }
              }
            }
          },
          jointree = FromExpr  = {
            fromlist = List with 1 elements = {
              0 = RangeTblRef rtindex: 1
            },
            quals = ScalarArrayOpExpr {opno: 98, opfuncid: 67, useOr: true, inputcollid: 100, location: 234} = {
              args = List with 2 elements = {
                0 = FuncExpr {funcid: 936, funcresulttype: 25, funcretset: false, funcvariadic: false, funcformat: COERCE_EXPLICIT_CALL, funccollid: 100, inputcollid: 100, location: 202} = {
                  args = List with 3 elements = {
                    0 = FuncExpr {funcid: 401, funcresulttype: 25, funcretset: false, funcvariadic: false, funcformat: COERCE_IMPLICIT_CAST, funccollid: 100, inputcollid: 100, location: -1} = {
                      args = List with 1 elements = {
                        0 = Var {varno: 1, varattno: 5, vartype: 1042, vartypmod: 19, varcollid: 100, varlevelsup: 0, varnosyn: 0, varattnosyn: 5, location: 212}
                      }
                    },
                    1 = Const {consttype: 23, consttypmod: -1, constcollid: 0, constlen: 4, constvalue: 1, constisnull: false, constbyval: true, location: 225},
                    2 = Const {consttype: 23, consttypmod: -1, constcollid: 0, constlen: 4, constvalue: 2, constisnull: false, constbyval: true, location: 231}
                  }
                },
                1 = Const {consttype: 1009, consttypmod: -1, constcollid: 100, constlen: -1, constvalue: 94501921967776, constisnull: false, constbyval: false, location: -1}
              }
            }
          },
          targetList = List with 3 elements = {
            0 = TargetEntry {resno: 1, resname: 0x0, ressortgroupref: 0, resorigtbl: 0, resorigcol: 0, resjunk: false} = {
              expr = Var {varno: 1, varattno: 5, vartype: 1042, vartypmod: 19, varcollid: 100, varlevelsup: 0, varnosyn: 0, varattnosyn: 5, location: 110}
            },
            1 = TargetEntry {resno: 2, resname: 0x0, ressortgroupref: 0, resorigtbl: 0, resorigcol: 0, resjunk: false} = {
              expr = Var {varno: 1, varattno: 6, vartype: 1700, vartypmod: 983046, varcollid: 0, varlevelsup: 0, varnosyn: 0, varattnosyn: 6, location: 152}
            },
            2 = TargetEntry {resno: 3, resname: 0x0, ressortgroupref: 0, resorigtbl: 0, resorigcol: 0, resjunk: false} = {
              expr = Var {varno: 1, varattno: 1, vartype: 23, vartypmod: -1, varcollid: 0, varlevelsup: 0, varnosyn: 0, varattnosyn: 1, location: 653}
            }
          }
        },
        base_tlist = List with 3 elements = {
          0 = TargetEntry {resno: 1, resname: 0x0, ressortgroupref: 0, resorigtbl: 0, resorigcol: 0, resjunk: false} = {
            expr = Var {varno: 2, varattno: 5, vartype: 1042, vartypmod: 19, varcollid: 100, varlevelsup: 0, varnosyn: 2, varattnosyn: 5, location: 110}
          },
          1 = TargetEntry {resno: 2, resname: 0x0, ressortgroupref: 0, resorigtbl: 0, resorigcol: 0, resjunk: false} = {
            expr = Var {varno: 2, varattno: 6, vartype: 1700, vartypmod: 983046, varcollid: 0, varlevelsup: 0, varnosyn: 2, varattnosyn: 6, location: 152}
          },
          2 = TargetEntry {resno: 3, resname: 0x0, ressortgroupref: 0, resorigtbl: 0, resorigcol: 0, resjunk: false} = {
            expr = Var {varno: 2, varattno: 1, vartype: 23, vartypmod: -1, varcollid: 0, varlevelsup: 0, varnosyn: 2, varattnosyn: 1, location: 653}
          }
        },
        coord_var_tlist = List with 3 elements = {
          0 = TargetEntry {resno: 1, resname: 0x0, ressortgroupref: 0, resorigtbl: 0, resorigcol: 0, resjunk: false} = {
            expr = Var {varno: 2, varattno: 5, vartype: 1042, vartypmod: 19, varcollid: 100, varlevelsup: 0, varnosyn: 2, varattnosyn: 5, location: 110}
          },
          1 = TargetEntry {resno: 2, resname: 0x0, ressortgroupref: 0, resorigtbl: 0, resorigcol: 0, resjunk: false} = {
            expr = Var {varno: 2, varattno: 6, vartype: 1700, vartypmod: 983046, varcollid: 0, varlevelsup: 0, varnosyn: 2, varattnosyn: 6, location: 152}
          },
          2 = TargetEntry {resno: 3, resname: 0x0, ressortgroupref: 0, resorigtbl: 0, resorigcol: 0, resjunk: false} = {
            expr = Var {varno: 2, varattno: 1, vartype: 23, vartypmod: -1, varcollid: 0, varlevelsup: 0, varnosyn: 2, varattnosyn: 1, location: 653}
          }
        },
        query_var_tlist = List with 3 elements = {
          0 = TargetEntry {resno: 1, resname: 0x0, ressortgroupref: 0, resorigtbl: 0, resorigcol: 0, resjunk: false} = {
            expr = Var {varno: 1, varattno: 5, vartype: 1042, vartypmod: 19, varcollid: 100, varlevelsup: 0, varnosyn: 0, varattnosyn: 5, location: 110}
          },
          1 = TargetEntry {resno: 2, resname: 0x0, ressortgroupref: 0, resorigtbl: 0, resorigcol: 0, resjunk: false} = {
            expr = Var {varno: 1, varattno: 6, vartype: 1700, vartypmod: 983046, varcollid: 0, varlevelsup: 0, varnosyn: 0, varattnosyn: 6, location: 152}
          },
          2 = TargetEntry {resno: 3, resname: 0x0, ressortgroupref: 0, resorigtbl: 0, resorigcol: 0, resjunk: false} = {
            expr = Var {varno: 1, varattno: 1, vartype: 23, vartypmod: -1, varcollid: 0, varlevelsup: 0, varnosyn: 0, varattnosyn: 1, location: 653}
          }
        }
      },
      join.plan.righttree = RemoteQuery (cost=0.00..199.00 rows=70 width=4 plan_id=4 parallel_aware=False parallel_safe = False) {scan.scanrelid: 5, exec_direct_type: EXEC_DIRECT_NONE, sql_statement: 'SELECT o_custkey FROM ONLY public.orders orders WHERE true', sql_node: 0x0, combine_type: COMBINE_TYPE_NONE, read_only: true, force_autocommit: false, statement: 0x0, cursor: 0x0, rq_num_params: 0, rq_params_internal: false, exec_type: EXEC_ON_DATANODES, is_temp: false, rq_finalise_aggs: false, rq_sortgroup_colno: false, has_row_marks: false, rq_save_command_id: false, rq_use_pk_for_rep_change: false, rq_max_param_num: 0} = {
        scan.plan.targetlist = List with 1 elements = {
          0 = TargetEntry {resno: 1, resname: 0x0, ressortgroupref: 0, resorigtbl: 0, resorigcol: 0, resjunk: false} = {
            expr = Var {varno: 5, varattno: 1, vartype: 23, vartypmod: -1, varcollid: 0, varlevelsup: 0, varnosyn: 3, varattnosyn: 2, location: 641}
          }
        },
        exec_nodes = ExecNodes {accesstype: RELATION_ACCESS_READ, baselocatortype: 72 'H', en_relid: 0, en_funcid: 0} = {
          en_dist_vars = List with 1 elements = {
            0 = Var {varno: 3, varattno: 1, vartype: 23, vartypmod: -1, varcollid: 0, varlevelsup: 0, varnosyn: 3, varattnosyn: 1, location: -1}
          },
          nodeids = OidList with 3 elements = {16386, 16387, 16388}
        },
        remote_query = Query {commandType: CMD_SELECT, querySource: QSRC_ORIGINAL, queryId: 0, canSetTag: false, resultRelation: 0, hasAggs: false, hasWindowFuncs: false, hasTargetSRFs: false, hasSubLinks: false, hasDistinctOn: false, hasRecursive: false, hasModifyingCTE: false, hasForUpdate: false, hasRowSecurity: false, override: OVERRIDING_NOT_SET, limitOption: LIMIT_OPTION_COUNT, stmt_location: 0, stmt_len: 0, is_local: false, has_to_save_cmd_id: false, in_sub_plan: false, in_explain: false} = {
          rtable = List with 1 elements = {
            0 = RangeTblEntry {rtekind: RTE_RELATION, relname: 'orders', relid: 270675, relkind: 114 'r', rellockmode: 1, security_barrier: false, jointype: JOIN_INNER, joinmergedcols: 0, funcordinality: false, ctename: 0x0, ctelevelsup: 0, self_reference: false, enrname: 0x0, enrtuples: 0, param_new: -1, param_old: -1, mt_result: 0x0, defaultCols: 0x0, rows: 0, lateral: false, inh: false, inFromCl: true, requiredPerms: 2, checkAsUser: 0, selectedCols: (b 11 12 13 14 15 16 17 18 19), insertedCols: 0x0, updatedCols: 0x0, extraUpdatedCols: 0x0} = {
              alias = Alias aliasname: 'orders',
              eref = Alias aliasname: 'orders' = {
                colnames = List with 9 elements = {
                  0 = String[ 'o_orderkey' ],
                  1 = String[ 'o_custkey' ],
                  2 = String[ 'o_orderstatus' ],
                  3 = String[ 'o_totalprice' ],
                  4 = String[ 'o_orderdate' ],
                  5 = String[ 'o_orderpriority' ],
                  6 = String[ 'o_clerk' ],
                  7 = String[ 'o_shippriority' ],
                  8 = String[ 'o_comment' ]
                }
              }
            }
          },
          jointree = FromExpr  = {
            fromlist = List with 1 elements = {
              0 = RangeTblRef rtindex: 1
            },
            quals = Const {consttype: 16, consttypmod: -1, constcollid: 0, constlen: 1, constvalue: 1, constisnull: false, constbyval: true, location: -1}
          },
          targetList = List with 1 elements = {
            0 = TargetEntry {resno: 1, resname: 0x0, ressortgroupref: 0, resorigtbl: 0, resorigcol: 0, resjunk: false} = {
              expr = Var {varno: 1, varattno: 2, vartype: 23, vartypmod: -1, varcollid: 0, varlevelsup: 0, varnosyn: 0, varattnosyn: 2, location: 641}
            }
          }
        },
        base_tlist = List with 1 elements = {
          0 = TargetEntry {resno: 1, resname: 0x0, ressortgroupref: 0, resorigtbl: 0, resorigcol: 0, resjunk: false} = {
            expr = Var {varno: 3, varattno: 2, vartype: 23, vartypmod: -1, varcollid: 0, varlevelsup: 0, varnosyn: 3, varattnosyn: 2, location: 641}
          }
        },
        coord_var_tlist = List with 1 elements = {
          0 = TargetEntry {resno: 1, resname: 0x0, ressortgroupref: 0, resorigtbl: 0, resorigcol: 0, resjunk: false} = {
            expr = Var {varno: 3, varattno: 2, vartype: 23, vartypmod: -1, varcollid: 0, varlevelsup: 0, varnosyn: 3, varattnosyn: 2, location: 641}
          }
        },
        query_var_tlist = List with 1 elements = {
          0 = TargetEntry {resno: 1, resname: 0x0, ressortgroupref: 0, resorigtbl: 0, resorigcol: 0, resjunk: false} = {
            expr = Var {varno: 1, varattno: 2, vartype: 23, vartypmod: -1, varcollid: 0, varlevelsup: 0, varnosyn: 0, varattnosyn: 2, location: 641}
          }
        }
      },
      join.joinqual = List with 1 elements = {
        0 = OpExpr {opno: 96, opfuncid: 65, opresulttype: 16, opretset: false, opcollid: 0, inputcollid: 0, location: 651} = {
          args = List with 2 elements = {
            0 = Var {varno: 65000, varattno: 1, vartype: 23, vartypmod: -1, varcollid: 0, varlevelsup: 0, varnosyn: 3, varattnosyn: 2, location: 641},
            1 = Var {varno: 65001, varattno: 3, vartype: 23, vartypmod: -1, varcollid: 0, varlevelsup: 0, varnosyn: 2, varattnosyn: 1, location: 653}
          }
        }
      }
    }
  },
  plan.initPlan = List with 1 elements = {
    0 = SubPlan {subLinkType: EXPR_SUBLINK, plan_id: 1, plan_name: 'InitPlan 1 (returns $0)', firstColType: 1700, firstColTypmod: -1, firstColCollation: 0, useHashTable: false, unknownEqFalse: false, parallel_safe: false, startup_cost: 0, per_call_cost: 138.28999999999999} = {
      setParam = IntList with 1 elements = {0}
    }
  }
}
